02-27 14:26:42.352 I/libva   (  186): Trying to open /system/lib/i965_drv_video.so
02-27 14:26:42.352 I/libva   (  186): Found init function __vaDriverInit_0_32
02-27 14:26:42.352 I/libva   (  186): va_openDriver() returns 0
02-27 14:26:42.352 I/OMXCodec(  186): [OMX.Intel.hw_vd.h264] AVC profile = 66 (Baseline), level = 30
02-27 14:26:42.352 I/OMXCodec(  186): [OMX.Intel.hw_vd.h264] video dimensions are 320 x 240
02-27 14:26:42.352 I/OMXCodec(  186): [OMX.Intel.hw_vd.h264] Crop rect is 320 x 240 @ (0, 0)
02-27 14:26:42.372 I/MediaFocusControl(  505):  AudioFocus  abandonAudioFocus() from android.media.AudioManager@21eff0d8org.chromium.media.MediaPlayerListener@21fd0928
02-27 14:26:42.372 V/Avrcp   ( 1543): New genId = 174, clearing = 1
02-27 14:26:42.392 W/BindingManager(15131): Cannot call determinedVisibility() - never saw a connection for the pid: 15131
02-27 14:26:42.432 E/MediaResourceGetter(15131): File does not exist.
02-27 14:26:42.432 E/MediaResourceGetter(15131): Unable to configure metadata extractor
02-27 14:26:42.742 I/WifiHW  (  505): CMD: IFNAME=wlan0 SIGNAL_POLL
02-27 14:26:42.752 D/wpa_supplicant(  711): RX ctrl_iface - hexdump(len=11): 53 49 47 4e 41 4c 5f 50 4f 4c 4c
02-27 14:26:42.752 D/wpa_supplicant(  711): wlan0: Control interface command 'SIGNAL_POLL'
02-27 14:26:42.772 D/wpa_supplicant(  711): nl80211: survey data missing!
02-27 14:26:42.772 I/WifiHW  (  505): REPLY: RSSI=-56
02-27 14:26:42.772 I/WifiHW  (  505): REPLY: LINKSPEED=65
02-27 14:26:42.772 I/WifiHW  (  505): REPLY: NOISE=9999
02-27 14:26:42.772 I/WifiHW  (  505): REPLY: FREQUENCY=2437
02-27 14:26:42.992 E/MediaResourceGetter(15131): File does not exist.
02-27 14:26:42.992 E/MediaResourceGetter(15131): Unable to configure metadata extractor
02-27 14:26:43.002 E/chromium(15131): [ERROR:webmediaplayer_android.cc(449)] Not implemented reached in virtual void content::WebMediaPlayerAndroid::setRate(double)
02-27 14:26:43.002 I/MediaFocusControl(  505):  AudioFocus  requestAudioFocus() from android.media.AudioManager@21eff0d8org.chromium.media.MediaPlayerListener@21fe2380
02-27 14:26:43.012 V/Avrcp   ( 1543): New genId = 175, clearing = 1
02-27 14:26:43.042 E/wrs-omxil-core(  186): OMX_GetHandle(): exit failure, OMX.Intel.hw_vd.h264 not found
02-27 14:26:43.042 I/libva   (  186): VA-API version 0.34.0
02-27 14:26:43.042 I/libva   (  186): va_getDriverName() returns 0
02-27 14:26:43.042 I/libva   (  186): Trying to open /system/lib/i965_drv_video.so
02-27 14:26:43.042 I/libva   (  186): Found init function __vaDriverInit_0_32
02-27 14:26:43.042 I/libva   (  186): va_openDriver() returns 0
02-27 14:26:43.052 I/OMXCodec(  186): [OMX.Intel.hw_vd.h264] AVC profile = 66 (Baseline), level = 30
02-27 14:26:43.052 I/OMXCodec(  186): [OMX.Intel.hw_vd.h264] video dimensions are 320 x 240
02-27 14:26:43.052 I/OMXCodec(  186): [OMX.Intel.hw_vd.h264] Crop rect is 320 x 240 @ (0, 0)
02-27 14:26:43.052 D/AudioHardwareALSA(  186): setParameters
02-27 14:26:43.052 W/RouteManager(  186): doSetParameters: Unhandled argument.
02-27 14:26:43.052 I/SoftOMXPlugin(  186): Created OMXPlugin : OMX.Intel.aac.decoder
02-27 14:26:43.052 E/wrs-omxil-core(  186): OMX_GetHandle(): exit failure, OMX.Intel.hw_vd.h264 not found
02-27 14:26:43.052 I/libva   (  186): VA-API version 0.34.0
02-27 14:26:43.052 I/libva   (  186): va_getDriverName() returns 0
02-27 14:26:43.052 I/libva   (  186): Trying to open /system/lib/i965_drv_video.so
02-27 14:26:43.052 I/libva   (  186): Found init function __vaDriverInit_0_32
02-27 14:26:43.052 I/libva   (  186): va_openDriver() returns 0
02-27 14:26:43.052 I/OMXCodec(  186): [OMX.Intel.hw_vd.h264] AVC profile = 66 (Baseline), level = 30
02-27 14:26:43.052 I/OMXCodec(  186): [OMX.Intel.hw_vd.h264] video dimensions are 320 x 240
02-27 14:26:43.052 I/OMXCodec(  186): [OMX.Intel.hw_vd.h264] Crop rect is 320 x 240 @ (0, 0)
02-27 14:26:43.062 E/MediaPlayer(15131): Should have subtitle controller already set
02-27 14:26:43.062 D/MediaPlayer(15131): getMetadata
02-27 14:26:43.602 E/wrs-omxil-core(  186): OMX_GetHandle(): exit failure, OMX.Intel.hw_vd.h264 not found
02-27 14:26:43.602 I/libva   (  186): VA-API version 0.34.0
02-27 14:26:43.602 I/libva   (  186): va_getDriverName() returns 0
02-27 14:26:43.602 I/libva   (  186): Trying to open /system/lib/i965_drv_video.so
02-27 14:26:43.602 I/libva   (  186): Found init function __vaDriverInit_0_32
02-27 14:26:43.602 I/libva   (  186): va_openDriver() returns 0
02-27 14:26:43.602 I/OMXCodec(  186): [OMX.Intel.hw_vd.h264] AVC profile = 66 (Baseline), level = 30
02-27 14:26:43.602 I/OMXCodec(  186): [OMX.Intel.hw_vd.h264] video dimensions are 320 x 240
02-27 14:26:43.602 I/OMXCodec(  186): [OMX.Intel.hw_vd.h264] Crop rect is 320 x 240 @ (0, 0)
02-27 14:26:43.612 I/MediaFocusControl(  505):  AudioFocus  abandonAudioFocus() from android.media.AudioManager@21eff0d8org.chromium.media.MediaPlayerListener@21fe2380
02-27 14:26:43.612 V/Avrcp   ( 1543): New genId = 176, clearing = 1
02-27 14:26:43.622 W/BindingManager(15131): Cannot call determinedVisibility() - never saw a connection for the pid: 15131
02-27 14:26:43.662 E/MediaResourceGetter(15131): File does not exist.
02-27 14:26:43.662 E/MediaResourceGetter(15131): Unable to configure metadata extractor
02-27 14:26:43.672 E/chromium(15131): [ERROR:webmediaplayer_android.cc(449)] Not implemented reached in virtual void content::WebMediaPlayerAndroid::setRate(double)
02-27 14:26:43.672 I/MediaFocusControl(  505):  AudioFocus  requestAudioFocus() from android.media.AudioManager@21eff0d8org.chromium.media.MediaPlayerListener@21fe69d0
02-27 14:26:43.672 V/Avrcp   ( 1543): New genId = 177, clearing = 1
02-27 14:26:43.702 E/wrs-omxil-core(  186): OMX_GetHandle(): exit failure, OMX.Intel.hw_vd.h264 not found
02-27 14:26:43.702 I/libva   (  186): VA-API version 0.34.0
02-27 14:26:43.702 I/libva   (  186): va_getDriverName() returns 0
02-27 14:26:43.702 I/libva   (  186): Trying to open /system/lib/i965_drv_video.so
02-27 14:26:43.712 I/libva   (  186): Found init function __vaDriverInit_0_32
02-27 14:26:43.712 I/libva   (  186): va_openDriver() returns 0
02-27 14:26:43.712 I/OMXCodec(  186): [OMX.Intel.hw_vd.h264] AVC profile = 66 (Baseline), level = 30
02-27 14:26:43.712 I/OMXCodec(  186): [OMX.Intel.hw_vd.h264] video dimensions are 320 x 240
02-27 14:26:43.712 I/OMXCodec(  186): [OMX.Intel.hw_vd.h264] Crop rect is 320 x 240 @ (0, 0)
02-27 14:26:43.712 D/AudioHardwareALSA(  186): setParameters
02-27 14:26:43.712 W/RouteManager(  186): doSetParameters: Unhandled argument.
02-27 14:26:43.712 I/SoftOMXPlugin(  186): Created OMXPlugin : OMX.Intel.aac.decoder
02-27 14:26:43.712 E/wrs-omxil-core(  186): OMX_GetHandle(): exit failure, OMX.Intel.hw_vd.h264 not found
02-27 14:26:43.712 I/libva   (  186): VA-API version 0.34.0
02-27 14:26:43.712 I/libva   (  186): va_getDriverName() returns 0
02-27 14:26:43.712 I/libva   (  186): Trying to open /system/lib/i965_drv_video.so
02-27 14:26:43.712 I/libva   (  186): Found init function __vaDriverInit_0_32
02-27 14:26:43.712 I/libva   (  186): va_openDriver() returns 0
02-27 14:26:43.712 I/OMXCodec(  186): [OMX.Intel.hw_vd.h264] AVC profile = 66 (Baseline), level = 30
02-27 14:26:43.712 I/OMXCodec(  186): [OMX.Intel.hw_vd.h264] video dimensions are 320 x 240
02-27 14:26:43.712 I/OMXCodec(  186): [OMX.Intel.hw_vd.h264] Crop rect is 320 x 240 @ (0, 0)
02-27 14:26:43.722 E/MediaPlayer(15131): Should have subtitle controller already set
02-27 14:26:43.722 D/MediaPlayer(15131): getMetadata
02-27 14:26:44.262 D/PROPERTY(  186): get media.dump_output.befconv: 0
02-27 14:26:44.262 D/PROPERTY(  186): get media.dump_output.aftconv: 0
02-27 14:26:44.262 D/RouteManager(  186): stopStream: {+++ RECONSIDER ROUTING +++} due to output stream stop event
02-27 14:26:44.262 D/RouteManager(  186): reconsiderRouting
02-27 14:26:44.262 D/EVENT_THREAD(  186): void CEventThread::trig(uint16_t): in
02-27 14:26:44.262 D/EVENT_THREAD(  186): void CEventThread::trig(uint16_t): out
02-27 14:26:44.262 D/RouteManager(  186): doReconsiderRouting:       Platform State:
02-27 14:26:44.262 D/RouteManager(  186): doReconsiderRouting:          -Modem Alive = 0 
02-27 14:26:44.262 D/RouteManager(  186): doReconsiderRouting:          -Modem Call Active = 0 
02-27 14:26:44.262 D/RouteManager(  186): doReconsiderRouting:          -Is Shared I2S glitch free=1 
02-27 14:26:44.262 D/RouteManager(  186): doReconsiderRouting:          -Android Telephony Mode = Normal 
02-27 14:26:44.262 D/RouteManager(  186): doReconsiderRouting:          -RTE MGR HW Mode = Normal 
02-27 14:26:44.262 D/RouteManager(  186): doReconsiderRouting:          -BT Enabled = 1 
02-27 14:26:44.262 D/RouteManager(  186): doReconsiderRouting:          -BT NREC = 0 
02-27 14:26:44.262 D/RouteManager(  186): doReconsiderRouting:          -BT Band = NB 
02-27 14:26:44.262 D/RouteManager(  186): doReconsiderRouting:          -Platform output device = IHF 
02-27 14:26:44.262 D/RouteManager(  186): doReconsiderRouting:          -Platform input device = <none> 
02-27 14:26:44.262 D/RouteManager(  186): doReconsiderRouting:          -Platform input source = None 
02-27 14:26:44.262 D/RouteManager(  186): doReconsiderRouting:          -Platform Band type = NB 
02-27 14:26:44.262 D/RouteManager(  186): doReconsiderRouting:          -Platform Has Direct Stream = no 
02-27 14:26:44.262 D/RouteManager(  186): doReconsiderRouting:          -Platform TTY direction = <none> 
02-27 14:26:44.262 D/RouteManager(  186): doReconsiderRouting:          -Platform HAC Mode = Off 
02-27 14:26:44.262 D/RouteManager(  186): doReconsiderRouting:          -Platform Screen State = On 
02-27 14:26:44.262 D/RouteManager(  186): doReconsiderRouting:          -Platform Context Awareness = false 
02-27 14:26:44.262 D/RouteManager(  186): doReconsiderRouting:          -Platform Always Listening = false 
02-27 14:26:44.262 D/RouteManager(  186): doReconsiderRouting:          -Platform FM State = Off 
02-27 14:26:44.262 D/RouteManager(  186): doReconsiderRouting:          -Platform Bypass Non Linear PP State = Off 
02-27 14:26:44.262 D/RouteManager(  186): doReconsiderRouting:          -Platform Bypass Linear PP State = Off 
02-27 14:26:44.262 D/RouteManager(  186): doReconsiderRouting:          -Platform MicMute = Off 
02-27 14:26:44.262 D/RouteManager(  186): doReconsiderRouting:      Route state:
02-27 14:26:44.262 D/RouteManager(  186): doReconsiderRouting:          -Previously Enabled Route in Input = <none>
02-27 14:26:44.262 D/RouteManager(  186): doReconsiderRouting:          -Previously Enabled Route in Output = Media|HwCodecMedia
02-27 14:26:44.262 D/RouteManager(  186): doReconsiderRouting:          -Selected Route in Input = <none>
02-27 14:26:44.262 D/RouteManager(  186): doReconsiderRouting:          -Selected Route in Output = <none>
02-27 14:26:44.262 D/RouteManager(  186): doReconsiderRouting:          -Route that need reconfiguration in Input = <none>
02-27 14:26:44.262 D/RouteManager(  186): doReconsiderRouting:          -Route that need reconfiguration in Output = <none>
02-27 14:26:44.262 D/RouteManager(  186): executeMuteStage: --------------- Routing Stage = Mute ---------------
02-27 14:26:44.262 D/RouteManager(  186): parameter-framework: Selection criterion changed event: Criterion name: RoutageState, current state: Flow
02-27 14:26:44.262 D/RouteManager(  186): muteRoutes: Expected Routes to be muted in Output = Media|HwCodecMedia
02-27 14:26:44.262 D/RouteManager(  186): parameter-framework: Selection criterion changed event: Criterion name: ClosingPlaybackRoutes, current state: Media|HwCodecMedia
02-27 14:26:44.262 D/RouteManager(  186): parameter-framework: Selection criterion changed event: Criterion name: OpenedPlaybackRoutes, current state: <none>
02-27 14:26:44.262 D/RouteManager(  186): parameter-framework: Configuration application request {
02-27 14:26:44.262 D/RouteManager(  186): parameter-framework:     Applying configurations {
02-27 14:26:44.262 D/RouteManager(  186): parameter-framework:     } Applying configurations
02-27 14:26:44.262 D/RouteManager(  186): parameter-framework: } Configuration application request
02-27 14:26:44.262 D/RouteManager(  186): executeDisableStage: --------------- Routing Stage = Disable ---------------
02-27 14:26:44.262 D/RouteManager(  186): parameter-framework: Selection criterion changed event: Criterion name: RoutageState, current state: Path
02-27 14:26:44.262 D/RouteManager(  186): prepareDisableRoutes: Routes to be disabled(unrouted) in Output = Media|HwCodecMedia
02-27 14:26:44.262 D/ALSAStreamOps(  186): detachRouteL output stream
02-27 14:26:44.262 D/RouteManager/StreamRoute(  186): closePcmDevice called for card (baytrailaudio,0)
02-27 14:26:44.272 E/wrs-omxil-core(  186): OMX_GetHandle(): exit failure, OMX.Intel.hw_vd.h264 not found
02-27 14:26:44.272 I/libva   (  186): VA-API version 0.34.0
02-27 14:26:44.272 I/libva   (  186): va_getDriverName() returns 0
02-27 14:26:44.272 I/libva   (  186): Trying to open /system/lib/i965_drv_video.so
02-27 14:26:44.272 I/libva   (  186): Found init function __vaDriverInit_0_32
02-27 14:26:44.282 I/libva   (  186): va_openDriver() returns 0
02-27 14:26:44.282 I/OMXCodec(  186): [OMX.Intel.hw_vd.h264] AVC profile = 66 (Baseline), level = 30
02-27 14:26:44.282 I/OMXCodec(  186): [OMX.Intel.hw_vd.h264] video dimensions are 320 x 240
02-27 14:26:44.282 I/OMXCodec(  186): [OMX.Intel.hw_vd.h264] Crop rect is 320 x 240 @ (0, 0)
02-27 14:26:44.282 I/MediaFocusControl(  505):  AudioFocus  abandonAudioFocus() from android.media.AudioManager@21eff0d8org.chromium.media.MediaPlayerListener@21fe69d0
02-27 14:26:44.282 D/RouteManager(  186): parameter-framework: Configuration application request {
02-27 14:26:44.282 D/RouteManager(  186): parameter-framework:     Applying configurations {
02-27 14:26:44.282 D/RouteManager(  186): parameter-framework:         Applying configuration "Disable" from domain "Routing.Enable.HWCodec.Playback.IHF"
02-27 14:26:44.282 D/RouteManager(  186): parameter-framework:         Applying configuration "Disable" from domain "Routing.Enable.HWCodec.Playback.Multimedia.IHF"
02-27 14:26:44.282 D/RouteManager(  186): parameter-framework:         Applying configuration "Disable" from domain "Routing.Enable.HWCodec.Playback.Multimedia.Playback"
02-27 14:26:44.282 V/Avrcp   ( 1543): New genId = 178, clearing = 1
02-27 14:26:44.292 D/RouteManager(  186): parameter-framework:     } Applying configurations
02-27 14:26:44.292 D/RouteManager(  186): parameter-framework: } Configuration application request
02-27 14:26:44.292 D/RouteManager(  186): executeConfigureStage: --------------- Routing Stage = Configure ---------------
02-27 14:26:44.292 D/RouteManager(  186): parameter-framework: Selection criterion changed event: Criterion name: RoutageState, current state: Configure
02-27 14:26:44.292 D/RouteManager(  186): parameter-framework: Selection criterion changed event: Criterion name: ClosingPlaybackRoutes, current state: <none>
02-27 14:26:44.292 D/RouteManager(  186): parameter-framework: Configuration application request {
02-27 14:26:44.292 D/RouteManager(  186): parameter-framework:     Applying configurations {
02-27 14:26:44.292 D/RouteManager(  186): parameter-framework:         Applying configuration "Deactivated" from domain "Routing.Configure.LPE_Mixer.IHF"
02-27 14:26:44.292 D/RouteManager(  186): parameter-framework:     } Applying configurations
02-27 14:26:44.292 D/RouteManager(  186): parameter-framework: } Configuration application request
02-27 14:26:44.292 D/RouteManager(  186): executeEnableStage: --------------- Routing Stage = Enable ---------------
02-27 14:26:44.292 D/RouteManager(  186): parameter-framework: Selection criterion changed event: Criterion name: RoutageState, current state: Path|Configure
02-27 14:26:44.292 D/RouteManager(  186): parameter-framework: Configuration application request {
02-27 14:26:44.292 D/RouteManager(  186): parameter-framework:     Applying configurations {
02-27 14:26:44.292 D/RouteManager(  186): parameter-framework:     } Applying configurations
02-27 14:26:44.292 D/RouteManager(  186): parameter-framework: } Configuration application request
02-27 14:26:44.292 D/RouteManager(  186): executeUnmuteStage: --------------- Routing Stage = Unmute ---------------
02-27 14:26:44.292 D/RouteManager(  186): parameter-framework: Selection criterion changed event: Criterion name: RoutageState, current state: Flow|Path|Configure
02-27 14:26:44.292 D/RouteManager(  186): parameter-framework: Configuration application request {
02-27 14:26:44.292 D/RouteManager(  186): parameter-framework:     Applying configurations {
02-27 14:26:44.292 D/RouteManager(  186): parameter-framework:     } Applying configurations
02-27 14:26:44.292 D/RouteManager(  186): parameter-framework: } Configuration application request
02-27 14:26:44.292 D/EVENT_THREAD(  186): void CEventThread::run() Do poll with timeout: -1
02-27 14:26:44.292 D/RouteManager(  186): reconsiderRouting: DONE
02-27 14:26:44.302 W/BindingManager(15131): Cannot call determinedVisibility() - never saw a connection for the pid: 15131
02-27 14:26:44.782 D/BatteryStatsImpl(  505): noteStopWakeLocked system isFromForeground = false
02-27 14:26:45.022 E/MediaResourceGetter(15131): File does not exist.
02-27 14:26:45.022 E/MediaResourceGetter(15131): Unable to configure metadata extractor
02-27 14:26:45.032 E/chromium(15131): [ERROR:webmediaplayer_android.cc(449)] Not implemented reached in virtual void content::WebMediaPlayerAndroid::setRate(double)
02-27 14:26:45.042 I/MediaFocusControl(  505):  AudioFocus  requestAudioFocus() from android.media.AudioManager@21eff0d8org.chromium.media.MediaPlayerListener@21ff7960
02-27 14:26:45.042 V/Avrcp   ( 1543): New genId = 179, clearing = 1
02-27 14:26:45.072 E/wrs-omxil-core(  186): OMX_GetHandle(): exit failure, OMX.Intel.hw_vd.h264 not found
02-27 14:26:45.072 I/libva   (  186): VA-API version 0.34.0
02-27 14:26:45.072 I/libva   (  186): va_getDriverName() returns 0
02-27 14:26:45.072 I/libva   (  186): Trying to open /system/lib/i965_drv_video.so
02-27 14:26:45.082 I/libva   (  186): Found init function __vaDriverInit_0_32
02-27 14:26:45.082 I/libva   (  186): va_openDriver() returns 0
02-27 14:26:45.082 I/OMXCodec(  186): [OMX.Intel.hw_vd.h264] AVC profile = 66 (Baseline), level = 30
02-27 14:26:45.082 I/OMXCodec(  186): [OMX.Intel.hw_vd.h264] video dimensions are 320 x 240
02-27 14:26:45.082 I/OMXCodec(  186): [OMX.Intel.hw_vd.h264] Crop rect is 320 x 240 @ (0, 0)
02-27 14:26:45.082 D/AudioHardwareALSA(  186): setParameters
02-27 14:26:45.082 W/RouteManager(  186): doSetParameters: Unhandled argument.
02-27 14:26:45.082 I/SoftOMXPlugin(  186): Created OMXPlugin : OMX.Intel.aac.decoder
02-27 14:26:45.082 E/wrs-omxil-core(  186): OMX_GetHandle(): exit failure, OMX.Intel.hw_vd.h264 not found
02-27 14:26:45.082 I/libva   (  186): VA-API version 0.34.0
02-27 14:26:45.082 I/libva   (  186): va_getDriverName() returns 0
02-27 14:26:45.082 I/libva   (  186): Trying to open /system/lib/i965_drv_video.so
02-27 14:26:45.082 I/libva   (  186): Found init function __vaDriverInit_0_32
02-27 14:26:45.082 I/libva   (  186): va_openDriver() returns 0
02-27 14:26:45.082 I/OMXCodec(  186): [OMX.Intel.hw_vd.h264] AVC profile = 66 (Baseline), level = 30
02-27 14:26:45.082 I/OMXCodec(  186): [OMX.Intel.hw_vd.h264] video dimensions are 320 x 240
02-27 14:26:45.082 I/OMXCodec(  186): [OMX.Intel.hw_vd.h264] Crop rect is 320 x 240 @ (0, 0)
02-27 14:26:45.092 E/MediaPlayer(15131): Should have subtitle controller already set
02-27 14:26:45.092 D/MediaPlayer(15131): getMetadata
02-27 14:26:45.612 E/wrs-omxil-core(  186): OMX_GetHandle(): exit failure, OMX.Intel.hw_vd.h264 not found
02-27 14:26:45.612 I/libva   (  186): VA-API version 0.34.0
02-27 14:26:45.612 I/libva   (  186): va_getDriverName() returns 0
02-27 14:26:45.612 I/libva   (  186): Trying to open /system/lib/i965_drv_video.so
02-27 14:26:45.612 I/libva   (  186): Found init function __vaDriverInit_0_32
02-27 14:26:45.612 I/libva   (  186): va_openDriver() returns 0
02-27 14:26:45.622 I/OMXCodec(  186): [OMX.Intel.hw_vd.h264] AVC profile = 66 (Baseline), level = 30
02-27 14:26:45.622 I/OMXCodec(  186): [OMX.Intel.hw_vd.h264] video dimensions are 320 x 240
02-27 14:26:45.622 I/OMXCodec(  186): [OMX.Intel.hw_vd.h264] Crop rect is 320 x 240 @ (0, 0)
02-27 14:26:45.632 I/MediaFocusControl(  505):  AudioFocus  abandonAudioFocus() from android.media.AudioManager@21eff0d8org.chromium.media.MediaPlayerListener@21ff7960
02-27 14:26:45.632 V/Avrcp   ( 1543): New genId = 180, clearing = 1
02-27 14:26:45.642 W/BindingManager(15131): Cannot call determinedVisibility() - never saw a connection for the pid: 15131
02-27 14:26:45.772 I/WifiHW  (  505): CMD: IFNAME=wlan0 SIGNAL_POLL
02-27 14:26:45.772 D/wpa_supplicant(  711): RX ctrl_iface - hexdump(len=11): 53 49 47 4e 41 4c 5f 50 4f 4c 4c
02-27 14:26:45.772 D/wpa_supplicant(  711): wlan0: Control interface command 'SIGNAL_POLL'
02-27 14:26:45.802 D/wpa_supplicant(  711): nl80211: survey data missing!
02-27 14:26:45.802 I/WifiHW  (  505): REPLY: RSSI=-56
02-27 14:26:45.802 I/WifiHW  (  505): REPLY: LINKSPEED=65
02-27 14:26:45.802 I/WifiHW  (  505): REPLY: NOISE=9999
02-27 14:26:45.802 I/WifiHW  (  505): REPLY: FREQUENCY=2437
02-27 14:26:46.092 E/MediaResourceGetter(15131): File does not exist.
02-27 14:26:46.092 E/MediaResourceGetter(15131): Unable to configure metadata extractor
02-27 14:26:46.092 E/chromium(15131): [ERROR:webmediaplayer_android.cc(449)] Not implemented reached in virtual void content::WebMediaPlayerAndroid::setRate(double)
02-27 14:26:46.092 I/MediaFocusControl(  505):  AudioFocus  requestAudioFocus() from android.media.AudioManager@21eff0d8org.chromium.media.MediaPlayerListener@220053d0
02-27 14:26:46.092 V/Avrcp   ( 1543): New genId = 181, clearing = 1
02-27 14:26:46.122 E/wrs-omxil-core(  186): OMX_GetHandle(): exit failure, OMX.Intel.hw_vd.h264 not found
02-27 14:26:46.122 I/libva   (  186): VA-API version 0.34.0
02-27 14:26:46.122 I/libva   (  186): va_getDriverName() returns 0
02-27 14:26:46.132 I/libva   (  186): Trying to open /system/lib/i965_drv_video.so
02-27 14:26:46.132 I/libva   (  186): Found init function __vaDriverInit_0_32
02-27 14:26:46.132 I/libva   (  186): va_openDriver() returns 0
02-27 14:26:46.132 I/OMXCodec(  186): [OMX.Intel.hw_vd.h264] AVC profile = 66 (Baseline), level = 30
02-27 14:26:46.132 I/OMXCodec(  186): [OMX.Intel.hw_vd.h264] video dimensions are 320 x 240
02-27 14:26:46.132 I/OMXCodec(  186): [OMX.Intel.hw_vd.h264] Crop rect is 320 x 240 @ (0, 0)
02-27 14:26:46.132 D/AudioHardwareALSA(  186): setParameters
02-27 14:26:46.132 W/RouteManager(  186): doSetParameters: Unhandled argument.
02-27 14:26:46.132 I/SoftOMXPlugin(  186): Created OMXPlugin : OMX.Intel.aac.decoder
02-27 14:26:46.132 E/wrs-omxil-core(  186): OMX_GetHandle(): exit failure, OMX.Intel.hw_vd.h264 not found
02-27 14:26:46.132 I/libva   (  186): VA-API version 0.34.0
02-27 14:26:46.132 I/libva   (  186): va_getDriverName() returns 0
02-27 14:26:46.132 I/libva   (  186): Trying to open /system/lib/i965_drv_video.so
02-27 14:26:46.132 I/libva   (  186): Found init function __vaDriverInit_0_32
02-27 14:26:46.132 I/libva   (  186): va_openDriver() returns 0
02-27 14:26:46.132 I/OMXCodec(  186): [OMX.Intel.hw_vd.h264] AVC profile = 66 (Baseline), level = 30
02-27 14:26:46.132 I/OMXCodec(  186): [OMX.Intel.hw_vd.h264] video dimensions are 320 x 240
02-27 14:26:46.132 I/OMXCodec(  186): [OMX.Intel.hw_vd.h264] Crop rect is 320 x 240 @ (0, 0)
02-27 14:26:46.142 E/MediaPlayer(15131): Should have subtitle controller already set
02-27 14:26:46.142 D/MediaPlayer(15131): getMetadata
02-27 14:26:46.682 E/wrs-omxil-core(  186): OMX_GetHandle(): exit failure, OMX.Intel.hw_vd.h264 not found
02-27 14:26:46.682 I/libva   (  186): VA-API version 0.34.0
02-27 14:26:46.682 I/libva   (  186): va_getDriverName() returns 0
02-27 14:26:46.682 I/libva   (  186): Trying to open /system/lib/i965_drv_video.so
02-27 14:26:46.682 I/libva   (  186): Found init function __vaDriverInit_0_32
02-27 14:26:46.682 I/libva   (  186): va_openDriver() returns 0
02-27 14:26:46.682 I/OMXCodec(  186): [OMX.Intel.hw_vd.h264] AVC profile = 66 (Baseline), level = 30
02-27 14:26:46.682 I/OMXCodec(  186): [OMX.Intel.hw_vd.h264] video dimensions are 320 x 240
02-27 14:26:46.682 I/OMXCodec(  186): [OMX.Intel.hw_vd.h264] Crop rect is 320 x 240 @ (0, 0)
02-27 14:26:46.692 I/MediaFocusControl(  505):  AudioFocus  abandonAudioFocus() from android.media.AudioManager@21eff0d8org.chromium.media.MediaPlayerListener@220053d0
02-27 14:26:46.692 V/Avrcp   ( 1543): New genId = 182, clearing = 1
02-27 14:26:46.702 W/BindingManager(15131): Cannot call determinedVisibility() - never saw a connection for the pid: 15131
02-27 14:26:46.762 E/MediaResourceGetter(15131): File does not exist.
02-27 14:26:46.762 E/MediaResourceGetter(15131): Unable to configure metadata extractor
02-27 14:26:46.762 E/chromium(15131): [ERROR:webmediaplayer_android.cc(449)] Not implemented reached in virtual void content::WebMediaPlayerAndroid::setRate(double)
02-27 14:26:46.772 I/MediaFocusControl(  505):  AudioFocus  requestAudioFocus() from android.media.AudioManager@21eff0d8org.chromium.media.MediaPlayerListener@22009988
02-27 14:26:46.772 V/Avrcp   ( 1543): New genId = 183, clearing = 1
02-27 14:26:46.772 E/wrs-omxil-core(  186): OMX_GetHandle(): exit failure, OMX.Intel.hw_vd.h264 not found
02-27 14:26:46.772 I/libva   (  186): VA-API version 0.34.0
02-27 14:26:46.772 I/libva   (  186): va_getDriverName() returns 0
02-27 14:26:46.772 I/libva   (  186): Trying to open /system/lib/i965_drv_video.so
02-27 14:26:46.782 I/libva   (  186): Found init function __vaDriverInit_0_32
02-27 14:26:46.782 I/libva   (  186): va_openDriver() returns 0
02-27 14:26:46.782 I/OMXCodec(  186): [OMX.Intel.hw_vd.h264] AVC profile = 66 (Baseline), level = 30
02-27 14:26:46.782 I/OMXCodec(  186): [OMX.Intel.hw_vd.h264] video dimensions are 320 x 240
02-27 14:26:46.782 I/OMXCodec(  186): [OMX.Intel.hw_vd.h264] Crop rect is 320 x 240 @ (0, 0)
02-27 14:26:46.782 D/AudioHardwareALSA(  186): setParameters
02-27 14:26:46.782 W/RouteManager(  186): doSetParameters: Unhandled argument.
02-27 14:26:46.782 I/SoftOMXPlugin(  186): Created OMXPlugin : OMX.Intel.aac.decoder
02-27 14:26:46.782 E/wrs-omxil-core(  186): OMX_GetHandle(): exit failure, OMX.Intel.hw_vd.h264 not found
02-27 14:26:46.782 I/libva   (  186): VA-API version 0.34.0
02-27 14:26:46.782 I/libva   (  186): va_getDriverName() returns 0
02-27 14:26:46.782 I/libva   (  186): Trying to open /system/lib/i965_drv_video.so
02-27 14:26:46.782 I/libva   (  186): Found init function __vaDriverInit_0_32
02-27 14:26:46.782 I/libva   (  186): va_openDriver() returns 0
02-27 14:26:46.792 I/OMXCodec(  186): [OMX.Intel.hw_vd.h264] AVC profile = 66 (Baseline), level = 30
02-27 14:26:46.792 I/OMXCodec(  186): [OMX.Intel.hw_vd.h264] video dimensions are 320 x 240
02-27 14:26:46.792 I/OMXCodec(  186): [OMX.Intel.hw_vd.h264] Crop rect is 320 x 240 @ (0, 0)
02-27 14:26:46.802 E/MediaPlayer(15131): Should have subtitle controller already set
02-27 14:26:46.802 D/MediaPlayer(15131): getMetadata
02-27 14:26:46.812 I/OMXCodec(  186): [OMX.Intel.hw_vd.h264] video dimensions are 320 x 256
02-27 14:26:46.812 I/OMXCodec(  186): [OMX.Intel.hw_vd.h264] Crop rect is 320 x 240 @ (0, 0)
02-27 14:26:46.852 D/MOS     (  186): mm:Mos_InitInterface_Linux called
02-27 14:26:46.852 I/MOS     (  186): Init Gmm Cache Policy
02-27 14:26:46.852 D/MOS     (  186): Cache Policy is enabled for media driver on other 
02-27 14:26:46.852 D/MOS     (  186): Cache Policy is enabled for media driver on other 
02-27 14:26:46.852 D/MOS     (  186): Cache Policy is enabled for media driver on other 
02-27 14:26:46.852 D/MOS     (  186): Cache Policy is enabled for media driver on other 
02-27 14:26:46.852 D/MOS     (  186): Cache Policy is enabled for media driver on other 
02-27 14:26:46.852 D/MOS     (  186): Cache Policy is enabled for media driver on other 
02-27 14:26:46.852 D/MOS     (  186): Cache Policy is enabled for media driver on other 
02-27 14:26:46.852 D/MOS     (  186): Cache Policy is enabled for media driver on other 
02-27 14:26:46.852 D/MOS     (  186): Cache Policy is enabled for media driver on other 
02-27 14:26:46.852 D/MOS     (  186): Cache Policy is enabled for media driver on other 
02-27 14:26:46.852 D/MOS     (  186): Cache Policy is enabled for media driver on other 
02-27 14:26:46.852 D/MOS     (  186): Cache Policy is enabled for media driver on other 
02-27 14:26:46.852 D/MOS     (  186): Cache Policy is enabled for media driver on other 
02-27 14:26:46.852 D/MOS     (  186): Cache Policy is enabled for media driver on other 
02-27 14:26:46.852 D/MOS     (  186): Cache Policy is enabled for media driver on other 
02-27 14:26:46.852 D/MOS     (  186): Cache Policy is enabled for media driver on other 
02-27 14:26:46.852 D/MOS     (  186): Cache Policy is enabled for media driver on other 
02-27 14:26:46.852 D/MOS     (  186): Cache Policy is enabled for media driver on other 
02-27 14:26:46.852 D/MOS     (  186): Cache Policy is enabled for media driver on other 
02-27 14:26:46.852 D/MOS     (  186): Cache Policy is enabled for media driver on other 
02-27 14:26:46.852 D/MOS     (  186): Cache Policy is enabled for media driver on other 
02-27 14:26:46.852 D/MOS     (  186): Cache Policy is enabled for media driver on other 
02-27 14:26:46.852 D/MOS     (  186): Cache Policy is enabled for media driver on other 
02-27 14:26:46.852 D/MOS     (  186): Cache Policy is enabled for media driver on other 
02-27 14:26:46.872 I/AudioPolicyManagerBase(  186): APM: getOutput
02-27 14:26:46.872 I/AudioPolicyManagerBase(  186): APM: getOutput
02-27 14:26:46.872 I/AudioPolicyManagerBase(  186): APM: getOutput
02-27 14:26:46.872 I/AudioPolicyManagerBase(  186): APM: getOutput
02-27 14:26:46.872 D/AudioPolicyManagerALSA(  186): startOutput() output 2, stream type 3, session 320
02-27 14:26:46.872 D/AudioHardwareALSA(  186): setStreamParameters: key value pair routing=2;stream_flags=2
02-27 14:26:46.872 D/RouteManager(  186): setOutputFlags: output flags = 0x2 (Prev Flags=0x2)
02-27 14:26:46.872 D/RouteManager(  186): setDevices: 0x2
02-27 14:26:46.872 D/RouteManager(  186): setDevices: 0x2
02-27 14:26:46.872 D/RouteManager(  186): setDevices: set device = IHF to output stream
02-27 14:26:46.872 D/RouteManager(  186): setStreamParameters: identical Platform State, do not reconsider routing
02-27 14:26:46.882 W/MediaPlayer(15131): info/warning (3, 0)
02-27 14:26:46.882 D/        (15131): droid_create_image_android_native_buffer HAL_PIXEL_FORMAT_NV12_TILED_INTEL for native name=56
02-27 14:26:46.892 D/AudioResamplerIA(  186): Create AudioResamplerIA Resampler: Input rate 22050, output rate 48000
02-27 14:26:46.892 D/PROPERTY(  186): get media.dump_output.befconv: 0
02-27 14:26:46.892 D/PROPERTY(  186): get media.dump_output.aftconv: 0
02-27 14:26:46.892 D/RouteManager(  186): startStream: {+++ RECONSIDER ROUTING +++} due to output stream start event
02-27 14:26:46.892 D/RouteManager(  186): reconsiderRouting
02-27 14:26:46.892 D/EVENT_THREAD(  186): void CEventThread::trig(uint16_t): in
02-27 14:26:46.892 D/EVENT_THREAD(  186): void CEventThread::trig(uint16_t): out
02-27 14:26:46.892 D/RouteManager(  186): doReconsiderRouting:       Platform State:
02-27 14:26:46.892 D/RouteManager(  186): doReconsiderRouting:          -Modem Alive = 0 
02-27 14:26:46.892 D/RouteManager(  186): doReconsiderRouting:          -Modem Call Active = 0 
02-27 14:26:46.892 D/RouteManager(  186): doReconsiderRouting:          -Is Shared I2S glitch free=1 
02-27 14:26:46.892 D/RouteManager(  186): doReconsiderRouting:          -Android Telephony Mode = Normal 
02-27 14:26:46.892 D/RouteManager(  186): doReconsiderRouting:          -RTE MGR HW Mode = Normal 
02-27 14:26:46.892 D/RouteManager(  186): doReconsiderRouting:          -BT Enabled = 1 
02-27 14:26:46.892 D/RouteManager(  186): doReconsiderRouting:          -BT NREC = 0 
02-27 14:26:46.892 D/RouteManager(  186): doReconsiderRouting:          -BT Band = NB 
02-27 14:26:46.892 D/RouteManager(  186): doReconsiderRouting:          -Platform output device = IHF 
02-27 14:26:46.892 D/RouteManager(  186): doReconsiderRouting:          -Platform input device = <none> 
02-27 14:26:46.892 D/RouteManager(  186): doReconsiderRouting:          -Platform input source = None 
02-27 14:26:46.892 D/RouteManager(  186): doReconsiderRouting:          -Platform Band type = NB 
02-27 14:26:46.892 D/RouteManager(  186): doReconsiderRouting:          -Platform Has Direct Stream = no 
02-27 14:26:46.892 D/RouteManager(  186): doReconsiderRouting:          -Platform TTY direction = <none> 
02-27 14:26:46.892 D/RouteManager(  186): doReconsiderRouting:          -Platform HAC Mode = Off 
02-27 14:26:46.892 D/RouteManager(  186): doReconsiderRouting:          -Platform Screen State = On 
02-27 14:26:46.892 D/RouteManager(  186): doReconsiderRouting:          -Platform Context Awareness = false 
02-27 14:26:46.892 D/RouteManager(  186): doReconsiderRouting:          -Platform Always Listening = false 
02-27 14:26:46.892 D/RouteManager(  186): doReconsiderRouting:          -Platform FM State = Off 
02-27 14:26:46.892 D/RouteManager(  186): doReconsiderRouting:          -Platform Bypass Non Linear PP State = Off 
02-27 14:26:46.892 D/RouteManager(  186): doReconsiderRouting:          -Platform Bypass Linear PP State = Off 
02-27 14:26:46.892 D/RouteManager(  186): doReconsiderRouting:          -Platform MicMute = Off 
02-27 14:26:46.892 D/RouteManager(  186): doReconsiderRouting:      Route state:
02-27 14:26:46.892 D/RouteManager(  186): doReconsiderRouting:          -Previously Enabled Route in Input = <none>
02-27 14:26:46.892 D/RouteManager(  186): doReconsiderRouting:          -Previously Enabled Route in Output = <none>
02-27 14:26:46.892 D/RouteManager(  186): doReconsiderRouting:          -Selected Route in Input = <none>
02-27 14:26:46.892 D/RouteManager(  186): doReconsiderRouting:          -Selected Route in Output = Media|HwCodecMedia
02-27 14:26:46.892 D/RouteManager(  186): doReconsiderRouting:          -Route that need reconfiguration in Input = <none>
02-27 14:26:46.892 D/RouteManager(  186): doReconsiderRouting:          -Route that need reconfiguration in Output = <none>
02-27 14:26:46.892 D/RouteManager(  186): executeMuteStage: --------------- Routing Stage = Mute ---------------
02-27 14:26:46.892 D/RouteManager(  186): parameter-framework: Selection criterion changed event: Criterion name: RoutageState, current state: Flow
02-27 14:26:46.892 D/RouteManager(  186): parameter-framework: Configuration application request {
02-27 14:26:46.892 D/RouteManager(  186): parameter-framework:     Applying configurations {
02-27 14:26:46.892 D/RouteManager(  186): parameter-framework:     } Applying configurations
02-27 14:26:46.892 D/RouteManager(  186): parameter-framework: } Configuration application request
02-27 14:26:46.892 D/RouteManager(  186): executeDisableStage: --------------- Routing Stage = Disable ---------------
02-27 14:26:46.892 D/RouteManager(  186): parameter-framework: Selection criterion changed event: Criterion name: RoutageState, current state: Path
02-27 14:26:46.892 D/RouteManager(  186): parameter-framework: Configuration application request {
02-27 14:26:46.892 D/RouteManager(  186): parameter-framework:     Applying configurations {
02-27 14:26:46.892 D/RouteManager(  186): parameter-framework:     } Applying configurations
02-27 14:26:46.892 D/RouteManager(  186): parameter-framework: } Configuration application request
02-27 14:26:46.892 D/RouteManager(  186): executeConfigureStage: --------------- Routing Stage = Configure ---------------
02-27 14:26:46.892 D/RouteManager(  186): parameter-framework: Selection criterion changed event: Criterion name: RoutageState, current state: Configure
02-27 14:26:46.892 D/RouteManager(  186): parameter-framework: Selection criterion changed event: Criterion name: OpenedPlaybackRoutes, current state: Media|HwCodecMedia
02-27 14:26:46.892 D/RouteManager(  186): parameter-framework: Configuration application request {
02-27 14:26:46.892 D/RouteManager(  186): parameter-framework:     Applying configurations {
02-27 14:26:46.892 D/RouteManager(  186): parameter-framework:         Applying configuration "Activated" from domain "Routing.Configure.LPE_Mixer.IHF"
02-27 14:26:46.922 D/RouteManager(  186): parameter-framework:     } Applying configurations
02-27 14:26:46.922 D/RouteManager(  186): parameter-framework: } Configuration application request
02-27 14:26:46.922 D/RouteManager(  186): executeEnableStage: --------------- Routing Stage = Enable ---------------
02-27 14:26:46.922 D/RouteManager(  186): parameter-framework: Selection criterion changed event: Criterion name: RoutageState, current state: Path|Configure
02-27 14:26:46.922 D/RouteManager(  186): doEnableRoutes: Routes to be enabled(routed) in Output = Media|HwCodecMedia
02-27 14:26:46.922 D/RouteManager(  186): parameter-framework: Configuration application request {
02-27 14:26:46.922 D/RouteManager(  186): parameter-framework:     Applying configurations {
02-27 14:26:46.922 D/RouteManager(  186): parameter-framework:         Applying configuration "Enable" from domain "Routing.Enable.HWCodec.Playback.IHF"
02-27 14:26:46.922 D/RouteManager(  186): parameter-framework:         Applying configuration "Enable" from domain "Routing.Enable.HWCodec.Playback.Multimedia.IHF"
02-27 14:26:46.922 D/RouteManager(  186): parameter-framework:         Applying configuration "Enable" from domain "Routing.Enable.HWCodec.Playback.Multimedia.Playback"
02-27 14:26:46.932 D/RouteManager(  186): parameter-framework:     } Applying configurations
02-27 14:26:46.932 D/RouteManager(  186): parameter-framework: } Configuration application request
02-27 14:26:46.932 D/RouteManager(  186): doEnableRoutes: Routes to be enabled(routed) in Output = Media|HwCodecMedia
02-27 14:26:46.932 D/RouteManager/StreamRoute(  186): openPcmDevice called for card (baytrailaudio,0)
02-27 14:26:46.932 D/RouteManager/StreamRoute(  186): openPcmDevice		 config=rate(48000), format(0), channels(2))
02-27 14:26:46.932 D/RouteManager/StreamRoute(  186): openPcmDevice		 period_size=1152, period_count=4
02-27 14:26:46.932 D/RouteManager/StreamRoute(  186): openPcmDevice		 startTh=4607, stop Th=4608 silence Th=0
02-27 14:26:47.022 D/ALSAStreamOps(  186): attachRouteL output stream
02-27 14:26:47.022 D/AudioConversion(  186): configure: no convertion required
02-27 14:26:47.022 D/RouteManager(  186): executeUnmuteStage: --------------- Routing Stage = Unmute ---------------
02-27 14:26:47.022 D/RouteManager(  186): parameter-framework: Selection criterion changed event: Criterion name: RoutageState, current state: Flow|Path|Configure
02-27 14:26:47.022 D/RouteManager(  186): parameter-framework: Configuration application request {
02-27 14:26:47.022 D/RouteManager(  186): parameter-framework:     Applying configurations {
02-27 14:26:47.022 D/RouteManager(  186): parameter-framework:     } Applying configurations
02-27 14:26:47.022 D/RouteManager(  186): parameter-framework: } Configuration application request
02-27 14:26:47.022 D/RouteManager(  186): reconsiderRouting: DONE
02-27 14:26:47.022 D/EVENT_THREAD(  186): void CEventThread::run() Do poll with timeout: -1
02-27 14:26:47.122 D/        (15131): droid_create_image_android_native_buffer HAL_PIXEL_FORMAT_NV12_TILED_INTEL for native name=57
02-27 14:26:47.152 D/        (15131): droid_create_image_android_native_buffer HAL_PIXEL_FORMAT_NV12_TILED_INTEL for native name=58
02-27 14:26:47.212 D/        (15131): droid_create_image_android_native_buffer HAL_PIXEL_FORMAT_NV12_TILED_INTEL for native name=59
02-27 14:26:47.242 D/        (15131): droid_create_image_android_native_buffer HAL_PIXEL_FORMAT_NV12_TILED_INTEL for native name=60
02-27 14:26:47.302 D/        (15131): droid_create_image_android_native_buffer HAL_PIXEL_FORMAT_NV12_TILED_INTEL for native name=62
02-27 14:26:47.322 D/        (15131): droid_create_image_android_native_buffer HAL_PIXEL_FORMAT_NV12_TILED_INTEL for native name=63
02-27 14:26:47.372 D/        (15131): droid_create_image_android_native_buffer HAL_PIXEL_FORMAT_NV12_TILED_INTEL for native name=64
02-27 14:26:47.422 D/        (15131): droid_create_image_android_native_buffer HAL_PIXEL_FORMAT_NV12_TILED_INTEL for native name=65
02-27 14:26:47.472 D/        (15131): droid_create_image_android_native_buffer HAL_PIXEL_FORMAT_NV12_TILED_INTEL for native name=67
02-27 14:26:47.512 D/        (15131): droid_create_image_android_native_buffer HAL_PIXEL_FORMAT_NV12_TILED_INTEL for native name=68
02-27 14:26:47.552 D/        (15131): droid_create_image_android_native_buffer HAL_PIXEL_FORMAT_NV12_TILED_INTEL for native name=69
02-27 14:26:47.612 D/        (15131): droid_create_image_android_native_buffer HAL_PIXEL_FORMAT_NV12_TILED_INTEL for native name=70
02-27 14:26:47.632 D/        (15131): droid_create_image_android_native_buffer HAL_PIXEL_FORMAT_NV12_TILED_INTEL for native name=71
02-27 14:26:47.692 D/        (15131): droid_create_image_android_native_buffer HAL_PIXEL_FORMAT_NV12_TILED_INTEL for native name=72
02-27 14:26:47.712 D/        (15131): droid_create_image_android_native_buffer HAL_PIXEL_FORMAT_NV12_TILED_INTEL for native name=73
02-27 14:26:47.752 D/        (15131): droid_create_image_android_native_buffer HAL_PIXEL_FORMAT_NV12_TILED_INTEL for native name=74
02-27 14:26:47.782 D/        (15131): droid_create_image_android_native_buffer HAL_PIXEL_FORMAT_NV12_TILED_INTEL for native name=75
02-27 14:26:47.842 D/        (15131): droid_create_image_android_native_buffer HAL_PIXEL_FORMAT_NV12_TILED_INTEL for native name=76
02-27 14:26:47.862 D/        (15131): droid_create_image_android_native_buffer HAL_PIXEL_FORMAT_NV12_TILED_INTEL for native name=77
02-27 14:26:47.922 D/        (15131): droid_create_image_android_native_buffer HAL_PIXEL_FORMAT_NV12_TILED_INTEL for native name=78
02-27 14:26:47.952 D/        (15131): droid_create_image_android_native_buffer HAL_PIXEL_FORMAT_NV12_TILED_INTEL for native name=79
02-27 14:26:48.012 D/        (15131): droid_create_image_android_native_buffer HAL_PIXEL_FORMAT_NV12_TILED_INTEL for native name=80
02-27 14:26:48.042 D/        (15131): droid_create_image_android_native_buffer HAL_PIXEL_FORMAT_NV12_TILED_INTEL for native name=81
02-27 14:26:48.112 D/        (15131): droid_create_image_android_native_buffer HAL_PIXEL_FORMAT_NV12_TILED_INTEL for native name=82
02-27 14:26:48.132 D/        (15131): droid_create_image_android_native_buffer HAL_PIXEL_FORMAT_NV12_TILED_INTEL for native name=83
02-27 14:26:48.802 I/WifiHW  (  505): CMD: IFNAME=wlan0 SIGNAL_POLL
02-27 14:26:48.802 D/wpa_supplicant(  711): RX ctrl_iface - hexdump(len=11): 53 49 47 4e 41 4c 5f 50 4f 4c 4c
02-27 14:26:48.802 D/wpa_supplicant(  711): wlan0: Control interface command 'SIGNAL_POLL'
02-27 14:26:48.832 D/wpa_supplicant(  711): nl80211: survey data missing!
02-27 14:26:48.832 I/WifiHW  (  505): REPLY: RSSI=-60
02-27 14:26:48.832 I/WifiHW  (  505): REPLY: LINKSPEED=65
02-27 14:26:48.832 I/WifiHW  (  505): REPLY: NOISE=9999
02-27 14:26:48.832 I/WifiHW  (  505): REPLY: FREQUENCY=2437
02-27 14:26:51.132 D/EVENT_THREAD(  186): void CEventThread::run() POLLIN event on Fd (1)
02-27 14:26:51.132 D/EVENT_THREAD(  186): void CEventThread::run() Do poll with timeout: -1
02-27 14:26:51.842 I/WifiHW  (  505): CMD: IFNAME=wlan0 SIGNAL_POLL
02-27 14:26:51.842 D/wpa_supplicant(  711): RX ctrl_iface - hexdump(len=11): 53 49 47 4e 41 4c 5f 50 4f 4c 4c
02-27 14:26:51.842 D/wpa_supplicant(  711): wlan0: Control interface command 'SIGNAL_POLL'
02-27 14:26:51.872 D/wpa_supplicant(  711): nl80211: survey data missing!
02-27 14:26:51.872 I/WifiHW  (  505): REPLY: RSSI=-57
02-27 14:26:51.872 I/WifiHW  (  505): REPLY: LINKSPEED=65
02-27 14:26:51.872 I/WifiHW  (  505): REPLY: NOISE=9999
02-27 14:26:51.872 I/WifiHW  (  505): REPLY: FREQUENCY=2437
02-27 14:26:52.402 E/AudioSink(  186): received unknown event type: 1 inside CallbackWrapper !
02-27 14:26:54.482 D/EVENT_THREAD(  186): void CEventThread::run() POLLIN event on Fd (1)
02-27 14:26:54.482 D/EVENT_THREAD(  186): void CEventThread::run() Do poll with timeout: -1
02-27 14:26:54.482 D/EVENT_THREAD(  186): void CEventThread::run() POLLIN event on Fd (1)
02-27 14:26:54.482 D/EVENT_THREAD(  186): void CEventThread::run() Do poll with timeout: -1
02-27 14:26:54.482 I/upi_ug31xx(  166): (408) update_capacity
02-27 14:26:54.482 I/[UPI]   (  166): <UG31/E>[UpiReadCapacity]: V=3744(3742), T=336(338-392), I=-366, C=-4(-4-0)
02-27 14:26:54.482 I/[UPI]   (  166): <UG31/E>[UpiReadCapacity]: (0x0001254a) 1291 (1213) / 3822 (4028) = 34
02-27 14:26:54.482 I/[UPI]   (  166): <UG31/E>[UpiReadCapacity]: (0x0001254a) 1291 (1213) / 3822 (4028) = 34
02-27 14:26:54.482 I/[UPI]   (  166): <UG31/E>[UpiReadCapacity]: (0x0001254a) 1286 (1286) / 3822 (4028) = 34
02-27 14:26:54.482 I/[UPI]   (  166): <UG31/E>[RsocFilterCountTime]: (0x0001254a) Step=7(424690), Full=7(424690), Lock=424690(1800000)
02-27 14:26:54.482 I/[UPI]   (  166): <UG31/E>[UpiReadCapacity]: (0x0001254a) 1286 (1286) / 3822 (4028) = 34 (-366--366)
02-27 14:26:54.482 I/[UPI]   (  166): <UG31/E><BATT> M:normal, P:34(34-34)%, V:3740mV, C:-368mA, T:33.8C(392), S:0x0001254a(000), R:1286mAh, F:3822mAh, Q:-740mAh, CC:3, P:30.330(739-0)s, BO:7, 97:615:0-44af-9m:B001-20140514-144301 (16)
02-27 14:26:54.482 I/upi_ug31xx(  166): (409) backup_data 
02-27 14:26:54.482 V/upi_ug31xx(  166): state->check_backup_count = 12
02-27 14:26:54.872 I/WifiHW  (  505): CMD: IFNAME=wlan0 SIGNAL_POLL
02-27 14:26:54.872 D/wpa_supplicant(  711): RX ctrl_iface - hexdump(len=11): 53 49 47 4e 41 4c 5f 50 4f 4c 4c
02-27 14:26:54.872 D/wpa_supplicant(  711): wlan0: Control interface command 'SIGNAL_POLL'
02-27 14:26:54.902 D/wpa_supplicant(  711): nl80211: survey data missing!
02-27 14:26:54.902 I/WifiHW  (  505): REPLY: RSSI=-59
02-27 14:26:54.902 I/WifiHW  (  505): REPLY: LINKSPEED=65
02-27 14:26:54.902 I/WifiHW  (  505): REPLY: NOISE=9999
02-27 14:26:54.902 I/WifiHW  (  505): REPLY: FREQUENCY=2437
02-27 14:26:57.902 I/WifiHW  (  505): CMD: IFNAME=wlan0 SIGNAL_POLL
02-27 14:26:57.902 D/wpa_supplicant(  711): RX ctrl_iface - hexdump(len=11): 53 49 47 4e 41 4c 5f 50 4f 4c 4c
02-27 14:26:57.902 D/wpa_supplicant(  711): wlan0: Control interface command 'SIGNAL_POLL'
02-27 14:26:57.932 D/wpa_supplicant(  711): nl80211: survey data missing!
02-27 14:26:57.932 I/WifiHW  (  505): REPLY: RSSI=-55
02-27 14:26:57.932 I/WifiHW  (  505): REPLY: LINKSPEED=65
02-27 14:26:57.932 I/WifiHW  (  505): REPLY: NOISE=9999
02-27 14:26:57.932 I/WifiHW  (  505): REPLY: FREQUENCY=2437
02-27 14:26:57.942 W/TimedEventQueue(  186): Event 305 was not found in the queue, already cancelled?
02-27 14:26:57.962 D/BatteryStatsImpl(  505): noteStopWakeLocked system isFromForeground = false
02-27 14:26:58.412 E/wrs-omxil-core(  186): OMX_GetHandle(): exit failure, OMX.Intel.hw_vd.h264 not found
02-27 14:26:58.412 I/libva   (  186): VA-API version 0.34.0
02-27 14:26:58.412 I/libva   (  186): va_getDriverName() returns 0
02-27 14:26:58.412 I/libva   (  186): Trying to open /system/lib/i965_drv_video.so
02-27 14:26:58.422 I/libva   (  186): Found init function __vaDriverInit_0_32
02-27 14:26:58.422 I/libva   (  186): va_openDriver() returns 0
02-27 14:26:58.422 I/OMXCodec(  186): [OMX.Intel.hw_vd.h264] AVC profile = 66 (Baseline), level = 30
02-27 14:26:58.422 I/OMXCodec(  186): [OMX.Intel.hw_vd.h264] video dimensions are 320 x 240
02-27 14:26:58.422 I/OMXCodec(  186): [OMX.Intel.hw_vd.h264] Crop rect is 320 x 240 @ (0, 0)
02-27 14:26:58.422 W/AudioFlinger(  186): session id 320 not found for pid 15131
02-27 14:26:58.422 I/MediaFocusControl(  505):  AudioFocus  abandonAudioFocus() from android.media.AudioManager@21eff0d8org.chromium.media.MediaPlayerListener@22009988
02-27 14:26:58.432 V/Avrcp   ( 1543): New genId = 184, clearing = 1
02-27 14:26:58.432 W/BindingManager(15131): Cannot call determinedVisibility() - never saw a connection for the pid: 15131
02-27 14:26:59.062 W/BindingManager(15131): Cannot call determinedVisibility() - never saw a connection for the pid: 15131
02-27 14:27:00.002 D/Clock   (  569): ACTION_TIME_TICK
02-27 14:27:00.002 D/Clock   (  569): update clock:2:27
02-27 14:27:00.032 D/BatteryStatsImpl(  505): noteStopWakeLocked system isFromForeground = false
02-27 14:27:00.372 W/ufoGralloc(  171): registerBuffer() handle 0xb8f721c0/57 didn't require registration
02-27 14:27:00.392 D/WindowManager(  505): adjustConfigurationLw, config:{1.0 ?mcc?mnc ?locale ?layoutDir sw600dp w961dp h528dp 213dpi lrg land ?uimode ?night finger -keyb/v/h -nav/v} mLidState:1 mHasDockFeature:false mHasKeyboardFeature:false mHasHallSensorFeature:true config.hardKeyboardHidden:2
02-27 14:27:00.392 I/ActivityManager(  505): [TopPkgCurBat]	NowPkgName[com.asus.launcher]	Battery[34]	TimeTick[1425018420408]	OldPkgName[org.xwalk.webapi_noneservice_tests]
02-27 14:27:00.412 V/WeatherTimeProvider( 1093): widget on Visibility Changed
02-27 14:27:00.422 D/        (  674): Pixel Format : GGL_PIXEL_FORMAT_RGBA_8888
02-27 14:27:00.422 W/IInputConnectionWrapper(15131): showStatusIcon on inactive InputConnection
02-27 14:27:00.432 D/XT9IME  (  725): new subtype :zh_CN ,pinyin
02-27 14:27:00.452 D/BatteryStatsImpl(  505): noteStopWakeLocked system isFromForeground = false
02-27 14:27:00.452 D/ImageWallpaper(  569): onVisibilityChanged: mVisible, visible=false, true
02-27 14:27:00.452 D/ImageWallpaper(  569): Visibility changed to visible=true
02-27 14:27:00.452 D/ImageWallpaper(  569): Suppressed drawFrame since redraw is not needed and offsets have not changed.
02-27 14:27:00.472 D/        (15131): Surface destroy: ANDROID_NATIVE_WINDOW_MAGIC
