--------- beginning of /dev/log/main
02-27 12:00:10.780 D/AndroidRuntime(14348): 
02-27 12:00:10.780 D/AndroidRuntime(14348): >>>>>> AndroidRuntime START com.android.internal.os.RuntimeInit <<<<<<
02-27 12:00:10.780 D/AndroidRuntime(14348): CheckJNI is OFF
02-27 12:00:10.780 I/AndroidRuntime(14348): Kernel Release Version: 3.10.20-g19cc1a3
02-27 12:00:10.780 I/dalvikvm(14348): No library specified. The standard exception handler will be used
02-27 12:00:10.780 I/dalvikvm(14348): 
02-27 12:00:10.780 I/dalvikvm(14348): +++++++++++++ Using PCG. +++++++++++++++++++++
02-27 12:00:10.790 D/dalvikvm(14348): Trying to load lib libjavacore.so 0x0
02-27 12:00:10.790 D/dalvikvm(14348): Added shared lib libjavacore.so 0x0
02-27 12:00:10.800 D/dalvikvm(14348): Trying to load lib libnativehelper.so 0x0
02-27 12:00:10.800 D/dalvikvm(14348): Added shared lib libnativehelper.so 0x0
02-27 12:00:10.800 D/dalvikvm(14348): No JNI_OnLoad found in libnativehelper.so 0x0, skipping init
02-27 12:00:10.800 D/dalvikvm(14348): Extra Options: not specified
02-27 12:00:10.810 D/dalvikvm(14348): Note: class Landroid/app/ActivityManagerNative; has 186 unimplemented (abstract) methods
02-27 12:00:10.890 E/memtrack(14348): Couldn't load memtrack module (No such file or directory)
02-27 12:00:10.890 E/android.os.Debug(14348): failed to load memtrack module: -2
02-27 12:00:10.920 D/AndroidRuntime(14348): Calling main entry com.android.commands.am.Am
02-27 12:00:10.940 D/AndroidRuntime(14348): Shutting down VM
--------- beginning of /dev/log/system
02-27 12:00:10.940 I/ActivityManager(  515): Force stopping org.xwalk.webapi_noneservice_tests appid=11748 user=0: from pid 14348
02-27 12:00:10.950 D/dalvikvm(14348): GC_CONCURRENT freed 108K, 16% free 638K/760K, paused 0ms+0ms, total 1ms
02-27 12:00:10.950 D/dalvikvm(14348): Compiler shutdown in progress - discarding request
02-27 12:00:10.950 D/dalvikvm(14348): Compiler shutdown in progress - discarding request
02-27 12:00:10.950 D/dalvikvm(14348): Compiler shutdown in progress - discarding request
02-27 12:00:10.950 D/dalvikvm(14348): Compiler shutdown in progress - discarding request
02-27 12:00:10.950 D/dalvikvm(14348): Compiler shutdown in progress - discarding request
02-27 12:00:10.950 D/dalvikvm(14348): Compiler shutdown in progress - discarding request
02-27 12:00:10.950 D/dalvikvm(14348): Compiler shutdown in progress - discarding request
02-27 12:00:10.950 D/dalvikvm(14348): Compiler shutdown in progress - discarding request
02-27 12:00:10.950 D/dalvikvm(14348): Compiler shutdown in progress - discarding request
02-27 12:00:10.950 D/dalvikvm(14348): Compiler shutdown in progress - discarding request
02-27 12:00:10.950 D/dalvikvm(14348): Compiler shutdown in progress - discarding request
02-27 12:00:10.950 D/dalvikvm(14348): Compiler shutdown in progress - discarding request
02-27 12:00:10.950 D/dalvikvm(14348): Compiler shutdown in progress - discarding request
02-27 12:00:10.950 D/dalvikvm(14348): Compiler shutdown in progress - discarding request
02-27 12:00:10.950 D/dalvikvm(14348): Compiler shutdown in progress - discarding request
02-27 12:00:10.950 D/dalvikvm(14348): Compiler shutdown in progress - discarding request
02-27 12:00:10.950 D/dalvikvm(14348): Compiler shutdown in progress - discarding request
02-27 12:00:10.950 D/dalvikvm(14348): Compiler shutdown in progress - discarding request
02-27 12:00:10.950 D/dalvikvm(14348): Compiler shutdown in progress - discarding request
02-27 12:00:10.950 D/dalvikvm(14348): Compiler shutdown in progress - discarding request
02-27 12:00:10.950 D/dalvikvm(14348): Compiler shutdown in progress - discarding request
02-27 12:00:10.950 D/dalvikvm(14348): Compiler shutdown in progress - discarding request
02-27 12:00:10.950 D/dalvikvm(14348): Compiler shutdown in progress - discarding request
02-27 12:00:10.950 D/dalvikvm(14348): Compiler shutdown in progress - discarding request
02-27 12:00:10.950 D/dalvikvm(14348): Compiler shutdown in progress - discarding request
02-27 12:00:10.950 D/dalvikvm(14348): Compiler shutdown in progress - discarding request
02-27 12:00:10.950 D/dalvikvm(14348): Compiler shutdown in progress - discarding request
02-27 12:00:10.950 D/dalvikvm(14348): Compiler shutdown in progress - discarding request
02-27 12:00:10.950 D/dalvikvm(14348): Compiler shutdown in progress - discarding request
02-27 12:00:10.950 D/dalvikvm(14348): Compiler shutdown in progress - discarding request
02-27 12:00:10.950 D/dalvikvm(14348): Compiler shutdown in progress - discarding request
02-27 12:00:10.950 D/dalvikvm(14348): Compiler shutdown in progress - discarding request
02-27 12:00:10.950 D/dalvikvm(14348): Compiler shutdown in progress - discarding request
02-27 12:00:10.950 D/dalvikvm(14348): Compiler shutdown in progress - discarding request
02-27 12:00:10.950 D/dalvikvm(14348): Compiler shutdown in progress - discarding request
02-27 12:00:10.950 D/dalvikvm(14348): Compiler shutdown in progress - discarding request
02-27 12:00:10.950 D/dalvikvm(14348): Compiler shutdown in progress - discarding request
02-27 12:00:10.950 D/dalvikvm(14348): Compiler shutdown in progress - discarding request
02-27 12:00:10.950 D/dalvikvm(14348): Compiler shutdown in progress - discarding request
02-27 12:00:10.950 D/dalvikvm(14348): Compiler shutdown in progress - discarding request
02-27 12:00:10.950 D/dalvikvm(14348): Compiler shutdown in progress - discarding request
02-27 12:00:10.950 D/dalvikvm(14348): Compiler shutdown in progress - discarding request
02-27 12:00:10.950 D/dalvikvm(14348): Compiler shutdown in progress - discarding request
02-27 12:00:10.950 D/dalvikvm(14348): Compiler shutdown in progress - discarding request
02-27 12:00:10.950 D/dalvikvm(14348): Compiler shutdown in progress - discarding request
02-27 12:00:10.950 D/dalvikvm(14348): Compiler shutdown in progress - discarding request
02-27 12:00:10.950 D/dalvikvm(14348): Compiler shutdown in progress - discarding request
02-27 12:00:11.590 D/AndroidRuntime(14359): 
02-27 12:00:11.590 D/AndroidRuntime(14359): >>>>>> AndroidRuntime START com.android.internal.os.RuntimeInit <<<<<<
02-27 12:00:11.590 D/AndroidRuntime(14359): CheckJNI is OFF
02-27 12:00:11.590 I/AndroidRuntime(14359): Kernel Release Version: 3.10.20-g19cc1a3
02-27 12:00:11.590 I/dalvikvm(14359): No library specified. The standard exception handler will be used
02-27 12:00:11.590 I/dalvikvm(14359): 
02-27 12:00:11.590 I/dalvikvm(14359): +++++++++++++ Using PCG. +++++++++++++++++++++
02-27 12:00:11.600 D/dalvikvm(14359): Trying to load lib libjavacore.so 0x0
02-27 12:00:11.600 D/dalvikvm(14359): Added shared lib libjavacore.so 0x0
02-27 12:00:11.610 D/dalvikvm(14359): Trying to load lib libnativehelper.so 0x0
02-27 12:00:11.610 D/dalvikvm(14359): Added shared lib libnativehelper.so 0x0
02-27 12:00:11.610 D/dalvikvm(14359): No JNI_OnLoad found in libnativehelper.so 0x0, skipping init
02-27 12:00:11.610 D/dalvikvm(14359): Extra Options: not specified
02-27 12:00:11.620 D/dalvikvm(14359): Note: class Landroid/app/ActivityManagerNative; has 186 unimplemented (abstract) methods
02-27 12:00:11.700 E/memtrack(14359): Couldn't load memtrack module (No such file or directory)
02-27 12:00:11.700 E/android.os.Debug(14359): failed to load memtrack module: -2
02-27 12:00:11.730 D/AndroidRuntime(14359): Calling main entry com.android.commands.am.Am
02-27 12:00:11.760 D/AndroidRuntime(14359): Shutting down VM
02-27 12:00:11.760 I/ActivityManager(  515): START u0 {flg=0x10000000 cmp=org.xwalk.webapi_noneservice_tests/.webapi_noneservice_testsActivity} from pid 14359
02-27 12:00:11.770 D/dalvikvm(14359): GC_CONCURRENT freed 117K, 16% free 702K/832K, paused 0ms+0ms, total 1ms
02-27 12:00:11.770 D/dalvikvm(14359): Compiler shutdown in progress - discarding request
02-27 12:00:11.770 D/dalvikvm(14359): Compiler shutdown in progress - discarding request
02-27 12:00:11.770 D/dalvikvm(14359): Compiler shutdown in progress - discarding request
02-27 12:00:11.770 D/dalvikvm(14359): Compiler shutdown in progress - discarding request
02-27 12:00:11.770 D/dalvikvm(14359): Compiler shutdown in progress - discarding request
02-27 12:00:11.770 D/dalvikvm(14359): Compiler shutdown in progress - discarding request
02-27 12:00:11.770 D/dalvikvm(14359): Compiler shutdown in progress - discarding request
02-27 12:00:11.770 D/dalvikvm(14359): Compiler shutdown in progress - discarding request
02-27 12:00:11.770 D/dalvikvm(14359): Compiler shutdown in progress - discarding request
02-27 12:00:11.770 D/dalvikvm(14359): Compiler shutdown in progress - discarding request
02-27 12:00:11.770 D/dalvikvm(14359): Compiler shutdown in progress - discarding request
02-27 12:00:11.770 D/dalvikvm(14359): Compiler shutdown in progress - discarding request
02-27 12:00:11.770 D/dalvikvm(14359): Compiler shutdown in progress - discarding request
02-27 12:00:11.770 D/dalvikvm(14359): Compiler shutdown in progress - discarding request
02-27 12:00:11.770 D/dalvikvm(14359): Compiler shutdown in progress - discarding request
02-27 12:00:11.770 D/dalvikvm(14359): Compiler shutdown in progress - discarding request
02-27 12:00:11.770 D/dalvikvm(14359): Compiler shutdown in progress - discarding request
02-27 12:00:11.770 D/dalvikvm(14359): Compiler shutdown in progress - discarding request
02-27 12:00:11.770 D/dalvikvm(14359): Compiler shutdown in progress - discarding request
02-27 12:00:11.770 D/dalvikvm(14359): Compiler shutdown in progress - discarding request
02-27 12:00:11.770 D/dalvikvm(14359): Compiler shutdown in progress - discarding request
02-27 12:00:11.770 D/dalvikvm(14359): Compiler shutdown in progress - discarding request
02-27 12:00:11.770 D/dalvikvm(14359): Compiler shutdown in progress - discarding request
02-27 12:00:11.770 D/dalvikvm(14359): Compiler shutdown in progress - discarding request
02-27 12:00:11.770 D/dalvikvm(14359): Compiler shutdown in progress - discarding request
02-27 12:00:11.770 D/dalvikvm(14359): Compiler shutdown in progress - discarding request
02-27 12:00:11.770 D/dalvikvm(14359): Compiler shutdown in progress - discarding request
02-27 12:00:11.770 D/dalvikvm(14359): Compiler shutdown in progress - discarding request
02-27 12:00:11.770 D/dalvikvm(14359): Compiler shutdown in progress - discarding request
02-27 12:00:11.770 D/dalvikvm(14359): Compiler shutdown in progress - discarding request
02-27 12:00:11.770 D/dalvikvm(14359): Compiler shutdown in progress - discarding request
02-27 12:00:11.770 D/dalvikvm(14359): Compiler shutdown in progress - discarding request
02-27 12:00:11.770 D/dalvikvm(14359): Compiler shutdown in progress - discarding request
02-27 12:00:11.770 D/dalvikvm(14359): Compiler shutdown in progress - discarding request
02-27 12:00:11.770 D/dalvikvm(14359): Compiler shutdown in progress - discarding request
02-27 12:00:11.770 D/dalvikvm(14359): Compiler shutdown in progress - discarding request
02-27 12:00:11.770 D/dalvikvm(14359): Compiler shutdown in progress - discarding request
02-27 12:00:11.770 D/dalvikvm(14359): Compiler shutdown in progress - discarding request
02-27 12:00:11.770 D/dalvikvm(14359): Compiler shutdown in progress - discarding request
02-27 12:00:11.770 D/dalvikvm(14359): Compiler shutdown in progress - discarding request
02-27 12:00:11.770 D/dalvikvm(14359): Compiler shutdown in progress - discarding request
02-27 12:00:11.770 D/dalvikvm(14359): Compiler shutdown in progress - discarding request
02-27 12:00:11.770 D/dalvikvm(14359): Compiler shutdown in progress - discarding request
02-27 12:00:11.770 D/dalvikvm(14359): Compiler shutdown in progress - discarding request
02-27 12:00:11.770 D/dalvikvm(14359): Compiler shutdown in progress - discarding request
02-27 12:00:11.770 D/dalvikvm(14359): Compiler shutdown in progress - discarding request
02-27 12:00:11.770 D/dalvikvm(14359): Compiler shutdown in progress - discarding request
02-27 12:00:11.770 D/dalvikvm(14359): Compiler shutdown in progress - discarding request
02-27 12:00:11.770 D/dalvikvm(14359): Compiler shutdown in progress - discarding request
02-27 12:00:11.770 D/dalvikvm(14359): Compiler shutdown in progress - discarding request
02-27 12:00:11.770 D/dalvikvm(14359): Compiler shutdown in progress - discarding request
02-27 12:00:11.770 D/dalvikvm(14359): Compiler shutdown in progress - discarding request
02-27 12:00:11.770 D/dalvikvm(14359): Compiler shutdown in progress - discarding request
02-27 12:00:11.770 D/dalvikvm(14359): Compiler shutdown in progress - discarding request
02-27 12:00:11.770 D/dalvikvm(14359): Compiler shutdown in progress - discarding request
02-27 12:00:12.040 I/WifiHW  (  515): CMD: IFNAME=wlan0 SIGNAL_POLL
02-27 12:00:12.040 D/wpa_supplicant(  628): RX ctrl_iface - hexdump(len=11): 53 49 47 4e 41 4c 5f 50 4f 4c 4c
02-27 12:00:12.040 D/wpa_supplicant(  628): wlan0: Control interface command 'SIGNAL_POLL'
02-27 12:00:12.050 D/wpa_supplicant(  628): nl80211: survey data missing!
02-27 12:00:12.050 I/WifiHW  (  515): REPLY: RSSI=-50
02-27 12:00:12.050 I/WifiHW  (  515): REPLY: LINKSPEED=65
02-27 12:00:12.050 I/WifiHW  (  515): REPLY: NOISE=9999
02-27 12:00:12.050 I/WifiHW  (  515): REPLY: FREQUENCY=2462
02-27 12:00:12.390 D/AndroidRuntime(14370): 
02-27 12:00:12.390 D/AndroidRuntime(14370): >>>>>> AndroidRuntime START com.android.internal.os.RuntimeInit <<<<<<
02-27 12:00:12.390 D/AndroidRuntime(14370): CheckJNI is OFF
02-27 12:00:12.390 I/AndroidRuntime(14370): Kernel Release Version: 3.10.20-g19cc1a3
02-27 12:00:12.390 I/dalvikvm(14370): No library specified. The standard exception handler will be used
02-27 12:00:12.390 I/dalvikvm(14370): 
02-27 12:00:12.390 I/dalvikvm(14370): +++++++++++++ Using PCG. +++++++++++++++++++++
02-27 12:00:12.400 D/dalvikvm(14370): Trying to load lib libjavacore.so 0x0
02-27 12:00:12.400 D/dalvikvm(14370): Added shared lib libjavacore.so 0x0
02-27 12:00:12.400 D/dalvikvm(14370): Trying to load lib libnativehelper.so 0x0
02-27 12:00:12.400 D/dalvikvm(14370): Added shared lib libnativehelper.so 0x0
02-27 12:00:12.400 D/dalvikvm(14370): No JNI_OnLoad found in libnativehelper.so 0x0, skipping init
02-27 12:00:12.410 D/dalvikvm(14370): Extra Options: not specified
02-27 12:00:12.420 D/dalvikvm(14370): Note: class Landroid/app/ActivityManagerNative; has 186 unimplemented (abstract) methods
02-27 12:00:12.490 E/memtrack(14370): Couldn't load memtrack module (No such file or directory)
02-27 12:00:12.490 E/android.os.Debug(14370): failed to load memtrack module: -2
02-27 12:00:12.530 D/AndroidRuntime(14370): Calling main entry com.android.commands.am.Am
02-27 12:00:12.560 D/AndroidRuntime(14370): Shutting down VM
02-27 12:00:12.560 D/dalvikvm(14370): GC_CONCURRENT freed 117K, 15% free 702K/824K, paused 0ms+0ms, total 1ms
02-27 12:00:12.560 D/dalvikvm(14370): Compiler shutdown in progress - discarding request
02-27 12:00:12.560 D/dalvikvm(14370): Compiler shutdown in progress - discarding request
02-27 12:00:12.560 D/dalvikvm(14370): Compiler shutdown in progress - discarding request
02-27 12:00:12.560 D/dalvikvm(14370): Compiler shutdown in progress - discarding request
02-27 12:00:12.560 D/dalvikvm(14370): Compiler shutdown in progress - discarding request
02-27 12:00:12.560 D/dalvikvm(14370): Compiler shutdown in progress - discarding request
02-27 12:00:12.560 D/dalvikvm(14370): Compiler shutdown in progress - discarding request
02-27 12:00:12.560 D/dalvikvm(14370): Compiler shutdown in progress - discarding request
02-27 12:00:12.560 D/dalvikvm(14370): Compiler shutdown in progress - discarding request
02-27 12:00:12.560 D/dalvikvm(14370): Compiler shutdown in progress - discarding request
02-27 12:00:12.560 D/dalvikvm(14370): Compiler shutdown in progress - discarding request
02-27 12:00:12.560 D/dalvikvm(14370): Compiler shutdown in progress - discarding request
02-27 12:00:12.560 D/dalvikvm(14370): Compiler shutdown in progress - discarding request
02-27 12:00:12.560 I/ActivityManager(  515): START u0 {flg=0x10000000 cmp=org.xwalk.webapi_noneservice_tests/.webapi_noneservice_tests} from pid 14370
02-27 12:00:12.570 D/dalvikvm(14370): Compiler shutdown in progress - discarding request
02-27 12:00:12.570 D/dalvikvm(14370): Compiler shutdown in progress - discarding request
02-27 12:00:12.570 D/dalvikvm(14370): Compiler shutdown in progress - discarding request
02-27 12:00:12.570 D/dalvikvm(14370): Compiler shutdown in progress - discarding request
02-27 12:00:12.570 D/dalvikvm(14370): Compiler shutdown in progress - discarding request
02-27 12:00:12.570 D/dalvikvm(14370): Compiler shutdown in progress - discarding request
02-27 12:00:12.570 D/dalvikvm(14370): Compiler shutdown in progress - discarding request
02-27 12:00:12.570 D/dalvikvm(14370): Compiler shutdown in progress - discarding request
02-27 12:00:12.570 D/dalvikvm(14370): Compiler shutdown in progress - discarding request
02-27 12:00:12.570 D/dalvikvm(14370): Compiler shutdown in progress - discarding request
02-27 12:00:12.570 D/dalvikvm(14370): Compiler shutdown in progress - discarding request
02-27 12:00:12.570 D/dalvikvm(14370): Compiler shutdown in progress - discarding request
02-27 12:00:12.570 D/dalvikvm(14370): Compiler shutdown in progress - discarding request
02-27 12:00:12.570 D/dalvikvm(14370): Compiler shutdown in progress - discarding request
02-27 12:00:12.570 D/dalvikvm(14370): Compiler shutdown in progress - discarding request
02-27 12:00:12.570 D/dalvikvm(14370): Compiler shutdown in progress - discarding request
02-27 12:00:12.570 D/dalvikvm(14370): Compiler shutdown in progress - discarding request
02-27 12:00:12.570 D/dalvikvm(14370): Compiler shutdown in progress - discarding request
02-27 12:00:12.570 D/dalvikvm(14370): Compiler shutdown in progress - discarding request
02-27 12:00:12.570 D/dalvikvm(14370): Compiler shutdown in progress - discarding request
02-27 12:00:12.570 D/dalvikvm(14370): Compiler shutdown in progress - discarding request
02-27 12:00:12.570 D/dalvikvm(14370): Compiler shutdown in progress - discarding request
02-27 12:00:12.570 D/dalvikvm(14370): Compiler shutdown in progress - discarding request
02-27 12:00:12.570 D/dalvikvm(14370): Compiler shutdown in progress - discarding request
02-27 12:00:12.570 D/dalvikvm(14370): Compiler shutdown in progress - discarding request
02-27 12:00:12.570 D/dalvikvm(14370): Compiler shutdown in progress - discarding request
02-27 12:00:12.570 D/dalvikvm(14370): Compiler shutdown in progress - discarding request
02-27 12:00:12.570 D/dalvikvm(14370): Compiler shutdown in progress - discarding request
02-27 12:00:12.570 D/dalvikvm(14370): Compiler shutdown in progress - discarding request
02-27 12:00:12.570 D/dalvikvm(14370): Compiler shutdown in progress - discarding request
02-27 12:00:12.570 D/dalvikvm(14370): Compiler shutdown in progress - discarding request
02-27 12:00:12.570 D/dalvikvm(14370): Compiler shutdown in progress - discarding request
02-27 12:00:12.570 D/dalvikvm(14370): Compiler shutdown in progress - discarding request
02-27 12:00:12.570 D/dalvikvm(14370): Compiler shutdown in progress - discarding request
02-27 12:00:12.570 D/dalvikvm(14370): Compiler shutdown in progress - discarding request
02-27 12:00:12.570 D/dalvikvm(14370): Compiler shutdown in progress - discarding request
02-27 12:00:12.570 D/dalvikvm(14370): Compiler shutdown in progress - discarding request
02-27 12:00:12.570 D/dalvikvm(14370): Compiler shutdown in progress - discarding request
02-27 12:00:12.570 D/dalvikvm(14370): Compiler shutdown in progress - discarding request
02-27 12:00:12.570 D/dalvikvm(14370): Compiler shutdown in progress - discarding request
02-27 12:00:13.210 D/AndroidRuntime(14381): 
02-27 12:00:13.210 D/AndroidRuntime(14381): >>>>>> AndroidRuntime START com.android.internal.os.RuntimeInit <<<<<<
02-27 12:00:13.210 D/AndroidRuntime(14381): CheckJNI is OFF
02-27 12:00:13.210 I/AndroidRuntime(14381): Kernel Release Version: 3.10.20-g19cc1a3
02-27 12:00:13.210 I/dalvikvm(14381): No library specified. The standard exception handler will be used
02-27 12:00:13.210 I/dalvikvm(14381): 
02-27 12:00:13.210 I/dalvikvm(14381): +++++++++++++ Using PCG. +++++++++++++++++++++
02-27 12:00:13.220 D/dalvikvm(14381): Trying to load lib libjavacore.so 0x0
02-27 12:00:13.220 D/dalvikvm(14381): Added shared lib libjavacore.so 0x0
02-27 12:00:13.220 D/dalvikvm(14381): Trying to load lib libnativehelper.so 0x0
02-27 12:00:13.220 D/dalvikvm(14381): Added shared lib libnativehelper.so 0x0
02-27 12:00:13.220 D/dalvikvm(14381): No JNI_OnLoad found in libnativehelper.so 0x0, skipping init
02-27 12:00:13.230 D/dalvikvm(14381): Extra Options: not specified
02-27 12:00:13.240 D/dalvikvm(14381): Note: class Landroid/app/ActivityManagerNative; has 186 unimplemented (abstract) methods
02-27 12:00:13.310 E/memtrack(14381): Couldn't load memtrack module (No such file or directory)
02-27 12:00:13.310 E/android.os.Debug(14381): failed to load memtrack module: -2
02-27 12:00:13.370 D/AndroidRuntime(14381): Calling main entry com.android.commands.am.Am
02-27 12:00:13.400 D/AndroidRuntime(14381): Shutting down VM
02-27 12:00:13.400 V/WeatherTimeProvider( 1355): widget on Visibility Changed
02-27 12:00:13.400 D/dalvikvm(14381): GC_CONCURRENT freed 110K, 16% free 673K/800K, paused 0ms+0ms, total 1ms
02-27 12:00:13.400 I/SecurityManagerService(  687): SMS received security event: App[START/org.xwalk.webapi_noneservice_tests]
02-27 12:00:13.400 I/ActivityManager(  515): START u0 {flg=0x10000000 cmp=org.xwalk.webapi_noneservice_tests/.WebapiNoneserviceTestsActivity} from pid 14381
02-27 12:00:13.410 D/dalvikvm(14381): Compiler shutdown in progress - discarding request
02-27 12:00:13.410 D/dalvikvm(14381): Compiler shutdown in progress - discarding request
02-27 12:00:13.410 D/dalvikvm(14381): Compiler shutdown in progress - discarding request
02-27 12:00:13.410 D/dalvikvm(14381): Compiler shutdown in progress - discarding request
02-27 12:00:13.410 D/dalvikvm(14381): Compiler shutdown in progress - discarding request
02-27 12:00:13.410 D/dalvikvm(14381): Compiler shutdown in progress - discarding request
02-27 12:00:13.410 D/dalvikvm(14381): Compiler shutdown in progress - discarding request
02-27 12:00:13.410 D/dalvikvm(14381): Compiler shutdown in progress - discarding request
02-27 12:00:13.410 D/dalvikvm(14381): Compiler shutdown in progress - discarding request
02-27 12:00:13.410 D/dalvikvm(14381): Compiler shutdown in progress - discarding request
02-27 12:00:13.410 D/dalvikvm(14381): Compiler shutdown in progress - discarding request
02-27 12:00:13.410 D/dalvikvm(14381): Compiler shutdown in progress - discarding request
02-27 12:00:13.410 D/dalvikvm(14381): Compiler shutdown in progress - discarding request
02-27 12:00:13.410 D/dalvikvm(14381): Compiler shutdown in progress - discarding request
02-27 12:00:13.410 D/dalvikvm(14381): Compiler shutdown in progress - discarding request
02-27 12:00:13.410 D/dalvikvm(14381): Compiler shutdown in progress - discarding request
02-27 12:00:13.410 D/dalvikvm(14381): Compiler shutdown in progress - discarding request
02-27 12:00:13.410 D/dalvikvm(14381): Compiler shutdown in progress - discarding request
02-27 12:00:13.410 D/dalvikvm(14381): Compiler shutdown in progress - discarding request
02-27 12:00:13.410 D/dalvikvm(14381): Compiler shutdown in progress - discarding request
02-27 12:00:13.410 D/dalvikvm(14381): Compiler shutdown in progress - discarding request
02-27 12:00:13.410 D/dalvikvm(14381): Compiler shutdown in progress - discarding request
02-27 12:00:13.410 D/dalvikvm(14381): Compiler shutdown in progress - discarding request
02-27 12:00:13.410 D/dalvikvm(14381): Compiler shutdown in progress - discarding request
02-27 12:00:13.410 D/dalvikvm(14381): Compiler shutdown in progress - discarding request
02-27 12:00:13.410 D/dalvikvm(14381): Compiler shutdown in progress - discarding request
02-27 12:00:13.410 D/dalvikvm(14381): Compiler shutdown in progress - discarding request
02-27 12:00:13.410 D/dalvikvm(14381): Compiler shutdown in progress - discarding request
02-27 12:00:13.410 D/dalvikvm(14381): Compiler shutdown in progress - discarding request
02-27 12:00:13.410 D/dalvikvm(14381): Compiler shutdown in progress - discarding request
02-27 12:00:13.410 D/dalvikvm(14381): Compiler shutdown in progress - discarding request
02-27 12:00:13.410 D/dalvikvm(14381): Compiler shutdown in progress - discarding request
02-27 12:00:13.410 D/dalvikvm(14381): Compiler shutdown in progress - discarding request
02-27 12:00:13.410 D/dalvikvm(14381): Compiler shutdown in progress - discarding request
02-27 12:00:13.410 D/dalvikvm(14381): Compiler shutdown in progress - discarding request
02-27 12:00:13.410 D/dalvikvm(14381): Compiler shutdown in progress - discarding request
02-27 12:00:13.410 D/dalvikvm(14381): Compiler shutdown in progress - discarding request
02-27 12:00:13.410 D/dalvikvm(14381): Compiler shutdown in progress - discarding request
02-27 12:00:13.410 D/dalvikvm(14381): Compiler shutdown in progress - discarding request
02-27 12:00:13.410 D/dalvikvm(14381): Compiler shutdown in progress - discarding request
02-27 12:00:13.410 D/dalvikvm(14381): Compiler shutdown in progress - discarding request
02-27 12:00:13.410 D/dalvikvm(14381): Compiler shutdown in progress - discarding request
02-27 12:00:13.410 I/ActivityManager(  515): Start proc org.xwalk.webapi_noneservice_tests for activity org.xwalk.webapi_noneservice_tests/.WebapiNoneserviceTestsActivity: pid=14392 uid=11748 gids={51748, 3003, 1028, 1015}
02-27 12:00:13.420 D/dalvikvm(14381): Compiler shutdown in progress - discarding request
02-27 12:00:13.420 D/dalvikvm(14381): Compiler shutdown in progress - discarding request
02-27 12:00:13.420 D/dalvikvm(14381): Compiler shutdown in progress - discarding request
02-27 12:00:13.420 D/dalvikvm(14381): Compiler shutdown in progress - discarding request
02-27 12:00:13.420 D/dalvikvm(14381): Compiler shutdown in progress - discarding request
02-27 12:00:13.420 D/dalvikvm(14381): Compiler shutdown in progress - discarding request
02-27 12:00:13.450 D/dalvikvm(14392): Process 14392 nice name: org.xwalk.webapi_noneservice_tests
02-27 12:00:13.450 D/dalvikvm(14392): Extra Options: not specified
02-27 12:00:13.460 D/WindowManager(  515): adjustConfigurationLw, config:{1.0 ?mcc?mnc ?locale ?layoutDir sw600dp w600dp h888dp 213dpi lrg port ?uimode ?night finger -keyb/v/h -nav/v} mLidState:1 mHasDockFeature:false mHasKeyboardFeature:false mHasHallSensorFeature:true config.hardKeyboardHidden:2
02-27 12:00:13.460 I/ActivityManager(  515): [TopPkgCurBat]	NowPkgName[org.xwalk.webapi_noneservice_tests]	Battery[41]	TimeTick[1425009613471]	OldPkgName[com.asus.launcher]
02-27 12:00:13.480 D/        (  859): Surface destroy: ANDROID_NATIVE_WINDOW_MAGIC
02-27 12:00:13.510 D/dalvikvm(14392): Trying to load lib /data/app-lib/org.xwalk.webapi_noneservice_tests-1/libxwalkcore.so 0x43d7f480
02-27 12:00:13.530 D/dalvikvm(14392): Added shared lib /data/app-lib/org.xwalk.webapi_noneservice_tests-1/libxwalkcore.so 0x43d7f480
02-27 12:00:13.540 I/LibraryLoader(14392): Time to load native libraries: 35 ms (timestamps 3189-3224)
02-27 12:00:13.540 I/LibraryLoader(14392): Expected native library version number "",actual native library version number ""
02-27 12:00:13.560 I/LibraryLoader(14392): Expected native library version number "",actual native library version number ""
02-27 12:00:13.560 I/chromium(14392): [INFO:library_loader_hooks.cc(112)] Chromium logging enabled: level = 0, default verbosity = 0
02-27 12:00:13.590 I/BrowserStartupController(14392): Initializing chromium process, singleProcess=true
02-27 12:00:13.810 D/ImageWallpaper(  580): onVisibilityChanged: mVisible, visible=true, false
02-27 12:00:13.810 D/ImageWallpaper(  580): Visibility changed to visible=false
02-27 12:00:13.810 D/ImageWallpaper(  580): Suppressed drawFrame since redraw is not needed and offsets have not changed.
02-27 12:00:14.060 W/AudioManagerAndroid(14392): Requires BLUETOOTH permission
02-27 12:00:14.090 I/ufoGralloc(14392): Hello, this is UFO GRALLOC/Intel Corporation
02-27 12:00:14.110 D/        (14392): Pixel Format : GGL_PIXEL_FORMAT_RGBA_8888
02-27 12:00:14.110 D/        (14392): droid_create_context : config id = 1 conf->NativeVisualID=1
02-27 12:00:14.110 D/        (14392): Pixel Format : GGL_PIXEL_FORMAT_RGBA_8888
02-27 12:00:14.110 I/        (14392): Requested context : GLES 2.0
02-27 12:00:14.240 W/chromium(14392): [WARNING:proxy_service.cc(899)] PAC support disabled because there is no system implementation
02-27 12:00:14.250 W/dalvikvm(14392): VFY: unable to find class referenced in signature (Landroid/view/inputmethod/CursorAnchorInfo;)
02-27 12:00:14.250 I/dalvikvm(14392): Could not find method android.view.inputmethod.InputMethodManager.updateCursorAnchorInfo, referenced from method org.chromium.content.browser.input.InputMethodManagerWrapper.updateCursorAnchorInfo
02-27 12:00:14.250 W/dalvikvm(14392): VFY: unable to resolve virtual method 1241: Landroid/view/inputmethod/InputMethodManager;.updateCursorAnchorInfo (Landroid/view/View;Landroid/view/inputmethod/CursorAnchorInfo;)V
02-27 12:00:14.250 D/dalvikvm(14392): VFY: replacing opcode 0x6e at 0x000a
02-27 12:00:14.360 E/cutils  (  164): Failed to mkdirat(/Removable/MicroSD): Read-only file system
02-27 12:00:14.360 W/ContextImpl(14392): Failed to ensure directory: /Removable/MicroSD/Android/data/org.xwalk.webapi_noneservice_tests/cache
02-27 12:00:14.360 W/XWalkExtensionManager(14392): Failed to read extensions-config.json
02-27 12:00:14.360 E/chromium(14392): [ERROR:unix_domain_server_socket_posix.cc(106)] Not implemented reached in virtual int net::UnixDomainServerSocket::GetLocalAddress(net::IPEndPoint*) const
02-27 12:00:14.360 W/Vold    (  164): Returning OperationFailed - no handler for errno 30
02-27 12:00:14.370 I/dalvikvm(14392): Could not find method android.app.Activity.finishAndRemoveTask, referenced from method org.chromium.base.ApiCompatibilityUtils.finishAndRemoveTask
02-27 12:00:14.370 W/dalvikvm(14392): VFY: unable to resolve virtual method 4: Landroid/app/Activity;.finishAndRemoveTask ()V
02-27 12:00:14.370 D/dalvikvm(14392): VFY: replacing opcode 0x6e at 0x0006
02-27 12:00:14.370 I/dalvikvm(14392): Could not find method android.os.PowerManager.isInteractive, referenced from method org.chromium.base.ApiCompatibilityUtils.isInteractive
02-27 12:00:14.370 W/dalvikvm(14392): VFY: unable to resolve virtual method 768: Landroid/os/PowerManager;.isInteractive ()Z
02-27 12:00:14.370 D/dalvikvm(14392): VFY: replacing opcode 0x6e at 0x000e
02-27 12:00:14.370 I/dalvikvm(14392): Could not find method android.view.Window.getNavigationBarColor, referenced from method org.chromium.base.ApiCompatibilityUtils.setStatusBarColor
02-27 12:00:14.370 W/dalvikvm(14392): VFY: unable to resolve virtual method 1144: Landroid/view/Window;.getNavigationBarColor ()I
02-27 12:00:14.370 D/dalvikvm(14392): VFY: replacing opcode 0x6e at 0x0010
02-27 12:00:14.370 I/dalvikvm(14392): Could not find method android.view.Window.setStatusBarColor, referenced from method org.chromium.base.ApiCompatibilityUtils.setStatusBarColor
02-27 12:00:14.370 W/dalvikvm(14392): VFY: unable to resolve virtual method 1149: Landroid/view/Window;.setStatusBarColor (I)V
02-27 12:00:14.370 D/dalvikvm(14392): VFY: replacing opcode 0x6e at 0x0019
02-27 12:00:14.370 E/dalvikvm(14392): Could not find class 'android.app.ActivityManager$TaskDescription', referenced from method org.chromium.base.ApiCompatibilityUtils.setTaskDescription
02-27 12:00:14.370 W/dalvikvm(14392): VFY: unable to resolve new-instance 11 (Landroid/app/ActivityManager$TaskDescription;) in Lorg/chromium/base/ApiCompatibilityUtils;
02-27 12:00:14.370 D/dalvikvm(14392): VFY: replacing opcode 0x22 at 0x0006
02-27 12:00:14.370 D/dalvikvm(14392): DexOpt: unable to opt direct call 0x001e at 0x08 in Lorg/chromium/base/ApiCompatibilityUtils;.setTaskDescription
02-27 12:00:14.380 I/chromium(14392): [INFO:xwalk_extension_renderer_controller.cc(47)] EXTENSION PROCESS DISABLED.
02-27 12:00:14.410 D/        (14392): droid_create_context : config id = 5 conf->NativeVisualID=1
02-27 12:00:14.410 D/        (14392): Pixel Format : GGL_PIXEL_FORMAT_RGBA_8888
02-27 12:00:14.410 I/        (14392): Requested context : GLES 2.0
02-27 12:00:14.420 D/        (14392): Pixel Format : GGL_PIXEL_FORMAT_RGBA_8888
02-27 12:00:14.420 D/OpenGLRenderer(14392): Enabling debug mode 0
02-27 12:00:14.470 D/        (14392): Pixel Format : GGL_PIXEL_FORMAT_RGBA_8888
02-27 12:00:14.470 D/        (14392): droid_create_context : config id = 1 conf->NativeVisualID=1
02-27 12:00:14.470 D/        (14392): Pixel Format : GGL_PIXEL_FORMAT_RGBA_8888
02-27 12:00:14.470 I/        (14392): Requested context : GLES 2.0
02-27 12:00:14.560 D/XT9IME  (  777): new subtype :en_US ,keyboard
02-27 12:00:14.560 I/ActivityManager(  515): Displayed org.xwalk.webapi_noneservice_tests/.WebapiNoneserviceTestsActivity: +1s161ms
02-27 12:00:14.560 D/        (14392): Pixel Format : GGL_PIXEL_FORMAT_RGBA_8888
02-27 12:00:14.570 D/        (14392): droid_create_context : config id = 1 conf->NativeVisualID=1
02-27 12:00:14.570 D/        (14392): Pixel Format : GGL_PIXEL_FORMAT_RGBA_8888
02-27 12:00:14.570 I/        (14392): Requested context : GLES 2.0
02-27 12:00:14.580 D/        (14392): Swap interval set to = 1 value
02-27 12:00:14.590 W/BindingManager(14392): Cannot call determinedVisibility() - never saw a connection for the pid: 14392
02-27 12:00:14.600 D/BatteryStatsImpl(  515): noteStopWakeLocked system isFromForeground = false
02-27 12:00:15.060 I/WifiHW  (  515): CMD: IFNAME=wlan0 SIGNAL_POLL
02-27 12:00:15.060 D/wpa_supplicant(  628): RX ctrl_iface - hexdump(len=11): 53 49 47 4e 41 4c 5f 50 4f 4c 4c
02-27 12:00:15.060 D/wpa_supplicant(  628): wlan0: Control interface command 'SIGNAL_POLL'
02-27 12:00:15.070 D/wpa_supplicant(  628): nl80211: survey data missing!
02-27 12:00:15.070 I/WifiHW  (  515): REPLY: RSSI=-50
02-27 12:00:15.070 I/WifiHW  (  515): REPLY: LINKSPEED=65
02-27 12:00:15.070 I/WifiHW  (  515): REPLY: NOISE=9999
02-27 12:00:15.070 I/WifiHW  (  515): REPLY: FREQUENCY=2462
02-27 12:00:15.590 W/BindingManager(14392): Cannot call determinedVisibility() - never saw a connection for the pid: 14392
02-27 12:00:16.050 I/chromium(14392): [INFO:CONSOLE(0)] "Synchronous XMLHttpRequest on the main thread is deprecated because of its detrimental effects to the end user's experience. For more help, check http://xhr.spec.whatwg.org/.", source:  (0)
02-27 12:00:16.110 D/        (14392): Pixel Format : GGL_PIXEL_FORMAT_RGBA_8888
02-27 12:00:16.110 D/        (14392): droid_create_context : config id = 1 conf->NativeVisualID=1
02-27 12:00:16.110 D/        (14392): Pixel Format : GGL_PIXEL_FORMAT_RGBA_8888
02-27 12:00:16.110 I/        (14392): Requested context : GLES 2.0
02-27 12:00:18.080 I/WifiHW  (  515): CMD: IFNAME=wlan0 SIGNAL_POLL
02-27 12:00:18.080 D/wpa_supplicant(  628): RX ctrl_iface - hexdump(len=11): 53 49 47 4e 41 4c 5f 50 4f 4c 4c
02-27 12:00:18.080 D/wpa_supplicant(  628): wlan0: Control interface command 'SIGNAL_POLL'
02-27 12:00:18.090 D/wpa_supplicant(  628): nl80211: survey data missing!
02-27 12:00:18.090 I/WifiHW  (  515): REPLY: RSSI=-50
02-27 12:00:18.090 I/WifiHW  (  515): REPLY: LINKSPEED=65
02-27 12:00:18.090 I/WifiHW  (  515): REPLY: NOISE=9999
02-27 12:00:18.090 I/WifiHW  (  515): REPLY: FREQUENCY=2462
02-27 12:00:19.420 W/System.err( 1438): java.net.ConnectException: failed to connect to /127.0.0.1 (port 1235): connect failed: ECONNREFUSED (Connection refused)
02-27 12:00:19.420 W/System.err( 1438): 	at libcore.io.IoBridge.connect(IoBridge.java:114)
02-27 12:00:19.420 W/System.err( 1438): 	at java.net.PlainSocketImpl.connect(PlainSocketImpl.java:192)
02-27 12:00:19.420 W/System.err( 1438): 	at java.net.PlainSocketImpl.connect(PlainSocketImpl.java:172)
02-27 12:00:19.420 W/System.err( 1438): 	at java.net.Socket.startupSocket(Socket.java:567)
02-27 12:00:19.420 W/System.err( 1438): 	at java.net.Socket.<init>(Socket.java:226)
02-27 12:00:19.420 W/System.err( 1438): 	at com.baiyi_mobile.easyroot.hookengine.comm.d.a(Unknown Source)
02-27 12:00:19.420 W/System.err( 1438): 	at com.baiyi_mobile.easyroot.hookengine.b.b.a(Unknown Source)
02-27 12:00:19.420 W/System.err( 1438): 	at com.baiyi_mobile.easyroot.hookengine.b.b.b(Unknown Source)
02-27 12:00:19.420 W/System.err( 1438): 	at com.baiyi_mobile.easyroot.hookengine.PermissionPromptService.b(Unknown Source)
02-27 12:00:19.420 W/System.err( 1438): 	at com.baiyi_mobile.easyroot.hookengine.b.run(Unknown Source)
02-27 12:00:19.420 W/System.err( 1438): Caused by: libcore.io.ErrnoException: connect failed: ECONNREFUSED (Connection refused)
02-27 12:00:19.420 W/System.err( 1438): 	at libcore.io.Posix.connect(Native Method)
02-27 12:00:19.420 W/System.err( 1438): 	at libcore.io.BlockGuardOs.connect(BlockGuardOs.java:85)
02-27 12:00:19.420 W/System.err( 1438): 	at libcore.io.IoBridge.connectErrno(IoBridge.java:127)
02-27 12:00:19.420 W/System.err( 1438): 	at libcore.io.IoBridge.connect(IoBridge.java:112)
02-27 12:00:19.420 W/System.err( 1438): 	... 9 more
02-27 12:00:19.420 W/System.err( 1438): java.net.ConnectException: failed to connect to /127.0.0.1 (port 1235): connect failed: ECONNREFUSED (Connection refused)
02-27 12:00:19.420 W/System.err( 1438): 	at libcore.io.IoBridge.connect(IoBridge.java:114)
02-27 12:00:19.420 W/System.err( 1438): 	at java.net.PlainSocketImpl.connect(PlainSocketImpl.java:192)
02-27 12:00:19.420 W/System.err( 1438): 	at java.net.PlainSocketImpl.connect(PlainSocketImpl.java:172)
02-27 12:00:19.420 W/System.err( 1438): 	at java.net.Socket.startupSocket(Socket.java:567)
02-27 12:00:19.420 W/System.err( 1438): 	at java.net.Socket.<init>(Socket.java:226)
02-27 12:00:19.420 W/System.err( 1438): 	at com.baiyi_mobile.easyroot.hookengine.comm.d.a(Unknown Source)
02-27 12:00:19.420 W/System.err( 1438): 	at com.baiyi_mobile.easyroot.hookengine.b.b.a(Unknown Source)
02-27 12:00:19.420 W/System.err( 1438): 	at com.baiyi_mobile.easyroot.hookengine.b.b.c(Unknown Source)
02-27 12:00:19.420 W/System.err( 1438): 	at com.baiyi_mobile.easyroot.hookengine.PermissionPromptService.b(Unknown Source)
02-27 12:00:19.420 W/System.err( 1438): 	at com.baiyi_mobile.easyroot.hookengine.b.run(Unknown Source)
02-27 12:00:19.420 W/System.err( 1438): Caused by: libcore.io.ErrnoException: connect failed: ECONNREFUSED (Connection refused)
02-27 12:00:19.420 W/System.err( 1438): 	at libcore.io.Posix.connect(Native Method)
02-27 12:00:19.420 W/System.err( 1438): 	at libcore.io.BlockGuardOs.connect(BlockGuardOs.java:85)
02-27 12:00:19.420 W/System.err( 1438): 	at libcore.io.IoBridge.connectErrno(IoBridge.java:127)
02-27 12:00:19.420 W/System.err( 1438): 	at libcore.io.IoBridge.connect(IoBridge.java:112)
02-27 12:00:19.430 W/System.err( 1438): 	... 9 more
02-27 12:00:19.430 D/BSS     ( 1438): not loadedtry rehook
02-27 12:00:19.440 D/dalvikvm( 1438): GC_CONCURRENT freed 4045K, 35% free 7923K/12016K, paused 0ms+1ms, total 17ms
02-27 12:00:20.580 I/SecurityManagerService(  687): SMS received security event: App[START/com.android.providers.contacts]
02-27 12:00:20.590 D/dalvikvm(14605): Process 14605 nice name: android.process.acore
02-27 12:00:20.590 D/dalvikvm(14605): Extra Options: not specified
02-27 12:00:20.590 I/ActivityManager(  515): Start proc android.process.acore for content provider com.android.providers.contacts/.ContactsProvider2: pid=14605 uid=10004 gids={50004, 3003, 1028, 1015, 1023}
02-27 12:00:20.630 D/AsusCallerIDProvider(14605): is touchPal installed = false
02-27 12:00:20.660 D/AsusSimContactsManager(14605): Google
02-27 12:00:20.670 D/ContactsProvider:SimCardReceiver(14605): initialSimCardState: mHasIccCard = false mHasIccCard2 = false
02-27 12:00:20.890 I/ContactLocale(14605): AddressBook Labels [zh_CN]: [, A, B, C, D, E, F, G, H, I, J, K, L, M, N, O, P, Q, R, S, T, U, V, W, X, Y, Z, Α, Β, Γ, Δ, Ε, Ζ, Η, Θ, Ι, Κ, Λ, Μ, Ν, Ξ, Ο, Π, Ρ, Σ, Τ, Υ, Φ, Χ, Ψ, Ω, , А, Б, В, Г, Д, Е, Є, Ж, З, И, І, Ї, Й, К, Л, М, Н, О, П, Р, С, Т, У, Ф, Х, Ц, Ч, Ш, Щ, Ю, Я, , א, ב, ג, ד, ה, ו, ז, ח, ט, י, כ, ל, מ, נ, ס, ע, פ, צ, ק, ר, ש, ת, , ا, ب, ت, ث, ج, ح, خ, د, ذ, ر, ز, س, ش, ص, ض, ط, ظ, ع, غ, ف, ق, ك, ل, م, ن, ه, و, ي, , ก, ข, ฃ, ค, ฅ, ฆ, ง, จ, ฉ, ช, ซ, ฌ, ญ, ฎ, ฏ, ฐ, ฑ, ฒ, ณ, ด, ต, ถ, ท, ธ, น, บ, ป, ผ, ฝ, พ, ฟ, ภ, ม, ย, ร, ฤ, ล, ฦ, ว, ศ, ษ, ส, ห, ฬ, อ, ฮ, #, ]
02-27 12:00:21.020 D/AsusTelephonyManager( 1102): getDefault
02-27 12:00:21.020 D/AsusTelephonyManager( 1102): getDefault
02-27 12:00:21.020 D/AsusTelephonyManager( 1102): getDefault
02-27 12:00:21.020 D/AsusTelephonyManager( 1102): getDefault
02-27 12:00:21.020 D/AsusTelephonyManager( 1102): getDefault
02-27 12:00:21.020 D/AsusTelephonyManager( 1102): getDefault
02-27 12:00:21.020 D/SimCardContactsManager( 1102): isSimEditable = false
02-27 12:00:21.020 D/AsusTelephonyManager( 1102): getDefault
02-27 12:00:21.020 D/AsusProfileAddEmail( 1102): No profile, do not need to insert email
02-27 12:00:21.020 D/AsusTelephonyManager( 1102): getDefault
02-27 12:00:21.030 W/Settings( 1102): Setting airplane_mode_on has moved from android.provider.Settings.System to android.provider.Settings.Global, returning read-only value.
02-27 12:00:21.030 D/SimCardContactsManager( 1102): (getIccCardState) hasIccCard 1 = false
02-27 12:00:21.030 D/SimCardContactsManager( 1102): (getIccCardState) isFlyMode 1 = false
02-27 12:00:21.030 D/SimCardContactsManager( 1102): (getIccCardState) SimSerialNumber  1 is null
02-27 12:00:21.030 D/SimCardContactsManager( 1102): (getIccCardState) ASUS_ICC_CARD_READY 1 = false
02-27 12:00:21.030 D/AsusTelephonyManager( 1102): getDefault
02-27 12:00:21.030 D/SimCardContactsManager( 1102): get asushadIccCard1 :false
02-27 12:00:21.030 D/AccountTypeManager( 1102): 1 : getIccCardState(false)
02-27 12:00:21.030 D/AsusTelephonyManager( 1102): getDefault
02-27 12:00:21.030 D/SimCardContactsManager( 1102): get asushadIccCard1 :false
02-27 12:00:21.030 D/DialerDefaultTabReceiver( 1102): updateSettingTable
02-27 12:00:21.030 I/dalvikvm(14392): Total arena pages for JIT: 11
02-27 12:00:21.030 I/dalvikvm(14392): Total arena pages for JIT: 12
02-27 12:00:21.030 I/dalvikvm(14392): Total arena pages for JIT: 13
02-27 12:00:21.030 I/dalvikvm(14392): Total arena pages for JIT: 14
02-27 12:00:21.030 I/dalvikvm(14392): Total arena pages for JIT: 15
02-27 12:00:21.040 D/SendBroadcastHandler(14605): startTimer() SEND_TO_CONTACTS_INSERT 
02-27 12:00:21.050 D/CountryDetector(  515): The first listener is added
02-27 12:00:21.090 I/WifiHW  (  515): CMD: IFNAME=wlan0 SIGNAL_POLL
02-27 12:00:21.090 D/wpa_supplicant(  628): RX ctrl_iface - hexdump(len=11): 53 49 47 4e 41 4c 5f 50 4f 4c 4c
02-27 12:00:21.090 D/wpa_supplicant(  628): wlan0: Control interface command 'SIGNAL_POLL'
02-27 12:00:21.110 D/wpa_supplicant(  628): nl80211: survey data missing!
02-27 12:00:21.110 I/WifiHW  (  515): REPLY: RSSI=-50
02-27 12:00:21.110 I/WifiHW  (  515): REPLY: LINKSPEED=65
02-27 12:00:21.110 I/WifiHW  (  515): REPLY: NOISE=9999
02-27 12:00:21.110 I/WifiHW  (  515): REPLY: FREQUENCY=2462
02-27 12:00:21.850 D/123     ( 1102): updateSettingTable: query time = 826
02-27 12:00:21.850 D/DialerDefaultTabReceiver( 1102): Account exist: Device/asus.local.phone
02-27 12:00:21.860 D/AsusPreferenceManager( 1102): getUpdateSettingTable: false
02-27 12:00:21.860 D/AsusPreferenceManager( 1102): getUpdateSettingTable: false
02-27 12:00:21.880 D/SendBroadcastHandler(14605): startTimer() SEND_TO_CONTACTS_WIDGET_DELETE 
02-27 12:00:21.940 I/chromium(14392): [INFO:CONSOLE(70)] "WARNING: Message from backend doesn't have data.", source:  (70)
02-27 12:00:22.180 W/BindingManager(14392): Cannot call determinedVisibility() - never saw a connection for the pid: 14392
02-27 12:00:22.220 I/chromium(14392): [INFO:CONSOLE(70)] "WARNING: Message from backend doesn't have data.", source:  (70)
02-27 12:00:22.860 W/BindingManager(14392): Cannot call determinedVisibility() - never saw a connection for the pid: 14392
02-27 12:00:23.010 I/chromium(14392): [INFO:CONSOLE(70)] "WARNING: Message from backend doesn't have data.", source:  (70)
02-27 12:00:23.230 D/dalvikvm(  515): GC_EXPLICIT freed 1070K, 49% free 19326K/37668K, paused 1ms+4ms, total 46ms
02-27 12:00:23.540 W/BindingManager(14392): Cannot call determinedVisibility() - never saw a connection for the pid: 14392
02-27 12:00:23.680 I/chromium(14392): [INFO:CONSOLE(70)] "WARNING: Message from backend doesn't have data.", source:  (70)
02-27 12:00:23.880 I/SecurityManagerService(  687): SMS received security event: App[START/com.android.providers.calendar]
02-27 12:00:23.890 D/dalvikvm(14638): Process 14638 nice name: com.android.providers.calendar
02-27 12:00:23.890 D/dalvikvm(14638): Extra Options: not specified
02-27 12:00:23.890 I/ActivityManager(  515): Start proc com.android.providers.calendar for broadcast com.android.providers.calendar/.ContactsEventUpdateReceiver: pid=14638 uid=10031 gids={50031, 3003, 1028, 1015}
02-27 12:00:24.020 V/ActivityManager(  515): Remove bg service from mStartingBackground ,r=ServiceRecord{22c8c690 u0 com.android.providers.calendar/.ContactsEventUpdateIntentService},r used time=33,left r count=1
02-27 12:00:24.040 D/SendBroadcastHandler(14605): mTimerTask sendMessage CONTACTS_INSERT 
02-27 12:00:24.040 D/SendBroadcastHandler(14605): (insert) sendBroadcast mInsertRawContacts:4
02-27 12:00:24.040 D/SendBroadcastHandler(14605): (insert) sendBroadcast mInsertName:4
02-27 12:00:24.040 D/SendBroadcastHandler(14605): (insert) sendBroadcast mInsertNameDetail:4
02-27 12:00:24.040 D/SendBroadcastHandler(14605): sendBroadcast insert to voice agent
02-27 12:00:24.110 I/WifiHW  (  515): CMD: IFNAME=wlan0 SIGNAL_POLL
02-27 12:00:24.110 D/wpa_supplicant(  628): RX ctrl_iface - hexdump(len=11): 53 49 47 4e 41 4c 5f 50 4f 4c 4c
02-27 12:00:24.110 D/wpa_supplicant(  628): wlan0: Control interface command 'SIGNAL_POLL'
02-27 12:00:24.110 D/wpa_supplicant(  628): nl80211: survey data missing!
02-27 12:00:24.110 I/WifiHW  (  515): REPLY: RSSI=-49
02-27 12:00:24.110 I/WifiHW  (  515): REPLY: LINKSPEED=65
02-27 12:00:24.110 I/WifiHW  (  515): REPLY: NOISE=9999
02-27 12:00:24.110 I/WifiHW  (  515): REPLY: FREQUENCY=2462
02-27 12:00:24.130 W/BindingManager(14392): Cannot call determinedVisibility() - never saw a connection for the pid: 14392
02-27 12:00:24.270 I/chromium(14392): [INFO:CONSOLE(70)] "WARNING: Message from backend doesn't have data.", source:  (70)
02-27 12:00:24.300 D/SendBroadcastHandler(14605): startTimer() SEND_TO_CONTACTS_INSERT 
02-27 12:00:24.480 D/dalvikvm(14605): GC_EXPLICIT freed 1115K, 14% free 7459K/8656K, paused 1ms+2ms, total 19ms
02-27 12:00:24.750 W/BindingManager(14392): Cannot call determinedVisibility() - never saw a connection for the pid: 14392
02-27 12:00:24.880 D/SendBroadcastHandler(14605): mTimerTask sendMessage CONTACTS_DELETE 
02-27 12:00:24.880 D/SendBroadcastHandler(14605): sendBroadcast delete to voice agent
02-27 12:00:24.880 D/SendBroadcastHandler(14605): (Delete) sendBroadcast mDeleteContacts:5
02-27 12:00:24.880 D/SendBroadcastHandler(14605): (Delete) sendBroadcast mDeleteRawContactsVoice:5
02-27 12:00:24.880 D/SendBroadcastHandler(14605): sendBroadcast CONTACTS_DELETE
02-27 12:00:24.880 I/chromium(14392): [INFO:CONSOLE(70)] "WARNING: Message from backend doesn't have data.", source:  (70)
02-27 12:00:24.890 D/AsusContactWigdetSync( 1102): ready to sync contact id = 5
02-27 12:00:24.890 D/AsusContactWigdetSync( 1102): ready to sync widget
02-27 12:00:24.890 D/AsusContactWigdetSync( 1102): delete contact_id = 114
02-27 12:00:24.890 D/AsusContactWigdetSync( 1102): delete contact_id = 115
02-27 12:00:24.890 D/AsusContactWigdetSync( 1102): delete contact_id = 116
02-27 12:00:24.890 D/AsusContactWigdetSync( 1102): delete contact_id = 117
02-27 12:00:24.890 D/AsusContactWigdetSync( 1102): delete contact_id = 118
02-27 12:00:24.890 D/AsusContactWigdetSync( 1102): sync isdelete = true
02-27 12:00:24.900 I/SecurityManagerService(  687): SMS received security event: App[START/com.asus.contactswidget]
02-27 12:00:24.900 D/dalvikvm(14662): Process 14662 nice name: com.asus.contactswidget
02-27 12:00:24.900 D/dalvikvm(14662): Extra Options: not specified
02-27 12:00:24.910 I/ActivityManager(  515): Start proc com.asus.contactswidget for broadcast com.asus.contactswidget/.ContactsWidgetReceiver: pid=14662 uid=10046 gids={50046}
02-27 12:00:24.930 D/AsusContactWigdetSync(14662): ready to sync contact id = 5
02-27 12:00:24.930 D/AsusContactWigdetSync(14662): ready to sync widget
02-27 12:00:24.930 D/AsusContactWigdetSync(14662): delete contact_id = 114
02-27 12:00:24.930 D/AsusContactWigdetSync(14662): delete contact_id = 115
02-27 12:00:24.930 D/AsusContactWigdetSync(14662): delete contact_id = 116
02-27 12:00:24.930 D/AsusContactWigdetSync(14662): delete contact_id = 117
02-27 12:00:24.930 D/AsusContactWigdetSync(14662): delete contact_id = 118
02-27 12:00:24.940 D/AsusContactWigdetSync(14662): sync isdelete = true
02-27 12:00:25.000 I/CalendarProvider2(14638): Sending countdown intent: Intent { act=asuscalendar.intent.action.COUNTDOWN_CHANGED dat=content://com.android.calendar }
02-27 12:00:25.000 W/ContentResolver(14638): Failed to get type for: content://com.android.calendar (Unknown URL content://com.android.calendar)
02-27 12:00:25.010 I/SecurityManagerService(  687): SMS received security event: App[START/com.asus.calendar]
02-27 12:00:25.010 I/CalendarProvider2(14638): Sending notification intent: Intent { act=android.intent.action.PROVIDER_CHANGED dat=content://com.android.calendar }
02-27 12:00:25.010 W/ContentResolver(14638): Failed to get type for: content://com.android.calendar (Unknown URL content://com.android.calendar)
02-27 12:00:25.020 D/dalvikvm(14675): Process 14675 nice name: com.asus.calendar
02-27 12:00:25.020 D/dalvikvm(14675): Extra Options: not specified
