02-27 14:28:17.702 I/OMXCodec(  186): [OMX.Intel.hw_vd.h264] video dimensions are 320 x 256
02-27 14:28:17.702 I/OMXCodec(  186): [OMX.Intel.hw_vd.h264] Crop rect is 320 x 240 @ (0, 0)
02-27 14:28:17.732 D/MOS     (  186): mm:Mos_InitInterface_Linux called
02-27 14:28:17.732 I/MOS     (  186): Init Gmm Cache Policy
02-27 14:28:17.732 D/MOS     (  186): Cache Policy is enabled for media driver on other 
02-27 14:28:17.732 D/MOS     (  186): Cache Policy is enabled for media driver on other 
02-27 14:28:17.732 D/MOS     (  186): Cache Policy is enabled for media driver on other 
02-27 14:28:17.732 D/MOS     (  186): Cache Policy is enabled for media driver on other 
02-27 14:28:17.732 D/MOS     (  186): Cache Policy is enabled for media driver on other 
02-27 14:28:17.732 D/MOS     (  186): Cache Policy is enabled for media driver on other 
02-27 14:28:17.732 D/MOS     (  186): Cache Policy is enabled for media driver on other 
02-27 14:28:17.732 D/MOS     (  186): Cache Policy is enabled for media driver on other 
02-27 14:28:17.732 D/MOS     (  186): Cache Policy is enabled for media driver on other 
02-27 14:28:17.732 D/MOS     (  186): Cache Policy is enabled for media driver on other 
02-27 14:28:17.732 D/MOS     (  186): Cache Policy is enabled for media driver on other 
02-27 14:28:17.732 D/MOS     (  186): Cache Policy is enabled for media driver on other 
02-27 14:28:17.732 D/MOS     (  186): Cache Policy is enabled for media driver on other 
02-27 14:28:17.732 D/MOS     (  186): Cache Policy is enabled for media driver on other 
02-27 14:28:17.732 D/MOS     (  186): Cache Policy is enabled for media driver on other 
02-27 14:28:17.732 D/MOS     (  186): Cache Policy is enabled for media driver on other 
02-27 14:28:17.732 D/MOS     (  186): Cache Policy is enabled for media driver on other 
02-27 14:28:17.732 D/MOS     (  186): Cache Policy is enabled for media driver on other 
02-27 14:28:17.732 D/MOS     (  186): Cache Policy is enabled for media driver on other 
02-27 14:28:17.732 D/MOS     (  186): Cache Policy is enabled for media driver on other 
02-27 14:28:17.732 D/MOS     (  186): Cache Policy is enabled for media driver on other 
02-27 14:28:17.732 D/MOS     (  186): Cache Policy is enabled for media driver on other 
02-27 14:28:17.732 D/MOS     (  186): Cache Policy is enabled for media driver on other 
02-27 14:28:17.732 D/MOS     (  186): Cache Policy is enabled for media driver on other 
02-27 14:28:17.752 I/AudioPolicyManagerBase(  186): APM: getOutput
02-27 14:28:17.752 I/AudioPolicyManagerBase(  186): APM: getOutput
02-27 14:28:17.752 I/AudioPolicyManagerBase(  186): APM: getOutput
02-27 14:28:17.752 I/AudioPolicyManagerBase(  186): APM: getOutput
02-27 14:28:17.752 D/AudioPolicyManagerALSA(  186): startOutput() output 2, stream type 3, session 333
02-27 14:28:17.762 D/AudioHardwareALSA(  186): setStreamParameters: key value pair routing=2;stream_flags=2
02-27 14:28:17.762 D/RouteManager(  186): setOutputFlags: output flags = 0x2 (Prev Flags=0x2)
02-27 14:28:17.762 D/RouteManager(  186): setDevices: 0x2
02-27 14:28:17.762 D/RouteManager(  186): setDevices: 0x2
02-27 14:28:17.762 D/RouteManager(  186): setDevices: set device = IHF to output stream
02-27 14:28:17.762 D/RouteManager(  186): setStreamParameters: identical Platform State, do not reconsider routing
02-27 14:28:17.762 W/MediaPlayer(16542): info/warning (3, 0)
02-27 14:28:17.772 D/AudioResamplerIA(  186): Create AudioResamplerIA Resampler: Input rate 22050, output rate 48000
02-27 14:28:17.772 D/        (16542): droid_create_image_android_native_buffer HAL_PIXEL_FORMAT_NV12_TILED_INTEL for native name=55
02-27 14:28:17.992 D/        (16542): droid_create_image_android_native_buffer HAL_PIXEL_FORMAT_NV12_TILED_INTEL for native name=56
02-27 14:28:18.042 D/        (16542): droid_create_image_android_native_buffer HAL_PIXEL_FORMAT_NV12_TILED_INTEL for native name=57
02-27 14:28:18.092 D/        (16542): droid_create_image_android_native_buffer HAL_PIXEL_FORMAT_NV12_TILED_INTEL for native name=58
02-27 14:28:18.122 D/        (16542): droid_create_image_android_native_buffer HAL_PIXEL_FORMAT_NV12_TILED_INTEL for native name=59
02-27 14:28:18.162 D/        (16542): droid_create_image_android_native_buffer HAL_PIXEL_FORMAT_NV12_TILED_INTEL for native name=61
02-27 14:28:18.192 D/        (16542): droid_create_image_android_native_buffer HAL_PIXEL_FORMAT_NV12_TILED_INTEL for native name=62
02-27 14:28:18.212 W/TimedEventQueue(  186): Event 17 was not found in the queue, already cancelled?
02-27 14:28:18.222 E/wrs-omxil-core(  186): OMX_GetHandle(): exit failure, OMX.Intel.hw_vd.h264 not found
02-27 14:28:18.222 I/libva   (  186): VA-API version 0.34.0
02-27 14:28:18.222 I/libva   (  186): va_getDriverName() returns 0
02-27 14:28:18.222 I/libva   (  186): Trying to open /system/lib/i965_drv_video.so
02-27 14:28:18.222 I/libva   (  186): Found init function __vaDriverInit_0_32
02-27 14:28:18.222 I/libva   (  186): va_openDriver() returns 0
02-27 14:28:18.232 I/OMXCodec(  186): [OMX.Intel.hw_vd.h264] AVC profile = 66 (Baseline), level = 30
02-27 14:28:18.232 I/OMXCodec(  186): [OMX.Intel.hw_vd.h264] video dimensions are 320 x 240
02-27 14:28:18.232 I/OMXCodec(  186): [OMX.Intel.hw_vd.h264] Crop rect is 320 x 240 @ (0, 0)
02-27 14:28:18.232 W/TimedEventQueue(  186): Event 19 was not found in the queue, already cancelled?
02-27 14:28:18.232 W/AudioFlinger(  186): session id 333 not found for pid 16542
02-27 14:28:18.232 I/MediaFocusControl(  505):  AudioFocus  abandonAudioFocus() from android.media.AudioManager@21f01218org.chromium.media.MediaPlayerListener@21feaf80
02-27 14:28:18.232 V/Avrcp   ( 1543): New genId = 210, clearing = 1
02-27 14:28:18.242 W/MediaPlayer(16542): mediaplayer went away with unhandled events
02-27 14:28:18.242 W/BindingManager(16542): Cannot call determinedVisibility() - never saw a connection for the pid: 16542
02-27 14:28:18.252 D/BatteryStatsImpl(  505): noteStopWakeLocked system isFromForeground = false
02-27 14:28:18.282 E/MediaResourceGetter(16542): File does not exist.
02-27 14:28:18.282 E/MediaResourceGetter(16542): Unable to configure metadata extractor
02-27 14:28:18.292 E/chromium(16542): [ERROR:webmediaplayer_android.cc(449)] Not implemented reached in virtual void content::WebMediaPlayerAndroid::setRate(double)
02-27 14:28:18.292 I/MediaFocusControl(  505):  AudioFocus  requestAudioFocus() from android.media.AudioManager@21f01218org.chromium.media.MediaPlayerListener@21fefb30
02-27 14:28:18.292 V/Avrcp   ( 1543): New genId = 211, clearing = 1
02-27 14:28:18.312 I/cmodule (  186): module libOMXVideoDecoderH263.so successfully loaded
02-27 14:28:18.312 I/componentbase(  186): OMX.Intel.VideoDecoder.H263: set working role video_decoder.h263:
02-27 14:28:18.312 I/wrs-omxil-core(  186): get handle of component OMX.Intel.VideoDecoder.H263 successfully
02-27 14:28:18.312 I/componentbase(  186): OMX.Intel.VideoDecoder.H263: set working role video_decoder.h263:
02-27 14:28:18.312 I/OMXVideoDecoder(  186): Rotation Degree = 0
02-27 14:28:18.312 D/OMXCodec(  186): set NativeWindow = 0xb8dbe2d8
02-27 14:28:18.312 I/OMXCodec(  186): [OMX.Intel.VideoDecoder.H263] video dimensions are 352 x 288
02-27 14:28:18.322 D/OMXVideoDecoder(  186): NativeWindow = 0xb8dbe2d8
02-27 14:28:18.322 I/VideoDecoder(  186): mParserType = 2
02-27 14:28:18.322 W/VideoDecoder(  186): No config data to start VA.
02-27 14:28:18.322 D/componentbase(  186): OMX.Intel.VideoDecoder.H263:video_decoder.h263: transition from OMX_StateLoaded to OMX_StateIdle completed
02-27 14:28:18.322 D/componentbase(  186): OMX.Intel.VideoDecoder.H263:video_decoder.h263: transition from OMX_StateIdle to OMX_StateExecuting completed
02-27 14:28:18.322 D/AudioHardwareALSA(  186): setParameters
02-27 14:28:18.322 W/RouteManager(  186): doSetParameters: Unhandled argument.
02-27 14:28:18.322 I/SoftOMXPlugin(  186): Created OMXPlugin : OMX.Intel.aac.decoder
02-27 14:28:18.322 E/MediaPlayer(16542): Should have subtitle controller already set
02-27 14:28:18.322 D/MediaPlayer(16542): getMetadata
02-27 14:28:18.332 I/VideoDecoder(  186): updateFormatInfo: current size: 352 x 288, new size: 352 x 288
02-27 14:28:18.332 I/VideoDecoder(  186): Using PVR driver
02-27 14:28:18.332 I/libva   (  186): VA-API version 0.34.0
02-27 14:28:18.332 I/libva   (  186): va_getDriverName() returns 0
02-27 14:28:18.332 I/libva   (  186): Trying to open /system/lib/pvr_drv_video.so
02-27 14:28:18.342 I/libva   (  186): Found init function __vaDriverInit_0_32
02-27 14:28:18.352 I/libva   (  186): va_openDriver() returns 0
02-27 14:28:18.352 D/pvr_drv_video(  186): format is 0x1, width is 352, height is 288, num_surfaces is 10.
02-27 14:28:18.352 D/pvr_drv_video(  186): external_buffers->pixel_format is 0x3231564e.
02-27 14:28:18.352 W/pvr_drv_video(  186): int gralloc_lock(buffer_handle_t, int, int, int, int, int, void**): gralloc module has not been initialized. Should initialize it first
02-27 14:28:18.352 D/pvr_drv_video(  186): hw_get_module returned
02-27 14:28:18.372 I/AudioPolicyManagerBase(  186): APM: getOutput
02-27 14:28:18.372 I/AudioPolicyManagerBase(  186): APM: getOutput
02-27 14:28:18.372 I/AudioPolicyManagerBase(  186): APM: getOutput
02-27 14:28:18.372 I/AudioPolicyManagerBase(  186): APM: getOutput
02-27 14:28:18.372 D/AudioPolicyManagerALSA(  186): startOutput() output 2, stream type 3, session 334
02-27 14:28:18.382 D/AudioHardwareALSA(  186): setStreamParameters: key value pair routing=2;stream_flags=2
02-27 14:28:18.382 D/RouteManager(  186): setOutputFlags: output flags = 0x2 (Prev Flags=0x2)
02-27 14:28:18.382 D/RouteManager(  186): setDevices: 0x2
02-27 14:28:18.382 D/RouteManager(  186): setDevices: 0x2
02-27 14:28:18.382 D/RouteManager(  186): setDevices: set device = IHF to output stream
02-27 14:28:18.382 D/RouteManager(  186): setStreamParameters: identical Platform State, do not reconsider routing
02-27 14:28:18.382 W/MediaPlayer(16542): info/warning (3, 0)
02-27 14:28:18.392 D/        (16542): droid_create_image_android_native_buffer HAL_PIXEL_FORMAT_NV12_TILED_INTEL for native name=55
02-27 14:28:18.392 D/AudioResamplerIA(  186): Create AudioResamplerIA Resampler: Input rate 44100, output rate 48000
02-27 14:28:18.612 D/        (16542): droid_create_image_android_native_buffer HAL_PIXEL_FORMAT_NV12_TILED_INTEL for native name=56
02-27 14:28:18.642 D/        (16542): droid_create_image_android_native_buffer HAL_PIXEL_FORMAT_NV12_TILED_INTEL for native name=57
02-27 14:28:18.672 D/        (16542): droid_create_image_android_native_buffer HAL_PIXEL_FORMAT_NV12_TILED_INTEL for native name=58
02-27 14:28:18.702 D/        (16542): droid_create_image_android_native_buffer HAL_PIXEL_FORMAT_NV12_TILED_INTEL for native name=59
02-27 14:28:18.742 D/        (16542): droid_create_image_android_native_buffer HAL_PIXEL_FORMAT_NV12_TILED_INTEL for native name=61
02-27 14:28:18.772 D/        (16542): droid_create_image_android_native_buffer HAL_PIXEL_FORMAT_NV12_TILED_INTEL for native name=63
02-27 14:28:18.812 D/        (16542): droid_create_image_android_native_buffer HAL_PIXEL_FORMAT_NV12_TILED_INTEL for native name=64
02-27 14:28:18.842 D/        (16542): droid_create_image_android_native_buffer HAL_PIXEL_FORMAT_NV12_TILED_INTEL for native name=65
02-27 14:28:18.892 D/        (16542): droid_create_image_android_native_buffer HAL_PIXEL_FORMAT_NV12_TILED_INTEL for native name=66
02-27 14:28:19.842 I/WifiHW  (  505): CMD: IFNAME=wlan0 SIGNAL_POLL
02-27 14:28:19.842 D/wpa_supplicant(  711): RX ctrl_iface - hexdump(len=11): 53 49 47 4e 41 4c 5f 50 4f 4c 4c
02-27 14:28:19.842 D/wpa_supplicant(  711): wlan0: Control interface command 'SIGNAL_POLL'
02-27 14:28:19.872 D/wpa_supplicant(  711): nl80211: survey data missing!
02-27 14:28:19.872 I/WifiHW  (  505): REPLY: RSSI=-55
02-27 14:28:19.872 I/WifiHW  (  505): REPLY: LINKSPEED=65
02-27 14:28:19.872 I/WifiHW  (  505): REPLY: NOISE=9999
02-27 14:28:19.872 I/WifiHW  (  505): REPLY: FREQUENCY=2437
02-27 14:28:20.262 W/TimedEventQueue(  186): Event 63 was not found in the queue, already cancelled?
02-27 14:28:20.282 D/BatteryStatsImpl(  505): noteStopWakeLocked system isFromForeground = false
02-27 14:28:20.362 I/OMXVideoDecoder(  186): Flushing port# 4294967295.
02-27 14:28:20.362 W/OMXVideoDecoder(  186): Flushing video pipeline.
02-27 14:28:20.372 D/componentbase(  186): OMX.Intel.VideoDecoder.H263:video_decoder.h263: transition from OMX_StateExecuting to OMX_StateIdle completed
02-27 14:28:20.372 D/componentbase(  186): OMX.Intel.VideoDecoder.H263:video_decoder.h263: transition from OMX_StateIdle to OMX_StateLoaded completed
02-27 14:28:20.372 I/VideoDecoder(  186): Deleting decoder for video/h263
02-27 14:28:20.372 I/cmodule (  186): module libOMXVideoDecoderH263.so successfully unloaded
02-27 14:28:20.372 I/wrs-omxil-core(  186): free handle of component OMX.Intel.VideoDecoder.H263 successfully
02-27 14:28:20.372 I/cmodule (  186): module libOMXVideoDecoderH263.so successfully loaded
02-27 14:28:20.372 I/componentbase(  186): OMX.Intel.VideoDecoder.H263: set working role video_decoder.h263:
02-27 14:28:20.372 I/wrs-omxil-core(  186): get handle of component OMX.Intel.VideoDecoder.H263 successfully
02-27 14:28:20.382 I/componentbase(  186): OMX.Intel.VideoDecoder.H263: set working role video_decoder.h263:
02-27 14:28:20.382 I/OMXVideoDecoder(  186): Rotation Degree = 0
02-27 14:28:20.382 I/OMXCodec(  186): [OMX.Intel.VideoDecoder.H263] video dimensions are 352 x 288
02-27 14:28:20.382 I/VideoDecoder(  186): mParserType = 2
02-27 14:28:20.382 W/VideoDecoder(  186): No config data to start VA.
02-27 14:28:20.382 D/componentbase(  186): OMX.Intel.VideoDecoder.H263:video_decoder.h263: transition from OMX_StateLoaded to OMX_StateIdle completed
02-27 14:28:20.382 D/componentbase(  186): OMX.Intel.VideoDecoder.H263:video_decoder.h263: transition from OMX_StateIdle to OMX_StateExecuting completed
02-27 14:28:20.382 I/OMXVideoDecoder(  186): Flushing port# 4294967295.
02-27 14:28:20.382 W/OMXVideoDecoder(  186): Flushing video pipeline.
02-27 14:28:20.382 D/componentbase(  186): OMX.Intel.VideoDecoder.H263:video_decoder.h263: transition from OMX_StateExecuting to OMX_StateIdle completed
02-27 14:28:20.382 D/componentbase(  186): OMX.Intel.VideoDecoder.H263:video_decoder.h263: transition from OMX_StateIdle to OMX_StateLoaded completed
02-27 14:28:20.382 I/VideoDecoder(  186): Deleting decoder for video/h263
02-27 14:28:20.382 I/cmodule (  186): module libOMXVideoDecoderH263.so successfully unloaded
02-27 14:28:20.382 I/wrs-omxil-core(  186): free handle of component OMX.Intel.VideoDecoder.H263 successfully
02-27 14:28:20.382 W/AudioFlinger(  186): session id 334 not found for pid 16542
02-27 14:28:20.382 I/MediaFocusControl(  505):  AudioFocus  abandonAudioFocus() from android.media.AudioManager@21f01218org.chromium.media.MediaPlayerListener@21fefb30
02-27 14:28:20.382 V/Avrcp   ( 1543): New genId = 212, clearing = 1
02-27 14:28:20.392 W/BindingManager(16542): Cannot call determinedVisibility() - never saw a connection for the pid: 16542
02-27 14:28:20.432 E/MediaResourceGetter(16542): File does not exist.
02-27 14:28:20.432 E/MediaResourceGetter(16542): Unable to configure metadata extractor
02-27 14:28:20.442 E/chromium(16542): [ERROR:webmediaplayer_android.cc(449)] Not implemented reached in virtual void content::WebMediaPlayerAndroid::setRate(double)
02-27 14:28:20.442 I/MediaFocusControl(  505):  AudioFocus  requestAudioFocus() from android.media.AudioManager@21f01218org.chromium.media.MediaPlayerListener@21ff9d08
02-27 14:28:20.442 V/Avrcp   ( 1543): New genId = 213, clearing = 1
02-27 14:28:20.462 I/cmodule (  186): module libOMXVideoDecoderH263.so successfully loaded
02-27 14:28:20.462 I/componentbase(  186): OMX.Intel.VideoDecoder.H263: set working role video_decoder.h263:
02-27 14:28:20.462 I/wrs-omxil-core(  186): get handle of component OMX.Intel.VideoDecoder.H263 successfully
02-27 14:28:20.462 I/componentbase(  186): OMX.Intel.VideoDecoder.H263: set working role video_decoder.h263:
02-27 14:28:20.462 I/OMXVideoDecoder(  186): Rotation Degree = 0
02-27 14:28:20.462 I/OMXCodec(  186): [OMX.Intel.VideoDecoder.H263] video dimensions are 352 x 288
02-27 14:28:20.462 I/VideoDecoder(  186): mParserType = 2
02-27 14:28:20.462 W/VideoDecoder(  186): No config data to start VA.
02-27 14:28:20.462 D/componentbase(  186): OMX.Intel.VideoDecoder.H263:video_decoder.h263: transition from OMX_StateLoaded to OMX_StateIdle completed
02-27 14:28:20.462 D/componentbase(  186): OMX.Intel.VideoDecoder.H263:video_decoder.h263: transition from OMX_StateIdle to OMX_StateExecuting completed
02-27 14:28:20.462 D/AudioHardwareALSA(  186): setParameters
02-27 14:28:20.462 W/RouteManager(  186): doSetParameters: Unhandled argument.
02-27 14:28:20.462 I/SoftOMXPlugin(  186): Created OMXPlugin : OMX.Intel.aac.decoder
02-27 14:28:20.462 I/OMXVideoDecoder(  186): Flushing port# 4294967295.
02-27 14:28:20.462 W/OMXVideoDecoder(  186): Flushing video pipeline.
02-27 14:28:20.462 D/componentbase(  186): OMX.Intel.VideoDecoder.H263:video_decoder.h263: transition from OMX_StateExecuting to OMX_StateIdle completed
02-27 14:28:20.462 D/componentbase(  186): OMX.Intel.VideoDecoder.H263:video_decoder.h263: transition from OMX_StateIdle to OMX_StateLoaded completed
02-27 14:28:20.462 I/VideoDecoder(  186): Deleting decoder for video/h263
02-27 14:28:20.462 I/cmodule (  186): module libOMXVideoDecoderH263.so successfully unloaded
02-27 14:28:20.462 I/wrs-omxil-core(  186): free handle of component OMX.Intel.VideoDecoder.H263 successfully
02-27 14:28:20.462 I/cmodule (  186): module libOMXVideoDecoderH263.so successfully loaded
02-27 14:28:20.462 I/componentbase(  186): OMX.Intel.VideoDecoder.H263: set working role video_decoder.h263:
02-27 14:28:20.462 I/wrs-omxil-core(  186): get handle of component OMX.Intel.VideoDecoder.H263 successfully
02-27 14:28:20.462 I/componentbase(  186): OMX.Intel.VideoDecoder.H263: set working role video_decoder.h263:
02-27 14:28:20.462 I/OMXVideoDecoder(  186): Rotation Degree = 0
02-27 14:28:20.462 D/OMXCodec(  186): set NativeWindow = 0xb8c88698
02-27 14:28:20.462 I/OMXCodec(  186): [OMX.Intel.VideoDecoder.H263] video dimensions are 352 x 288
02-27 14:28:20.472 D/OMXVideoDecoder(  186): NativeWindow = 0xb8c88698
02-27 14:28:20.472 I/VideoDecoder(  186): mParserType = 2
02-27 14:28:20.472 W/VideoDecoder(  186): No config data to start VA.
02-27 14:28:20.472 D/componentbase(  186): OMX.Intel.VideoDecoder.H263:video_decoder.h263: transition from OMX_StateLoaded to OMX_StateIdle completed
02-27 14:28:20.472 D/componentbase(  186): OMX.Intel.VideoDecoder.H263:video_decoder.h263: transition from OMX_StateIdle to OMX_StateExecuting completed
02-27 14:28:20.472 E/MediaPlayer(16542): Should have subtitle controller already set
02-27 14:28:20.482 D/MediaPlayer(16542): getMetadata
02-27 14:28:20.492 I/VideoDecoder(  186): updateFormatInfo: current size: 352 x 288, new size: 352 x 288
02-27 14:28:20.492 I/VideoDecoder(  186): Using PVR driver
02-27 14:28:20.492 I/libva   (  186): VA-API version 0.34.0
02-27 14:28:20.492 I/libva   (  186): va_getDriverName() returns 0
02-27 14:28:20.492 I/libva   (  186): Trying to open /system/lib/pvr_drv_video.so
02-27 14:28:20.492 I/libva   (  186): Found init function __vaDriverInit_0_32
02-27 14:28:20.492 I/libva   (  186): va_openDriver() returns 0
02-27 14:28:20.492 D/pvr_drv_video(  186): format is 0x1, width is 352, height is 288, num_surfaces is 10.
02-27 14:28:20.492 D/pvr_drv_video(  186): external_buffers->pixel_format is 0x3231564e.
02-27 14:28:20.492 W/pvr_drv_video(  186): int gralloc_lock(buffer_handle_t, int, int, int, int, int, void**): gralloc module has not been initialized. Should initialize it first
02-27 14:28:20.492 D/pvr_drv_video(  186): hw_get_module returned
02-27 14:28:20.522 I/AudioPolicyManagerBase(  186): APM: getOutput
02-27 14:28:20.522 I/AudioPolicyManagerBase(  186): APM: getOutput
02-27 14:28:20.522 I/AudioPolicyManagerBase(  186): APM: getOutput
02-27 14:28:20.522 I/AudioPolicyManagerBase(  186): APM: getOutput
02-27 14:28:20.522 D/AudioPolicyManagerALSA(  186): startOutput() output 2, stream type 3, session 335
02-27 14:28:20.532 D/AudioHardwareALSA(  186): setStreamParameters: key value pair routing=2;stream_flags=2
02-27 14:28:20.532 D/RouteManager(  186): setOutputFlags: output flags = 0x2 (Prev Flags=0x2)
02-27 14:28:20.532 D/RouteManager(  186): setDevices: 0x2
02-27 14:28:20.532 D/RouteManager(  186): setDevices: 0x2
02-27 14:28:20.532 D/RouteManager(  186): setDevices: set device = IHF to output stream
02-27 14:28:20.532 D/RouteManager(  186): setStreamParameters: identical Platform State, do not reconsider routing
02-27 14:28:20.542 D/AudioResamplerIA(  186): Create AudioResamplerIA Resampler: Input rate 44100, output rate 48000
02-27 14:28:20.682 W/MediaPlayer(16542): info/warning (3, 0)
02-27 14:28:20.702 D/        (16542): droid_create_image_android_native_buffer HAL_PIXEL_FORMAT_NV12_TILED_INTEL for native name=55
02-27 14:28:20.732 D/        (16542): droid_create_image_android_native_buffer HAL_PIXEL_FORMAT_NV12_TILED_INTEL for native name=57
02-27 14:28:20.782 D/        (16542): droid_create_image_android_native_buffer HAL_PIXEL_FORMAT_NV12_TILED_INTEL for native name=58
02-27 14:28:20.812 D/        (16542): droid_create_image_android_native_buffer HAL_PIXEL_FORMAT_NV12_TILED_INTEL for native name=59
02-27 14:28:20.852 D/        (16542): droid_create_image_android_native_buffer HAL_PIXEL_FORMAT_NV12_TILED_INTEL for native name=61
02-27 14:28:20.882 D/        (16542): droid_create_image_android_native_buffer HAL_PIXEL_FORMAT_NV12_TILED_INTEL for native name=63
02-27 14:28:20.912 D/        (16542): droid_create_image_android_native_buffer HAL_PIXEL_FORMAT_NV12_TILED_INTEL for native name=64
02-27 14:28:20.952 D/        (16542): droid_create_image_android_native_buffer HAL_PIXEL_FORMAT_NV12_TILED_INTEL for native name=65
02-27 14:28:20.982 D/        (16542): droid_create_image_android_native_buffer HAL_PIXEL_FORMAT_NV12_TILED_INTEL for native name=66
02-27 14:28:21.022 D/        (16542): droid_create_image_android_native_buffer HAL_PIXEL_FORMAT_NV12_TILED_INTEL for native name=70
02-27 14:28:21.062 W/TimedEventQueue(  186): Event 19 was not found in the queue, already cancelled?
02-27 14:28:21.062 I/OMXVideoDecoder(  186): Flushing port# 4294967295.
02-27 14:28:21.062 W/OMXVideoDecoder(  186): Flushing video pipeline.
02-27 14:28:21.062 D/componentbase(  186): OMX.Intel.VideoDecoder.H263:video_decoder.h263: transition from OMX_StateExecuting to OMX_StateIdle completed
02-27 14:28:21.062 D/componentbase(  186): OMX.Intel.VideoDecoder.H263:video_decoder.h263: transition from OMX_StateIdle to OMX_StateLoaded completed
02-27 14:28:21.062 I/VideoDecoder(  186): Deleting decoder for video/h263
02-27 14:28:21.062 I/cmodule (  186): module libOMXVideoDecoderH263.so successfully unloaded
02-27 14:28:21.062 I/wrs-omxil-core(  186): free handle of component OMX.Intel.VideoDecoder.H263 successfully
02-27 14:28:21.072 I/cmodule (  186): module libOMXVideoDecoderH263.so successfully loaded
02-27 14:28:21.072 I/componentbase(  186): OMX.Intel.VideoDecoder.H263: set working role video_decoder.h263:
02-27 14:28:21.072 I/wrs-omxil-core(  186): get handle of component OMX.Intel.VideoDecoder.H263 successfully
02-27 14:28:21.072 I/componentbase(  186): OMX.Intel.VideoDecoder.H263: set working role video_decoder.h263:
02-27 14:28:21.072 I/OMXVideoDecoder(  186): Rotation Degree = 0
02-27 14:28:21.072 I/OMXCodec(  186): [OMX.Intel.VideoDecoder.H263] video dimensions are 352 x 288
02-27 14:28:21.072 I/VideoDecoder(  186): mParserType = 2
02-27 14:28:21.072 W/VideoDecoder(  186): No config data to start VA.
02-27 14:28:21.072 D/componentbase(  186): OMX.Intel.VideoDecoder.H263:video_decoder.h263: transition from OMX_StateLoaded to OMX_StateIdle completed
02-27 14:28:21.072 D/componentbase(  186): OMX.Intel.VideoDecoder.H263:video_decoder.h263: transition from OMX_StateIdle to OMX_StateExecuting completed
02-27 14:28:21.082 W/TimedEventQueue(  186): Event 20 was not found in the queue, already cancelled?
02-27 14:28:21.082 I/OMXVideoDecoder(  186): Flushing port# 4294967295.
02-27 14:28:21.082 W/OMXVideoDecoder(  186): Flushing video pipeline.
02-27 14:28:21.082 D/componentbase(  186): OMX.Intel.VideoDecoder.H263:video_decoder.h263: transition from OMX_StateExecuting to OMX_StateIdle completed
02-27 14:28:21.082 D/componentbase(  186): OMX.Intel.VideoDecoder.H263:video_decoder.h263: transition from OMX_StateIdle to OMX_StateLoaded completed
02-27 14:28:21.082 I/VideoDecoder(  186): Deleting decoder for video/h263
02-27 14:28:21.082 I/cmodule (  186): module libOMXVideoDecoderH263.so successfully unloaded
02-27 14:28:21.082 I/wrs-omxil-core(  186): free handle of component OMX.Intel.VideoDecoder.H263 successfully
02-27 14:28:21.082 W/AudioFlinger(  186): session id 335 not found for pid 16542
02-27 14:28:21.082 I/MediaFocusControl(  505):  AudioFocus  abandonAudioFocus() from android.media.AudioManager@21f01218org.chromium.media.MediaPlayerListener@21ff9d08
02-27 14:28:21.082 V/Avrcp   ( 1543): New genId = 214, clearing = 1
02-27 14:28:21.082 W/MediaPlayer(16542): mediaplayer went away with unhandled events
02-27 14:28:21.092 D/BatteryStatsImpl(  505): noteStopWakeLocked system isFromForeground = false
02-27 14:28:21.102 W/BindingManager(16542): Cannot call determinedVisibility() - never saw a connection for the pid: 16542
02-27 14:28:21.142 E/MediaResourceGetter(16542): File does not exist.
02-27 14:28:21.142 E/MediaResourceGetter(16542): Unable to configure metadata extractor
02-27 14:28:21.152 E/chromium(16542): [ERROR:webmediaplayer_android.cc(449)] Not implemented reached in virtual void content::WebMediaPlayerAndroid::setRate(double)
02-27 14:28:21.152 I/MediaFocusControl(  505):  AudioFocus  requestAudioFocus() from android.media.AudioManager@21f01218org.chromium.media.MediaPlayerListener@21ffeba8
02-27 14:28:21.152 V/Avrcp   ( 1543): New genId = 215, clearing = 1
02-27 14:28:21.172 I/cmodule (  186): module libOMXVideoDecoderMPEG4.so successfully loaded
02-27 14:28:21.172 I/componentbase(  186): OMX.Intel.VideoDecoder.MPEG4: set working role video_decoder.mpeg4:
02-27 14:28:21.172 I/wrs-omxil-core(  186): get handle of component OMX.Intel.VideoDecoder.MPEG4 successfully
02-27 14:28:21.172 I/componentbase(  186): OMX.Intel.VideoDecoder.MPEG4: set working role video_decoder.mpeg4:
02-27 14:28:21.172 I/OMXVideoDecoder(  186): Rotation Degree = 0
02-27 14:28:21.172 I/OMXCodec(  186): [OMX.Intel.VideoDecoder.MPEG4] video dimensions are 176 x 144
02-27 14:28:21.172 I/VideoDecoder(  186): mParserType = 2
02-27 14:28:21.172 W/VideoDecoder(  186): No config data to start VA.
02-27 14:28:21.172 D/componentbase(  186): OMX.Intel.VideoDecoder.MPEG4:video_decoder.mpeg4: transition from OMX_StateLoaded to OMX_StateIdle completed
02-27 14:28:21.172 D/componentbase(  186): OMX.Intel.VideoDecoder.MPEG4:video_decoder.mpeg4: transition from OMX_StateIdle to OMX_StateExecuting completed
02-27 14:28:21.172 I/cip_amrNBdec(  186): USC Decoder plugin created, Media Codecs version: 1.0.2098
02-27 14:28:21.172 I/OMXVideoDecoder(  186): Flushing port# 4294967295.
02-27 14:28:21.172 W/OMXVideoDecoder(  186): Flushing video pipeline.
02-27 14:28:21.172 D/componentbase(  186): OMX.Intel.VideoDecoder.MPEG4:video_decoder.mpeg4: transition from OMX_StateExecuting to OMX_StateIdle completed
02-27 14:28:21.172 D/componentbase(  186): OMX.Intel.VideoDecoder.MPEG4:video_decoder.mpeg4: transition from OMX_StateIdle to OMX_StateLoaded completed
02-27 14:28:21.172 I/VideoDecoder(  186): Deleting decoder for video/mpeg4
02-27 14:28:21.172 I/cmodule (  186): module libOMXVideoDecoderMPEG4.so successfully unloaded
02-27 14:28:21.172 I/wrs-omxil-core(  186): free handle of component OMX.Intel.VideoDecoder.MPEG4 successfully
02-27 14:28:21.172 I/cmodule (  186): module libOMXVideoDecoderMPEG4.so successfully loaded
02-27 14:28:21.172 I/componentbase(  186): OMX.Intel.VideoDecoder.MPEG4: set working role video_decoder.mpeg4:
02-27 14:28:21.172 I/wrs-omxil-core(  186): get handle of component OMX.Intel.VideoDecoder.MPEG4 successfully
02-27 14:28:21.172 I/componentbase(  186): OMX.Intel.VideoDecoder.MPEG4: set working role video_decoder.mpeg4:
02-27 14:28:21.172 I/OMXVideoDecoder(  186): Rotation Degree = 0
02-27 14:28:21.172 D/OMXCodec(  186): set NativeWindow = 0xb8d86ef8
02-27 14:28:21.172 I/OMXCodec(  186): [OMX.Intel.VideoDecoder.MPEG4] video dimensions are 176 x 144
02-27 14:28:21.182 D/OMXVideoDecoder(  186): NativeWindow = 0xb8d86ef8
02-27 14:28:21.182 I/VideoDecoder(  186): mParserType = 2
02-27 14:28:21.182 W/VideoDecoder(  186): No config data to start VA.
02-27 14:28:21.182 D/componentbase(  186): OMX.Intel.VideoDecoder.MPEG4:video_decoder.mpeg4: transition from OMX_StateLoaded to OMX_StateIdle completed
02-27 14:28:21.182 D/componentbase(  186): OMX.Intel.VideoDecoder.MPEG4:video_decoder.mpeg4: transition from OMX_StateIdle to OMX_StateExecuting completed
02-27 14:28:21.182 E/MediaPlayer(16542): Should have subtitle controller already set
02-27 14:28:21.182 D/MediaPlayer(16542): getMetadata
02-27 14:28:21.192 I/OMXVideoDecoder(  186): Buffer has OMX_BUFFERFLAG_CODECCONFIG flag.
02-27 14:28:21.192 I/VideoDecoder(  186): updateFormatInfo: current size: 176 x 144, new size: 176 x 144
02-27 14:28:21.192 I/VideoDecoder(  186): Using PVR driver
02-27 14:28:21.192 I/libva   (  186): VA-API version 0.34.0
02-27 14:28:21.192 I/libva   (  186): va_getDriverName() returns 0
02-27 14:28:21.192 I/libva   (  186): Trying to open /system/lib/pvr_drv_video.so
02-27 14:28:21.192 I/libva   (  186): Found init function __vaDriverInit_0_32
02-27 14:28:21.192 I/libva   (  186): va_openDriver() returns 0
02-27 14:28:21.192 D/pvr_drv_video(  186): format is 0x1, width is 176, height is 160, num_surfaces is 15.
02-27 14:28:21.192 D/pvr_drv_video(  186): external_buffers->pixel_format is 0x3231564e.
02-27 14:28:21.192 W/pvr_drv_video(  186): int gralloc_lock(buffer_handle_t, int, int, int, int, int, void**): gralloc module has not been initialized. Should initialize it first
02-27 14:28:21.192 D/pvr_drv_video(  186): hw_get_module returned
02-27 14:28:21.202 W/VideoDecoder(  186): number_picture_data == 0
02-27 14:28:21.222 I/AudioPolicyManagerBase(  186): APM: getOutput
02-27 14:28:21.222 I/AudioPolicyManagerBase(  186): APM: getOutput
02-27 14:28:21.222 I/AudioPolicyManagerBase(  186): APM: getOutput
02-27 14:28:21.222 I/AudioPolicyManagerBase(  186): APM: getOutput
02-27 14:28:21.222 D/AudioPolicyManagerALSA(  186): startOutput() output 2, stream type 3, session 336
02-27 14:28:21.222 D/AudioHardwareALSA(  186): setStreamParameters: key value pair routing=2;stream_flags=2
02-27 14:28:21.222 D/RouteManager(  186): setOutputFlags: output flags = 0x2 (Prev Flags=0x2)
02-27 14:28:21.232 D/RouteManager(  186): setDevices: 0x2
02-27 14:28:21.232 D/RouteManager(  186): setDevices: 0x2
02-27 14:28:21.232 D/RouteManager(  186): setDevices: set device = IHF to output stream
02-27 14:28:21.232 D/RouteManager(  186): setStreamParameters: identical Platform State, do not reconsider routing
02-27 14:28:21.242 D/AudioResamplerIA(  186): Create AudioResamplerIA Resampler: Input rate 8000, output rate 48000
02-27 14:28:21.402 W/MediaPlayer(16542): info/warning (3, 0)
02-27 14:28:21.442 D/        (16542): droid_create_image_android_native_buffer HAL_PIXEL_FORMAT_NV12_TILED_INTEL for native name=56
02-27 14:28:21.482 D/        (16542): droid_create_image_android_native_buffer HAL_PIXEL_FORMAT_NV12_TILED_INTEL for native name=57
02-27 14:28:21.532 D/        (16542): droid_create_image_android_native_buffer HAL_PIXEL_FORMAT_NV12_TILED_INTEL for native name=58
02-27 14:28:21.612 D/        (16542): droid_create_image_android_native_buffer HAL_PIXEL_FORMAT_NV12_TILED_INTEL for native name=59
02-27 14:28:21.672 D/        (16542): droid_create_image_android_native_buffer HAL_PIXEL_FORMAT_NV12_TILED_INTEL for native name=61
02-27 14:28:21.732 D/        (16542): droid_create_image_android_native_buffer HAL_PIXEL_FORMAT_NV12_TILED_INTEL for native name=63
02-27 14:28:21.812 D/        (16542): droid_create_image_android_native_buffer HAL_PIXEL_FORMAT_NV12_TILED_INTEL for native name=64
02-27 14:28:21.882 D/        (16542): droid_create_image_android_native_buffer HAL_PIXEL_FORMAT_NV12_TILED_INTEL for native name=65
02-27 14:28:21.932 D/        (16542): droid_create_image_android_native_buffer HAL_PIXEL_FORMAT_NV12_TILED_INTEL for native name=66
02-27 14:28:22.002 D/        (16542): droid_create_image_android_native_buffer HAL_PIXEL_FORMAT_NV12_TILED_INTEL for native name=70
02-27 14:28:22.082 D/        (16542): droid_create_image_android_native_buffer HAL_PIXEL_FORMAT_NV12_TILED_INTEL for native name=71
02-27 14:28:22.132 D/        (16542): droid_create_image_android_native_buffer HAL_PIXEL_FORMAT_NV12_TILED_INTEL for native name=72
02-27 14:28:22.222 D/        (16542): droid_create_image_android_native_buffer HAL_PIXEL_FORMAT_NV12_TILED_INTEL for native name=73
02-27 14:28:22.282 D/        (16542): droid_create_image_android_native_buffer HAL_PIXEL_FORMAT_NV12_TILED_INTEL for native name=74
02-27 14:28:22.352 D/        (16542): droid_create_image_android_native_buffer HAL_PIXEL_FORMAT_NV12_TILED_INTEL for native name=75
02-27 14:28:22.882 I/WifiHW  (  505): CMD: IFNAME=wlan0 SIGNAL_POLL
02-27 14:28:22.882 D/wpa_supplicant(  711): RX ctrl_iface - hexdump(len=11): 53 49 47 4e 41 4c 5f 50 4f 4c 4c
02-27 14:28:22.882 D/wpa_supplicant(  711): wlan0: Control interface command 'SIGNAL_POLL'
02-27 14:28:22.912 D/wpa_supplicant(  711): nl80211: survey data missing!
02-27 14:28:22.912 I/WifiHW  (  505): REPLY: RSSI=-54
02-27 14:28:22.912 I/WifiHW  (  505): REPLY: LINKSPEED=65
02-27 14:28:22.912 I/WifiHW  (  505): REPLY: NOISE=9999
02-27 14:28:22.912 I/WifiHW  (  505): REPLY: FREQUENCY=2437
02-27 14:28:23.132 W/TimedEventQueue(  186): Event 24 was not found in the queue, already cancelled?
02-27 14:28:23.152 D/BatteryStatsImpl(  505): noteStopWakeLocked system isFromForeground = false
02-27 14:28:23.222 I/OMXVideoDecoder(  186): Flushing port# 4294967295.
02-27 14:28:23.222 W/OMXVideoDecoder(  186): Flushing video pipeline.
02-27 14:28:23.222 D/componentbase(  186): OMX.Intel.VideoDecoder.MPEG4:video_decoder.mpeg4: transition from OMX_StateExecuting to OMX_StateIdle completed
02-27 14:28:23.222 D/componentbase(  186): OMX.Intel.VideoDecoder.MPEG4:video_decoder.mpeg4: transition from OMX_StateIdle to OMX_StateLoaded completed
02-27 14:28:23.222 I/VideoDecoder(  186): Deleting decoder for video/mpeg4
02-27 14:28:23.222 I/cmodule (  186): module libOMXVideoDecoderMPEG4.so successfully unloaded
02-27 14:28:23.222 I/wrs-omxil-core(  186): free handle of component OMX.Intel.VideoDecoder.MPEG4 successfully
02-27 14:28:23.222 I/cmodule (  186): module libOMXVideoDecoderMPEG4.so successfully loaded
02-27 14:28:23.222 I/componentbase(  186): OMX.Intel.VideoDecoder.MPEG4: set working role video_decoder.mpeg4:
02-27 14:28:23.222 I/wrs-omxil-core(  186): get handle of component OMX.Intel.VideoDecoder.MPEG4 successfully
02-27 14:28:23.222 I/componentbase(  186): OMX.Intel.VideoDecoder.MPEG4: set working role video_decoder.mpeg4:
02-27 14:28:23.222 I/OMXVideoDecoder(  186): Rotation Degree = 0
02-27 14:28:23.222 I/OMXCodec(  186): [OMX.Intel.VideoDecoder.MPEG4] video dimensions are 176 x 144
02-27 14:28:23.222 I/VideoDecoder(  186): mParserType = 2
02-27 14:28:23.222 W/VideoDecoder(  186): No config data to start VA.
02-27 14:28:23.222 D/componentbase(  186): OMX.Intel.VideoDecoder.MPEG4:video_decoder.mpeg4: transition from OMX_StateLoaded to OMX_StateIdle completed
02-27 14:28:23.222 D/componentbase(  186): OMX.Intel.VideoDecoder.MPEG4:video_decoder.mpeg4: transition from OMX_StateIdle to OMX_StateExecuting completed
02-27 14:28:23.232 I/cip_amrNBdec(  186): USC Decoder plugin deleted
02-27 14:28:23.232 I/OMXVideoDecoder(  186): Flushing port# 4294967295.
02-27 14:28:23.232 W/OMXVideoDecoder(  186): Flushing video pipeline.
02-27 14:28:23.232 D/componentbase(  186): OMX.Intel.VideoDecoder.MPEG4:video_decoder.mpeg4: transition from OMX_StateExecuting to OMX_StateIdle completed
02-27 14:28:23.232 D/componentbase(  186): OMX.Intel.VideoDecoder.MPEG4:video_decoder.mpeg4: transition from OMX_StateIdle to OMX_StateLoaded completed
02-27 14:28:23.232 I/VideoDecoder(  186): Deleting decoder for video/mpeg4
02-27 14:28:23.232 I/cmodule (  186): module libOMXVideoDecoderMPEG4.so successfully unloaded
02-27 14:28:23.232 I/wrs-omxil-core(  186): free handle of component OMX.Intel.VideoDecoder.MPEG4 successfully
02-27 14:28:23.232 W/AudioFlinger(  186): session id 336 not found for pid 16542
02-27 14:28:23.232 I/MediaFocusControl(  505):  AudioFocus  abandonAudioFocus() from android.media.AudioManager@21f01218org.chromium.media.MediaPlayerListener@21ffeba8
02-27 14:28:23.232 V/Avrcp   ( 1543): New genId = 216, clearing = 1
02-27 14:28:23.242 W/BindingManager(16542): Cannot call determinedVisibility() - never saw a connection for the pid: 16542
02-27 14:28:23.282 E/MediaResourceGetter(16542): File does not exist.
02-27 14:28:23.282 E/MediaResourceGetter(16542): Unable to configure metadata extractor
02-27 14:28:23.292 E/chromium(16542): [ERROR:webmediaplayer_android.cc(449)] Not implemented reached in virtual void content::WebMediaPlayerAndroid::setRate(double)
02-27 14:28:23.292 I/MediaFocusControl(  505):  AudioFocus  requestAudioFocus() from android.media.AudioManager@21f01218org.chromium.media.MediaPlayerListener@22004540
02-27 14:28:23.302 V/Avrcp   ( 1543): New genId = 217, clearing = 1
02-27 14:28:23.312 I/cmodule (  186): module libOMXVideoDecoderMPEG4.so successfully loaded
02-27 14:28:23.312 I/componentbase(  186): OMX.Intel.VideoDecoder.MPEG4: set working role video_decoder.mpeg4:
02-27 14:28:23.312 I/wrs-omxil-core(  186): get handle of component OMX.Intel.VideoDecoder.MPEG4 successfully
02-27 14:28:23.312 I/componentbase(  186): OMX.Intel.VideoDecoder.MPEG4: set working role video_decoder.mpeg4:
02-27 14:28:23.312 I/OMXVideoDecoder(  186): Rotation Degree = 0
02-27 14:28:23.312 I/OMXCodec(  186): [OMX.Intel.VideoDecoder.MPEG4] video dimensions are 176 x 144
02-27 14:28:23.312 I/VideoDecoder(  186): mParserType = 2
02-27 14:28:23.312 W/VideoDecoder(  186): No config data to start VA.
02-27 14:28:23.312 D/componentbase(  186): OMX.Intel.VideoDecoder.MPEG4:video_decoder.mpeg4: transition from OMX_StateLoaded to OMX_StateIdle completed
02-27 14:28:23.312 D/componentbase(  186): OMX.Intel.VideoDecoder.MPEG4:video_decoder.mpeg4: transition from OMX_StateIdle to OMX_StateExecuting completed
02-27 14:28:23.312 I/cip_amrNBdec(  186): USC Decoder plugin created, Media Codecs version: 1.0.2098
02-27 14:28:23.312 I/OMXVideoDecoder(  186): Flushing port# 4294967295.
02-27 14:28:23.312 W/OMXVideoDecoder(  186): Flushing video pipeline.
02-27 14:28:23.312 D/componentbase(  186): OMX.Intel.VideoDecoder.MPEG4:video_decoder.mpeg4: transition from OMX_StateExecuting to OMX_StateIdle completed
02-27 14:28:23.312 D/componentbase(  186): OMX.Intel.VideoDecoder.MPEG4:video_decoder.mpeg4: transition from OMX_StateIdle to OMX_StateLoaded completed
02-27 14:28:23.312 I/VideoDecoder(  186): Deleting decoder for video/mpeg4
02-27 14:28:23.312 I/cmodule (  186): module libOMXVideoDecoderMPEG4.so successfully unloaded
02-27 14:28:23.312 I/wrs-omxil-core(  186): free handle of component OMX.Intel.VideoDecoder.MPEG4 successfully
02-27 14:28:23.312 I/cmodule (  186): module libOMXVideoDecoderMPEG4.so successfully loaded
02-27 14:28:23.312 I/componentbase(  186): OMX.Intel.VideoDecoder.MPEG4: set working role video_decoder.mpeg4:
02-27 14:28:23.312 I/wrs-omxil-core(  186): get handle of component OMX.Intel.VideoDecoder.MPEG4 successfully
02-27 14:28:23.312 I/componentbase(  186): OMX.Intel.VideoDecoder.MPEG4: set working role video_decoder.mpeg4:
02-27 14:28:23.312 I/OMXVideoDecoder(  186): Rotation Degree = 0
02-27 14:28:23.312 D/OMXCodec(  186): set NativeWindow = 0xb8d86ef8
02-27 14:28:23.312 I/OMXCodec(  186): [OMX.Intel.VideoDecoder.MPEG4] video dimensions are 176 x 144
02-27 14:28:23.322 D/OMXVideoDecoder(  186): NativeWindow = 0xb8d86ef8
02-27 14:28:23.322 I/VideoDecoder(  186): mParserType = 2
02-27 14:28:23.322 W/VideoDecoder(  186): No config data to start VA.
02-27 14:28:23.322 D/componentbase(  186): OMX.Intel.VideoDecoder.MPEG4:video_decoder.mpeg4: transition from OMX_StateLoaded to OMX_StateIdle completed
02-27 14:28:23.322 D/componentbase(  186): OMX.Intel.VideoDecoder.MPEG4:video_decoder.mpeg4: transition from OMX_StateIdle to OMX_StateExecuting completed
02-27 14:28:23.322 E/MediaPlayer(16542): Should have subtitle controller already set
02-27 14:28:23.332 D/MediaPlayer(16542): getMetadata
02-27 14:28:23.342 I/OMXVideoDecoder(  186): Buffer has OMX_BUFFERFLAG_CODECCONFIG flag.
02-27 14:28:23.342 I/VideoDecoder(  186): updateFormatInfo: current size: 176 x 144, new size: 176 x 144
02-27 14:28:23.342 I/VideoDecoder(  186): Using PVR driver
02-27 14:28:23.342 I/libva   (  186): VA-API version 0.34.0
02-27 14:28:23.342 I/libva   (  186): va_getDriverName() returns 0
02-27 14:28:23.342 I/libva   (  186): Trying to open /system/lib/pvr_drv_video.so
02-27 14:28:23.342 I/libva   (  186): Found init function __vaDriverInit_0_32
02-27 14:28:23.352 I/libva   (  186): va_openDriver() returns 0
02-27 14:28:23.352 D/pvr_drv_video(  186): format is 0x1, width is 176, height is 160, num_surfaces is 15.
02-27 14:28:23.352 D/pvr_drv_video(  186): external_buffers->pixel_format is 0x3231564e.
02-27 14:28:23.352 W/pvr_drv_video(  186): int gralloc_lock(buffer_handle_t, int, int, int, int, int, void**): gralloc module has not been initialized. Should initialize it first
02-27 14:28:23.352 D/pvr_drv_video(  186): hw_get_module returned
02-27 14:28:23.362 W/VideoDecoder(  186): number_picture_data == 0
02-27 14:28:23.362 I/AudioPolicyManagerBase(  186): APM: getOutput
02-27 14:28:23.362 I/AudioPolicyManagerBase(  186): APM: getOutput
02-27 14:28:23.362 I/AudioPolicyManagerBase(  186): APM: getOutput
02-27 14:28:23.362 I/AudioPolicyManagerBase(  186): APM: getOutput
02-27 14:28:23.362 D/AudioPolicyManagerALSA(  186): startOutput() output 2, stream type 3, session 337
02-27 14:28:23.372 D/AudioHardwareALSA(  186): setStreamParameters: key value pair routing=2;stream_flags=2
02-27 14:28:23.372 D/RouteManager(  186): setOutputFlags: output flags = 0x2 (Prev Flags=0x2)
02-27 14:28:23.372 D/RouteManager(  186): setDevices: 0x2
02-27 14:28:23.372 D/RouteManager(  186): setDevices: 0x2
02-27 14:28:23.372 D/RouteManager(  186): setDevices: set device = IHF to output stream
02-27 14:28:23.372 D/RouteManager(  186): setStreamParameters: identical Platform State, do not reconsider routing
02-27 14:28:23.382 D/AudioResamplerIA(  186): Create AudioResamplerIA Resampler: Input rate 8000, output rate 48000
02-27 14:28:23.562 W/MediaPlayer(16542): info/warning (3, 0)
02-27 14:28:23.572 D/        (16542): droid_create_image_android_native_buffer HAL_PIXEL_FORMAT_NV12_TILED_INTEL for native name=56
02-27 14:28:23.642 D/        (16542): droid_create_image_android_native_buffer HAL_PIXEL_FORMAT_NV12_TILED_INTEL for native name=57
02-27 14:28:23.702 D/        (16542): droid_create_image_android_native_buffer HAL_PIXEL_FORMAT_NV12_TILED_INTEL for native name=58
02-27 14:28:23.772 D/        (16542): droid_create_image_android_native_buffer HAL_PIXEL_FORMAT_NV12_TILED_INTEL for native name=59
02-27 14:28:23.822 D/        (16542): droid_create_image_android_native_buffer HAL_PIXEL_FORMAT_NV12_TILED_INTEL for native name=61
02-27 14:28:23.892 W/TimedEventQueue(  186): Event 17 was not found in the queue, already cancelled?
02-27 14:28:23.892 I/OMXVideoDecoder(  186): Flushing port# 4294967295.
02-27 14:28:23.892 W/OMXVideoDecoder(  186): Flushing video pipeline.
02-27 14:28:23.902 D/componentbase(  186): OMX.Intel.VideoDecoder.MPEG4:video_decoder.mpeg4: transition from OMX_StateExecuting to OMX_StateIdle completed
02-27 14:28:23.902 D/componentbase(  186): OMX.Intel.VideoDecoder.MPEG4:video_decoder.mpeg4: transition from OMX_StateIdle to OMX_StateLoaded completed
02-27 14:28:23.902 I/VideoDecoder(  186): Deleting decoder for video/mpeg4
02-27 14:28:23.902 I/cmodule (  186): module libOMXVideoDecoderMPEG4.so successfully unloaded
02-27 14:28:23.902 I/wrs-omxil-core(  186): free handle of component OMX.Intel.VideoDecoder.MPEG4 successfully
02-27 14:28:23.912 I/cmodule (  186): module libOMXVideoDecoderMPEG4.so successfully loaded
02-27 14:28:23.912 I/componentbase(  186): OMX.Intel.VideoDecoder.MPEG4: set working role video_decoder.mpeg4:
02-27 14:28:23.912 I/wrs-omxil-core(  186): get handle of component OMX.Intel.VideoDecoder.MPEG4 successfully
02-27 14:28:23.912 I/componentbase(  186): OMX.Intel.VideoDecoder.MPEG4: set working role video_decoder.mpeg4:
02-27 14:28:23.912 I/OMXVideoDecoder(  186): Rotation Degree = 0
02-27 14:28:23.912 I/OMXCodec(  186): [OMX.Intel.VideoDecoder.MPEG4] video dimensions are 176 x 144
02-27 14:28:23.912 I/VideoDecoder(  186): mParserType = 2
02-2