02-27 16:39:30.216 I/SecurityManagerService(  600): SMS received security event: App[START/com.android.bluetooth]
02-27 16:39:30.226 D/dalvikvm(25957): Process 25957 nice name: com.android.bluetooth
02-27 16:39:30.226 D/dalvikvm(25957): Extra Options: not specified
02-27 16:39:30.226 D/BluetoothManagerService(  505): Message: 42
02-27 16:39:30.226 D/BluetoothManagerService(  505): MESSAGE_RESTART_BLUETOOTH_SERVICE: Restart IBluetooth service
02-27 16:39:30.226 D/AudioHardwareALSA(  186): setParameters
02-27 16:39:30.226 I/ActivityManager(  505): Start proc com.android.bluetooth for broadcast com.android.bluetooth/.pbap.BluetoothPbapReceiver: pid=25957 uid=1002 gids={41002, 3003, 3002, 3001, 1028, 1015, 3005, 1016, 3008}
02-27 16:39:30.266 D/AdapterServiceConfig(25957): Adding HeadsetService
02-27 16:39:30.266 D/AdapterServiceConfig(25957): Adding A2dpService
02-27 16:39:30.266 D/AdapterServiceConfig(25957): Adding HidService
02-27 16:39:30.266 D/AdapterServiceConfig(25957): Adding HealthService
02-27 16:39:30.266 D/AdapterServiceConfig(25957): Adding PanService
02-27 16:39:30.266 D/AdapterServiceConfig(25957): Adding GattService
02-27 16:39:30.276 D/EVENT_THREAD(  186): void CEventThread::run() POLLIN event on Fd (1)
02-27 16:39:30.276 D/EVENT_THREAD(  186): void CEventThread::run() Do poll with timeout: -1
02-27 16:39:30.286 D/BluetoothAdapter(25945): 569153328: getState() :  mService = null. Returning STATE_OFF
02-27 16:39:30.286 D/BluetoothManagerService(  505): Message: 30
02-27 16:39:30.296 D/BluetoothAdapterService(25957): REFCOUNT: CREATED. INSTANCE_COUNT1
02-27 16:39:30.296 D/BluetoothAdapterService(569147824)(25957): onCreate
02-27 16:39:30.296 D/BluetoothManagerService(  505): Message: 30
02-27 16:39:30.296 D/BluetoothAdapterState(25957): make
02-27 16:39:30.296 W/ContextImpl(25945): Calling a method in the system process without a qualified user: android.app.ContextImpl.bindService:1611 android.content.ContextWrapper.bindService:518 android.bluetooth.BluetoothInputDevice.doBind:245 android.bluetooth.BluetoothInputDevice.<init>:238 android.bluetooth.BluetoothAdapter.getProfileProxy:1450 
02-27 16:39:30.296 W/ContextImpl(25945): Calling a method in the system process without a qualified user: android.app.ContextImpl.bindService:1611 android.content.ContextWrapper.bindService:518 android.bluetooth.BluetoothPan.doBind:149 android.bluetooth.BluetoothPan.<init>:141 android.bluetooth.BluetoothAdapter.getProfileProxy:1453 
02-27 16:39:30.306 D/LocalBluetoothProfileManager(25945): Adding local MAP profile
02-27 16:39:30.306 D/BluetoothMap(25945): Create BluetoothMap proxy object
02-27 16:39:30.306 D/BluetoothManagerService(  505): Message: 30
02-27 16:39:30.306 E/BluetoothMap(25945): Could not bind to Bluetooth MAP Service with Intent { act=android.bluetooth.IBluetoothMap }
02-27 16:39:30.306 D/BluetoothManagerService(  505): Message: 30
02-27 16:39:30.306 D/LocalBluetoothProfileManager(25945): LocalBluetoothProfileManager construction complete
02-27 16:39:30.306 W/ContextImpl(25945): Calling a method in the system process without a qualified user: android.app.ContextImpl.bindService:1611 android.content.ContextWrapper.bindService:518 android.bluetooth.BluetoothPbap.doBind:164 android.bluetooth.BluetoothPbap.<init>:157 com.android.settings.bluetooth.PbapServerProfile.<init>:68 
02-27 16:39:30.316 I/bluedroid(25957): init
02-27 16:39:30.316 I/BluetoothAdapterState(25957): Entering OffState
02-27 16:39:30.316 I/bte_conf(25957): Attempt to load stack conf from /etc/bluetooth/bt_stack.conf
02-27 16:39:30.316 I/bte_conf(25957): Loading BT stack properties conf
02-27 16:39:30.316 D/BTIF_CORE(25957): Version: AMPAK-Android-4.4-GPS-FM-1.0.0 
02-27 16:39:30.316 I/bluedroid(25957): get_profile_interface socket
02-27 16:39:30.316 I/GKI_LINUX(25957): gki_task_entry: gki_task_entry task_id=1 [BTIF] starting
02-27 16:39:30.316 I/BluetoothAdapterProperties(25957): adapterPropertyChangedCallback with type:2 len:6
02-27 16:39:30.316 D/BluetoothAdapterService(569147824)(25957): onBind
02-27 16:39:30.316 D/BluetoothAdapterProperties(25957): Address is:78:24:AF:02:8B:DC
02-27 16:39:30.316 I/BluetoothAdapterProperties(25957): adapterPropertyChangedCallback with type:1 len:4
02-27 16:39:30.316 D/BluetoothManagerService(  505): BluetoothServiceConnection: com.android.bluetooth.btservice.AdapterService
02-27 16:39:30.316 D/BluetoothManagerService(  505): Message: 40
02-27 16:39:30.316 D/BluetoothManagerService(  505): MESSAGE_BLUETOOTH_SERVICE_CONNECTED: 1
02-27 16:39:30.316 I/bluedroid(25957): config_hci_snoop_log
02-27 16:39:30.326 D/BluetoothManagerService(  505): Calling onBluetoothServiceUp callbacks
02-27 16:39:30.326 D/BluetoothManagerService(  505): Broadcasting onBluetoothServiceUp() to 5 receivers.
02-27 16:39:30.326 D/BluetoothAdapter(  505): onBluetoothServiceUp: android.bluetooth.IBluetooth$Stub$Proxy@221c1ec0
02-27 16:39:30.326 D/BluetoothAdapter(  569): onBluetoothServiceUp: android.bluetooth.IBluetooth$Stub$Proxy@21ebc480
02-27 16:39:30.326 D/BluetoothAdapter(25945): onBluetoothServiceUp: android.bluetooth.IBluetooth$Stub$Proxy@21edb6c0
02-27 16:39:30.326 D/BluetoothAdapter(  753): onBluetoothServiceUp: android.bluetooth.IBluetooth$Stub$Proxy@21f297a8
02-27 16:39:30.326 D/BluetoothAdapter(25957): onBluetoothServiceUp: com.android.bluetooth.btservice.AdapterService$AdapterServiceBinder@21ec8d58
02-27 16:39:30.326 D/BluetoothManagerService(  505): Bluetooth Adapter name changed to K011
02-27 16:39:30.326 D/BluetoothAdapterProperties(25957): Name is: K011
02-27 16:39:30.326 D/BluetoothAdapterService(569147824)(25957): Enable called with quiet mode status =  false
02-27 16:39:30.326 D/BluetoothAdapterState(25957): CURRENT_STATE=OFF, MESSAGE = USER_TURN_ON
02-27 16:39:30.326 D/BluetoothAdapterState(25957): REPORT_INFO: CWS_BT_ON
02-27 16:39:30.326 D/BluetoothAdapterProperties(25957): Setting state to 11
02-27 16:39:30.326 I/BluetoothAdapterState(25957): Bluetooth adapter state changed: 10-> 11
02-27 16:39:30.336 D/BluetoothAdapterService(25957): Broadcasting updateAdapterState() to 1 receivers.
02-27 16:39:30.336 D/BluetoothManagerService(  505): onBluetoothStateChange prev=10 new=11
02-27 16:39:30.336 D/BluetoothManagerService(  505): Message: 60
02-27 16:39:30.336 D/BluetoothManagerService(  505): Stored Bluetooth name: K011
02-27 16:39:30.336 D/BluetoothManagerService(  505): MESSAGE_BLUETOOTH_STATE_CHANGE: prevState = 10, newState=11
02-27 16:39:30.336 D/BluetoothManagerService(  505): Bluetooth State Change Intent: 10 -> 11
02-27 16:39:30.336 D/BluetoothAdapterService(569147824)(25957): processStart()
02-27 16:39:30.336 D/BluetoothAdapterService(569147824)(25957): processStart(): Make Bond State Machine
02-27 16:39:30.336 D/BluetoothBondStateMachine(25957): make
02-27 16:39:30.336 D/BluetoothAdapterService(569147824)(25957): getState(): mAdapterProperties: com.android.bluetooth.btservice.AdapterProperties@21ec8f58
02-27 16:39:30.336 D/BluetoothAdapterService(25957): setAdapterService(): set to: null
02-27 16:39:30.336 I/BluetoothBondStateMachine(25957): StableState(): Entering Off State
02-27 16:39:30.336 W/BluetoothAdapterService(25957): Starting service com.android.bluetooth.hfp.HeadsetService
02-27 16:39:30.336 W/BluetoothAdapterService(25957): Starting service com.android.bluetooth.a2dp.A2dpService
02-27 16:39:30.336 W/BluetoothAdapterService(25957): Starting service com.android.bluetooth.hid.HidService
02-27 16:39:30.346 W/BluetoothAdapterService(25957): Starting service com.android.bluetooth.hdp.HealthService
02-27 16:39:30.346 W/BluetoothAdapterService(25957): Starting service com.android.bluetooth.pan.PanService
02-27 16:39:30.346 W/BluetoothAdapterService(25957): Starting service com.android.bluetooth.gatt.GattService
02-27 16:39:30.346 I/BluetoothAdapterState(25957): Entering PendingCommandState State: isTurningOn()=true, isTurningOff()=false
02-27 16:39:30.386 D/BluetoothAdapterService(569147824)(25957): getState(): mAdapterProperties: com.android.bluetooth.btservice.AdapterProperties@21ec8f58
02-27 16:39:30.396 D/HeadsetService(25957): Received start request. Starting profile...
02-27 16:39:30.396 I/BluetoothHeadsetServiceJni(25957): classInitNative: succeeds
02-27 16:39:30.396 D/HeadsetStateMachine(25957): make
02-27 16:39:30.426 I/bluedroid(25957): get_profile_interface handsfree
02-27 16:39:30.426 D/BluetoothAdapterService(25957): getAdapterService(): returning com.android.bluetooth.btservice.AdapterService@21ec81b0
02-27 16:39:30.426 D/A2dpService(25957): Received start request. Starting profile...
02-27 16:39:30.426 I/BluetoothA2dpServiceJni(25957): classInitNative: succeeds
02-27 16:39:30.426 D/A2dpStateMachine(25957): make
02-27 16:39:30.436 I/bluedroid(25957): get_profile_interface a2dp
02-27 16:39:30.436 I/GKI_LINUX(25957): gki_task_entry: gki_task_entry task_id=2 [A2DP-MEDIA] starting
02-27 16:39:30.456 I/BluetoothAvrcpServiceJni(25957): classInitNative: succeeds
02-27 16:39:30.456 V/Avrcp   (25957): make
02-27 16:39:30.456 I/bluedroid(25957): get_profile_interface avrcp
02-27 16:39:30.466 D/A2dpStateMachine(25957): Enter Disconnected: -2
02-27 16:39:30.466 D/DockEventReceiver(25945): finishStartingService: stopping service
02-27 16:39:30.466 V/ActivityManager(  505): Remove bg service from mStartingBackground ,r=ServiceRecord{2281f568 u0 com.android.settings/.bluetooth.DockService},r used time=261,left r count=2
02-27 16:39:30.476 D/BatteryStatsImpl(  505): noteStopWakeLocked com.android.settings isFromForeground = false
02-27 16:39:30.476 D/BluetoothAdapterService(25957): getAdapterService(): returning com.android.bluetooth.btservice.AdapterService@21ec81b0
02-27 16:39:30.476 I/BluetoothHidServiceJni(25957): classInitNative: succeeds
02-27 16:39:30.486 D/HidService(25957): Received start request. Starting profile...
02-27 16:39:30.486 I/bluedroid(25957): get_profile_interface hidhost
02-27 16:39:30.486 D/BluetoothAdapterService(25957): getAdapterService(): returning com.android.bluetooth.btservice.AdapterService@21ec81b0
02-27 16:39:30.486 I/BluetoothHealthServiceJni(25957): classInitNative: succeeds
02-27 16:39:30.486 D/HealthService(25957): Received start request. Starting profile...
02-27 16:39:30.496 I/bluedroid(25957): get_profile_interface health
02-27 16:39:30.496 D/BluetoothAdapterService(25957): getAdapterService(): returning com.android.bluetooth.btservice.AdapterService@21ec81b0
02-27 16:39:30.496 I/BluetoothPanServiceJni(25957): classInitNative(L112): succeeds
02-27 16:39:30.516 D/PanService(25957): Received start request. Starting profile...
02-27 16:39:30.516 D/BluetoothPanServiceJni(25957): initializeNative(L117): pan
02-27 16:39:30.516 I/bluedroid(25957): get_profile_interface pan
02-27 16:39:30.516 D/BluetoothTethering(  505): got CMD_CHANNEL_HALF_CONNECTED
02-27 16:39:30.516 D/BluetoothAdapterService(25957): getAdapterService(): returning com.android.bluetooth.btservice.AdapterService@21ec81b0
02-27 16:39:30.516 I/BtGatt.JNI(25957): classInitNative(L685): classInitNative: Success!
02-27 16:39:30.516 D/BluetoothManagerService(  505): BluetoothServiceConnection: com.android.bluetooth.gatt.GattService
02-27 16:39:30.516 D/BluetoothManagerService(  505): Message: 40
02-27 16:39:30.516 D/BtGatt.DebugUtils(25957): handleDebugAction() action=null
02-27 16:39:30.516 D/BluetoothManagerService(  505): MESSAGE_BLUETOOTH_SERVICE_CONNECTED: 2
02-27 16:39:30.516 D/BtGatt.GattService(25957): Received start request. Starting profile...
02-27 16:39:30.526 D/BtGatt.GattService(25957): start()
02-27 16:39:30.526 I/bluedroid(25957): get_profile_interface gatt
02-27 16:39:30.526 D/BluetoothAdapterService(25957): getAdapterService(): returning com.android.bluetooth.btservice.AdapterService@21ec81b0
02-27 16:39:30.526 D/BluetoothAdapterService(569147824)(25957): Message: 1
02-27 16:39:30.526 D/BluetoothAdapterService(569147824)(25957): MESSAGE_PROFILE_SERVICE_STATE_CHANGED
02-27 16:39:30.526 D/BluetoothAdapterService(25957): onProfileServiceStateChange: serviceName=com.android.bluetooth.hfp.HeadsetService, state = 12, doUpdate = true
02-27 16:39:30.526 D/BluetoothAdapterService(25957): Profile still not running:com.android.bluetooth.hdp.HealthService
02-27 16:39:30.526 D/BluetoothAdapterService(569147824)(25957): Message: 1
02-27 16:39:30.526 D/BluetoothAdapterService(569147824)(25957): MESSAGE_PROFILE_SERVICE_STATE_CHANGED
02-27 16:39:30.526 D/BluetoothAdapterService(25957): onProfileServiceStateChange: serviceName=com.android.bluetooth.a2dp.A2dpService, state = 12, doUpdate = true
02-27 16:39:30.526 D/BluetoothAdapterService(25957): Profile still not running:com.android.bluetooth.hdp.HealthService
02-27 16:39:30.526 D/BluetoothAdapterService(569147824)(25957): Message: 1
02-27 16:39:30.526 D/BluetoothAdapterService(569147824)(25957): MESSAGE_PROFILE_SERVICE_STATE_CHANGED
02-27 16:39:30.526 D/BluetoothAdapterService(25957): onProfileServiceStateChange: serviceName=com.android.bluetooth.hid.HidService, state = 12, doUpdate = true
02-27 16:39:30.526 D/BluetoothAdapterService(25957): Profile still not running:com.android.bluetooth.hdp.HealthService
02-27 16:39:30.526 D/BluetoothAdapterService(569147824)(25957): Message: 1
02-27 16:39:30.526 D/BluetoothAdapterService(569147824)(25957): MESSAGE_PROFILE_SERVICE_STATE_CHANGED
02-27 16:39:30.526 D/BluetoothAdapterService(25957): onProfileServiceStateChange: serviceName=com.android.bluetooth.hdp.HealthService, state = 12, doUpdate = true
02-27 16:39:30.526 D/BluetoothAdapterService(25957): Profile still not running:com.android.bluetooth.pan.PanService
02-27 16:39:30.526 D/BluetoothAdapterService(569147824)(25957): Message: 1
02-27 16:39:30.526 D/BluetoothAdapterService(569147824)(25957): MESSAGE_PROFILE_SERVICE_STATE_CHANGED
02-27 16:39:30.526 D/BluetoothAdapterService(25957): onProfileServiceStateChange: serviceName=com.android.bluetooth.pan.PanService, state = 12, doUpdate = true
02-27 16:39:30.526 D/BluetoothAdapterService(25957): Profile still not running:com.android.bluetooth.gatt.GattService
02-27 16:39:30.526 D/BluetoothAdapterService(569147824)(25957): Message: 1
02-27 16:39:30.526 D/BluetoothAdapterService(569147824)(25957): MESSAGE_PROFILE_SERVICE_STATE_CHANGED
02-27 16:39:30.526 D/BluetoothAdapterService(25957): onProfileServiceStateChange: serviceName=com.android.bluetooth.gatt.GattService, state = 12, doUpdate = true
02-27 16:39:30.526 D/BluetoothAdapterService(25957): All profile services started.
02-27 16:39:30.526 D/BluetoothAdapterState(25957): CURRENT_STATE=PENDING, MESSAGE = STARTED, isTurningOn=true, isTurningOff=false
02-27 16:39:30.526 I/bluedroid(25957): enable
02-27 16:39:30.526 I/bt_hci_bdroid(25957): init
02-27 16:39:30.536 I/bt_vendor(25957): init
02-27 16:39:30.536 I/bt_vnd_conf(25957): Attempt to load conf from /system/etc/bluetooth/bt_K011.conf
02-27 16:39:30.536 I/bt_vnd_conf(25957): PCM define 
02-27 16:39:30.536 D/EVENT_THREAD(  186): void CEventThread::run() POLLIN event on Fd (1)
02-27 16:39:30.536 D/EVENT_THREAD(  186): void CEventThread::run() Do poll with timeout: -1
02-27 16:39:30.536 I/bt_hci_bdroid(25957): bt_hc_worker_thread started
02-27 16:39:30.606 D/Tethering(  505): MasterInitialState.processMessage what=3
02-27 16:39:30.616 D/BatteryStatsImpl(  505): noteStopWakeLocked system isFromForeground = false
02-27 16:39:30.666 D/AlarmManager(  505): Added alarm Alarm{22cc7b80 type 2 com.baidu.searchbox} type:ELAPSED_REALTIME_WAKEUP when: After 0h:9m:3.0s repeatInterval: 0h:20m:0.0s
02-27 16:39:30.706 D/AlarmManager(  505): Added alarm Alarm{22277ea0 type 0 com.asus.cm} type:RTC_WAKEUP when: At 15-2-27 4:46
02-27 16:39:30.706 D/AlarmManager(  505): Added alarm Alarm{2257f830 type 0 android} type:RTC_WAKEUP when: At 15-2-27 5:00 repeatInterval: 0h:30m:0.0s
02-27 16:39:30.726 D/EVENT_THREAD(  186): void CEventThread::run() POLLIN event on Fd (1)
02-27 16:39:30.726 D/EVENT_THREAD(  186): void CEventThread::run() Do poll with timeout: -1
02-27 16:39:30.726 D/EVENT_THREAD(  186): void CEventThread::run() POLLIN event on Fd (1)
02-27 16:39:30.726 D/EVENT_THREAD(  186): void CEventThread::run() Do poll with timeout: -1
02-27 16:39:30.726 I/upi_ug31xx(  166): (954) update_capacity
02-27 16:39:30.726 I/[UPI]   (  166): <UG31/E>[UpiReadCapacity]: V=3661(3650), T=320(322-377), I=-653, C=-1(-1-0)
02-27 16:39:30.726 I/[UPI]   (  166): <UG31/E>[UpiReadCapacity]: (0x0001254a) 735 (605) / 3822 (4017) = 19
02-27 16:39:30.726 I/[UPI]   (  166): <UG31/E>[UpiReadCapacity]: (0x0001254a) 735 (605) / 3822 (4017) = 19
02-27 16:39:30.726 I/[UPI]   (  166): <UG31/E>[UpiReadCapacity]: (0x0001254a) 734 (734) / 3822 (4017) = 19
02-27 16:39:30.726 I/[UPI]   (  166): <UG31/E>[RsocFilterCountTime]: (0x0001254a) Step=0(40740), Full=0(40740), Lock=40740(1800000)
02-27 16:39:30.726 I/[UPI]   (  166): <UG31/E>[UpiReadCapacity]: (0x0001254a) 734 (734) / 3822 (4017) = 19 (-653--653)
02-27 16:39:30.726 I/[UPI]   (  166): <UG31/E><BATT> M:normal, P:19(19-19)%, V:3649mV, C:-655mA, T:32.2C(377), S:0x0001254a(000), R:734mAh, F:3822mAh, Q:-1250mAh, CC:3, P:10.490(1249-0)s, BO:7, 97:615:0-44af-9m:B001-20140514-144301 (16)
02-27 16:39:30.726 I/upi_ug31xx(  166): (955) backup_data 
02-27 16:39:30.726 V/upi_ug31xx(  166): state->check_backup_count = 21
02-27 16:39:30.726 D/BluetoothTethering(  505): got CMD_CHANNEL_DISCONNECTED
02-27 16:39:30.726 E/BluetoothTethering(  505): attempted to stop reverse tether with nothing tethered
02-27 16:39:30.726 D/BluetoothManagerService(  505): BluetoothServiceConnection, disconnected: com.android.bluetooth.gatt.GattService
02-27 16:39:30.726 D/BluetoothManagerService(  505): Message: 41
02-27 16:39:30.726 E/BluetoothManagerService(  505): MESSAGE_BLUETOOTH_SERVICE_DISCONNECTED: 2
02-27 16:39:30.726 W/MediaFocusControl(  505): RemoteControl: display android.media.IRemoteControlDisplay$Stub$Proxy@221d3cb8 died
02-27 16:39:30.726 D/BluetoothManagerService(  505): BluetoothServiceConnection, disconnected: com.android.bluetooth.btservice.AdapterService
02-27 16:39:30.726 D/BluetoothManagerService(  505): Message: 41
02-27 16:39:30.726 E/BluetoothManagerService(  505): MESSAGE_BLUETOOTH_SERVICE_DISCONNECTED: 1
02-27 16:39:30.726 D/BluetoothManagerService(  505): Calling onBluetoothServiceDown callbacks
02-27 16:39:30.726 D/BluetoothManagerService(  505): Broadcasting onBluetoothServiceDown() to 4 receivers.
02-27 16:39:30.726 D/BluetoothAdapter(  505): onBluetoothServiceDown: android.bluetooth.IBluetooth$Stub$Proxy@221c1ec0
02-27 16:39:30.726 D/BluetoothAdapter(  569): onBluetoothServiceDown: android.bluetooth.IBluetooth$Stub$Proxy@21ebc480
02-27 16:39:30.726 D/BluetoothAdapter(25945): onBluetoothServiceDown: android.bluetooth.IBluetooth$Stub$Proxy@21edb6c0
02-27 16:39:30.726 D/BluetoothAdapter(  753): onBluetoothServiceDown: android.bluetooth.IBluetooth$Stub$Proxy@21f297a8
02-27 16:39:30.726 D/BluetoothManagerService(  505): Bluetooth State Change Intent: 12 -> 13
02-27 16:39:30.726 I/SecurityManagerService(  600): SMS received security event: App[STOP/com.android.bluetooth]
02-27 16:39:30.726 D/BluetoothManagerService(  505): Broadcasting onBluetoothStateChange(false) to 10 receivers.
02-27 16:39:30.726 D/BluetoothAdapter(  569): 573822304: getState() :  mService = null. Returning STATE_OFF
02-27 16:39:30.726 I/ActivityManager(  505): Process com.android.bluetooth (pid 25957) has died.
02-27 16:39:30.736 D/BluetoothHeadset(  753): onBluetoothStateChange: up=false
02-27 16:39:30.746 E/BluetoothHeadset(  753): 
02-27 16:39:30.746 E/BluetoothHeadset(  753): java.lang.IllegalArgumentException: Service not registered: android.bluetooth.BluetoothHeadset$2@21f087d8
02-27 16:39:30.746 E/BluetoothHeadset(  753): 	at android.app.LoadedApk.forgetServiceDispatcher(LoadedApk.java:931)
02-27 16:39:30.746 E/BluetoothHeadset(  753): 	at android.app.ContextImpl.unbindService(ContextImpl.java:1663)
02-27 16:39:30.746 E/BluetoothHeadset(  753): 	at android.content.ContextWrapper.unbindService(ContextWrapper.java:530)
02-27 16:39:30.746 E/BluetoothHeadset(  753): 	at android.bluetooth.BluetoothHeadset$1.onBluetoothStateChange(BluetoothHeadset.java:239)
02-27 16:39:30.746 E/BluetoothHeadset(  753): 	at android.bluetooth.IBluetoothStateChangeCallback$Stub.onTransact(IBluetoothStateChangeCallback.java:55)
02-27 16:39:30.746 E/BluetoothHeadset(  753): 	at android.os.Binder.execTransact(Binder.java:404)
02-27 16:39:30.746 E/BluetoothHeadset(  753): 	at dalvik.system.NativeStart.run(Native Method)
02-27 16:39:30.756 D/BluetoothPbap(25945): Proxy object connected
02-27 16:39:30.756 D/PbapServerProfile(25945): Bluetooth service connected
02-27 16:39:30.756 D/BluetoothInputDevice(25945): Proxy object connected
02-27 16:39:30.756 D/HidProfile(25945): Bluetooth service connected
02-27 16:39:30.756 D/BluetoothAdapter(25945): 569153328: getState() :  mService = null. Returning STATE_OFF
02-27 16:39:30.756 D/BluetoothPan(25945): BluetoothPAN Proxy object connected
02-27 16:39:30.756 D/PanProfile(25945): Bluetooth service connected
02-27 16:39:30.756 D/BluetoothPbap(25945): Proxy object disconnected
02-27 16:39:30.756 D/PbapServerProfile(25945): Bluetooth service disconnected
02-27 16:39:30.756 D/BluetoothPan(25945): BluetoothPAN Proxy object disconnected
02-27 16:39:30.756 D/PanProfile(25945): Bluetooth service disconnected
02-27 16:39:30.756 D/BluetoothInputDevice(25945): Proxy object disconnected
02-27 16:39:30.756 D/HidProfile(25945): Bluetooth service disconnected
02-27 16:39:30.756 I/SecurityManagerService(  600): SMS received security event: App[START/com.android.bluetooth]
02-27 16:39:30.766 E/BluetoothPan(  505): 
02-27 16:39:30.766 E/BluetoothPan(  505): java.lang.IllegalArgumentException: Service not registered: android.bluetooth.BluetoothPan$2@21fd01e8
02-27 16:39:30.766 E/BluetoothPan(  505): 	at android.app.LoadedApk.forgetServiceDispatcher(LoadedApk.java:931)
02-27 16:39:30.766 E/BluetoothPan(  505): 	at android.app.ContextImpl.unbindService(ContextImpl.java:1663)
02-27 16:39:30.766 E/BluetoothPan(  505): 	at android.bluetooth.BluetoothPan$1.onBluetoothStateChange(BluetoothPan.java:199)
02-27 16:39:30.766 E/BluetoothPan(  505): 	at com.android.server.BluetoothManagerService.sendBluetoothStateCallback(BluetoothManagerService.java:774)
02-27 16:39:30.766 E/BluetoothPan(  505): 	at com.android.server.BluetoothManagerService.bluetoothStateChangeHandler(BluetoothManagerService.java:1491)
02-27 16:39:30.766 E/BluetoothPan(  505): 	at com.android.server.BluetoothManagerService.access$3000(BluetoothManagerService.java:60)
02-27 16:39:30.766 E/BluetoothPan(  505): 	at com.android.server.BluetoothManagerService$BluetoothHandler.handleMessage(BluetoothManagerService.java:1234)
02-27 16:39:30.766 E/BluetoothPan(  505): 	at android.os.Handler.dispatchMessage(Handler.java:102)
02-27 16:39:30.766 E/BluetoothPan(  505): 	at android.os.Looper.loop(Looper.java:149)
02-27 16:39:30.766 E/BluetoothPan(  505): 	at android.os.HandlerThread.run(HandlerThread.java:61)
02-27 16:39:30.766 D/BluetoothHeadset(  753): onBluetoothStateChange: up=false
02-27 16:39:30.766 E/BluetoothHeadset(  753): 
02-27 16:39:30.766 E/BluetoothHeadset(  753): java.lang.IllegalArgumentException: Service not registered: android.bluetooth.BluetoothHeadset$2@21f1a4c0
02-27 16:39:30.766 E/BluetoothHeadset(  753): 	at android.app.LoadedApk.forgetServiceDispatcher(LoadedApk.java:931)
02-27 16:39:30.766 E/BluetoothHeadset(  753): 	at android.app.ContextImpl.unbindService(ContextImpl.java:1663)
02-27 16:39:30.766 E/BluetoothHeadset(  753): 	at android.content.ContextWrapper.unbindService(ContextWrapper.java:530)
02-27 16:39:30.766 E/BluetoothHeadset(  753): 	at android.bluetooth.BluetoothHeadset$1.onBluetoothStateChange(BluetoothHeadset.java:239)
02-27 16:39:30.766 E/BluetoothHeadset(  753): 	at android.bluetooth.IBluetoothStateChangeCallback$Stub.onTransact(IBluetoothStateChangeCallback.java:55)
02-27 16:39:30.766 E/BluetoothHeadset(  753): 	at android.os.Binder.execTransact(Binder.java:404)
02-27 16:39:30.766 E/BluetoothHeadset(  753): 	at dalvik.system.NativeStart.run(Native Method)
02-27 16:39:30.766 D/BluetoothA2dp(  505): onBluetoothStateChange: up=false
02-27 16:39:30.766 E/BluetoothA2dp(  505): 
02-27 16:39:30.766 E/BluetoothA2dp(  505): java.lang.IllegalArgumentException: Service not registered: android.bluetooth.BluetoothA2dp$2@2214c878
02-27 16:39:30.766 E/BluetoothA2dp(  505): 	at android.app.LoadedApk.forgetServiceDispatcher(LoadedApk.java:931)
02-27 16:39:30.766 E/BluetoothA2dp(  505): 	at android.app.ContextImpl.unbindService(ContextImpl.java:1663)
02-27 16:39:30.766 E/BluetoothA2dp(  505): 	at android.bluetooth.BluetoothA2dp$1.onBluetoothStateChange(BluetoothA2dp.java:121)
02-27 16:39:30.766 E/BluetoothA2dp(  505): 	at com.android.server.BluetoothManagerService.sendBluetoothStateCallback(BluetoothManagerService.java:774)
02-27 16:39:30.766 E/BluetoothA2dp(  505): 	at com.android.server.BluetoothManagerService.bluetoothStateChangeHandler(BluetoothManagerService.java:1491)
02-27 16:39:30.766 E/BluetoothA2dp(  505): 	at com.android.server.BluetoothManagerService.access$3000(BluetoothManagerService.java:60)
02-27 16:39:30.766 E/BluetoothA2dp(  505): 	at com.android.server.BluetoothManagerService$BluetoothHandler.handleMessage(BluetoothManagerService.java:1234)
02-27 16:39:30.766 E/BluetoothA2dp(  505): 	at android.os.Handler.dispatchMessage(Handler.java:102)
02-27 16:39:30.766 E/BluetoothA2dp(  505): 	at android.os.Looper.loop(Looper.java:149)
02-27 16:39:30.766 E/BluetoothA2dp(  505): 	at android.os.HandlerThread.run(HandlerThread.java:61)
02-27 16:39:30.766 D/BluetoothHeadset(  753): onBluetoothStateChange: up=false
02-27 16:39:30.776 E/BluetoothHeadset(  753): 
02-27 16:39:30.776 E/BluetoothHeadset(  753): java.lang.IllegalArgumentException: Service not registered: android.bluetooth.BluetoothHeadset$2@21eff340
02-27 16:39:30.776 E/BluetoothHeadset(  753): 	at android.app.LoadedApk.forgetServiceDispatcher(LoadedApk.java:931)
02-27 16:39:30.776 E/BluetoothHeadset(  753): 	at android.app.ContextImpl.unbindService(ContextImpl.java:1663)
02-27 16:39:30.776 E/BluetoothHeadset(  753): 	at android.content.ContextWrapper.unbindService(ContextWrapper.java:530)
02-27 16:39:30.776 E/BluetoothHeadset(  753): 	at android.content.ContextWrapper.unbindService(ContextWrapper.java:530)
02-27 16:39:30.776 E/BluetoothHeadset(  753): 	at android.bluetooth.BluetoothHeadset$1.onBluetoothStateChange(BluetoothHeadset.java:239)
02-27 16:39:30.776 E/BluetoothHeadset(  753): 	at android.bluetooth.IBluetoothStateChangeCallback$Stub.onTransact(IBluetoothStateChangeCallback.java:55)
02-27 16:39:30.776 E/BluetoothHeadset(  753): 	at android.os.Binder.execTransact(Binder.java:404)
02-27 16:39:30.776 E/BluetoothHeadset(  753): 	at dalvik.system.NativeStart.run(Native Method)
02-27 16:39:30.776 D/BluetoothHeadset(  505): onBluetoothStateChange: up=false
02-27 16:39:30.776 E/BluetoothHeadset(  505): 
02-27 16:39:30.776 E/BluetoothHeadset(  505): java.lang.IllegalArgumentException: Service not registered: android.bluetooth.BluetoothHeadset$2@221c2598
02-27 16:39:30.776 E/BluetoothHeadset(  505): 	at android.app.LoadedApk.forgetServiceDispatcher(LoadedApk.java:931)
02-27 16:39:30.776 E/BluetoothHeadset(  505): 	at android.app.ContextImpl.unbindService(ContextImpl.java:1663)
02-27 16:39:30.776 E/BluetoothHeadset(  505): 	at android.bluetooth.BluetoothHeadset$1.onBluetoothStateChange(BluetoothHeadset.java:239)
02-27 16:39:30.776 E/BluetoothHeadset(  505): 	at com.android.server.BluetoothManagerService.sendBluetoothStateCallback(BluetoothManagerService.java:774)
02-27 16:39:30.776 E/BluetoothHeadset(  505): 	at com.android.server.BluetoothManagerService.bluetoothStateChangeHandler(BluetoothManagerService.java:1491)
02-27 16:39:30.776 E/BluetoothHeadset(  505): 	at com.android.server.BluetoothManagerService.access$3000(BluetoothManagerService.java:60)
02-27 16:39:30.776 E/BluetoothHeadset(  505): 	at com.android.server.BluetoothManagerService$BluetoothHandler.handleMessage(BluetoothManagerService.java:1234)
02-27 16:39:30.776 E/BluetoothHeadset(  505): 	at android.os.Handler.dispatchMessage(Handler.java:102)
02-27 16:39:30.776 E/BluetoothHeadset(  505): 	at android.os.Looper.loop(Looper.java:149)
02-27 16:39:30.776 E/BluetoothHeadset(  505): 	at android.os.HandlerThread.run(HandlerThread.java:61)
02-27 16:39:30.776 I/WifiHW  (  505): CMD: IFNAME=wlan0 SIGNAL_POLL
02-27 16:39:30.776 D/BluetoothMap(25945): onBluetoothStateChange: up=false
02-27 16:39:30.776 D/wpa_supplicant(  711): RX ctrl_iface - hexdump(len=11): 53 49 47 4e 41 4c 5f 50 4f 4c 4c
02-27 16:39:30.776 D/wpa_supplicant(  711): wlan0: Control interface command 'SIGNAL_POLL'
02-27 16:39:30.776 E/BluetoothMap(25945): 
02-27 16:39:30.776 E/BluetoothMap(25945): java.lang.IllegalArgumentException: Service not registered: android.bluetooth.BluetoothMap$2@21ed1650
02-27 16:39:30.776 E/BluetoothMap(25945): 	at android.app.LoadedApk.forgetServiceDispatcher(LoadedApk.java:931)
02-27 16:39:30.776 E/BluetoothMap(25945): 	at android.app.ContextImpl.unbindService(ContextImpl.java:1663)
02-27 16:39:30.776 E/BluetoothMap(25945): 	at android.content.ContextWrapper.unbindService(ContextWrapper.java:530)
02-27 16:39:30.776 E/BluetoothMap(25945): 	at android.bluetooth.BluetoothMap$1.onBluetoothStateChange(BluetoothMap.java:66)
02-27 16:39:30.776 E/BluetoothMap(25945): 	at android.bluetooth.IBluetoothStateChangeCallback$Stub.onTransact(IBluetoothStateChangeCallback.java:55)
02-27 16:39:30.776 E/BluetoothMap(25945): 	at android.os.Binder.execTransact(Binder.java:404)
02-27 16:39:30.776 E/BluetoothMap(25945): 	at dalvik.system.NativeStart.run(Native Method)
02-27 16:39:30.776 D/dalvikvm(25988): Process 25988 nice name: com.android.bluetooth
02-27 16:39:30.786 D/dalvikvm(25988): Extra Options: not specified
02-27 16:39:30.786 D/BluetoothPbap(25945): onBluetoothStateChange: up=false
02-27 16:39:30.786 D/BluetoothInputDevice(25945): onBluetoothStateChange: up=false
02-27 16:39:30.786 V/CsmClient(  505): [4] csmStop called
02-27 16:39:30.786 D/BluetoothManagerService(  505): Bluetooth State Change Intent: 13 -> 10
02-27 16:39:30.786 D/BluetoothAdapter(  569): 573822304: getState() :  mService = null. Returning STATE_OFF
02-27 16:39:30.786 I/ActivityManager(  505): Start proc com.android.bluetooth for broadcast com.android.bluetooth/.opp.BluetoothOppReceiver: pid=25988 uid=1002 gids={41002, 3003, 3002, 3001, 1028, 1015, 3005, 1016, 3008}
02-27 16:39:30.806 D/wpa_supplicant(  711): nl80211: survey data missing!
02-27 16:39:30.806 I/WifiHW  (  505): REPLY: RSSI=-51
02-27 16:39:30.806 I/WifiHW  (  505): REPLY: LINKSPEED=58
02-27 16:39:30.806 I/WifiHW  (  505): REPLY: NOISE=9999
02-27 16:39:30.806 I/WifiHW  (  505): REPLY: FREQUENCY=2437
02-27 16:39:30.886 D/BatteryStatsImpl(  505): noteStopWakeLocked system isFromForeground = false
02-27 16:39:30.916 D/AdapterServiceConfig(25988): Adding HeadsetService
02-27 16:39:30.916 D/AdapterServiceConfig(25988): Adding A2dpService
02-27 16:39:30.916 D/AdapterServiceConfig(25988): Adding HidService
02-27 16:39:30.916 D/AdapterServiceConfig(25988): Adding HealthService
02-27 16:39:30.916 D/AdapterServiceConfig(25988): Adding PanService
02-27 16:39:30.916 D/AdapterServiceConfig(25988): Adding GattService
02-27 16:39:30.916 E/JavaBinder(  505): !!! FAILED BINDER TRANSACTION !!!
02-27 16:39:30.926 D/BluetoothManagerService(  505): Message: 42
02-27 16:39:30.926 D/BluetoothManagerService(  505): MESSAGE_RESTART_BLUETOOTH_SERVICE: Restart IBluetooth service
02-27 16:39:30.926 W/BroadcastQueue(  505): Exception when sending broadcast to ComponentInfo{com.android.settings/com.android.settings.bluetooth.DockEventReceiver}
02-27 16:39:30.926 W/BroadcastQueue(  505): android.os.TransactionTooLargeException
02-27 16:39:30.926 W/BroadcastQueue(  505): 	at android.os.BinderProxy.transact(Native Method)
02-27 16:39:30.926 W/BroadcastQueue(  505): 	at android.app.ApplicationThreadProxy.scheduleReceiver(ApplicationThreadNative.java:821)
02-27 16:39:30.926 W/BroadcastQueue(  505): 	at com.android.server.am.BroadcastQueue.processCurBroadcastLocked(BroadcastQueue.java:241)
02-27 16:39:30.926 W/BroadcastQueue(  505): 	at com.android.server.am.BroadcastQueue.processNextBroadcast(BroadcastQueue.java:931)
02-27 16:39:30.926 W/BroadcastQueue(  505): 	at com.android.server.am.ActivityManagerService.finishReceiver(ActivityManagerService.java:14160)
02-27 16:39:30.926 W/BroadcastQueue(  505): 	at android.app.ActivityManagerNative.onTransact(ActivityManagerNative.java:383)
02-27 16:39:30.926 W/BroadcastQueue(  505): 	at com.android.server.am.ActivityManagerService.onTransact(ActivityManagerService.java:2116)
02-27 16:39:30.926 W/BroadcastQueue(  505): 	at android.os.Binder.execTransact(Binder.java:404)
02-27 16:39:30.926 W/BroadcastQueue(  505): 	at dalvik.system.NativeStart.run(Native Method)
02-27 16:39:30.936 I/SecurityManagerService(  600): SMS received security event: App[STOP/com.android.settings]
02-27 16:39:30.946 I/SecurityManagerService(  600): SMS received security event: App[START/com.android.settings]
02-27 16:39:30.966 D/AudioHardwareALSA(  186): setParameters
02-27 16:39:30.966 I/ActivityManager(  505): Start proc com.android.settings for broadcast com.android.settings/.bluetooth.DockEventReceiver: pid=26000 uid=1000 gids={41000, 3003, 1028, 1015, 3002, 3001, 1023}
02-27 16:39:30.976 D/dalvikvm(26000): Process 26000 nice name: com.android.settings
02-27 16:39:30.976 D/dalvikvm(26000): Extra Options: not specified
02-27 16:39:30.986 D/BluetoothAdapterService(25988): REFCOUNT: CREATED. INSTANCE_COUNT1
02-27 16:39:30.986 D/BluetoothAdapterService(569151032)(25988): onCreate
02-27 16:39:31.006 D/BluetoothAdapterState(25988): make
02-27 16:39:31.016 I/bluedroid(25988): init
02-27 16:39:31.016 I/BluetoothAdapterState(25988): Entering OffState
02-27 16:39:31.016 I/bte_conf(25988): Attempt to load stack conf from /etc/bluetooth/bt_stack.conf
02-27 16:39:31.016 I/bte_conf(25988): Loading BT stack properties conf
02-27 16:39:31.016 D/BTIF_CORE(25988): Version: AMPAK-Android-4.4-GPS-FM-1.0.0 
02-27 16:39:31.016 I/bluedroid(25988): get_profile_interface socket
02-27 16:39:31.016 I/GKI_LINUX(25988): gki_task_entry: gki_task_entry task_id=1 [BTIF] starting
02-27 16:39:31.026 I/BluetoothAdapterProperties(25988): adapterPropertyChangedCallback with type:2 len:6
02-27 16:39:31.026 D/BluetoothAdapterService(569151032)(25988): onBind
02-27 16:39:31.036 D/BluetoothAdapterProperties(25988): Address is:78:24:AF:02:8B:DC
02-27 16:39:31.036 I/BluetoothAdapterProperties(25988): adapterPropertyChangedCallback with type:1 len:4
02-27 16:39:31.036 D/BluetoothAdapterProperties(25988): Name is: K011
02-27 16:39:31.176 D/dalvikvm(  505): GC_EXPLICIT freed 839K, 51% free 17358K/34800K, paused 2ms+5ms, total 144ms
02-27 16:39:31.176 D/BluetoothManagerService(  505): BluetoothServiceConnection: com.android.bluetooth.btservice.AdapterService
02-27 16:39:31.176 D/BluetoothManagerService(  505): Message: 40
02-27 16:39:31.176 D/BluetoothManagerService(  505): MESSAGE_BLUETOOTH_SERVICE_CONNECTED: 1
02-27 16:39:31.176 D/BluetoothManagerService(  505): Bluetooth Adapter name changed to K011
02-27 16:39:31.176 I/ActivityManager(  505): Process com.android.bluetooth (pid 25988) has died.
02-27 16:39:31.196 D/BluetoothManagerService(  505): Stored Bluetooth name: K011
02-27 16:39:31.196 D/BluetoothManagerService(  505): BluetoothServiceConnection, disconnected: com.android.bluetooth.btservice.AdapterService
02-27 16:39:31.196 I/SecurityManagerService(  600): SMS received security event: App[STOP/com.android.bluetooth]
02-27 16:39:31.206 E/BluetoothManagerService(  505): Unable to call configHciSnoopLog
02-27 16:39:31.206 E/BluetoothManagerService(  505): android.os.DeadObjectException
02-27 16:39:31.206 E/BluetoothManagerService(  505): 	at android.os.BinderProxy.transact(Native Method)
02-27 16:39:31.206 E/BluetoothManagerService(  505): 	at android.bluetooth.IBluetooth$Stub$Proxy.configHciSnoopLog(IBluetooth.java:1558)
02-27 16:39:31.206 E/BluetoothManagerService(  505): 	at com.android.server.BluetoothManagerService$BluetoothHandler.handleMessage(BluetoothManagerService.java:1104)
02-27 16:39:31.206 E/BluetoothManagerService(  505): 	at android.os.Handler.dispatchMessage(Handler.java:102)
02-27 16:39:31.206 E/BluetoothManagerService(  505): 	at android.os.Looper.loop(Looper.java:149)
02-27 16:39:31.206 E/BluetoothManagerService(  505): 	at android.os.HandlerThread.run(HandlerThread.java:61)
02-27 16:39:31.206 E/BluetoothManagerService(  505): Unable to register BluetoothCallback
02-27 16:39:31.206 E/BluetoothManagerService(  505): android.os.DeadObjectException
02-27 16:39:31.206 E/BluetoothManagerService(  505): 	at android.os.BinderProxy.transact(Native Method)
02-27 16:39:31.206 E/BluetoothManagerService(  505): 	at android.bluetooth.IBluetooth$Stub$Proxy.registerCallback(IBluetooth.java:1453)
02-27 16:39:31.206 E/BluetoothManagerService(  505): 	at com.android.server.BluetoothManagerService$BluetoothHandler.handleMessage(BluetoothManagerService.java:1121)
02-27 16:39:31.206 E/BluetoothManagerService(  505): 	at android.os.Handler.dispatchMessage(Handler.java:102)
02-27 16:39:31.206 E/BluetoothManagerService(  505): 	at android.os.Looper.loop(Looper.java:149)
02-27 16:39:31.206 E/BluetoothManagerService(  505): 	at android.os.HandlerThread.run(HandlerThread.java:61)
02-27 16:39:31.206 D/BluetoothManagerService(  505): Calling onBluetoothServiceUp callbacks
02-27 16:39:31.206 D/BluetoothManagerService(  505): Broadcasting onBluetoothServiceUp() to 3 receivers.
02-27 16:39:31.206 D/BluetoothAdapter(  505): onBluetoothServiceUp: android.bluetooth.IBluetooth$Stub$Proxy@221c1f10
02-27 16:39:31.206 D/BluetoothAdapter(  569): onBluetoothServiceUp: android.bluetooth.IBluetooth$Stub$Proxy@220568f8
02-27 16:39:31.206 D/BluetoothAdapter(  753): onBluetoothServiceUp: android.bluetooth.IBluetooth$Stub$Proxy@21f29778
02-27 16:39:31.206 E/BluetoothManagerService(  505): Unable to call enable()
02-27 16:39:31.206 E/BluetoothManagerService(  505): android.os.DeadObjectException
02-27 16:39:31.206 E/BluetoothManagerService(  505): 	at android.os.BinderProxy.transact(Native Method)
02-27 16:39:31.206 E/BluetoothManagerService(  505): 	at android.bluetooth.IBluetooth$Stub$Proxy.enable(IBluetooth.java:678)
02-27 16:39:31.206 E/BluetoothManagerService(  505): 	at com.android.server.BluetoothManagerService$BluetoothHandler.handleMessage(BluetoothManagerService.java:1144)
02-27 16:39:31.206 E/BluetoothManagerService(  505): 	at android.os.Handler.dispatchMessage(Handler.java:102)
02-27 16:39:31.206 E/BluetoothManagerService(  505): 	at android.os.Looper.loop(Looper.java:149)
02-27 16:39:31.206 E/BluetoothManagerService(  505): 	at android.os.HandlerThread.run(HandlerThread.java:61)
02-27 16:39:31.206 D/BluetoothManagerService(  505): Message: 41
02-27 16:39:31.206 E/BluetoothManagerService(  505): MESSAGE_BLUETOOTH_SERVICE_DISCONNECTED: 1
02-27 16:39:31.206 D/BluetoothManagerService(  505): Calling onBluetoothServiceDown callbacks
02-27 16:39:31.206 D/BluetoothManagerService(  505): Broadcasting onBluetoothServiceDown() to 3 receivers.
02-27 16:39:31.206 D/BluetoothAdapter(  505): onBluetoothServiceDown: android.bluetooth.IBluetooth$Stub$Proxy@221c1f10
02-27 16:39:31.206 D/BluetoothAdapter(  569): onBluetoothServiceDown: android.bluetooth.IBluetooth$Stub$Proxy@220568f8
02-27 16:39:31.206 D/BluetoothAdapter(  753): onBluetoothServiceDown: android.bluetooth.IBluetooth$Stub$Proxy@21f29778
02-27 16:39:31.246 I/SecurityManagerService(  600): SMS received security event: App[START/com.android.bluetooth]
02-27 16:39:31.246 W/ContextImpl(26000): Calling a method in the system process without a qualified user: android.app.ContextImpl.startService:1547 android.content.ContextWrapper.startService:495 android.content.ContextWrapper.startService:495 com.android.settings.bluetooth.DockEventReceiver.beginStartingService:134 com.android.settings.bluetooth.DockEventReceiver.onReceive:115 
02-27 16:39:31.256 D/dalvikvm(26015): Process 26015 nice name: com.android.bluetooth
02-27 16:39:31.256 D/dalvikvm(26015): Extra Options: not specified
02-27 16:39:31.256 I/ActivityManager(  505): Start proc com.android.bluetooth for broadcast com.android.bluetooth/.pbap.BluetoothPbapReceiver: pid=26015 uid=1002 gids={41002, 3003, 3002, 3001, 1028, 1015, 3005, 1016, 3008}
02-27 16:39:31.316 D/BluetoothAdapter(26000): 569159880: getState() :  mService = null. Returning STATE_OFF
02-27 16:39:31.316 D/BluetoothManagerService(  505): Message: 30
02-27 16:39:31.326 D/AdapterServiceConfig(26015): Adding HeadsetService
02-27 16:39:31.326 D/AdapterServiceConfig(26015): Adding A2dpService
02-27 16:39:31.326 D/AdapterServiceConfig(26015): Adding HidService
02-27 16:39:31.326 D/AdapterServiceConfig(26015): Adding HealthService
02-27 16:39:31.326 D/AdapterServiceConfig(26015): Adding PanService
02-27 16:39:31.326 D/AdapterServiceConfig(26015): Adding GattService
02-27 16:39:31.336 D/BluetoothManagerService(  505): Message: 30
02-27 16:39:31.336 D/LocalBluetoothProfileManager(26000): Adding local MAP profile
02-27 16:39:31.336 D/BluetoothMap(26000): Create BluetoothMap proxy object
02-27 16:39:31.336 D/BluetoothManagerService(  505): Message: 30
02-27 16:39:31.336 E/BluetoothMap(26000): Could not bind to Bluetooth MAP Service with Intent { act=android.bluetooth.IBluetoothMap }
02-27 16:39:31.336 D/BluetoothManagerService(  505): Message: 30
02-27 16:39:31.336 W/ContextImpl(26000): Calling a method in the system process without a qualified user: android.app.ContextImpl.bindService:1611 android.content.ContextWrapper.bindService:518 android.bluetooth.BluetoothInputDevice.doBind:245 android.bluetooth.BluetoothInputDevice.<init>:238 android.bluetooth.BluetoothAdapter.getProfileProxy:1450 
02-27 16:39:31.336 W/ContextImpl(26000): Calling a method in the system process without a qualified user: android.app.ContextImpl.bindService:1611 android.content.ContextWrapper.bindService:518 android.bluetooth.BluetoothPan.doBind:149 android.bluetooth.BluetoothPan.<init>:141 android.bluetooth.BluetoothAdapter.getProfileProxy:1453 
02-27 16:39:31.336 W/ContextImpl(26000): Calling a method in the system process without a qualified user: android.app.ContextImpl.bindService:1611 android.content.ContextWrapper.bindService:518 android.bluetooth.BluetoothPbap.doBind:164 android.bluetooth.BluetoothPbap.<init>:157 com.android.settings.bluetooth.PbapServerProfile.<init>:68 
02-27 16:39:31.346 D/LocalBluetoothProfileManager(26000): LocalBluetoothProfileManager construction complete
02-27 16:39:31.346 D/DockEventReceiver(26000): finishStartingService: stopping service
02-27 16:39:31.346 D/BatteryStatsImpl(  505): noteStopWakeLocked com.android.settings isFromForeground = false
02-27 16:39:31.346 V/ActivityManager(  505): Remove bg service from mStartingBackground ,r=ServiceRecord{229e6fb0 u0 com.android.settings/.bluetooth.DockService},r used time=100,left r count=2
02-27 16:39:31.406 D/BluetoothManagerService(  505): Message: 42
02-27 16:39:31.406 D/BluetoothManagerService(  505): MESSAGE_RESTART_BLUETOOTH_SERVICE: Restart IBluetooth service
02-27 16:39:31.416 D/AudioHardwareALSA(  186): setParameters
02-27 16:39:31.486 I/SecurityManagerService(  600): SMS received security event: App[STOP/com.android.bluetooth]
02-27 16:39:31.486 I/ActivityManager(  505): Process com.android.bluetooth (pid 26015) has died.
02-27 16:39:31.526 D/BluetoothAdapter(26000): 569159880: getState() :  mService = null. Returning STATE_OFF
02-27 16:39:31.526 D/BluetoothAdapter(26000): 569159880: getState() :  mService = null. Returning STATE_OFF
02-27 16:39:31.606 I/SecurityManagerService(  600): SMS received security event: App[START/com.android.bluetooth]
02-27 16:39:31.616 D/dalvikvm(26029): Process 26029 nice name: com.android.bluetooth
02-27 16:39:31.616 D/dalvikvm(26029): Extra Options: not specified
02-27 16:39:31.626 I/ActivityManager(  505): Start proc com.android.bluetooth for broadcast com.android.bluetooth/.opp.BluetoothOppReceiver: pid=26029 uid=1002 gids={41002, 3003, 3002, 3001, 1028, 1015, 3005, 1016, 3008}
02-27 16:39:31.636 D/dalvikvm(  172): GC_EXPLICIT freed 47K, 2% free 5801K/5892K, paused 0ms+1ms, total 20ms
02-27 16:39:31.656 D/dalvikvm(  172): GC_EXPLICIT freed <1K, 2% free 5801K/5892K, paused 0ms+1ms, total 12ms
02-27 16:39:31.666 D/dalvikvm(  172): GC_EXPLICIT freed <1K, 2% free 5801K/5892K, paused 1ms+1ms, total 12ms
02-27 16:39:31.696 I/ActivityManager(  505): Process com.android.settings (pid 26000) has died.
02-27 16:39:31.706 I/SecurityManagerService(  600): SMS received security event: App[STOP/com.android.settings]
02-27 16:39:31.706 I/SecurityManagerService(  600): SMS received security event: App[STOP/com.asus.powersaver]
02-27 16:39:31.706 I/ActivityManager(  505): Process com.asus.powersaver:main (pid 911) has died.
02-27 16:39:31.726 D/AdapterServiceConfig(26029): Adding HeadsetService
02-27 16:39:31.726 D/AdapterServiceConfig(26029): Adding A2dpService
02-27 16:39:31.726 D/AdapterServiceConfig(26029): Adding HidService
02-27 16:39:31.726 D/AdapterServiceConfig(26029): Adding HealthService
02-27 16:39:31.726 D/AdapterServiceConfig(26029): Adding PanService
02-27 16:39:31.726 D/AdapterServiceConfig(26029): Adding GattService
02-27 16:39:31.736 I/SecurityManagerService(  600): SMS received security event: App[START/com.android.settings]
02-27 16:39:31.746 D/dalvikvm(26041): Process 26041 nice name: com.android.settings
02-27 16:39:31.746 D/dalvikvm(26041): Extra Options: not specified
02-27 16:39:31.746 I/ActivityManager(  505): Start proc com.android.settings for broadcast com.android.settings/.bluetooth.DockEventReceiver: pid=26041 uid=1000 gids={41000, 3003, 1028, 1015, 3002, 3001, 1023}
02-27 16:39:31.806 I/ActivityManager(  505): Process org.xwalk.webapi_noneservice_tests (pid 25176) has died.
02-27 16:39:31.816 I/WindowState(  505): WIN DEATH: Window{22884c58 u0 org.xwalk.webapi_noneservice_tests/org.xwalk.webapi_noneservice_tests.WebapiNoneserviceTestsActivity}
02-27 16:39:31.816 W/ActivityManager(  505): Force removing ActivityRecord{2208e960 u0 org.xwalk.webapi_noneservice_tests/.WebapiNoneserviceTestsActivity t88}: app died, no saved state
02-27 16:39:31.826 W/InputDispatcher(  505): channel '22884c58 org.xwalk.webapi_noneservice_tests/org.xwalk.webapi_noneservice_tests.WebapiNoneserviceTestsActivity (server)' ~ Consumer closed input channel or an error occurred.  events=0x9
02-27 16:39:31.826 E/InputDispatcher(  505): channel '22884c58 org.xwalk.webapi_noneservice_tests/org.xwalk.webapi_noneservice_tests.WebapiNoneserviceTestsActivity (server)' ~ Channel is unrecoverably broken and will be disposed!
02-27 16:39:31.826 W/InputDispatcher(  505): Attempted to unregister already unregistered input channel '22884c58 org.xwalk.webapi_noneservice_tests/org.xwalk.webapi_noneservice_tests.WebapiNoneserviceTestsActivity (server)'
02-27 16:39:31.826 W/WindowManager(  505): Force-removing child win Window{22cc86b0 u0 SurfaceView} from container Window{22884c58 u0 org.xwalk.webapi_noneservice_tests/org.xwalk.webapi_noneservice_tests.WebapiNoneserviceTestsActivity}
02-27 16:39:31.866 W/WindowManager(  505): Failed looking up window
02-27 16:39:31.866 W/WindowManager(  505): java.lang.IllegalArgumentException: Requested window android.os.BinderProxy@22155b30 does not exist
02-27 16:39:31.866 W/WindowManager(  505): 	at com.android.server.wm.WindowManagerService.windowForClientLocked(WindowManagerService.java:8056)
02-27 16:39:31.866 W/WindowManager(  505): 	at com.android.server.wm.WindowManagerService.windowForClientLocked(WindowManagerService.java:8047)
02-27 16:39:31.866 W/WindowManager(  505): 	at com.android.server.wm.WindowState$DeathRecipient.binderDied(WindowState.java:1087)
02-27 16:39:31.866 W/WindowManager(  505): 	at android.os.BinderProxy.sendDeathNotice(Binder.java:493)
02-27 16:39:31.866 W/WindowManager(  505): 	at dalvik.system.NativeStart.run(Native Method)
02-27 16:39:31.866 I/WindowState(  505): WIN DEATH: null
02-27 16:39:31.886 W/SurfaceFlinger(  171): couldn't log to binary event log: overflow.
02-27 16:39:31.886 I/SecurityManagerService(  600): SMS received security event: App[STOP/org.xwalk.webapi_noneservice_tests]
02-27 16:39:31.886 I/SecurityManagerService(  600): SMS received security event: App[START/com.asus.launcher]
02-27 16:39:31.896 D/dalvikvm(26054): Process 26054 nice name: com.asus.launcher
02-27 16:39:31.896 D/dalvikvm(26054): Extra Options: not specified
02-27 16:39:31.896 I/ActivityManager(  505): Start proc com.asus.launcher for activity com.asus.launcher/com.android.launcher3.Launcher: pid=26054 uid=10006 gids={50006, 1028, 1015, 3003}
02-27 16:39:31.906 I/SecurityManagerService(  600): SMS received security event: App[START/com.ecareme.asuswebstorage]
02-27 16:39:31.926 D/dalvikvm(  600): GC_CONCURRENT freed 4663K, 44% free 6159K/10872K, paused 0ms+1ms, total 16ms
02-27 16:39:31.926 D/dalvikvm(26068): Process 26068 nice name: com.ecareme.asuswebstorage
02-27 16:39:31.926 D/dalvikvm(26068): Extra Options: not specified
02-27 16:39:31.926 I/ActivityManager(  505): Start proc com.ecareme.asuswebstorage for broadcast com.ecareme.asuswebstorage/net.yostore.utility.ConnectionChangeReceiver: pid=26068 uid=10028 gids={50028, 3003, 1028, 1015}
02-27 16:39:31.926 D/WindowManager(  505): adjustConfigurationLw, config:{1.0 ?mcc?mnc ?locale ?layoutDir sw600dp w600dp h888dp 213dpi lrg port ?uimode ?night finger -keyb/v/h -nav/v} mLidState:1 mHasDockFeature:false mHasKeyboardFeature:false mHasHallSensorFeature:true config.hardKeyboardHidden:2
02-27 16:39:31.926 I/ActivityManager(  505): [TopPkgCurBat]	NowPkgName[com.asus.launcher]	Battery[19]	TimeTick[1425026371945]	OldPkgName[org.xwalk.webapi_noneservice_tests]
02-27 16:39:32.236 E/ConnectionChange(26068): connect change
02-27 16:39:32.246 I/SecurityManagerService(  600): SMS received security event: App[START/com.wandoujia.phoenix2]
