02-27 16:40:27.526 D/dalvikvm(26397): Compiler shutdown in progress - discarding request
02-27 16:40:27.526 D/dalvikvm(26397): Compiler shutdown in progress - discarding request
02-27 16:40:27.526 D/dalvikvm(26397): Compiler shutdown in progress - discarding request
02-27 16:40:27.546 D/WindowManager(  505): adjustConfigurationLw, config:{1.0 ?mcc?mnc ?locale ?layoutDir sw600dp w600dp h888dp 213dpi lrg port ?uimode ?night finger -keyb/v/h -nav/v} mLidState:1 mHasDockFeature:false mHasKeyboardFeature:false mHasHallSensorFeature:true config.hardKeyboardHidden:2
02-27 16:40:27.556 I/ActivityManager(  505): [TopPkgCurBat]	NowPkgName[org.xwalk.webapi_noneservice_tests]	Battery[19]	TimeTick[1425026427567]	OldPkgName[com.asus.launcher]
02-27 16:40:27.566 D/        (26054): Surface destroy: ANDROID_NATIVE_WINDOW_MAGIC
02-27 16:40:27.606 D/dalvikvm(  505): GC_EXPLICIT freed 353K, 50% free 17585K/34800K, paused 1ms+5ms, total 54ms
02-27 16:40:27.636 D/        (26054): Pixel Format : GGL_PIXEL_FORMAT_RGBA_8888
02-27 16:40:27.656 D/dalvikvm(26409): Trying to load lib /data/app-lib/org.xwalk.webapi_noneservice_tests-1/libxwalkcore.so 0x43d80490
02-27 16:40:27.726 D/dalvikvm(26409): Added shared lib /data/app-lib/org.xwalk.webapi_noneservice_tests-1/libxwalkcore.so 0x43d80490
02-27 16:40:27.736 I/LibraryLoader(26409): Time to load native libraries: 75 ms (timestamps 6695-6770)
02-27 16:40:27.736 I/LibraryLoader(26409): Expected native library version number "",actual native library version number ""
02-27 16:40:27.766 I/LibraryLoader(26409): Expected native library version number "",actual native library version number ""
02-27 16:40:27.766 I/chromium(26409): [INFO:library_loader_hooks.cc(112)] Chromium logging enabled: level = 0, default verbosity = 0
02-27 16:40:27.816 I/BrowserStartupController(26409): Initializing chromium process, singleProcess=true
02-27 16:40:27.956 D/ImageWallpaper(  569): onVisibilityChanged: mVisible, visible=true, false
02-27 16:40:27.956 D/ImageWallpaper(  569): Visibility changed to visible=false
02-27 16:40:27.956 D/ImageWallpaper(  569): Suppressed drawFrame since redraw is not needed and offsets have not changed.
02-27 16:40:28.276 W/AudioManagerAndroid(26409): Requires BLUETOOTH permission
02-27 16:40:28.276 I/WifiHW  (  505): CMD: IFNAME=wlan0 SIGNAL_POLL
02-27 16:40:28.276 D/wpa_supplicant(  711): RX ctrl_iface - hexdump(len=11): 53 49 47 4e 41 4c 5f 50 4f 4c 4c
02-27 16:40:28.276 D/wpa_supplicant(  711): wlan0: Control interface command 'SIGNAL_POLL'
02-27 16:40:28.286 I/ufoGralloc(26409): Hello, this is UFO GRALLOC/Intel Corporation
02-27 16:40:28.296 D/        (26409): Pixel Format : GGL_PIXEL_FORMAT_RGBA_8888
02-27 16:40:28.296 D/        (26409): droid_create_context : config id = 1 conf->NativeVisualID=1
02-27 16:40:28.296 D/        (26409): Pixel Format : GGL_PIXEL_FORMAT_RGBA_8888
02-27 16:40:28.296 I/        (26409): Requested context : GLES 2.0
02-27 16:40:28.306 D/wpa_supplicant(  711): nl80211: survey data missing!
02-27 16:40:28.306 I/WifiHW  (  505): REPLY: RSSI=-53
02-27 16:40:28.306 I/WifiHW  (  505): REPLY: LINKSPEED=52
02-27 16:40:28.306 I/WifiHW  (  505): REPLY: NOISE=9999
02-27 16:40:28.306 I/WifiHW  (  505): REPLY: FREQUENCY=2437
02-27 16:40:28.346 W/chromium(26409): [WARNING:proxy_service.cc(899)] PAC support disabled because there is no system implementation
02-27 16:40:28.356 W/dalvikvm(26409): VFY: unable to find class referenced in signature (Landroid/view/inputmethod/CursorAnchorInfo;)
02-27 16:40:28.356 I/dalvikvm(26409): Could not find method android.view.inputmethod.InputMethodManager.updateCursorAnchorInfo, referenced from method org.chromium.content.browser.input.InputMethodManagerWrapper.updateCursorAnchorInfo
02-27 16:40:28.356 W/dalvikvm(26409): VFY: unable to resolve virtual method 1241: Landroid/view/inputmethod/InputMethodManager;.updateCursorAnchorInfo (Landroid/view/View;Landroid/view/inputmethod/CursorAnchorInfo;)V
02-27 16:40:28.356 D/dalvikvm(26409): VFY: replacing opcode 0x6e at 0x000a
02-27 16:40:28.426 E/cutils  (  163): Failed to mkdirat(/Removable/MicroSD): Read-only file system
02-27 16:40:28.426 W/ContextImpl(26409): Failed to ensure directory: /Removable/MicroSD/Android/data/org.xwalk.webapi_noneservice_tests/cache
02-27 16:40:28.426 W/XWalkExtensionManager(26409): Failed to read extensions-config.json
02-27 16:40:28.426 E/chromium(26409): [ERROR:unix_domain_server_socket_posix.cc(106)] Not implemented reached in virtual int net::UnixDomainServerSocket::GetLocalAddress(net::IPEndPoint*) const
02-27 16:40:28.426 I/dalvikvm(26409): Could not find method android.app.Activity.finishAndRemoveTask, referenced from method org.chromium.base.ApiCompatibilityUtils.finishAndRemoveTask
02-27 16:40:28.426 W/dalvikvm(26409): VFY: unable to resolve virtual method 4: Landroid/app/Activity;.finishAndRemoveTask ()V
02-27 16:40:28.426 D/dalvikvm(26409): VFY: replacing opcode 0x6e at 0x0006
02-27 16:40:28.426 I/dalvikvm(26409): Could not find method android.os.PowerManager.isInteractive, referenced from method org.chromium.base.ApiCompatibilityUtils.isInteractive
02-27 16:40:28.426 W/dalvikvm(26409): VFY: unable to resolve virtual method 768: Landroid/os/PowerManager;.isInteractive ()Z
02-27 16:40:28.426 D/dalvikvm(26409): VFY: replacing opcode 0x6e at 0x000e
02-27 16:40:28.426 I/dalvikvm(26409): Could not find method android.view.Window.getNavigationBarColor, referenced from method org.chromium.base.ApiCompatibilityUtils.setStatusBarColor
02-27 16:40:28.426 W/dalvikvm(26409): VFY: unable to resolve virtual method 1144: Landroid/view/Window;.getNavigationBarColor ()I
02-27 16:40:28.426 D/dalvikvm(26409): VFY: replacing opcode 0x6e at 0x0010
02-27 16:40:28.426 I/dalvikvm(26409): Could not find method android.view.Window.setStatusBarColor, referenced from method org.chromium.base.ApiCompatibilityUtils.setStatusBarColor
02-27 16:40:28.426 W/dalvikvm(26409): VFY: unable to resolve virtual method 1149: Landroid/view/Window;.setStatusBarColor (I)V
02-27 16:40:28.426 D/dalvikvm(26409): VFY: replacing opcode 0x6e at 0x0019
02-27 16:40:28.426 E/dalvikvm(26409): Could not find class 'android.app.ActivityManager$TaskDescription', referenced from method org.chromium.base.ApiCompatibilityUtils.setTaskDescription
02-27 16:40:28.426 W/dalvikvm(26409): VFY: unable to resolve new-instance 11 (Landroid/app/ActivityManager$TaskDescription;) in Lorg/chromium/base/ApiCompatibilityUtils;
02-27 16:40:28.426 D/dalvikvm(26409): VFY: replacing opcode 0x22 at 0x0006
02-27 16:40:28.426 W/Vold    (  163): Returning OperationFailed - no handler for errno 30
02-27 16:40:28.436 D/dalvikvm(26409): DexOpt: unable to opt direct call 0x001e at 0x08 in Lorg/chromium/base/ApiCompatibilityUtils;.setTaskDescription
02-27 16:40:28.466 I/chromium(26409): [INFO:xwalk_extension_renderer_controller.cc(47)] EXTENSION PROCESS DISABLED.
02-27 16:40:28.506 D/        (26409): droid_create_context : config id = 5 conf->NativeVisualID=1
02-27 16:40:28.506 D/        (26409): Pixel Format : GGL_PIXEL_FORMAT_RGBA_8888
02-27 16:40:28.506 I/        (26409): Requested context : GLES 2.0
02-27 16:40:28.506 D/        (26409): Pixel Format : GGL_PIXEL_FORMAT_RGBA_8888
02-27 16:40:28.516 D/OpenGLRenderer(26409): Enabling debug mode 0
02-27 16:40:28.596 D/XT9IME  (26161): new subtype :zh_CN ,pinyin
02-27 16:40:28.606 I/ActivityManager(  505): Displayed org.xwalk.webapi_noneservice_tests/.WebapiNoneserviceTestsActivity: +1s98ms
02-27 16:40:28.686 D/        (26409): Pixel Format : GGL_PIXEL_FORMAT_RGBA_8888
02-27 16:40:28.686 D/        (26409): droid_create_context : config id = 1 conf->NativeVisualID=1
02-27 16:40:28.686 D/        (26409): Pixel Format : GGL_PIXEL_FORMAT_RGBA_8888
02-27 16:40:28.686 I/        (26409): Requested context : GLES 2.0
02-27 16:40:28.696 D/        (26409): Swap interval set to = 1 value
02-27 16:40:28.716 D/        (26409): Pixel Format : GGL_PIXEL_FORMAT_RGBA_8888
02-27 16:40:28.716 D/        (26409): droid_create_context : config id = 1 conf->NativeVisualID=1
02-27 16:40:28.716 D/        (26409): Pixel Format : GGL_PIXEL_FORMAT_RGBA_8888
02-27 16:40:28.716 I/        (26409): Requested context : GLES 2.0
02-27 16:40:28.716 D/BatteryStatsImpl(  505): noteStopWakeLocked system isFromForeground = false
02-27 16:40:28.726 W/BindingManager(26409): Cannot call determinedVisibility() - never saw a connection for the pid: 26409
02-27 16:40:29.746 W/BindingManager(26409): Cannot call determinedVisibility() - never saw a connection for the pid: 26409
02-27 16:40:30.096 I/chromium(26409): [INFO:CONSOLE(0)] "Synchronous XMLHttpRequest on the main thread is deprecated because of its detrimental effects to the end user's experience. For more help, check http://xhr.spec.whatwg.org/.", source:  (0)
02-27 16:40:30.156 D/        (26409): Pixel Format : GGL_PIXEL_FORMAT_RGBA_8888
02-27 16:40:30.156 D/        (26409): droid_create_context : config id = 1 conf->NativeVisualID=1
02-27 16:40:30.156 D/        (26409): Pixel Format : GGL_PIXEL_FORMAT_RGBA_8888
02-27 16:40:30.156 I/        (26409): Requested context : GLES 2.0
02-27 16:40:30.406 D/EVENT_THREAD(  186): void CEventThread::run() POLLIN event on Fd (1)
02-27 16:40:30.406 D/EVENT_THREAD(  186): void CEventThread::run() Do poll with timeout: -1
02-27 16:40:31.306 I/WifiHW  (  505): CMD: IFNAME=wlan0 SIGNAL_POLL
02-27 16:40:31.306 D/wpa_supplicant(  711): RX ctrl_iface - hexdump(len=11): 53 49 47 4e 41 4c 5f 50 4f 4c 4c
02-27 16:40:31.306 D/wpa_supplicant(  711): wlan0: Control interface command 'SIGNAL_POLL'
02-27 16:40:31.336 D/wpa_supplicant(  711): nl80211: survey data missing!
02-27 16:40:31.336 I/WifiHW  (  505): REPLY: RSSI=-55
02-27 16:40:31.336 I/WifiHW  (  505): REPLY: LINKSPEED=52
02-27 16:40:31.336 I/WifiHW  (  505): REPLY: NOISE=9999
02-27 16:40:31.336 I/WifiHW  (  505): REPLY: FREQUENCY=2437
02-27 16:40:32.336 D/EVENT_THREAD(  186): void CEventThread::run() POLLIN event on Fd (1)
02-27 16:40:32.336 D/EVENT_THREAD(  186): void CEventThread::run() Do poll with timeout: -1
02-27 16:40:32.336 D/EVENT_THREAD(  186): void CEventThread::run() POLLIN event on Fd (1)
02-27 16:40:32.336 D/EVENT_THREAD(  186): void CEventThread::run() Do poll with timeout: -1
02-27 16:40:32.336 I/upi_ug31xx(  166): (966) update_capacity
02-27 16:40:32.336 I/[UPI]   (  166): <UG31/E>[UpiReadCapacity]: V=3668(3670), T=323(324-381), I=-586, C=-1(-1-0)
02-27 16:40:32.336 I/[UPI]   (  166): <UG31/E>[UpiReadCapacity]: (0x0001254a) 725 (576) / 3822 (4026) = 19
02-27 16:40:32.336 I/[UPI]   (  166): <UG31/E>[UpiReadCapacity]: (0x0001254a) 725 (576) / 3822 (4026) = 19
02-27 16:40:32.336 I/[UPI]   (  166): <UG31/E>[UpiReadCapacity]: (0x0001254a) 724 (724) / 3822 (4026) = 19
02-27 16:40:32.336 I/[UPI]   (  166): <UG31/E>[RsocFilterCountTime]: (0x0001254a) Step=1(102350), Full=1(102350), Lock=102350(1800000)
02-27 16:40:32.336 I/[UPI]   (  166): <UG31/E>[UpiReadCapacity]: (0x0001254a) 724 (724) / 3822 (4026) = 19 (-586--586)
02-27 16:40:32.336 I/[UPI]   (  166): <UG31/E><BATT> M:normal, P:19(19-19)%, V:3669mV, C:-727mA, T:32.4C(381), S:0x0001254a(000), R:724mAh, F:3822mAh, Q:-1258mAh, CC:3, P:10.250(1257-0)s, BO:7, 97:615:0-44af-9m:B001-20140514-144301 (16)
02-27 16:40:32.336 I/upi_ug31xx(  166): (967) backup_data 
02-27 16:40:32.336 V/upi_ug31xx(  166): state->check_backup_count = 6
02-27 16:40:34.336 I/WifiHW  (  505): CMD: IFNAME=wlan0 SIGNAL_POLL
02-27 16:40:34.336 D/wpa_supplicant(  711): RX ctrl_iface - hexdump(len=11): 53 49 47 4e 41 4c 5f 50 4f 4c 4c
02-27 16:40:34.336 D/wpa_supplicant(  711): wlan0: Control interface command 'SIGNAL_POLL'
02-27 16:40:34.366 D/wpa_supplicant(  711): nl80211: survey data missing!
02-27 16:40:34.366 I/WifiHW  (  505): REPLY: RSSI=-49
02-27 16:40:34.366 I/WifiHW  (  505): REPLY: LINKSPEED=26
02-27 16:40:34.366 I/WifiHW  (  505): REPLY: NOISE=9999
02-27 16:40:34.366 I/WifiHW  (  505): REPLY: FREQUENCY=2437
02-27 16:40:37.366 I/WifiHW  (  505): CMD: IFNAME=wlan0 SIGNAL_POLL
02-27 16:40:37.366 D/wpa_supplicant(  711): RX ctrl_iface - hexdump(len=11): 53 49 47 4e 41 4c 5f 50 4f 4c 4c
02-27 16:40:37.366 D/wpa_supplicant(  711): wlan0: Control interface command 'SIGNAL_POLL'
02-27 16:40:37.376 D/wpa_supplicant(  711): nl80211: survey data missing!
02-27 16:40:37.376 I/WifiHW  (  505): REPLY: RSSI=-55
02-27 16:40:37.376 I/WifiHW  (  505): REPLY: LINKSPEED=26
02-27 16:40:37.376 I/WifiHW  (  505): REPLY: NOISE=9999
02-27 16:40:37.376 I/WifiHW  (  505): REPLY: FREQUENCY=2437
02-27 16:40:40.376 I/WifiHW  (  505): CMD: IFNAME=wlan0 SIGNAL_POLL
02-27 16:40:40.376 D/wpa_supplicant(  711): RX ctrl_iface - hexdump(len=11): 53 49 47 4e 41 4c 5f 50 4f 4c 4c
02-27 16:40:40.376 D/wpa_supplicant(  711): wlan0: Control interface command 'SIGNAL_POLL'
02-27 16:40:40.406 D/wpa_supplicant(  711): nl80211: survey data missing!
02-27 16:40:40.406 I/WifiHW  (  505): REPLY: RSSI=-54
02-27 16:40:40.406 I/WifiHW  (  505): REPLY: LINKSPEED=26
02-27 16:40:40.406 I/WifiHW  (  505): REPLY: NOISE=9999
02-27 16:40:40.406 I/WifiHW  (  505): REPLY: FREQUENCY=2437
02-27 16:40:40.416 D/EVENT_THREAD(  186): void CEventThread::run() POLLIN event on Fd (1)
02-27 16:40:40.416 D/EVENT_THREAD(  186): void CEventThread::run() Do poll with timeout: -1
02-27 16:40:42.576 D/EVENT_THREAD(  186): void CEventThread::run() POLLIN event on Fd (1)
02-27 16:40:42.576 D/EVENT_THREAD(  186): void CEventThread::run() Do poll with timeout: -1
02-27 16:40:42.576 D/EVENT_THREAD(  186): void CEventThread::run() POLLIN event on Fd (1)
02-27 16:40:42.576 D/EVENT_THREAD(  186): void CEventThread::run() Do poll with timeout: -1
02-27 16:40:42.576 I/upi_ug31xx(  166): (968) update_capacity
02-27 16:40:42.576 I/[UPI]   (  166): <UG31/E>[UpiReadCapacity]: V=3666(3662), T=323(324-382), I=-644, C=-2(-2-0)
02-27 16:40:42.576 I/[UPI]   (  166): <UG31/E>[UpiReadCapacity]: (0x0001254a) 724 (599) / 3822 (4022) = 19
02-27 16:40:42.576 I/[UPI]   (  166): <UG31/E>[UpiReadCapacity]: (0x0001254a) 724 (599) / 3822 (4022) = 19
02-27 16:40:42.576 I/[UPI]   (  166): <UG31/E>[UpiReadCapacity]: (0x0001254a) 721 (721) / 3822 (4022) = 19
02-27 16:40:42.576 I/[UPI]   (  166): <UG31/E>[RsocFilterCountTime]: (0x0001254a) Step=1(112600), Full=1(112600), Lock=112600(1800000)
02-27 16:40:42.576 I/[UPI]   (  166): <UG31/E>[UpiReadCapacity]: (0x0001254a) 721 (721) / 3822 (4022) = 19 (-644--644)
02-27 16:40:42.576 I/[UPI]   (  166): <UG31/E><BATT> M:normal, P:19(19-19)%, V:3660mV, C:-654mA, T:32.4C(382), S:0x0001254a(000), R:721mAh, F:3822mAh, Q:-1260mAh, CC:3, P:10.250(1259-0)s, BO:7, 97:615:0-44af-9m:B001-20140514-144301 (16)
02-27 16:40:42.576 I/upi_ug31xx(  166): (969) backup_data 
02-27 16:40:42.576 V/upi_ug31xx(  166): state->check_backup_count = 7
02-27 16:40:43.406 I/WifiHW  (  505): CMD: IFNAME=wlan0 SIGNAL_POLL
02-27 16:40:43.406 D/wpa_supplicant(  711): RX ctrl_iface - hexdump(len=11): 53 49 47 4e 41 4c 5f 50 4f 4c 4c
02-27 16:40:43.406 D/wpa_supplicant(  711): wlan0: Control interface command 'SIGNAL_POLL'
02-27 16:40:43.436 D/wpa_supplicant(  711): nl80211: survey data missing!
02-27 16:40:43.436 I/WifiHW  (  505): REPLY: RSSI=-58
02-27 16:40:43.436 I/WifiHW  (  505): REPLY: LINKSPEED=26
02-27 16:40:43.436 I/WifiHW  (  505): REPLY: NOISE=9999
02-27 16:40:43.436 I/WifiHW  (  505): REPLY: FREQUENCY=2437
02-27 16:40:46.436 I/WifiHW  (  505): CMD: IFNAME=wlan0 SIGNAL_POLL
02-27 16:40:46.436 D/wpa_supplicant(  711): RX ctrl_iface - hexdump(len=11): 53 49 47 4e 41 4c 5f 50 4f 4c 4c
02-27 16:40:46.436 D/wpa_supplicant(  711): wlan0: Control interface command 'SIGNAL_POLL'
02-27 16:40:46.466 D/wpa_supplicant(  711): nl80211: survey data missing!
02-27 16:40:46.466 I/WifiHW  (  505): REPLY: RSSI=-60
02-27 16:40:46.466 I/WifiHW  (  505): REPLY: LINKSPEED=26
02-27 16:40:46.466 I/WifiHW  (  505): REPLY: NOISE=9999
02-27 16:40:46.466 I/WifiHW  (  505): REPLY: FREQUENCY=2437
02-27 16:40:49.476 I/WifiHW  (  505): CMD: IFNAME=wlan0 SIGNAL_POLL
02-27 16:40:49.476 D/wpa_supplicant(  711): RX ctrl_iface - hexdump(len=11): 53 49 47 4e 41 4c 5f 50 4f 4c 4c
02-27 16:40:49.476 D/wpa_supplicant(  711): wlan0: Control interface command 'SIGNAL_POLL'
02-27 16:40:49.496 D/wpa_supplicant(  711): nl80211: survey data missing!
02-27 16:40:49.496 I/WifiHW  (  505): REPLY: RSSI=-52
02-27 16:40:49.496 I/WifiHW  (  505): REPLY: LINKSPEED=26
02-27 16:40:49.496 I/WifiHW  (  505): REPLY: NOISE=9999
02-27 16:40:49.496 I/WifiHW  (  505): REPLY: FREQUENCY=2437
02-27 16:40:50.436 D/EVENT_THREAD(  186): void CEventThread::run() POLLIN event on Fd (1)
02-27 16:40:50.436 D/EVENT_THREAD(  186): void CEventThread::run() Do poll with timeout: -1
02-27 16:40:52.496 I/WifiHW  (  505): CMD: IFNAME=wlan0 SIGNAL_POLL
02-27 16:40:52.496 D/wpa_supplicant(  711): RX ctrl_iface - hexdump(len=11): 53 49 47 4e 41 4c 5f 50 4f 4c 4c
02-27 16:40:52.496 D/wpa_supplicant(  711): wlan0: Control interface command 'SIGNAL_POLL'
02-27 16:40:52.526 D/wpa_supplicant(  711): nl80211: survey data missing!
02-27 16:40:52.526 I/WifiHW  (  505): REPLY: RSSI=-59
02-27 16:40:52.526 I/WifiHW  (  505): REPLY: LINKSPEED=26
02-27 16:40:52.526 I/WifiHW  (  505): REPLY: NOISE=9999
02-27 16:40:52.526 I/WifiHW  (  505): REPLY: FREQUENCY=2437
02-27 16:40:52.816 D/EVENT_THREAD(  186): void CEventThread::run() POLLIN event on Fd (1)
02-27 16:40:52.816 D/EVENT_THREAD(  186): void CEventThread::run() Do poll with timeout: -1
02-27 16:40:52.816 I/upi_ug31xx(  166): (970) update_capacity
02-27 16:40:52.816 I/[UPI]   (  166): <UG31/E>[UpiReadCapacity]: V=3663(3657), T=323(324-383), I=-643, C=-1(-1-0)
02-27 16:40:52.816 I/[UPI]   (  166): <UG31/E>[UpiReadCapacity]: (0x0001254a) 721 (599) / 3822 (4020) = 19
02-27 16:40:52.816 I/[UPI]   (  166): <UG31/E>[UpiReadCapacity]: (0x0001254a) 721 (599) / 3822 (4020) = 19
02-27 16:40:52.816 I/[UPI]   (  166): <UG31/E>[UpiReadCapacity]: (0x0001254a) 720 (720) / 3822 (4020) = 19
02-27 16:40:52.816 I/[UPI]   (  166): <UG31/E>[RsocFilterCountTime]: (0x0001254a) Step=2(122840), Full=2(122840), Lock=122840(1800000)
02-27 16:40:52.816 I/[UPI]   (  166): <UG31/E>[UpiReadCapacity]: (0x0001254a) 720 (720) / 3822 (4020) = 19 (-643--643)
02-27 16:40:52.816 I/[UPI]   (  166): <UG31/E><BATT> M:normal, P:19(19-19)%, V:3655mV, C:-643mA, T:32.4C(383), S:0x0001254a(000), R:720mAh, F:3822mAh, Q:-1261mAh, CC:3, P:10.240(1260-0)s, BO:7, 97:615:0-44af-9m:B001-20140514-144301 (16)
02-27 16:40:52.816 D/EVENT_THREAD(  186): void CEventThread::run() POLLIN event on Fd (1)
02-27 16:40:52.816 D/EVENT_THREAD(  186): void CEventThread::run() Do poll with timeout: -1
02-27 16:40:52.816 I/upi_ug31xx(  166): (971) backup_data 
02-27 16:40:52.816 V/upi_ug31xx(  166): state->check_backup_count = 8
02-27 16:40:55.526 I/WifiHW  (  505): CMD: IFNAME=wlan0 SIGNAL_POLL
02-27 16:40:55.526 D/wpa_supplicant(  711): RX ctrl_iface - hexdump(len=11): 53 49 47 4e 41 4c 5f 50 4f 4c 4c
02-27 16:40:55.526 D/wpa_supplicant(  711): wlan0: Control interface command 'SIGNAL_POLL'
02-27 16:40:55.556 D/wpa_supplicant(  711): nl80211: survey data missing!
02-27 16:40:55.556 I/WifiHW  (  505): REPLY: RSSI=-55
02-27 16:40:55.556 I/WifiHW  (  505): REPLY: LINKSPEED=26
02-27 16:40:55.556 I/WifiHW  (  505): REPLY: NOISE=9999
02-27 16:40:55.556 I/WifiHW  (  505): REPLY: FREQUENCY=2437
02-27 16:40:58.556 I/WifiHW  (  505): CMD: IFNAME=wlan0 SIGNAL_POLL
02-27 16:40:58.556 D/wpa_supplicant(  711): RX ctrl_iface - hexdump(len=11): 53 49 47 4e 41 4c 5f 50 4f 4c 4c
02-27 16:40:58.556 D/wpa_supplicant(  711): wlan0: Control interface command 'SIGNAL_POLL'
02-27 16:40:58.586 D/wpa_supplicant(  711): nl80211: survey data missing!
02-27 16:40:58.586 I/WifiHW  (  505): REPLY: RSSI=-55
02-27 16:40:58.586 I/WifiHW  (  505): REPLY: LINKSPEED=26
02-27 16:40:58.586 I/WifiHW  (  505): REPLY: NOISE=9999
02-27 16:40:58.586 I/WifiHW  (  505): REPLY: FREQUENCY=2437
02-27 16:41:00.036 D/AlarmManager(  505): Added alarm Alarm{220b99c8 type 2 com.baidu.searchbox} type:ELAPSED_REALTIME_WAKEUP when: After 0h:7m:33.0s repeatInterval: 0h:20m:0.0s
02-27 16:41:00.036 D/AlarmManager(  505): Added alarm Alarm{220b6b78 type 0 com.asus.cm} type:RTC_WAKEUP when: At 15-2-27 4:46
02-27 16:41:00.046 D/AlarmManager(  505): Added alarm Alarm{2209e870 type 0 android} type:RTC_WAKEUP when: At 15-2-27 5:00 repeatInterval: 0h:30m:0.0s
02-27 16:41:00.066 D/Clock   (  569): ACTION_TIME_TICK
02-27 16:41:00.086 D/Clock   (  569): update clock:4:41
02-27 16:41:00.176 D/BatteryStatsImpl(  505): noteStopWakeLocked system isFromForeground = false
02-27 16:41:00.456 D/EVENT_THREAD(  186): void CEventThread::run() POLLIN event on Fd (1)
02-27 16:41:00.456 D/EVENT_THREAD(  186): void CEventThread::run() Do poll with timeout: -1
02-27 16:41:01.586 I/WifiHW  (  505): CMD: IFNAME=wlan0 SIGNAL_POLL
02-27 16:41:01.586 D/wpa_supplicant(  711): RX ctrl_iface - hexdump(len=11): 53 49 47 4e 41 4c 5f 50 4f 4c 4c
02-27 16:41:01.586 D/wpa_supplicant(  711): wlan0: Control interface command 'SIGNAL_POLL'
02-27 16:41:01.616 D/wpa_supplicant(  711): nl80211: survey data missing!
02-27 16:41:01.616 I/WifiHW  (  505): REPLY: RSSI=-56
02-27 16:41:01.616 I/WifiHW  (  505): REPLY: LINKSPEED=26
02-27 16:41:01.616 I/WifiHW  (  505): REPLY: NOISE=9999
02-27 16:41:01.616 I/WifiHW  (  505): REPLY: FREQUENCY=2437
02-27 16:41:03.066 D/EVENT_THREAD(  186): void CEventThread::run() POLLIN event on Fd (1)
02-27 16:41:03.066 D/EVENT_THREAD(  186): void CEventThread::run() Do poll with timeout: -1
02-27 16:41:03.066 D/EVENT_THREAD(  186): void CEventThread::run() POLLIN event on Fd (1)
02-27 16:41:03.066 D/EVENT_THREAD(  186): void CEventThread::run() Do poll with timeout: -1
02-27 16:41:03.066 I/upi_ug31xx(  166): (972) update_capacity
02-27 16:41:03.066 I/[UPI]   (  166): <UG31/E>[UpiReadCapacity]: V=3659(3651), T=323(324-384), I=-631, C=0(0-0)
02-27 16:41:03.066 I/[UPI]   (  166): <UG31/E>[UpiReadCapacity]: (0x0001254a) 720 (576) / 3822 (4020) = 19
02-27 16:41:03.066 I/[UPI]   (  166): <UG31/E>[UpiReadCapacity]: (0x0001254a) 720 (576) / 3822 (4020) = 19
02-27 16:41:03.066 I/[UPI]   (  166): <UG31/E>[UpiReadCapacity]: (0x0001254a) 720 (720) / 3822 (4020) = 19
02-27 16:41:03.066 I/[UPI]   (  166): <UG31/E>[RsocFilterCountTime]: (0x0001254a) Step=2(133080), Full=2(133080), Lock=133080(1800000)
02-27 16:41:03.066 I/[UPI]   (  166): <UG31/E>[UpiReadCapacity]: (0x0001254a) 720 (720) / 3822 (4020) = 19 (-631--631)
02-27 16:41:03.066 I/[UPI]   (  166): <UG31/E><BATT> M:normal, P:19(19-19)%, V:3649mV, C:-662mA, T:32.4C(384), S:0x0001254a(000), R:720mAh, F:3822mAh, Q:-1261mAh, CC:3, P:10.240(1260-0)s, BO:7, 97:615:0-44af-9m:B001-20140514-144301 (16)
02-27 16:41:03.066 I/upi_ug31xx(  166): (973) backup_data 
02-27 16:41:03.066 V/upi_ug31xx(  166): state->check_backup_count = 9
02-27 16:41:04.616 I/WifiHW  (  505): CMD: IFNAME=wlan0 SIGNAL_POLL
02-27 16:41:04.616 D/wpa_supplicant(  711): RX ctrl_iface - hexdump(len=11): 53 49 47 4e 41 4c 5f 50 4f 4c 4c
02-27 16:41:04.616 D/wpa_supplicant(  711): wlan0: Control interface command 'SIGNAL_POLL'
02-27 16:41:04.646 D/wpa_supplicant(  711): nl80211: survey data missing!
02-27 16:41:04.646 I/WifiHW  (  505): REPLY: RSSI=-52
02-27 16:41:04.646 I/WifiHW  (  505): REPLY: LINKSPEED=26
02-27 16:41:04.646 I/WifiHW  (  505): REPLY: NOISE=9999
02-27 16:41:04.646 I/WifiHW  (  505): REPLY: FREQUENCY=2437
02-27 16:41:07.646 I/WifiHW  (  505): CMD: IFNAME=wlan0 SIGNAL_POLL
02-27 16:41:07.646 D/wpa_supplicant(  711): RX ctrl_iface - hexdump(len=11): 53 49 47 4e 41 4c 5f 50 4f 4c 4c
02-27 16:41:07.646 D/wpa_supplicant(  711): wlan0: Control interface command 'SIGNAL_POLL'
02-27 16:41:07.676 D/wpa_supplicant(  711): nl80211: survey data missing!
02-27 16:41:07.676 I/WifiHW  (  505): REPLY: RSSI=-47
02-27 16:41:07.676 I/WifiHW  (  505): REPLY: LINKSPEED=26
02-27 16:41:07.676 I/WifiHW  (  505): REPLY: NOISE=9999
02-27 16:41:07.676 I/WifiHW  (  505): REPLY: FREQUENCY=2437
02-27 16:41:10.486 D/EVENT_THREAD(  186): void CEventThread::run() POLLIN event on Fd (1)
02-27 16:41:10.486 D/EVENT_THREAD(  186): void CEventThread::run() Do poll with timeout: -1
02-27 16:41:10.676 I/WifiHW  (  505): CMD: IFNAME=wlan0 SIGNAL_POLL
02-27 16:41:10.676 D/wpa_supplicant(  711): RX ctrl_iface - hexdump(len=11): 53 49 47 4e 41 4c 5f 50 4f 4c 4c
02-27 16:41:10.676 D/wpa_supplicant(  711): wlan0: Control interface command 'SIGNAL_POLL'
02-27 16:41:10.706 D/wpa_supplicant(  711): nl80211: survey data missing!
02-27 16:41:10.706 I/WifiHW  (  505): REPLY: RSSI=-49
02-27 16:41:10.706 I/WifiHW  (  505): REPLY: LINKSPEED=26
02-27 16:41:10.706 I/WifiHW  (  505): REPLY: NOISE=9999
02-27 16:41:10.706 I/WifiHW  (  505): REPLY: FREQUENCY=2437
02-27 16:41:11.006 I/ActivityManager(  505): Process com.tencent.mm:push (pid 26238) has died.
02-27 16:41:11.076 I/SecurityManagerService(  600): SMS received security event: App[STOP/com.tencent.mm]
02-27 16:41:11.076 I/ActivityManager(  505): Process com.wandoujia.phoenix2 (pid 26083) has died.
02-27 16:41:11.086 I/SecurityManagerService(  600): SMS received security event: App[STOP/com.wandoujia.phoenix2]
02-27 16:41:11.086 I/ActivityManager(  505): Process com.android.settings (pid 26041) has died.
02-27 16:41:11.106 I/SecurityManagerService(  600): SMS received security event: App[STOP/com.android.settings]
02-27 16:41:13.236 I/SecurityManagerService(  600): SMS received security event: App[STOP/com.asus.cm]
02-27 16:41:13.236 I/ActivityManager(  505): Process com.asus.cm (pid 26196) has died.
02-27 16:41:13.296 D/EVENT_THREAD(  186): void CEventThread::run() POLLIN event on Fd (1)
02-27 16:41:13.296 D/EVENT_THREAD(  186): void CEventThread::run() Do poll with timeout: -1
02-27 16:41:13.296 D/EVENT_THREAD(  186): void CEventThread::run() POLLIN event on Fd (1)
02-27 16:41:13.296 D/EVENT_THREAD(  186): void CEventThread::run() Do poll with timeout: -1
02-27 16:41:13.296 I/upi_ug31xx(  166): (974) update_capacity
02-27 16:41:13.296 I/[UPI]   (  166): <UG31/E>[UpiReadCapacity]: V=3655(3648), T=323(324-385), I=-640, C=-2(-2-0)
02-27 16:41:13.296 I/[UPI]   (  166): <UG31/E>[UpiReadCapacity]: (0x0001254a) 720 (570) / 3822 (4018) = 19
02-27 16:41:13.296 I/[UPI]   (  166): <UG31/E>[UpiReadCapacity]: (0x0001254a) 720 (570) / 3822 (4018) = 19
02-27 16:41:13.296 I/[UPI]   (  166): <UG31/E>[UpiReadCapacity]: (0x0001254a) 718 (718) / 3822 (4018) = 19
02-27 16:41:13.296 I/[UPI]   (  166): <UG31/E>[RsocFilterCountTime]: (0x0001254a) Step=2(143320), Full=2(143320), Lock=143320(1800000)
02-27 16:41:13.296 I/[UPI]   (  166): <UG31/E>[UpiReadCapacity]: (0x0001254a) 718 (718) / 3822 (4018) = 19 (-640--640)
02-27 16:41:13.296 I/[UPI]   (  166): <UG31/E><BATT> M:normal, P:19(19-19)%, V:3647mV, C:-643mA, T:32.4C(385), S:0x0001254a(000), R:718mAh, F:3822mAh, Q:-1263mAh, CC:3, P:10.240(1262-0)s, BO:7, 97:615:0-44af-9m:B001-20140514-144301 (16)
02-27 16:41:13.296 I/upi_ug31xx(  166): (975) backup_data 
02-27 16:41:13.296 V/upi_ug31xx(  166): state->check_backup_count = 10
02-27 16:41:13.296 I/ActivityManager(  505): Process com.chrome.beta (pid 26260) has died.
02-27 16:41:13.316 I/SecurityManagerService(  600): SMS received security event: App[STOP/com.chrome.beta]
02-27 16:41:13.326 D/        (26409): Pixel Format : GGL_PIXEL_FORMAT_RGBA_8888
02-27 16:41:13.356 E/rsC++   (26054): RS Message thread exiting.
02-27 16:41:13.706 I/WifiHW  (  505): CMD: IFNAME=wlan0 SIGNAL_POLL
02-27 16:41:13.706 D/wpa_supplicant(  711): RX ctrl_iface - hexdump(len=11): 53 49 47 4e 41 4c 5f 50 4f 4c 4c
02-27 16:41:13.706 D/wpa_supplicant(  711): wlan0: Control interface command 'SIGNAL_POLL'
02-27 16:41:13.706 D/wpa_supplicant(  711): nl80211: survey data missing!
02-27 16:41:13.706 I/WifiHW  (  505): REPLY: RSSI=-55
02-27 16:41:13.706 I/WifiHW  (  505): REPLY: LINKSPEED=39
02-27 16:41:13.706 I/WifiHW  (  505): REPLY: NOISE=9999
02-27 16:41:13.706 I/WifiHW  (  505): REPLY: FREQUENCY=2437
02-27 16:41:16.716 I/WifiHW  (  505): CMD: IFNAME=wlan0 SIGNAL_POLL
02-27 16:41:16.716 D/wpa_supplicant(  711): RX ctrl_iface - hexdump(len=11): 53 49 47 4e 41 4c 5f 50 4f 4c 4c
02-27 16:41:16.716 D/wpa_supplicant(  711): wlan0: Control interface command 'SIGNAL_POLL'
02-27 16:41:16.726 D/wpa_supplicant(  711): nl80211: survey data missing!
02-27 16:41:16.726 I/WifiHW  (  505): REPLY: RSSI=-55
02-27 16:41:16.726 I/WifiHW  (  505): REPLY: LINKSPEED=39
02-27 16:41:16.726 I/WifiHW  (  505): REPLY: NOISE=9999
02-27 16:41:16.726 I/WifiHW  (  505): REPLY: FREQUENCY=2437
02-27 16:41:17.406 I/ActivityManager(  505): Process com.asus.sitd.whatsnext (pid 26333) has died.
02-27 16:41:17.416 I/SecurityManagerService(  600): SMS received security event: App[STOP/com.asus.sitd.whatsnext]
02-27 16:41:17.416 I/ActivityManager(  505): Process com.baidu.searchbox (pid 26291) has died.
02-27 16:41:17.426 I/SecurityManagerService(  600): SMS received security event: App[STOP/com.baidu.searchbox]
02-27 16:41:17.426 I/SecurityManagerService(  600): SMS received security event: App[STOP/com.android.bluetooth]
02-27 16:41:17.426 I/ActivityManager(  505): Process com.android.bluetooth (pid 26029) has died.
02-27 16:41:19.076 I/ActivityManager(  505): Process com.baidu.searchbox:bdservice_v1 (pid 26143) has died.
02-27 16:41:19.086 I/SecurityManagerService(  600): SMS received security event: App[STOP/com.baidu.searchbox]
02-27 16:41:19.116 D/dalvikvm(  600): GC_CONCURRENT freed 4200K, 45% free 6003K/10868K, paused 1ms+8ms, total 27ms
02-27 16:41:19.126 I/SecurityManagerService(  600): SMS received security event: App[STOP/com.baidu.BaiduMap]
02-27 16:41:19.126 I/ActivityManager(  505): Process com.baidu.BaiduMap:bdservice_v1 (pid 26179) has died.
02-27 16:41:19.136 I/SecurityManagerService(  600): SMS received security event: App[STOP/com.asus.launcher]
02-27 16:41:19.136 I/ActivityManager(  505): Process com.asus.launcher (pid 26054) has died.
02-27 16:41:19.136 I/WindowState(  505): WIN DEATH: Window{220bf6b0 u0 com.asus.launcher/com.android.launcher3.Launcher}
02-27 16:41:19.156 W/InputDispatcher(  505): channel '220bf6b0 com.asus.launcher/com.android.launcher3.Launcher (server)' ~ Consumer closed input channel or an error occurred.  events=0x9
02-27 16:41:19.156 E/InputDispatcher(  505): channel '220bf6b0 com.asus.launcher/com.android.launcher3.Launcher (server)' ~ Channel is unrecoverably broken and will be disposed!
02-27 16:41:19.156 W/InputDispatcher(  505): Attempted to unregister already unregistered input channel '220bf6b0 com.asus.launcher/com.android.launcher3.Launcher (server)'
02-27 16:41:19.726 I/WifiHW  (  505): CMD: IFNAME=wlan0 SIGNAL_POLL
02-27 16:41:19.726 D/wpa_supplicant(  711): RX ctrl_iface - hexdump(len=11): 53 49 47 4e 41 4c 5f 50 4f 4c 4c
02-27 16:41:19.726 D/wpa_supplicant(  711): wlan0: Control interface command 'SIGNAL_POLL'
02-27 16:41:19.736 D/wpa_supplicant(  711): nl80211: survey data missing!
02-27 16:41:19.736 I/WifiHW  (  505): REPLY: RSSI=-54
02-27 16:41:19.736 I/WifiHW  (  505): REPLY: LINKSPEED=39
02-27 16:41:19.736 I/WifiHW  (  505): REPLY: NOISE=9999
02-27 16:41:19.736 I/WifiHW  (  505): REPLY: FREQUENCY=2437
02-27 16:41:20.486 D/EVENT_THREAD(  186): void CEventThread::run() POLLIN event on Fd (1)
02-27 16:41:20.486 D/EVENT_THREAD(  186): void CEventThread::run() Do poll with timeout: -1
02-27 16:41:22.736 I/WifiHW  (  505): CMD: IFNAME=wlan0 SIGNAL_POLL
02-27 16:41:22.736 D/wpa_supplicant(  711): RX ctrl_iface - hexdump(len=11): 53 49 47 4e 41 4c 5f 50 4f 4c 4c
02-27 16:41:22.736 D/wpa_supplicant(  711): wlan0: Control interface command 'SIGNAL_POLL'
02-27 16:41:22.756 D/wpa_supplicant(  711): nl80211: survey data missing!
02-27 16:41:22.756 I/WifiHW  (  505): REPLY: RSSI=-56
02-27 16:41:22.756 I/WifiHW  (  505): REPLY: LINKSPEED=39
02-27 16:41:22.756 I/WifiHW  (  505): REPLY: NOISE=9999
02-27 16:41:22.756 I/WifiHW  (  505): REPLY: FREQUENCY=2437
02-27 16:41:23.036 I/SecurityManagerService(  600): SMS received security event: App[STOP/com.asus.weathertime]
02-27 16:41:23.036 I/ActivityManager(  505): Process com.asus.weathertime:main (pid 26217) has died.
02-27 16:41:23.546 D/EVENT_THREAD(  186): void CEventThread::run() POLLIN event on Fd (1)
02-27 16:41:23.546 D/EVENT_THREAD(  186): void CEventThread::run() Do poll with timeout: -1
02-27 16:41:23.546 D/EVENT_THREAD(  186): void CEventThread::run() POLLIN event on Fd (1)
02-27 16:41:23.546 D/EVENT_THREAD(  186): void CEventThread::run() Do poll with timeout: -1
02-27 16:41:23.546 I/upi_ug31xx(  166): (976) update_capacity
02-27 16:41:23.546 I/[UPI]   (  166): <UG31/E>[UpiReadCapacity]: V=3652(3647), T=323(325-387), I=-584, C=-3(-3-0)
02-27 16:41:23.546 I/[UPI]   (  166): <UG31/E>[UpiReadCapacity]: (0x0001254a) 718 (534) / 3822 (4020) = 19
02-27 16:41:23.546 I/[UPI]   (  166): <UG31/E>[UpiReadCapacity]: (0x0001254a) 718 (534) / 3822 (4020) = 19
02-27 16:41:23.546 I/[UPI]   (  166): <UG31/E>[UpiReadCapacity]: (0x0001254a) 714 (714) / 3822 (4020) = 19
02-27 16:41:23.546 I/[UPI]   (  166): <UG31/E>[RsocFilterCountTime]: (0x0001254a) Step=2(153570), Full=2(153570), Lock=153570(1800000)
02-27 16:41:23.546 I/[UPI]   (  166): <UG31/E>[UpiReadCapacity]: (0x0001254a) 714 (714) / 3822 (4020) = 19 (-584--584)
02-27 16:41:23.546 I/[UPI]   (  166): <UG31/E><BATT> M:normal, P:19(19-19)%, V:3647mV, C:-513mA, T:32.5C(387), S:0x0001254a(000), R:714mAh, F:3822mAh, Q:-1266mAh, CC:3, P:10.250(1265-0)s, BO:7, 97:615:0-44af-9m:B001-20140514-144301 (16)
02-27 16:41:23.546 I/upi_ug31xx(  166): (977) backup_data 
02-27 16:41:23.546 V/upi_ug31xx(  166): state->check_backup_count = 11
02-27 16:41:25.766 I/WifiHW  (  505): CMD: IFNAME=wlan0 SIGNAL_POLL
02-27 16:41:25.766 D/wpa_supplicant(  711): RX ctrl_iface - hexdump(len=11): 53 49 47 4e 41 4c 5f 50 4f 4c 4c
02-27 16:41:25.766 D/wpa_supplicant(  711): wlan0: Control interface command 'SIGNAL_POLL'
02-27 16:41:25.796 D/wpa_supplicant(  711): nl80211: survey data missing!
02-27 16:41:25.796 I/WifiHW  (  505): REPLY: RSSI=-57
02-27 16:41:25.796 I/WifiHW  (  505): REPLY: LINKSPEED=39
02-27 16:41:25.796 I/WifiHW  (  505): REPLY: NOISE=9999
02-27 16:41:25.796 I/WifiHW  (  505): REPLY: FREQUENCY=2437
02-27 16:41:28.796 I/WifiHW  (  505): CMD: IFNAME=wlan0 SIGNAL_POLL
02-27 16:41:28.796 D/wpa_supplicant(  711): RX ctrl_iface - hexdump(len=11): 53 49 47 4e 41 4c 5f 50 4f 4c 4c
02-27 16:41:28.796 D/wpa_supplicant(  711): wlan0: Control interface command 'SIGNAL_POLL'
02-27 16:41:28.826 D/wpa_supplicant(  711): nl80211: survey data missing!
02-27 16:41:28.826 I/WifiHW  (  505): REPLY: RSSI=-58
02-27 16:41:28.826 I/WifiHW  (  505): REPLY: LINKSPEED=39
02-27 16:41:28.826 I/WifiHW  (  505): REPLY: NOISE=9999
02-27 16:41:28.826 I/WifiHW  (  505): REPLY: FREQUENCY=2437
02-27 16:41:30.516 D/EVENT_THREAD(  186): void CEventThread::run() POLLIN event on Fd (1)
02-27 16:41:30.516 D/EVENT_THREAD(  186): void CEventThread::run() Do poll with timeout: -1
02-27 16:41:31.826 I/WifiHW  (  505): CMD: IFNAME=wlan0 SIGNAL_POLL
02-27 16:41:31.826 D/wpa_supplicant(  711): RX ctrl_iface - hexdump(len=11): 53 49 47 4e 41 4c 5f 50 4f 4c 4c
02-27 16:41:31.826 D/wpa_supplicant(  711): wlan0: Control interface command 'SIGNAL_POLL'
02-27 16:41:31.856 D/wpa_supplicant(  711): nl80211: survey data missing!
02-27 16:41:31.856 I/WifiHW  (  505): REPLY: RSSI=-52
02-27 16:41:31.856 I/WifiHW  (  505): REPLY: LINKSPEED=39
02-27 16:41:31.856 I/WifiHW  (  505): REPLY: NOISE=9999
02-27 16:41:31.856 I/WifiHW  (  505): REPLY: FREQUENCY=2437
02-27 16:41:33.786 D/EVENT_THREAD(  186): void CEventThread::run() POLLIN event on Fd (1)
02-27 16:41:33.786 D/EVENT_THREAD(  186): void CEventThread::run() Do poll with timeout: -1
02-27 16:41:33.786 I/upi_ug31xx(  166): (978) update_capacity
02-27 16:41:33.786 I/[UPI]   (  166): <UG31/E>[UpiReadCapacity]: V=3651(3649), T=324(327-388), I=-521, C=0(0-0)
02-27 16:41:33.786 I/[UPI]   (  166): <UG31/E>[UpiReadCapacity]: (0x0001254a) 714 (512) / 3822 (4022) = 19
02-27 16:41:33.786 I/[UPI]   (  166): <UG31/E>[UpiReadCapacity]: (0x0001254a) 714 (512) / 3822 (4022) = 19
02-27 16:41:33.786 I/[UPI]   (  166): <UG31/E>[UpiReadCapacity]: (0x0001254a) 714 (714) / 3822 (4022) = 19
02-27 16:41:33.786 I/[UPI]   (  166): <UG31/E>[RsocFilterCountTime]: (0x0001254a) Step=2(163800), Full=2(163800), Lock=163800(1800000)
02-27 16:41:33.786 I/[UPI]   (  166): <UG31/E>[UpiReadCapacity]: (0x0001254a) 714 (714) / 3822 (4022) = 19 (-521--521)
02-27 16:41:33.786 I/[UPI]   (  166): <UG31/E><BATT> M:normal, P:19(19-19)%, V:3650mV, C:-497mA, T:32.7C(388), S:0x0001254a(000), R:714mAh, F:3822mAh, Q:-1266mAh, CC:3, P:10.230(1265-0)s, BO:7, 97:615:0-44af-9m:B001-20140514-144301 (16)
02-27 16:41:33.786 D/EVENT_THREAD(  186): void CEventThread::run() POLLIN event on Fd (1)
02-27 16:41:33.786 D/EVENT_THREAD(  186): void CEventThread::run() Do poll with timeout: -1
02-27 16:41:33.786 I/upi_ug31xx(  166): (979) backup_data 
02-27 16:41:33.786 V/upi_ug31xx(  166): state->check_backup_count = 12
02-27 16:41:34.856 I/WifiHW  (  505): CMD: IFNAME=wlan0 SIGNAL_POLL
02-27 16:41:34.856 D/wpa_supplicant(  711): RX ctrl_iface - hexdump(len=11): 53 49 47 4e 41 4c 5f 50 4f 4c 4c
02-27 16:41:34.856 D/wpa_supplicant(  711): wlan0: Control interface command 'SIGNAL_POLL'
02-27 16:41:34.886 D/wpa_supplicant(  711): nl80211: survey data missing!
02-27 16:41:34.886 I/WifiHW  (  505): REPLY: RSSI=-52
02-27 16:41:34.886 I/WifiHW  (  505): REPLY: LINKSPEED=39
02-27 16:41:34.886 I/WifiHW  (  505): REPLY: NOISE=9999
02-27 16:41:34.886 I/WifiHW  (  505): REPLY: FREQUENCY=2437
02-27 16:41:37.886 I/WifiHW  (  505): CMD: IFNAME=wlan0 SIGNAL_POLL
02-27 16:41:37.886 D/wpa_supplicant(  711): RX ctrl_iface - hexdump(len=11): 53 49 47 4e 41 4c 5f 50 4f 4c 4c
02-27 16:41:37.886 D/wpa_supplicant(  711): wlan0: Control interface command 'SIGNAL_POLL'
02-27 16:41:37.916 D/wpa_supplicant(  711): nl80211: survey data missing!
02-27 16:41:37.916 I/WifiHW  (  505): REPLY: RSSI=-53
02-27 16:41:37.916 I/WifiHW  (  505): REPLY: LINKSPEED=39
02-27 16:41:37.916 I/WifiHW  (  505): REPLY: NOISE=9999
02-27 16:41:37.916 I/WifiHW  (  505): REPLY: FREQUENCY=2437
02-27 16:41:40.536 D/EVENT_THREAD(  186): void CEventThread::run() POLLIN event on Fd (1)
02-27 16:41:40.536 D/EVENT_THREAD(  186): void CEventThread::run() Do poll with timeout: -1
02-27 16:41:40.916 I/WifiHW  (  505): CMD: IFNAME=wlan0 SIGNAL_POLL
02-27 16:41:40.916 D/wpa_supplicant(  711): RX ctrl_iface - hexdump(len=11): 53 49 47 4e 41 4c 5f 50 4f 4c 4c
02-27 16:41:40.916 D/wpa_supplicant(  711): wlan0: Control interface command 'SIGNAL_POLL'
02-27 16:41:40.946 D/wpa_supplicant(  711): nl80211: survey data missing!
02-27 16:41:40.946 I/WifiHW  (  505): REPLY: RSSI=-59
02-27 16:41:40.946 I/WifiHW  (  505): REPLY: LINKSPEED=39
02-27 16:41:40.946 I/WifiHW  (  505): REPLY: NOISE=9999
02-27 16:41:40.946 I/WifiHW  (  505): REPLY: FREQUENCY=2437
02-27 16:41:40.966 E/CMC->TaskConnection(  586): execute TaskConnection but get IOException: failed to connect to mdmnotify1.asus.com/103.10.4.158 (port 9000): connect failed: ETIMEDOUT (Connection timed out)
02-27 16:41:40.966 E/CMC->NioClient3(  586): NioClient thread get exception e: execute TaskConnection but get IOException
02-27 16:41:40.986 W/ContextImpl(  586): Calling a method in the system process without a qualified user: android.app.ContextImpl.stopService:1553 android.content.ContextWrapper.stopService:500 com.asus.cm.push.PushUtil.stopPushService:33 com.asus.cm.push.NioClient3.run:120 <bottom of call stack> 
02-27 16:41:40.996 D/CMC->PushService(  586): ============== PushService.onDestroy() ==============
02-27 16:41:40.996 D/CMC->PushUtil(  586): State.CONNECTED
02-27 16:41:40.996 D/CMC->PushControlReceiver(  586): set retry
02-27 16:41:40.996 D/AlarmManager(  505): Removed alarm Alarm{220b6b78 type 0 com.asus.cm} type:RTC_WAKEUP
02-27 16:41:41.006 D/AlarmManager(  505): Added alarm Alarm{21fb3760 type 2 com.baidu.searchbox} type:ELAPSED_REALTIME_WAKEUP when: After 0h:6m:52.0s repeatInterval: 0h:20m:0.0s
02-27 16:41:41.016 D/AlarmManager(  505): Added alarm Alarm{21fa6fd8 type 0 android} type:RTC_WAKEUP when: At 15-2-27 5:00 repeatInterval: 0h:30m:0.0s
02-27 16:41:41.026 D/CMC->UniqueId(  586): get cached uniqueID
02-27 16:41:41.026 D/CMC->UniqueId(  586): get cached uniqueID
02-27 16:41:43.946 I/WifiHW  (  505): CMD: IFNAME=wlan0 SIGNAL_POLL
02-27 16:41:43.946 D/wpa_supplicant(  711): RX ctrl_iface - hexdump(len=11): 53 49 47 4e 41 4c 5f 50 4f 4c 4c
02-27 16:41:43.946 D/wpa_supplicant(  711): wlan0: Control interface command 'SIGNAL_POLL'
02-27 16:41:43.976 D/wpa_supplicant(  711): nl80211: survey data missing!
02-27 16:41:43.976 I/WifiHW  (  505): REPLY: RSSI=-58
02-27 16:41:43.976 I/WifiHW  (  505): REPLY: LINKSPEED=39
02-27 16:41:43.976 I/WifiHW  (  505): REPLY: NOISE=9999
02-27 16:41:43.976 I/WifiHW  (  505): REPLY: FREQUENCY=2437
02-27 16:41:44.026 D/EVENT_THREAD(  186): void CEventThread::run() POLLIN event on Fd (1)
02-27 16:41:44.026 D/EVENT_THREAD(  186): void CEventThread::run() Do poll with timeout: -1
02-27 16:41:44.026 I/upi_ug31xx(  166): (980) update_capacity
02-27 16:41:44.026 I/[UPI]   (  166): <UG31/E>[UpiReadCapacity]: V=3651(3651), T=325(327-389), I=-500, C=-2(-2-0)
02-27 16:41:44.026 I/[UPI]   (  166): <UG31/E>[UpiReadCapacity]: (0x0001254a) 714 (496) / 3822 (4024) = 19
02-27 16:41:44.026 I/[UPI]   (  166): <UG31/E>[UpiReadCapacity]: (0x0001254a) 714 (496) / 3822 (4024) = 19
02-27 16:41:44.026 I/[UPI]   (  166): <UG31/E>[UpiReadCapacity]: (0x0001254a) 711 (711) / 3822 (4024) = 19
02-27 16:41:44.026 I/[UPI]   (  166): <UG31/E>[RsocFilterCountTime]: (0x0001254a) Step=2(174040), Full=2(174040), Lock=174040(1800000)
02-27 16:41:44.026 I/[UPI]   (  166): <UG31/E>[UpiReadCapacity]: (0x0001254a) 711 (711) / 3822 (4024) = 19 (-500--500)
02-27 16:41:44.026 I/[UPI]   (  166): <UG31/E><BATT> M:normal, P:19(19-19)%, V:3652mV, C:-497mA, T:32.7C(389), S:0x0001254a(000), R:711mAh, F:3822mAh, Q:-1268mAh, CC:3, P:10.240(1267-0)s, BO:7, 97:615:0-44af-9m:B001-20140514-144301 (16)
02-27 16:41:44.026 D/EVENT_THREAD(  186): void CEventThread::run() POLLIN event on Fd (1)
02-27 16:41:44.026 D/EVENT_THREAD(  186): void CEventThread::run() Do poll with timeout: -1
02-27 16:41:44.026 I/upi_ug31xx(  166): (981) backup_data 
02-27 16:41:44.026 V/upi_ug31xx(  166): state->check_backup_count = 13
02-27 16:41:46.976 I/WifiHW  (  505): CMD: IFNAME=wlan0 SIGNAL_POLL
02-27 16:41:46.976 D/wpa_supplicant(  711): RX ctrl_iface - hexdump(len=11): 53 49 47 4e 41 4c 5f 50 4f 4c 4c
02-27 16:41:46.976 D/wpa_supplicant(  711): wlan0: Control interface command 'SIGNAL_POLL'
02-27 16:41:47.006 D/wpa_supplicant(  711): nl80211: survey data missing!
02-27 16:41:47.006 I/WifiHW  (  505): REPLY: RSSI=-60
02-27 16:41:47.006 I/WifiHW  (  505): REPLY: LINKSPEED=39
02-27 16:41:47.006 I/WifiHW  (  505): REPLY: NOISE=9999
02-27 16:41:47.006 I/WifiHW  (  505): REPLY: FREQUENCY=2437
02-27 16:41:47.176 D/AlarmManager(  505): Added alarm Alarm{21f59f10 type 0 com.baidu.BaiduMap} type:RTC_WAKEUP when: At 15-2-27 4:45 repeatInterval: 0h:5m:0.0s
02-27 16:41:47.176 D/AlarmManager(  505): Triggered Alarm 21fc2c90 RTC_WAKEUP IntentSender{2220b3e8: PendingIntentRecord{21f0b5e8 com.baidu.BaiduMap startService}}
02-27 16:41:47.176 D/AlarmManager(  505): Removed alarm Alarm{21f59f10 type 0 com.baidu.BaiduMap} type:RTC_WAKEUP
02-27 16:41:47.176 D/AlarmManager(  505): Added alarm Alarm{21f31778 type 2 com.baidu.searchbox} type:ELAPSED_REALTIME_WAKEUP when: After 0h:6m:46.0s repeatInterval: 0h:20m:0.0s
02-27 16:41:47.186 D/AlarmManager(  505): Added alarm Alarm{21ed7458 type 0 android} type:RTC_WAKEUP when: At 15-2-27 5:00 repeatInterval: 0h:30m:0.0s
02-27 16:41:47.216 I/SecurityManagerService(  600): SMS received security event: App[START/com.wandoujia.phoenix2]
02-27 16:41:47.226 D/dalvikvm(26526): Process 26526 nice name: com.wandoujia.phoenix2
02-27 16:41:47.226 D/dalvikvm(26526): Extra Options: not specified
02-27 16:41:47.236 I/ActivityManager(  505): Start proc com.wandoujia.phoenix2 for broadcast com.wandoujia.phoenix2/com.wandoujia.phoenix4.receiver.UpgradeReceiver: pid=26526 uid=10029 gids={50029, 3003, 1028, 1015}
02-27 16:41:47.556 D/AlarmManager(  505): Added alarm Alarm{21f8ae50 type 2 com.baidu.searchbox} type:ELAPSED_REALTIME_WAKEUP when: After 0h:6m:46.0s repeatInterval: 0h:20m:0.0s
02-27 16:41:47.556 D/AlarmManager(  505): Added alarm Alarm{21f5c8d0 type 0 android} type:RTC_WAKEUP when: At 15-2-27 5:00 repeatInterval: 0h:30m:0.0s
02-27 16:41:47.566 D/AlarmManager(  505): Removed alarm Alarm{220c5a68 type 0 com.wandoujia.phoenix2} type:RTC_WAKEUP
02-27 16:41:47.576 D/AlarmManager(  505): Added alarm Alarm{22055e20 type 2 com.baidu.searchbox} type:ELAPSED_REALTIME_WAKEUP when: After 0h:6m:46.0s repeatInterval: 0h:20m:0.0s
02-27 16:41:47.576 D/AlarmManager(  505): Added alarm Alarm{22006dc0 type 0 android} type:RTC_WAKEUP when: At 15-2-27 5:00 repeatInterval: 0h:30m:0.0s
02-27 16:41:47.596 D/AlarmManager(  505): Added alarm Alarm{220cdd00 type 2 com.baidu.searchbox} type:ELAPSED_REALTIME_WAKEUP when: After 0h:6m:46.0s repeatInterval: 0h:20m:0.0s
02-27 16:41:47.596 D/AlarmManager(  505): Added alarm Alarm{2208dbf8 type 0 android} type:RTC_WAKEUP when: At 15-2-27 5:00 repeatInterval: 0h:30m:0.0s
02-27 16:41:47.656 D/AlarmManager(  505): Added alarm Alarm{222125c8 type 2 com.baidu.searchbox} type:ELAPSED_REALTIME_WAKEUP when: After 0h:6m:46.0s repeatInterval: 0h:20m:0.0s
02-27 16:41:47.666 D/AlarmManager(  505): Added alarm Alarm{22151fa0 type 0 android} type:RTC_WAKEUP when: At 15-2-27 5:00 repeatInterval: 0h:30m:0.0s
02-27 16:41:47.776 D/AlarmManager(  505): Added alarm Alarm{221de988 type 2 com.baidu.searchbox} type:ELAPSED_REALTIME_WAKEUP when: After 0h:6m:45.0s repeatInterval: 0h:20m:0.0s
02-27 16:41:47.776 D/AlarmManager(  505): Added alarm Alarm{221b4248 type 0 android} type:RTC_WAKEUP when: At 15-2-27 5:00 repeatInterval: 0h:30m:0.0s
02-27 16:41:47.786 D/AlarmManager(  505): Added alarm Alarm{21f37c38 type 0 com.wandoujia.phoenix2} type:RTC_WAKEUP when: At 15-2-28 4:24
02-27 16:41:47.796 D/AlarmManager(  505): Added alarm Alarm{220edff0 type 2 com.baidu.searchbox} type:ELAPSED_REALTIME_WAKEUP when: After 0h:6m:45.0s repeatInterval: 0h:20m:0.0s
02-27 16:41:47.796 D/AlarmManager(  505): Added alarm Alarm{221b6870 type 0 android} type:RTC_WAKEUP when: At 15-2-27 5:00 repeatInterval: 0h:30m:0.0s
02-27 16:41:47.816 D/AlarmManager(  505): Added alarm Alarm{22277b98 type 0 com.android.providers.calendar} type:RTC_WAKEUP when: At 15-2-28 10:50
02-27 16:41:47.846 D/BatteryStatsImpl(  505): noteStopWakeLocked system isFromForeground = false
02-27 16:41:47.926 V/ActivityManager(  505): Remove bg service from mStartingBackground ,r=ServiceRecord{22205010 u0 com.wandoujia.phoenix2/.services.BackgroundService},r used time=315,left r count=0
02-27 16:41:48.046 I/ActivityManager(  505): Process com.wandoujia.phoenix2 (pid 26526) has died.
02-27 16:41:48.056 I/SecurityManagerService(  600): SMS received security event: App[STOP/com.wandoujia.phoenix2]
02-27 16:41:49.726 W/ufoGralloc(  171): registerBuffer() handle 0xb8f24e10/49 didn't require registration
02-27 16:41:50.006 I/WifiHW  (  505): CMD: IFNAME=wlan0 SIGNAL_POLL
02-27 16:41:50.026 D/wpa_supplicant(  711): RX ctrl_iface - hexdump(len=11): 53 49 47 4e 41 4c 5f 50 4f 4c 4c
02-27 16:41:50.036 D/wpa_supplicant(  711): wlan0: Control interface command 'SIGNAL_POLL'
02-27 16:41:50.066 D/wpa_supplicant(  711): nl80211: survey data missing!
02-27 16:41:50.066 I/WifiHW  (  505): REPLY: RSSI=-62
02-27 16:41:50.066 I/WifiHW  (  505): REPLY: LINKSPEED=39
02-27 16:41:50.066 I/WifiHW  (  505): REPLY: NOISE=9999
02-27 16:41:50.066 I/WifiHW  (  505): REPLY: FREQUENCY=2437
02-27 16:41:50.086 I/SecurityManagerService(  600): SMS received security event: App[START/com.asus.launcher]
02-27 16:41:50.196 I/ActivityManager(  505): Start proc com.asus.launcher for activity com.asus.launcher/com.android.launcher3.Launcher: pid=26580 uid=10006 gids={50006, 1028, 1015, 3003}
02-27 16:41:50.206 D/dalvikvm(26580): Process 26580 nice name: com.asus.launcher
02-27 16:41:50.206 D/dalvikvm(26580): Extra Options: not specified
02-27 16:41:50.286 I/ActivityManager(  505): Process com.asus.ime (pid 26161) has died.
02-27 16:41:50.316 I/SecurityManagerService(  600): SMS received security event: App[STOP/com.asus.ime]
02-27 16:41:50.416 W/InputMethodManagerService(  505): Session failed to close due to remote exception
02-27 16:41:50.416 W/InputMethodManagerService(  505): android.os.DeadObjectException
02-27 16:41:50.416 W/InputMethodManagerService(  505): 	at android.os.BinderProxy.transact(Native Method)
02-27 16:41:50.416 W/InputMethodManagerService(  505): 	at com.android.internal.view.IInputMethodSession$Stub$Proxy.finishSession(IInputMethodSession.java:292)
02-27 16:41:50.416 W/InputMethodManagerService(  505): 	at com.android.server.InputMethodManagerService.finishSessionLocked(InputMethodManagerService.java:1370)
02-27 16:41:50.416 W/InputMethodManagerService(  505): 	at com.android.server.InputMethodManagerService.clearClientSessionLocked(InputMethodManagerService.java:1361)
02-27 16:41:50.416 W/InputMethodManagerService(  505): 	at com.android.server.InputMethodManagerService.clearCurMethodLocked(InputMethodManagerService.java:1387)
02-27 16:41:50.416 W/InputMethodManagerService(  505): 	at com.android.server.InputMethodManagerService.onServiceDisconnected(InputMethodManagerService.java:1406)
02-27 16:41:50.416 W/InputMethodManagerService(  505): 	at android.app.LoadedApk$ServiceDispatcher.doDeath(LoadedApk.java:1115)
02-27 16:41:50.416 W/InputMethodManagerService(  505): 	at android.app.LoadedApk$ServiceDispatcher$RunConnection.run(LoadedApk.java:1129)
02-27 16:41:50.416 W/InputMethodManagerService(  505): 	at android.os.Handler.handleCallback(Handler.java:733)
02-27 16:41:50.416 W/InputMethodManagerService(  505): 	at android.os.Handler.dispatchMessage(Handler.java:95)
02-27 16:41:50.416 W/InputMethodManagerService(  505): 	at android.os.Looper.loop(Looper.java:149)
