02-27 14:26:18.492 D/wpa_supplicant(  711): RX ctrl_iface - hexdump(len=11): 53 49 47 4e 41 4c 5f 50 4f 4c 4c
02-27 14:26:18.492 D/wpa_supplicant(  711): wlan0: Control interface command 'SIGNAL_POLL'
02-27 14:26:18.512 W/BindingManager(14719): Cannot call determinedVisibility() - never saw a connection for the pid: 14719
02-27 14:26:18.522 D/wpa_supplicant(  711): nl80211: survey data missing!
02-27 14:26:18.522 I/WifiHW  (  505): REPLY: RSSI=-62
02-27 14:26:18.522 I/WifiHW  (  505): REPLY: LINKSPEED=65
02-27 14:26:18.522 I/WifiHW  (  505): REPLY: NOISE=9999
02-27 14:26:18.522 I/WifiHW  (  505): REPLY: FREQUENCY=2437
02-27 14:26:18.672 E/MediaResourceGetter(14719): File does not exist.
02-27 14:26:18.672 E/MediaResourceGetter(14719): Unable to configure metadata extractor
02-27 14:26:18.682 E/chromium(14719): [ERROR:webmediaplayer_android.cc(449)] Not implemented reached in virtual void content::WebMediaPlayerAndroid::setRate(double)
02-27 14:26:18.682 I/MediaFocusControl(  505):  AudioFocus  requestAudioFocus() from android.media.AudioManager@21efe888org.chromium.media.MediaPlayerListener@21fdd1c0
02-27 14:26:18.692 V/Avrcp   ( 1543): New genId = 157, clearing = 1
02-27 14:26:18.722 E/wrs-omxil-core(  186): OMX_GetHandle(): exit failure, OMX.Intel.hw_vd.h264 not found
02-27 14:26:18.722 I/libva   (  186): VA-API version 0.34.0
02-27 14:26:18.722 I/libva   (  186): va_getDriverName() returns 0
02-27 14:26:18.722 I/libva   (  186): Trying to open /system/lib/i965_drv_video.so
02-27 14:26:18.722 I/libva   (  186): Found init function __vaDriverInit_0_32
02-27 14:26:18.722 I/libva   (  186): va_openDriver() returns 0
02-27 14:26:18.722 I/OMXCodec(  186): [OMX.Intel.hw_vd.h264] AVC profile = 66 (Baseline), level = 30
02-27 14:26:18.722 I/OMXCodec(  186): [OMX.Intel.hw_vd.h264] video dimensions are 320 x 240
02-27 14:26:18.722 I/OMXCodec(  186): [OMX.Intel.hw_vd.h264] Crop rect is 320 x 240 @ (0, 0)
02-27 14:26:18.732 D/AudioHardwareALSA(  186): setParameters
02-27 14:26:18.732 W/RouteManager(  186): doSetParameters: Unhandled argument.
02-27 14:26:18.732 I/SoftOMXPlugin(  186): Created OMXPlugin : OMX.Intel.aac.decoder
02-27 14:26:18.732 E/wrs-omxil-core(  186): OMX_GetHandle(): exit failure, OMX.Intel.hw_vd.h264 not found
02-27 14:26:18.732 I/libva   (  186): VA-API version 0.34.0
02-27 14:26:18.732 I/libva   (  186): va_getDriverName() returns 0
02-27 14:26:18.732 I/libva   (  186): Trying to open /system/lib/i965_drv_video.so
02-27 14:26:18.732 I/libva   (  186): Found init function __vaDriverInit_0_32
02-27 14:26:18.732 I/libva   (  186): va_openDriver() returns 0
02-27 14:26:18.732 I/OMXCodec(  186): [OMX.Intel.hw_vd.h264] AVC profile = 66 (Baseline), level = 30
02-27 14:26:18.732 I/OMXCodec(  186): [OMX.Intel.hw_vd.h264] video dimensions are 320 x 240
02-27 14:26:18.732 I/OMXCodec(  186): [OMX.Intel.hw_vd.h264] Crop rect is 320 x 240 @ (0, 0)
02-27 14:26:18.742 E/MediaPlayer(14719): Should have subtitle controller already set
02-27 14:26:18.742 D/MediaPlayer(14719): getMetadata
02-27 14:26:19.282 E/wrs-omxil-core(  186): OMX_GetHandle(): exit failure, OMX.Intel.hw_vd.h264 not found
02-27 14:26:19.282 I/libva   (  186): VA-API version 0.34.0
02-27 14:26:19.282 I/libva   (  186): va_getDriverName() returns 0
02-27 14:26:19.282 I/libva   (  186): Trying to open /system/lib/i965_drv_video.so
02-27 14:26:19.282 I/libva   (  186): Found init function __vaDriverInit_0_32
02-27 14:26:19.282 I/libva   (  186): va_openDriver() returns 0
02-27 14:26:19.282 I/OMXCodec(  186): [OMX.Intel.hw_vd.h264] AVC profile = 66 (Baseline), level = 30
02-27 14:26:19.282 I/OMXCodec(  186): [OMX.Intel.hw_vd.h264] video dimensions are 320 x 240
02-27 14:26:19.282 I/OMXCodec(  186): [OMX.Intel.hw_vd.h264] Crop rect is 320 x 240 @ (0, 0)
02-27 14:26:19.292 I/MediaFocusControl(  505):  AudioFocus  abandonAudioFocus() from android.media.AudioManager@21efe888org.chromium.media.MediaPlayerListener@21fdd1c0
02-27 14:26:19.292 V/Avrcp   ( 1543): New genId = 158, clearing = 1
02-27 14:26:19.312 W/BindingManager(14719): Cannot call determinedVisibility() - never saw a connection for the pid: 14719
02-27 14:26:19.352 E/MediaResourceGetter(14719): File does not exist.
02-27 14:26:19.352 E/MediaResourceGetter(14719): Unable to configure metadata extractor
02-27 14:26:19.362 E/chromium(14719): [ERROR:webmediaplayer_android.cc(449)] Not implemented reached in virtual void content::WebMediaPlayerAndroid::setRate(double)
02-27 14:26:19.362 I/MediaFocusControl(  505):  AudioFocus  requestAudioFocus() from android.media.AudioManager@21efe888org.chromium.media.MediaPlayerListener@21fe5820
02-27 14:26:19.362 V/Avrcp   ( 1543): New genId = 159, clearing = 1
02-27 14:26:19.392 E/wrs-omxil-core(  186): OMX_GetHandle(): exit failure, OMX.Intel.hw_vd.h264 not found
02-27 14:26:19.392 I/libva   (  186): VA-API version 0.34.0
02-27 14:26:19.392 I/libva   (  186): va_getDriverName() returns 0
02-27 14:26:19.392 I/libva   (  186): Trying to open /system/lib/i965_drv_video.so
02-27 14:26:19.392 I/libva   (  186): Found init function __vaDriverInit_0_32
02-27 14:26:19.392 I/libva   (  186): va_openDriver() returns 0
02-27 14:26:19.392 I/OMXCodec(  186): [OMX.Intel.hw_vd.h264] AVC profile = 66 (Baseline), level = 30
02-27 14:26:19.392 I/OMXCodec(  186): [OMX.Intel.hw_vd.h264] video dimensions are 320 x 240
02-27 14:26:19.392 I/OMXCodec(  186): [OMX.Intel.hw_vd.h264] Crop rect is 320 x 240 @ (0, 0)
02-27 14:26:19.392 D/AudioHardwareALSA(  186): setParameters
02-27 14:26:19.392 W/RouteManager(  186): doSetParameters: Unhandled argument.
02-27 14:26:19.392 I/SoftOMXPlugin(  186): Created OMXPlugin : OMX.Intel.aac.decoder
02-27 14:26:19.402 E/wrs-omxil-core(  186): OMX_GetHandle(): exit failure, OMX.Intel.hw_vd.h264 not found
02-27 14:26:19.402 I/libva   (  186): VA-API version 0.34.0
02-27 14:26:19.402 I/libva   (  186): va_getDriverName() returns 0
02-27 14:26:19.402 I/libva   (  186): Trying to open /system/lib/i965_drv_video.so
02-27 14:26:19.402 I/libva   (  186): Found init function __vaDriverInit_0_32
02-27 14:26:19.402 I/libva   (  186): va_openDriver() returns 0
02-27 14:26:19.402 I/OMXCodec(  186): [OMX.Intel.hw_vd.h264] AVC profile = 66 (Baseline), level = 30
02-27 14:26:19.402 I/OMXCodec(  186): [OMX.Intel.hw_vd.h264] video dimensions are 320 x 240
02-27 14:26:19.402 I/OMXCodec(  186): [OMX.Intel.hw_vd.h264] Crop rect is 320 x 240 @ (0, 0)
02-27 14:26:19.412 E/MediaPlayer(14719): Should have subtitle controller already set
02-27 14:26:19.412 D/MediaPlayer(14719): getMetadata
02-27 14:26:19.902 E/wrs-omxil-core(  186): OMX_GetHandle(): exit failure, OMX.Intel.hw_vd.h264 not found
02-27 14:26:19.902 I/libva   (  186): VA-API version 0.34.0
02-27 14:26:19.902 I/libva   (  186): va_getDriverName() returns 0
02-27 14:26:19.902 I/libva   (  186): Trying to open /system/lib/i965_drv_video.so
02-27 14:26:19.902 I/libva   (  186): Found init function __vaDriverInit_0_32
02-27 14:26:19.912 I/libva   (  186): va_openDriver() returns 0
02-27 14:26:19.912 I/OMXCodec(  186): [OMX.Intel.hw_vd.h264] AVC profile = 66 (Baseline), level = 30
02-27 14:26:19.912 I/OMXCodec(  186): [OMX.Intel.hw_vd.h264] video dimensions are 320 x 240
02-27 14:26:19.912 I/OMXCodec(  186): [OMX.Intel.hw_vd.h264] Crop rect is 320 x 240 @ (0, 0)
02-27 14:26:19.922 I/MediaFocusControl(  505):  AudioFocus  abandonAudioFocus() from android.media.AudioManager@21efe888org.chromium.media.MediaPlayerListener@21fe5820
02-27 14:26:19.922 V/Avrcp   ( 1543): New genId = 160, clearing = 1
02-27 14:26:19.932 W/BindingManager(14719): Cannot call determinedVisibility() - never saw a connection for the pid: 14719
02-27 14:26:21.072 D/EVENT_THREAD(  186): void CEventThread::run() POLLIN event on Fd (1)
02-27 14:26:21.072 D/EVENT_THREAD(  186): void CEventThread::run() Do poll with timeout: -1
02-27 14:26:21.142 W/ufoGralloc(  171): registerBuffer() handle 0xb8f24e10/39 didn't require registration
02-27 14:26:21.162 D/WindowManager(  505): adjustConfigurationLw, config:{1.0 ?mcc?mnc ?locale ?layoutDir sw600dp w961dp h528dp 213dpi lrg land ?uimode ?night finger -keyb/v/h -nav/v} mLidState:1 mHasDockFeature:false mHasKeyboardFeature:false mHasHallSensorFeature:true config.hardKeyboardHidden:2
02-27 14:26:21.162 I/ActivityManager(  505): [TopPkgCurBat]	NowPkgName[com.asus.launcher]	Battery[34]	TimeTick[1425018381172]	OldPkgName[org.xwalk.webapi_noneservice_tests]
02-27 14:26:21.172 V/WeatherTimeProvider( 1093): widget on Visibility Changed
02-27 14:26:21.192 D/        (  674): Pixel Format : GGL_PIXEL_FORMAT_RGBA_8888
02-27 14:26:21.202 W/IInputConnectionWrapper(14719): showStatusIcon on inactive InputConnection
02-27 14:26:21.202 D/XT9IME  (  725): new subtype :zh_CN ,pinyin
02-27 14:26:21.222 D/BatteryStatsImpl(  505): noteStopWakeLocked system isFromForeground = false
02-27 14:26:21.222 D/ImageWallpaper(  569): onVisibilityChanged: mVisible, visible=false, true
02-27 14:26:21.222 D/ImageWallpaper(  569): Visibility changed to visible=true
02-27 14:26:21.222 D/ImageWallpaper(  569): Suppressed drawFrame since redraw is not needed and offsets have not changed.
02-27 14:26:21.242 D/        (14719): Surface destroy: ANDROID_NATIVE_WINDOW_MAGIC
02-27 14:26:21.242 D/        (14719): Surface destroy: ANDROID_NATIVE_WINDOW_MAGIC
02-27 14:26:21.302 D/AndroidRuntime(15063): 
02-27 14:26:21.302 D/AndroidRuntime(15063): >>>>>> AndroidRuntime START com.android.internal.os.RuntimeInit <<<<<<
02-27 14:26:21.302 D/AndroidRuntime(15063): CheckJNI is OFF
02-27 14:26:21.302 I/AndroidRuntime(15063): Kernel Release Version: 3.10.20-gf818079
02-27 14:26:21.302 I/dalvikvm(15063): No library specified. The standard exception handler will be used
02-27 14:26:21.302 I/dalvikvm(15063): 
02-27 14:26:21.302 I/dalvikvm(15063): +++++++++++++ Using PCG. +++++++++++++++++++++
02-27 14:26:21.312 D/dalvikvm(15063): Trying to load lib libjavacore.so 0x0
02-27 14:26:21.312 D/dalvikvm(15063): Added shared lib libjavacore.so 0x0
02-27 14:26:21.312 D/dalvikvm(15063): Trying to load lib libnativehelper.so 0x0
02-27 14:26:21.312 D/dalvikvm(15063): Added shared lib libnativehelper.so 0x0
02-27 14:26:21.312 D/dalvikvm(15063): No JNI_OnLoad found in libnativehelper.so 0x0, skipping init
02-27 14:26:21.322 D/dalvikvm(15063): Extra Options: not specified
02-27 14:26:21.342 D/dalvikvm(15063): Note: class Landroid/app/ActivityManagerNative; has 186 unimplemented (abstract) methods
02-27 14:26:21.422 E/memtrack(15063): Couldn't load memtrack module (No such file or directory)
02-27 14:26:21.422 E/android.os.Debug(15063): failed to load memtrack module: -2
02-27 14:26:21.462 D/AndroidRuntime(15063): Calling main entry com.android.commands.am.Am
02-27 14:26:21.492 I/ActivityManager(  505): Force stopping org.xwalk.webapi_noneservice_tests appid=10085 user=0: from pid 15063
02-27 14:26:21.492 I/ActivityManager(  505): Killing 14719:org.xwalk.webapi_noneservice_tests/u0a85 (adj 1): stop org.xwalk.webapi_noneservice_tests
02-27 14:26:21.492 I/SecurityManagerService(  600): SMS received security event: App[STOP/org.xwalk.webapi_noneservice_tests]
02-27 14:26:21.502 D/AndroidRuntime(15063): Shutting down VM
02-27 14:26:21.512 D/dalvikvm(15063): GC_CONCURRENT freed 112K, 16% free 666K/792K, paused 1ms+1ms, total 2ms
02-27 14:26:21.522 W/InputDispatcher(  505): channel '2287ca58 org.xwalk.webapi_noneservice_tests/org.xwalk.webapi_noneservice_tests.WebapiNoneserviceTestsActivity (server)' ~ Consumer closed input channel or an error occurred.  events=0x9
02-27 14:26:21.522 E/InputDispatcher(  505): channel '2287ca58 org.xwalk.webapi_noneservice_tests/org.xwalk.webapi_noneservice_tests.WebapiNoneserviceTestsActivity (server)' ~ Channel is unrecoverably broken and will be disposed!
02-27 14:26:21.522 D/dalvikvm(15063): Compiler shutdown in progress - discarding request
02-27 14:26:21.522 D/dalvikvm(15063): Compiler shutdown in progress - discarding request
02-27 14:26:21.522 D/dalvikvm(15063): Compiler shutdown in progress - discarding request
02-27 14:26:21.522 D/dalvikvm(15063): Compiler shutdown in progress - discarding request
02-27 14:26:21.522 D/dalvikvm(15063): Compiler shutdown in progress - discarding request
02-27 14:26:21.522 D/dalvikvm(15063): Compiler shutdown in progress - discarding request
02-27 14:26:21.522 D/dalvikvm(15063): Compiler shutdown in progress - discarding request
02-27 14:26:21.522 D/dalvikvm(15063): Compiler shutdown in progress - discarding request
02-27 14:26:21.522 D/dalvikvm(15063): Compiler shutdown in progress - discarding request
02-27 14:26:21.522 D/dalvikvm(15063): Compiler shutdown in progress - discarding request
02-27 14:26:21.522 D/dalvikvm(15063): Compiler shutdown in progress - discarding request
02-27 14:26:21.522 D/dalvikvm(15063): Compiler shutdown in progress - discarding request
02-27 14:26:21.522 D/dalvikvm(15063): Compiler shutdown in progress - discarding request
02-27 14:26:21.522 D/dalvikvm(15063): Compiler shutdown in progress - discarding request
02-27 14:26:21.522 D/dalvikvm(15063): Compiler shutdown in progress - discarding request
02-27 14:26:21.522 D/dalvikvm(15063): Compiler shutdown in progress - discarding request
02-27 14:26:21.522 D/dalvikvm(15063): Compiler shutdown in progress - discarding request
02-27 14:26:21.522 D/dalvikvm(15063): Compiler shutdown in progress - discarding request
02-27 14:26:21.522 D/dalvikvm(15063): Compiler shutdown in progress - discarding request
02-27 14:26:21.522 D/dalvikvm(15063): Compiler shutdown in progress - discarding request
02-27 14:26:21.522 D/dalvikvm(15063): Compiler shutdown in progress - discarding request
02-27 14:26:21.522 D/dalvikvm(15063): Compiler shutdown in progress - discarding request
02-27 14:26:21.522 D/dalvikvm(15063): Compiler shutdown in progress - discarding request
02-27 14:26:21.522 D/dalvikvm(15063): Compiler shutdown in progress - discarding request
02-27 14:26:21.522 D/dalvikvm(15063): Compiler shutdown in progress - discarding request
02-27 14:26:21.522 D/dalvikvm(15063): Compiler shutdown in progress - discarding request
02-27 14:26:21.522 D/dalvikvm(15063): Compiler shutdown in progress - discarding request
02-27 14:26:21.522 D/dalvikvm(15063): Compiler shutdown in progress - discarding request
02-27 14:26:21.522 D/dalvikvm(15063): Compiler shutdown in progress - discarding request
02-27 14:26:21.522 D/dalvikvm(15063): Compiler shutdown in progress - discarding request
02-27 14:26:21.522 D/dalvikvm(15063): Compiler shutdown in progress - discarding request
02-27 14:26:21.522 D/dalvikvm(15063): Compiler shutdown in progress - discarding request
02-27 14:26:21.522 D/dalvikvm(15063): Compiler shutdown in progress - discarding request
02-27 14:26:21.522 D/dalvikvm(15063): Compiler shutdown in progress - discarding request
02-27 14:26:21.522 D/dalvikvm(15063): Compiler shutdown in progress - discarding request
02-27 14:26:21.522 I/WifiHW  (  505): CMD: IFNAME=wlan0 SIGNAL_POLL
02-27 14:26:21.522 D/wpa_supplicant(  711): RX ctrl_iface - hexdump(len=11): 53 49 47 4e 41 4c 5f 50 4f 4c 4c
02-27 14:26:21.522 D/wpa_supplicant(  711): wlan0: Control interface command 'SIGNAL_POLL'
02-27 14:26:21.532 W/InputDispatcher(  505): Attempted to unregister already unregistered input channel '2287ca58 org.xwalk.webapi_noneservice_tests/org.xwalk.webapi_noneservice_tests.WebapiNoneserviceTestsActivity (server)'
02-27 14:26:21.532 I/WindowState(  505): WIN DEATH: Window{2287ca58 u0 org.xwalk.webapi_noneservice_tests/org.xwalk.webapi_noneservice_tests.WebapiNoneserviceTestsActivity EXITING}
02-27 14:26:21.532 I/WindowState(  505): WIN DEATH: Window{2210deb8 u0 SurfaceView EXITING}
02-27 14:26:21.552 W/SurfaceFlinger(  171): couldn't log to binary event log: overflow.
02-27 14:26:21.552 D/wpa_supplicant(  711): nl80211: survey data missing!
02-27 14:26:21.552 I/WifiHW  (  505): REPLY: RSSI=-58
02-27 14:26:21.552 I/WifiHW  (  505): REPLY: LINKSPEED=65
02-27 14:26:21.552 I/WifiHW  (  505): REPLY: NOISE=9999
02-27 14:26:21.552 I/WifiHW  (  505): REPLY: FREQUENCY=2437
--------- beginning of /dev/log/main
02-27 14:26:24.152 D/EVENT_THREAD(  186): void CEventThread::run() POLLIN event on Fd (1)
02-27 14:26:24.152 D/EVENT_THREAD(  186): void CEventThread::run() Do poll with timeout: -1
02-27 14:26:24.152 I/upi_ug31xx(  166): (406) update_capacity
02-27 14:26:24.152 I/[UPI]   (  166): <UG31/E>[UpiReadCapacity]: V=3745(3747), T=336(338-391), I=-224, C=-2(-2-0)
02-27 14:26:24.152 I/[UPI]   (  166): <UG31/E>[UpiReadCapacity]: (0x0001254a) 1293 (1223) / 3822 (4028) = 34
02-27 14:26:24.152 I/[UPI]   (  166): <UG31/E>[UpiReadCapacity]: (0x0001254a) 1293 (1223) / 3822 (4028) = 34
02-27 14:26:24.152 I/[UPI]   (  166): <UG31/E>[UpiReadCapacity]: (0x0001254a) 1291 (1291) / 3822 (4028) = 34
02-27 14:26:24.152 I/[UPI]   (  166): <UG31/E>[RsocFilterCountTime]: (0x0001254a) Step=6(394360), Full=6(394360), Lock=394360(2538000)
02-27 14:26:24.162 I/[UPI]   (  166): <UG31/E>[UpiReadCapacity]: (0x0001254a) 1291 (1291) / 3822 (4028) = 34 (-224--224)
02-27 14:26:24.162 I/[UPI]   (  166): <UG31/E><BATT> M:normal, P:34(34-34)%, V:3748mV, C:-227mA, T:33.8C(391), S:0x0001254a(000), R:1291mAh, F:3822mAh, Q:-736mAh, CC:3, P:30.310(735-0)s, BO:7, 97:615:0-44af-9m:B001-20140514-144301 (16)
02-27 14:26:24.162 D/EVENT_THREAD(  186): void CEventThread::run() POLLIN event on Fd (1)
02-27 14:26:24.162 D/EVENT_THREAD(  186): void CEventThread::run() Do poll with timeout: -1
02-27 14:26:24.162 I/upi_ug31xx(  166): (407) backup_data 
02-27 14:26:24.162 V/upi_ug31xx(  166): state->check_backup_count = 11
02-27 14:26:24.552 I/WifiHW  (  505): CMD: IFNAME=wlan0 SIGNAL_POLL
02-27 14:26:24.552 D/wpa_supplicant(  711): RX ctrl_iface - hexdump(len=11): 53 49 47 4e 41 4c 5f 50 4f 4c 4c
02-27 14:26:24.552 D/wpa_supplicant(  711): wlan0: Control interface command 'SIGNAL_POLL'
02-27 14:26:24.582 D/wpa_supplicant(  711): nl80211: survey data missing!
02-27 14:26:24.582 I/WifiHW  (  505): REPLY: RSSI=-58
02-27 14:26:24.582 I/WifiHW  (  505): REPLY: LINKSPEED=65
02-27 14:26:24.582 I/WifiHW  (  505): REPLY: NOISE=9999
02-27 14:26:24.582 I/WifiHW  (  505): REPLY: FREQUENCY=2437
02-27 14:26:24.762 D/AndroidRuntime(15087): 
02-27 14:26:24.762 D/AndroidRuntime(15087): >>>>>> AndroidRuntime START com.android.internal.os.RuntimeInit <<<<<<
02-27 14:26:24.762 D/AndroidRuntime(15087): CheckJNI is OFF
02-27 14:26:24.762 I/AndroidRuntime(15087): Kernel Release Version: 3.10.20-gf818079
02-27 14:26:24.762 I/dalvikvm(15087): No library specified. The standard exception handler will be used
02-27 14:26:24.762 I/dalvikvm(15087): 
02-27 14:26:24.762 I/dalvikvm(15087): +++++++++++++ Using PCG. +++++++++++++++++++++
02-27 14:26:24.772 D/dalvikvm(15087): Trying to load lib libjavacore.so 0x0
02-27 14:26:24.772 D/dalvikvm(15087): Added shared lib libjavacore.so 0x0
02-27 14:26:24.772 D/dalvikvm(15087): Trying to load lib libnativehelper.so 0x0
02-27 14:26:24.772 D/dalvikvm(15087): Added shared lib libnativehelper.so 0x0
02-27 14:26:24.772 D/dalvikvm(15087): No JNI_OnLoad found in libnativehelper.so 0x0, skipping init
02-27 14:26:24.782 D/dalvikvm(15087): Extra Options: not specified
02-27 14:26:24.792 D/dalvikvm(15087): Note: class Landroid/app/ActivityManagerNative; has 186 unimplemented (abstract) methods
02-27 14:26:24.862 E/memtrack(15087): Couldn't load memtrack module (No such file or directory)
02-27 14:26:24.862 E/android.os.Debug(15087): failed to load memtrack module: -2
02-27 14:26:24.902 D/AndroidRuntime(15087): Calling main entry com.android.commands.am.Am
02-27 14:26:24.922 D/AndroidRuntime(15087): Shutting down VM
02-27 14:26:24.922 D/dalvikvm(15087): GC_CONCURRENT freed 112K, 16% free 666K/792K, paused 0ms+1ms, total 1ms
--------- beginning of /dev/log/system
02-27 14:26:24.922 I/ActivityManager(  505): Force stopping org.xwalk.webapi_noneservice_tests appid=10085 user=0: from pid 15087
02-27 14:26:24.932 D/dalvikvm(15087): Compiler shutdown in progress - discarding request
02-27 14:26:24.932 D/dalvikvm(15087): Compiler shutdown in progress - discarding request
02-27 14:26:24.932 D/dalvikvm(15087): Compiler shutdown in progress - discarding request
02-27 14:26:24.932 D/dalvikvm(15087): Compiler shutdown in progress - discarding request
02-27 14:26:24.932 D/dalvikvm(15087): Compiler shutdown in progress - discarding request
02-27 14:26:24.932 D/dalvikvm(15087): Compiler shutdown in progress - discarding request
02-27 14:26:24.932 D/dalvikvm(15087): Compiler shutdown in progress - discarding request
02-27 14:26:24.932 D/dalvikvm(15087): Compiler shutdown in progress - discarding request
02-27 14:26:24.932 D/dalvikvm(15087): Compiler shutdown in progress - discarding request
02-27 14:26:24.932 D/dalvikvm(15087): Compiler shutdown in progress - discarding request
02-27 14:26:24.932 D/dalvikvm(15087): Compiler shutdown in progress - discarding request
02-27 14:26:24.932 D/dalvikvm(15087): Compiler shutdown in progress - discarding request
02-27 14:26:24.932 D/dalvikvm(15087): Compiler shutdown in progress - discarding request
02-27 14:26:24.932 D/dalvikvm(15087): Compiler shutdown in progress - discarding request
02-27 14:26:24.932 D/dalvikvm(15087): Compiler shutdown in progress - discarding request
02-27 14:26:24.932 D/dalvikvm(15087): Compiler shutdown in progress - discarding request
02-27 14:26:24.932 D/dalvikvm(15087): Compiler shutdown in progress - discarding request
02-27 14:26:24.932 D/dalvikvm(15087): Compiler shutdown in progress - discarding request
02-27 14:26:24.932 D/dalvikvm(15087): Compiler shutdown in progress - discarding request
02-27 14:26:24.932 D/dalvikvm(15087): Compiler shutdown in progress - discarding request
02-27 14:26:24.932 D/dalvikvm(15087): Compiler shutdown in progress - discarding request
02-27 14:26:24.932 D/dalvikvm(15087): Compiler shutdown in progress - discarding request
02-27 14:26:24.932 D/dalvikvm(15087): Compiler shutdown in progress - discarding request
02-27 14:26:24.932 D/dalvikvm(15087): Compiler shutdown in progress - discarding request
02-27 14:26:24.932 D/dalvikvm(15087): Compiler shutdown in progress - discarding request
02-27 14:26:24.932 D/dalvikvm(15087): Compiler shutdown in progress - discarding request
02-27 14:26:24.932 D/dalvikvm(15087): Compiler shutdown in progress - discarding request
02-27 14:26:24.932 D/dalvikvm(15087): Compiler shutdown in progress - discarding request
02-27 14:26:24.932 D/dalvikvm(15087): Compiler shutdown in progress - discarding request
02-27 14:26:24.932 D/dalvikvm(15087): Compiler shutdown in progress - discarding request
02-27 14:26:24.932 D/dalvikvm(15087): Compiler shutdown in progress - discarding request
02-27 14:26:24.932 D/dalvikvm(15087): Compiler shutdown in progress - discarding request
02-27 14:26:24.932 D/dalvikvm(15087): Compiler shutdown in progress - discarding request
02-27 14:26:24.932 D/dalvikvm(15087): Compiler shutdown in progress - discarding request
02-27 14:26:24.932 D/dalvikvm(15087): Compiler shutdown in progress - discarding request
02-27 14:26:24.932 D/dalvikvm(15087): Compiler shutdown in progress - discarding request
02-27 14:26:24.932 D/dalvikvm(15087): Compiler shutdown in progress - discarding request
02-27 14:26:24.932 D/dalvikvm(15087): Compiler shutdown in progress - discarding request
02-27 14:26:24.932 D/dalvikvm(15087): Compiler shutdown in progress - discarding request
02-27 14:26:24.932 D/dalvikvm(15087): Compiler shutdown in progress - discarding request
02-27 14:26:24.932 D/dalvikvm(15087): Compiler shutdown in progress - discarding request
02-27 14:26:24.932 D/dalvikvm(15087): Compiler shutdown in progress - discarding request
02-27 14:26:24.932 D/dalvikvm(15087): Compiler shutdown in progress - discarding request
02-27 14:26:24.932 D/dalvikvm(15087): Compiler shutdown in progress - discarding request
02-27 14:26:24.932 D/dalvikvm(15087): Compiler shutdown in progress - discarding request
02-27 14:26:25.512 D/AndroidRuntime(15098): 
02-27 14:26:25.512 D/AndroidRuntime(15098): >>>>>> AndroidRuntime START com.android.internal.os.RuntimeInit <<<<<<
02-27 14:26:25.512 D/AndroidRuntime(15098): CheckJNI is OFF
02-27 14:26:25.512 I/AndroidRuntime(15098): Kernel Release Version: 3.10.20-gf818079
02-27 14:26:25.522 I/dalvikvm(15098): No library specified. The standard exception handler will be used
02-27 14:26:25.522 I/dalvikvm(15098): 
02-27 14:26:25.522 I/dalvikvm(15098): +++++++++++++ Using PCG. +++++++++++++++++++++
02-27 14:26:25.522 D/dalvikvm(15098): Trying to load lib libjavacore.so 0x0
02-27 14:26:25.532 D/dalvikvm(15098): Added shared lib libjavacore.so 0x0
02-27 14:26:25.532 D/dalvikvm(15098): Trying to load lib libnativehelper.so 0x0
02-27 14:26:25.532 D/dalvikvm(15098): Added shared lib libnativehelper.so 0x0
02-27 14:26:25.532 D/dalvikvm(15098): No JNI_OnLoad found in libnativehelper.so 0x0, skipping init
02-27 14:26:25.532 D/dalvikvm(15098): Extra Options: not specified
02-27 14:26:25.552 D/dalvikvm(15098): Note: class Landroid/app/ActivityManagerNative; has 186 unimplemented (abstract) methods
02-27 14:26:25.622 E/memtrack(15098): Couldn't load memtrack module (No such file or directory)
02-27 14:26:25.622 E/android.os.Debug(15098): failed to load memtrack module: -2
02-27 14:26:25.652 D/AndroidRuntime(15098): Calling main entry com.android.commands.am.Am
02-27 14:26:25.682 I/ActivityManager(  505): START u0 {flg=0x10000000 cmp=org.xwalk.webapi_noneservice_tests/.webapi_noneservice_testsActivity} from pid 15098
02-27 14:26:25.692 D/AndroidRuntime(15098): Shutting down VM
02-27 14:26:25.692 D/dalvikvm(15098): GC_CONCURRENT freed 117K, 16% free 702K/832K, paused 1ms+0ms, total 2ms
02-27 14:26:25.692 D/dalvikvm(15098): Compiler shutdown in progress - discarding request
02-27 14:26:25.692 D/dalvikvm(15098): Compiler shutdown in progress - discarding request
02-27 14:26:25.692 D/dalvikvm(15098): Compiler shutdown in progress - discarding request
02-27 14:26:25.692 D/dalvikvm(15098): Compiler shutdown in progress - discarding request
02-27 14:26:25.692 D/dalvikvm(15098): Compiler shutdown in progress - discarding request
02-27 14:26:25.692 D/dalvikvm(15098): Compiler shutdown in progress - discarding request
02-27 14:26:25.692 D/dalvikvm(15098): Compiler shutdown in progress - discarding request
02-27 14:26:25.692 D/dalvikvm(15098): Compiler shutdown in progress - discarding request
02-27 14:26:25.692 D/dalvikvm(15098): Compiler shutdown in progress - discarding request
02-27 14:26:25.692 D/dalvikvm(15098): Compiler shutdown in progress - discarding request
02-27 14:26:25.692 D/dalvikvm(15098): Compiler shutdown in progress - discarding request
02-27 14:26:25.692 D/dalvikvm(15098): Compiler shutdown in progress - discarding request
02-27 14:26:25.692 D/dalvikvm(15098): Compiler shutdown in progress - discarding request
02-27 14:26:25.692 D/dalvikvm(15098): Compiler shutdown in progress - discarding request
02-27 14:26:25.692 D/dalvikvm(15098): Compiler shutdown in progress - discarding request
02-27 14:26:25.692 D/dalvikvm(15098): Compiler shutdown in progress - discarding request
02-27 14:26:25.692 D/dalvikvm(15098): Compiler shutdown in progress - discarding request
02-27 14:26:25.692 D/dalvikvm(15098): Compiler shutdown in progress - discarding request
02-27 14:26:25.692 D/dalvikvm(15098): Compiler shutdown in progress - discarding request
02-27 14:26:25.692 D/dalvikvm(15098): Compiler shutdown in progress - discarding request
02-27 14:26:25.692 D/dalvikvm(15098): Compiler shutdown in progress - discarding request
02-27 14:26:25.692 D/dalvikvm(15098): Compiler shutdown in progress - discarding request
02-27 14:26:25.692 D/dalvikvm(15098): Compiler shutdown in progress - discarding request
02-27 14:26:25.692 D/dalvikvm(15098): Compiler shutdown in progress - discarding request
02-27 14:26:25.692 D/dalvikvm(15098): Compiler shutdown in progress - discarding request
02-27 14:26:25.692 D/dalvikvm(15098): Compiler shutdown in progress - discarding request
02-27 14:26:25.692 D/dalvikvm(15098): Compiler shutdown in progress - discarding request
02-27 14:26:25.692 D/dalvikvm(15098): Compiler shutdown in progress - discarding request
02-27 14:26:25.692 D/dalvikvm(15098): Compiler shutdown in progress - discarding request
02-27 14:26:25.692 D/dalvikvm(15098): Compiler shutdown in progress - discarding request
02-27 14:26:25.692 D/dalvikvm(15098): Compiler shutdown in progress - discarding request
02-27 14:26:25.692 D/dalvikvm(15098): Compiler shutdown in progress - discarding request
02-27 14:26:25.692 D/dalvikvm(15098): Compiler shutdown in progress - discarding request
02-27 14:26:25.692 D/dalvikvm(15098): Compiler shutdown in progress - discarding request
02-27 14:26:25.692 D/dalvikvm(15098): Compiler shutdown in progress - discarding request
02-27 14:26:25.692 D/dalvikvm(15098): Compiler shutdown in progress - discarding request
02-27 14:26:25.692 D/dalvikvm(15098): Compiler shutdown in progress - discarding request
02-27 14:26:25.692 D/dalvikvm(15098): Compiler shutdown in progress - discarding request
02-27 14:26:25.692 D/dalvikvm(15098): Compiler shutdown in progress - discarding request
02-27 14:26:25.692 D/dalvikvm(15098): Compiler shutdown in progress - discarding request
02-27 14:26:25.692 D/dalvikvm(15098): Compiler shutdown in progress - discarding request
02-27 14:26:25.692 D/dalvikvm(15098): Compiler shutdown in progress - discarding request
02-27 14:26:25.692 D/dalvikvm(15098): Compiler shutdown in progress - discarding request
02-27 14:26:25.692 D/dalvikvm(15098): Compiler shutdown in progress - discarding request
02-27 14:26:25.692 D/dalvikvm(15098): Compiler shutdown in progress - discarding request
02-27 14:26:25.692 D/dalvikvm(15098): Compiler shutdown in progress - discarding request
02-27 14:26:25.692 D/dalvikvm(15098): Compiler shutdown in progress - discarding request
02-27 14:26:26.332 D/AndroidRuntime(15109): 
02-27 14:26:26.332 D/AndroidRuntime(15109): >>>>>> AndroidRuntime START com.android.internal.os.RuntimeInit <<<<<<
02-27 14:26:26.332 D/AndroidRuntime(15109): CheckJNI is OFF
02-27 14:26:26.332 I/AndroidRuntime(15109): Kernel Release Version: 3.10.20-gf818079
02-27 14:26:26.332 I/dalvikvm(15109): No library specified. The standard exception handler will be used
02-27 14:26:26.342 I/dalvikvm(15109): 
02-27 14:26:26.342 I/dalvikvm(15109): +++++++++++++ Using PCG. +++++++++++++++++++++
02-27 14:26:26.342 D/dalvikvm(15109): Trying to load lib libjavacore.so 0x0
02-27 14:26:26.342 D/dalvikvm(15109): Added shared lib libjavacore.so 0x0
02-27 14:26:26.352 D/dalvikvm(15109): Trying to load lib libnativehelper.so 0x0
02-27 14:26:26.352 D/dalvikvm(15109): Added shared lib libnativehelper.so 0x0
02-27 14:26:26.352 D/dalvikvm(15109): No JNI_OnLoad found in libnativehelper.so 0x0, skipping init
02-27 14:26:26.352 D/dalvikvm(15109): Extra Options: not specified
02-27 14:26:26.372 D/dalvikvm(15109): Note: class Landroid/app/ActivityManagerNative; has 186 unimplemented (abstract) methods
02-27 14:26:26.442 E/memtrack(15109): Couldn't load memtrack module (No such file or directory)
02-27 14:26:26.442 E/android.os.Debug(15109): failed to load memtrack module: -2
02-27 14:26:26.472 D/AndroidRuntime(15109): Calling main entry com.android.commands.am.Am
02-27 14:26:26.502 D/AndroidRuntime(15109): Shutting down VM
02-27 14:26:26.502 D/dalvikvm(15109): GC_CONCURRENT freed 117K, 16% free 702K/832K, paused 0ms+1ms, total 1ms
02-27 14:26:26.502 D/dalvikvm(15109): Compiler shutdown in progress - discarding request
02-27 14:26:26.502 D/dalvikvm(15109): Compiler shutdown in progress - discarding request
02-27 14:26:26.502 D/dalvikvm(15109): Compiler shutdown in progress - discarding request
02-27 14:26:26.502 D/dalvikvm(15109): Compiler shutdown in progress - discarding request
02-27 14:26:26.502 D/dalvikvm(15109): Compiler shutdown in progress - discarding request
02-27 14:26:26.502 D/dalvikvm(15109): Compiler shutdown in progress - discarding request
02-27 14:26:26.502 D/dalvikvm(15109): Compiler shutdown in progress - discarding request
02-27 14:26:26.502 D/dalvikvm(15109): Compiler shutdown in progress - discarding request
02-27 14:26:26.502 D/dalvikvm(15109): Compiler shutdown in progress - discarding request
02-27 14:26:26.502 D/dalvikvm(15109): Compiler shutdown in progress - discarding request
02-27 14:26:26.502 D/dalvikvm(15109): Compiler shutdown in progress - discarding request
02-27 14:26:26.502 D/dalvikvm(15109): Compiler shutdown in progress - discarding request
02-27 14:26:26.502 D/dalvikvm(15109): Compiler shutdown in progress - discarding request
02-27 14:26:26.502 D/dalvikvm(15109): Compiler shutdown in progress - discarding request
02-27 14:26:26.502 D/dalvikvm(15109): Compiler shutdown in progress - discarding request
02-27 14:26:26.502 D/dalvikvm(15109): Compiler shutdown in progress - discarding request
02-27 14:26:26.502 D/dalvikvm(15109): Compiler shutdown in progress - discarding request
02-27 14:26:26.502 D/dalvikvm(15109): Compiler shutdown in progress - discarding request
02-27 14:26:26.502 D/dalvikvm(15109): Compiler shutdown in progress - discarding request
02-27 14:26:26.502 D/dalvikvm(15109): Compiler shutdown in progress - discarding request
02-27 14:26:26.502 D/dalvikvm(15109): Compiler shutdown in progress - discarding request
02-27 14:26:26.502 D/dalvikvm(15109): Compiler shutdown in progress - discarding request
02-27 14:26:26.502 D/dalvikvm(15109): Compiler shutdown in progress - discarding request
02-27 14:26:26.502 D/dalvikvm(15109): Compiler shutdown in progress - discarding request
02-27 14:26:26.502 D/dalvikvm(15109): Compiler shutdown in progress - discarding request
02-27 14:26:26.502 D/dalvikvm(15109): Compiler shutdown in progress - discarding request
02-27 14:26:26.502 D/dalvikvm(15109): Compiler shutdown in progress - discarding request
02-27 14:26:26.502 D/dalvikvm(15109): Compiler shutdown in progress - discarding request
02-27 14:26:26.502 D/dalvikvm(15109): Compiler shutdown in progress - discarding request
02-27 14:26:26.502 D/dalvikvm(15109): Compiler shutdown in progress - discarding request
02-27 14:26:26.502 D/dalvikvm(15109): Compiler shutdown in progress - discarding request
02-27 14:26:26.502 D/dalvikvm(15109): Compiler shutdown in progress - discarding request
02-27 14:26:26.502 D/dalvikvm(15109): Compiler shutdown in progress - discarding request
02-27 14:26:26.502 D/dalvikvm(15109): Compiler shutdown in progress - discarding request
02-27 14:26:26.502 D/dalvikvm(15109): Compiler shutdown in progress - discarding request
02-27 14:26:26.502 D/dalvikvm(15109): Compiler shutdown in progress - discarding request
02-27 14:26:26.502 D/dalvikvm(15109): Compiler shutdown in progress - discarding request
02-27 14:26:26.502 D/dalvikvm(15109): Compiler shutdown in progress - discarding request
02-27 14:26:26.502 D/dalvikvm(15109): Compiler shutdown in progress - discarding request
02-27 14:26:26.502 D/dalvikvm(15109): Compiler shutdown in progress - discarding request
02-27 14:26:26.502 D/dalvikvm(15109): Compiler shutdown in progress - discarding request
02-27 14:26:26.502 D/dalvikvm(15109): Compiler shutdown in progress - discarding request
02-27 14:26:26.502 D/dalvikvm(15109): Compiler shutdown in progress - discarding request
02-27 14:26:26.502 D/dalvikvm(15109): Compiler shutdown in progress - discarding request
02-27 14:26:26.502 D/dalvikvm(15109): Compiler shutdown in progress - discarding request
02-27 14:26:26.502 D/dalvikvm(15109): Compiler shutdown in progress - discarding request
02-27 14:26:26.502 D/dalvikvm(15109): Compiler shutdown in progress - discarding request
02-27 14:26:26.502 D/dalvikvm(15109): Compiler shutdown in progress - discarding request
02-27 14:26:26.502 D/dalvikvm(15109): Compiler shutdown in progress - discarding request
02-27 14:26:26.502 I/ActivityManager(  505): START u0 {flg=0x10000000 cmp=org.xwalk.webapi_noneservice_tests/.webapi_noneservice_tests} from pid 15109
02-27 14:26:27.162 D/AndroidRuntime(15120): 
02-27 14:26:27.162 D/AndroidRuntime(15120): >>>>>> AndroidRuntime START com.android.internal.os.RuntimeInit <<<<<<
02-27 14:26:27.162 D/AndroidRuntime(15120): CheckJNI is OFF
02-27 14:26:27.162 I/AndroidRuntime(15120): Kernel Release Version: 3.10.20-gf818079
02-27 14:26:27.162 I/dalvikvm(15120): No library specified. The standard exception handler will be used
02-27 14:26:27.162 I/dalvikvm(15120): 
02-27 14:26:27.162 I/dalvikvm(15120): +++++++++++++ Using PCG. +++++++++++++++++++++
02-27 14:26:27.172 D/dalvikvm(15120): Trying to load lib libjavacore.so 0x0
02-27 14:26:27.172 D/dalvikvm(15120): Added shared lib libjavacore.so 0x0
02-27 14:26:27.172 D/dalvikvm(15120): Trying to load lib libnativehelper.so 0x0
02-27 14:26:27.172 D/dalvikvm(15120): Added shared lib libnativehelper.so 0x0
02-27 14:26:27.172 D/dalvikvm(15120): No JNI_OnLoad found in libnativehelper.so 0x0, skipping init
02-27 14:26:27.182 D/dalvikvm(15120): Extra Options: not specified
02-27 14:26:27.192 D/dalvikvm(15120): Note: class Landroid/app/ActivityManagerNative; has 186 unimplemented (abstract) methods
02-27 14:26:27.262 E/memtrack(15120): Couldn't load memtrack module (No such file or directory)
02-27 14:26:27.262 E/android.os.Debug(15120): failed to load memtrack module: -2
02-27 14:26:27.302 D/AndroidRuntime(15120): Calling main entry com.android.commands.am.Am
02-27 14:26:27.332 D/AndroidRuntime(15120): Shutting down VM
02-27 14:26:27.332 D/dalvikvm(15120): GC_CONCURRENT freed 114K, 16% free 701K/832K, paused 0ms+0ms, total 1ms
02-27 14:26:27.332 I/ActivityManager(  505): START u0 {flg=0x10000000 cmp=org.xwalk.webapi_noneservice_tests/.WebapiNoneserviceTestsActivity} from pid 15120
02-27 14:26:27.342 V/WeatherTimeProvider( 1093): widget on Visibility Changed
02-27 14:26:27.342 D/dalvikvm(15120): Compiler shutdown in progress - discarding request
02-27 14:26:27.342 D/dalvikvm(15120): Compiler shutdown in progress - discarding request
02-27 14:26:27.342 D/dalvikvm(15120): Compiler shutdown in progress - discarding request
02-27 14:26:27.342 D/dalvikvm(15120): Compiler shutdown in progress - discarding request
02-27 14:26:27.342 D/dalvikvm(15120): Compiler shutdown in progress - discarding request
02-27 14:26:27.342 D/dalvikvm(15120): Compiler shutdown in progress - discarding request
02-27 14:26:27.342 D/dalvikvm(15120): Compiler shutdown in progress - discarding request
02-27 14:26:27.342 D/dalvikvm(15120): Compiler shutdown in progress - discarding request
02-27 14:26:27.342 D/dalvikvm(15120): Compiler shutdown in progress - discarding request
02-27 14:26:27.342 D/dalvikvm(15120): Compiler shutdown in progress - discarding request
02-27 14:26:27.342 D/dalvikvm(15120): Compiler shutdown in progress - discarding request
02-27 14:26:27.342 D/dalvikvm(15120): Compiler shutdown in progress - discarding request
02-27 14:26:27.342 D/dalvikvm(15120): Compiler shutdown in progress - discarding request
02-27 14:26:27.342 D/dalvikvm(15120): Compiler shutdown in progress - discarding request
02-27 14:26:27.342 D/dalvikvm(15120): Compiler shutdown in progress - discarding request
02-27 14:26:27.342 D/dalvikvm(15120): Compiler shutdown in progress - discarding request
02-27 14:26:27.342 D/dalvikvm(15120): Compiler shutdown in progress - discarding request
02-27 14:26:27.342 D/dalvikvm(15120): Compiler shutdown in progress - discarding request
02-27 14:26:27.342 D/dalvikvm(15120): Compiler shutdown in progress - discarding request
02-27 14:26:27.342 D/dalvikvm(15120): Compiler shutdown in progress - discarding request
02-27 14:26:27.342 D/dalvikvm(15120): Compiler shutdown in progress - discarding request
02-27 14:26:27.342 D/dalvikvm(15120): Compiler shutdown in progress - discarding request
02-27 14:26:27.342 D/dalvikvm(15120): Compiler shutdown in progress - discarding request
02-27 14:26:27.342 D/dalvikvm(15120): Compiler shutdown in progress - discarding request
02-27 14:26:27.342 D/dalvikvm(15120): Compiler shutdown in progress - discarding request
02-27 14:26:27.342 D/dalvikvm(15120): Compiler shutdown in progress - discarding request
02-27 14:26:27.342 D/dalvikvm(15120): Compiler shutdown in progress - discarding request
02-27 14:26:27.342 D/dalvikvm(15120): Compiler shutdown in progress - discarding request
02-27 14:26:27.342 D/dalvikvm(15120): Compiler shutdown in progress - discarding request
02-27 14:26:27.342 D/dalvikvm(15120): Compiler shutdown in progress - discarding request
02-27 14:26:27.342 D/dalvikvm(15120): Compiler shutdown in progress - discarding request
02-27 14:26:27.342 D/dalvikvm(15120): Compiler shutdown in progress - discarding request
02-27 14:26:27.342 D/dalvikvm(15120): Compiler shutdown in progress - discarding request
02-27 14:26:27.342 D/dalvikvm(15120): Compiler shutdown in progress - discarding request
02-27 14:26:27.342 D/dalvikvm(15120): Compiler shutdown in progress - discarding request
02-27 14:26:27.342 D/dalvikvm(15120): Compiler shutdown in progress - discarding request
02-27 14:26:27.342 D/dalvikvm(15120): Compiler shutdown in progress - discarding request
02-27 14:26:27.342 D/dalvikvm(15120): Compiler shutdown in progress - discarding request
02-27 14:26:27.342 D/dalvikvm(15120): Compiler shutdown in progress - discarding request
02-27 14:26:27.342 D/dalvikvm(15120): Compiler shutdown in progress - discarding request
02-27 14:26:27.342 D/dalvikvm(15120): Compiler shutdown in progress - discarding request
02-27 14:26:27.342 D/dalvikvm(15120): Compiler shutdown in progress - discarding request
02-27 14:26:27.342 D/dalvikvm(15120): Compiler shutdown in progress - discarding request
02-27 14:26:27.342 D/dalvikvm(15120): Compiler shutdown in progress - discarding request
02-27 14:26:27.352 I/SecurityManagerService(  600): SMS received security event: App[START/org.xwalk.webapi_noneservice_tests]
02-27 14:26:27.372 D/dalvikvm(15131): Process 15131 nice name: org.xwalk.webapi_noneservice_tests
02-27 14:26:27.372 D/dalvikvm(15131): Extra Options: not specified
02-27 14:26:27.372 I/ActivityManager(  505): Start proc org.xwalk.webapi_noneservice_tests for activity org.xwalk.webapi_noneservice_tests/.WebapiNoneserviceTestsActivity: pid=15131 uid=10085 gids={50085, 3003, 1028, 1015}
02-27 14:26:27.382 D/WindowManager(  505): adjustConfigurationLw, config:{1.0 ?mcc?mnc ?locale ?layoutDir sw600dp w961dp h528dp 213dpi lrg land ?uimode ?night finger -keyb/v/h -nav/v} mLidState:1 mHasDockFeature:false mHasKeyboardFeature:false mHasHallSensorFeature:true config.hardKeyboardHidden:2
02-27 14:26:27.382 I/ActivityManager(  505): [TopPkgCurBat]	NowPkgName[org.xwalk.webapi_noneservice_tests]	Battery[34]	TimeTick[1425018387394]	OldPkgName[com.asus.launcher]
02-27 14:26:27.392 D/        (  674): Surface destroy: ANDROID_NATIVE_WINDOW_MAGIC
02-27 14:26:27.412 D/dalvikvm(15131): Trying to load lib /data/app-lib/org.xwalk.webapi_noneservice_tests-1/libxwalkcore.so 0x43d84660
02-27 14:26:27.422 D/dalvikvm(15131): Added shared lib /data/app-lib/org.xwalk.webapi_noneservice_tests-1/libxwalkcore.so 0x43d84660
02-27 14:26:27.422 I/LibraryLoader(15131): Time to load native libraries: 11 ms (timestamps 3675-3686)
02-27 14:26:27.422 I/LibraryLoader(15131): Expected native library version number "",actual native library version number ""
02-27 14:26:27.462 I/LibraryLoader(15131): Expected native library version number "",actual native library version number ""
02-27 14:26:27.462 I/chromium(15131): [INFO:library_loader_hooks.cc(112)] Chromium logging enabled: level = 0, default verbosity = 0
02-27 14:26:27.462 I/BrowserStartupController(15131): Initializing chromium process, singleProcess=true
02-27 14:26:27.592 I/WifiHW  (  505): CMD: IFNAME=wlan0 SIGNAL_POLL
02-27 14:26:27.592 D/wpa_supplicant(  711): RX ctrl_iface - hexdump(len=11): 53 49 47 4e 41 4c 5f 50 4f 4c 4c
02-27 14:26:27.592 D/wpa_supplicant(  711): wlan0: Control interface command 'SIGNAL_POLL'
02-27 14:26:27.612 D/wpa_supplicant(  711): nl80211: survey data missing!
02-27 14:26:27.612 I/WifiHW  (  505): REPLY: RSSI=-57
02-27 14:26:27.612 I/WifiHW  (  505): REPLY: LINKSPEED=65
02-27 14:26:27.612 I/WifiHW  (  505): REPLY: NOISE=9999
02-27 14:26:27.612 I/WifiHW  (  505): REPLY: FREQUENCY=2437
02-27 14:26:27.722 D/ImageWallpaper(  569): onVisibilityChanged: mVisible, visible=true, false
02-27 14:26:27.722 D/ImageWallpaper(  569): Visibility changed to visible=false
02-27 14:26:27.722 D/ImageWallpaper(  569): Suppressed drawFrame since redraw is not needed and offsets have not changed.
02-27 14:26:27.862 W/AudioManagerAndroid(15131): Requires BLUETOOTH permission
02-27 14:26:27.872 I/ufoGralloc(15131): Hello, this is UFO GRALLOC/Intel Corporation
02-27 14:26:27.872 D/        (15131): Pixel Format : GGL_PIXEL_FORMAT_RGBA_8888
02-27 14:26:27.872 D/        (15131): droid_create_context : config id = 1 conf->NativeVisualID=1
02-27 14:26:27.872 D/        (15131): Pixel Format : GGL_PIXEL_FORMAT_RGBA_8888
02-27 14:26:27.872 I/        (15131): Requested context : GLES 2.0
02-27 14:26:27.902 W/chromium(15131): [WARNING:proxy_service.cc(899)] PAC support disabled because there is no system implementation
02-27 14:26:27.902 W/dalvikvm(15131): VFY: unable to find class referenced in signature (Landroid/view/inputmethod/CursorAnchorInfo;)
02-27 14:26:27.902 I/dalvikvm(15131): Could not find method android.view.inputmethod.InputMethodManager.updateCursorAnchorInfo, referenced from method org.chromium.content.browser.input.InputMethodManagerWrapper.updateCursorAnchorInfo
02-27 14:26:27.902 W/dalvikvm(15131): VFY: unable to resolve virtual method 1241: Landroid/view/inputmethod/InputMethodManager;.updateCursorAnchorInfo (Landroid/view/View;Landroid/view/inputmethod/CursorAnchorInfo;)V
02-27 14:26:27.902 D/dalvikvm(15131): VFY: replacing opcode 0x6e at 0x000a
02-27 14:26:27.942 E/cutils  (  163): Failed to mkdirat(/Removable/MicroSD): Read-only file system
02-27 14:26:27.942 W/ContextImpl(15131): Failed to ensure directory: /Removable/MicroSD/Android/data/org.xwalk.webapi_noneservice_tests/cache
02-27 14:26:27.942 W/XWalkExtensionManager(15131): Failed to read extensions-config.json
02-27 14:26:27.942 E/chromium(15131): [ERROR:unix_domain_server_socket_posix.cc(106)] Not implemented reached in virtual int net::UnixDomainServerSocket::GetLocalAddress(net::IPEndPoint*) const
02-27 14:26:27.942 I/dalvikvm(15131): Could not find method android.app.Activity.finishAndRemoveTask, referenced from method org.chromium.base.ApiCompatibilityUtils.finishAndRemoveTask
02-27 14:26:27.942 W/dalvikvm(15131): VFY: unable to resolve virtual method 4: Landroid/app/Activity;.finishAndRemoveTask ()V
02-27 14:26:27.942 D/dalvikvm(15131): VFY: replacing opcode 0x6e at 0x0006
02-27 14:26:27.942 I/dalvikvm(15131): Could not find method android.os.PowerManager.isInteractive, referenced from method org.chromium.base.ApiCompatibilityUtils.isInteractive
02-27 14:26:27.942 W/dalvikvm(15131): VFY: unable to resolve virtual method 768: Landroid/os/PowerManager;.isInteractive ()Z
02-27 14:26:27.942 D/dalvikvm(15131): VFY: replacing opcode 0x6e at 0x000e
02-27 14:26:27.942 W/Vold    (  163): Returning OperationFailed - no handler for errno 30
02-27 14:26:27.952 I/dalvikvm(15131): Could not find method android.view.Window.getNavigationBarColor, referenced from method org.chromium.base.ApiCompatibilityUtils.setStatusBarColor
02-27 14:26:27.952 W/dalvikvm(15131): VFY: unable to resolve virtual method 1144: Landroid/view/Window;.getNavigationBarColor ()I
02-27 14:26:27.952 D/dalvikvm(15131): VFY: replacing opcode 0x6e at 0x0010
02-27 14:26:27.952 I/dalvikvm(15131): Could not find method android.view.Window.setStatusBarColor, referenced from method org.chromium.base.ApiCompatibilityUtils.setStatusBarColor
02-27 14:26:27.952 W/dalvikvm(15131): VFY: unable to resolve virtual method 1149: Landroid/view/Window;.setStatusBarColor (I)V
02-27 14:26:27.952 D/dalvikvm(15131): VFY: replacing opcode 0x6e at 0x0019
02-27 14:26:27.952 E/dalvikvm(15131): Could not find class 'android.app.ActivityManager$TaskDescription', referenced from method org.chromium.base.ApiCompatibilityUtils.setTaskDescription
02-27 14:26:27.952 W/dalvikvm(15131): VFY: unable to resolve new-instance 11 (Landroid/app/ActivityManager$TaskDescription;) in Lorg/chromium/base/ApiCompatibilityUtils;
02-27 14:26:27.952 D/dalvikvm(15131): VFY: replacing opcode 0x22 at 0x0006
02-27 14:26:27.952 D/dalvikvm(15131): DexOpt: unable to opt direct call 0x001e at 0x08 in Lorg/chromium/base/ApiCompatibilityUtils;.setTaskDescription
02-27 14:26:27.952 I/chromium(15131): [INFO:xwalk_extension_renderer_controller.cc(47)] EXTENSION PROCESS DISABLED.
02-27 14:26:27.982 D/        (15131): droid_create_context : config id = 5 conf->NativeVisualID=1
02-27 14:26:27.982 D/        (15131): Pixel Format : GGL_PIXEL_FORMAT_RGBA_8888
02-27 14:26:27.982 I/        (15131): Requested context : GLES 2.0
02-27 14:26:27.992 D/        (15131): Pixel Format : GGL_PIXEL_FORMAT_RGBA_8888
02-27 14:26:27.992 D/        (15131): droid_create_context : config id = 1 conf->NativeVisualID=1
02-27 14:26:27.992 D/        (15131): Pixel Format : GGL_PIXEL_FORMAT_RGBA_8888
02-27 14:26:27.992 I/        (15131): Requested context : GLES 2.0
02-27 14:26:28.002 D/        (15131): Pixel Format : GGL_PIXEL_FORMAT_RGBA_8888
02-27 14:26:28.002 D/OpenGLRenderer(15131): Enabling debug mode 0
02-27 14:26:28.062 W/BindingManager(15131): Cannot call determinedVisibility() - never saw a connection for the pid: 15131
02-27 14:26:28.062 D/XT9IME  (  725): new subtype :zh_CN ,pinyin
02-27 14:26:28.072 D/        (15131): Pixel Format : GGL_PIXEL_FORMAT_RGBA_8888
02-27 14:26:28.072 D/        (15131): droid_create_context : config id = 1 conf->NativeVisualID=1
02-27 14:26:28.072 D/        (15131): Pixel Format : GGL_PIXEL_FORMAT_RGBA_8888
02-27 14:26:28.072 I/        (15131): Requested context : GLES 2.0
02-27 14:26:28.072 I/ActivityManager(  505): Displayed org.xwalk.webapi_noneservice_tests/.WebapiNoneserviceTestsActivity: +717ms
02-27 14:26:28.072 D/        (15131): Swap interval set to = 1 value
