02-27 12:00:25.020 I/ActivityManager(  515): Start proc com.asus.calendar for broadcast com.asus.calendar/com.asus.countdown.CountdownReceiver: pid=14675 uid=10002 gids={50002, 3003, 1028, 1015, 3002}
02-27 12:00:25.020 V/ActivityManager(  515): Remove bg service from mStartingBackground ,r=ServiceRecord{2234d490 u0 com.android.providers.calendar/.EmptyService},r used time=1027,left r count=2
02-27 12:00:25.100 D/AlertReceiver(14675): onReceive: a=android.intent.action.PROVIDER_CHANGED Intent { act=android.intent.action.PROVIDER_CHANGED dat=content://com.android.calendar flg=0x10 cmp=com.asus.calendar/com.android.calendar.alerts.AlertReceiver }
02-27 12:00:25.110 V/ActivityManager(  515): Remove bg service from mStartingBackground ,r=ServiceRecord{221db4c8 u0 com.asus.calendar/com.asus.countdown.CountdownService},r used time=14,left r count=3
02-27 12:00:25.160 D/AlertUtils(14675): Flushing old alerts from shared prefs table
02-27 12:00:25.160 D/AlertService(14675): 0 Action = android.intent.action.PROVIDER_CHANGED
02-27 12:00:25.160 D/AlertService(14675): Beginning updateAlertNotification
02-27 12:00:25.160 D/AlertService(14675): No fired or scheduled alerts
02-27 12:00:25.180 D/BatteryStatsImpl(  515): noteStopWakeLocked com.asus.calendar isFromForeground = false
02-27 12:00:25.180 V/ActivityManager(  515): Remove bg service from mStartingBackground ,r=ServiceRecord{221cbf88 u0 com.asus.calendar/com.android.calendar.alerts.AlertService},r used time=75,left r count=2
02-27 12:00:25.200 E/ContactJson(14392): getStringArray(fields): Failed to parse json data: org.json.JSONException: Value givenNames at fields of type java.lang.String cannot be converted to JSONArray
02-27 12:00:25.370 W/BindingManager(14392): Cannot call determinedVisibility() - never saw a connection for the pid: 14392
02-27 12:00:25.410 D/SendBroadcastHandler(14605): startTimer() SEND_TO_CONTACTS_WIDGET_DELETE 
02-27 12:00:25.590 I/chromium(14392): [INFO:CONSOLE(70)] "WARNING: Message from backend doesn't have data.", source:  (70)
02-27 12:00:25.610 D/dalvikvm(14392): GC_EXPLICIT freed 1688K, 22% free 6846K/8728K, paused 0ms+2ms, total 18ms
02-27 12:00:25.900 D/AsusContactWigdetSync( 1102): sync start
02-27 12:00:25.900 D/AsusContactWigdetSync( 1102): sync selection = null
02-27 12:00:25.900 D/AsusContactWigdetSync( 1102): sync delete selection = contact_id IN ( 118, 117, 116, 115, 114)
02-27 12:00:25.910 D/AsusContactWigdetSync( 1102): sync stop
02-27 12:00:25.910 V/ActivityManager(  515): Remove bg service from mStartingBackground ,r=ServiceRecord{22324de8 u0 com.asus.contacts/com.android.contacts.miniwidget.SyncService},r used time=1014,left r count=1
02-27 12:00:25.940 D/AsusContactWigdetSync(14662): sync start
02-27 12:00:25.940 D/AsusContactWigdetSync(14662): sync selection = null
02-27 12:00:25.940 D/AsusContactWigdetSync(14662): sync delete selection = contact_id IN ( 118, 117, 116, 115, 114)
02-27 12:00:25.950 D/AsusContactWigdetSync(14662): sync stop
02-27 12:00:25.950 V/ActivityManager(  515): Remove bg service from mStartingBackground ,r=ServiceRecord{22230e88 u0 com.asus.contactswidget/.SyncService},r used time=1014,left r count=0
02-27 12:00:25.980 I/dalvikvm(14605): Total arena pages for JIT: 11
02-27 12:00:25.980 I/ActivityManager(  515): Killing 8115:com.android.externalstorage/u0a14 (adj 15): empty #9
02-27 12:00:25.990 I/dalvikvm(14605): Total arena pages for JIT: 12
02-27 12:00:25.990 I/SecurityManagerService(  687): SMS received security event: App[STOP/com.android.externalstorage]
02-27 12:00:25.990 I/dalvikvm(14605): Total arena pages for JIT: 13
02-27 12:00:25.990 I/dalvikvm(14605): Total arena pages for JIT: 14
02-27 12:00:25.990 I/dalvikvm(14605): Total arena pages for JIT: 15
02-27 12:00:25.990 I/dalvikvm(14605): Total arena pages for JIT: 16
02-27 12:00:26.260 V/ActivityManager(  515): Remove bg service from mStartingBackground ,r=ServiceRecord{221bc568 u0 com.android.providers.calendar/.ContactsEventUpdateIntentService},r used time=72,left r count=1
02-27 12:00:26.550 W/BindingManager(14392): Cannot call determinedVisibility() - never saw a connection for the pid: 14392
02-27 12:00:26.750 I/chromium(14392): [INFO:CONSOLE(70)] "WARNING: Message from backend doesn't have data.", source:  (70)
02-27 12:00:26.940 D/dalvikvm(  515): GC_EXPLICIT freed 145K, 49% free 19286K/37668K, paused 1ms+3ms, total 45ms
02-27 12:00:27.120 I/WifiHW  (  515): CMD: IFNAME=wlan0 SIGNAL_POLL
02-27 12:00:27.120 D/wpa_supplicant(  628): RX ctrl_iface - hexdump(len=11): 53 49 47 4e 41 4c 5f 50 4f 4c 4c
02-27 12:00:27.120 D/wpa_supplicant(  628): wlan0: Control interface command 'SIGNAL_POLL'
02-27 12:00:27.120 D/wpa_supplicant(  628): nl80211: survey data missing!
02-27 12:00:27.120 I/WifiHW  (  515): REPLY: RSSI=-50
02-27 12:00:27.120 I/WifiHW  (  515): REPLY: LINKSPEED=65
02-27 12:00:27.120 I/WifiHW  (  515): REPLY: NOISE=9999
02-27 12:00:27.120 I/WifiHW  (  515): REPLY: FREQUENCY=2462
02-27 12:00:27.180 D/dalvikvm(14605): GC_EXPLICIT freed 886K, 13% free 7738K/8820K, paused 0ms+3ms, total 17ms
02-27 12:00:27.260 I/CalendarProvider2(14638): Sending notification intent: Intent { act=android.intent.action.PROVIDER_CHANGED dat=content://com.android.calendar }
02-27 12:00:27.260 W/ContentResolver(14638): Failed to get type for: content://com.android.calendar (Unknown URL content://com.android.calendar)
02-27 12:00:27.260 D/AlertReceiver(14675): onReceive: a=android.intent.action.PROVIDER_CHANGED Intent { act=android.intent.action.PROVIDER_CHANGED dat=content://com.android.calendar flg=0x10 cmp=com.asus.calendar/com.android.calendar.alerts.AlertReceiver }
02-27 12:00:27.270 D/AlertService(14675): 0 Action = android.intent.action.PROVIDER_CHANGED
02-27 12:00:27.270 D/AlertService(14675): Beginning updateAlertNotification
02-27 12:00:27.270 V/ActivityManager(  515): Remove bg service from mStartingBackground ,r=ServiceRecord{221a97b8 u0 com.android.providers.calendar/.EmptyService},r used time=1008,left r count=0
02-27 12:00:27.290 D/AlertService(14675): No fired or scheduled alerts
02-27 12:00:27.300 D/SendBroadcastHandler(14605): mTimerTask sendMessage CONTACTS_INSERT 
02-27 12:00:27.300 D/SendBroadcastHandler(14605): (insert) sendBroadcast mInsertRawContacts:7
02-27 12:00:27.300 D/BatteryStatsImpl(  515): noteStopWakeLocked com.asus.calendar isFromForeground = false
02-27 12:00:27.300 D/SendBroadcastHandler(14605): (insert) sendBroadcast mInsertName:7
02-27 12:00:27.300 D/SendBroadcastHandler(14605): (insert) sendBroadcast mInsertNameDetail:7
02-27 12:00:27.300 D/SendBroadcastHandler(14605): sendBroadcast insert to voice agent
02-27 12:00:27.300 V/ActivityManager(  515): Remove bg service from mStartingBackground ,r=ServiceRecord{226f5820 u0 com.asus.calendar/com.android.calendar.alerts.AlertService},r used time=33,left r count=0
02-27 12:00:27.660 W/BindingManager(14392): Cannot call determinedVisibility() - never saw a connection for the pid: 14392
02-27 12:00:27.870 I/chromium(14392): [INFO:CONSOLE(70)] "WARNING: Message from backend doesn't have data.", source:  (70)
02-27 12:00:27.900 D/SendBroadcastHandler(14605): startTimer() SEND_TO_CONTACTS_INSERT 
02-27 12:00:28.410 D/SendBroadcastHandler(14605): mTimerTask sendMessage CONTACTS_DELETE 
02-27 12:00:28.420 D/AsusContactWigdetSync( 1102): ready to sync contact id = 6
02-27 12:00:28.420 D/AsusContactWigdetSync( 1102): ready to sync widget
02-27 12:00:28.420 D/SendBroadcastHandler(14605): sendBroadcast delete to voice agent
02-27 12:00:28.420 D/SendBroadcastHandler(14605): (Delete) sendBroadcast mDeleteContacts:6
02-27 12:00:28.420 D/SendBroadcastHandler(14605): (Delete) sendBroadcast mDeleteRawContactsVoice:6
02-27 12:00:28.420 D/SendBroadcastHandler(14605): sendBroadcast CONTACTS_DELETE
02-27 12:00:28.420 D/AsusContactWigdetSync( 1102): delete contact_id = 119
02-27 12:00:28.420 D/AsusContactWigdetSync( 1102): delete contact_id = 120
02-27 12:00:28.420 D/AsusContactWigdetSync(14662): ready to sync contact id = 6
02-27 12:00:28.420 D/AsusContactWigdetSync( 1102): delete contact_id = 121
02-27 12:00:28.420 D/AsusContactWigdetSync(14662): ready to sync widget
02-27 12:00:28.420 D/AsusContactWigdetSync( 1102): delete contact_id = 122
02-27 12:00:28.420 D/AsusContactWigdetSync( 1102): delete contact_id = 123
02-27 12:00:28.420 D/AsusContactWigdetSync( 1102): delete contact_id = 124
02-27 12:00:28.420 D/AsusContactWigdetSync( 1102): sync isdelete = true
02-27 12:00:28.430 D/AsusContactWigdetSync(14662): delete contact_id = 119
02-27 12:00:28.430 D/AsusContactWigdetSync(14662): delete contact_id = 120
02-27 12:00:28.430 D/AsusContactWigdetSync(14662): delete contact_id = 121
02-27 12:00:28.430 D/AsusContactWigdetSync(14662): delete contact_id = 122
02-27 12:00:28.430 D/AsusContactWigdetSync(14662): delete contact_id = 123
02-27 12:00:28.430 D/AsusContactWigdetSync(14662): delete contact_id = 124
02-27 12:00:28.430 D/AsusContactWigdetSync(14662): sync isdelete = true
02-27 12:00:28.630 V/ActivityManager(  515): Remove bg service from mStartingBackground ,r=ServiceRecord{22324d40 u0 com.android.providers.calendar/.ContactsEventUpdateIntentService},r used time=39,left r count=3
02-27 12:00:28.780 W/BindingManager(14392): Cannot call determinedVisibility() - never saw a connection for the pid: 14392
02-27 12:00:28.820 D/SendBroadcastHandler(14605): startTimer() SEND_TO_CONTACTS_WIDGET_DELETE 
02-27 12:00:28.980 I/chromium(14392): [INFO:CONSOLE(70)] "WARNING: Message from backend doesn't have data.", source:  (70)
02-27 12:00:29.010 D/AlarmManager(  515): Triggered Alarm 221ab190 ELAPSED_REALTIME_WAKEUP IntentSender{22259f90: PendingIntentRecord{21f997e8 com.android.providers.calendar broadcastIntent}}
02-27 12:00:29.030 D/BatteryStatsImpl(  515): noteStopWakeLocked system isFromForeground = false
02-27 12:00:29.070 D/AlarmManager(  515): Removed alarm Alarm{220787b8 type 0 com.android.providers.calendar} type:RTC_WAKEUP
02-27 12:00:29.070 D/AlarmManager(  515): Added alarm Alarm{220524b8 type 0 android} type:RTC_WAKEUP when: At 15-2-27 下午12:00 repeatInterval: 0h:30m:0.0s
02-27 12:00:29.080 D/AlarmManager(  515): Added alarm Alarm{2203cc58 type 0 com.mgyapp.android} type:RTC_WAKEUP when: At 15-2-27 下午12:03 repeatInterval: 0h:5m:0.0s
02-27 12:00:29.080 D/AlarmManager(  515): Added alarm Alarm{22039ed0 type 2 android} type:ELAPSED_REALTIME_WAKEUP when: After 0h:6m:19.0s
02-27 12:00:29.080 D/AlarmManager(  515): Added alarm Alarm{22038c50 type 0 com.baidu.appsearch} type:RTC_WAKEUP when: At 15-2-27 下午12:02 repeatInterval: 0h:10m:0.0s
02-27 12:00:29.080 D/AlarmManager(  515): Added alarm Alarm{22030b68 type 0 com.asus.cm} type:RTC_WAKEUP when: At 15-2-27 下午12:34
02-27 12:00:29.080 D/AlarmManager(  515): Added alarm Alarm{220255b8 type 0 com.shuame.sprite} type:RTC_WAKEUP when: At 15-2-27 下午12:42 repeatInterval: 3h:0m:0.0s
02-27 12:00:29.080 D/AlarmManager(  515): Added alarm Alarm{220242d8 type 0 com.shuame.sprite} type:RTC_WAKEUP when: At 15-2-27 下午12:43 repeatInterval: 3h:0m:0.0s
02-27 12:00:29.090 D/AlarmManager(  515): Added alarm Alarm{22020660 type 0 com.shuame.sprite} type:RTC_WAKEUP when: At 15-2-27 下午12:43 repeatInterval: 3h:0m:0.0s
02-27 12:00:29.090 D/AlarmManager(  515): Added alarm Alarm{2201a458 type 0 com.shuame.sprite} type:RTC_WAKEUP when: At 15-2-27 下午1:43 repeatInterval: 4h:0m:0.0s
02-27 12:00:29.090 D/AlarmManager(  515): Added alarm Alarm{2201a158 type 0 com.shuame.sprite} type:RTC_WAKEUP when: At 15-2-27 下午1:43 repeatInterval: 4h:0m:0.0s
02-27 12:00:29.090 D/AlarmManager(  515): Added alarm Alarm{22012650 type 0 com.shuame.sprite} type:RTC_WAKEUP when: At 15-2-27 下午2:32 repeatInterval: 24h:0m:0.0s
02-27 12:00:29.110 D/AlarmManager(  515): Added alarm Alarm{21ff7920 type 0 com.wandoujia.phoenix2} type:RTC_WAKEUP when: At 15-2-28 下午6:38
02-27 12:00:29.110 D/BatteryStatsImpl(  515): noteStopWakeLocked com.android.providers.calendar isFromForeground = false
02-27 12:00:29.110 D/AlarmManager(  515): Added alarm Alarm{21fddef8 type 0 com.android.providers.calendar} type:RTC_WAKEUP when: At 15-2-28 上午10:01
02-27 12:00:29.110 V/ActivityManager(  515): Remove bg service from mStartingBackground ,r=ServiceRecord{2225c6a0 u0 com.android.providers.calendar/.CalendarProviderIntentService},r used time=92,left r count=3
02-27 12:00:29.420 D/AsusContactWigdetSync( 1102): sync start
02-27 12:00:29.420 D/AsusContactWigdetSync( 1102): sync selection = null
02-27 12:00:29.420 D/AsusContactWigdetSync( 1102): sync delete selection = contact_id IN ( 119, 124, 123, 122, 121, 120)
02-27 12:00:29.420 D/AsusContactWigdetSync( 1102): sync stop
02-27 12:00:29.420 V/ActivityManager(  515): Remove bg service from mStartingBackground ,r=ServiceRecord{22522fe0 u0 com.asus.contacts/com.android.contacts.miniwidget.SyncService},r used time=1006,left r count=2
02-27 12:00:29.430 D/AsusContactWigdetSync(14662): sync start
02-27 12:00:29.430 D/AsusContactWigdetSync(14662): sync selection = null
02-27 12:00:29.430 D/AsusContactWigdetSync(14662): sync delete selection = contact_id IN ( 119, 124, 123, 122, 121, 120)
02-27 12:00:29.430 D/AsusContactWigdetSync(14662): sync stop
02-27 12:00:29.430 V/ActivityManager(  515): Remove bg service from mStartingBackground ,r=ServiceRecord{22369be8 u0 com.asus.contactswidget/.SyncService},r used time=1008,left r count=1
02-27 12:00:29.630 I/CalendarProvider2(14638): Sending notification intent: Intent { act=android.intent.action.PROVIDER_CHANGED dat=content://com.android.calendar }
02-27 12:00:29.630 W/ContentResolver(14638): Failed to get type for: content://com.android.calendar (Unknown URL content://com.android.calendar)
02-27 12:00:29.640 D/AlertReceiver(14675): onReceive: a=android.intent.action.PROVIDER_CHANGED Intent { act=android.intent.action.PROVIDER_CHANGED dat=content://com.android.calendar flg=0x10 cmp=com.asus.calendar/com.android.calendar.alerts.AlertReceiver }
02-27 12:00:29.640 V/ActivityManager(  515): Remove bg service from mStartingBackground ,r=ServiceRecord{22261dc0 u0 com.android.providers.calendar/.EmptyService},r used time=1007,left r count=0
02-27 12:00:29.650 D/AlertService(14675): 0 Action = android.intent.action.PROVIDER_CHANGED
02-27 12:00:29.650 D/AlertService(14675): Beginning updateAlertNotification
02-27 12:00:29.670 D/AlertService(14675): No fired or scheduled alerts
02-27 12:00:29.670 D/BatteryStatsImpl(  515): noteStopWakeLocked com.asus.calendar isFromForeground = false
02-27 12:00:29.670 V/ActivityManager(  515): Remove bg service from mStartingBackground ,r=ServiceRecord{22205640 u0 com.asus.calendar/com.android.calendar.alerts.AlertService},r used time=28,left r count=0
02-27 12:00:29.900 W/BindingManager(14392): Cannot call determinedVisibility() - never saw a connection for the pid: 14392
02-27 12:00:30.110 I/chromium(14392): [INFO:CONSOLE(70)] "WARNING: Message from backend doesn't have data.", source:  (70)
02-27 12:00:30.120 I/WifiHW  (  515): CMD: IFNAME=wlan0 SIGNAL_POLL
02-27 12:00:30.120 D/wpa_supplicant(  628): RX ctrl_iface - hexdump(len=11): 53 49 47 4e 41 4c 5f 50 4f 4c 4c
02-27 12:00:30.120 D/wpa_supplicant(  628): wlan0: Control interface command 'SIGNAL_POLL'
02-27 12:00:30.140 D/wpa_supplicant(  628): nl80211: survey data missing!
02-27 12:00:30.140 I/WifiHW  (  515): REPLY: RSSI=-50
02-27 12:00:30.140 I/WifiHW  (  515): REPLY: LINKSPEED=65
02-27 12:00:30.140 I/WifiHW  (  515): REPLY: NOISE=9999
02-27 12:00:30.140 I/WifiHW  (  515): REPLY: FREQUENCY=2462
02-27 12:00:30.310 E/Contacts(14392): org.json.JSONException: No value for contactId
02-27 12:00:30.690 D/EVENT_THREAD(  188): void CEventThread::run() POLLIN event on Fd (1)
02-27 12:00:30.700 D/EVENT_THREAD(  188): void CEventThread::run() Do poll with timeout: -1
02-27 12:00:30.880 V/ActivityManager(  515): Remove bg service from mStartingBackground ,r=ServiceRecord{221f5958 u0 com.android.providers.calendar/.ContactsEventUpdateIntentService},r used time=47,left r count=1
02-27 12:00:30.900 D/SendBroadcastHandler(14605): mTimerTask sendMessage CONTACTS_INSERT 
02-27 12:00:30.900 D/SendBroadcastHandler(14605): (insert) sendBroadcast mInsertRawContacts:5
02-27 12:00:30.900 D/SendBroadcastHandler(14605): (insert) sendBroadcast mInsertName:5
02-27 12:00:30.900 D/SendBroadcastHandler(14605): (insert) sendBroadcast mInsertNameDetail:5
02-27 12:00:30.900 D/SendBroadcastHandler(14605): sendBroadcast insert to voice agent
02-27 12:00:31.820 D/SendBroadcastHandler(14605): mTimerTask sendMessage CONTACTS_DELETE 
02-27 12:00:31.830 D/AsusContactWigdetSync( 1102): ready to sync contact id = 4
02-27 12:00:31.830 D/AsusContactWigdetSync( 1102): ready to sync widget
02-27 12:00:31.830 D/AsusContactWigdetSync( 1102): delete contact_id = 125
02-27 12:00:31.830 D/AsusContactWigdetSync( 1102): delete contact_id = 126
02-27 12:00:31.830 D/AsusContactWigdetSync( 1102): delete contact_id = 127
02-27 12:00:31.830 D/AsusContactWigdetSync( 1102): delete contact_id = 128
02-27 12:00:31.830 D/AsusContactWigdetSync( 1102): sync isdelete = true
02-27 12:00:31.840 D/AsusContactWigdetSync(14662): ready to sync contact id = 4
02-27 12:00:31.840 D/AsusContactWigdetSync(14662): ready to sync widget
02-27 12:00:31.840 D/AsusContactWigdetSync(14662): delete contact_id = 125
02-27 12:00:31.840 D/AsusContactWigdetSync(14662): delete contact_id = 126
02-27 12:00:31.840 D/AsusContactWigdetSync(14662): delete contact_id = 127
02-27 12:00:31.840 D/SendBroadcastHandler(14605): sendBroadcast delete to voice agent
02-27 12:00:31.840 D/SendBroadcastHandler(14605): (Delete) sendBroadcast mDeleteContacts:4
02-27 12:00:31.840 D/SendBroadcastHandler(14605): (Delete) sendBroadcast mDeleteRawContactsVoice:4
02-27 12:00:31.840 D/SendBroadcastHandler(14605): sendBroadcast CONTACTS_DELETE
02-27 12:00:31.840 D/AsusContactWigdetSync(14662): delete contact_id = 128
02-27 12:00:31.840 D/AsusContactWigdetSync(14662): sync isdelete = true
02-27 12:00:31.870 D/EVENT_THREAD(  188): void CEventThread::run() POLLIN event on Fd (1)
02-27 12:00:31.870 D/EVENT_THREAD(  188): void CEventThread::run() Do poll with timeout: -1
02-27 12:00:31.870 D/EVENT_THREAD(  188): void CEventThread::run() POLLIN event on Fd (1)
02-27 12:00:31.870 D/EVENT_THREAD(  188): void CEventThread::run() Do poll with timeout: -1
02-27 12:00:31.870 I/upi_ug31xx(  167): (849) update_capacity
02-27 12:00:31.870 I/[UPI]   (  167): <UG31/E>[UpiReadCapacity]: V=3814(3802), T=308(309-358), I=-197, C=-1(-1-0)
02-27 12:00:31.870 I/[UPI]   (  167): <UG31/E>[UpiReadCapacity]: (0x0221254a) 1292 (1800) / 3159 (3708) = 41
02-27 12:00:31.870 I/[UPI]   (  167): <UG31/E>[UpiReadCapacity]: (0x0221254a) 1292 (1800) / 3159 (3708) = 41
02-27 12:00:31.870 I/[UPI]   (  167): <UG31/E>[UpiReadCapacity]: (0x0221254a) 1292 (1292) / 3159 (3708) = 41
02-27 12:00:31.870 I/[UPI]   (  167): <UG31/E>[RsocFilterCountTime]: (0x0221254a) Step=4(279964), Full=4(279964), Lock=279964(2164385)
02-27 12:00:31.870 I/[UPI]   (  167): <UG31/E>[UpiReadCapacity]: (0x0221254a) 1292 (1292) / 3159 (3708) = 41 (-197--197)
02-27 12:00:31.870 I/[UPI]   (  167): <UG31/E><BATT> M:normal, P:41(41-41)%, V:3802mV, C:-135mA, T:30.9C(358), S:0x0221254a(000), R:1292mAh, F:3159mAh, Q:-1259mAh, CC:12, P:30.320(1223-0)s, BO:5, 97:615:0-44af-9m:B001-20140514-144301 (16)
02-27 12:00:31.870 I/upi_ug31xx(  167): (850) backup_data 
02-27 12:00:31.870 V/upi_ug31xx(  167): state->check_backup_count = 9
02-27 12:00:31.880 I/CalendarProvider2(14638): Sending notification intent: Intent { act=android.intent.action.PROVIDER_CHANGED dat=content://com.android.calendar }
02-27 12:00:31.880 W/ContentResolver(14638): Failed to get type for: content://com.android.calendar (Unknown URL content://com.android.calendar)
02-27 12:00:31.880 D/AlertReceiver(14675): onReceive: a=android.intent.action.PROVIDER_CHANGED Intent { act=android.intent.action.PROVIDER_CHANGED dat=content://com.android.calendar flg=0x10 cmp=com.asus.calendar/com.android.calendar.alerts.AlertReceiver }
02-27 12:00:31.880 V/ActivityManager(  515): Remove bg service from mStartingBackground ,r=ServiceRecord{221bc8e8 u0 com.android.providers.calendar/.EmptyService},r used time=1003,left r count=2
02-27 12:00:31.890 D/AlertService(14675): 0 Action = android.intent.action.PROVIDER_CHANGED
02-27 12:00:31.890 D/AlertService(14675): Beginning updateAlertNotification
02-27 12:00:31.900 D/AlertService(14675): No fired or scheduled alerts
02-27 12:00:31.910 D/BatteryStatsImpl(  515): noteStopWakeLocked com.asus.calendar isFromForeground = false
02-27 12:00:31.910 V/ActivityManager(  515): Remove bg service from mStartingBackground ,r=ServiceRecord{221acff0 u0 com.asus.calendar/com.android.calendar.alerts.AlertService},r used time=20,left r count=2
02-27 12:00:32.220 D/EVENT_THREAD(  188): void CEventThread::run() POLLIN event on Fd (1)
02-27 12:00:32.220 D/EVENT_THREAD(  188): void CEventThread::run() Do poll with timeout: -1
02-27 12:00:32.220 I/upi_ug31xx(  167): (851) backup_bo check
02-27 12:00:32.830 D/AsusContactWigdetSync( 1102): sync start
02-27 12:00:32.830 D/AsusContactWigdetSync( 1102): sync selection = null
02-27 12:00:32.830 D/AsusContactWigdetSync( 1102): sync delete selection = contact_id IN ( 127, 128, 126, 125)
02-27 12:00:32.840 D/AsusContactWigdetSync( 1102): sync stop
02-27 12:00:32.840 V/ActivityManager(  515): Remove bg service from mStartingBackground ,r=ServiceRecord{221bc1e8 u0 com.asus.contacts/com.android.contacts.miniwidget.SyncService},r used time=1010,left r count=1
02-27 12:00:32.860 D/AsusContactWigdetSync(14662): sync start
02-27 12:00:32.860 D/AsusContactWigdetSync(14662): sync selection = null
02-27 12:00:32.860 D/AsusContactWigdetSync(14662): sync delete selection = contact_id IN ( 127, 128, 126, 125)
02-27 12:00:32.860 D/AsusContactWigdetSync(14662): sync stop
02-27 12:00:32.860 V/ActivityManager(  515): Remove bg service from mStartingBackground ,r=ServiceRecord{221bb768 u0 com.asus.contactswidget/.SyncService},r used time=1024,left r count=0
02-27 12:00:33.050 W/BindingManager(14392): Cannot call determinedVisibility() - never saw a connection for the pid: 14392
02-27 12:00:33.090 D/SendBroadcastHandler(14605): startTimer() SEND_TO_CONTACTS_WIDGET_DELETE 
02-27 12:00:33.140 I/WifiHW  (  515): CMD: IFNAME=wlan0 SIGNAL_POLL
02-27 12:00:33.140 D/wpa_supplicant(  628): RX ctrl_iface - hexdump(len=11): 53 49 47 4e 41 4c 5f 50 4f 4c 4c
02-27 12:00:33.140 D/wpa_supplicant(  628): wlan0: Control interface command 'SIGNAL_POLL'
02-27 12:00:33.170 D/wpa_supplicant(  628): nl80211: survey data missing!
02-27 12:00:33.170 I/WifiHW  (  515): REPLY: RSSI=-50
02-27 12:00:33.170 I/WifiHW  (  515): REPLY: LINKSPEED=65
02-27 12:00:33.170 I/WifiHW  (  515): REPLY: NOISE=9999
02-27 12:00:33.170 I/WifiHW  (  515): REPLY: FREQUENCY=2462
02-27 12:00:33.190 I/chromium(14392): [INFO:CONSOLE(70)] "WARNING: Message from backend doesn't have data.", source:  (70)
02-27 12:00:33.220 D/SendBroadcastHandler(14605): startTimer() SEND_TO_CONTACTS_INSERT 
02-27 12:00:33.700 W/BindingManager(14392): Cannot call determinedVisibility() - never saw a connection for the pid: 14392
02-27 12:00:33.830 I/chromium(14392): [INFO:CONSOLE(70)] "WARNING: Message from backend doesn't have data.", source:  (70)
02-27 12:00:34.030 D/dalvikvm(14605): GC_EXPLICIT freed 880K, 12% free 7871K/8924K, paused 0ms+3ms, total 17ms
02-27 12:00:34.340 W/BindingManager(14392): Cannot call determinedVisibility() - never saw a connection for the pid: 14392
02-27 12:00:34.500 I/chromium(14392): [INFO:CONSOLE(70)] "WARNING: Message from backend doesn't have data.", source:  (70)
02-27 12:00:34.550 D/dalvikvm(  515): GC_EXPLICIT freed 104K, 49% free 19302K/37668K, paused 2ms+4ms, total 47ms
02-27 12:00:34.580 D/dalvikvm(14392): GC_EXPLICIT freed 545K, 20% free 7053K/8728K, paused 1ms+2ms, total 16ms
02-27 12:00:34.980 W/BindingManager(14392): Cannot call determinedVisibility() - never saw a connection for the pid: 14392
02-27 12:00:35.120 I/chromium(14392): [INFO:CONSOLE(70)] "WARNING: Message from backend doesn't have data.", source:  (70)
02-27 12:00:35.140 V/ActivityManager(  515): Remove bg service from mStartingBackground ,r=ServiceRecord{22253e28 u0 com.android.providers.calendar/.ContactsEventUpdateIntentService},r used time=46,left r count=1
02-27 12:00:35.640 W/BindingManager(14392): Cannot call determinedVisibility() - never saw a connection for the pid: 14392
02-27 12:00:35.770 I/chromium(14392): [INFO:CONSOLE(70)] "WARNING: Message from backend doesn't have data.", source:  (70)
02-27 12:00:35.880 D/BatteryStatsImpl(  515): noteStopWakeLocked system isFromForeground = false
02-27 12:00:35.880 D/AlarmManager(  515): Triggered Alarm 21f93ef8 ELAPSED_REALTIME_WAKEUP IntentSender{2225a668: PendingIntentRecord{21f383a8 com.android.providers.calendar broadcastIntent}}
02-27 12:00:35.880 D/AlarmManager(  515): Removed alarm Alarm{21fddef8 type 0 com.android.providers.calendar} type:RTC_WAKEUP
02-27 12:00:35.890 D/AlarmManager(  515): Added alarm Alarm{220a65c0 type 0 com.baidu.appsearch} type:RTC_WAKEUP when: At 15-2-27 下午12:02 repeatInterval: 0h:10m:0.0s
02-27 12:00:35.890 D/AlarmManager(  515): Added alarm Alarm{220a1cb0 type 0 com.mgyapp.android} type:RTC_WAKEUP when: At 15-2-27 下午12:03 repeatInterval: 0h:5m:0.0s
02-27 12:00:35.890 D/AlarmManager(  515): Added alarm Alarm{2209f4a8 type 0 com.mgyapp.android} type:RTC_WAKEUP when: At 15-2-27 下午12:03 repeatInterval: 0h:5m:0.0s
02-27 12:00:35.900 D/AlarmManager(  515): Added alarm Alarm{2208ffd0 type 0 com.asus.cm} type:RTC_WAKEUP when: At 15-2-27 下午12:34
02-27 12:00:35.900 D/AlarmManager(  515): Added alarm Alarm{22086038 type 0 com.shuame.sprite} type:RTC_WAKEUP when: At 15-2-27 下午12:42 repeatInterval: 3h:0m:0.0s
02-27 12:00:35.900 D/AlarmManager(  515): Added alarm Alarm{22083000 type 0 com.shuame.sprite} type:RTC_WAKEUP when: At 15-2-27 下午12:43 repeatInterval: 3h:0m:0.0s
02-27 12:00:35.900 D/AlarmManager(  515): Added alarm Alarm{220822b8 type 0 com.shuame.sprite} type:RTC_WAKEUP when: At 15-2-27 下午12:43 repeatInterval: 3h:0m:0.0s
02-27 12:00:35.900 D/AlarmManager(  515): Added alarm Alarm{2207a5f8 type 0 com.shuame.sprite} type:RTC_WAKEUP when: At 15-2-27 下午1:43 repeatInterval: 4h:0m:0.0s
02-27 12:00:35.900 D/AlarmManager(  515): Added alarm Alarm{22077b78 type 0 com.shuame.sprite} type:RTC_WAKEUP when: At 15-2-27 下午1:43 repeatInterval: 4h:0m:0.0s
02-27 12:00:35.910 D/AlarmManager(  515): Added alarm Alarm{22063a08 type 0 com.shuame.sprite} type:RTC_WAKEUP when: At 15-2-27 下午2:32 repeatInterval: 24h:0m:0.0s
02-27 12:00:35.920 D/AlarmManager(  515): Added alarm Alarm{21fd1ac0 type 0 com.wandoujia.phoenix2} type:RTC_WAKEUP when: At 15-2-28 下午6:38
02-27 12:00:35.920 D/BatteryStatsImpl(  515): noteStopWakeLocked com.android.providers.calendar isFromForeground = false
02-27 12:00:35.920 D/AlarmManager(  515): Added alarm Alarm{21fbddf0 type 0 com.android.providers.calendar} type:RTC_WAKEUP when: At 15-2-28 上午10:01
02-27 12:00:35.930 V/ActivityManager(  515): Remove bg service from mStartingBackground ,r=ServiceRecord{22083ca8 u0 com.android.providers.calendar/.CalendarProviderIntentService},r used time=46,left r count=1
02-27 12:00:36.100 D/SendBroadcastHandler(14605): mTimerTask sendMessage CONTACTS_DELETE 
02-27 12:00:36.100 D/AsusContactWigdetSync( 1102): ready to sync contact id = 5
02-27 12:00:36.100 D/SendBroadcastHandler(14605): sendBroadcast delete to voice agent
02-27 12:00:36.100 D/AsusContactWigdetSync( 1102): ready to sync widget
02-27 12:00:36.100 D/SendBroadcastHandler(14605): (Delete) sendBroadcast mDeleteContacts:5
02-27 12:00:36.100 D/SendBroadcastHandler(14605): (Delete) sendBroadcast mDeleteRawContactsVoice:5
02-27 12:00:36.100 D/SendBroadcastHandler(14605): sendBroadcast CONTACTS_DELETE
02-27 12:00:36.110 D/AsusContactWigdetSync( 1102): delete contact_id = 129
02-27 12:00:36.110 D/AsusContactWigdetSync( 1102): delete contact_id = 130
02-27 12:00:36.110 D/AsusContactWigdetSync( 1102): delete contact_id = 131
02-27 12:00:36.110 D/AsusContactWigdetSync( 1102): delete contact_id = 132
02-27 12:00:36.110 D/AsusContactWigdetSync( 1102): delete contact_id = 133
02-27 12:00:36.110 D/AsusContactWigdetSync( 1102): sync isdelete = true
02-27 12:00:36.110 D/AsusContactWigdetSync(14662): ready to sync contact id = 5
02-27 12:00:36.120 D/AsusContactWigdetSync(14662): ready to sync widget
02-27 12:00:36.120 D/AsusContactWigdetSync(14662): delete contact_id = 129
02-27 12:00:36.120 D/AsusContactWigdetSync(14662): delete contact_id = 130
02-27 12:00:36.120 D/AsusContactWigdetSync(14662): delete contact_id = 131
02-27 12:00:36.120 D/AsusContactWigdetSync(14662): delete contact_id = 132
02-27 12:00:36.120 D/AsusContactWigdetSync(14662): delete contact_id = 133
02-27 12:00:36.120 D/AsusContactWigdetSync(14662): sync isdelete = true
02-27 12:00:36.140 I/CalendarProvider2(14638): Sending notification intent: Intent { act=android.intent.action.PROVIDER_CHANGED dat=content://com.android.calendar }
02-27 12:00:36.140 W/ContentResolver(14638): Failed to get type for: content://com.android.calendar (Unknown URL content://com.android.calendar)
02-27 12:00:36.150 D/AlertReceiver(14675): onReceive: a=android.intent.action.PROVIDER_CHANGED Intent { act=android.intent.action.PROVIDER_CHANGED dat=content://com.android.calendar flg=0x10 cmp=com.asus.calendar/com.android.calendar.alerts.AlertReceiver }
02-27 12:00:36.150 D/AlertService(14675): 0 Action = android.intent.action.PROVIDER_CHANGED
02-27 12:00:36.150 D/AlertService(14675): Beginning updateAlertNotification
02-27 12:00:36.150 V/ActivityManager(  515): Remove bg service from mStartingBackground ,r=ServiceRecord{221ac128 u0 com.android.providers.calendar/.EmptyService},r used time=1004,left r count=2
02-27 12:00:36.160 D/AlertService(14675): No fired or scheduled alerts
02-27 12:00:36.170 I/WifiHW  (  515): CMD: IFNAME=wlan0 SIGNAL_POLL
02-27 12:00:36.170 D/wpa_supplicant(  628): RX ctrl_iface - hexdump(len=11): 53 49 47 4e 41 4c 5f 50 4f 4c 4c
02-27 12:00:36.170 D/wpa_supplicant(  628): wlan0: Control interface command 'SIGNAL_POLL'
02-27 12:00:36.170 D/BatteryStatsImpl(  515): noteStopWakeLocked com.asus.calendar isFromForeground = false
02-27 12:00:36.170 V/ActivityManager(  515): Remove bg service from mStartingBackground ,r=ServiceRecord{22069238 u0 com.asus.calendar/com.android.calendar.alerts.AlertService},r used time=20,left r count=2
02-27 12:00:36.190 D/wpa_supplicant(  628): nl80211: survey data missing!
02-27 12:00:36.190 I/WifiHW  (  515): REPLY: RSSI=-51
02-27 12:00:36.190 I/WifiHW  (  515): REPLY: LINKSPEED=65
02-27 12:00:36.190 I/WifiHW  (  515): REPLY: NOISE=9999
02-27 12:00:36.190 I/WifiHW  (  515): REPLY: FREQUENCY=2462
02-27 12:00:36.220 D/SendBroadcastHandler(14605): mTimerTask sendMessage CONTACTS_INSERT 
02-27 12:00:36.220 D/SendBroadcastHandler(14605): (insert) sendBroadcast mInsertRawContacts:5
02-27 12:00:36.220 D/SendBroadcastHandler(14605): (insert) sendBroadcast mInsertName:5
02-27 12:00:36.220 D/SendBroadcastHandler(14605): (insert) sendBroadcast mInsertNameDetail:5
02-27 12:00:36.220 D/SendBroadcastHandler(14605): sendBroadcast insert to voice agent
02-27 12:00:36.230 W/BindingManager(14392): Cannot call determinedVisibility() - never saw a connection for the pid: 14392
02-27 12:00:36.270 D/SendBroadcastHandler(14605): startTimer() SEND_TO_CONTACTS_WIDGET_DELETE 
02-27 12:00:36.360 I/chromium(14392): [INFO:CONSOLE(70)] "WARNING: Message from backend doesn't have data.", source:  (70)
02-27 12:00:36.400 D/SendBroadcastHandler(14605): startTimer() SEND_TO_CONTACTS_INSERT 
02-27 12:00:36.890 W/BindingManager(14392): Cannot call determinedVisibility() - never saw a connection for the pid: 14392
02-27 12:00:37.020 I/chromium(14392): [INFO:CONSOLE(70)] "WARNING: Message from backend doesn't have data.", source:  (70)
02-27 12:00:37.110 D/AsusContactWigdetSync( 1102): sync start
02-27 12:00:37.110 D/AsusContactWigdetSync( 1102): sync selection = null
02-27 12:00:37.110 D/AsusContactWigdetSync( 1102): sync delete selection = contact_id IN ( 129, 131, 130, 133, 132)
02-27 12:00:37.110 D/AsusContactWigdetSync( 1102): sync stop
02-27 12:00:37.110 V/ActivityManager(  515): Remove bg service from mStartingBackground ,r=ServiceRecord{2210acb0 u0 com.asus.contacts/com.android.contacts.miniwidget.SyncService},r used time=1006,left r count=1
02-27 12:00:37.120 D/AsusContactWigdetSync(14662): sync start
02-27 12:00:37.120 D/AsusContactWigdetSync(14662): sync selection = null
02-27 12:00:37.120 D/AsusContactWigdetSync(14662): sync delete selection = contact_id IN ( 129, 131, 130, 133, 132)
02-27 12:00:37.130 D/AsusContactWigdetSync(14662): sync stop
02-27 12:00:37.130 V/ActivityManager(  515): Remove bg service from mStartingBackground ,r=ServiceRecord{220d6d48 u0 com.asus.contactswidget/.SyncService},r used time=1006,left r count=0
02-27 12:00:37.590 W/BindingManager(14392): Cannot call determinedVisibility() - never saw a connection for the pid: 14392
02-27 12:00:37.760 I/chromium(14392): [INFO:CONSOLE(70)] "WARNING: Message from backend doesn't have data.", source:  (70)
02-27 12:00:37.950 V/ActivityManager(  515): Remove bg service from mStartingBackground ,r=ServiceRecord{21fa3f38 u0 com.android.providers.calendar/.ContactsEventUpdateIntentService},r used time=271,left r count=1
02-27 12:00:38.250 W/BindingManager(14392): Cannot call determinedVisibility() - never saw a connection for the pid: 14392
02-27 12:00:38.410 I/chromium(14392): [INFO:CONSOLE(70)] "WARNING: Message from backend doesn't have data.", source:  (70)
02-27 12:00:38.630 D/dalvikvm(14605): GC_EXPLICIT freed 801K, 12% free 7924K/8924K, paused 0ms+3ms, total 17ms
02-27 12:00:38.660 E/Contacts(14392): org.json.JSONException: No value for contactId
02-27 12:00:38.950 I/CalendarProvider2(14638): Sending notification intent: Intent { act=android.intent.action.PROVIDER_CHANGED dat=content://com.android.calendar }
02-27 12:00:38.950 W/ContentResolver(14638): Failed to get type for: content://com.android.calendar (Unknown URL content://com.android.calendar)
02-27 12:00:38.960 D/AlertReceiver(14675): onReceive: a=android.intent.action.PROVIDER_CHANGED Intent { act=android.intent.action.PROVIDER_CHANGED dat=content://com.android.calendar flg=0x10 cmp=com.asus.calendar/com.android.calendar.alerts.AlertReceiver }
02-27 12:00:38.960 V/ActivityManager(  515): Remove bg service from mStartingBackground ,r=ServiceRecord{21f0cae8 u0 com.android.providers.calendar/.EmptyService},r used time=1007,left r count=0
02-27 12:00:38.970 D/AlertService(14675): 0 Action = android.intent.action.PROVIDER_CHANGED
02-27 12:00:38.970 D/AlertService(14675): Beginning updateAlertNotification
02-27 12:00:39.000 D/AlertService(14675): No fired or scheduled alerts
02-27 12:00:39.000 D/BatteryStatsImpl(  515): noteStopWakeLocked com.asus.calendar isFromForeground = false
02-27 12:00:39.000 V/ActivityManager(  515): Remove bg service from mStartingBackground ,r=ServiceRecord{22161ee8 u0 com.asus.calendar/com.android.calendar.alerts.AlertService},r used time=41,left r count=0
02-27 12:00:39.190 I/WifiHW  (  515): CMD: IFNAME=wlan0 SIGNAL_POLL
02-27 12:00:39.190 D/wpa_supplicant(  628): RX ctrl_iface - hexdump(len=11): 53 49 47 4e 41 4c 5f 50 4f 4c 4c
02-27 12:00:39.190 D/wpa_supplicant(  628): wlan0: Control interface command 'SIGNAL_POLL'
02-27 12:00:39.230 D/wpa_supplicant(  628): nl80211: survey data missing!
02-27 12:00:39.230 I/WifiHW  (  515): REPLY: RSSI=-55
02-27 12:00:39.230 I/WifiHW  (  515): REPLY: LINKSPEED=65
02-27 12:00:39.230 I/WifiHW  (  515): REPLY: NOISE=9999
02-27 12:00:39.230 I/WifiHW  (  515): REPLY: FREQUENCY=2462
02-27 12:00:39.270 D/SendBroadcastHandler(14605): mTimerTask sendMessage CONTACTS_DELETE 
02-27 12:00:39.280 D/AsusContactWigdetSync( 1102): ready to sync contact id = 4
02-27 12:00:39.280 D/AsusContactWigdetSync( 1102): ready to sync widget
02-27 12:00:39.280 D/SendBroadcastHandler(14605): sendBroadcast delete to voice agent
02-27 12:00:39.280 D/SendBroadcastHandler(14605): (Delete) sendBroadcast mDeleteContacts:4
02-27 12:00:39.280 D/SendBroadcastHandler(14605): (Delete) sendBroadcast mDeleteRawContactsVoice:4
02-27 12:00:39.280 D/SendBroadcastHandler(14605): sendBroadcast CONTACTS_DELETE
02-27 12:00:39.290 D/AsusContactWigdetSync( 1102): delete contact_id = 134
02-27 12:00:39.290 D/AsusContactWigdetSync( 1102): delete contact_id = 135
02-27 12:00:39.290 D/AsusContactWigdetSync( 1102): delete contact_id = 136
02-27 12:00:39.290 D/AsusContactWigdetSync( 1102): delete contact_id = 137
02-27 12:00:39.290 D/AsusContactWigdetSync( 1102): sync isdelete = true
02-27 12:00:39.290 D/AsusContactWigdetSync(14662): ready to sync contact id = 4
02-27 12:00:39.290 D/AsusContactWigdetSync(14662): ready to sync widget
02-27 12:00:39.300 D/AsusContactWigdetSync(14662): delete contact_id = 134
02-27 12:00:39.300 D/AsusContactWigdetSync(14662): delete contact_id = 135
02-27 12:00:39.300 D/AsusContactWigdetSync(14662): delete contact_id = 136
02-27 12:00:39.300 D/AsusContactWigdetSync(14662): delete contact_id = 137
02-27 12:00:39.300 D/AsusContactWigdetSync(14662): sync isdelete = true
02-27 12:00:39.400 D/SendBroadcastHandler(14605): mTimerTask sendMessage CONTACTS_INSERT 
02-27 12:00:39.400 D/SendBroadcastHandler(14605): (insert) sendBroadcast mInsertRawContacts:4
02-27 12:00:39.400 D/SendBroadcastHandler(14605): (insert) sendBroadcast mInsertName:4
02-27 12:00:39.400 D/SendBroadcastHandler(14605): (insert) sendBroadcast mInsertNameDetail:4
02-27 12:00:39.400 D/SendBroadcastHandler(14605): sendBroadcast insert to voice agent
02-27 12:00:40.290 D/AsusContactWigdetSync( 1102): sync start
02-27 12:00:40.300 D/AsusContactWigdetSync( 1102): sync selection = null
02-27 12:00:40.300 D/AsusContactWigdetSync( 1102): sync delete selection = contact_id IN ( 137, 136, 135, 134)
02-27 12:00:40.300 D/AsusContactWigdetSync(14662): sync start
02-27 12:00:40.300 D/AsusContactWigdetSync(14662): sync selection = null
02-27 12:00:40.300 D/AsusContactWigdetSync(14662): sync delete selection = contact_id IN ( 137, 136, 135, 134)
02-27 12:00:40.300 D/AsusContactWigdetSync( 1102): sync stop
02-27 12:00:40.300 D/AsusContactWigdetSync(14662): sync stop
02-27 12:00:40.300 V/ActivityManager(  515): Remove bg service from mStartingBackground ,r=ServiceRecord{22134e40 u0 com.asus.contacts/com.android.contacts.miniwidget.SyncService},r used time=1017,left r count=1
02-27 12:00:40.310 V/ActivityManager(  515): Remove bg service from mStartingBackground ,r=ServiceRecord{22103a20 u0 com.asus.contactswidget/.SyncService},r used time=1013,left r count=0
02-27 12:00:40.360 V/ActivityManager(  515): Remove bg service from mStartingBackground ,r=ServiceRecord{220e78d8 u0 com.android.providers.calendar/.ContactsEventUpdateIntentService},r used time=40,left r count=1
02-27 12:00:41.360 I/CalendarProvider2(14638): Sending notification intent: Intent { act=android.intent.action.PROVIDER_CHANGED dat=content://com.android.calendar }
02-27 12:00:41.360 W/ContentResolver(14638): Failed to get type for: content://com.android.calendar (Unknown URL content://com.android.calendar)
02-27 12:00:41.360 D/AlertReceiver(14675): onReceive: a=android.intent.action.PROVIDER_CHANGED Intent { act=android.intent.action.PROVIDER_CHANGED dat=content://com.android.calendar flg=0x10 cmp=com.asus.calendar/com.android.calendar.alerts.AlertReceiver }
02-27 12:00:41.360 V/ActivityManager(  515): Remove bg service from mStartingBackground ,r=ServiceRecord{220e10f0 u0 com.android.providers.calendar/.EmptyService},r used time=1007,left r count=0
02-27 12:00:41.370 D/AlertService(14675): 0 Action = android.intent.action.PROVIDER_CHANGED
02-27 12:00:41.370 D/AlertService(14675): Beginning updateAlertNotification
02-27 12:00:41.400 D/AlertService(14675): No fired or scheduled alerts
02-27 12:00:41.410 D/BatteryStatsImpl(  515): noteStopWakeLocked com.asus.calendar isFromForeground = false
02-27 12:00:41.410 V/ActivityManager(  515): Remove bg service from mStartingBackground ,r=ServiceRecord{220a18a0 u0 com.asus.calendar/com.android.calendar.alerts.AlertService},r used time=37,left r count=0
02-27 12:00:41.430 W/BindingManager(14392): Cannot call determinedVisibility() - never saw a connection for the pid: 14392
02-27 12:00:41.460 D/SendBroadcastHandler(14605): startTimer() SEND_TO_CONTACTS_WIDGET_DELETE 
02-27 12:00:41.560 I/chromium(14392): [INFO:CONSOLE(70)] "WARNING: Message from backend doesn't have data.", source:  (70)
02-27 12:00:41.590 D/SendBroadcastHandler(14605): startTimer() SEND_TO_CONTACTS_INSERT 
02-27 12:00:42.060 W/BindingManager(14392): Cannot call determinedVisibility() - never saw a connection for the pid: 14392
02-27 12:00:42.190 I/chromium(14392): [INFO:CONSOLE(70)] "WARNING: Message from backend doesn't have data.", source:  (70)
02-27 12:00:42.240 I/WifiHW  (  515): CMD: IFNAME=wlan0 SIGNAL_POLL
02-27 12:00:42.240 D/wpa_supplicant(  628): RX ctrl_iface - hexdump(len=11): 53 49 47 4e 41 4c 5f 50 4f 4c 4c
02-27 12:00:42.240 D/wpa_supplicant(  628): wlan0: Control interface command 'SIGNAL_POLL'
02-27 12:00:42.260 D/wpa_supplicant(  628): nl80211: survey data missing!
02-27 12:00:42.260 I/WifiHW  (  515): REPLY: RSSI=-52
02-27 12:00:42.260 I/WifiHW  (  515): REPLY: LINKSPEED=65
02-27 12:00:42.260 I/WifiHW  (  515): REPLY: NOISE=9999
02-27 12:00:42.260 I/WifiHW  (  515): REPLY: FREQUENCY=2462
02-27 12:00:42.420 D/dalvikvm(  515): GC_EXPLICIT freed 111K, 49% free 19312K/37668K, paused 2ms+4ms, total 47ms
02-27 12:00:42.720 W/BindingManager(14392): Cannot call determinedVisibility() - never saw a connection for the pid: 14392
02-27 12:00:42.850 I/chromium(14392): [INFO:CONSOLE(70)] "WARNING: Message from backend doesn't have data.", source:  (70)
02-27 12:00:42.950 D/BatteryStatsImpl(  515): noteStopWakeLocked system isFromForeground = false
02-27 12:00:42.950 D/AlarmManager(  515): Triggered Alarm 21fdebb8 ELAPSED_REALTIME_WAKEUP IntentSender{2225a668: PendingIntentRecord{22341ef8 com.android.providers.calendar broadcastIntent}}
02-27 12:00:42.960 D/AlarmManager(  515): Removed alarm Alarm{21fbddf0 type 0 com.android.providers.calendar} type:RTC_WAKEUP
02-27 12:00:42.960 D/AlarmManager(  515): Added alarm Alarm{22149428 type 0 com.baidu.appsearch} type:RTC_WAKEUP when: At 15-2-27 下午12:02 repeatInterval: 0h:10m:0.0s
02-27 12:00:42.960 D/AlarmManager(  515): Added alarm Alarm{221254c0 type 0 com.mgyapp.android} type:RTC_WAKEUP when: At 15-2-27 下午12:03 repeatInterval: 0h:5m:0.0s
02-27 12:00:42.960 D/AlarmManager(  515): Added alarm Alarm{22106340 type 0 com.mgyapp.android} type:RTC_WAKEUP when: At 15-2-27 下午12:03 repeatInterval: 0h:5m:0.0s
02-27 12:00:42.970 D/AlarmManager(  515): Added alarm Alarm{220a46c8 type 0 com.asus.cm} type:RTC_WAKEUP when: At 15-2-27 下午12:34
02-27 12:00:42.970 D/AlarmManager(  515): Added alarm Alarm{2209a890 type 0 com.shuame.sprite} type:RTC_WAKEUP when: At 15-2-27 下午12:42 repeatInterval: 3h:0m:0.0s
02-27 12:00:42.970 D/AlarmManager(  515): Added alarm Alarm{22083948 type 0 com.shuame.sprite} type:RTC_WAKEUP when: At 15-2-27 下午12:43 repeatInterval: 3h:0m:0.0s
02-27 12:00:42.970 D/AlarmManager(  515): Added alarm Alarm{220814d8 type 0 com.shuame.sprite} type:RTC_WAKEUP when: At 15-2-27 下午12:43 repeatInterval: 3h:0m:0.0s
02-27 12:00:42.970 D/AlarmManager(  515): Added alarm Alarm{22062550 type 0 com.shuame.sprite} type:RTC_WAKEUP when: At 15-2-27 下午1:43 repeatInterval: 4h:0m:0.0s
02-27 12:00:42.970 D/AlarmManager(  515): Added alarm Alarm{22052d40 type 0 com.shuame.sprite} type:RTC_WAKEUP when: At 15-2-27 下午1:43 repeatInterval: 4h:0m:0.0s
02-27 12:00:42.980 D/AlarmManager(  515): Added alarm Alarm{22031390 type 0 com.shuame.sprite} type:RTC_WAKEUP when: At 15-2-27 下午2:32 repeatInterval: 24h:0m:0.0s
02-27 12:00:42.990 D/AlarmManager(  515): Added alarm Alarm{220023f0 type 0 com.wandoujia.phoenix2} type:RTC_WAKEUP when: At 15-2-28 下午6:38
02-27 12:00:42.990 D/AlarmManager(  515): Added alarm Alarm{21ffa150 type 0 com.android.providers.calendar} type:RTC_WAKEUP when: At 15-2-28 上午10:01
02-27 12:00:43.000 D/BatteryStatsImpl(  515): noteStopWakeLocked com.android.providers.calendar isFromForeground = false
02-27 12:00:43.000 V/ActivityManager(  515): Remove bg service from mStartingBackground ,r=ServiceRecord{221a4d40 u0 com.android.providers.calendar/.CalendarProviderIntentService},r used time=45,left r count=0
02-27 12:00:43.360 W/BindingManager(14392): Cannot call determinedVisibility() - never saw a connection for the pid: 14392
02-27 12:00:43.490 I/chromium(14392): [INFO:CONSOLE(70)] "WARNING: Message from backend doesn't have data.", source:  (70)
02-27 12:00:43.520 V/ActivityManager(  515): Remove bg service from mStartingBackground ,r=ServiceRecord{220690f8 u0 com.android.providers.calendar/.ContactsEventUpdateIntentService},r used time=50,left r count=1
02-27 12:00:43.530 I/        (14605): len(name) > MAX_NAME_SIZE, shorten it
02-27 12:00:44.000 W/BindingManager(14392): Cannot call determinedVisibility() - never saw a connection for the pid: 14392
02-27 12:00:44.130 I/chromium(14392): [INFO:CONSOLE(70)] "WARNING: Message from backend doesn't have data.", source:  (70)
02-27 12:00:44.470 D/SendBroadcastHandler(14605): mTimerTask sendMessage CONTACTS_DELETE 
02-27 12:00:44.470 D/SendBroadcastHandler(14605): sendBroadcast delete to voice agent
02-27 12:00:44.470 D/SendBroadcastHandler(14605): (Delete) sendBroadcast mDeleteContacts:5
02-27 12:00:44.470 D/SendBroadcastHandler(14605): (Delete) sendBroadcast mDeleteRawContactsVoice:5
02-27 12:00:44.470 D/SendBroadcastHandler(14605): sendBroadcast CONTACTS_DELETE
02-27 12:00:44.480 D/AsusContactWigdetSync( 1102): ready to sync contact id = 5
02-27 12:00:44.480 D/AsusContactWigdetSync( 1102): ready to sync widget
02-27 12:00:44.490 D/AsusContactWigdetSync( 1102): delete contact_id = 138
02-27 12:00:44.490 D/AsusContactWigdetSync( 1102): delete contact_id = 139
02-27 12:00:44.490 D/AsusContactWigdetSync( 1102): delete contact_id = 140
02-27 12:00:44.490 D/AsusContactWigdetSync( 1102): delete contact_id = 141
02-27 12:00:44.490 D/AsusContactWigdetSync( 1102): delete contact_id = 142
02-27 12:00:44.490 D/AsusContactWigdetSync( 1102): sync isdelete = true
02-27 12:00:44.490 D/AsusContactWigdetSync(14662): ready to sync contact id = 5
02-27 12:00:44.490 D/AsusContactWigdetSync(14662): ready to sync widget
02-27 12:00:44.490 D/AsusContactWigdetSync(14662): delete contact_id = 138
02-27 12:00:44.490 D/AsusContactWigdetSync(14662): delete contact_id = 139
02-27 12:00:44.490 D/AsusContactWigdetSync(14662): delete contact_id = 140
02-27 12:00:44.490 D/AsusContactWigdetSync(14662): delete contact_id = 141
02-27 12:00:44.490 D/AsusContactWigdetSync(14662): delete contact_id = 142
02-27 12:00:44.490 D/AsusContactWigdetSync(14662): sync isdelete = true
02-27 12:00:44.520 I/CalendarProvider2(14638): Sending notification intent: Intent { act=android.intent.action.PROVIDER_CHANGED dat=content://com.android.calendar }
02-27 12:00:44.520 W/ContentResolver(14638): Failed to get type for: content://com.android.calendar (Unknown URL content://com.android.calendar)
02-27 12:00:44.520 D/AlertReceiver(14675): onReceive: a=android.intent.action.PROVIDER_CHANGED Intent { act=android.intent.action.PROVIDER_CHANGED dat=content://com.android.calendar flg=0x10 cmp=com.asus.calendar/com.android.calendar.alerts.AlertReceiver }
02-27 12:00:44.520 D/AlertService(14675): 0 Action = android.intent.action.PROVIDER_CHANGED
02-27 12:00:44.520 V/ActivityManager(  515): Remove bg service from mStartingBackground ,r=ServiceRecord{21fcdbb8 u0 com.android.providers.calendar/.EmptyService},r used time=1005,left r count=2
02-27 12:00:44.530 D/AlertService(14675): Beginning updateAlertNotification
02-27 12:00:44.530 D/AlertService(14675): No fired or scheduled alerts
02-27 12:00:44.540 D/BatteryStatsImpl(  515): noteStopWakeLocked com.asus.calendar isFromForeground = false
02-27 12:00:44.540 V/ActivityManager(  515): Remove bg service from mStartingBackground ,r=ServiceRecord{21fe9850 u0 com.asus.calendar/com.android.calendar.alerts.AlertService},r used time=17,left r count=2
02-27 12:00:44.590 D/SendBroadcastHandler(14605): mTimerTask sendMessage CONTACTS_INSERT 
02-27 12:00:44.590 D/SendBroadcastHandler(14605): (insert) sendBroadcast mInsertRawContacts:5
02-27 12:00:44.590 D/SendBroadcastHandler(14605): (insert) sendBroadcast mInsertName:5
02-27 12:00:44.590 D/SendBroadcastHandler(14605): (insert) sendBroadcast mInsertNameDetail:5
02-27 12:00:44.590 D/SendBroadcastHandler(14605): sendBroadcast insert to voice agent
02-27 12:00:44.590 W/BindingManager(14392): Cannot call determinedVisibility() - never saw a connection for the pid: 14392
02-27 12:00:44.630 D/SendBroadcastHandler(14605): startTimer() SEND_TO_CONTACTS_WIDGET_DELETE 
02-27 12:00:44.750 I/chromium(14392): [INFO:CONSOLE(70)] "WARNING: Message from backend doesn't have data.", source:  (70)
02-27 12:00:44.780 D/dalvikvm(14392): GC_EXPLICIT freed 801K, 20% free 7039K/8728K, paused 0ms+2ms, total 15ms
02-27 12:00:44.810 D/SendBroadcastHandler(14605): startTimer() SEND_TO_CONTACTS_INSERT 
02-27 12:00:45.250 W/BindingManager(14392): Cannot call determinedVisibility() - never saw a connection for the pid: 14392
02-27 12:00:45.260 I/WifiHW  (  515): CMD: IFNAME=wlan0 SIGNAL_POLL
02-27 12:00:45.260 D/wpa_supplicant(  628): RX ctrl_iface - hexdump(len=11): 53 49 47 4e 41 4c 5f 50 4f 4c 4c
02-27 12:00:45.260 D/wpa_supplicant(  628): wlan0: Control interface command 'SIGNAL_POLL'
02-27 12:00:45.290 D/wpa_supplicant(  628): nl80211: survey data missing!
02-27 12:00:45.290 I/WifiHW  (  515): REPLY: RSSI=-49
02-27 12:00:45.290 I/WifiHW  (  515): REPLY: LINKSPEED=65
02-27 12:00:45.290 I/WifiHW  (  515): REPLY: NOISE=9999
02-27 12:00:45.290 I/WifiHW  (  515): REPLY: FREQUENCY=2462
02-27 12:00:45.390 I/chromium(14392): [INFO:CONSOLE(70)] "WARNING: Message from backend doesn't have data.", source:  (70)
02-27 12:00:45.490 D/AsusContactWigdetSync( 1102): sync start
02-27 12:00:45.490 D/AsusContactWigdetSync( 1102): sync selection = null
