02-27 14:24:16.212 I/chromium(14113): [INFO:CONSOLE(1)] "Uncaught SyntaxError: Unexpected token :", source: http://127.0.0.1:8080/opt/webapi-resourcetiming-w3c-tests/resourcetiming/w3c/submission/resources/generate_resource.cgi?types=script&id=7 (1)
02-27 14:24:16.212 I/chromium(14113): [INFO:CONSOLE(1)] "Uncaught SyntaxError: Unexpected token :", source: http://127.0.0.1:8080/opt/webapi-resourcetiming-w3c-tests/resourcetiming/w3c/submission/resources/generate_resource.cgi?types=script&id=8 (1)
02-27 14:24:16.212 I/chromium(14113): [INFO:CONSOLE(1)] "Uncaught SyntaxError: Unexpected token :", source: http://127.0.0.1:8080/opt/webapi-resourcetiming-w3c-tests/resourcetiming/w3c/submission/resources/generate_resource.cgi?types=script&id=6 (1)
02-27 14:24:16.982 I/WifiHW  (  505): CMD: IFNAME=wlan0 SIGNAL_POLL
02-27 14:24:16.982 D/wpa_supplicant(  711): RX ctrl_iface - hexdump(len=11): 53 49 47 4e 41 4c 5f 50 4f 4c 4c
02-27 14:24:16.982 D/wpa_supplicant(  711): wlan0: Control interface command 'SIGNAL_POLL'
02-27 14:24:17.012 D/wpa_supplicant(  711): nl80211: survey data missing!
02-27 14:24:17.012 I/WifiHW  (  505): REPLY: RSSI=-68
02-27 14:24:17.012 I/WifiHW  (  505): REPLY: LINKSPEED=65
02-27 14:24:17.012 I/WifiHW  (  505): REPLY: NOISE=9999
02-27 14:24:17.012 I/WifiHW  (  505): REPLY: FREQUENCY=2437
02-27 14:24:17.632 W/ufoGralloc(  171): registerBuffer() handle 0xb8f71c50/110 didn't require registration
02-27 14:24:17.662 D/WindowManager(  505): adjustConfigurationLw, config:{1.0 ?mcc?mnc ?locale ?layoutDir sw600dp w961dp h528dp 213dpi lrg land ?uimode ?night finger -keyb/v/h -nav/v} mLidState:1 mHasDockFeature:false mHasKeyboardFeature:false mHasHallSensorFeature:true config.hardKeyboardHidden:2
02-27 14:24:17.662 I/ActivityManager(  505): [TopPkgCurBat]	NowPkgName[com.asus.launcher]	Battery[34]	TimeTick[1425018257677]	OldPkgName[org.xwalk.webapi_service_tests]
02-27 14:24:17.672 V/WeatherTimeProvider( 1093): widget on Visibility Changed
02-27 14:24:17.682 D/        (  674): Pixel Format : GGL_PIXEL_FORMAT_RGBA_8888
02-27 14:24:17.692 W/IInputConnectionWrapper(14113): showStatusIcon on inactive InputConnection
02-27 14:24:17.692 D/XT9IME  (  725): new subtype :zh_CN ,pinyin
02-27 14:24:17.712 D/ImageWallpaper(  569): onVisibilityChanged: mVisible, visible=false, true
02-27 14:24:17.712 D/BatteryStatsImpl(  505): noteStopWakeLocked system isFromForeground = false
02-27 14:24:17.712 D/ImageWallpaper(  569): Visibility changed to visible=true
02-27 14:24:17.712 D/ImageWallpaper(  569): Suppressed drawFrame since redraw is not needed and offsets have not changed.
02-27 14:24:17.732 D/        (14113): Surface destroy: ANDROID_NATIVE_WINDOW_MAGIC
02-27 14:24:17.732 D/        (14113): Surface destroy: ANDROID_NATIVE_WINDOW_MAGIC
02-27 14:24:18.132 D/        (14113): Pixel Format : GGL_PIXEL_FORMAT_RGBA_8888
02-27 14:24:18.142 W/SurfaceFlinger(  171): couldn't log to binary event log: overflow.
02-27 14:24:18.152 W/ScreenOrientationListener(14113): Removing an inexistent observer!
02-27 14:24:19.182 D/AndroidRuntime(14636): 
02-27 14:24:19.182 D/AndroidRuntime(14636): >>>>>> AndroidRuntime START com.android.internal.os.RuntimeInit <<<<<<
02-27 14:24:19.182 D/AndroidRuntime(14636): CheckJNI is OFF
02-27 14:24:19.182 I/AndroidRuntime(14636): Kernel Release Version: 3.10.20-gf818079
02-27 14:24:19.182 I/dalvikvm(14636): No library specified. The standard exception handler will be used
02-27 14:24:19.182 I/dalvikvm(14636): 
02-27 14:24:19.182 I/dalvikvm(14636): +++++++++++++ Using PCG. +++++++++++++++++++++
02-27 14:24:19.192 D/dalvikvm(14636): Trying to load lib libjavacore.so 0x0
02-27 14:24:19.192 D/dalvikvm(14636): Added shared lib libjavacore.so 0x0
02-27 14:24:19.192 D/dalvikvm(14636): Trying to load lib libnativehelper.so 0x0
02-27 14:24:19.192 D/dalvikvm(14636): Added shared lib libnativehelper.so 0x0
02-27 14:24:19.192 D/dalvikvm(14636): No JNI_OnLoad found in libnativehelper.so 0x0, skipping init
02-27 14:24:19.202 D/dalvikvm(14636): Extra Options: not specified
02-27 14:24:19.212 D/dalvikvm(14636): Note: class Landroid/app/ActivityManagerNative; has 186 unimplemented (abstract) methods
02-27 14:24:19.282 E/memtrack(14636): Couldn't load memtrack module (No such file or directory)
02-27 14:24:19.282 E/android.os.Debug(14636): failed to load memtrack module: -2
02-27 14:24:19.322 D/AndroidRuntime(14636): Calling main entry com.android.commands.am.Am
02-27 14:24:19.342 I/ActivityManager(  505): Force stopping org.xwalk.webapi_service_tests appid=10093 user=0: from pid 14636
02-27 14:24:19.342 I/ActivityManager(  505): Killing 14113:org.xwalk.webapi_service_tests/u0a93 (adj 9): stop org.xwalk.webapi_service_tests
02-27 14:24:19.352 I/SecurityManagerService(  600): SMS received security event: App[STOP/org.xwalk.webapi_service_tests]
02-27 14:24:19.352 D/AndroidRuntime(14636): Shutting down VM
02-27 14:24:19.352 D/dalvikvm(14636): GC_CONCURRENT freed 112K, 16% free 666K/792K, paused 1ms+0ms, total 2ms
02-27 14:24:19.362 D/dalvikvm(14636): Compiler shutdown in progress - discarding request
02-27 14:24:19.362 D/dalvikvm(14636): Compiler shutdown in progress - discarding request
02-27 14:24:19.362 D/dalvikvm(14636): Compiler shutdown in progress - discarding request
02-27 14:24:19.362 D/dalvikvm(14636): Compiler shutdown in progress - discarding request
02-27 14:24:19.362 D/dalvikvm(14636): Compiler shutdown in progress - discarding request
02-27 14:24:19.362 D/dalvikvm(14636): Compiler shutdown in progress - discarding request
02-27 14:24:19.362 D/dalvikvm(14636): Compiler shutdown in progress - discarding request
02-27 14:24:19.362 D/dalvikvm(14636): Compiler shutdown in progress - discarding request
02-27 14:24:19.362 D/dalvikvm(14636): Compiler shutdown in progress - discarding request
02-27 14:24:19.362 D/dalvikvm(14636): Compiler shutdown in progress - discarding request
02-27 14:24:19.362 D/dalvikvm(14636): Compiler shutdown in progress - discarding request
02-27 14:24:19.362 D/dalvikvm(14636): Compiler shutdown in progress - discarding request
02-27 14:24:19.362 D/dalvikvm(14636): Compiler shutdown in progress - discarding request
02-27 14:24:19.362 D/dalvikvm(14636): Compiler shutdown in progress - discarding request
02-27 14:24:19.362 D/dalvikvm(14636): Compiler shutdown in progress - discarding request
02-27 14:24:19.362 D/dalvikvm(14636): Compiler shutdown in progress - discarding request
02-27 14:24:19.362 D/dalvikvm(14636): Compiler shutdown in progress - discarding request
02-27 14:24:19.362 D/dalvikvm(14636): Compiler shutdown in progress - discarding request
02-27 14:24:19.362 D/dalvikvm(14636): Compiler shutdown in progress - discarding request
02-27 14:24:19.362 D/dalvikvm(14636): Compiler shutdown in progress - discarding request
02-27 14:24:19.362 D/dalvikvm(14636): Compiler shutdown in progress - discarding request
02-27 14:24:19.362 D/dalvikvm(14636): Compiler shutdown in progress - discarding request
02-27 14:24:19.362 D/dalvikvm(14636): Compiler shutdown in progress - discarding request
02-27 14:24:19.362 D/dalvikvm(14636): Compiler shutdown in progress - discarding request
02-27 14:24:19.362 D/dalvikvm(14636): Compiler shutdown in progress - discarding request
02-27 14:24:19.362 D/dalvikvm(14636): Compiler shutdown in progress - discarding request
02-27 14:24:19.362 D/dalvikvm(14636): Compiler shutdown in progress - discarding request
02-27 14:24:19.362 D/dalvikvm(14636): Compiler shutdown in progress - discarding request
02-27 14:24:19.362 D/dalvikvm(14636): Compiler shutdown in progress - discarding request
02-27 14:24:19.362 D/dalvikvm(14636): Compiler shutdown in progress - discarding request
02-27 14:24:19.362 D/dalvikvm(14636): Compiler shutdown in progress - discarding request
02-27 14:24:19.362 D/dalvikvm(14636): Compiler shutdown in progress - discarding request
02-27 14:24:19.362 D/dalvikvm(14636): Compiler shutdown in progress - discarding request
02-27 14:24:19.362 D/dalvikvm(14636): Compiler shutdown in progress - discarding request
02-27 14:24:19.362 D/dalvikvm(14636): Compiler shutdown in progress - discarding request
02-27 14:24:19.362 D/dalvikvm(14636): Compiler shutdown in progress - discarding request
02-27 14:24:19.362 D/dalvikvm(14636): Compiler shutdown in progress - discarding request
02-27 14:24:19.362 D/dalvikvm(14636): Compiler shutdown in progress - discarding request
02-27 14:24:19.362 D/dalvikvm(14636): Compiler shutdown in progress - discarding request
02-27 14:24:19.362 D/dalvikvm(14636): Compiler shutdown in progress - discarding request
02-27 14:24:19.362 D/dalvikvm(14636): Compiler shutdown in progress - discarding request
02-27 14:24:19.362 D/dalvikvm(14636): Compiler shutdown in progress - discarding request
02-27 14:24:19.362 D/dalvikvm(14636): Compiler shutdown in progress - discarding request
02-27 14:24:19.362 D/dalvikvm(14636): Compiler shutdown in progress - discarding request
02-27 14:24:19.362 D/dalvikvm(14636): Compiler shutdown in progress - discarding request
