03-04 10:03:05.009 I/WifiHW  (  505): REPLY: bssid=22:48:9a:ac:31:7f
03-04 10:03:05.009 I/WifiHW  (  505): REPLY: freq=2437
03-04 10:03:05.009 I/WifiHW  (  505): REPLY: level=-67
03-04 10:03:05.009 I/WifiHW  (  505): REPLY: tsf=0000001855212944
03-04 10:03:05.009 I/WifiHW  (  505): REPLY: flags=[WPA2-PSK-CCMP][ESS]
03-04 10:03:05.009 I/WifiHW  (  505): REPLY: ssid=WiFi874
03-04 10:03:05.009 I/WifiHW  (  505): REPLY: ====
03-04 10:03:05.009 I/WifiHW  (  505): REPLY: id=111
03-04 10:03:05.009 I/WifiHW  (  505): REPLY: bssid=24:05:0f:2e:8a:21
03-04 10:03:05.009 I/WifiHW  (  505): REPLY: freq=2412
03-04 10:03:05.009 I/WifiHW  (  505): REPLY: level=-85
03-04 10:03:05.009 I/WifiHW  (  505): REPLY: tsf=0000001855212939
03-04 10:03:05.009 I/WifiHW  (  505): REPLY: flags=[WPA-PSK-CCMP][WPA2-PSK-CCMP][ESS]
03-04 10:03:05.009 I/WifiHW  (  505): REPLY: ssid=Online_360_m
03-04 10:03:05.009 I/WifiHW  (  505): REPLY: ####
03-04 10:03:05.619 W/BindingManager( 3421): Cannot call determinedVisibility() - never saw a connection for the pid: 3421
03-04 10:03:05.659 E/chromium( 3421): [ERROR:sandbox_directory_database.cc(923)] Can't remove a directory with children.
03-04 10:03:06.059 D/EVENT_THREAD(  182): void CEventThread::run() POLLIN event on Fd (1)
03-04 10:03:06.059 D/EVENT_THREAD(  182): void CEventThread::run() Do poll with timeout: -1
03-04 10:03:06.059 I/upi_ug31xx(  165): (134) update_capacity
03-04 10:03:06.059 I/[UPI]   (  165): <UG31/E>[UpiReadCapacity]: V=3841(3837), T=341(343-396), I=-509, C=-3(-3-0)
03-04 10:03:06.059 I/[UPI]   (  165): <UG31/E>[UpiReadCapacity]: (0x0001254a) 1981 (2040) / 3602 (4028) = 55
03-04 10:03:06.059 I/[UPI]   (  165): <UG31/E>[UpiReadCapacity]: (0x0001254a) 1981 (2040) / 3602 (4028) = 55
03-04 10:03:06.059 I/[UPI]   (  165): <UG31/E>[UpiReadCapacity]: (0x0001254a) 1978 (1978) / 3602 (4028) = 55
03-04 10:03:06.059 I/[UPI]   (  165): <UG31/E>[RsocFilterCountTime]: (0x0001254a) Step=5(333600), Full=5(333600), Lock=333600(1800000)
03-04 10:03:06.059 I/[UPI]   (  165): <UG31/E>[UpiReadCapacity]: (0x0001254a) 1978 (1978) / 3602 (4028) = 55 (-509--509)
03-04 10:03:06.059 I/[UPI]   (  165): <UG31/E><BATT> M:normal, P:55(55-55)%, V:3836mV, C:-728mA, T:34.3C(396), S:0x0001254a(000), R:1978mAh, F:3602mAh, Q:-106mAh, CC:4, P:30.320(106-0)s, BO:7, 97:615:0-44af-9m:B001-20140514-144301 (16)
03-04 10:03:06.069 D/EVENT_THREAD(  182): void CEventThread::run() POLLIN event on Fd (1)
03-04 10:03:06.069 D/EVENT_THREAD(  182): void CEventThread::run() Do poll with timeout: -1
03-04 10:03:06.119 I/upi_ug31xx(  165): (135) backup_data 
03-04 10:03:06.119 V/upi_ug31xx(  165): state->check_backup_count = 9
03-04 10:03:06.279 W/BindingManager( 3421): Cannot call determinedVisibility() - never saw a connection for the pid: 3421
03-04 10:03:06.979 W/BindingManager( 3421): Cannot call determinedVisibility() - never saw a connection for the pid: 3421
03-04 10:03:08.639 W/ufoGralloc(  170): registerBuffer() handle 0xb9603e70/52 didn't require registration
03-04 10:03:08.659 D/CordovaActivity( 3421): Paused the application!
03-04 10:03:08.659 D/CordovaWebView( 3421): Handle the pause
03-04 10:03:08.659 D/WindowManager(  505): adjustConfigurationLw, config:{1.0 ?mcc?mnc ?locale ?layoutDir sw600dp w600dp h888dp 213dpi lrg port ?uimode ?night finger -keyb/v/h -nav/v} mLidState:1 mHasDockFeature:false mHasKeyboardFeature:false mHasHallSensorFeature:true config.hardKeyboardHidden:2
03-04 10:03:08.659 I/ActivityManager(  505): [TopPkgCurBat]	NowPkgName[com.asus.launcher]	Battery[55]	TimeTick[1425434588674]	OldPkgName[org.xwalk.webapi_noneservice_tests]
03-04 10:03:08.679 I/chromium( 3421): [INFO:CONSOLE(1)] "exception firing pause event from native", source:  (1)
03-04 10:03:08.679 V/WeatherTimeProvider( 1102): widget on Visibility Changed
03-04 10:03:08.689 D/        (  696): Pixel Format : GGL_PIXEL_FORMAT_RGBA_8888
03-04 10:03:08.699 W/IInputConnectionWrapper( 3421): showStatusIcon on inactive InputConnection
03-04 10:03:08.699 D/XT9IME  (  728): new subtype :en_US ,keyboard
03-04 10:03:08.729 D/ImageWallpaper(  571): onVisibilityChanged: mVisible, visible=false, true
03-04 10:03:08.729 D/BatteryStatsImpl(  505): noteStopWakeLocked system isFromForeground = false
03-04 10:03:08.729 D/ImageWallpaper(  571): Visibility changed to visible=true
03-04 10:03:08.729 D/ImageWallpaper(  571): Suppressed drawFrame since redraw is not needed and offsets have not changed.
03-04 10:03:08.739 D/        ( 3421): Surface destroy: ANDROID_NATIVE_WINDOW_MAGIC
03-04 10:03:08.749 D/        ( 3421): Surface destroy: ANDROID_NATIVE_WINDOW_MAGIC
03-04 10:03:08.809 D/AndroidRuntime( 4171): 
03-04 10:03:08.809 D/AndroidRuntime( 4171): >>>>>> AndroidRuntime START com.android.internal.os.RuntimeInit <<<<<<
03-04 10:03:08.809 D/AndroidRuntime( 4171): CheckJNI is OFF
03-04 10:03:08.809 I/AndroidRuntime( 4171): Kernel Release Version: 3.10.20-gf818079
03-04 10:03:08.809 I/dalvikvm( 4171): No library specified. The standard exception handler will be used
03-04 10:03:08.809 I/dalvikvm( 4171): 
03-04 10:03:08.809 I/dalvikvm( 4171): +++++++++++++ Using PCG. +++++++++++++++++++++
03-04 10:03:08.819 D/dalvikvm( 4171): Trying to load lib libjavacore.so 0x0
03-04 10:03:08.819 D/dalvikvm( 4171): Added shared lib libjavacore.so 0x0
03-04 10:03:08.829 D/dalvikvm( 4171): Trying to load lib libnativehelper.so 0x0
03-04 10:03:08.829 D/dalvikvm( 4171): Added shared lib libnativehelper.so 0x0
03-04 10:03:08.829 D/dalvikvm( 4171): No JNI_OnLoad found in libnativehelper.so 0x0, skipping init
03-04 10:03:08.829 D/dalvikvm( 4171): Extra Options: not specified
03-04 10:03:08.859 D/dalvikvm( 4171): Note: class Landroid/app/ActivityManagerNative; has 186 unimplemented (abstract) methods
03-04 10:03:08.929 E/memtrack( 4171): Couldn't load memtrack module (No such file or directory)
03-04 10:03:08.929 E/android.os.Debug( 4171): failed to load memtrack module: -2
03-04 10:03:08.959 D/AndroidRuntime( 4171): Calling main entry com.android.commands.am.Am
03-04 10:03:08.989 I/ActivityManager(  505): Force stopping org.xwalk.webapi_noneservice_tests appid=10388 user=0: from pid 4171
03-04 10:03:08.989 I/SecurityManagerService(  602): SMS received security event: App[STOP/org.xwalk.webapi_noneservice_tests]
03-04 10:03:08.989 D/AndroidRuntime( 4171): Shutting down VM
03-04 10:03:08.989 I/ActivityManager(  505): Killing 3421:org.xwalk.webapi_noneservice_tests/u0a388 (adj 1): stop org.xwalk.webapi_noneservice_tests
03-04 10:03:08.999 D/dalvikvm( 4171): GC_CONCURRENT freed 112K, 16% free 666K/792K, paused 1ms+0ms, total 2ms
03-04 10:03:09.009 D/dalvikvm( 4171): Compiler shutdown in progress - discarding request
03-04 10:03:09.009 D/dalvikvm( 4171): Compiler shutdown in progress - discarding request
03-04 10:03:09.009 D/dalvikvm( 4171): Compiler shutdown in progress - discarding request
03-04 10:03:09.009 D/dalvikvm( 4171): Compiler shutdown in progress - discarding request
03-04 10:03:09.009 D/dalvikvm( 4171): Compiler shutdown in progress - discarding request
03-04 10:03:09.009 D/dalvikvm( 4171): Compiler shutdown in progress - discarding request
03-04 10:03:09.009 D/dalvikvm( 4171): Compiler shutdown in progress - discarding request
03-04 10:03:09.009 D/dalvikvm( 4171): Compiler shutdown in progress - discarding request
03-04 10:03:09.009 D/dalvikvm( 4171): Compiler shutdown in progress - discarding request
03-04 10:03:09.009 D/dalvikvm( 4171): Compiler shutdown in progress - discarding request
03-04 10:03:09.009 D/dalvikvm( 4171): Compiler shutdown in progress - discarding request
03-04 10:03:09.009 D/dalvikvm( 4171): Compiler shutdown in progress - discarding request
03-04 10:03:09.009 D/dalvikvm( 4171): Compiler shutdown in progress - discarding request
03-04 10:03:09.009 D/dalvikvm( 4171): Compiler shutdown in progress - discarding request
03-04 10:03:09.009 D/dalvikvm( 4171): Compiler shutdown in progress - discarding request
03-04 10:03:09.009 D/dalvikvm( 4171): Compiler shutdown in progress - discarding request
03-04 10:03:09.009 D/dalvikvm( 4171): Compiler shutdown in progress - discarding request
03-04 10:03:09.009 D/dalvikvm( 4171): Compiler shutdown in progress - discarding request
03-04 10:03:09.009 D/dalvikvm( 4171): Compiler shutdown in progress - discarding request
03-04 10:03:09.009 D/dalvikvm( 4171): Compiler shutdown in progress - discarding request
03-04 10:03:09.009 D/dalvikvm( 4171): Compiler shutdown in progress - discarding request
03-04 10:03:09.009 D/dalvikvm( 4171): Compiler shutdown in progress - discarding request
03-04 10:03:09.009 D/dalvikvm( 4171): Compiler shutdown in progress - discarding request
03-04 10:03:09.009 D/dalvikvm( 4171): Compiler shutdown in progress - discarding request
03-04 10:03:09.009 D/dalvikvm( 4171): Compiler shutdown in progress - discarding request
03-04 10:03:09.009 D/dalvikvm( 4171): Compiler shutdown in progress - discarding request
03-04 10:03:09.009 D/dalvikvm( 4171): Compiler shutdown in progress - discarding request
03-04 10:03:09.009 D/dalvikvm( 4171): Compiler shutdown in progress - discarding request
03-04 10:03:09.009 D/dalvikvm( 4171): Compiler shutdown in progress - discarding request
03-04 10:03:09.009 D/dalvikvm( 4171): Compiler shutdown in progress - discarding request
03-04 10:03:09.009 D/dalvikvm( 4171): Compiler shutdown in progress - discarding request
03-04 10:03:09.009 D/dalvikvm( 4171): Compiler shutdown in progress - discarding request
03-04 10:03:09.009 D/dalvikvm( 4171): Compiler shutdown in progress - discarding request
03-04 10:03:09.009 D/dalvikvm( 4171): Compiler shutdown in progress - discarding request
03-04 10:03:09.009 D/dalvikvm( 4171): Compiler shutdown in progress - discarding request
03-04 10:03:09.009 D/dalvikvm( 4171): Compiler shutdown in progress - discarding request
03-04 10:03:09.009 D/dalvikvm( 4171): Compiler shutdown in progress - discarding request
03-04 10:03:09.009 D/dalvikvm( 4171): Compiler shutdown in progress - discarding request
03-04 10:03:09.009 D/dalvikvm( 4171): Compiler shutdown in progress - discarding request
03-04 10:03:09.009 D/dalvikvm( 4171): Compiler shutdown in progress - discarding request
03-04 10:03:09.009 D/dalvikvm( 4171): Compiler shutdown in progress - discarding request
03-04 10:03:09.009 D/dalvikvm( 4171): Compiler shutdown in progress - discarding request
03-04 10:03:09.009 D/dalvikvm( 4171): Compiler shutdown in progress - discarding request
03-04 10:03:09.069 I/WindowState(  505): WIN DEATH: Window{224b3b30 u0 org.xwalk.webapi_noneservice_tests/org.xwalk.webapi_noneservice_tests.webapi_noneservice_tests EXITING}
03-04 10:03:09.089 W/SurfaceFlinger(  170): couldn't log to binary event log: overflow.
