03-04 09:34:10.059 D/BatteryStatsImpl(  505): noteStopWakeLocked com.android.providers.calendar isFromForeground = false
03-04 09:34:10.059 D/AlarmManager(  505): Added alarm Alarm{21f84310 type 0 com.android.providers.calendar} type:RTC_WAKEUP when: At 15-3-5 7:35
03-04 09:34:10.059 V/ActivityManager(  505): Remove bg service from mStartingBackground ,r=ServiceRecord{22159538 u0 com.android.providers.calendar/.CalendarProviderIntentService},r used time=44,left r count=0
03-04 09:34:10.969 V/ActivityManager(  505): Remove bg service from mStartingBackground ,r=ServiceRecord{221a51e8 u0 com.android.providers.calendar/.ContactsEventUpdateIntentService},r used time=39,left r count=1
03-04 09:34:11.309 D/wpa_supplicant(  694): wlan0: Starting AP scan for wildcard SSID
03-04 09:34:11.309 D/wpa_supplicant(  694): WPS: Building WPS IE for Probe Request
03-04 09:34:11.309 D/wpa_supplicant(  694): WPS:  * Version (hardcoded 0x10)
03-04 09:34:11.309 D/wpa_supplicant(  694): WPS:  * Request Type
03-04 09:34:11.309 D/wpa_supplicant(  694): WPS:  * Config Methods (4288)
03-04 09:34:11.309 D/wpa_supplicant(  694): WPS:  * UUID-E
03-04 09:34:11.309 D/wpa_supplicant(  694): WPS:  * Primary Device Type
03-04 09:34:11.309 D/wpa_supplicant(  694): WPS:  * RF Bands (1)
03-04 09:34:11.309 D/wpa_supplicant(  694): WPS:  * Association State
03-04 09:34:11.309 D/wpa_supplicant(  694): WPS:  * Configuration Error (0)
03-04 09:34:11.309 D/wpa_supplicant(  694): WPS:  * Device Password ID (0)
03-04 09:34:11.309 D/wpa_supplicant(  694): WPS:  * Manufacturer
03-04 09:34:11.309 D/wpa_supplicant(  694): WPS:  * Model Name
03-04 09:34:11.309 D/wpa_supplicant(  694): WPS:  * Model Number
03-04 09:34:11.309 D/wpa_supplicant(  694): WPS:  * Device Name
03-04 09:34:11.309 D/wpa_supplicant(  694): WPS:  * Version2 (0x20)
03-04 09:34:11.309 D/wpa_supplicant(  694): P2P: * P2P IE header
03-04 09:34:11.309 D/wpa_supplicant(  694): P2P: * Capability dev=25 group=00
03-04 09:34:11.309 D/wpa_supplicant(  694): P2P: * Listen Channel: Regulatory Class 81 Channel 6
03-04 09:34:11.309 D/wpa_supplicant(  694): wlan0: nl80211: scan request
03-04 09:34:11.399 D/wpa_supplicant(  694): Scan requested (ret=0) - scan timeout 30 seconds
03-04 09:34:11.399 D/wpa_supplicant(  694): nl80211: Drv Event 33 (NL80211_CMD_TRIGGER_SCAN) received for wlan0
03-04 09:34:11.399 D/wpa_supplicant(  694): wlan0: nl80211: Scan trigger
03-04 09:34:11.919 D/SendBroadcastHandler( 1709): mTimerTask sendMessage CONTACTS_DELETE 
03-04 09:34:11.919 D/AsusContactWigdetSync( 1008): ready to sync contact id = 1
03-04 09:34:11.919 D/AsusContactWigdetSync( 1008): ready to sync widget
03-04 09:34:11.929 D/AsusContactWigdetSync( 2450): ready to sync contact id = 1
03-04 09:34:11.929 D/AsusContactWigdetSync( 2450): ready to sync widget
03-04 09:34:11.939 D/SendBroadcastHandler( 1709): sendBroadcast delete to voice agent
03-04 09:34:11.939 D/AsusContactWigdetSync( 1008): delete contact_id = 763
03-04 09:34:11.949 D/SendBroadcastHandler( 1709): (Delete) sendBroadcast mDeleteContacts:1
03-04 09:34:11.949 D/SendBroadcastHandler( 1709): (Delete) sendBroadcast mDeleteRawContactsVoice:1
03-04 09:34:11.949 D/SendBroadcastHandler( 1709): sendBroadcast CONTACTS_DELETE
03-04 09:34:11.949 D/AsusContactWigdetSync( 1008): sync isdelete = true
03-04 09:34:11.949 D/AsusContactWigdetSync( 2450): delete contact_id = 763
03-04 09:34:11.949 D/AsusContactWigdetSync( 2450): sync isdelete = true
03-04 09:34:11.969 I/CalendarProvider2( 1748): Sending notification intent: Intent { act=android.intent.action.PROVIDER_CHANGED dat=content://com.android.calendar }
03-04 09:34:11.969 W/ContentResolver( 1748): Failed to get type for: content://com.android.calendar (Unknown URL content://com.android.calendar)
03-04 09:34:11.969 D/AlertReceiver( 1721): onReceive: a=android.intent.action.PROVIDER_CHANGED Intent { act=android.intent.action.PROVIDER_CHANGED dat=content://com.android.calendar flg=0x10 cmp=com.asus.calendar/com.android.calendar.alerts.AlertReceiver }
03-04 09:34:11.969 D/AlertService( 1721): 0 Action = android.intent.action.PROVIDER_CHANGED
03-04 09:34:11.969 D/AlertService( 1721): Beginning updateAlertNotification
03-04 09:34:11.969 V/ActivityManager(  505): Remove bg service from mStartingBackground ,r=ServiceRecord{221c6188 u0 com.android.providers.calendar/.EmptyService},r used time=1004,left r count=2
03-04 09:34:11.979 D/AlertService( 1721): No fired or scheduled alerts
03-04 09:34:11.989 D/BatteryStatsImpl(  505): noteStopWakeLocked com.asus.calendar isFromForeground = false
03-04 09:34:11.989 V/ActivityManager(  505): Remove bg service from mStartingBackground ,r=ServiceRecord{21f523c8 u0 com.asus.calendar/com.android.calendar.alerts.AlertService},r used time=20,left r count=2
03-04 09:34:12.039 D/SendBroadcastHandler( 1709): mTimerTask sendMessage CONTACTS_INSERT 
03-04 09:34:12.039 D/SendBroadcastHandler( 1709): (insert) sendBroadcast mInsertRawContacts:1
03-04 09:34:12.039 D/SendBroadcastHandler( 1709): (insert) sendBroadcast mInsertName:1
03-04 09:34:12.039 D/SendBroadcastHandler( 1709): (insert) sendBroadcast mInsertNameDetail:1
03-04 09:34:12.039 D/SendBroadcastHandler( 1709): sendBroadcast insert to voice agent
03-04 09:34:12.519 D/wpa_supplicant(  694): nl80211: Drv Event 34 (NL80211_CMD_NEW_SCAN_RESULTS) received for wlan0
03-04 09:34:12.519 D/wpa_supplicant(  694): wlan0: nl80211: New scan results available
03-04 09:34:12.519 D/wpa_supplicant(  694): wlan0: Event SCAN_RESULTS (3) received
03-04 09:34:12.519 D/wpa_supplicant(  694): nl80211: Received scan results (19 BSSes)
03-04 09:34:12.519 D/wpa_supplicant(  694): nl80211: Survey data missing
03-04 09:34:12.519 D/wpa_supplicant(  694): wlan0: BSS: Start scan result update 4
03-04 09:34:12.519 D/wpa_supplicant(  694): wlan0: BSS: Add new id 27 BSSID 00:25:86:5c:5e:30 SSID 'internet'
03-04 09:34:12.519 D/wpa_supplicant(  694): CTRL_IFACE monitor send - hexdump(len=39): 2f 64 61 74 61 2f 6d 69 73 63 2f 77 69 66 69 2f 73 6f 63 6b 65 74 73 2f 77 70 61 5f 63 74 72 6c ...
03-04 09:34:12.519 D/wpa_supplicant(  694): wlan0: BSS: Remove id 19 BSSID f4:b7:e2:2b:41:b7 SSID 'cmscc' due to no match in scan
03-04 09:34:12.519 D/wpa_supplicant(  694): CTRL_IFACE monitor send - hexdump(len=39): 2f 64 61 74 61 2f 6d 69 73 63 2f 77 69 66 69 2f 73 6f 63 6b 65 74 73 2f 77 70 61 5f 63 74 72 6c ...
03-04 09:34:12.519 I/WifiHW  (  505): EVENT: IFNAME=wlan0 CTRL-EVENT-BSS-ADDED 27 00:25:86:5c:5e:30
03-04 09:34:12.519 D/wpa_supplicant(  694): wlan0: BSS: Remove id 21 BSSID 24:05:0f:2e:8a:21 SSID 'Online_360_m' due to no match in scan
03-04 09:34:12.519 D/wpa_supplicant(  694): CTRL_IFACE monitor send - hexdump(len=39): 2f 64 61 74 61 2f 6d 69 73 63 2f 77 69 66 69 2f 73 6f 63 6b 65 74 73 2f 77 70 61 5f 63 74 72 6c ...
03-04 09:34:12.519 D/wpa_supplicant(  694): BSS: last_scan_res_used=18/32 last_scan_full=0
03-04 09:34:12.519 D/wpa_supplicant(  694): wlan0: New scan results available
03-04 09:34:12.519 D/wpa_supplicant(  694): CTRL_IFACE monitor send - hexdump(len=39): 2f 64 61 74 61 2f 6d 69 73 63 2f 77 69 66 69 2f 73 6f 63 6b 65 74 73 2f 77 70 61 5f 63 74 72 6c ...
03-04 09:34:12.519 D/wpa_supplicant(  694): CTRL_IFACE monitor send - hexdump(len=39): 2f 64 61 74 61 2f 6d 69 73 63 2f 77 69 66 69 2f 73 6f 63 6b 65 74 73 2f 77 70 61 5f 63 74 72 6c ...
03-04 09:34:12.519 D/wpa_supplicant(  694): Authorize channel 1
03-04 09:34:12.519 D/wpa_supplicant(  694): Authorize channel 2
03-04 09:34:12.519 D/wpa_supplicant(  694): Authorize channel 3
03-04 09:34:12.519 D/wpa_supplicant(  694): Authorize channel 4
03-04 09:34:12.519 D/wpa_supplicant(  694): Authorize channel 5
03-04 09:34:12.519 D/wpa_supplicant(  694): Authorize channel 6
03-04 09:34:12.519 D/wpa_supplicant(  694): Authorize channel 7
03-04 09:34:12.519 D/wpa_supplicant(  694): Authorize channel 8
03-04 09:34:12.519 D/wpa_supplicant(  694): Authorize channel 9
03-04 09:34:12.519 D/wpa_supplicant(  694): Authorize channel 10
03-04 09:34:12.519 D/wpa_supplicant(  694): Authorize channel 11
03-04 09:34:12.519 D/wpa_supplicant(  694): Authorize channel 12
03-04 09:34:12.519 D/wpa_supplicant(  694): Authorize channel 13
03-04 09:34:12.519 D/wpa_supplicant(  694): Authorize channel 1
03-04 09:34:12.519 D/wpa_supplicant(  694): Authorize channel 2
03-04 09:34:12.519 D/wpa_supplicant(  694): Authorize channel 3
03-04 09:34:12.519 D/wpa_supplicant(  694): Authorize channel 4
03-04 09:34:12.519 D/wpa_supplicant(  694): Authorize channel 5
03-04 09:34:12.519 D/wpa_supplicant(  694): Authorize channel 6
03-04 09:34:12.519 D/wpa_supplicant(  694): Authorize channel 7
03-04 09:34:12.519 D/wpa_supplicant(  694): Authorize channel 8
03-04 09:34:12.519 D/wpa_supplicant(  694): Authorize channel 9
03-04 09:34:12.519 D/wpa_supplicant(  694): Authorize channel 10
03-04 09:34:12.519 D/wpa_supplicant(  694): Authorize channel 11
03-04 09:34:12.519 D/wpa_supplicant(  694): Authorize channel 12
03-04 09:34:12.519 D/wpa_supplicant(  694): Authorize channel 13
03-04 09:34:12.519 D/wpa_supplicant(  694): Add access point on channel 11
03-04 09:34:12.519 D/wpa_supplicant(  694): Add access point on channel 6
03-04 09:34:12.519 D/wpa_supplicant(  694): Add access point on channel 6
03-04 09:34:12.519 D/wpa_supplicant(  694): Add access point on channel 11
03-04 09:34:12.519 D/wpa_supplicant(  694): Add access point on channel 1
03-04 09:34:12.519 D/wpa_supplicant(  694): Add access point on channel 11
03-04 09:34:12.519 D/wpa_supplicant(  694): Add access point on channel 7
03-04 09:34:12.519 D/wpa_supplicant(  694): Add access point on channel 1
03-04 09:34:12.519 D/wpa_supplicant(  694): Add access point on channel 6
03-04 09:34:12.519 D/wpa_supplicant(  694): Add access point on channel 2
03-04 09:34:12.519 D/wpa_supplicant(  694): Add access point on channel 11
03-04 09:34:12.519 D/wpa_supplicant(  694): Add access point on channel 11
03-04 09:34:12.519 D/wpa_supplicant(  694): Add access point on channel 1
03-04 09:34:12.519 D/wpa_supplicant(  694): Add access point on channel 11
03-04 09:34:12.519 D/wpa_supplicant(  694): Add access point on channel 6
03-04 09:34:12.519 D/wpa_supplicant(  694): Add access point on channel 9
03-04 09:34:12.519 D/wpa_supplicant(  694): Add access point on channel 8
03-04 09:34:12.519 D/wpa_supplicant(  694): Add access point on channel 6
03-04 09:34:12.519 D/wpa_supplicant(  694): Add access point on channel 6
03-04 09:34:12.519 D/wpa_supplicant(  694): Add access point on channel 6
03-04 09:34:12.519 D/wpa_supplicant(  694): Add access point on channel 1
03-04 09:34:12.519 D/wpa_supplicant(  694): Add access point on channel 13
03-04 09:34:12.519 D/wpa_supplicant(  694): Add access point on channel 6
03-04 09:34:12.519 D/wpa_supplicant(  694): Add access point on channel 1
03-04 09:34:12.519 D/wpa_supplicant(  694): Add access point on channel 6
03-04 09:34:12.519 D/wpa_supplicant(  694): Add access point on channel 6
03-04 09:34:12.519 D/wpa_supplicant(  694): Best Operating channel is = 1
03-04 09:34:12.519 D/wpa_supplicant(  694): WPS: AP 02:09:4c:51:a8:28 type 0 added
03-04 09:34:12.519 D/wpa_supplicant(  694): WPS: AP[0] 10:c3:7b:d2:e5:e0 type=0 tries=0 last_attempt=-1 sec ago blacklist=0
03-04 09:34:12.519 D/wpa_supplicant(  694): WPS: AP[1] f8:d1:11:e7:99:e8 type=0 tries=0 last_attempt=-1 sec ago blacklist=0
03-04 09:34:12.519 D/wpa_supplicant(  694): WPS: AP[2] c8:d7:19:60:62:f2 type=0 tries=0 last_attempt=-1 sec ago blacklist=0
03-04 09:34:12.519 D/wpa_supplicant(  694): WPS: AP[3] 7a:ff:57:00:13:8e type=0 tries=0 last_attempt=-1 sec ago blacklist=0
03-04 09:34:12.519 D/wpa_supplicant(  694): WPS: AP[4] cc:34:29:2c:fb:ec type=0 tries=0 last_attempt=-1 sec ago blacklist=0
03-04 09:34:12.519 D/wpa_supplicant(  694): WPS: AP[5] cc:34:29:2b:26:4c type=0 tries=0 last_attempt=-1 sec ago blacklist=0
03-04 09:34:12.519 D/wpa_supplicant(  694): WPS: AP[6] 98:fc:11:81:35:fb type=0 tries=0 last_attempt=-1 sec ago blacklist=0
03-04 09:34:12.519 D/wpa_supplicant(  694): WPS: AP[7] c0:a0:bb:20:3b:84 type=0 tries=0 last_attempt=-1 sec ago blacklist=0
03-04 09:34:12.519 D/wpa_supplicant(  694): WPS: AP[8] c0:c1:c0:76:81:3c type=0 tries=0 last_attempt=-1 sec ago blacklist=0
03-04 09:34:12.519 D/wpa_supplicant(  694): WPS: AP[9] b0:48:7a:51:ff:cc type=0 tries=0 last_attempt=-1 sec ago blacklist=0
03-04 09:34:12.519 I/WifiHW  (  505): EVENT: IFNAME=wlan0 CTRL-EVENT-BSS-REMOVED 19 f4:b7:e2:2b:41:b7
03-04 09:34:12.519 I/WifiHW  (  505): EVENT: IFNAME=wlan0 CTRL-EVENT-BSS-REMOVED 21 24:05:0f:2e:8a:21
03-04 09:34:12.519 I/WifiHW  (  505): EVENT: IFNAME=wlan0 CTRL-EVENT-SCAN-RESULTS 
03-04 09:34:12.519 I/WifiHW  (  505): EVENT: IFNAME=wlan0 WPS-AP-AVAILABLE 
03-04 09:34:12.519 I/WifiHW  (  505): CMD: IFNAME=wlan0 BSS RANGE=0- MASK=0x21987
03-04 09:34:12.519 D/wpa_supplicant(  694): WPS: AP[10] 14:d6:4d:28:ef:c8 type=0 tries=0 last_attempt=-1 sec ago blacklist=0
03-04 09:34:12.519 D/wpa_supplicant(  694): WPS: AP[11] e4:d3:32:36:2e:54 type=0 tries=0 last_attempt=-1 sec ago blacklist=0
03-04 09:34:12.519 D/wpa_supplicant(  694): WPS: AP[12] 02:09:4c:51:a8:28 type=0 tries=0 last_attempt=-1 sec ago blacklist=0
03-04 09:34:12.519 D/wpa_supplicant(  694): wlan0: Selecting BSS from priority group 20
03-04 09:34:12.519 D/wpa_supplicant(  694): wlan0: 0: f8:d1:11:e7:99:e8 ssid='videotest' wpa_ie_len=22 rsn_ie_len=20 caps=0x531 level=-37 wps
03-04 09:34:12.519 D/wpa_supplicant(  694): wlan0:    skip - SSID mismatch
03-04 09:34:12.519 D/wpa_supplicant(  694): wlan0: 1: c8:d7:19:60:62:f2 ssid='E3000-2.4G' wpa_ie_len=0 rsn_ie_len=20 caps=0x411 level=-52 wps
03-04 09:34:12.519 D/wpa_supplicant(  694): wlan0:    skip - SSID mismatch
03-04 09:34:12.519 D/wpa_supplicant(  694): wlan0: 2: 10:c3:7b:d2:e5:e0 ssid='ASUS_RT-AC66U-2.4G' wpa_ie_len=0 rsn_ie_len=20 caps=0x411 level=-55 wps
03-04 09:34:12.519 D/wpa_supplicant(  694): wlan0:    skip - SSID mismatch
03-04 09:34:12.519 D/wpa_supplicant(  694): wlan0: 3: c4:17:fe:3f:4f:fb ssid='cmcm' wpa_ie_len=0 rsn_ie_len=20 caps=0x511 level=-56
03-04 09:34:12.519 D/wpa_supplicant(  694): wlan0:    skip - SSID mismatch
03-04 09:34:12.519 D/wpa_supplicant(  694): wlan0: 4: b0:48:7a:51:ff:cc ssid='Neusoft TP' wpa_ie_len=22 rsn_ie_len=20 caps=0x431 level=-57 wps
03-04 09:34:12.519 D/wpa_supplicant(  694): wlan0:    skip - SSID mismatch
03-04 09:34:12.519 D/wpa_supplicant(  694): wlan0: 5: cc:34:29:2b:26:4c ssid='cws-test' wpa_ie_len=0 rsn_ie_len=20 caps=0x431 level=-58 wps
03-04 09:34:12.519 D/wpa_supplicant(  694): wlan0:    skip - SSID mismatch
03-04 09:34:12.519 D/wpa_supplicant(  694): wlan0: 6: cc:34:29:2c:fb:ec ssid='linksys' wpa_ie_len=22 rsn_ie_len=20 caps=0x431 level=-59 wps
03-04 09:34:12.519 D/wpa_supplicant(  694): wlan0:    skip - SSID mismatch
03-04 09:34:12.519 D/wpa_supplicant(  694): wlan0: 7: 90:94:e4:03:45:f5 ssid='DAP-2553_D' wpa_ie_len=0 rsn_ie_len=24 caps=0x431 level=-61
03-04 09:34:12.519 D/wpa_supplicant(  694): wlan0:    skip - SSID mismatch
03-04 09:34:12.519 D/wpa_supplicant(  694): wlan0: 8: 98:fc:11:81:35:fb ssid='E2000EE' wpa_ie_len=0 rsn_ie_len=20 caps=0x411 level=-61 wps
03-04 09:34:12.519 D/wpa_supplicant(  694): wlan0:    skip - SSID mismatch
03-04 09:34:12.519 D/wpa_supplicant(  694): wlan0: 9: 14:d6:4d:28:ef:c8 ssid='dlink' wpa_ie_len=0 rsn_ie_len=20 caps=0x431 level=-63 wps
03-04 09:34:12.519 D/wpa_supplicant(  694): wlan0:    skip - SSID mismatch
03-04 09:34:12.519 D/wpa_supplicant(  694): wlan0: 10: e4:d3:32:36:2e:54 ssid='otc' wpa_ie_len=26 rsn_ie_len=24 caps=0x411 level=-68 wps
03-04 09:34:12.519 D/wpa_supplicant(  694): wlan0:    skip - SSID mismatch
03-04 09:34:12.519 D/wpa_supplicant(  694): wlan0: 11: 1c:65:9d:e8:79:44 ssid='WiFi' wpa_ie_len=0 rsn_ie_len=20 caps=0x511 level=-69
03-04 09:34:12.519 D/wpa_supplicant(  694): wlan0:    skip - SSID mismatch
03-04 09:34:12.519 D/wpa_supplicant(  694): wlan0: 12: f4:b7:e2:b7:b9:fa ssid='360WiFi-9755' wpa_ie_len=0 rsn_ie_len=20 caps=0x431 level=-76
03-04 09:34:12.519 D/wpa_supplicant(  694): wlan0:    skip - SSID mismatch
03-04 09:34:12.519 D/wpa_supplicant(  694): wlan0: 13: 00:0f:e2:0f:9f:c1 ssid='321_WAN' wpa_ie_len=28 rsn_ie_len=24 caps=0x411 level=-78
03-04 09:34:12.519 D/wpa_supplicant(  694): wlan0:    skip - SSID mismatch
03-04 09:34:12.519 D/wpa_supplicant(  694): wlan0: 14: 44:94:fc:3d:da:38 ssid='6300' wpa_ie_len=0 rsn_ie_len=0 caps=0x411 level=-57
03-04 09:34:12.519 D/wpa_supplicant(  694): wlan0:    skip - SSID mismatch
03-04 09:34:12.519 D/wpa_supplicant(  694): wlan0: 15: c0:c1:c0:76:81:3c ssid='E2000' wpa_ie_len=0 rsn_ie_len=0 caps=0x401 level=-54 wps
03-04 09:34:12.519 D/wpa_supplicant(  694): wlan0:    skip - SSID mismatch
03-04 09:34:12.519 D/wpa_supplicant(  694): wlan0: 16: 50:bd:5f:4b:29:92 ssid='Internet-2' wpa_ie_len=0 rsn_ie_len=0 caps=0x421 level=-68
03-04 09:34:12.519 D/wpa_supplicant(  694): wlan0:    skip - SSID mismatch
03-04 09:34:12.519 D/wpa_supplicant(  694): wlan0: 17: 00:25:86:5c:5e:30 ssid='internet' wpa_ie_len=0 rsn_ie_len=0 caps=0x421 level=-84
03-04 09:34:12.519 D/wpa_supplicant(  694): wlan0:    skip - SSID mismatch
03-04 09:34:12.519 D/wpa_supplicant(  694): wlan0: Selecting BSS from priority group 19
03-04 09:34:12.519 D/wpa_supplicant(  694): wlan0: 0: f8:d1:11:e7:99:e8 ssid='videotest' wpa_ie_len=22 rsn_ie_len=20 caps=0x531 level=-37 wps
03-04 09:34:12.519 D/wpa_supplicant(  694): wlan0:    skip - SSID mismatch
03-04 09:34:12.519 D/wpa_supplicant(  694): wlan0: 1: c8:d7:19:60:62:f2 ssid='E3000-2.4G' wpa_ie_len=0 rsn_ie_len=20 caps=0x411 level=-52 wps
03-04 09:34:12.519 D/wpa_supplicant(  694): wlan0:    skip - SSID mismatch
03-04 09:34:12.519 D/wpa_supplicant(  694): wlan0: 2: 10:c3:7b:d2:e5:e0 ssid='ASUS_RT-AC66U-2.4G' wpa_ie_len=0 rsn_ie_len=20 caps=0x411 level=-55 wps
03-04 09:34:12.519 D/wpa_supplicant(  694): wlan0:    skip - SSID mismatch
03-04 09:34:12.519 D/wpa_supplicant(  694): wlan0: 3: c4:17:fe:3f:4f:fb ssid='cmcm' wpa_ie_len=0 rsn_ie_len=20 caps=0x511 level=-56
03-04 09:34:12.519 D/wpa_supplicant(  694): wlan0:    skip - SSID mismatch
03-04 09:34:12.519 D/wpa_supplicant(  694): wlan0: 4: b0:48:7a:51:ff:cc ssid='Neusoft TP' wpa_ie_len=22 rsn_ie_len=20 caps=0x431 level=-57 wps
03-04 09:34:12.519 D/wpa_supplicant(  694): wlan0:    skip - SSID mismatch
03-04 09:34:12.519 D/wpa_supplicant(  694): wlan0: 5: cc:34:29:2b:26:4c ssid='cws-test' wpa_ie_len=0 rsn_ie_len=20 caps=0x431 level=-58 wps
03-04 09:34:12.519 D/wpa_supplicant(  694): wlan0:    skip - SSID mismatch
03-04 09:34:12.519 D/wpa_supplicant(  694): wlan0: 6: cc:34:29:2c:fb:ec ssid='linksys' wpa_ie_len=22 rsn_ie_len=20 caps=0x431 level=-59 wps
03-04 09:34:12.519 D/wpa_supplicant(  694): wlan0:    skip - SSID mismatch
03-04 09:34:12.519 D/wpa_supplicant(  694): wlan0: 7: 90:94:e4:03:45:f5 ssid='DAP-2553_D' wpa_ie_len=0 rsn_ie_len=24 caps=0x431 level=-61
03-04 09:34:12.519 D/wpa_supplicant(  694): wlan0:    skip - SSID mismatch
03-04 09:34:12.519 D/wpa_supplicant(  694): wlan0: 8: 98:fc:11:81:35:fb ssid='E2000EE' wpa_ie_len=0 rsn_ie_len=20 caps=0x411 level=-61 wps
03-04 09:34:12.519 D/wpa_supplicant(  694): wlan0:    skip - SSID mismatch
03-04 09:34:12.519 D/wpa_supplicant(  694): wlan0: 9: 14:d6:4d:28:ef:c8 ssid='dlink' wpa_ie_len=0 rsn_ie_len=20 caps=0x431 level=-63 wps
03-04 09:34:12.519 D/wpa_supplicant(  694): wlan0:    skip - SSID mismatch
03-04 09:34:12.519 D/wpa_supplicant(  694): wlan0: 10: e4:d3:32:36:2e:54 ssid='otc' wpa_ie_len=26 rsn_ie_len=24 caps=0x411 level=-68 wps
03-04 09:34:12.519 D/wpa_supplicant(  694): wlan0:    skip - SSID mismatch
03-04 09:34:12.519 D/wpa_supplicant(  694): wlan0: 11: 1c:65:9d:e8:79:44 ssid='WiFi' wpa_ie_len=0 rsn_ie_len=20 caps=0x511 level=-69
03-04 09:34:12.519 D/wpa_supplicant(  694): wlan0:    skip - SSID mismatch
03-04 09:34:12.519 D/wpa_supplicant(  694): wlan0: 12: f4:b7:e2:b7:b9:fa ssid='360WiFi-9755' wpa_ie_len=0 rsn_ie_len=20 caps=0x431 level=-76
03-04 09:34:12.519 D/wpa_supplicant(  694): wlan0:    skip - SSID mismatch
03-04 09:34:12.519 D/wpa_supplicant(  694): wlan0: 13: 00:0f:e2:0f:9f:c1 ssid='321_WAN' wpa_ie_len=28 rsn_ie_len=24 caps=0x411 level=-78
03-04 09:34:12.519 D/wpa_supplicant(  694): wlan0:    skip - SSID mismatch
03-04 09:34:12.519 D/wpa_supplicant(  694): wlan0: 14: 44:94:fc:3d:da:38 ssid='6300' wpa_ie_len=0 rsn_ie_len=0 caps=0x411 level=-57
03-04 09:34:12.519 D/wpa_supplicant(  694): wlan0:    skip - SSID mismatch
03-04 09:34:12.519 D/wpa_supplicant(  694): wlan0: 15: c0:c1:c0:76:81:3c ssid='E2000' wpa_ie_len=0 rsn_ie_len=0 caps=0x401 level=-54 wps
03-04 09:34:12.519 D/wpa_supplicant(  694): wlan0:    skip - SSID mismatch
03-04 09:34:12.519 D/wpa_supplicant(  694): wlan0: 16: 50:bd:5f:4b:29:92 ssid='Internet-2' wpa_ie_len=0 rsn_ie_len=0 caps=0x421 level=-68
03-04 09:34:12.519 D/wpa_supplicant(  694): wlan0:    skip - SSID mismatch
03-04 09:34:12.519 D/wpa_supplicant(  694): wlan0: 17: 00:25:86:5c:5e:30 ssid='internet' wpa_ie_len=0 rsn_ie_len=0 caps=0x421 level=-84
03-04 09:34:12.519 D/wpa_supplicant(  694): wlan0:    skip - SSID mismatch
03-04 09:34:12.519 D/wpa_supplicant(  694): wlan0: Selecting BSS from priority group 18
03-04 09:34:12.529 D/wpa_supplicant(  694): wlan0: 0: f8:d1:11:e7:99:e8 ssid='videotest' wpa_ie_len=22 rsn_ie_len=20 caps=0x531 level=-37 wps
03-04 09:34:12.529 D/wpa_supplicant(  694): wlan0:    skip - SSID mismatch
03-04 09:34:12.529 D/wpa_supplicant(  694): wlan0: 1: c8:d7:19:60:62:f2 ssid='E3000-2.4G' wpa_ie_len=0 rsn_ie_len=20 caps=0x411 level=-52 wps
03-04 09:34:12.529 D/wpa_supplicant(  694): wlan0:    skip - SSID mismatch
03-04 09:34:12.529 D/wpa_supplicant(  694): wlan0: 2: 10:c3:7b:d2:e5:e0 ssid='ASUS_RT-AC66U-2.4G' wpa_ie_len=0 rsn_ie_len=20 caps=0x411 level=-55 wps
03-04 09:34:12.529 D/wpa_supplicant(  694): wlan0:    skip - SSID mismatch
03-04 09:34:12.529 D/wpa_supplicant(  694): wlan0: 3: c4:17:fe:3f:4f:fb ssid='cmcm' wpa_ie_len=0 rsn_ie_len=20 caps=0x511 level=-56
03-04 09:34:12.529 D/wpa_supplicant(  694): wlan0:    skip - SSID mismatch
03-04 09:34:12.529 D/wpa_supplicant(  694): wlan0: 4: b0:48:7a:51:ff:cc ssid='Neusoft TP' wpa_ie_len=22 rsn_ie_len=20 caps=0x431 level=-57 wps
03-04 09:34:12.529 D/wpa_supplicant(  694): wlan0:    skip - SSID mismatch
03-04 09:34:12.529 D/wpa_supplicant(  694): wlan0: 5: cc:34:29:2b:26:4c ssid='cws-test' wpa_ie_len=0 rsn_ie_len=20 caps=0x431 level=-58 wps
03-04 09:34:12.529 D/wpa_supplicant(  694): wlan0:    skip - SSID mismatch
03-04 09:34:12.529 D/wpa_supplicant(  694): wlan0: 6: cc:34:29:2c:fb:ec ssid='linksys' wpa_ie_len=22 rsn_ie_len=20 caps=0x431 level=-59 wps
03-04 09:34:12.529 D/wpa_supplicant(  694): wlan0:    skip - SSID mismatch
03-04 09:34:12.529 D/wpa_supplicant(  694): wlan0: 7: 90:94:e4:03:45:f5 ssid='DAP-2553_D' wpa_ie_len=0 rsn_ie_len=24 caps=0x431 level=-61
03-04 09:34:12.529 D/wpa_supplicant(  694): wlan0:    skip - SSID mismatch
03-04 09:34:12.529 D/wpa_supplicant(  694): wlan0: 8: 98:fc:11:81:35:fb ssid='E2000EE' wpa_ie_len=0 rsn_ie_len=20 caps=0x411 level=-61 wps
03-04 09:34:12.529 D/wpa_supplicant(  694): wlan0:    skip - SSID mismatch
03-04 09:34:12.529 D/wpa_supplicant(  694): wlan0: 9: 14:d6:4d:28:ef:c8 ssid='dlink' wpa_ie_len=0 rsn_ie_len=20 caps=0x431 level=-63 wps
03-04 09:34:12.529 D/wpa_supplicant(  694): wlan0:    skip - SSID mismatch
03-04 09:34:12.529 D/wpa_supplicant(  694): wlan0: 10: e4:d3:32:36:2e:54 ssid='otc' wpa_ie_len=26 rsn_ie_len=24 caps=0x411 level=-68 wps
03-04 09:34:12.529 D/wpa_supplicant(  694): wlan0:    skip - SSID mismatch
03-04 09:34:12.529 D/wpa_supplicant(  694): wlan0: 11: 1c:65:9d:e8:79:44 ssid='WiFi' wpa_ie_len=0 rsn_ie_len=20 caps=0x511 level=-69
03-04 09:34:12.529 D/wpa_supplicant(  694): wlan0:    skip - SSID mismatch
03-04 09:34:12.529 D/wpa_supplicant(  694): wlan0: 12: f4:b7:e2:b7:b9:fa ssid='360WiFi-9755' wpa_ie_len=0 rsn_ie_len=20 caps=0x431 level=-76
03-04 09:34:12.529 D/wpa_supplicant(  694): wlan0:    skip - SSID mismatch
03-04 09:34:12.529 D/wpa_supplicant(  694): wlan0: 13: 00:0f:e2:0f:9f:c1 ssid='321_WAN' wpa_ie_len=28 rsn_ie_len=24 caps=0x411 level=-78
03-04 09:34:12.529 D/wpa_supplicant(  694): wlan0:    skip - SSID mismatch
03-04 09:34:12.529 D/wpa_supplicant(  694): wlan0: 14: 44:94:fc:3d:da:38 ssid='6300' wpa_ie_len=0 rsn_ie_len=0 caps=0x411 level=-57
03-04 09:34:12.529 D/wpa_supplicant(  694): wlan0:    skip - SSID mismatch
03-04 09:34:12.529 D/wpa_supplicant(  694): wlan0: 15: c0:c1:c0:76:81:3c ssid='E2000' wpa_ie_len=0 rsn_ie_len=0 caps=0x401 level=-54 wps
03-04 09:34:12.529 D/wpa_supplicant(  694): wlan0:    skip - SSID mismatch
03-04 09:34:12.529 D/wpa_supplicant(  694): wlan0: 16: 50:bd:5f:4b:29:92 ssid='Internet-2' wpa_ie_len=0 rsn_ie_len=0 caps=0x421 level=-68
03-04 09:34:12.529 D/wpa_supplicant(  694): wlan0:    skip - SSID mismatch
03-04 09:34:12.529 D/wpa_supplicant(  694): wlan0: 17: 00:25:86:5c:5e:30 ssid='internet' wpa_ie_len=0 rsn_ie_len=0 caps=0x421 level=-84
03-04 09:34:12.529 D/wpa_supplicant(  694): wlan0:    skip - SSID mismatch
03-04 09:34:12.529 D/wpa_supplicant(  694): wlan0: Selecting BSS from priority group 17
03-04 09:34:12.529 D/wpa_supplicant(  694): wlan0: 0: f8:d1:11:e7:99:e8 ssid='videotest' wpa_ie_len=22 rsn_ie_len=20 caps=0x531 level=-37 wps
03-04 09:34:12.529 D/wpa_supplicant(  694): wlan0:    skip - SSID mismatch
03-04 09:34:12.529 D/wpa_supplicant(  694): wlan0: 1: c8:d7:19:60:62:f2 ssid='E3000-2.4G' wpa_ie_len=0 rsn_ie_len=20 caps=0x411 level=-52 wps
03-04 09:34:12.529 D/wpa_supplicant(  694): wlan0:    skip - SSID mismatch
03-04 09:34:12.529 D/wpa_supplicant(  694): wlan0: 2: 10:c3:7b:d2:e5:e0 ssid='ASUS_RT-AC66U-2.4G' wpa_ie_len=0 rsn_ie_len=20 caps=0x411 level=-55 wps
03-04 09:34:12.529 D/wpa_supplicant(  694): wlan0:    skip - SSID mismatch
03-04 09:34:12.529 D/wpa_supplicant(  694): wlan0: 3: c4:17:fe:3f:4f:fb ssid='cmcm' wpa_ie_len=0 rsn_ie_len=20 caps=0x511 level=-56
03-04 09:34:12.529 D/wpa_supplicant(  694): wlan0:    skip - SSID mismatch
03-04 09:34:12.529 D/wpa_supplicant(  694): wlan0: 4: b0:48:7a:51:ff:cc ssid='Neusoft TP' wpa_ie_len=22 rsn_ie_len=20 caps=0x431 level=-57 wps
03-04 09:34:12.529 D/wpa_supplicant(  694): wlan0:    skip - SSID mismatch
03-04 09:34:12.529 D/wpa_supplicant(  694): wlan0: 5: cc:34:29:2b:26:4c ssid='cws-test' wpa_ie_len=0 rsn_ie_len=20 caps=0x431 level=-58 wps
03-04 09:34:12.529 D/wpa_supplicant(  694): wlan0:    skip - SSID mismatch
03-04 09:34:12.529 D/wpa_supplicant(  694): wlan0: 6: cc:34:29:2c:fb:ec ssid='linksys' wpa_ie_len=22 rsn_ie_len=20 caps=0x431 level=-59 wps
03-04 09:34:12.529 D/wpa_supplicant(  694): wlan0:    skip - SSID mismatch
03-04 09:34:12.529 D/wpa_supplicant(  694): wlan0: 7: 90:94:e4:03:45:f5 ssid='DAP-2553_D' wpa_ie_len=0 rsn_ie_len=24 caps=0x431 level=-61
03-04 09:34:12.529 D/wpa_supplicant(  694): wlan0:    skip - SSID mismatch
03-04 09:34:12.529 D/wpa_supplicant(  694): wlan0: 8: 98:fc:11:81:35:fb ssid='E2000EE' wpa_ie_len=0 rsn_ie_len=20 caps=0x411 level=-61 wps
03-04 09:34:12.529 D/wpa_supplicant(  694): wlan0:    skip - SSID mismatch
03-04 09:34:12.529 D/wpa_supplicant(  694): wlan0: 9: 14:d6:4d:28:ef:c8 ssid='dlink' wpa_ie_len=0 rsn_ie_len=20 caps=0x431 level=-63 wps
03-04 09:34:12.529 D/wpa_supplicant(  694): wlan0:    skip - SSID mismatch
03-04 09:34:12.529 D/wpa_supplicant(  694): wlan0: 10: e4:d3:32:36:2e:54 ssid='otc' wpa_ie_len=26 rsn_ie_len=24 caps=0x411 level=-68 wps
03-04 09:34:12.529 D/wpa_supplicant(  694): wlan0:    skip - SSID mismatch
03-04 09:34:12.529 D/wpa_supplicant(  694): wlan0: 11: 1c:65:9d:e8:79:44 ssid='WiFi' wpa_ie_len=0 rsn_ie_len=20 caps=0x511 level=-69
03-04 09:34:12.529 D/wpa_supplicant(  694): wlan0:    skip - SSID mismatch
03-04 09:34:12.529 D/wpa_supplicant(  694): wlan0: 12: f4:b7:e2:b7:b9:fa ssid='360WiFi-9755' wpa_ie_len=0 rsn_ie_len=20 caps=0x431 level=-76
03-04 09:34:12.529 D/wpa_supplicant(  694): wlan0:    skip - SSID mismatch
03-04 09:34:12.529 D/wpa_supplicant(  694): wlan0: 13: 00:0f:e2:0f:9f:c1 ssid='321_WAN' wpa_ie_len=28 rsn_ie_len=24 caps=0x411 level=-78
03-04 09:34:12.529 D/wpa_supplicant(  694): wlan0:    skip - SSID mismatch
03-04 09:34:12.529 D/wpa_supplicant(  694): wlan0: 14: 44:94:fc:3d:da:38 ssid='6300' wpa_ie_len=0 rsn_ie_len=0 caps=0x411 level=-57
03-04 09:34:12.529 D/wpa_supplicant(  694): wlan0:    skip - SSID mismatch
03-04 09:34:12.529 D/wpa_supplicant(  694): wlan0: 15: c0:c1:c0:76:81:3c ssid='E2000' wpa_ie_len=0 rsn_ie_len=0 caps=0x401 level=-54 wps
03-04 09:34:12.529 D/wpa_supplicant(  694): wlan0:    skip - SSID mismatch
03-04 09:34:12.529 D/wpa_supplicant(  694): wlan0: 16: 50:bd:5f:4b:29:92 ssid='Internet-2' wpa_ie_len=0 rsn_ie_len=0 caps=0x421 level=-68
03-04 09:34:12.529 D/wpa_supplicant(  694): wlan0:    skip - SSID mismatch
03-04 09:34:12.529 D/wpa_supplicant(  694): wlan0: 17: 00:25:86:5c:5e:30 ssid='internet' wpa_ie_len=0 rsn_ie_len=0 caps=0x421 level=-84
03-04 09:34:12.529 D/wpa_supplicant(  694): wlan0:    skip - SSID mismatch
03-04 09:34:12.529 D/wpa_supplicant(  694): wlan0: Selecting BSS from priority group 15
03-04 09:34:12.529 D/wpa_supplicant(  694): wlan0: 0: f8:d1:11:e7:99:e8 ssid='videotest' wpa_ie_len=22 rsn_ie_len=20 caps=0x531 level=-37 wps
03-04 09:34:12.529 D/wpa_supplicant(  694): wlan0:    skip - SSID mismatch
03-04 09:34:12.529 D/wpa_supplicant(  694): wlan0: 1: c8:d7:19:60:62:f2 ssid='E3000-2.4G' wpa_ie_len=0 rsn_ie_len=20 caps=0x411 level=-52 wps
03-04 09:34:12.529 D/wpa_supplicant(  694): wlan0:    skip - SSID mismatch
03-04 09:34:12.529 D/wpa_supplicant(  694): wlan0: 2: 10:c3:7b:d2:e5:e0 ssid='ASUS_RT-AC66U-2.4G' wpa_ie_len=0 rsn_ie_len=20 caps=0x411 level=-55 wps
03-04 09:34:12.529 D/wpa_supplicant(  694): wlan0:    skip - SSID mismatch
03-04 09:34:12.529 D/wpa_supplicant(  694): wlan0: 3: c4:17:fe:3f:4f:fb ssid='cmcm' wpa_ie_len=0 rsn_ie_len=20 caps=0x511 level=-56
03-04 09:34:12.529 D/wpa_supplicant(  694): wlan0:    skip - SSID mismatch
03-04 09:34:12.529 D/wpa_supplicant(  694): wlan0: 4: b0:48:7a:51:ff:cc ssid='Neusoft TP' wpa_ie_len=22 rsn_ie_len=20 caps=0x431 level=-57 wps
03-04 09:34:12.529 D/wpa_supplicant(  694): wlan0:    skip - SSID mismatch
03-04 09:34:12.529 D/wpa_supplicant(  694): wlan0: 5: cc:34:29:2b:26:4c ssid='cws-test' wpa_ie_len=0 rsn_ie_len=20 caps=0x431 level=-58 wps
03-04 09:34:12.529 D/wpa_supplicant(  694): wlan0:    skip - SSID mismatch
03-04 09:34:12.529 D/wpa_supplicant(  694): wlan0: 6: cc:34:29:2c:fb:ec ssid='linksys' wpa_ie_len=22 rsn_ie_len=20 caps=0x431 level=-59 wps
03-04 09:34:12.529 D/wpa_supplicant(  694): wlan0:    skip - SSID mismatch
03-04 09:34:12.529 D/wpa_supplicant(  694): wlan0: 7: 90:94:e4:03:45:f5 ssid='DAP-2553_D' wpa_ie_len=0 rsn_ie_len=24 caps=0x431 level=-61
03-04 09:34:12.529 D/wpa_supplicant(  694): wlan0:    skip - SSID mismatch
03-04 09:34:12.529 D/wpa_supplicant(  694): wlan0: 8: 98:fc:11:81:35:fb ssid='E2000EE' wpa_ie_len=0 rsn_ie_len=20 caps=0x411 level=-61 wps
03-04 09:34:12.529 D/wpa_supplicant(  694): wlan0:    skip - SSID mismatch
03-04 09:34:12.529 D/wpa_supplicant(  694): wlan0: 9: 14:d6:4d:28:ef:c8 ssid='dlink' wpa_ie_len=0 rsn_ie_len=20 caps=0x431 level=-63 wps
03-04 09:34:12.529 D/wpa_supplicant(  694): wlan0:    skip - SSID mismatch
03-04 09:34:12.529 D/wpa_supplicant(  694): wlan0: 10: e4:d3:32:36:2e:54 ssid='otc' wpa_ie_len=26 rsn_ie_len=24 caps=0x411 level=-68 wps
03-04 09:34:12.529 D/wpa_supplicant(  694): wlan0:    skip - SSID mismatch
03-04 09:34:12.529 D/wpa_supplicant(  694): wlan0: 11: 1c:65:9d:e8:79:44 ssid='WiFi' wpa_ie_len=0 rsn_ie_len=20 caps=0x511 level=-69
03-04 09:34:12.529 D/wpa_supplicant(  694): wlan0:    skip - SSID mismatch
03-04 09:34:12.539 D/wpa_supplicant(  694): wlan0: 12: f4:b7:e2:b7:b9:fa ssid='360WiFi-9755' wpa_ie_len=0 rsn_ie_len=20 caps=0x431 level=-76
03-04 09:34:12.539 D/wpa_supplicant(  694): wlan0:    skip - SSID mismatch
03-04 09:34:12.539 D/wpa_supplicant(  694): wlan0: 13: 00:0f:e2:0f:9f:c1 ssid='321_WAN' wpa_ie_len=28 rsn_ie_len=24 caps=0x411 level=-78
03-04 09:34:12.539 D/wpa_supplicant(  694): wlan0:    skip - SSID mismatch
03-04 09:34:12.539 D/wpa_supplicant(  694): wlan0: 14: 44:94:fc:3d:da:38 ssid='6300' wpa_ie_len=0 rsn_ie_len=0 caps=0x411 level=-57
03-04 09:34:12.539 D/wpa_supplicant(  694): wlan0:    skip - SSID mismatch
03-04 09:34:12.539 D/wpa_supplicant(  694): wlan0: 15: c0:c1:c0:76:81:3c ssid='E2000' wpa_ie_len=0 rsn_ie_len=0 caps=0x401 level=-54 wps
03-04 09:34:12.539 D/wpa_supplicant(  694): wlan0:    skip - SSID mismatch
03-04 09:34:12.539 D/wpa_supplicant(  694): wlan0: 16: 50:bd:5f:4b:29:92 ssid='Internet-2' wpa_ie_len=0 rsn_ie_len=0 caps=0x421 level=-68
03-04 09:34:12.539 D/wpa_supplicant(  694): wlan0:    skip - SSID mismatch
03-04 09:34:12.539 D/wpa_supplicant(  694): wlan0: 17: 00:25:86:5c:5e:30 ssid='internet' wpa_ie_len=0 rsn_ie_len=0 caps=0x421 level=-84
03-04 09:34:12.539 D/wpa_supplicant(  694): wlan0:    skip - SSID mismatch
03-04 09:34:12.539 D/wpa_supplicant(  694): wlan0: Selecting BSS from priority group 4
03-04 09:34:12.539 D/wpa_supplicant(  694): wlan0: 0: f8:d1:11:e7:99:e8 ssid='videotest' wpa_ie_len=22 rsn_ie_len=20 caps=0x531 level=-37 wps
03-04 09:34:12.539 D/wpa_supplicant(  694): wlan0:    skip - SSID mismatch
03-04 09:34:12.539 D/wpa_supplicant(  694): wlan0: 1: c8:d7:19:60:62:f2 ssid='E3000-2.4G' wpa_ie_len=0 rsn_ie_len=20 caps=0x411 level=-52 wps
03-04 09:34:12.539 D/wpa_supplicant(  694): wlan0:    skip - SSID mismatch
03-04 09:34:12.539 D/wpa_supplicant(  694): wlan0: 2: 10:c3:7b:d2:e5:e0 ssid='ASUS_RT-AC66U-2.4G' wpa_ie_len=0 rsn_ie_len=20 caps=0x411 level=-55 wps
03-04 09:34:12.539 D/wpa_supplicant(  694): wlan0:    skip - SSID mismatch
03-04 09:34:12.539 D/wpa_supplicant(  694): wlan0: 3: c4:17:fe:3f:4f:fb ssid='cmcm' wpa_ie_len=0 rsn_ie_len=20 caps=0x511 level=-56
03-04 09:34:12.539 D/wpa_supplicant(  694): wlan0:    skip - SSID mismatch
03-04 09:34:12.539 D/wpa_supplicant(  694): wlan0: 4: b0:48:7a:51:ff:cc ssid='Neusoft TP' wpa_ie_len=22 rsn_ie_len=20 caps=0x431 level=-57 wps
03-04 09:34:12.539 D/wpa_supplicant(  694): wlan0:    skip - SSID mismatch
03-04 09:34:12.539 D/wpa_supplicant(  694): wlan0: 5: cc:34:29:2b:26:4c ssid='cws-test' wpa_ie_len=0 rsn_ie_len=20 caps=0x431 level=-58 wps
03-04 09:34:12.539 D/wpa_supplicant(  694): wlan0:    skip - SSID mismatch
03-04 09:34:12.539 D/wpa_supplicant(  694): wlan0: 6: cc:34:29:2c:fb:ec ssid='linksys' wpa_ie_len=22 rsn_ie_len=20 caps=0x431 level=-59 wps
03-04 09:34:12.539 D/wpa_supplicant(  694): wlan0:    skip - SSID mismatch
03-04 09:34:12.539 D/wpa_supplicant(  694): wlan0: 7: 90:94:e4:03:45:f5 ssid='DAP-2553_D' wpa_ie_len=0 rsn_ie_len=24 caps=0x431 level=-61
03-04 09:34:12.539 D/wpa_supplicant(  694): wlan0:    skip - SSID mismatch
03-04 09:34:12.539 D/wpa_supplicant(  694): wlan0: 8: 98:fc:11:81:35:fb ssid='E2000EE' wpa_ie_len=0 rsn_ie_len=20 caps=0x411 level=-61 wps
03-04 09:34:12.539 D/wpa_supplicant(  694): wlan0:    skip - SSID mismatch
03-04 09:34:12.539 D/wpa_supplicant(  694): wlan0: 9: 14:d6:4d:28:ef:c8 ssid='dlink' wpa_ie_len=0 rsn_ie_len=20 caps=0x431 level=-63 wps
03-04 09:34:12.539 D/wpa_supplicant(  694): wlan0:    skip - SSID mismatch
03-04 09:34:12.539 D/wpa_supplicant(  694): wlan0: 10: e4:d3:32:36:2e:54 ssid='otc' wpa_ie_len=26 rsn_ie_len=24 caps=0x411 level=-68 wps
03-04 09:34:12.539 D/wpa_supplicant(  694): wlan0:    skip - SSID mismatch
03-04 09:34:12.539 D/wpa_supplicant(  694): wlan0: 11: 1c:65:9d:e8:79:44 ssid='WiFi' wpa_ie_len=0 rsn_ie_len=20 caps=0x511 level=-69
03-04 09:34:12.539 D/wpa_supplicant(  694): wlan0:    skip - SSID mismatch
03-04 09:34:12.539 D/wpa_supplicant(  694): wlan0: 12: f4:b7:e2:b7:b9:fa ssid='360WiFi-9755' wpa_ie_len=0 rsn_ie_len=20 caps=0x431 level=-76
03-04 09:34:12.539 D/wpa_supplicant(  694): wlan0:    skip - SSID mismatch
03-04 09:34:12.539 D/wpa_supplicant(  694): wlan0: 13: 00:0f:e2:0f:9f:c1 ssid='321_WAN' wpa_ie_len=28 rsn_ie_len=24 caps=0x411 level=-78
03-04 09:34:12.539 D/wpa_supplicant(  694): wlan0:    skip - SSID mismatch
03-04 09:34:12.539 D/wpa_supplicant(  694): wlan0: 14: 44:94:fc:3d:da:38 ssid='6300' wpa_ie_len=0 rsn_ie_len=0 caps=0x411 level=-57
03-04 09:34:12.539 D/wpa_supplicant(  694): wlan0:    skip - SSID mismatch
03-04 09:34:12.539 D/wpa_supplicant(  694): wlan0: 15: c0:c1:c0:76:81:3c ssid='E2000' wpa_ie_len=0 rsn_ie_len=0 caps=0x401 level=-54 wps
03-04 09:34:12.539 D/wpa_supplicant(  694): wlan0:    skip - SSID mismatch
03-04 09:34:12.539 D/wpa_supplicant(  694): wlan0: 16: 50:bd:5f:4b:29:92 ssid='Internet-2' wpa_ie_len=0 rsn_ie_len=0 caps=0x421 level=-68
03-04 09:34:12.539 D/wpa_supplicant(  694): wlan0:    skip - SSID mismatch
03-04 09:34:12.539 D/wpa_supplicant(  694): wlan0: 17: 00:25:86:5c:5e:30 ssid='internet' wpa_ie_len=0 rsn_ie_len=0 caps=0x421 level=-84
03-04 09:34:12.539 D/wpa_supplicant(  694): wlan0:    skip - SSID mismatch
03-04 09:34:12.539 D/wpa_supplicant(  694): wlan0: No suitable network found
03-04 09:34:12.539 D/wpa_supplicant(  694): wlan0: Setting scan request: 40 sec 0 usec
03-04 09:34:12.539 D/wpa_supplicant(  694): wlan0: Checking for other virtual interfaces sharing same radio (phy0) in event_scan_results
03-04 09:34:12.539 D/wpa_supplicant(  694): p2p-dev-wlan0: Updating scan results from sibling
03-04 09:34:12.539 D/wpa_supplicant(  694): nl80211: Received scan results (19 BSSes)
03-04 09:34:12.539 D/wpa_supplicant(  694): nl80211: Survey data missing
03-04 09:34:12.539 D/wpa_supplicant(  694): p2p-dev-wlan0: BSS: Start scan result update 4
03-04 09:34:12.539 D/wpa_supplicant(  694): BSS: No P2P IE - skipping BSS f8:d1:11:e7:99:e8 update for P2P interface
03-04 09:34:12.539 D/wpa_supplicant(  694): BSS: No P2P IE - skipping BSS c8:d7:19:60:62:f2 update for P2P interface
03-04 09:34:12.539 D/wpa_supplicant(  694): BSS: No P2P IE - skipping BSS 10:c3:7b:d2:e5:e0 update for P2P interface
03-04 09:34:12.539 D/wpa_supplicant(  694): BSS: No P2P IE - skipping BSS c4:17:fe:3f:4f:fb update for P2P interface
03-04 09:34:12.539 D/wpa_supplicant(  694): BSS: No P2P IE - skipping BSS b0:48:7a:51:ff:cc update for P2P interface
03-04 09:34:12.539 D/wpa_supplicant(  694): BSS: No P2P IE - skipping BSS cc:34:29:2b:26:4c update for P2P interface
03-04 09:34:12.539 D/wpa_supplicant(  694): BSS: No P2P IE - skipping BSS cc:34:29:2c:fb:ec update for P2P interface
03-04 09:34:12.539 D/wpa_supplicant(  694): BSS: No P2P IE - skipping BSS 90:94:e4:03:45:f5 update for P2P interface
03-04 09:34:12.539 D/wpa_supplicant(  694): BSS: No P2P IE - skipping BSS 98:fc:11:81:35:fb update for P2P interface
03-04 09:34:12.539 D/wpa_supplicant(  694): BSS: No P2P IE - skipping BSS 14:d6:4d:28:ef:c8 update for P2P interface
03-04 09:34:12.539 D/wpa_supplicant(  694): BSS: No P2P IE - skipping BSS e4:d3:32:36:2e:54 update for P2P interface
03-04 09:34:12.539 D/wpa_supplicant(  694): BSS: No P2P IE - skipping BSS 1c:65:9d:e8:79:44 update for P2P interface
03-04 09:34:12.539 D/wpa_supplicant(  694): BSS: No P2P IE - skipping BSS f4:b7:e2:b7:b9:fa update for P2P interface
03-04 09:34:12.539 D/wpa_supplicant(  694): BSS: No P2P IE - skipping BSS 00:0f:e2:0f:9f:c1 update for P2P interface
03-04 09:34:12.539 D/wpa_supplicant(  694): BSS: No P2P IE - skipping BSS 44:94:fc:3d:da:38 update for P2P interface
03-04 09:34:12.539 D/wpa_supplicant(  694): BSS: No P2P IE - skipping BSS c0:c1:c0:76:81:3c update for P2P interface
03-04 09:34:12.539 D/wpa_supplicant(  694): BSS: No P2P IE - skipping BSS 50:bd:5f:4b:29:92 update for P2P interface
03-04 09:34:12.539 D/wpa_supplicant(  694): BSS: No P2P IE - skipping BSS 00:25:86:5c:5e:30 update for P2P interface
03-04 09:34:12.539 D/wpa_supplicant(  694): BSS: last_scan_res_used=0/32 last_scan_full=0
03-04 09:34:12.539 D/wpa_supplicant(  694): p2p-dev-wlan0: New scan results available
03-04 09:34:12.539 D/wpa_supplicant(  694): CTRL_IFACE monitor send - hexdump(len=39): 2f 64 61 74 61 2f 6d 69 73 63 2f 77 69 66 69 2f 73 6f 63 6b 65 74 73 2f 77 70 61 5f 63 74 72 6c ...
03-04 09:34:12.539 D/wpa_supplicant(  694): CTRL_IFACE monitor send - hexdump(len=39): 2f 64 61 74 61 2f 6d 69 73 63 2f 77 69 66 69 2f 73 6f 63 6b 65 74 73 2f 77 70 61 5f 63 74 72 6c ...
03-04 09:34:12.539 D/wpa_supplicant(  694): WPS: AP 02:09:4c:51:a8:28 type 0 added
03-04 09:34:12.539 D/wpa_supplicant(  694): WPS: AP[0] 10:c3:7b:d2:e5:e0 type=0 tries=0 last_attempt=-1 sec ago blacklist=0
03-04 09:34:12.539 I/WifiHW  (  505): EVENT: IFNAME=p2p-dev-wlan0 CTRL-EVENT-SCAN-RESULTS 
03-04 09:34:12.539 D/wpa_supplicant(  694): WPS: AP[1] f8:d1:11:e7:99:e8 type=0 tries=0 last_attempt=-1 sec ago blacklist=0
03-04 09:34:12.539 D/wpa_supplicant(  694): WPS: AP[2] c8:d7:19:60:62:f2 type=0 tries=0 last_attempt=-1 sec ago blacklist=0
03-04 09:34:12.539 D/wpa_supplicant(  694): WPS: AP[3] 7a:ff:57:00:13:8e type=0 tries=0 last_attempt=-1 sec ago blacklist=0
03-04 09:34:12.539 D/wpa_supplicant(  694): WPS: AP[4] cc:34:29:2c:fb:ec type=0 tries=0 last_attempt=-1 sec ago blacklist=0
03-04 09:34:12.539 D/wpa_supplicant(  694): WPS: AP[5] cc:34:29:2b:26:4c type=0 tries=0 last_attempt=-1 sec ago blacklist=0
03-04 09:34:12.539 D/wpa_supplicant(  694): WPS: AP[6] 98:fc:11:81:35:fb type=0 tries=0 last_attempt=-1 sec ago blacklist=0
03-04 09:34:12.539 D/wpa_supplicant(  694): WPS: AP[7] c0:a0:bb:20:3b:84 type=0 tries=0 last_attempt=-1 sec ago blacklist=0
03-04 09:34:12.539 D/wpa_supplicant(  694): WPS: AP[8] c0:c1:c0:76:81:3c type=0 tries=0 last_attempt=-1 sec ago blacklist=0
03-04 09:34:12.539 D/wpa_supplicant(  694): WPS: AP[9] b0:48:7a:51:ff:cc type=0 tries=0 last_attempt=-1 sec ago blacklist=0
03-04 09:34:12.539 D/wpa_supplicant(  694): WPS: AP[10] 14:d6:4d:28:ef:c8 type=0 tries=0 last_attempt=-1 sec ago blacklist=0
03-04 09:34:12.539 D/wpa_supplicant(  694): WPS: AP[11] e4:d3:32:36:2e:54 type=0 tries=0 last_attempt=-1 sec ago blacklist=0
03-04 09:34:12.539 D/wpa_supplicant(  694): WPS: AP[12] 02:09:4c:51:a8:28 type=0 tries=0 last_attempt=-1 sec ago blacklist=0
03-04 09:34:12.539 D/wpa_supplicant(  694): p2p-dev-wlan0: No suitable network found
03-04 09:34:12.539 D/wpa_supplicant(  694): p2p-dev-wlan0: Short-circuit new scan request since there are no enabled networks
03-04 09:34:12.539 D/wpa_supplicant(  694): p2p-dev-wlan0: State: INACTIVE -> INACTIVE
03-04 09:34:12.539 D/wpa_supplicant(  694): wlan0: P2P: Station mode scan operation not pending anymore (sta_scan_pending=0 p2p_cb_on_scan_complete=0)
03-04 09:34:12.539 I/WifiHW  (  505): EVENT: IFNAME=p2p-dev-wlan0 WPS-AP-AVAILABLE 
03-04 09:34:12.539 D/wpa_supplicant(  694): RX ctrl_iface - hexdump(len=25): 42 53 53 20 52 41 4e 47 45 3d 30 2d 20 4d 41 53 4b 3d 30 78 32 31 39 38 37
03-04 09:34:12.539 D/wpa_supplicant(  694): wlan0: Control interface command 'BSS RANGE=0- MASK=0x21987'
03-04 09:34:12.539 I/WifiHW  (  505): REPLY: id=0
03-04 09:34:12.539 I/WifiHW  (  505): REPLY: bssid=10:c3:7b:d2:e5:e0
03-04 09:34:12.539 I/WifiHW  (  505): REPLY: freq=2462
03-04 09:34:12.539 I/WifiHW  (  505): REPLY: level=-55
03-04 09:34:12.539 I/WifiHW  (  505): REPLY: tsf=0000000122732697
03-04 09:34:12.539 I/WifiHW  (  505): REPLY: flags=[WPA2-PSK-CCMP][WPS][ESS]
03-04 09:34:12.539 I/WifiHW  (  505): REPLY: ssid=ASUS_RT-AC66U-2.4G
03-04 09:34:12.539 I/WifiHW  (  505): REPLY: ====
03-04 09:34:12.539 D/wpa_supplicant(  694): RTM_NEWLINK: operstate=0 ifi_flags=0x11003 ([UP][LOWER_UP])
03-04 09:34:12.539 D/wpa_supplicant(  694): RTM_NEWLINK, IFLA_IFNAME: Interface 'wlan0' added
03-04 09:34:12.539 D/wpa_supplicant(  694): nl80211: if_removed already cleared - ignore event
03-04 09:34:12.539 I/WifiHW  (  505): REPLY: id=1
03-04 09:34:12.539 I/WifiHW  (  505): REPLY: bssid=f8:d1:11:e7:99:e8
03-04 09:34:12.539 I/WifiHW  (  505): REPLY: freq=2437
03-04 09:34:12.539 I/WifiHW  (  505): REPLY: level=-37
03-04 09:34:12.539 I/WifiHW  (  505): REPLY: tsf=0000000122732644
03-04 09:34:12.539 I/WifiHW  (  505): REPLY: flags=[WPA-PSK-CCMP][WPA2-PSK-CCMP][WPS][ESS]
03-04 09:34:12.539 I/WifiHW  (  505): REPLY: ssid=videotest
03-04 09:34:12.539 I/WifiHW  (  505): REPLY: ====
03-04 09:34:12.539 I/WifiHW  (  505): REPLY: id=2
03-04 09:34:12.539 I/WifiHW  (  505): REPLY: bssid=c8:d7:19:60:62:f2
03-04 09:34:12.539 I/WifiHW  (  505): REPLY: freq=2437
03-04 09:34:12.539 I/WifiHW  (  505): REPLY: level=-52
03-04 09:34:12.539 I/WifiHW  (  505): REPLY: tsf=0000000122732627
03-04 09:34:12.539 I/WifiHW  (  505): REPLY: flags=[WPA2-PSK-CCMP][WPS][ESS]
03-04 09:34:12.539 I/WifiHW  (  505): REPLY: ssid=E3000-2.4G
03-04 09:34:12.539 I/WifiHW  (  505): REPLY: ====
03-04 09:34:12.539 I/WifiHW  (  505): REPLY: id=3
03-04 09:34:12.539 I/WifiHW  (  505): REPLY: bssid=7a:ff:57:00:13:8e
03-04 09:34:12.539 I/WifiHW  (  505): REPLY: freq=2462
03-04 09:34:12.539 I/WifiHW  (  505): REPLY: level=-60
03-04 09:34:12.539 I/WifiHW  (  505): REPLY: tsf=0000000081489864
03-04 09:34:12.539 I/WifiHW  (  505): REPLY: flags=[WPA2-PSK-CCMP][WPS][ESS][P2P]
03-04 09:34:12.539 I/WifiHW  (  505): REPLY: ssid=DIRECT-c1-Android_2a3b
03-04 09:34:12.539 I/WifiHW  (  505): REPLY: ====
03-04 09:34:12.539 I/WifiHW  (  505): REPLY: id=4
03-04 09:34:12.539 I/WifiHW  (  505): REPLY: bssid=cc:34:29:2c:fb:ec
03-04 09:34:12.539 I/WifiHW  (  505): REPLY: freq=2412
03-04 09:34:12.539 I/WifiHW  (  505): REPLY: level=-59
03-04 09:34:12.539 I/WifiHW  (  505): REPLY: tsf=0000000122732588
03-04 09:34:12.539 I/WifiHW  (  505): REPLY: flags=[WPA-PSK-CCMP][WPA2-PSK-CCMP][WPS][ESS]
03-04 09:34:12.539 I/WifiHW  (  505): REPLY: ssid=linksys
03-04 09:34:12.539 I/WifiHW  (  505): REPLY: ====
03-04 09:34:12.539 I/WifiHW  (  505): REPLY: id=5
03-04 09:34:12.539 I/WifiHW  (  505): REPLY: bssid=cc:34:29:2b:26:4c
03-04 09:34:12.539 I/WifiHW  (  505): REPLY: freq=2462
03-04 09:34:12.539 I/WifiHW  (  505): REPLY: level=-58
03-04 09:34:12.539 I/WifiHW  (  505): REPLY: tsf=0000000122732715
03-04 09:34:12.539 I/WifiHW  (  505): REPLY: flags=[WPA2-PSK-CCMP][WPS][ESS]
03-04 09:34:12.539 I/WifiHW  (  505): REPLY: ssid=cws-test
03-04 09:34:12.539 I/WifiHW  (  505): REPLY: ====
03-04 09:34:12.539 I/WifiHW  (  505): REPLY: id=6
03-04 09:34:12.539 I/WifiHW  (  505): REPLY: bssid=90:94:e4:03:45:f5
03-04 09:34:12.539 I/WifiHW  (  505): REPLY: freq=2442
03-04 09:34:12.539 I/WifiHW  (  505): REPLY: level=-61
03-04 09:34:12.539 I/WifiHW  (  505): REPLY: tsf=0000000122732679
03-04 09:34:12.539 I/WifiHW  (  505): REPLY: flags=[WPA2-PSK-CCMP+TKIP][ESS]
03-04 09:34:12.539 I/WifiHW  (  505): REPLY: ssid=DAP-2553_D
03-04 09:34:12.539 I/WifiHW  (  505): REPLY: ====
03-04 09:34:12.539 I/WifiHW  (  505): REPLY: id=7
03-04 09:34:12.539 I/WifiHW  (  505): REPLY: bssid=98:fc:11:81:35:fb
03-04 09:34:12.539 I/WifiHW  (  505): REPLY: freq=2412
03-04 09:34:12.539 I/WifiHW  (  505): REPLY: level=-61
03-04 09:34:12.539 I/WifiHW  (  505): REPLY: tsf=0000000122732142
03-04 09:34:12.539 I/WifiHW  (  505): REPLY: flags=[WPA2-PSK-CCMP][WPS][ESS]
03-04 09:34:12.539 I/WifiHW  (  505): REPLY: ssid=E2000EE
03-04 09:34:12.539 I/WifiHW  (  505): REPLY: ====
03-04 09:34:12.539 I/WifiHW  (  505): REPLY: id=8
03-04 09:34:12.539 I/WifiHW  (  505): REPLY: bssid=c4:17:fe:3f:4f:fb
03-04 09:34:12.539 I/WifiHW  (  505): REPLY: freq=2437
03-04 09:34:12.539 I/WifiHW  (  505): REPLY: level=-56
03-04 09:34:12.539 I/WifiHW  (  505): REPLY: tsf=0000000122732619
03-04 09:34:12.539 I/WifiHW  (  505): REPLY: flags=[WPA2-PSK-CCMP][ESS]
03-04 09:34:12.539 I/WifiHW  (  505): REPLY: ssid=cmcm
03-04 09:34:12.539 I/WifiHW  (  505): REPLY: ====
03-04 09:34:12.539 I/WifiHW  (  505): REPLY: id=9
03-04 09:34:12.539 I/WifiHW  (  505): REPLY: bssid=c0:a0:bb:20:3b:84
03-04 09:34:12.539 I/WifiHW  (  505): REPLY: freq=2417
03-04 09:34:12.539 I/WifiHW  (  505): REPLY: level=-72
03-04 09:34:12.539 I/WifiHW  (  505): REPLY: tsf=0000000081489731
03-04 09:34:12.539 I/WifiHW  (  505): REPLY: flags=[WPA-PSK-CCMP+TKIP][WPA2-PSK-CCMP+TKIP][WPS][ESS]
03-04 09:34:12.539 I/WifiHW  (  505): REPLY: ssid=dlink-3B84
03-04 09:34:12.539 I/WifiHW  (  505): REPLY: ====
03-04 09:34:12.539 I/WifiHW  (  505): REPLY: id=10
03-04 09:34:12.539 I/WifiHW  (  505): REPLY: bssid=00:0f:e2:0f:9f:c1
03-04 09:34:12.539 I/WifiHW  (  505): REPLY: freq=2462
03-04 09:34:12.539 I/WifiHW  (  505): REPLY: level=-78
03-04 09:34:12.539 I/WifiHW  (  505): REPLY: tsf=0000000122732733
03-04 09:34:12.539 I/WifiHW  (  505): REPLY: flags=[WPA-PSK-CCMP+TKIP][WPA2-PSK-CCMP+TKIP][ESS]
03-04 09:34:12.539 I/WifiHW  (  505): REPLY: ssid=321_WAN
03-04 09:34:12.539 I/WifiHW  (  505): REPLY: ====
03-04 09:34:12.539 I/WifiHW  (  505): REPLY: id=11
03-04 09:34:12.539 I/WifiHW  (  505): REPLY: bssid=44:94:fc:3d:da:38
03-04 09:34:12.539 I/WifiHW  (  505): REPLY: freq=2462
03-04 09:34:12.539 I/WifiHW  (  505): REPLY: level=-57
03-04 09:34:12.539 I/WifiHW  (  505): REPLY: tsf=0000000122732706
03-04 09:34:12.539 I/WifiHW  (  505): REPLY: flags=[WEP][ESS]
03-04 09:34:12.539 I/WifiHW  (  505): REPLY: ssid=6300
03-04 09:34:12.539 I/WifiHW  (  505): REPLY: ====
03-04 09:34:12.539 I/WifiHW  (  505): REPLY: id=12
03-04 09:34:12.539 I/WifiHW  (  505): REPLY: bssid=02:09:4c:66:8d:fd
03-04 09:34:12.539 I/WifiHW  (  505): REPLY: freq=2412
03-04 09:34:12.539 I/WifiHW  (  505): REPLY: level=-75
03-04 09:34:12.539 I/WifiHW  (  505): REPLY: tsf=0000000081489723
03-04 09:34:12.539 I/WifiHW  (  505): REPLY: flags=[WEP]
03-04 09:34:12.539 I/WifiHW  (  505): REPLY: ssid=DIRECT-
03-04 09:34:12.539 I/WifiHW  (  505): REPLY: ====
03-04 09:34:12.539 I/WifiHW  (  505): REPLY: id=13
03-04 09:34:12.539 I/WifiHW  (  505): REPLY: bssid=c0:c1:c0:76:81:3c
03-04 09:34:12.539 I/WifiHW  (  505): REPLY: freq=2462
03-04 09:34:12.539 I/WifiHW  (  505): REPLY: level=-54
03-04 09:34:12.539 I/WifiHW  (  505): REPLY: tsf=0000000122732723
03-04 09:34:12.539 I/WifiHW  (  505): REPLY: flags=[WPS][ESS]
03-04 09:34:12.539 I/WifiHW  (  505): REPLY: ssid=E2000
03-04 09:34:12.539 I/WifiHW  (  505): REPLY: ====
03-04 09:34:12.539 I/WifiHW  (  505): REPLY: id=14
03-04 09:34:12.539 I/WifiHW  (  505): REPLY: bssid=50:bd:5f:4b:29:92
03-04 09:34:12.539 I/WifiHW  (  505): REPLY: freq=2437
03-04 09:34:12.539 I/WifiHW  (  505): REPLY: level=-68
03-04 09:34:12.539 I/WifiHW  (  505): REPLY: tsf=0000000122732662
