03-04 13:48:43.239 D/wpa_supplicant(  694): wlan0:    skip - SSID mismatch
03-04 13:48:43.239 D/wpa_supplicant(  694): wlan0: 14: 44:94:fc:3d:da:38 ssid='6300' wpa_ie_len=0 rsn_ie_len=0 caps=0x411 level=-51
03-04 13:48:43.239 D/wpa_supplicant(  694): wlan0:    skip - SSID mismatch
03-04 13:48:43.239 D/wpa_supplicant(  694): wlan0: 15: c0:c1:c0:76:81:3c ssid='E2000' wpa_ie_len=0 rsn_ie_len=0 caps=0x401 level=-54 wps
03-04 13:48:43.239 D/wpa_supplicant(  694): wlan0:    skip - SSID mismatch
03-04 13:48:43.239 D/wpa_supplicant(  694): wlan0: 16: 50:bd:5f:4b:29:92 ssid='Internet-2' wpa_ie_len=0 rsn_ie_len=0 caps=0x421 level=-68
03-04 13:48:43.239 D/wpa_supplicant(  694): wlan0:    skip - SSID mismatch
03-04 13:48:43.239 D/wpa_supplicant(  694): wlan0: 17: e4:d3:32:dd:18:62 ssid='Internet' wpa_ie_len=0 rsn_ie_len=0 caps=0x421 level=-74
03-04 13:48:43.239 D/wpa_supplicant(  694): wlan0:    skip - SSID mismatch
03-04 13:48:43.239 D/wpa_supplicant(  694): wlan0: Selecting BSS from priority group 15
03-04 13:48:43.239 D/wpa_supplicant(  694): wlan0: 0: f8:d1:11:e7:99:e8 ssid='videotest' wpa_ie_len=22 rsn_ie_len=20 caps=0x531 level=-45 wps
03-04 13:48:43.239 D/wpa_supplicant(  694): wlan0:    skip - SSID mismatch
03-04 13:48:43.239 D/wpa_supplicant(  694): wlan0: 1: cc:34:29:2b:26:4c ssid='cws-test' wpa_ie_len=0 rsn_ie_len=20 caps=0x431 level=-54 wps
03-04 13:48:43.239 D/wpa_supplicant(  694): wlan0:    skip - SSID mismatch
03-04 13:48:43.239 D/wpa_supplicant(  694): wlan0: 2: c8:d7:19:60:62:f2 ssid='E3000-2.4G' wpa_ie_len=0 rsn_ie_len=20 caps=0x411 level=-54 wps
03-04 13:48:43.239 D/wpa_supplicant(  694): wlan0:    skip - SSID mismatch
03-04 13:48:43.239 D/wpa_supplicant(  694): wlan0: 3: 10:c3:7b:d2:e5:e0 ssid='ASUS_RT-AC66U-2.4G' wpa_ie_len=0 rsn_ie_len=20 caps=0x411 level=-59 wps
03-04 13:48:43.239 D/wpa_supplicant(  694): wlan0:    skip - SSID mismatch
03-04 13:48:43.239 D/wpa_supplicant(  694): wlan0: 4: 90:94:e4:03:45:f5 ssid='DAP-2553_D' wpa_ie_len=0 rsn_ie_len=24 caps=0x431 level=-61
03-04 13:48:43.239 D/wpa_supplicant(  694): wlan0:    skip - SSID mismatch
03-04 13:48:43.239 D/wpa_supplicant(  694): wlan0: 5: e4:d3:32:c0:cf:a4 ssid='fast' wpa_ie_len=0 rsn_ie_len=20 caps=0x411 level=-62
03-04 13:48:43.239 D/wpa_supplicant(  694): wlan0:    skip - SSID mismatch
03-04 13:48:43.239 D/wpa_supplicant(  694): wlan0: 6: 02:1a:11:f9:1b:4b ssid='Andy' wpa_ie_len=0 rsn_ie_len=20 caps=0x511 level=-64
03-04 13:48:43.239 D/wpa_supplicant(  694): wlan0:    skip - SSID mismatch
03-04 13:48:43.239 D/wpa_supplicant(  694): wlan0: 7: cc:b2:55:e2:84:70 ssid='DLINK_APK' wpa_ie_len=22 rsn_ie_len=20 caps=0x411 level=-64
03-04 13:48:43.239 D/wpa_supplicant(  694): wlan0:    skip - SSID mismatch
03-04 13:48:43.239 D/wpa_supplicant(  694): wlan0: 8: e4:d3:32:36:2e:54 ssid='otc' wpa_ie_len=26 rsn_ie_len=24 caps=0x411 level=-65 wps
03-04 13:48:43.239 D/wpa_supplicant(  694): wlan0:    skip - SSID mismatch
03-04 13:48:43.239 D/wpa_supplicant(  694): wlan0: 9: c4:17:fe:3f:4f:fb ssid='cmcm' wpa_ie_len=0 rsn_ie_len=20 caps=0x511 level=-69
03-04 13:48:43.239 D/wpa_supplicant(  694): wlan0:    skip - SSID mismatch
03-04 13:48:43.239 D/wpa_supplicant(  694): wlan0: 10: 14:d6:4d:28:ef:c8 ssid='dlink' wpa_ie_len=0 rsn_ie_len=20 caps=0x31 level=-71 wps
03-04 13:48:43.239 D/wpa_supplicant(  694): wlan0:    skip - SSID mismatch
03-04 13:48:43.239 D/wpa_supplicant(  694): wlan0: 11: b0:48:7a:51:ff:cc ssid='Neusoft TP' wpa_ie_len=22 rsn_ie_len=20 caps=0x431 level=-76 wps
03-04 13:48:43.239 D/wpa_supplicant(  694): wlan0:    skip - SSID mismatch
03-04 13:48:43.239 D/wpa_supplicant(  694): wlan0: 12: 1c:65:9d:e8:79:44 ssid='WiFi' wpa_ie_len=0 rsn_ie_len=20 caps=0x511 level=-77
03-04 13:48:43.239 D/wpa_supplicant(  694): wlan0:    skip - SSID mismatch
03-04 13:48:43.239 D/wpa_supplicant(  694): wlan0: 13: 00:0f:e2:0f:9f:c1 ssid='321_WAN' wpa_ie_len=28 rsn_ie_len=24 caps=0x411 level=-78
03-04 13:48:43.239 D/wpa_supplicant(  694): wlan0:    skip - SSID mismatch
03-04 13:48:43.239 D/wpa_supplicant(  694): wlan0: 14: 44:94:fc:3d:da:38 ssid='6300' wpa_ie_len=0 rsn_ie_len=0 caps=0x411 level=-51
03-04 13:48:43.239 D/wpa_supplicant(  694): wlan0:    skip - SSID mismatch
03-04 13:48:43.239 D/wpa_supplicant(  694): wlan0: 15: c0:c1:c0:76:81:3c ssid='E2000' wpa_ie_len=0 rsn_ie_len=0 caps=0x401 level=-54 wps
03-04 13:48:43.239 D/wpa_supplicant(  694): wlan0:    skip - SSID mismatch
03-04 13:48:43.239 D/wpa_supplicant(  694): wlan0: 16: 50:bd:5f:4b:29:92 ssid='Internet-2' wpa_ie_len=0 rsn_ie_len=0 caps=0x421 level=-68
03-04 13:48:43.239 D/wpa_supplicant(  694): wlan0:    skip - SSID mismatch
03-04 13:48:43.239 D/wpa_supplicant(  694): wlan0: 17: e4:d3:32:dd:18:62 ssid='Internet' wpa_ie_len=0 rsn_ie_len=0 caps=0x421 level=-74
03-04 13:48:43.239 D/wpa_supplicant(  694): wlan0:    skip - SSID mismatch
03-04 13:48:43.239 D/wpa_supplicant(  694): wlan0: Selecting BSS from priority group 4
03-04 13:48:43.239 D/wpa_supplicant(  694): wlan0: 0: f8:d1:11:e7:99:e8 ssid='videotest' wpa_ie_len=22 rsn_ie_len=20 caps=0x531 level=-45 wps
03-04 13:48:43.239 D/wpa_supplicant(  694): wlan0:    skip - SSID mismatch
03-04 13:48:43.239 D/wpa_supplicant(  694): wlan0: 1: cc:34:29:2b:26:4c ssid='cws-test' wpa_ie_len=0 rsn_ie_len=20 caps=0x431 level=-54 wps
03-04 13:48:43.239 D/wpa_supplicant(  694): wlan0:    skip - SSID mismatch
03-04 13:48:43.239 D/wpa_supplicant(  694): wlan0: 2: c8:d7:19:60:62:f2 ssid='E3000-2.4G' wpa_ie_len=0 rsn_ie_len=20 caps=0x411 level=-54 wps
03-04 13:48:43.239 D/wpa_supplicant(  694): wlan0:    skip - SSID mismatch
03-04 13:48:43.239 D/wpa_supplicant(  694): wlan0: 3: 10:c3:7b:d2:e5:e0 ssid='ASUS_RT-AC66U-2.4G' wpa_ie_len=0 rsn_ie_len=20 caps=0x411 level=-59 wps
03-04 13:48:43.239 D/wpa_supplicant(  694): wlan0:    skip - SSID mismatch
03-04 13:48:43.239 D/wpa_supplicant(  694): wlan0: 4: 90:94:e4:03:45:f5 ssid='DAP-2553_D' wpa_ie_len=0 rsn_ie_len=24 caps=0x431 level=-61
03-04 13:48:43.239 D/wpa_supplicant(  694): wlan0:    skip - SSID mismatch
03-04 13:48:43.239 D/wpa_supplicant(  694): wlan0: 5: e4:d3:32:c0:cf:a4 ssid='fast' wpa_ie_len=0 rsn_ie_len=20 caps=0x411 level=-62
03-04 13:48:43.239 D/wpa_supplicant(  694): wlan0:    skip - SSID mismatch
03-04 13:48:43.239 D/wpa_supplicant(  694): wlan0: 6: 02:1a:11:f9:1b:4b ssid='Andy' wpa_ie_len=0 rsn_ie_len=20 caps=0x511 level=-64
03-04 13:48:43.239 D/wpa_supplicant(  694): wlan0:    skip - SSID mismatch
03-04 13:48:43.239 D/wpa_supplicant(  694): wlan0: 7: cc:b2:55:e2:84:70 ssid='DLINK_APK' wpa_ie_len=22 rsn_ie_len=20 caps=0x411 level=-64
03-04 13:48:43.239 D/wpa_supplicant(  694): wlan0:    skip - SSID mismatch
03-04 13:48:43.239 D/wpa_supplicant(  694): wlan0: 8: e4:d3:32:36:2e:54 ssid='otc' wpa_ie_len=26 rsn_ie_len=24 caps=0x411 level=-65 wps
03-04 13:48:43.239 D/wpa_supplicant(  694): wlan0:    skip - SSID mismatch
03-04 13:48:43.249 D/wpa_supplicant(  694): wlan0: 9: c4:17:fe:3f:4f:fb ssid='cmcm' wpa_ie_len=0 rsn_ie_len=20 caps=0x511 level=-69
03-04 13:48:43.249 D/wpa_supplicant(  694): wlan0:    skip - SSID mismatch
03-04 13:48:43.249 D/wpa_supplicant(  694): wlan0: 10: 14:d6:4d:28:ef:c8 ssid='dlink' wpa_ie_len=0 rsn_ie_len=20 caps=0x31 level=-71 wps
03-04 13:48:43.249 D/wpa_supplicant(  694): wlan0:    skip - SSID mismatch
03-04 13:48:43.249 D/wpa_supplicant(  694): wlan0: 11: b0:48:7a:51:ff:cc ssid='Neusoft TP' wpa_ie_len=22 rsn_ie_len=20 caps=0x431 level=-76 wps
03-04 13:48:43.249 D/wpa_supplicant(  694): wlan0:    skip - SSID mismatch
03-04 13:48:43.249 D/wpa_supplicant(  694): wlan0: 12: 1c:65:9d:e8:79:44 ssid='WiFi' wpa_ie_len=0 rsn_ie_len=20 caps=0x511 level=-77
03-04 13:48:43.249 D/wpa_supplicant(  694): wlan0:    skip - SSID mismatch
03-04 13:48:43.249 D/wpa_supplicant(  694): wlan0: 13: 00:0f:e2:0f:9f:c1 ssid='321_WAN' wpa_ie_len=28 rsn_ie_len=24 caps=0x411 level=-78
03-04 13:48:43.249 D/wpa_supplicant(  694): wlan0:    skip - SSID mismatch
03-04 13:48:43.249 D/wpa_supplicant(  694): wlan0: 14: 44:94:fc:3d:da:38 ssid='6300' wpa_ie_len=0 rsn_ie_len=0 caps=0x411 level=-51
03-04 13:48:43.249 D/wpa_supplicant(  694): wlan0:    skip - SSID mismatch
03-04 13:48:43.249 D/wpa_supplicant(  694): wlan0: 15: c0:c1:c0:76:81:3c ssid='E2000' wpa_ie_len=0 rsn_ie_len=0 caps=0x401 level=-54 wps
03-04 13:48:43.249 D/wpa_supplicant(  694): wlan0:    skip - SSID mismatch
03-04 13:48:43.249 D/wpa_supplicant(  694): wlan0: 16: 50:bd:5f:4b:29:92 ssid='Internet-2' wpa_ie_len=0 rsn_ie_len=0 caps=0x421 level=-68
03-04 13:48:43.249 D/wpa_supplicant(  694): wlan0:    skip - SSID mismatch
03-04 13:48:43.249 D/wpa_supplicant(  694): wlan0: 17: e4:d3:32:dd:18:62 ssid='Internet' wpa_ie_len=0 rsn_ie_len=0 caps=0x421 level=-74
03-04 13:48:43.249 D/wpa_supplicant(  694): wlan0:    skip - SSID mismatch
03-04 13:48:43.249 D/wpa_supplicant(  694): wlan0: No suitable network found
03-04 13:48:43.249 D/wpa_supplicant(  694): wlan0: Setting scan request: 40 sec 0 usec
03-04 13:48:43.249 D/wpa_supplicant(  694): wlan0: Checking for other virtual interfaces sharing same radio (phy0) in event_scan_results
03-04 13:48:43.249 D/wpa_supplicant(  694): p2p-dev-wlan0: Updating scan results from sibling
03-04 13:48:43.249 D/wpa_supplicant(  694): nl80211: Received scan results (19 BSSes)
03-04 13:48:43.249 D/wpa_supplicant(  694): nl80211: Survey data missing
03-04 13:48:43.249 D/wpa_supplicant(  694): p2p-dev-wlan0: BSS: Start scan result update 360
03-04 13:48:43.249 D/wpa_supplicant(  694): BSS: No P2P IE - skipping BSS f8:d1:11:e7:99:e8 update for P2P interface
03-04 13:48:43.249 D/wpa_supplicant(  694): BSS: No P2P IE - skipping BSS cc:34:29:2b:26:4c update for P2P interface
03-04 13:48:43.249 D/wpa_supplicant(  694): BSS: No P2P IE - skipping BSS c8:d7:19:60:62:f2 update for P2P interface
03-04 13:48:43.249 D/wpa_supplicant(  694): BSS: No P2P IE - skipping BSS 10:c3:7b:d2:e5:e0 update for P2P interface
03-04 13:48:43.249 D/wpa_supplicant(  694): BSS: No P2P IE - skipping BSS 90:94:e4:03:45:f5 update for P2P interface
03-04 13:48:43.249 D/wpa_supplicant(  694): BSS: No P2P IE - skipping BSS e4:d3:32:c0:cf:a4 update for P2P interface
03-04 13:48:43.249 D/wpa_supplicant(  694): BSS: No P2P IE - skipping BSS 02:1a:11:f9:1b:4b update for P2P interface
03-04 13:48:43.249 D/wpa_supplicant(  694): BSS: No P2P IE - skipping BSS cc:b2:55:e2:84:70 update for P2P interface
03-04 13:48:43.249 D/wpa_supplicant(  694): BSS: No P2P IE - skipping BSS e4:d3:32:36:2e:54 update for P2P interface
03-04 13:48:43.249 D/wpa_supplicant(  694): BSS: No P2P IE - skipping BSS c4:17:fe:3f:4f:fb update for P2P interface
03-04 13:48:43.249 D/wpa_supplicant(  694): BSS: No P2P IE - skipping BSS 14:d6:4d:28:ef:c8 update for P2P interface
03-04 13:48:43.249 D/wpa_supplicant(  694): BSS: No P2P IE - skipping BSS b0:48:7a:51:ff:cc update for P2P interface
03-04 13:48:43.249 D/wpa_supplicant(  694): BSS: No P2P IE - skipping BSS 1c:65:9d:e8:79:44 update for P2P interface
03-04 13:48:43.249 D/wpa_supplicant(  694): BSS: No P2P IE - skipping BSS 00:0f:e2:0f:9f:c1 update for P2P interface
03-04 13:48:43.249 D/wpa_supplicant(  694): BSS: No P2P IE - skipping BSS 44:94:fc:3d:da:38 update for P2P interface
03-04 13:48:43.249 D/wpa_supplicant(  694): BSS: No P2P IE - skipping BSS c0:c1:c0:76:81:3c update for P2P interface
03-04 13:48:43.249 D/wpa_supplicant(  694): BSS: No P2P IE - skipping BSS 50:bd:5f:4b:29:92 update for P2P interface
03-04 13:48:43.249 D/wpa_supplicant(  694): BSS: No P2P IE - skipping BSS e4:d3:32:dd:18:62 update for P2P interface
03-04 13:48:43.249 D/wpa_supplicant(  694): BSS: last_scan_res_used=0/32 last_scan_full=0
03-04 13:48:43.249 D/wpa_supplicant(  694): p2p-dev-wlan0: New scan results available
03-04 13:48:43.249 D/wpa_supplicant(  694): CTRL_IFACE monitor send - hexdump(len=39): 2f 64 61 74 61 2f 6d 69 73 63 2f 77 69 66 69 2f 73 6f 63 6b 65 74 73 2f 77 70 61 5f 63 74 72 6c ...
03-04 13:48:43.249 I/WifiHW  (  505): EVENT: IFNAME=p2p-dev-wlan0 CTRL-EVENT-SCAN-RESULTS 
03-04 13:48:43.249 D/wpa_supplicant(  694): WPS: AP[0] 10:c3:7b:d2:e5:e0 type=0 tries=0 last_attempt=-1 sec ago blacklist=0
03-04 13:48:43.249 D/wpa_supplicant(  694): WPS: AP[1] f8:d1:11:e7:99:e8 type=0 tries=0 last_attempt=-1 sec ago blacklist=0
03-04 13:48:43.249 D/wpa_supplicant(  694): WPS: AP[2] c8:d7:19:60:62:f2 type=0 tries=0 last_attempt=-1 sec ago blacklist=0
03-04 13:48:43.249 D/wpa_supplicant(  694): WPS: AP[3] 7a:ff:57:00:13:8e type=0 tries=0 last_attempt=-1 sec ago blacklist=0
03-04 13:48:43.249 D/wpa_supplicant(  694): WPS: AP[4] cc:34:29:2c:fb:ec type=0 tries=0 last_attempt=-1 sec ago blacklist=0
03-04 13:48:43.249 D/wpa_supplicant(  694): WPS: AP[5] cc:34:29:2b:26:4c type=0 tries=0 last_attempt=-1 sec ago blacklist=0
03-04 13:48:43.249 D/wpa_supplicant(  694): WPS: AP[6] 98:fc:11:81:35:fb type=0 tries=0 last_attempt=-1 sec ago blacklist=0
03-04 13:48:43.249 D/wpa_supplicant(  694): WPS: AP[7] c0:a0:bb:20:3b:84 type=0 tries=0 last_attempt=-1 sec ago blacklist=0
03-04 13:48:43.249 D/wpa_supplicant(  694): WPS: AP[8] c0:c1:c0:76:81:3c type=0 tries=0 last_attempt=-1 sec ago blacklist=0
03-04 13:48:43.249 D/wpa_supplicant(  694): WPS: AP[9] b0:48:7a:51:ff:cc type=0 tries=0 last_attempt=-1 sec ago blacklist=0
03-04 13:48:43.249 D/wpa_supplicant(  694): WPS: AP[10] 14:d6:4d:28:ef:c8 type=0 tries=0 last_attempt=-1 sec ago blacklist=0
03-04 13:48:43.249 D/wpa_supplicant(  694): WPS: AP[11] e4:d3:32:36:2e:54 type=0 tries=0 last_attempt=-1 sec ago blacklist=0
03-04 13:48:43.249 D/wpa_supplicant(  694): WPS: AP[12] 02:09:4c:51:a8:28 type=0 tries=0 last_attempt=-1 sec ago blacklist=0
03-04 13:48:43.249 D/wpa_supplicant(  694): WPS: AP[13] 02:09:4c:51:28:28 type=0 tries=0 last_attempt=-1 sec ago blacklist=0
03-04 13:48:43.249 D/wpa_supplicant(  694): WPS: AP[14] 10:9f:a9:dc:b1:fc type=0 tries=0 last_attempt=-1 sec ago blacklist=0
03-04 13:48:43.249 D/wpa_supplicant(  694): WPS: AP[15] 2c:b0:5d:7f:f4:24 type=0 tries=0 last_attempt=-1 sec ago blacklist=0
03-04 13:48:43.249 D/wpa_supplicant(  694): WPS: AP[16] 9c:21:6a:0d:eb:72 type=0 tries=0 last_attempt=-1 sec ago blacklist=0
03-04 13:48:43.249 D/wpa_supplicant(  694): p2p-dev-wlan0: No suitable network found
03-04 13:48:43.249 D/wpa_supplicant(  694): p2p-dev-wlan0: Short-circuit new scan request since there are no enabled networks
03-04 13:48:43.249 D/wpa_supplicant(  694): p2p-dev-wlan0: State: INACTIVE -> INACTIVE
03-04 13:48:43.249 D/wpa_supplicant(  694): wlan0: P2P: Station mode scan operation not pending anymore (sta_scan_pending=0 p2p_cb_on_scan_complete=0)
03-04 13:48:43.249 D/wpa_supplicant(  694): RX ctrl_iface - hexdump(len=25): 42 53 53 20 52 41 4e 47 45 3d 30 2d 20 4d 41 53 4b 3d 30 78 32 31 39 38 37
03-04 13:48:43.249 D/wpa_supplicant(  694): wlan0: Control interface command 'BSS RANGE=0- MASK=0x21987'
03-04 13:48:43.249 I/WifiHW  (  505): REPLY: id=722
03-04 13:48:43.249 I/WifiHW  (  505): REPLY: bssid=f8:d1:11:e7:99:e8
03-04 13:48:43.249 I/WifiHW  (  505): REPLY: freq=2437
03-04 13:48:43.249 I/WifiHW  (  505): REPLY: level=-45
03-04 13:48:43.249 I/WifiHW  (  505): REPLY: tsf=0000015393441403
03-04 13:48:43.249 I/WifiHW  (  505): REPLY: flags=[WPA-PSK-CCMP][WPA2-PSK-CCMP][WPS][ESS]
03-04 13:48:43.249 I/WifiHW  (  505): REPLY: ssid=videotest
03-04 13:48:43.249 I/WifiHW  (  505): REPLY: ====
03-04 13:48:43.249 I/WifiHW  (  505): REPLY: id=723
03-04 13:48:43.249 I/WifiHW  (  505): REPLY: bssid=c8:d7:19:60:62:f2
03-04 13:48:43.249 I/WifiHW  (  505): REPLY: freq=2437
03-04 13:48:43.249 I/WifiHW  (  505): REPLY: level=-54
03-04 13:48:43.249 I/WifiHW  (  505): REPLY: tsf=0000015393441446
03-04 13:48:43.249 I/WifiHW  (  505): REPLY: flags=[WPA2-PSK-CCMP][WPS][ESS]
03-04 13:48:43.249 I/WifiHW  (  505): REPLY: ssid=E3000-2.4G
03-04 13:48:43.249 I/WifiHW  (  505): REPLY: ====
03-04 13:48:43.249 I/WifiHW  (  505): REPLY: id=724
03-04 13:48:43.249 I/WifiHW  (  505): REPLY: bssid=10:c3:7b:d2:e5:e0
03-04 13:48:43.249 I/WifiHW  (  505): REPLY: freq=2462
03-04 13:48:43.249 I/WifiHW  (  505): REPLY: level=-59
03-04 13:48:43.249 I/WifiHW  (  505): REPLY: tsf=0000015393441555
03-04 13:48:43.249 I/WifiHW  (  505): REPLY: flags=[WPA2-PSK-CCMP][WPS][ESS]
03-04 13:48:43.249 I/WifiHW  (  505): REPLY: ssid=ASUS_RT-AC66U-2.4G
03-04 13:48:43.249 I/WifiHW  (  505): REPLY: ====
03-04 13:48:43.249 I/WifiHW  (  505): REPLY: id=725
03-04 13:48:43.249 I/WifiHW  (  505): REPLY: bssid=cc:34:29:2c:fb:ec
03-04 13:48:43.249 I/WifiHW  (  505): REPLY: freq=2412
03-04 13:48:43.249 I/WifiHW  (  505): REPLY: level=-62
03-04 13:48:43.249 I/WifiHW  (  505): REPLY: tsf=0000015352231805
03-04 13:48:43.249 I/WifiHW  (  505): REPLY: flags=[WPA-PSK-CCMP][WPA2-PSK-CCMP][WPS][ESS]
03-04 13:48:43.249 I/WifiHW  (  505): REPLY: ssid=linksys
03-04 13:48:43.249 I/WifiHW  (  505): REPLY: ====
03-04 13:48:43.249 I/WifiHW  (  505): REPLY: id=726
03-04 13:48:43.249 I/WifiHW  (  505): REPLY: bssid=cc:34:29:2b:26:4c
03-04 13:48:43.249 I/WifiHW  (  505): REPLY: freq=2462
03-04 13:48:43.249 I/WifiHW  (  505): REPLY: level=-54
03-04 13:48:43.249 I/WifiHW  (  505): REPLY: tsf=0000015393441528
03-04 13:48:43.249 I/WifiHW  (  505): REPLY: flags=[WPA2-PSK-CCMP][WPS][ESS]
03-04 13:48:43.249 I/WifiHW  (  505): REPLY: ssid=cws-test
03-04 13:48:43.249 I/WifiHW  (  505): REPLY: ====
03-04 13:48:43.249 I/WifiHW  (  505): REPLY: id=727
03-04 13:48:43.249 I/WifiHW  (  505): REPLY: bssid=90:94:e4:03:45:f5
03-04 13:48:43.249 I/WifiHW  (  505): REPLY: freq=2442
03-04 13:48:43.249 I/WifiHW  (  505): REPLY: level=-61
03-04 13:48:43.249 I/WifiHW  (  505): REPLY: tsf=0000015393441506
03-04 13:48:43.249 I/WifiHW  (  505): REPLY: flags=[WPA2-PSK-CCMP+TKIP][ESS]
03-04 13:48:43.249 I/WifiHW  (  505): REPLY: ssid=DAP-2553_D
03-04 13:48:43.249 I/WifiHW  (  505): REPLY: ====
03-04 13:48:43.249 I/WifiHW  (  505): REPLY: id=728
03-04 13:48:43.249 I/WifiHW  (  505): REPLY: bssid=e4:d3:32:36:2e:54
03-04 13:48:43.249 I/WifiHW  (  505): REPLY: freq=2472
03-04 13:48:43.249 I/WifiHW  (  505): REPLY: level=-65
03-04 13:48:43.249 I/WifiHW  (  505): REPLY: tsf=0000015393441563
03-04 13:48:43.249 I/WifiHW  (  505): REPLY: flags=[WPA-PSK-CCMP+TKIP][WPA2-PSK-CCMP+TKIP][WPS][ESS]
03-04 13:48:43.249 I/WifiHW  (  505): REPLY: ssid=otc
03-04 13:48:43.249 I/WifiHW  (  505): REPLY: ====
03-04 13:48:43.249 I/WifiHW  (  505): REPLY: id=729
03-04 13:48:43.249 I/WifiHW  (  505): REPLY: bssid=02:1a:11:f9:1b:4b
03-04 13:48:43.249 I/WifiHW  (  505): REPLY: freq=2437
03-04 13:48:43.249 I/WifiHW  (  505): REPLY: level=-64
03-04 13:48:43.249 I/WifiHW  (  505): REPLY: tsf=0000015393441421
03-04 13:48:43.249 I/WifiHW  (  505): REPLY: flags=[WPA2-PSK-CCMP][ESS]
03-04 13:48:43.249 I/WifiHW  (  505): REPLY: ssid=Andy
03-04 13:48:43.249 I/WifiHW  (  505): REPLY: ====
03-04 13:48:43.249 I/WifiHW  (  505): REPLY: id=730
03-04 13:48:43.249 I/WifiHW  (  505): REPLY: bssid=98:fc:11:81:35:fb
03-04 13:48:43.249 I/WifiHW  (  505): REPLY: freq=2412
03-04 13:48:43.249 I/WifiHW  (  505): REPLY: level=-70
03-04 13:48:43.249 I/WifiHW  (  505): REPLY: tsf=0000015352231796
03-04 13:48:43.249 I/WifiHW  (  505): REPLY: flags=[WPA2-PSK-CCMP][WPS][ESS]
03-04 13:48:43.249 I/WifiHW  (  505): REPLY: ssid=E2000EE
03-04 13:48:43.249 I/WifiHW  (  505): REPLY: ====
03-04 13:48:43.249 I/WifiHW  (  505): REPLY: id=731
03-04 13:48:43.249 I/WifiHW  (  505): REPLY: bssid=e4:d3:32:c0:cf:a4
03-04 13:48:43.249 I/WifiHW  (  505): REPLY: freq=2437
03-04 13:48:43.249 I/WifiHW  (  505): REPLY: level=-62
03-04 13:48:43.249 I/WifiHW  (  505): REPLY: tsf=0000015393441394
03-04 13:48:43.249 I/WifiHW  (  505): REPLY: flags=[WPA2-PSK-CCMP][ESS]
03-04 13:48:43.249 I/WifiHW  (  505): REPLY: ssid=fast
03-04 13:48:43.249 I/WifiHW  (  505): REPLY: ====
03-04 13:48:43.249 I/WifiHW  (  505): REPLY: id=732
03-04 13:48:43.249 I/WifiHW  (  505): REPLY: bssid=14:d6:4d:28:ef:c8
03-04 13:48:43.249 I/WifiHW  (  505): REPLY: freq=2437
03-04 13:48:43.249 I/WifiHW  (  505): REPLY: level=-71
03-04 13:48:43.249 I/WifiHW  (  505): REPLY: tsf=0000015393441456
03-04 13:48:43.249 I/WifiHW  (  505): REPLY: flags=[WPA2-PSK-CCMP][WPS][ESS]
03-04 13:48:43.249 I/WifiHW  (  505): REPLY: ssid=dlink
03-04 13:48:43.249 I/WifiHW  (  505): REPLY: ====
03-04 13:48:43.249 I/WifiHW  (  505): REPLY: id=733
03-04 13:48:43.249 I/WifiHW  (  505): REPLY: bssid=f4:b7:e2:2b:41:b7
03-04 13:48:43.249 I/WifiHW  (  505): REPLY: freq=2437
03-04 13:48:43.249 I/WifiHW  (  505): REPLY: level=-85
03-04 13:48:43.249 I/WifiHW  (  505): REPLY: tsf=0000015352231876
03-04 13:48:43.249 I/WifiHW  (  505): REPLY: flags=[WPA2-PSK-CCMP][ESS]
03-04 13:48:43.249 I/WifiHW  (  505): REPLY: ssid=cmscc
03-04 13:48:43.249 I/WifiHW  (  505): REPLY: ====
03-04 13:48:43.249 I/WifiHW  (  505): REPLY: id=734
03-04 13:48:43.249 I/WifiHW  (  505): REPLY: bssid=44:94:fc:3d:da:38
03-04 13:48:43.249 I/WifiHW  (  505): REPLY: freq=2462
03-04 13:48:43.249 I/WifiHW  (  505): REPLY: level=-51
03-04 13:48:43.249 I/WifiHW  (  505): REPLY: tsf=0000015393441520
03-04 13:48:43.249 I/WifiHW  (  505): REPLY: flags=[WEP][ESS]
03-04 13:48:43.249 I/WifiHW  (  505): REPLY: ssid=6300
03-04 13:48:43.249 I/WifiHW  (  505): REPLY: ====
03-04 13:48:43.249 I/WifiHW  (  505): REPLY: id=735
03-04 13:48:43.249 I/WifiHW  (  505): REPLY: bssid=c0:c1:c0:76:81:3c
03-04 13:48:43.249 I/WifiHW  (  505): REPLY: freq=2462
03-04 13:48:43.249 I/WifiHW  (  505): REPLY: level=-54
03-04 13:48:43.249 I/WifiHW  (  505): REPLY: tsf=0000015393441497
03-04 13:48:43.249 I/WifiHW  (  505): REPLY: flags=[WPS][ESS]
03-04 13:48:43.249 I/WifiHW  (  505): REPLY: ssid=E2000
03-04 13:48:43.249 I/WifiHW  (  505): REPLY: ====
03-04 13:48:43.249 I/WifiHW  (  505): REPLY: id=736
03-04 13:48:43.249 I/WifiHW  (  505): REPLY: bssid=50:bd:5f:4b:29:92
03-04 13:48:43.249 I/WifiHW  (  505): REPLY: freq=2437
03-04 13:48:43.249 I/WifiHW  (  505): REPLY: level=-68
03-04 13:48:43.249 I/WifiHW  (  505): REPLY: tsf=0000015393441438
03-04 13:48:43.249 I/WifiHW  (  505): REPLY: flags=[ESS]
03-04 13:48:43.249 I/WifiHW  (  505): REPLY: ssid=Internet-2
03-04 13:48:43.249 I/WifiHW  (  505): REPLY: ====
03-04 13:48:43.249 I/WifiHW  (  505): REPLY: id=737
03-04 13:48:43.249 I/WifiHW  (  505): REPLY: bssid=e4:d3:32:dd:18:62
03-04 13:48:43.249 I/WifiHW  (  505): REPLY: freq=2437
03-04 13:48:43.249 I/WifiHW  (  505): REPLY: level=-74
03-04 13:48:43.249 I/WifiHW  (  505): REPLY: tsf=0000015393441411
03-04 13:48:43.249 I/WifiHW  (  505): REPLY: flags=[ESS]
03-04 13:48:43.249 I/WifiHW  (  505): REPLY: ssid=Internet
03-04 13:48:43.249 I/WifiHW  (  505): REPLY: ====
03-04 13:48:43.249 I/WifiHW  (  505): REPLY: id=738
03-04 13:48:43.249 I/WifiHW  (  505): REPLY: bssid=cc:b2:55:e2:84:70
03-04 13:48:43.249 I/WifiHW  (  505): REPLY: freq=2447
03-04 13:48:43.249 I/WifiHW  (  505): REPLY: level=-64
03-04 13:48:43.249 I/WifiHW  (  505): REPLY: tsf=0000015393441474
03-04 13:48:43.249 I/WifiHW  (  505): REPLY: flags=[WPA-PSK-TKIP][WPA2-PSK-TKIP][ESS]
03-04 13:48:43.249 I/WifiHW  (  505): REPLY: ssid=DLINK_APK
03-04 13:48:43.249 I/WifiHW  (  505): REPLY: ====
03-04 13:48:43.249 I/WifiHW  (  505): REPLY: id=739
03-04 13:48:43.249 I/WifiHW  (  505): REPLY: bssid=c4:17:fe:3f:4f:fb
03-04 13:48:43.249 I/WifiHW  (  505): REPLY: freq=2437
03-04 13:48:43.249 I/WifiHW  (  505): REPLY: level=-69
03-04 13:48:43.249 I/WifiHW  (  505): REPLY: tsf=0000015393441465
03-04 13:48:43.249 I/WifiHW  (  505): REPLY: flags=[WPA2-PSK-CCMP][ESS]
03-04 13:48:43.249 I/WifiHW  (  505): REPLY: ssid=cmcm
03-04 13:48:43.249 I/WifiHW  (  505): REPLY: ====
03-04 13:48:43.249 I/WifiHW  (  505): REPLY: id=740
03-04 13:48:43.249 I/WifiHW  (  505): REPLY: bssid=b0:48:7a:51:ff:cc
03-04 13:48:43.249 I/WifiHW  (  505): REPLY: freq=2452
03-04 13:48:43.249 I/WifiHW  (  505): REPLY: level=-76
03-04 13:48:43.249 I/WifiHW  (  505): REPLY: tsf=0000015393441484
03-04 13:48:43.249 I/WifiHW  (  505): REPLY: flags=[WPA-PSK-CCMP][WPA2-PSK-CCMP][WPS][ESS]
03-04 13:48:43.249 I/WifiHW  (  505): REPLY: ssid=Neusoft TP
03-04 13:48:43.249 I/WifiHW  (  505): REPLY: ====
03-04 13:48:43.249 I/WifiHW  (  505): REPLY: id=741
03-04 13:48:43.249 I/WifiHW  (  505): REPLY: bssid=1c:65:9d:e8:79:44
03-04 13:48:43.249 I/WifiHW  (  505): REPLY: freq=2437
03-04 13:48:43.249 I/WifiHW  (  505): REPLY: level=-77
03-04 13:48:43.249 I/WifiHW  (  505): REPLY: tsf=0000015393441429
03-04 13:48:43.249 I/WifiHW  (  505): REPLY: flags=[WPA2-PSK-CCMP][ESS]
03-04 13:48:43.249 I/WifiHW  (  505): REPLY: ssid=WiFi
03-04 13:48:43.249 I/WifiHW  (  505): REPLY: ====
03-04 13:48:43.249 I/WifiHW  (  505): REPLY: id=742
03-04 13:48:43.249 I/WifiHW  (  505): REPLY: bssid=00:0f:e2:0f:9f:c1
03-04 13:48:43.249 I/WifiHW  (  505): REPLY: freq=2462
03-04 13:48:43.249 I/WifiHW  (  505): REPLY: level=-78
03-04 13:48:43.249 I/WifiHW  (  505): REPLY: tsf=0000015393441537
03-04 13:48:43.249 I/WifiHW  (  505): REPLY: flags=[WPA-PSK-CCMP+TKIP][WPA2-PSK-CCMP+TKIP][ESS]
03-04 13:48:43.249 I/WifiHW  (  505): REPLY: ssid=321_WAN
03-04 13:48:43.249 I/WifiHW  (  505): REPLY: ####
03-04 13:48:59.999 D/BatteryStatsImpl(  505): noteStopWakeLocked system isFromForeground = false
03-04 13:48:59.999 D/Clock   (  571): ACTION_TIME_TICK
03-04 13:48:59.999 D/Clock   (  571): update clock:1:49
03-04 13:49:00.039 D/BatteryStatsImpl(  505): noteStopWakeLocked system isFromForeground = false
03-04 13:49:02.009 D/EVENT_THREAD(  182): void CEventThread::run() POLLIN event on Fd (1)
03-04 13:49:02.009 D/EVENT_THREAD(  182): void CEventThread::run() Do poll with timeout: -1
03-04 13:49:02.529 D/EVENT_THREAD(  182): void CEventThread::run() POLLIN event on Fd (1)
03-04 13:49:02.529 D/EVENT_THREAD(  182): void CEventThread::run() Do poll with timeout: -1
03-04 13:49:02.529 D/EVENT_THREAD(  182): void CEventThread::run() POLLIN event on Fd (1)
03-04 13:49:02.529 D/EVENT_THREAD(  182): void CEventThread::run() Do poll with timeout: -1
03-04 13:49:02.529 I/upi_ug31xx(  165): (1471) update_capacity
03-04 13:49:02.529 I/[UPI]   (  165): <UG31/E>[UpiReadCapacity]: V=4282(4267), T=302(304-357), I=-303, C=-2(-2-0)
03-04 13:49:02.529 I/[UPI]   (  165): <UG31/E>[UpiReadCapacity]: (0x0000054a) 3584 (3529) / 3602 (3602) = 100
03-04 13:49:02.529 I/[UPI]   (  165): <UG31/E>[UpiReadCapacity]: (0x0000054a) 3584 (3529) / 3602 (3602) = 100
03-04 13:49:02.529 I/[UPI]   (  165): <UG31/E>[UpiReadCapacity]: (0x0000054a) 3582 (3582) / 3602 (3602) = 99
03-04 13:49:02.529 I/[UPI]   (  165): <UG31/E>[RsocFilterCountTime]: (0x0000054a) Step=0(30270), Full=0(30270), Lock=30270(1800000)
03-04 13:49:02.529 I/[UPI]   (  165): <UG31/E>[UpiReadCapacity]: (0x0000054a) 3584 (3582) / 3602 (3602) = 100 (-303--303)
03-04 13:49:02.529 I/[UPI]   (  165): <UG31/E><BATT> M:normal, P:100(100-99)%, V:4267mV, C:-297mA, T:30.4C(357), S:0x0000054a(000), R:3584mAh, F:3602mAh, Q:1562mAh, CC:4, P:30.270(46-0)s, BO:7, 97:615:0-44af-9m:B001-20140514-144301 (16)
03-04 13:49:02.529 I/upi_ug31xx(  165): (1472) backup_data 
03-04 13:49:02.529 V/upi_ug31xx(  165): state->check_backup_count = 20
03-04 13:49:21.999 W/BindingManager( 8577): Cannot call determinedVisibility() - never saw a connection for the pid: 8577
03-04 13:49:22.749 I/chromium( 8577): [INFO:CONSOLE(1)] "Uncaught SyntaxError: Unexpected token :", source: http://127.0.0.1:8080/opt/webapi-resourcetiming-w3c-tests/resourcetiming/w3c/submission/resources/generate_resource.cgi?types=script&id=1 (1)
03-04 13:49:22.759 I/chromium( 8577): [INFO:CONSOLE(1)] "Uncaught SyntaxError: Unexpected token :", source: http://127.0.0.1:8080/opt/webapi-resourcetiming-w3c-tests/resourcetiming/w3c/submission/resources/generate_resource.cgi?types=script&id=2 (1)
03-04 13:49:22.759 I/chromium( 8577): [INFO:CONSOLE(1)] "Uncaught SyntaxError: Unexpected token :", source: http://127.0.0.1:8080/opt/webapi-resourcetiming-w3c-tests/resourcetiming/w3c/submission/resources/generate_resource.cgi?types=script&id=3 (1)
03-04 13:49:22.779 I/chromium( 8577): [INFO:CONSOLE(1)] "Uncaught SyntaxError: Unexpected token :", source: http://127.0.0.1:8080/opt/webapi-resourcetiming-w3c-tests/resourcetiming/w3c/submission/resources/generate_resource.cgi?types=script&id=5 (1)
03-04 13:49:22.779 I/chromium( 8577): [INFO:CONSOLE(1)] "Uncaught SyntaxError: Unexpected token :", source: http://127.0.0.1:8080/opt/webapi-resourcetiming-w3c-tests/resourcetiming/w3c/submission/resources/generate_resource.cgi?types=script&id=4 (1)
03-04 13:49:22.789 I/chromium( 8577): [INFO:CONSOLE(1)] "Uncaught SyntaxError: Unexpected token :", source: http://127.0.0.1:8080/opt/webapi-resourcetiming-w3c-tests/resourcetiming/w3c/submission/resources/generate_resource.cgi?types=script&id=7 (1)
03-04 13:49:22.789 I/chromium( 8577): [INFO:CONSOLE(1)] "Uncaught SyntaxError: Unexpected token :", source: http://127.0.0.1:8080/opt/webapi-resourcetiming-w3c-tests/resourcetiming/w3c/submission/resources/generate_resource.cgi?types=script&id=6 (1)
03-04 13:49:22.789 I/chromium( 8577): [INFO:CONSOLE(1)] "Uncaught SyntaxError: Unexpected token :", source: http://127.0.0.1:8080/opt/webapi-resourcetiming-w3c-tests/resourcetiming/w3c/submission/resources/generate_resource.cgi?types=script&id=8 (1)
03-04 13:49:22.789 I/chromium( 8577): [INFO:CONSOLE(1)] "Uncaught SyntaxError: Unexpected token :", source: http://127.0.0.1:8080/opt/webapi-resourcetiming-w3c-tests/resourcetiming/w3c/submission/resources/generate_resource.cgi?types=script&id=9 (1)
03-04 13:49:23.249 D/wpa_supplicant(  694): wlan0: Starting AP scan for wildcard SSID
03-04 13:49:23.249 D/wpa_supplicant(  694): WPS: Building WPS IE for Probe Request
03-04 13:49:23.249 D/wpa_supplicant(  694): WPS:  * Version (hardcoded 0x10)
03-04 13:49:23.249 D/wpa_supplicant(  694): WPS:  * Request Type
03-04 13:49:23.249 D/wpa_supplicant(  694): WPS:  * Config Methods (4288)
03-04 13:49:23.249 D/wpa_supplicant(  694): WPS:  * UUID-E
03-04 13:49:23.249 D/wpa_supplicant(  694): WPS:  * Primary Device Type
03-04 13:49:23.249 D/wpa_supplicant(  694): WPS:  * RF Bands (1)
03-04 13:49:23.249 D/wpa_supplicant(  694): WPS:  * Association State
03-04 13:49:23.249 D/wpa_supplicant(  694): WPS:  * Configuration Error (0)
03-04 13:49:23.249 D/wpa_supplicant(  694): WPS:  * Device Password ID (0)
03-04 13:49:23.249 D/wpa_supplicant(  694): WPS:  * Manufacturer
03-04 13:49:23.249 D/wpa_supplicant(  694): WPS:  * Model Name
03-04 13:49:23.249 D/wpa_supplicant(  694): WPS:  * Model Number
03-04 13:49:23.249 D/wpa_supplicant(  694): WPS:  * Device Name
03-04 13:49:23.249 D/wpa_supplicant(  694): WPS:  * Version2 (0x20)
03-04 13:49:23.249 D/wpa_supplicant(  694): P2P: * P2P IE header
03-04 13:49:23.249 D/wpa_supplicant(  694): P2P: * Capability dev=25 group=00
03-04 13:49:23.249 D/wpa_supplicant(  694): P2P: * Listen Channel: Regulatory Class 81 Channel 6
03-04 13:49:23.249 D/wpa_supplicant(  694): wlan0: nl80211: scan request
03-04 13:49:23.329 D/wpa_supplicant(  694): Scan requested (ret=0) - scan timeout 30 seconds
03-04 13:49:23.329 D/wpa_supplicant(  694): nl80211: Drv Event 33 (NL80211_CMD_TRIGGER_SCAN) received for wlan0
03-04 13:49:23.329 D/wpa_supplicant(  694): wlan0: nl80211: Scan trigger
03-04 13:49:24.029 D/AndroidRuntime( 9108): 
03-04 13:49:24.029 D/AndroidRuntime( 9108): >>>>>> AndroidRuntime START com.android.internal.os.RuntimeInit <<<<<<
03-04 13:49:24.029 D/AndroidRuntime( 9108): CheckJNI is OFF
03-04 13:49:24.029 I/AndroidRuntime( 9108): Kernel Release Version: 3.10.20-gf818079
03-04 13:49:24.029 I/dalvikvm( 9108): No library specified. The standard exception handler will be used
03-04 13:49:24.039 I/dalvikvm( 9108): 
03-04 13:49:24.039 I/dalvikvm( 9108): +++++++++++++ Using PCG. +++++++++++++++++++++
03-04 13:49:24.049 D/dalvikvm( 9108): Trying to load lib libjavacore.so 0x0
03-04 13:49:24.049 D/dalvikvm( 9108): Added shared lib libjavacore.so 0x0
03-04 13:49:24.049 D/dalvikvm( 9108): Trying to load lib libnativehelper.so 0x0
03-04 13:49:24.049 D/dalvikvm( 9108): Added shared lib libnativehelper.so 0x0
03-04 13:49:24.049 D/dalvikvm( 9108): No JNI_OnLoad found in libnativehelper.so 0x0, skipping init
03-04 13:49:24.059 D/dalvikvm( 9108): Extra Options: not specified
03-04 13:49:24.059 D/dalvikvm( 9108): Note: class Landroid/app/ActivityManagerNative; has 186 unimplemented (abstract) methods
03-04 13:49:24.119 W/ufoGralloc(  170): registerBuffer() handle 0xb9554ee0/113 didn't require registration
03-04 13:49:24.139 E/memtrack( 9108): Couldn't load memtrack module (No such file or directory)
03-04 13:49:24.139 E/android.os.Debug( 9108): failed to load memtrack module: -2
03-04 13:49:24.149 D/dalvikvm(  505): GC_FOR_ALLOC freed 1911K, 29% free 17241K/24128K, paused 26ms, total 26ms
03-04 13:49:24.169 D/CordovaActivity( 8577): Paused the application!
03-04 13:49:24.169 D/CordovaWebView( 8577): Handle the pause
03-04 13:49:24.169 D/WindowManager(  505): adjustConfigurationLw, config:{1.0 ?mcc?mnc ?locale ?layoutDir sw600dp w600dp h888dp 213dpi lrg port ?uimode ?night finger -keyb/v/h -nav/v} mLidState:1 mHasDockFeature:false mHasKeyboardFeature:false mHasHallSensorFeature:true config.hardKeyboardHidden:2
03-04 13:49:24.169 I/ActivityManager(  505): [TopPkgCurBat]	NowPkgName[com.asus.launcher]	Battery[100]	TimeTick[1425448164181]	OldPkgName[org.xwalk.webapi_service_tests]
03-04 13:49:24.179 D/AndroidRuntime( 9108): Calling main entry com.android.commands.am.Am
03-04 13:49:24.179 I/chromium( 8577): [INFO:CONSOLE(1)] "exception firing pause event from native", source:  (1)
03-04 13:49:24.189 V/WeatherTimeProvider( 1102): widget on Visibility Changed
03-04 13:49:24.219 I/ActivityManager(  505): Force stopping org.xwalk.webapi_service_tests appid=10391 user=0: from pid 9108
03-04 13:49:24.219 I/ActivityManager(  505): Killing 8577:org.xwalk.webapi_service_tests/u0a391 (adj 1): stop org.xwalk.webapi_service_tests
03-04 13:49:24.229 I/SecurityManagerService(  602): SMS received security event: App[STOP/org.xwalk.webapi_service_tests]
03-04 13:49:24.229 D/AndroidRuntime( 9108): Shutting down VM
03-04 13:49:24.229 D/dalvikvm( 9108): GC_CONCURRENT freed 112K, 16% free 666K/792K, paused 0ms+1ms, total 1ms
03-04 13:49:24.229 D/dalvikvm( 9108): Compiler shutdown in progress - discarding request
03-04 13:49:24.229 D/dalvikvm( 9108): Compiler shutdown in progress - discarding request
03-04 13:49:24.229 D/dalvikvm( 9108): Compiler shutdown in progress - discarding request
03-04 13:49:24.229 D/dalvikvm( 9108): Compiler shutdown in progress - discarding request
03-04 13:49:24.229 D/dalvikvm( 9108): Compiler shutdown in progress - discarding request
03-04 13:49:24.229 D/dalvikvm( 9108): Compiler shutdown in progress - discarding request
03-04 13:49:24.229 D/dalvikvm( 9108): Compiler shutdown in progress - discarding request
03-04 13:49:24.229 D/dalvikvm( 9108): Compiler shutdown in progress - discarding request
03-04 13:49:24.229 D/dalvikvm( 9108): Compiler shutdown in progress - discarding request
03-04 13:49:24.229 D/dalvikvm( 9108): Compiler shutdown in progress - discarding request
03-04 13:49:24.229 D/dalvikvm( 9108): Compiler shutdown in progress - discarding request
03-04 13:49:24.229 D/dalvikvm( 9108): Compiler shutdown in progress - discarding request
03-04 13:49:24.229 D/dalvikvm( 9108): Compiler shutdown in progress - discarding request
03-04 13:49:24.229 D/dalvikvm( 9108): Compiler shutdown in progress - discarding request
03-04 13:49:24.229 D/dalvikvm( 9108): Compiler shutdown in progress - discarding request
03-04 13:49:24.229 D/dalvikvm( 9108): Compiler shutdown in progress - discarding request
03-04 13:49:24.229 D/dalvikvm( 9108): Compiler shutdown in progress - discarding request
03-04 13:49:24.229 D/dalvikvm( 9108): Compiler shutdown in progress - discarding request
03-04 13:49:24.229 D/dalvikvm( 9108): Compiler shutdown in progress - discarding request
03-04 13:49:24.229 D/dalvikvm( 9108): Compiler shutdown in progress - discarding request
03-04 13:49:24.229 D/dalvikvm( 9108): Compiler shutdown in progress - discarding request
03-04 13:49:24.229 D/dalvikvm( 9108): Compiler shutdown in progress - discarding request
03-04 13:49:24.229 D/dalvikvm( 9108): Compiler shutdown in progress - discarding request
03-04 13:49:24.229 D/dalvikvm( 9108): Compiler shutdown in progress - discarding request
03-04 13:49:24.229 D/dalvikvm( 9108): Compiler shutdown in progress - discarding request
03-04 13:49:24.229 D/dalvikvm( 9108): Compiler shutdown in progress - discarding request
03-04 13:49:24.229 D/dalvikvm( 9108): Compiler shutdown in progress - discarding request
03-04 13:49:24.229 D/dalvikvm( 9108): Compiler shutdown in progress - discarding request
03-04 13:49:24.229 D/dalvikvm( 9108): Compiler shutdown in progress - discarding request
03-04 13:49:24.229 D/dalvikvm( 9108): Compiler shutdown in progress - discarding request
03-04 13:49:24.229 D/dalvikvm( 9108): Compiler shutdown in progress - discarding request
03-04 13:49:24.229 D/dalvikvm( 9108): Compiler shutdown in progress - discarding request
03-04 13:49:24.229 D/dalvikvm( 9108): Compiler shutdown in progress - discarding request
03-04 13:49:24.229 D/dalvikvm( 9108): Compiler shutdown in progress - discarding request
03-04 13:49:24.229 D/dalvikvm( 9108): Compiler shutdown in progress - discarding request
03-04 13:49:24.229 D/dalvikvm( 9108): Compiler shutdown in progress - discarding request
03-04 13:49:24.229 D/dalvikvm( 9108): Compiler shutdown in progress - discarding request
03-04 13:49:24.229 D/dalvikvm( 9108): Compiler shutdown in progress - discarding request
03-04 13:49:24.229 D/dalvikvm( 9108): Compiler shutdown in progress - discarding request
03-04 13:49:24.229 D/dalvikvm( 9108): Compiler shutdown in progress - discarding request
03-04 13:49:24.229 D/dalvikvm( 9108): Compiler shutdown in progress - discarding request
03-04 13:49:24.229 D/dalvikvm( 9108): Compiler shutdown in progress - discarding request
03-04 13:49:24.229 D/dalvikvm( 9108): Compiler shutdown in progress - discarding request
03-04 13:49:24.229 D/dalvikvm( 9108): Compiler shutdown in progress - discarding request
03-04 13:49:24.229 D/dalvikvm( 9108): Compiler shutdown in progress - discarding request
03-04 13:49:24.229 D/dalvikvm( 9108): Compiler shutdown in progress - discarding request
03-04 13:49:24.229 D/dalvikvm( 9108): Compiler shutdown in progress - discarding request
03-04 13:49:24.229 D/dalvikvm( 9108): Compiler shutdown in progress - discarding request
03-04 13:49:24.249 D/dalvikvm(  505): GC_EXPLICIT freed 442K, 30% free 17051K/24128K, paused 1ms+5ms, total 67ms
03-04 13:49:24.249 D/        (  696): Pixel Format : GGL_PIXEL_FORMAT_RGBA_8888
03-04 13:49:24.259 D/XT9IME  (  728): new subtype :en_US ,keyboard
03-04 13:49:24.279 D/ImageWallpaper(  571): onVisibilityChanged: mVisible, visible=false, true
03-04 13:49:24.279 D/ImageWallpaper(  571): Visibility changed to visible=true
03-04 13:49:24.279 D/BatteryStatsImpl(  505): noteStopWakeLocked system isFromForeground = false
03-04 13:49:24.279 D/ImageWallpaper(  571): Suppressed drawFrame since redraw is not needed and offsets have not changed.
03-04 13:49:24.309 I/WindowState(  505): WIN DEATH: Window{22457b80 u0 org.xwalk.webapi_service_tests/org.xwalk.webapi_service_tests.webapi_service_tests}
03-04 13:49:24.449 D/wpa_supplicant(  694): nl80211: Drv Event 34 (NL80211_CMD_NEW_SCAN_RESULTS) received for wlan0
03-04 13:49:24.449 D/wpa_supplicant(  694): wlan0: nl80211: New scan results available
03-04 13:49:24.449 D/wpa_supplicant(  694): wlan0: Event SCAN_RESULTS (3) received
03-04 13:49:24.449 D/wpa_supplicant(  694): nl80211: Received scan results (18 BSSes)
03-04 13:49:24.449 D/wpa_supplicant(  694): nl80211: Survey data missing
03-04 13:49:24.449 D/wpa_supplicant(  694): wlan0: BSS: Start scan result update 362
03-04 13:49:24.449 D/wpa_supplicant(  694): wlan0: BSS: Add new id 743 BSSID 22:48:9a:ac:31:7f SSID 'WiFi874'
03-04 13:49:24.449 D/wpa_supplicant(  694): CTRL_IFACE monitor send - hexdump(len=39): 2f 64 61 74 61 2f 6d 69 73 63 2f 77 69 66 69 2f 73 6f 63 6b 65 74 73 2f 77 70 61 5f 63 74 72 6c ...
03-04 13:49:24.449 D/wpa_supplicant(  694): wlan0: BSS: Add new id 744 BSSID 00:25:86:5c:5e:30 SSID 'internet'
03-04 13:49:24.449 D/wpa_supplicant(  694): CTRL_IFACE monitor send - hexdump(len=39): 2f 64 61 74 61 2f 6d 69 73 63 2f 77 69 66 69 2f 73 6f 63 6b 65 74 73 2f 77 70 61 5f 63 74 72 6c ...
03-04 13:49:24.449 D/wpa_supplicant(  694): wlan0: BSS: Remove id 725 BSSID cc:34:29:2c:fb:ec SSID 'linksys' due to no match in scan
03-04 13:49:24.449 D/wpa_supplicant(  694): CTRL_IFACE monitor send - hexdump(len=39): 2f 64 61 74 61 2f 6d 69 73 63 2f 77 69 66 69 2f 73 6f 63 6b 65 74 73 2f 77 70 61 5f 63 74 72 6c ...
03-04 13:49:24.449 I/WifiHW  (  505): EVENT: IFNAME=wlan0 CTRL-EVENT-BSS-ADDED 743 22:48:9a:ac:31:7f
03-04 13:49:24.449 D/wpa_supplicant(  694): wlan0: BSS: Remove id 730 BSSID 98:fc:11:81:35:fb SSID 'E2000EE' due to no match in scan
03-04 13:49:24.449 D/wpa_supplicant(  694): CTRL_IFACE monitor send - hexdump(len=39): 2f 64 61 74 61 2f 6d 69 73 63 2f 77 69 66 69 2f 73 6f 63 6b 65 74 73 2f 77 70 61 5f 63 74 72 6c ...
03-04 13:49:24.449 D/wpa_supplicant(  694): wlan0: BSS: Remove id 733 BSSID f4:b7:e2:2b:41:b7 SSID 'cmscc' due to no match in scan
03-04 13:49:24.449 D/wpa_supplicant(  694): CTRL_IFACE monitor send - hexdump(len=39): 2f 64 61 74 61 2f 6d 69 73 63 2f 77 69 66 69 2f 73 6f 63 6b 65 74 73 2f 77 70 61 5f 63 74 72 6c ...
03-04 13:49:24.449 D/wpa_supplicant(  694): BSS: last_scan_res_used=17/32 last_scan_full=0
03-04 13:49:24.449 D/wpa_supplicant(  694): wlan0: New scan results available
03-04 13:49:24.449 D/wpa_supplicant(  694): CTRL_IFACE monitor send - hexdump(len=39): 2f 64 61 74 61 2f 6d 69 73 63 2f 77 69 66 69 2f 73 6f 63 6b 65 74 73 2f 77 70 61 5f 63 74 72 6c ...
03-04 13:49:24.449 D/wpa_supplicant(  694): CTRL_IFACE monitor send - hexdump(len=39): 2f 64 61 74 61 2f 6d 69 73 63 2f 77 69 66 69 2f 73 6f 63 6b 65 74 73 2f 77 70 61 5f 63 74 72 6c ...
03-04 13:49:24.449 D/wpa_supplicant(  694): Authorize channel 1
03-04 13:49:24.449 D/wpa_supplicant(  694): Authorize channel 2
03-04 13:49:24.449 D/wpa_supplicant(  694): Authorize channel 3
03-04 13:49:24.449 D/wpa_supplicant(  694): Authorize channel 4
03-04 13:49:24.449 D/wpa_supplicant(  694): Authorize channel 5
03-04 13:49:24.449 D/wpa_supplicant(  694): Authorize channel 6
03-04 13:49:24.449 D/wpa_supplicant(  694): Authorize channel 7
03-04 13:49:24.449 D/wpa_supplicant(  694): Authorize channel 8
03-04 13:49:24.449 D/wpa_supplicant(  694): Authorize channel 9
03-04 13:49:24.449 D/wpa_supplicant(  694): Authorize channel 10
03-04 13:49:24.449 D/wpa_supplicant(  694): Authorize channel 11
03-04 13:49:24.449 D/wpa_supplicant(  694): Authorize channel 12
03-04 13:49:24.449 D/wpa_supplicant(  694): Authorize channel 13
03-04 13:49:24.449 D/wpa_supplicant(  694): Authorize channel 1
03-04 13:49:24.449 D/wpa_supplicant(  694): Authorize channel 2
03-04 13:49:24.449 D/wpa_supplicant(  694): Authorize channel 3
03-04 13:49:24.449 D/wpa_supplicant(  694): Authorize channel 4
03-04 13:49:24.449 D/wpa_supplicant(  694): Authorize channel 5
03-04 13:49:24.449 D/wpa_supplicant(  694): Authorize channel 6
03-04 13:49:24.449 D/wpa_supplicant(  694): Authorize channel 7
03-04 13:49:24.449 D/wpa_supplicant(  694): Authorize channel 8
03-04 13:49:24.449 D/wpa_supplicant(  694): Authorize channel 9
03-04 13:49:24.449 D/wpa_supplicant(  694): Authorize channel 10
03-04 13:49:24.449 D/wpa_supplicant(  694): Authorize channel 11
03-04 13:49:24.449 D/wpa_supplicant(  694): Authorize channel 12
03-04 13:49:24.449 D/wpa_supplicant(  694): Authorize channel 13
03-04 13:49:24.449 D/wpa_supplicant(  694): Add access point on channel 6
03-04 13:49:24.449 D/wpa_supplicant(  694): Add access point on channel 6
03-04 13:49:24.449 D/wpa_supplicant(  694): Add access point on channel 11
03-04 13:49:24.449 D/wpa_supplicant(  694): Add access point on channel 11
03-04 13:49:24.449 D/wpa_supplicant(  694): Add access point on channel 7
03-04 13:49:24.449 D/wpa_supplicant(  694): Add access point on channel 13
03-04 13:49:24.449 D/wpa_supplicant(  694): Add access point on channel 6
03-04 13:49:24.449 D/wpa_supplicant(  694): Add access point on channel 6
03-04 13:49:24.449 D/wpa_supplicant(  694): Add access point on channel 6
03-04 13:49:24.449 D/wpa_supplicant(  694): Add access point on channel 11
03-04 13:49:24.449 D/wpa_supplicant(  694): Add access point on channel 11
03-04 13:49:24.449 D/wpa_supplicant(  694): Add access point on channel 6
03-04 13:49:24.449 D/wpa_supplicant(  694): Add access point on channel 6
03-04 13:49:24.449 D/wpa_supplicant(  694): Add access point on channel 8
03-04 13:49:24.449 D/wpa_supplicant(  694): Add access point on channel 6
03-04 13:49:24.449 I/WifiHW  (  505): EVENT: IFNAME=wlan0 CTRL-EVENT-BSS-ADDED 744 00:25:86:5c:5e:30
03-04 13:49:24.449 D/wpa_supplicant(  694): Add access point on channel 9
03-04 13:49:24.449 I/WifiHW  (  505): EVENT: IFNAME=wlan0 CTRL-EVENT-BSS-REMOVED 725 cc:34:29:2c:fb:ec
03-04 13:49:24.449 D/wpa_supplicant(  694): Add access point on channel 6
03-04 13:49:24.449 D/wpa_supplicant(  694): Add access point on channel 11
03-04 13:49:24.449 D/wpa_supplicant(  694): Add access point on channel 6
03-04 13:49:24.449 D/wpa_supplicant(  694): Add access point on channel 6
03-04 13:49:24.449 D/wpa_supplicant(  694): Best Operating channel is = 1
03-04 13:49:24.449 D/wpa_supplicant(  694): WPS: AP[0] 10:c3:7b:d2:e5:e0 type=0 tries=0 last_attempt=-1 sec ago blacklist=0
03-04 13:49:24.449 D/wpa_supplicant(  694): WPS: AP[1] f8:d1:11:e7:99:e8 type=0 tries=0 last_attempt=-1 sec ago blacklist=0
03-04 13:49:24.449 D/wpa_supplicant(  694): WPS: AP[2] c8:d7:19:60:62:f2 type=0 tries=0 last_attempt=-1 sec ago blacklist=0
03-04 13:49:24.449 D/wpa_supplicant(  694): WPS: AP[3] 7a:ff:57:00:13:8e type=0 tries=0 last_attempt=-1 sec ago blacklist=0
03-04 13:49:24.449 D/wpa_supplicant(  694): WPS: AP[4] cc:34:29:2c:fb:ec type=0 tries=0 last_attempt=-1 sec ago blacklist=0
03-04 13:49:24.449 D/wpa_supplicant(  694): WPS: AP[5] cc:34:29:2b:26:4c type=0 tries=0 last_attempt=-1 sec ago blacklist=0
03-04 13:49:24.449 D/wpa_supplicant(  694): WPS: AP[6] 98:fc:11:81:35:fb type=0 tries=0 last_attempt=-1 sec ago blacklist=0
03-04 13:49:24.449 D/wpa_supplicant(  694): WPS: AP[7] c0:a0:bb:20:3b:84 type=0 tries=0 last_attempt=-1 sec ago blacklist=0
03-04 13:49:24.449 D/wpa_supplicant(  694): WPS: AP[8] c0:c1:c0:76:81:3c type=0 tries=0 last_attempt=-1 sec ago blacklist=0
03-04 13:49:24.449 D/wpa_supplicant(  694): WPS: AP[9] b0:48:7a:51:ff:cc type=0 tries=0 last_attempt=-1 sec ago blacklist=0
03-04 13:49:24.449 D/wpa_supplicant(  694): WPS: AP[10] 14:d6:4d:28:ef:c8 type=0 tries=0 last_attempt=-1 sec ago blacklist=0
03-04 13:49:24.449 D/wpa_supplicant(  694): WPS: AP[11] e4:d3:32:36:2e:54 type=0 tries=0 last_attempt=-1 sec ago blacklist=0
03-04 13:49:24.449 D/wpa_supplicant(  694): WPS: AP[12] 02:09:4c:51:a8:28 type=0 tries=0 last_attempt=-1 sec ago blacklist=0
03-04 13:49:24.449 D/wpa_supplicant(  694): WPS: AP[13] 02:09:4c:51:28:28 type=0 tries=0 last_attempt=-1 sec ago blacklist=0
03-04 13:49:24.449 D/wpa_supplicant(  694): WPS: AP[14] 10:9f:a9:dc:b1:fc type=0 tries=0 last_attempt=-1 sec ago blacklist=0
03-04 13:49:24.449 D/wpa_supplicant(  694): WPS: AP[15] 2c:b0:5d:7f:f4:24 type=0 tries=0 last_attempt=-1 sec ago blacklist=0
03-04 13:49:24.449 D/wpa_supplicant(  694): WPS: AP[16] 9c:21:6a:0d:eb:72 type=0 tries=0 last_attempt=-1 sec ago blacklist=0
03-04 13:49:24.449 D/wpa_supplicant(  694): wlan0: Selecting BSS from priority group 20
03-04 13:49:24.449 D/wpa_supplicant(  694): wlan0: 0: f8:d1:11:e7:99:e8 ssid='videotest' wpa_ie_len=22 rsn_ie_len=20 caps=0x531 level=-45 wps
03-04 13:49:24.449 D/wpa_supplicant(  694): wlan0:    skip - SSID mismatch
03-04 13:49:24.449 D/wpa_supplicant(  694): wlan0: 1: c8:d7:19:60:62:f2 ssid='E3000-2.4G' wpa_ie_len=0 rsn_ie_len=20 caps=0x411 level=-47 wps
03-04 13:49:24.449 D/wpa_supplicant(  694): wlan0:    skip - SSID mismatch
03-04 13:49:24.449 D/wpa_supplicant(  694): wlan0: 2: 10:c3:7b:d2:e5:e0 ssid='ASUS_RT-AC66U-2.4G' wpa_ie_len=0 rsn_ie_len=20 caps=0x411 level=-56 wps
03-04 13:49:24.449 D/wpa_supplicant(  694): wlan0:    skip - SSID mismatch
03-04 13:49:24.449 D/wpa_supplicant(  694): wlan0: 3: 90:94:e4:03:45:f5 ssid='DAP-2553_D' wpa_ie_len=0 rsn_ie_len=24 caps=0x431 level=-57
03-04 13:49:24.449 D/wpa_supplicant(  694): wlan0:    skip - SSID mismatch
03-04 13:49:24.449 D/wpa_supplicant(  694): wlan0: 4: cc:34:29:2b:26:4c ssid='cws-test' wpa_ie_len=0 rsn_ie_len=20 caps=0x431 level=-58 wps
03-04 13:49:24.449 D/wpa_supplicant(  694): wlan0:    skip - SSID mismatch
03-04 13:49:24.449 D/wpa_supplicant(  694): wlan0: 5: 02:1a:11:f9:1b:4b ssid='Andy' wpa_ie_len=0 rsn_ie_len=20 caps=0x511 level=-63
03-04 13:49:24.449 D/wpa_supplicant(  694): wlan0:    skip - SSID mismatch
03-04 13:49:24.449 D/wpa_supplicant(  694): wlan0: 6: e4:d3:32:c0:cf:a4 ssid='fast' wpa_ie_len=0 rsn_ie_len=20 caps=0x411 level=-63
03-04 13:49:24.449 D/wpa_supplicant(  694): wlan0:    skip - SSID mismatch
03-04 13:49:24.449 D/wpa_supplicant(  694): wlan0: 7: cc:b2:55:e2:84:70 ssid='DLINK_APK' wpa_ie_len=22 rsn_ie_len=20 caps=0x411 level=-67
03-04 13:49:24.449 D/wpa_supplicant(  694): wlan0:    skip - SSID mismatch
03-04 13:49:24.449 D/wpa_supplicant(  694): wlan0: 8: 22:48:9a:ac:31:7f ssid='WiFi874' wpa_ie_len=0 rsn_ie_len=20 caps=0x431 level=-67
03-04 13:49:24.449 D/wpa_supplicant(  694): wlan0:    skip - SSID mismatch
03-04 13:49:24.449 D/wpa_supplicant(  694): wlan0: 9: c4:17:fe:3f:4f:fb ssid='cmcm' wpa_ie_len=0 rsn_ie_len=20 caps=0x511 level=-71
03-04 13:49:24.449 D/wpa_supplicant(  694): wlan0:    skip - SSID mismatch
03-04 13:49:24.449 D/wpa_supplicant(  694): wlan0: 10: 1c:65:9d:e8:79:44 ssid='WiFi' wpa_ie_len=0 rsn_ie_len=20 caps=0x511 level=-74
03-04 13:49:24.449 D/wpa_supplicant(  694): wlan0:    skip - SSID mismatch
03-04 13:49:24.449 D/wpa_supplicant(  694): wlan0: 11: 00:0f:e2:0f:9f:c1 ssid='321_WAN' wpa_ie_len=28 rsn_ie_len=24 caps=0x411 level=-78
03-04 13:49:24.449 D/wpa_supplicant(  694): wlan0:    skip - SSID mismatch
