03-04 09:33:31.289 D/wpa_supplicant(  694): wlan0: 2: c4:17:fe:3f:4f:fb ssid='cmcm' wpa_ie_len=0 rsn_ie_len=20 caps=0x511 level=-56
03-04 09:33:31.289 D/wpa_supplicant(  694): wlan0:    skip - SSID mismatch
03-04 09:33:31.289 D/wpa_supplicant(  694): wlan0: 3: b0:48:7a:51:ff:cc ssid='Neusoft TP' wpa_ie_len=22 rsn_ie_len=20 caps=0x431 level=-57
03-04 09:33:31.289 D/wpa_supplicant(  694): wlan0:    skip - SSID mismatch
03-04 09:33:31.289 D/wpa_supplicant(  694): wlan0: 4: 90:94:e4:03:45:f5 ssid='DAP-2553_D' wpa_ie_len=0 rsn_ie_len=24 caps=0x431 level=-59
03-04 09:33:31.289 D/wpa_supplicant(  694): wlan0:    skip - SSID mismatch
03-04 09:33:31.289 D/wpa_supplicant(  694): wlan0: 5: 7a:ff:57:00:13:8e ssid='DIRECT-c1-Android_2a3b' wpa_ie_len=0 rsn_ie_len=20 caps=0x411 level=-60 wps
03-04 09:33:31.289 D/wpa_supplicant(  694): wlan0:    skip - SSID mismatch
03-04 09:33:31.289 D/wpa_supplicant(  694): wlan0: 6: cc:34:29:2c:fb:ec ssid='linksys' wpa_ie_len=22 rsn_ie_len=20 caps=0x431 level=-60 wps
03-04 09:33:31.289 D/wpa_supplicant(  694): wlan0:    skip - SSID mismatch
03-04 09:33:31.289 D/wpa_supplicant(  694): wlan0: 7: 98:fc:11:81:35:fb ssid='E2000EE' wpa_ie_len=0 rsn_ie_len=20 caps=0x411 level=-62 wps
03-04 09:33:31.289 D/wpa_supplicant(  694): wlan0:    skip - SSID mismatch
03-04 09:33:31.289 D/wpa_supplicant(  694): wlan0: 8: cc:b2:55:e2:84:70 ssid='DLINK_APK' wpa_ie_len=22 rsn_ie_len=20 caps=0x411 level=-62
03-04 09:33:31.289 D/wpa_supplicant(  694): wlan0:    skip - SSID mismatch
03-04 09:33:31.289 D/wpa_supplicant(  694): wlan0: 9: cc:34:29:2b:26:4c ssid='cws-test' wpa_ie_len=0 rsn_ie_len=20 caps=0x431 level=-65 wps
03-04 09:33:31.289 D/wpa_supplicant(  694): wlan0:    skip - SSID mismatch
03-04 09:33:31.289 D/wpa_supplicant(  694): wlan0: 10: e4:d3:32:36:2e:54 ssid='otc' wpa_ie_len=26 rsn_ie_len=24 caps=0x411 level=-66 wps
03-04 09:33:31.289 D/wpa_supplicant(  694): wlan0:    skip - SSID mismatch
03-04 09:33:31.289 D/wpa_supplicant(  694): wlan0: 11: 10:c3:7b:d2:e5:e0 ssid='ASUS_RT-AC66U-2.4G' wpa_ie_len=0 rsn_ie_len=20 caps=0x411 level=-67 wps
03-04 09:33:31.289 D/wpa_supplicant(  694): wlan0:    skip - SSID mismatch
03-04 09:33:31.289 D/wpa_supplicant(  694): wlan0: 12: e4:d3:32:c0:cf:a4 ssid='fast' wpa_ie_len=0 rsn_ie_len=20 caps=0x411 level=-68
03-04 09:33:31.289 D/wpa_supplicant(  694): wlan0:    skip - SSID mismatch
03-04 09:33:31.289 D/wpa_supplicant(  694): wlan0: 13: 14:d6:4d:28:ef:c8 ssid='dlink' wpa_ie_len=0 rsn_ie_len=20 caps=0x431 level=-69 wps
03-04 09:33:31.289 D/wpa_supplicant(  694): wlan0:    skip - SSID mismatch
03-04 09:33:31.289 D/wpa_supplicant(  694): wlan0: 14: 1c:65:9d:e8:79:44 ssid='WiFi' wpa_ie_len=0 rsn_ie_len=20 caps=0x511 level=-69
03-04 09:33:31.289 D/wpa_supplicant(  694): wlan0:    skip - SSID mismatch
03-04 09:33:31.289 D/wpa_supplicant(  694): wlan0: 15: c0:a0:bb:20:3b:84 ssid='dlink-3B84' wpa_ie_len=26 rsn_ie_len=24 caps=0x411 level=-72 wps
03-04 09:33:31.289 D/wpa_supplicant(  694): wlan0:    skip - SSID mismatch
03-04 09:33:31.289 D/wpa_supplicant(  694): wlan0: 16: 44:94:fc:3d:da:38 ssid='6300' wpa_ie_len=0 rsn_ie_len=0 caps=0x411 level=-64
03-04 09:33:31.289 D/wpa_supplicant(  694): wlan0:    skip - SSID mismatch
03-04 09:33:31.289 D/wpa_supplicant(  694): wlan0: 17: 02:09:4c:51:a8:28 ssid='DIRECT-' wpa_ie_len=0 rsn_ie_len=0 caps=0x410 level=-65
03-04 09:33:31.289 D/wpa_supplicant(  694): wlan0:    skip - SSID mismatch
03-04 09:33:31.289 D/wpa_supplicant(  694): wlan0: 18: 02:09:4c:3e:43:ae ssid='DIRECT-' wpa_ie_len=0 rsn_ie_len=0 caps=0x410 level=-74
03-04 09:33:31.289 D/wpa_supplicant(  694): wlan0:    skip - SSID mismatch
03-04 09:33:31.289 D/wpa_supplicant(  694): wlan0: 19: 02:09:4c:66:8d:fd ssid='DIRECT-' wpa_ie_len=0 rsn_ie_len=0 caps=0x410 level=-75
03-04 09:33:31.289 D/wpa_supplicant(  694): wlan0:    skip - SSID mismatch
03-04 09:33:31.289 D/wpa_supplicant(  694): wlan0: 20: 50:bd:5f:4b:29:92 ssid='Internet-2' wpa_ie_len=0 rsn_ie_len=0 caps=0x421 level=-63
03-04 09:33:31.289 D/wpa_supplicant(  694): wlan0:    skip - SSID mismatch
03-04 09:33:31.289 D/wpa_supplicant(  694): wlan0: 21: c0:c1:c0:76:81:3c ssid='E2000' wpa_ie_len=0 rsn_ie_len=0 caps=0x401 level=-68 wps
03-04 09:33:31.289 D/wpa_supplicant(  694): wlan0:    skip - SSID mismatch
03-04 09:33:31.289 D/wpa_supplicant(  694): wlan0: 22: e4:d3:32:dd:18:62 ssid='Internet' wpa_ie_len=0 rsn_ie_len=0 caps=0x421 level=-77
03-04 09:33:31.289 D/wpa_supplicant(  694): wlan0:    skip - SSID mismatch
03-04 09:33:31.289 D/wpa_supplicant(  694): wlan0: Selecting BSS from priority group 17
03-04 09:33:31.289 D/wpa_supplicant(  694): wlan0: 0: f8:d1:11:e7:99:e8 ssid='videotest' wpa_ie_len=22 rsn_ie_len=20 caps=0x531 level=-44 wps
03-04 09:33:31.289 D/wpa_supplicant(  694): wlan0:    skip - SSID mismatch
03-04 09:33:31.289 D/wpa_supplicant(  694): wlan0: 1: c8:d7:19:60:62:f2 ssid='E3000-2.4G' wpa_ie_len=0 rsn_ie_len=20 caps=0x411 level=-50 wps
03-04 09:33:31.289 D/wpa_supplicant(  694): wlan0:    skip - SSID mismatch
03-04 09:33:31.289 D/wpa_supplicant(  694): wlan0: 2: c4:17:fe:3f:4f:fb ssid='cmcm' wpa_ie_len=0 rsn_ie_len=20 caps=0x511 level=-56
03-04 09:33:31.289 D/wpa_supplicant(  694): wlan0:    skip - SSID mismatch
03-04 09:33:31.289 D/wpa_supplicant(  694): wlan0: 3: b0:48:7a:51:ff:cc ssid='Neusoft TP' wpa_ie_len=22 rsn_ie_len=20 caps=0x431 level=-57
03-04 09:33:31.289 D/wpa_supplicant(  694): wlan0:    skip - SSID mismatch
03-04 09:33:31.289 D/wpa_supplicant(  694): wlan0: 4: 90:94:e4:03:45:f5 ssid='DAP-2553_D' wpa_ie_len=0 rsn_ie_len=24 caps=0x431 level=-59
03-04 09:33:31.289 D/wpa_supplicant(  694): wlan0:    skip - SSID mismatch
03-04 09:33:31.289 D/wpa_supplicant(  694): wlan0: 5: 7a:ff:57:00:13:8e ssid='DIRECT-c1-Android_2a3b' wpa_ie_len=0 rsn_ie_len=20 caps=0x411 level=-60 wps
03-04 09:33:31.289 D/wpa_supplicant(  694): wlan0:    skip - SSID mismatch
03-04 09:33:31.289 D/wpa_supplicant(  694): wlan0: 6: cc:34:29:2c:fb:ec ssid='linksys' wpa_ie_len=22 rsn_ie_len=20 caps=0x431 level=-60 wps
03-04 09:33:31.289 D/wpa_supplicant(  694): wlan0:    skip - SSID mismatch
03-04 09:33:31.289 D/wpa_supplicant(  694): wlan0: 7: 98:fc:11:81:35:fb ssid='E2000EE' wpa_ie_len=0 rsn_ie_len=20 caps=0x411 level=-62 wps
03-04 09:33:31.289 D/wpa_supplicant(  694): wlan0:    skip - SSID mismatch
03-04 09:33:31.289 D/wpa_supplicant(  694): wlan0: 8: cc:b2:55:e2:84:70 ssid='DLINK_APK' wpa_ie_len=22 rsn_ie_len=20 caps=0x411 level=-62
03-04 09:33:31.289 D/wpa_supplicant(  694): wlan0:    skip - SSID mismatch
03-04 09:33:31.289 D/wpa_supplicant(  694): wlan0: 9: cc:34:29:2b:26:4c ssid='cws-test' wpa_ie_len=0 rsn_ie_len=20 caps=0x431 level=-65 wps
03-04 09:33:31.289 D/wpa_supplicant(  694): wlan0:    skip - SSID mismatch
03-04 09:33:31.289 D/wpa_supplicant(  694): wlan0: 10: e4:d3:32:36:2e:54 ssid='otc' wpa_ie_len=26 rsn_ie_len=24 caps=0x411 level=-66 wps
03-04 09:33:31.289 D/wpa_supplicant(  694): wlan0:    skip - SSID mismatch
03-04 09:33:31.289 D/wpa_supplicant(  694): wlan0: 11: 10:c3:7b:d2:e5:e0 ssid='ASUS_RT-AC66U-2.4G' wpa_ie_len=0 rsn_ie_len=20 caps=0x411 level=-67 wps
03-04 09:33:31.289 D/wpa_supplicant(  694): wlan0:    skip - SSID mismatch
03-04 09:33:31.289 D/wpa_supplicant(  694): wlan0: 12: e4:d3:32:c0:cf:a4 ssid='fast' wpa_ie_len=0 rsn_ie_len=20 caps=0x411 level=-68
03-04 09:33:31.289 D/wpa_supplicant(  694): wlan0:    skip - SSID mismatch
03-04 09:33:31.289 D/wpa_supplicant(  694): wlan0: 13: 14:d6:4d:28:ef:c8 ssid='dlink' wpa_ie_len=0 rsn_ie_len=20 caps=0x431 level=-69 wps
03-04 09:33:31.289 D/wpa_supplicant(  694): wlan0:    skip - SSID mismatch
03-04 09:33:31.289 D/wpa_supplicant(  694): wlan0: 14: 1c:65:9d:e8:79:44 ssid='WiFi' wpa_ie_len=0 rsn_ie_len=20 caps=0x511 level=-69
03-04 09:33:31.289 D/wpa_supplicant(  694): wlan0:    skip - SSID mismatch
03-04 09:33:31.289 D/wpa_supplicant(  694): wlan0: 15: c0:a0:bb:20:3b:84 ssid='dlink-3B84' wpa_ie_len=26 rsn_ie_len=24 caps=0x411 level=-72 wps
03-04 09:33:31.289 D/wpa_supplicant(  694): wlan0:    skip - SSID mismatch
03-04 09:33:31.289 D/wpa_supplicant(  694): wlan0: 16: 44:94:fc:3d:da:38 ssid='6300' wpa_ie_len=0 rsn_ie_len=0 caps=0x411 level=-64
03-04 09:33:31.289 D/wpa_supplicant(  694): wlan0:    skip - SSID mismatch
03-04 09:33:31.289 D/wpa_supplicant(  694): wlan0: 17: 02:09:4c:51:a8:28 ssid='DIRECT-' wpa_ie_len=0 rsn_ie_len=0 caps=0x410 level=-65
03-04 09:33:31.289 D/wpa_supplicant(  694): wlan0:    skip - SSID mismatch
03-04 09:33:31.289 D/wpa_supplicant(  694): wlan0: 18: 02:09:4c:3e:43:ae ssid='DIRECT-' wpa_ie_len=0 rsn_ie_len=0 caps=0x410 level=-74
03-04 09:33:31.289 D/wpa_supplicant(  694): wlan0:    skip - SSID mismatch
03-04 09:33:31.289 D/wpa_supplicant(  694): wlan0: 19: 02:09:4c:66:8d:fd ssid='DIRECT-' wpa_ie_len=0 rsn_ie_len=0 caps=0x410 level=-75
03-04 09:33:31.289 D/wpa_supplicant(  694): wlan0:    skip - SSID mismatch
03-04 09:33:31.289 D/wpa_supplicant(  694): wlan0: 20: 50:bd:5f:4b:29:92 ssid='Internet-2' wpa_ie_len=0 rsn_ie_len=0 caps=0x421 level=-63
03-04 09:33:31.289 D/wpa_supplicant(  694): wlan0:    skip - SSID mismatch
03-04 09:33:31.289 D/wpa_supplicant(  694): wlan0: 21: c0:c1:c0:76:81:3c ssid='E2000' wpa_ie_len=0 rsn_ie_len=0 caps=0x401 level=-68 wps
03-04 09:33:31.289 D/wpa_supplicant(  694): wlan0:    skip - SSID mismatch
03-04 09:33:31.289 D/wpa_supplicant(  694): wlan0: 22: e4:d3:32:dd:18:62 ssid='Internet' wpa_ie_len=0 rsn_ie_len=0 caps=0x421 level=-77
03-04 09:33:31.289 D/wpa_supplicant(  694): wlan0:    skip - SSID mismatch
03-04 09:33:31.289 D/wpa_supplicant(  694): wlan0: Selecting BSS from priority group 15
03-04 09:33:31.289 D/wpa_supplicant(  694): wlan0: 0: f8:d1:11:e7:99:e8 ssid='videotest' wpa_ie_len=22 rsn_ie_len=20 caps=0x531 level=-44 wps
03-04 09:33:31.289 D/wpa_supplicant(  694): wlan0:    skip - SSID mismatch
03-04 09:33:31.289 D/wpa_supplicant(  694): wlan0: 1: c8:d7:19:60:62:f2 ssid='E3000-2.4G' wpa_ie_len=0 rsn_ie_len=20 caps=0x411 level=-50 wps
03-04 09:33:31.289 D/wpa_supplicant(  694): wlan0:    skip - SSID mismatch
03-04 09:33:31.289 D/wpa_supplicant(  694): wlan0: 2: c4:17:fe:3f:4f:fb ssid='cmcm' wpa_ie_len=0 rsn_ie_len=20 caps=0x511 level=-56
03-04 09:33:31.289 D/wpa_supplicant(  694): wlan0:    skip - SSID mismatch
03-04 09:33:31.289 D/wpa_supplicant(  694): wlan0: 3: b0:48:7a:51:ff:cc ssid='Neusoft TP' wpa_ie_len=22 rsn_ie_len=20 caps=0x431 level=-57
03-04 09:33:31.289 D/wpa_supplicant(  694): wlan0:    skip - SSID mismatch
03-04 09:33:31.289 D/wpa_supplicant(  694): wlan0: 4: 90:94:e4:03:45:f5 ssid='DAP-2553_D' wpa_ie_len=0 rsn_ie_len=24 caps=0x431 level=-59
03-04 09:33:31.289 D/wpa_supplicant(  694): wlan0:    skip - SSID mismatch
03-04 09:33:31.289 D/wpa_supplicant(  694): wlan0: 5: 7a:ff:57:00:13:8e ssid='DIRECT-c1-Android_2a3b' wpa_ie_len=0 rsn_ie_len=20 caps=0x411 level=-60 wps
03-04 09:33:31.289 D/wpa_supplicant(  694): wlan0:    skip - SSID mismatch
03-04 09:33:31.289 D/wpa_supplicant(  694): wlan0: 6: cc:34:29:2c:fb:ec ssid='linksys' wpa_ie_len=22 rsn_ie_len=20 caps=0x431 level=-60 wps
03-04 09:33:31.289 D/wpa_supplicant(  694): wlan0:    skip - SSID mismatch
03-04 09:33:31.289 D/wpa_supplicant(  694): wlan0: 7: 98:fc:11:81:35:fb ssid='E2000EE' wpa_ie_len=0 rsn_ie_len=20 caps=0x411 level=-62 wps
03-04 09:33:31.289 D/wpa_supplicant(  694): wlan0:    skip - SSID mismatch
03-04 09:33:31.289 D/wpa_supplicant(  694): wlan0: 8: cc:b2:55:e2:84:70 ssid='DLINK_APK' wpa_ie_len=22 rsn_ie_len=20 caps=0x411 level=-62
03-04 09:33:31.289 D/wpa_supplicant(  694): wlan0:    skip - SSID mismatch
03-04 09:33:31.289 D/wpa_supplicant(  694): wlan0: 9: cc:34:29:2b:26:4c ssid='cws-test' wpa_ie_len=0 rsn_ie_len=20 caps=0x431 level=-65 wps
03-04 09:33:31.289 D/wpa_supplicant(  694): wlan0:    skip - SSID mismatch
03-04 09:33:31.289 D/wpa_supplicant(  694): wlan0: 10: e4:d3:32:36:2e:54 ssid='otc' wpa_ie_len=26 rsn_ie_len=24 caps=0x411 level=-66 wps
03-04 09:33:31.289 D/wpa_supplicant(  694): wlan0:    skip - SSID mismatch
03-04 09:33:31.289 D/wpa_supplicant(  694): wlan0: 11: 10:c3:7b:d2:e5:e0 ssid='ASUS_RT-AC66U-2.4G' wpa_ie_len=0 rsn_ie_len=20 caps=0x411 level=-67 wps
03-04 09:33:31.289 D/wpa_supplicant(  694): wlan0:    skip - SSID mismatch
03-04 09:33:31.289 D/wpa_supplicant(  694): wlan0: 12: e4:d3:32:c0:cf:a4 ssid='fast' wpa_ie_len=0 rsn_ie_len=20 caps=0x411 level=-68
03-04 09:33:31.289 D/wpa_supplicant(  694): wlan0:    skip - SSID mismatch
03-04 09:33:31.289 D/wpa_supplicant(  694): wlan0: 13: 14:d6:4d:28:ef:c8 ssid='dlink' wpa_ie_len=0 rsn_ie_len=20 caps=0x431 level=-69 wps
03-04 09:33:31.289 D/wpa_supplicant(  694): wlan0:    skip - SSID mismatch
03-04 09:33:31.289 D/wpa_supplicant(  694): wlan0: 14: 1c:65:9d:e8:79:44 ssid='WiFi' wpa_ie_len=0 rsn_ie_len=20 caps=0x511 level=-69
03-04 09:33:31.289 D/wpa_supplicant(  694): wlan0:    skip - SSID mismatch
03-04 09:33:31.289 D/wpa_supplicant(  694): wlan0: 15: c0:a0:bb:20:3b:84 ssid='dlink-3B84' wpa_ie_len=26 rsn_ie_len=24 caps=0x411 level=-72 wps
03-04 09:33:31.289 D/wpa_supplicant(  694): wlan0:    skip - SSID mismatch
03-04 09:33:31.289 D/wpa_supplicant(  694): wlan0: 16: 44:94:fc:3d:da:38 ssid='6300' wpa_ie_len=0 rsn_ie_len=0 caps=0x411 level=-64
03-04 09:33:31.289 D/wpa_supplicant(  694): wlan0:    skip - SSID mismatch
03-04 09:33:31.289 D/wpa_supplicant(  694): wlan0: 17: 02:09:4c:51:a8:28 ssid='DIRECT-' wpa_ie_len=0 rsn_ie_len=0 caps=0x410 level=-65
03-04 09:33:31.289 D/wpa_supplicant(  694): wlan0:    skip - SSID mismatch
03-04 09:33:31.289 D/wpa_supplicant(  694): wlan0: 18: 02:09:4c:3e:43:ae ssid='DIRECT-' wpa_ie_len=0 rsn_ie_len=0 caps=0x410 level=-74
03-04 09:33:31.289 D/wpa_supplicant(  694): wlan0:    skip - SSID mismatch
03-04 09:33:31.289 D/wpa_supplicant(  694): wlan0: 19: 02:09:4c:66:8d:fd ssid='DIRECT-' wpa_ie_len=0 rsn_ie_len=0 caps=0x410 level=-75
03-04 09:33:31.289 D/wpa_supplicant(  694): wlan0:    skip - SSID mismatch
03-04 09:33:31.289 D/wpa_supplicant(  694): wlan0: 20: 50:bd:5f:4b:29:92 ssid='Internet-2' wpa_ie_len=0 rsn_ie_len=0 caps=0x421 level=-63
03-04 09:33:31.289 D/wpa_supplicant(  694): wlan0:    skip - SSID mismatch
03-04 09:33:31.289 D/wpa_supplicant(  694): wlan0: 21: c0:c1:c0:76:81:3c ssid='E2000' wpa_ie_len=0 rsn_ie_len=0 caps=0x401 level=-68 wps
03-04 09:33:31.289 D/wpa_supplicant(  694): wlan0:    skip - SSID mismatch
03-04 09:33:31.289 D/wpa_supplicant(  694): wlan0: 22: e4:d3:32:dd:18:62 ssid='Internet' wpa_ie_len=0 rsn_ie_len=0 caps=0x421 level=-77
03-04 09:33:31.289 D/wpa_supplicant(  694): wlan0:    skip - SSID mismatch
03-04 09:33:31.289 D/wpa_supplicant(  694): wlan0: Selecting BSS from priority group 4
03-04 09:33:31.289 D/wpa_supplicant(  694): wlan0: 0: f8:d1:11:e7:99:e8 ssid='videotest' wpa_ie_len=22 rsn_ie_len=20 caps=0x531 level=-44 wps
03-04 09:33:31.289 D/wpa_supplicant(  694): wlan0:    skip - SSID mismatch
03-04 09:33:31.289 D/wpa_supplicant(  694): wlan0: 1: c8:d7:19:60:62:f2 ssid='E3000-2.4G' wpa_ie_len=0 rsn_ie_len=20 caps=0x411 level=-50 wps
03-04 09:33:31.289 D/wpa_supplicant(  694): wlan0:    skip - SSID mismatch
03-04 09:33:31.289 D/wpa_supplicant(  694): wlan0: 2: c4:17:fe:3f:4f:fb ssid='cmcm' wpa_ie_len=0 rsn_ie_len=20 caps=0x511 level=-56
03-04 09:33:31.289 D/wpa_supplicant(  694): wlan0:    skip - SSID mismatch
03-04 09:33:31.289 D/wpa_supplicant(  694): wlan0: 3: b0:48:7a:51:ff:cc ssid='Neusoft TP' wpa_ie_len=22 rsn_ie_len=20 caps=0x431 level=-57
03-04 09:33:31.289 D/wpa_supplicant(  694): wlan0:    skip - SSID mismatch
03-04 09:33:31.289 D/wpa_supplicant(  694): wlan0: 4: 90:94:e4:03:45:f5 ssid='DAP-2553_D' wpa_ie_len=0 rsn_ie_len=24 caps=0x431 level=-59
03-04 09:33:31.289 D/wpa_supplicant(  694): wlan0:    skip - SSID mismatch
03-04 09:33:31.289 D/wpa_supplicant(  694): wlan0: 5: 7a:ff:57:00:13:8e ssid='DIRECT-c1-Android_2a3b' wpa_ie_len=0 rsn_ie_len=20 caps=0x411 level=-60 wps
03-04 09:33:31.289 D/wpa_supplicant(  694): wlan0:    skip - SSID mismatch
03-04 09:33:31.289 D/wpa_supplicant(  694): wlan0: 6: cc:34:29:2c:fb:ec ssid='linksys' wpa_ie_len=22 rsn_ie_len=20 caps=0x431 level=-60 wps
03-04 09:33:31.289 D/wpa_supplicant(  694): wlan0:    skip - SSID mismatch
03-04 09:33:31.289 D/wpa_supplicant(  694): wlan0: 7: 98:fc:11:81:35:fb ssid='E2000EE' wpa_ie_len=0 rsn_ie_len=20 caps=0x411 level=-62 wps
03-04 09:33:31.289 D/wpa_supplicant(  694): wlan0:    skip - SSID mismatch
03-04 09:33:31.289 D/wpa_supplicant(  694): wlan0: 8: cc:b2:55:e2:84:70 ssid='DLINK_APK' wpa_ie_len=22 rsn_ie_len=20 caps=0x411 level=-62
03-04 09:33:31.289 D/wpa_supplicant(  694): wlan0:    skip - SSID mismatch
03-04 09:33:31.289 D/wpa_supplicant(  694): wlan0: 9: cc:34:29:2b:26:4c ssid='cws-test' wpa_ie_len=0 rsn_ie_len=20 caps=0x431 level=-65 wps
03-04 09:33:31.289 D/wpa_supplicant(  694): wlan0:    skip - SSID mismatch
03-04 09:33:31.289 D/wpa_supplicant(  694): wlan0: 10: e4:d3:32:36:2e:54 ssid='otc' wpa_ie_len=26 rsn_ie_len=24 caps=0x411 level=-66 wps
03-04 09:33:31.289 D/wpa_supplicant(  694): wlan0:    skip - SSID mismatch
03-04 09:33:31.299 D/wpa_supplicant(  694): wlan0: 11: 10:c3:7b:d2:e5:e0 ssid='ASUS_RT-AC66U-2.4G' wpa_ie_len=0 rsn_ie_len=20 caps=0x411 level=-67 wps
03-04 09:33:31.299 D/wpa_supplicant(  694): wlan0:    skip - SSID mismatch
03-04 09:33:31.299 D/wpa_supplicant(  694): wlan0: 12: e4:d3:32:c0:cf:a4 ssid='fast' wpa_ie_len=0 rsn_ie_len=20 caps=0x411 level=-68
03-04 09:33:31.299 D/wpa_supplicant(  694): wlan0:    skip - SSID mismatch
03-04 09:33:31.299 D/wpa_supplicant(  694): wlan0: 13: 14:d6:4d:28:ef:c8 ssid='dlink' wpa_ie_len=0 rsn_ie_len=20 caps=0x431 level=-69 wps
03-04 09:33:31.299 D/wpa_supplicant(  694): wlan0:    skip - SSID mismatch
03-04 09:33:31.299 D/wpa_supplicant(  694): wlan0: 14: 1c:65:9d:e8:79:44 ssid='WiFi' wpa_ie_len=0 rsn_ie_len=20 caps=0x511 level=-69
03-04 09:33:31.299 D/wpa_supplicant(  694): wlan0:    skip - SSID mismatch
03-04 09:33:31.299 D/wpa_supplicant(  694): wlan0: 15: c0:a0:bb:20:3b:84 ssid='dlink-3B84' wpa_ie_len=26 rsn_ie_len=24 caps=0x411 level=-72 wps
03-04 09:33:31.299 D/wpa_supplicant(  694): wlan0:    skip - SSID mismatch
03-04 09:33:31.299 D/wpa_supplicant(  694): wlan0: 16: 44:94:fc:3d:da:38 ssid='6300' wpa_ie_len=0 rsn_ie_len=0 caps=0x411 level=-64
03-04 09:33:31.299 D/wpa_supplicant(  694): wlan0:    skip - SSID mismatch
03-04 09:33:31.299 D/wpa_supplicant(  694): wlan0: 17: 02:09:4c:51:a8:28 ssid='DIRECT-' wpa_ie_len=0 rsn_ie_len=0 caps=0x410 level=-65
03-04 09:33:31.299 D/wpa_supplicant(  694): wlan0:    skip - SSID mismatch
03-04 09:33:31.299 D/wpa_supplicant(  694): wlan0: 18: 02:09:4c:3e:43:ae ssid='DIRECT-' wpa_ie_len=0 rsn_ie_len=0 caps=0x410 level=-74
03-04 09:33:31.299 D/wpa_supplicant(  694): wlan0:    skip - SSID mismatch
03-04 09:33:31.299 D/wpa_supplicant(  694): wlan0: 19: 02:09:4c:66:8d:fd ssid='DIRECT-' wpa_ie_len=0 rsn_ie_len=0 caps=0x410 level=-75
03-04 09:33:31.299 D/wpa_supplicant(  694): wlan0:    skip - SSID mismatch
03-04 09:33:31.299 D/wpa_supplicant(  694): wlan0: 20: 50:bd:5f:4b:29:92 ssid='Internet-2' wpa_ie_len=0 rsn_ie_len=0 caps=0x421 level=-63
03-04 09:33:31.299 D/wpa_supplicant(  694): wlan0:    skip - SSID mismatch
03-04 09:33:31.299 D/wpa_supplicant(  694): wlan0: 21: c0:c1:c0:76:81:3c ssid='E2000' wpa_ie_len=0 rsn_ie_len=0 caps=0x401 level=-68 wps
03-04 09:33:31.299 D/wpa_supplicant(  694): wlan0:    skip - SSID mismatch
03-04 09:33:31.299 D/wpa_supplicant(  694): wlan0: 22: e4:d3:32:dd:18:62 ssid='Internet' wpa_ie_len=0 rsn_ie_len=0 caps=0x421 level=-77
03-04 09:33:31.299 D/wpa_supplicant(  694): wlan0:    skip - SSID mismatch
03-04 09:33:31.299 D/wpa_supplicant(  694): wlan0: No suitable network found
03-04 09:33:31.299 D/wpa_supplicant(  694): wlan0: Setting scan request: 40 sec 0 usec
03-04 09:33:31.299 D/wpa_supplicant(  694): wlan0: Checking for other virtual interfaces sharing same radio (phy0) in event_scan_results
03-04 09:33:31.299 D/wpa_supplicant(  694): p2p-dev-wlan0: Updating scan results from sibling
03-04 09:33:31.299 D/wpa_supplicant(  694): nl80211: Received scan results (23 BSSes)
03-04 09:33:31.299 D/wpa_supplicant(  694): nl80211: Survey data missing
03-04 09:33:31.299 D/wpa_supplicant(  694): p2p-dev-wlan0: BSS: Start scan result update 3
03-04 09:33:31.299 D/wpa_supplicant(  694): BSS: No P2P IE - skipping BSS f8:d1:11:e7:99:e8 update for P2P interface
03-04 09:33:31.299 D/wpa_supplicant(  694): BSS: No P2P IE - skipping BSS c8:d7:19:60:62:f2 update for P2P interface
03-04 09:33:31.299 D/wpa_supplicant(  694): BSS: No P2P IE - skipping BSS c4:17:fe:3f:4f:fb update for P2P interface
03-04 09:33:31.299 D/wpa_supplicant(  694): BSS: No P2P IE - skipping BSS b0:48:7a:51:ff:cc update for P2P interface
03-04 09:33:31.299 D/wpa_supplicant(  694): BSS: No P2P IE - skipping BSS 90:94:e4:03:45:f5 update for P2P interface
03-04 09:33:31.299 D/wpa_supplicant(  694): BSS: No P2P IE - skipping BSS cc:34:29:2c:fb:ec update for P2P interface
03-04 09:33:31.299 D/wpa_supplicant(  694): BSS: No P2P IE - skipping BSS 98:fc:11:81:35:fb update for P2P interface
03-04 09:33:31.299 D/wpa_supplicant(  694): BSS: No P2P IE - skipping BSS cc:b2:55:e2:84:70 update for P2P interface
03-04 09:33:31.299 D/wpa_supplicant(  694): BSS: No P2P IE - skipping BSS cc:34:29:2b:26:4c update for P2P interface
03-04 09:33:31.299 D/wpa_supplicant(  694): BSS: No P2P IE - skipping BSS e4:d3:32:36:2e:54 update for P2P interface
03-04 09:33:31.299 D/wpa_supplicant(  694): BSS: No P2P IE - skipping BSS 10:c3:7b:d2:e5:e0 update for P2P interface
03-04 09:33:31.299 D/wpa_supplicant(  694): BSS: No P2P IE - skipping BSS e4:d3:32:c0:cf:a4 update for P2P interface
03-04 09:33:31.299 D/wpa_supplicant(  694): BSS: No P2P IE - skipping BSS 14:d6:4d:28:ef:c8 update for P2P interface
03-04 09:33:31.299 D/wpa_supplicant(  694): BSS: No P2P IE - skipping BSS 1c:65:9d:e8:79:44 update for P2P interface
03-04 09:33:31.299 D/wpa_supplicant(  694): BSS: No P2P IE - skipping BSS c0:a0:bb:20:3b:84 update for P2P interface
03-04 09:33:31.299 D/wpa_supplicant(  694): BSS: No P2P IE - skipping BSS 44:94:fc:3d:da:38 update for P2P interface
03-04 09:33:31.299 D/wpa_supplicant(  694): BSS: No P2P IE - skipping BSS 02:09:4c:51:a8:28 update for P2P interface
03-04 09:33:31.299 D/wpa_supplicant(  694): BSS: No P2P IE - skipping BSS 02:09:4c:3e:43:ae update for P2P interface
03-04 09:33:31.299 D/wpa_supplicant(  694): BSS: No P2P IE - skipping BSS 02:09:4c:66:8d:fd update for P2P interface
03-04 09:33:31.299 D/wpa_supplicant(  694): BSS: No P2P IE - skipping BSS 50:bd:5f:4b:29:92 update for P2P interface
03-04 09:33:31.299 D/wpa_supplicant(  694): BSS: No P2P IE - skipping BSS c0:c1:c0:76:81:3c update for P2P interface
03-04 09:33:31.299 D/wpa_supplicant(  694): BSS: No P2P IE - skipping BSS e4:d3:32:dd:18:62 update for P2P interface
03-04 09:33:31.299 D/wpa_supplicant(  694): BSS: last_scan_res_used=1/32 last_scan_full=0
03-04 09:33:31.299 D/wpa_supplicant(  694): p2p-dev-wlan0: New scan results available
03-04 09:33:31.299 D/wpa_supplicant(  694): CTRL_IFACE monitor send - hexdump(len=39): 2f 64 61 74 61 2f 6d 69 73 63 2f 77 69 66 69 2f 73 6f 63 6b 65 74 73 2f 77 70 61 5f 63 74 72 6c ...
03-04 09:33:31.299 I/WifiHW  (  505): EVENT: IFNAME=p2p-dev-wlan0 CTRL-EVENT-SCAN-RESULTS 
03-04 09:33:31.299 D/wpa_supplicant(  694): CTRL_IFACE monitor send - hexdump(len=39): 2f 64 61 74 61 2f 6d 69 73 63 2f 77 69 66 69 2f 73 6f 63 6b 65 74 73 2f 77 70 61 5f 63 74 72 6c ...
03-04 09:33:31.299 I/WifiHW  (  505): EVENT: IFNAME=p2p-dev-wlan0 WPS-AP-AVAILABLE 
03-04 09:33:31.299 D/wpa_supplicant(  694): WPS: AP e4:d3:32:36:2e:54 type 0 added
03-04 09:33:31.299 D/wpa_supplicant(  694): WPS: AP[0] 10:c3:7b:d2:e5:e0 type=0 tries=0 last_attempt=-1 sec ago blacklist=0
03-04 09:33:31.299 D/wpa_supplicant(  694): WPS: AP[1] f8:d1:11:e7:99:e8 type=0 tries=0 last_attempt=-1 sec ago blacklist=0
03-04 09:33:31.299 D/wpa_supplicant(  694): WPS: AP[2] c8:d7:19:60:62:f2 type=0 tries=0 last_attempt=-1 sec ago blacklist=0
03-04 09:33:31.299 D/wpa_supplicant(  694): WPS: AP[3] 7a:ff:57:00:13:8e type=0 tries=0 last_attempt=-1 sec ago blacklist=0
03-04 09:33:31.299 D/wpa_supplicant(  694): WPS: AP[4] cc:34:29:2c:fb:ec type=0 tries=0 last_attempt=-1 sec ago blacklist=0
03-04 09:33:31.299 D/wpa_supplicant(  694): WPS: AP[5] cc:34:29:2b:26:4c type=0 tries=0 last_attempt=-1 sec ago blacklist=0
03-04 09:33:31.299 D/wpa_supplicant(  694): WPS: AP[6] 98:fc:11:81:35:fb type=0 tries=0 last_attempt=-1 sec ago blacklist=0
03-04 09:33:31.299 D/wpa_supplicant(  694): WPS: AP[7] c0:a0:bb:20:3b:84 type=0 tries=0 last_attempt=-1 sec ago blacklist=0
03-04 09:33:31.299 D/wpa_supplicant(  694): WPS: AP[8] c0:c1:c0:76:81:3c type=0 tries=0 last_attempt=-1 sec ago blacklist=0
03-04 09:33:31.299 D/wpa_supplicant(  694): WPS: AP[9] b0:48:7a:51:ff:cc type=0 tries=0 last_attempt=-1 sec ago blacklist=0
03-04 09:33:31.299 D/wpa_supplicant(  694): WPS: AP[10] 14:d6:4d:28:ef:c8 type=0 tries=0 last_attempt=-1 sec ago blacklist=0
03-04 09:33:31.299 D/wpa_supplicant(  694): WPS: AP[11] e4:d3:32:36:2e:54 type=0 tries=0 last_attempt=-1 sec ago blacklist=0
03-04 09:33:31.299 D/wpa_supplicant(  694): p2p-dev-wlan0: No suitable network found
03-04 09:33:31.299 D/wpa_supplicant(  694): p2p-dev-wlan0: Short-circuit new scan request since there are no enabled networks
03-04 09:33:31.299 D/wpa_supplicant(  694): p2p-dev-wlan0: State: INACTIVE -> INACTIVE
03-04 09:33:31.299 D/wpa_supplicant(  694): wlan0: P2P: Station mode scan operation not pending anymore (sta_scan_pending=0 p2p_cb_on_scan_complete=0)
03-04 09:33:31.299 D/wpa_supplicant(  694): RX ctrl_iface - hexdump(len=25): 42 53 53 20 52 41 4e 47 45 3d 30 2d 20 4d 41 53 4b 3d 30 78 32 31 39 38 37
03-04 09:33:31.299 D/wpa_supplicant(  694): wlan0: Control interface command 'BSS RANGE=0- MASK=0x21987'
03-04 09:33:31.299 I/WifiHW  (  505): REPLY: id=0
03-04 09:33:31.299 I/WifiHW  (  505): REPLY: bssid=10:c3:7b:d2:e5:e0
03-04 09:33:31.299 I/WifiHW  (  505): REPLY: freq=2462
03-04 09:33:31.299 I/WifiHW  (  505): REPLY: level=-67
03-04 09:33:31.299 I/WifiHW  (  505): REPLY: tsf=0000000081489855
03-04 09:33:31.299 I/WifiHW  (  505): REPLY: flags=[WPA2-PSK-CCMP][WPS][ESS]
03-04 09:33:31.299 I/WifiHW  (  505): REPLY: ssid=ASUS_RT-AC66U-2.4G
03-04 09:33:31.299 I/WifiHW  (  505): REPLY: ====
03-04 09:33:31.299 I/WifiHW  (  505): REPLY: id=1
03-04 09:33:31.299 I/WifiHW  (  505): REPLY: bssid=f8:d1:11:e7:99:e8
03-04 09:33:31.299 I/WifiHW  (  505): REPLY: freq=2437
03-04 09:33:31.299 I/WifiHW  (  505): REPLY: level=-44
03-04 09:33:31.299 I/WifiHW  (  505): REPLY: tsf=0000000081489745
03-04 09:33:31.299 I/WifiHW  (  505): REPLY: flags=[WPA-PSK-CCMP][WPA2-PSK-CCMP][WPS][ESS]
03-04 09:33:31.299 D/wpa_supplicant(  694): RTM_NEWLINK: operstate=0 ifi_flags=0x11003 ([UP][LOWER_UP])
03-04 09:33:31.299 I/WifiHW  (  505): REPLY: ssid=videotest
03-04 09:33:31.299 I/WifiHW  (  505): REPLY: ====
03-04 09:33:31.299 I/WifiHW  (  505): REPLY: id=2
03-04 09:33:31.299 D/wpa_supplicant(  694): RTM_NEWLINK, IFLA_IFNAME: Interface 'wlan0' added
03-04 09:33:31.299 I/WifiHW  (  505): REPLY: bssid=c8:d7:19:60:62:f2
03-04 09:33:31.299 I/WifiHW  (  505): REPLY: freq=2437
03-04 09:33:31.299 I/WifiHW  (  505): REPLY: level=-50
03-04 09:33:31.299 I/WifiHW  (  505): REPLY: tsf=0000000081489757
03-04 09:33:31.299 I/WifiHW  (  505): REPLY: flags=[WPA2-PSK-CCMP][WPS][ESS]
03-04 09:33:31.299 I/WifiHW  (  505): REPLY: ssid=E3000-2.4G
03-04 09:33:31.299 I/WifiHW  (  505): REPLY: ====
03-04 09:33:31.299 I/WifiHW  (  505): REPLY: id=3
03-04 09:33:31.299 I/WifiHW  (  505): REPLY: bssid=7a:ff:57:00:13:8e
03-04 09:33:31.299 I/WifiHW  (  505): REPLY: freq=2462
03-04 09:33:31.299 I/WifiHW  (  505): REPLY: level=-60
03-04 09:33:31.299 I/WifiHW  (  505): REPLY: tsf=0000000081489864
03-04 09:33:31.299 I/WifiHW  (  505): REPLY: flags=[WPA2-PSK-CCMP][WPS][ESS][P2P]
03-04 09:33:31.299 I/WifiHW  (  505): REPLY: ssid=DIRECT-c1-Android_2a3b
03-04 09:33:31.299 I/WifiHW  (  505): REPLY: ====
03-04 09:33:31.299 I/WifiHW  (  505): REPLY: id=4
03-04 09:33:31.299 I/WifiHW  (  505): REPLY: bssid=cc:34:29:2c:fb:ec
03-04 09:33:31.299 I/WifiHW  (  505): REPLY: freq=2412
03-04 09:33:31.299 I/WifiHW  (  505): REPLY: level=-60
03-04 09:33:31.299 I/WifiHW  (  505): REPLY: tsf=0000000081489696
03-04 09:33:31.299 I/WifiHW  (  505): REPLY: flags=[WPA-PSK-CCMP][WPA2-PSK-CCMP][WPS][ESS]
03-04 09:33:31.299 I/WifiHW  (  505): REPLY: ssid=linksys
03-04 09:33:31.299 I/WifiHW  (  505): REPLY: ====
03-04 09:33:31.299 I/WifiHW  (  505): REPLY: id=5
03-04 09:33:31.299 I/WifiHW  (  505): REPLY: bssid=cc:34:29:2b:26:4c
03-04 09:33:31.299 I/WifiHW  (  505): REPLY: freq=2462
03-04 09:33:31.299 I/WifiHW  (  505): REPLY: level=-65
03-04 09:33:31.299 I/WifiHW  (  505): REPLY: tsf=0000000081489882
03-04 09:33:31.299 I/WifiHW  (  505): REPLY: flags=[WPA2-PSK-CCMP][WPS][ESS]
03-04 09:33:31.299 I/WifiHW  (  505): REPLY: ssid=cws-test
03-04 09:33:31.299 I/WifiHW  (  505): REPLY: ====
03-04 09:33:31.299 I/WifiHW  (  505): REPLY: id=6
03-04 09:33:31.299 I/WifiHW  (  505): REPLY: bssid=90:94:e4:03:45:f5
03-04 09:33:31.299 I/WifiHW  (  505): REPLY: freq=2442
03-04 09:33:31.299 I/WifiHW  (  505): REPLY: level=-59
03-04 09:33:31.299 I/WifiHW  (  505): REPLY: tsf=0000000081489820
03-04 09:33:31.299 I/WifiHW  (  505): REPLY: flags=[WPA2-PSK-CCMP+TKIP][ESS]
03-04 09:33:31.299 I/WifiHW  (  505): REPLY: ssid=DAP-2553_D
03-04 09:33:31.299 I/WifiHW  (  505): REPLY: ====
03-04 09:33:31.299 I/WifiHW  (  505): REPLY: id=7
03-04 09:33:31.299 I/WifiHW  (  505): REPLY: bssid=98:fc:11:81:35:fb
03-04 09:33:31.299 I/WifiHW  (  505): REPLY: freq=2412
03-04 09:33:31.299 I/WifiHW  (  505): REPLY: level=-62
03-04 09:33:31.299 I/WifiHW  (  505): REPLY: tsf=0000000081489686
03-04 09:33:31.299 I/WifiHW  (  505): REPLY: flags=[WPA2-PSK-CCMP][WPS][ESS]
03-04 09:33:31.299 I/WifiHW  (  505): REPLY: ssid=E2000EE
03-04 09:33:31.299 I/WifiHW  (  505): REPLY: ====
03-04 09:33:31.299 I/WifiHW  (  505): REPLY: id=8
03-04 09:33:31.299 I/WifiHW  (  505): REPLY: bssid=c4:17:fe:3f:4f:fb
03-04 09:33:31.299 D/wpa_supplicant(  694): nl80211: if_removed already cleared - ignore event
03-04 09:33:31.299 I/WifiHW  (  505): REPLY: freq=2437
03-04 09:33:31.299 I/WifiHW  (  505): REPLY: level=-56
03-04 09:33:31.299 I/WifiHW  (  505): REPLY: tsf=0000000081489766
03-04 09:33:31.299 I/WifiHW  (  505): REPLY: flags=[WPA2-PSK-CCMP][ESS]
03-04 09:33:31.299 I/WifiHW  (  505): REPLY: ssid=cmcm
03-04 09:33:31.299 I/WifiHW  (  505): REPLY: ====
03-04 09:33:31.299 I/WifiHW  (  505): REPLY: id=9
03-04 09:33:31.299 I/WifiHW  (  505): REPLY: bssid=c0:a0:bb:20:3b:84
03-04 09:33:31.299 I/WifiHW  (  505): REPLY: freq=2417
03-04 09:33:31.299 I/WifiHW  (  505): REPLY: level=-72
03-04 09:33:31.299 I/WifiHW  (  505): REPLY: tsf=0000000081489731
03-04 09:33:31.299 I/WifiHW  (  505): REPLY: flags=[WPA-PSK-CCMP+TKIP][WPA2-PSK-CCMP+TKIP][WPS][ESS]
03-04 09:33:31.299 I/WifiHW  (  505): REPLY: ssid=dlink-3B84
03-04 09:33:31.299 I/WifiHW  (  505): REPLY: ====
03-04 09:33:31.299 I/WifiHW  (  505): REPLY: id=10
03-04 09:33:31.299 I/WifiHW  (  505): REPLY: bssid=00:0f:e2:0f:9f:c1
03-04 09:33:31.299 I/WifiHW  (  505): REPLY: freq=2462
03-04 09:33:31.299 I/WifiHW  (  505): REPLY: level=-74
03-04 09:33:31.299 I/WifiHW  (  505): REPLY: tsf=0000000040267728
03-04 09:33:31.299 I/WifiHW  (  505): REPLY: flags=[WPA-PSK-CCMP+TKIP][WPA2-PSK-CCMP+TKIP][ESS]
03-04 09:33:31.299 I/WifiHW  (  505): REPLY: ssid=321_WAN
03-04 09:33:31.299 I/WifiHW  (  505): REPLY: ====
03-04 09:33:31.299 I/WifiHW  (  505): REPLY: id=11
03-04 09:33:31.299 I/WifiHW  (  505): REPLY: bssid=44:94:fc:3d:da:38
03-04 09:33:31.299 I/WifiHW  (  505): REPLY: freq=2462
03-04 09:33:31.299 I/WifiHW  (  505): REPLY: level=-64
03-04 09:33:31.299 I/WifiHW  (  505): REPLY: tsf=0000000081489873
03-04 09:33:31.299 I/WifiHW  (  505): REPLY: flags=[WEP][ESS]
03-04 09:33:31.299 I/WifiHW  (  505): REPLY: ssid=6300
03-04 09:33:31.299 I/WifiHW  (  505): REPLY: ====
03-04 09:33:31.299 I/WifiHW  (  505): REPLY: id=12
03-04 09:33:31.299 I/WifiHW  (  505): REPLY: bssid=02:09:4c:66:8d:fd
03-04 09:33:31.299 I/WifiHW  (  505): REPLY: freq=2412
03-04 09:33:31.299 I/WifiHW  (  505): REPLY: level=-75
03-04 09:33:31.299 I/WifiHW  (  505): REPLY: tsf=0000000081489723
03-04 09:33:31.299 I/WifiHW  (  505): REPLY: flags=[WEP]
03-04 09:33:31.299 I/WifiHW  (  505): REPLY: ssid=DIRECT-
03-04 09:33:31.299 I/WifiHW  (  505): REPLY: ====
03-04 09:33:31.299 I/WifiHW  (  505): REPLY: id=13
03-04 09:33:31.299 I/WifiHW  (  505): REPLY: bssid=c0:c1:c0:76:81:3c
03-04 09:33:31.299 I/WifiHW  (  505): REPLY: freq=2462
03-04 09:33:31.299 I/WifiHW  (  505): REPLY: level=-68
03-04 09:33:31.299 I/WifiHW  (  505): REPLY: tsf=0000000081489846
03-04 09:33:31.299 I/WifiHW  (  505): REPLY: flags=[WPS][ESS]
03-04 09:33:31.299 I/WifiHW  (  505): REPLY: ssid=E2000
03-04 09:33:31.299 I/WifiHW  (  505): REPLY: ====
03-04 09:33:31.299 I/WifiHW  (  505): REPLY: id=14
03-04 09:33:31.299 I/WifiHW  (  505): REPLY: bssid=50:bd:5f:4b:29:92
03-04 09:33:31.299 I/WifiHW  (  505): REPLY: freq=2437
03-04 09:33:31.299 I/WifiHW  (  505): REPLY: level=-63
03-04 09:33:31.299 I/WifiHW  (  505): REPLY: tsf=0000000081489775
03-04 09:33:31.299 I/WifiHW  (  505): REPLY: flags=[ESS]
03-04 09:33:31.299 I/WifiHW  (  505): REPLY: ssid=Internet-2
03-04 09:33:31.299 I/WifiHW  (  505): REPLY: ====
03-04 09:33:31.299 I/WifiHW  (  505): REPLY: id=15
03-04 09:33:31.299 I/WifiHW  (  505): REPLY: bssid=b0:48:7a:51:ff:cc
03-04 09:33:31.299 I/WifiHW  (  505): REPLY: freq=2452
03-04 09:33:31.299 I/WifiHW  (  505): REPLY: level=-57
03-04 09:33:31.299 I/WifiHW  (  505): REPLY: tsf=0000000081489837
03-04 09:33:31.299 I/WifiHW  (  505): REPLY: flags=[WPA-PSK-CCMP][WPA2-PSK-CCMP][ESS]
03-04 09:33:31.299 I/WifiHW  (  505): REPLY: ssid=Neusoft TP
03-04 09:33:31.299 I/WifiHW  (  505): REPLY: ====
03-04 09:33:31.299 I/WifiHW  (  505): REPLY: id=16
03-04 09:33:31.299 I/WifiHW  (  505): REPLY: bssid=cc:b2:55:e2:84:70
03-04 09:33:31.299 I/WifiHW  (  505): REPLY: freq=2447
03-04 09:33:31.299 I/WifiHW  (  505): REPLY: level=-62
03-04 09:33:31.299 I/WifiHW  (  505): REPLY: tsf=0000000081489829
03-04 09:33:31.299 I/WifiHW  (  505): REPLY: flags=[WPA-PSK-TKIP][WPA2-PSK-TKIP][ESS]
03-04 09:33:31.299 I/WifiHW  (  505): REPLY: ssid=DLINK_APK
03-04 09:33:31.299 I/WifiHW  (  505): REPLY: ====
03-04 09:33:31.299 I/WifiHW  (  505): REPLY: id=17
03-04 09:33:31.299 I/WifiHW  (  505): REPLY: bssid=14:d6:4d:28:ef:c8
03-04 09:33:31.299 I/WifiHW  (  505): REPLY: freq=2437
03-04 09:33:31.299 I/WifiHW  (  505): REPLY: level=-69
03-04 09:33:31.299 I/WifiHW  (  505): REPLY: tsf=0000000081489802
03-04 09:33:31.299 I/WifiHW  (  505): REPLY: flags=[WPA2-PSK-CCMP][WPS][ESS]
03-04 09:33:31.299 I/WifiHW  (  505): REPLY: ssid=dlink
03-04 09:33:31.299 I/WifiHW  (  505): REPLY: ====
03-04 09:33:31.299 I/WifiHW  (  505): REPLY: id=18
03-04 09:33:31.299 I/WifiHW  (  505): REPLY: bssid=e4:d3:32:c0:cf:a4
03-04 09:33:31.299 I/WifiHW  (  505): REPLY: freq=2437
03-04 09:33:31.299 I/WifiHW  (  505): REPLY: level=-68
03-04 09:33:31.299 I/WifiHW  (  505): REPLY: tsf=0000000081489812
03-04 09:33:31.299 I/WifiHW  (  505): REPLY: flags=[WPA2-PSK-CCMP][ESS]
03-04 09:33:31.299 I/WifiHW  (  505): REPLY: ssid=fast
03-04 09:33:31.299 I/WifiHW  (  505): REPLY: ====
03-04 09:33:31.299 I/WifiHW  (  505): REPLY: id=19
03-04 09:33:31.299 I/WifiHW  (  505): REPLY: bssid=f4:b7:e2:2b:41:b7
03-04 09:33:31.299 I/WifiHW  (  505): REPLY: freq=2437
03-04 09:33:31.299 I/WifiHW  (  505): REPLY: level=-71
03-04 09:33:31.299 I/WifiHW  (  505): REPLY: tsf=0000000040267688
03-04 09:33:31.299 I/WifiHW  (  505): REPLY: flags=[WPA2-PSK-CCMP][ESS]
03-04 09:33:31.299 I/WifiHW  (  505): REPLY: ssid=cmscc
03-04 09:33:31.299 I/WifiHW  (  505): REPLY: ====
03-04 09:33:31.299 I/WifiHW  (  505): REPLY: id=20
03-04 09:33:31.299 I/WifiHW  (  505): REPLY: bssid=f4:b7:e2:b7:b9:fa
03-04 09:33:31.299 I/WifiHW  (  505): REPLY: freq=2437
03-04 09:33:31.309 I/WifiHW  (  505): REPLY: level=-76
03-04 09:33:31.309 I/WifiHW  (  505): REPLY: tsf=0000000040267700
03-04 09:33:31.309 I/WifiHW  (  505): REPLY: flags=[WPA2-PSK-CCMP][ESS]
03-04 09:33:31.309 I/WifiHW  (  505): REPLY: ssid=360WiFi-9755
03-04 09:33:31.309 I/WifiHW  (  505): REPLY: ====
03-04 09:33:31.309 I/WifiHW  (  505): REPLY: id=21
03-04 09:33:31.309 I/WifiHW  (  505): REPLY: bssid=24:05:0f:2e:8a:21
03-04 09:33:31.309 I/WifiHW  (  505): REPLY: freq=2412
03-04 09:33:31.309 I/WifiHW  (  505): REPLY: level=-80
03-04 09:33:31.309 I/WifiHW  (  505): REPLY: tsf=0000000040267677
03-04 09:33:31.309 I/WifiHW  (  505): REPLY: flags=[WPA-PSK-CCMP][WPA2-PSK-CCMP][ESS]
03-04 09:33:31.309 I/WifiHW  (  505): REPLY: ssid=Online_360_m
03-04 09:33:31.309 I/WifiHW  (  505): REPLY: ====
03-04 09:33:31.309 I/WifiHW  (  505): REPLY: id=22
03-04 09:33:31.309 I/WifiHW  (  505): REPLY: bssid=02:09:4c:3e:43:ae
03-04 09:33:31.309 I/WifiHW  (  505): REPLY: freq=2412
03-04 09:33:31.309 I/WifiHW  (  505): REPLY: level=-74
03-04 09:33:31.309 I/WifiHW  (  505): REPLY: tsf=0000000081489705
03-04 09:33:31.309 I/WifiHW  (  505): REPLY: flags=[WEP]
03-04 09:33:31.309 I/WifiHW  (  505): REPLY: ssid=DIRECT-
03-04 09:33:31.309 I/WifiHW  (  505): REPLY: ====
03-04 09:33:31.309 I/WifiHW  (  505): REPLY: id=23
03-04 09:33:31.309 I/WifiHW  (  505): REPLY: bssid=e4:d3:32:36:2e:54
03-04 09:33:31.309 I/WifiHW  (  505): REPLY: freq=2472
03-04 09:33:31.309 I/WifiHW  (  505): REPLY: level=-66
03-04 09:33:31.309 I/WifiHW  (  505): REPLY: tsf=0000000081489903
03-04 09:33:31.309 I/WifiHW  (  505): REPLY: flags=[WPA-PSK-CCMP+TKIP][WPA2-PSK-CCMP+TKIP][WPS][ESS]
03-04 09:33:31.309 I/WifiHW  (  505): REPLY: ssid=otc
03-04 09:33:31.309 I/WifiHW  (  505): REPLY: ====
03-04 09:33:31.309 I/WifiHW  (  505): REPLY: id=24
03-04 09:33:31.309 I/WifiHW  (  505): REPLY: bssid=1c:65:9d:e8:79:44
03-04 09:33:31.309 I/WifiHW  (  505): REPLY: freq=2437
03-04 09:33:31.309 I/WifiHW  (  505): REPLY: level=-69
03-04 09:33:31.309 I/WifiHW  (  505): REPLY: tsf=0000000081489792
03-04 09:33:31.309 I/WifiHW  (  505): REPLY: flags=[WPA2-PSK-CCMP][ESS]
03-04 09:33:31.309 I/WifiHW  (  505): REPLY: ssid=WiFi
03-04 09:33:31.309 I/WifiHW  (  505): REPLY: ====
03-04 09:33:31.309 I/WifiHW  (  505): REPLY: id=25
03-04 09:33:31.309 I/WifiHW  (  505): REPLY: bssid=02:09:4c:51:a8:28
03-04 09:33:31.309 I/WifiHW  (  505): REPLY: freq=2412
03-04 09:33:31.309 I/WifiHW  (  505): REPLY: level=-65
03-04 09:33:31.309 I/WifiHW  (  505): REPLY: tsf=0000000081489714
03-04 09:33:31.309 I/WifiHW  (  505): REPLY: flags=[WEP]
03-04 09:33:31.309 I/WifiHW  (  505): REPLY: ssid=DIRECT-
03-04 09:33:31.309 I/WifiHW  (  505): REPLY: ====
03-04 09:33:31.309 I/WifiHW  (  505): REPLY: id=26
03-04 09:33:31.309 I/WifiHW  (  505): REPLY: bssid=e4:d3:32:dd:18:62
03-04 09:33:31.309 I/WifiHW  (  505): REPLY: freq=2437
03-04 09:33:31.309 I/WifiHW  (  505): REPLY: level=-77
03-04 09:33:31.309 I/WifiHW  (  505): REPLY: tsf=0000000081489783
03-04 09:33:31.309 I/WifiHW  (  505): REPLY: flags=[ESS]
03-04 09:33:31.309 I/WifiHW  (  505): REPLY: ssid=Internet
03-04 09:33:31.309 I/WifiHW  (  505): REPLY: ####
03-04 09:33:31.919 W/BindingManager( 1891): Cannot call determinedVisibility() - never saw a connection for the pid: 1891
03-04 09:33:31.959 D/SendBroadcastHandler( 1709): startTimer() SEND_TO_CONTACTS_WIDGET_DELETE 
03-04 09:33:32.059 I/chromium( 1891): [INFO:CONSOLE(70)] "WARNING: Message from backend doesn't have data.", source:  (70)
03-04 09:33:32.099 D/SendBroadcastHandler( 1709): startTimer() SEND_TO_CONTACTS_INSERT 
03-04 09:33:32.259 D/dalvikvm( 1891): GC_EXPLICIT freed 2399K, 31% free 7315K/10452K, paused 1ms+2ms, total 20ms
03-04 09:33:32.869 W/BindingManager( 1891): Cannot call determinedVisibility() - never saw a connection for the pid: 1891
03-04 09:33:33.019 I/chromium( 1891): [INFO:CONSOLE(70)] "WARNING: Message from backend doesn't have data.", source:  (70)
03-04 09:33:33.899 W/BindingManager( 1891): Cannot call determinedVisibility() - never saw a connection for the pid: 1891
03-04 09:33:33.999 I/chromium( 1891): [INFO:CONSOLE(70)] "WARNING: Message from backend doesn't have data.", source:  (70)
03-04 09:33:34.049 V/ActivityManager(  505): Remove bg service from mStartingBackground ,r=ServiceRecord{221d3f48 u0 com.android.providers.calendar/.ContactsEventUpdateIntentService},r used time=88,left r count=1
03-04 09:33:34.959 D/SendBroadcastHandler( 1709): mTimerTask sendMessage CONTACTS_DELETE 
03-04 09:33:34.959 D/SendBroadcastHandler( 1709): sendBroadcast delete to voice agent
03-04 09:33:34.959 D/SendBroadcastHandler( 1709): (Delete) sendBroadcast mDeleteContacts:3
03-04 09:33:34.959 D/SendBroadcastHandler( 1709): (Delete) sendBroadcast mDeleteRawContactsVoice:3
03-04 09:33:34.959 D/SendBroadcastHandler( 1709): sendBroadcast CONTACTS_DELETE
03-04 09:33:34.959 D/AsusContactWigdetSync( 1008): ready to sync contact id = 3
03-04 09:33:34.959 D/AsusContactWigdetSync( 1008): ready to sync widget
03-04 09:33:34.959 D/AsusContactWigdetSync( 1008): delete contact_id = 741
03-04 09:33:34.959 D/AsusContactWigdetSync( 1008): delete contact_id = 742
03-04 09:33:34.959 D/AsusContactWigdetSync( 1008): delete contact_id = 743
03-04 09:33:34.959 D/AsusContactWigdetSync( 1008): sync isdelete = true
03-04 09:33:34.969 D/AsusContactWigdetSync( 2450): ready to sync contact id = 3
03-04 09:33:34.969 D/AsusContactWigdetSync( 2450): ready to sync widget
03-04 09:33:34.969 D/AsusContactWigdetSync( 2450): delete contact_id = 741
03-04 09:33:34.969 D/AsusContactWigdetSync( 2450): delete contact_id = 742
03-04 09:33:34.969 D/AsusContactWigdetSync( 2450): delete contact_id = 743
03-04 09:33:34.969 D/AsusContactWigdetSync( 2450): sync isdelete = true
03-04 09:33:34.979 W/BindingManager( 1891): Cannot call determinedVisibility() - never saw a connection for the pid: 1891
03-04 09:33:35.009 D/SendBroadcastHandler( 1709): startTimer() SEND_TO_CONTACTS_WIDGET_DELETE 
03-04 09:33:35.049 I/CalendarProvider2( 1748): Sending notification intent: Intent { act=android.intent.action.PROVIDER_CHANGED dat=content://com.android.calendar }
03-04 09:33:35.049 W/ContentResolver( 1748): Failed to get type for: content://com.android.calendar (Unknown URL content://com.android.calendar)
03-04 09:33:35.049 D/AlertReceiver( 1721): onReceive: a=android.intent.action.PROVIDER_CHANGED Intent { act=android.intent.action.PROVIDER_CHANGED dat=content://com.android.calendar flg=0x10 cmp=com.asus.calendar/com.android.calendar.alerts.AlertReceiver }
03-04 09:33:35.049 V/ActivityManager(  505): Remove bg service from mStartingBackground ,r=ServiceRecord{221bae00 u0 com.android.providers.calendar/.EmptyService},r used time=1003,left r count=2
03-04 09:33:35.059 D/AlertService( 1721): 0 Action = android.intent.action.PROVIDER_CHANGED
03-04 09:33:35.059 D/AlertService( 1721): Beginning updateAlertNotification
03-04 09:33:35.069 D/AlertService( 1721): No fired or scheduled alerts
03-04 09:33:35.079 D/BatteryStatsImpl(  505): noteStopWakeLocked com.asus.calendar isFromForeground = false
03-04 09:33:35.079 V/ActivityManager(  505): Remove bg service from mStartingBackground ,r=ServiceRecord{22105c30 u0 com.asus.calendar/com.android.calendar.alerts.AlertService},r used time=22,left r count=2
03-04 09:33:35.089 I/chromium( 1891): [INFO:CONSOLE(70)] "WARNING: Message from backend doesn't have data.", source:  (70)
03-04 09:33:35.099 D/SendBroadcastHandler( 1709): mTimerTask sendMessage CONTACTS_INSERT 
03-04 09:33:35.099 D/SendBroadcastHandler( 1709): (insert) sendBroadcast mInsertRawContacts:3
03-04 09:33:35.099 D/SendBroadcastHandler( 1709): (insert) sendBroadcast mInsertName:3
03-04 09:33:35.099 D/SendBroadcastHandler( 1709): (insert) sendBroadcast mInsertNameDetail:3
03-04 09:33:35.099 D/SendBroadcastHandler( 1709): sendBroadcast insert to voice agent
03-04 09:33:35.149 D/SendBroadcastHandler( 1709): startTimer() SEND_TO_CONTACTS_INSERT 
03-04 09:33:35.259 D/BatteryStatsImpl(  505): noteStopWakeLocked system isFromForeground = false
03-04 09:33:35.259 D/AlarmManager(  505): Triggered Alarm 21ff8158 ELAPSED_REALTIME_WAKEUP IntentSender{221fcc58: PendingIntentRecord{21f87810 android broadcastIntent}}
03-04 09:33:35.259 D/ConnectivityService(  505): Sampling interval elapsed, updating statistics ..
03-04 09:33:35.259 D/ConnectivityService(  505): Done.
03-04 09:33:35.269 D/ConnectivityService(  505): Setting timer for 720seconds
03-04 09:33:35.869 W/BindingManager( 1891): Cannot call determinedVisibility() - never saw a connection for the pid: 1891
03-04 09:33:35.969 D/AsusContactWigdetSync( 1008): sync start
03-04 09:33:35.969 D/AsusContactWigdetSync( 1008): sync selection = null
03-04 09:33:35.969 D/AsusContactWigdetSync( 1008): sync delete selection = contact_id IN ( 743, 742, 741)
03-04 09:33:35.969 D/AsusContactWigdetSync( 1008): sync stop
03-04 09:33:35.969 D/AsusContactWigdetSync( 2450): sync start
03-04 09:33:35.969 D/AsusContactWigdetSync( 2450): sync selection = null
03-04 09:33:35.969 D/AsusContactWigdetSync( 2450): sync delete selection = contact_id IN ( 743, 742, 741)
03-04 09:33:35.969 D/AsusContactWigdetSync( 2450): sync stop
03-04 09:33:35.969 V/ActivityManager(  505): Remove bg service from mStartingBackground ,r=ServiceRecord{22152da0 u0 com.asus.contacts/com.android.contacts.miniwidget.SyncService},r used time=1004,left r count=1
03-04 09:33:35.969 V/ActivityManager(  505): Remove bg service from mStartingBackground ,r=ServiceRecord{2210d078 u0 com.asus.contactswidget/.SyncService},r used time=1004,left r count=0
03-04 09:33:35.979 I/chromium( 1891): [INFO:CONSOLE(70)] "WARNING: Message from backend doesn't have data.", source:  (70)
03-04 09:33:35.999 D/dalvikvm( 1709): GC_EXPLICIT freed 690K, 11% free 7714K/8648K, paused 0ms+3ms, total 18ms
03-04 09:33:36.739 D/BatteryStatsImpl(  505): noteStopWakeLocked system isFromForeground = false
03-04 09:33:36.839 W/BindingManager( 1891): Cannot call determinedVisibility() - never saw a connection for the pid: 1891
03-04 09:33:36.949 I/chromium( 1891): [INFO:CONSOLE(70)] "WARNING: Message from backend doesn't have data.", source:  (70)
03-04 09:33:37.169 V/ActivityManager(  505): Remove bg service from mStartingBackground ,r=ServiceRecord{220f7a00 u0 com.android.providers.calendar/.ContactsEventUpdateIntentService},r used time=150,left r count=1
03-04 09:33:37.209 D/dalvikvm(  505): GC_EXPLICIT freed 165K, 11% free 14313K/16016K, paused 1ms+3ms, total 37ms
03-04 09:33:37.899 W/BindingManager( 1891): Cannot call determinedVisibility() - never saw a connection for the pid: 1891
03-04 09:33:37.999 I/chromium( 1891): [INFO:CONSOLE(70)] "WARNING: Message from backend doesn't have data.", source:  (70)
03-04 09:33:38.019 D/SendBroadcastHandler( 1709): mTimerTask sendMessage CONTACTS_DELETE 
03-04 09:33:38.019 D/AsusContactWigdetSync( 1008): ready to sync contact id = 4
03-04 09:33:38.019 D/AsusContactWigdetSync( 1008): ready to sync widget
03-04 09:33:38.019 D/AsusContactWigdetSync( 2450): ready to sync contact id = 4
03-04 09:33:38.029 D/AsusContactWigdetSync( 2450): ready to sync widget
03-04 09:33:38.029 D/SendBroadcastHandler( 1709): sendBroadcast delete to voice agent
03-04 09:33:38.029 D/SendBroadcastHandler( 1709): (Delete) sendBroadcast mDeleteContacts:4
03-04 09:33:38.029 D/SendBroadcastHandler( 1709): (Delete) sendBroadcast mDeleteRawContactsVoice:4
03-04 09:33:38.029 D/SendBroadcastHandler( 1709): sendBroadcast CONTACTS_DELETE
03-04 09:33:38.029 D/AsusContactWigdetSync( 2450): delete contact_id = 744
03-04 09:33:38.029 D/AsusContactWigdetSync( 2450): delete contact_id = 745
03-04 09:33:38.029 D/AsusContactWigdetSync( 2450): delete contact_id = 746
03-04 09:33:38.029 D/AsusContactWigdetSync( 2450): delete contact_id = 747
03-04 09:33:38.029 D/AsusContactWigdetSync( 2450): sync isdelete = true
03-04 09:33:38.029 D/AsusContactWigdetSync( 1008): delete contact_id = 744
03-04 09:33:38.029 D/AsusContactWigdetSync( 1008): delete contact_id = 745
03-04 09:33:38.029 D/AsusContactWigdetSync( 1008): delete contact_id = 746
03-04 09:33:38.029 D/AsusContactWigdetSync( 1008): delete contact_id = 747
03-04 09:33:38.029 D/AsusContactWigdetSync( 1008): sync isdelete = true
03-04 09:33:38.149 D/SendBroadcastHandler( 1709): mTimerTask sendMessage CONTACTS_INSERT 
03-04 09:33:38.149 D/SendBroadcastHandler( 1709): (insert) sendBroadcast mInsertRawContacts:4
03-04 09:33:38.149 D/SendBroadcastHandler( 1709): (insert) sendBroadcast mInsertName:4
03-04 09:33:38.149 D/SendBroadcastHandler( 1709): (insert) sendBroadcast mInsertNameDetail:4
03-04 09:33:38.149 D/SendBroadcastHandler( 1709): sendBroadcast insert to voice agent
03-04 09:33:38.169 I/CalendarProvider2( 1748): Sending notification intent: Intent { act=android.intent.action.PROVIDER_CHANGED dat=content://com.android.calendar }
03-04 09:33:38.169 W/ContentResolver( 1748): Failed to get type for: content://com.android.calendar (Unknown URL content://com.android.calendar)
03-04 09:33:38.169 D/AlertReceiver( 1721): onReceive: a=android.intent.action.PROVIDER_CHANGED Intent { act=android.intent.action.PROVIDER_CHANGED dat=content://com.android.calendar flg=0x10 cmp=com.asus.calendar/com.android.calendar.alerts.AlertReceiver }
03-04 09:33:38.169 D/AlertService( 1721): 0 Action = android.intent.action.PROVIDER_CHANGED
03-04 09:33:38.169 D/AlertService( 1721): Beginning updateAlertNotification
03-04 09:33:38.169 V/ActivityManager(  505): Remove bg service from mStartingBackground ,r=ServiceRecord{220bb598 u0 com.android.providers.calendar/.EmptyService},r used time=1003,left r count=2
03-04 09:33:38.189 D/AlertService( 1721): No fired or scheduled alerts
03-04 09:33:38.199 D/BatteryStatsImpl(  505): noteStopWakeLocked com.asus.calendar isFromForeground = false
03-04 09:33:38.199 V/ActivityManager(  505): Remove bg service from mStartingBackground ,r=ServiceRecord{221017b0 u0 com.asus.calendar/com.android.calendar.alerts.AlertService},r used time=28,left r count=2
03-04 09:33:38.909 W/BindingManager( 1891): Cannot call determinedVisibility() - never saw a connection for the pid: 1891
