03-04 10:14:04.899 D/wpa_supplicant(  694): wlan0: 5: 90:94:e4:03:45:f5 ssid='DAP-2553_D' wpa_ie_len=0 rsn_ie_len=24 caps=0x431 level=-66
03-04 10:14:04.899 D/wpa_supplicant(  694): wlan0:    skip - SSID mismatch
03-04 10:14:04.899 D/wpa_supplicant(  694): wlan0: 6: e4:d3:32:c0:cf:a4 ssid='fast' wpa_ie_len=0 rsn_ie_len=20 caps=0x411 level=-67
03-04 10:14:04.899 D/wpa_supplicant(  694): wlan0:    skip - SSID mismatch
03-04 10:14:04.899 D/wpa_supplicant(  694): wlan0: 7: c4:17:fe:3f:4f:fb ssid='cmcm' wpa_ie_len=0 rsn_ie_len=20 caps=0x511 level=-67
03-04 10:14:04.899 D/wpa_supplicant(  694): wlan0:    skip - SSID mismatch
03-04 10:14:04.899 D/wpa_supplicant(  694): wlan0: 8: 98:fc:11:81:35:fb ssid='E2000EE' wpa_ie_len=0 rsn_ie_len=20 caps=0x411 level=-68 wps
03-04 10:14:04.899 D/wpa_supplicant(  694): wlan0:    skip - SSID mismatch
03-04 10:14:04.899 D/wpa_supplicant(  694): wlan0: 9: b0:48:7a:51:ff:cc ssid='Neusoft TP' wpa_ie_len=22 rsn_ie_len=20 caps=0x431 level=-69 wps
03-04 10:14:04.899 D/wpa_supplicant(  694): wlan0:    skip - SSID mismatch
03-04 10:14:04.899 D/wpa_supplicant(  694): wlan0: 10: 14:d6:4d:28:ef:c8 ssid='dlink' wpa_ie_len=0 rsn_ie_len=20 caps=0x431 level=-71 wps
03-04 10:14:04.899 D/wpa_supplicant(  694): wlan0:    skip - SSID mismatch
03-04 10:14:04.899 D/wpa_supplicant(  694): wlan0: 11: 00:0f:e2:0f:9f:c1 ssid='321_WAN' wpa_ie_len=28 rsn_ie_len=24 caps=0x411 level=-77
03-04 10:14:04.899 D/wpa_supplicant(  694): wlan0:    skip - SSID mismatch
03-04 10:14:04.899 D/wpa_supplicant(  694): wlan0: 12: cc:b2:55:e2:84:70 ssid='DLINK_APK' wpa_ie_len=22 rsn_ie_len=20 caps=0x411 level=-79
03-04 10:14:04.899 D/wpa_supplicant(  694): wlan0:    skip - SSID mismatch
03-04 10:14:04.899 D/wpa_supplicant(  694): wlan0: 13: 24:05:0f:2e:8a:21 ssid='Online_360_m' wpa_ie_len=24 rsn_ie_len=20 caps=0x431 level=-91
03-04 10:14:04.899 D/wpa_supplicant(  694): wlan0:    skip - SSID mismatch
03-04 10:14:04.899 D/wpa_supplicant(  694): wlan0: 14: 44:94:fc:3d:da:38 ssid='6300' wpa_ie_len=0 rsn_ie_len=0 caps=0x411 level=-54
03-04 10:14:04.899 D/wpa_supplicant(  694): wlan0:    skip - SSID mismatch
03-04 10:14:04.899 D/wpa_supplicant(  694): wlan0: 15: 02:09:4c:3e:43:ae ssid='DIRECT-' wpa_ie_len=0 rsn_ie_len=0 caps=0x410 level=-80
03-04 10:14:04.899 D/wpa_supplicant(  694): wlan0:    skip - SSID mismatch
03-04 10:14:04.899 D/wpa_supplicant(  694): wlan0: 16: c0:c1:c0:76:81:3c ssid='E2000' wpa_ie_len=0 rsn_ie_len=0 caps=0x401 level=-60 wps
03-04 10:14:04.899 D/wpa_supplicant(  694): wlan0:    skip - SSID mismatch
03-04 10:14:04.899 D/wpa_supplicant(  694): wlan0: 17: 50:bd:5f:4b:29:92 ssid='Internet-2' wpa_ie_len=0 rsn_ie_len=0 caps=0x421 level=-65
03-04 10:14:04.899 D/wpa_supplicant(  694): wlan0:    skip - SSID mismatch
03-04 10:14:04.899 D/wpa_supplicant(  694): wlan0: 18: e4:d3:32:dd:18:62 ssid='Internet' wpa_ie_len=0 rsn_ie_len=0 caps=0x421 level=-68
03-04 10:14:04.899 D/wpa_supplicant(  694): wlan0:    skip - SSID mismatch
03-04 10:14:04.899 D/wpa_supplicant(  694): wlan0: Selecting BSS from priority group 17
03-04 10:14:04.899 D/wpa_supplicant(  694): wlan0: 0: c8:d7:19:60:62:f2 ssid='E3000-2.4G' wpa_ie_len=0 rsn_ie_len=20 caps=0x411 level=-51 wps
03-04 10:14:04.899 D/wpa_supplicant(  694): wlan0:    skip - SSID mismatch
03-04 10:14:04.899 D/wpa_supplicant(  694): wlan0: 1: 10:c3:7b:d2:e5:e0 ssid='ASUS_RT-AC66U-2.4G' wpa_ie_len=0 rsn_ie_len=20 caps=0x411 level=-52 wps
03-04 10:14:04.899 D/wpa_supplicant(  694): wlan0:    skip - SSID mismatch
03-04 10:14:04.899 D/wpa_supplicant(  694): wlan0: 2: cc:34:29:2b:26:4c ssid='cws-test' wpa_ie_len=0 rsn_ie_len=20 caps=0x431 level=-55 wps
03-04 10:14:04.899 D/wpa_supplicant(  694): wlan0:    skip - SSID mismatch
03-04 10:14:04.899 D/wpa_supplicant(  694): wlan0: 3: f8:d1:11:e7:99:e8 ssid='videotest' wpa_ie_len=22 rsn_ie_len=20 caps=0x531 level=-60 wps
03-04 10:14:04.899 D/wpa_supplicant(  694): wlan0:    skip - SSID mismatch
03-04 10:14:04.899 D/wpa_supplicant(  694): wlan0: 4: cc:34:29:2c:fb:ec ssid='linksys' wpa_ie_len=22 rsn_ie_len=20 caps=0x431 level=-63 wps
03-04 10:14:04.899 D/wpa_supplicant(  694): wlan0:    skip - SSID mismatch
03-04 10:14:04.899 D/wpa_supplicant(  694): wlan0: 5: 90:94:e4:03:45:f5 ssid='DAP-2553_D' wpa_ie_len=0 rsn_ie_len=24 caps=0x431 level=-66
03-04 10:14:04.899 D/wpa_supplicant(  694): wlan0:    skip - SSID mismatch
03-04 10:14:04.899 D/wpa_supplicant(  694): wlan0: 6: e4:d3:32:c0:cf:a4 ssid='fast' wpa_ie_len=0 rsn_ie_len=20 caps=0x411 level=-67
03-04 10:14:04.899 D/wpa_supplicant(  694): wlan0:    skip - SSID mismatch
03-04 10:14:04.899 D/wpa_supplicant(  694): wlan0: 7: c4:17:fe:3f:4f:fb ssid='cmcm' wpa_ie_len=0 rsn_ie_len=20 caps=0x511 level=-67
03-04 10:14:04.899 D/wpa_supplicant(  694): wlan0:    skip - SSID mismatch
03-04 10:14:04.899 D/wpa_supplicant(  694): wlan0: 8: 98:fc:11:81:35:fb ssid='E2000EE' wpa_ie_len=0 rsn_ie_len=20 caps=0x411 level=-68 wps
03-04 10:14:04.899 D/wpa_supplicant(  694): wlan0:    skip - SSID mismatch
03-04 10:14:04.899 D/wpa_supplicant(  694): wlan0: 9: b0:48:7a:51:ff:cc ssid='Neusoft TP' wpa_ie_len=22 rsn_ie_len=20 caps=0x431 level=-69 wps
03-04 10:14:04.899 D/wpa_supplicant(  694): wlan0:    skip - SSID mismatch
03-04 10:14:04.899 D/wpa_supplicant(  694): wlan0: 10: 14:d6:4d:28:ef:c8 ssid='dlink' wpa_ie_len=0 rsn_ie_len=20 caps=0x431 level=-71 wps
03-04 10:14:04.899 D/wpa_supplicant(  694): wlan0:    skip - SSID mismatch
03-04 10:14:04.899 D/wpa_supplicant(  694): wlan0: 11: 00:0f:e2:0f:9f:c1 ssid='321_WAN' wpa_ie_len=28 rsn_ie_len=24 caps=0x411 level=-77
03-04 10:14:04.899 D/wpa_supplicant(  694): wlan0:    skip - SSID mismatch
03-04 10:14:04.899 D/wpa_supplicant(  694): wlan0: 12: cc:b2:55:e2:84:70 ssid='DLINK_APK' wpa_ie_len=22 rsn_ie_len=20 caps=0x411 level=-79
03-04 10:14:04.899 D/wpa_supplicant(  694): wlan0:    skip - SSID mismatch
03-04 10:14:04.899 D/wpa_supplicant(  694): wlan0: 13: 24:05:0f:2e:8a:21 ssid='Online_360_m' wpa_ie_len=24 rsn_ie_len=20 caps=0x431 level=-91
03-04 10:14:04.899 D/wpa_supplicant(  694): wlan0:    skip - SSID mismatch
03-04 10:14:04.899 D/wpa_supplicant(  694): wlan0: 14: 44:94:fc:3d:da:38 ssid='6300' wpa_ie_len=0 rsn_ie_len=0 caps=0x411 level=-54
03-04 10:14:04.899 D/wpa_supplicant(  694): wlan0:    skip - SSID mismatch
03-04 10:14:04.899 D/wpa_supplicant(  694): wlan0: 15: 02:09:4c:3e:43:ae ssid='DIRECT-' wpa_ie_len=0 rsn_ie_len=0 caps=0x410 level=-80
03-04 10:14:04.899 D/wpa_supplicant(  694): wlan0:    skip - SSID mismatch
03-04 10:14:04.899 D/wpa_supplicant(  694): wlan0: 16: c0:c1:c0:76:81:3c ssid='E2000' wpa_ie_len=0 rsn_ie_len=0 caps=0x401 level=-60 wps
03-04 10:14:04.899 D/wpa_supplicant(  694): wlan0:    skip - SSID mismatch
03-04 10:14:04.899 D/wpa_supplicant(  694): wlan0: 17: 50:bd:5f:4b:29:92 ssid='Internet-2' wpa_ie_len=0 rsn_ie_len=0 caps=0x421 level=-65
03-04 10:14:04.899 D/wpa_supplicant(  694): wlan0:    skip - SSID mismatch
03-04 10:14:04.899 D/wpa_supplicant(  694): wlan0: 18: e4:d3:32:dd:18:62 ssid='Internet' wpa_ie_len=0 rsn_ie_len=0 caps=0x421 level=-68
03-04 10:14:04.899 D/wpa_supplicant(  694): wlan0:    skip - SSID mismatch
03-04 10:14:04.899 D/wpa_supplicant(  694): wlan0: Selecting BSS from priority group 15
03-04 10:14:04.899 D/wpa_supplicant(  694): wlan0: 0: c8:d7:19:60:62:f2 ssid='E3000-2.4G' wpa_ie_len=0 rsn_ie_len=20 caps=0x411 level=-51 wps
03-04 10:14:04.899 D/wpa_supplicant(  694): wlan0:    skip - SSID mismatch
03-04 10:14:04.899 D/wpa_supplicant(  694): wlan0: 1: 10:c3:7b:d2:e5:e0 ssid='ASUS_RT-AC66U-2.4G' wpa_ie_len=0 rsn_ie_len=20 caps=0x411 level=-52 wps
03-04 10:14:04.899 D/wpa_supplicant(  694): wlan0:    skip - SSID mismatch
03-04 10:14:04.899 D/wpa_supplicant(  694): wlan0: 2: cc:34:29:2b:26:4c ssid='cws-test' wpa_ie_len=0 rsn_ie_len=20 caps=0x431 level=-55 wps
03-04 10:14:04.899 D/wpa_supplicant(  694): wlan0:    skip - SSID mismatch
03-04 10:14:04.899 D/wpa_supplicant(  694): wlan0: 3: f8:d1:11:e7:99:e8 ssid='videotest' wpa_ie_len=22 rsn_ie_len=20 caps=0x531 level=-60 wps
03-04 10:14:04.899 D/wpa_supplicant(  694): wlan0:    skip - SSID mismatch
03-04 10:14:04.899 D/wpa_supplicant(  694): wlan0: 4: cc:34:29:2c:fb:ec ssid='linksys' wpa_ie_len=22 rsn_ie_len=20 caps=0x431 level=-63 wps
03-04 10:14:04.899 D/wpa_supplicant(  694): wlan0:    skip - SSID mismatch
03-04 10:14:04.899 D/wpa_supplicant(  694): wlan0: 5: 90:94:e4:03:45:f5 ssid='DAP-2553_D' wpa_ie_len=0 rsn_ie_len=24 caps=0x431 level=-66
03-04 10:14:04.899 D/wpa_supplicant(  694): wlan0:    skip - SSID mismatch
03-04 10:14:04.899 D/wpa_supplicant(  694): wlan0: 6: e4:d3:32:c0:cf:a4 ssid='fast' wpa_ie_len=0 rsn_ie_len=20 caps=0x411 level=-67
03-04 10:14:04.899 D/wpa_supplicant(  694): wlan0:    skip - SSID mismatch
03-04 10:14:04.899 D/wpa_supplicant(  694): wlan0: 7: c4:17:fe:3f:4f:fb ssid='cmcm' wpa_ie_len=0 rsn_ie_len=20 caps=0x511 level=-67
03-04 10:14:04.899 D/wpa_supplicant(  694): wlan0:    skip - SSID mismatch
03-04 10:14:04.899 D/wpa_supplicant(  694): wlan0: 8: 98:fc:11:81:35:fb ssid='E2000EE' wpa_ie_len=0 rsn_ie_len=20 caps=0x411 level=-68 wps
03-04 10:14:04.899 D/wpa_supplicant(  694): wlan0:    skip - SSID mismatch
03-04 10:14:04.899 D/wpa_supplicant(  694): wlan0: 9: b0:48:7a:51:ff:cc ssid='Neusoft TP' wpa_ie_len=22 rsn_ie_len=20 caps=0x431 level=-69 wps
03-04 10:14:04.899 D/wpa_supplicant(  694): wlan0:    skip - SSID mismatch
03-04 10:14:04.899 D/wpa_supplicant(  694): wlan0: 10: 14:d6:4d:28:ef:c8 ssid='dlink' wpa_ie_len=0 rsn_ie_len=20 caps=0x431 level=-71 wps
03-04 10:14:04.899 D/wpa_supplicant(  694): wlan0:    skip - SSID mismatch
03-04 10:14:04.899 D/wpa_supplicant(  694): wlan0: 11: 00:0f:e2:0f:9f:c1 ssid='321_WAN' wpa_ie_len=28 rsn_ie_len=24 caps=0x411 level=-77
03-04 10:14:04.899 D/wpa_supplicant(  694): wlan0:    skip - SSID mismatch
03-04 10:14:04.899 D/wpa_supplicant(  694): wlan0: 12: cc:b2:55:e2:84:70 ssid='DLINK_APK' wpa_ie_len=22 rsn_ie_len=20 caps=0x411 level=-79
03-04 10:14:04.899 D/wpa_supplicant(  694): wlan0:    skip - SSID mismatch
03-04 10:14:04.899 D/wpa_supplicant(  694): wlan0: 13: 24:05:0f:2e:8a:21 ssid='Online_360_m' wpa_ie_len=24 rsn_ie_len=20 caps=0x431 level=-91
03-04 10:14:04.899 D/wpa_supplicant(  694): wlan0:    skip - SSID mismatch
03-04 10:14:04.899 D/wpa_supplicant(  694): wlan0: 14: 44:94:fc:3d:da:38 ssid='6300' wpa_ie_len=0 rsn_ie_len=0 caps=0x411 level=-54
03-04 10:14:04.899 D/wpa_supplicant(  694): wlan0:    skip - SSID mismatch
03-04 10:14:04.899 D/wpa_supplicant(  694): wlan0: 15: 02:09:4c:3e:43:ae ssid='DIRECT-' wpa_ie_len=0 rsn_ie_len=0 caps=0x410 level=-80
03-04 10:14:04.899 D/wpa_supplicant(  694): wlan0:    skip - SSID mismatch
03-04 10:14:04.899 D/wpa_supplicant(  694): wlan0: 16: c0:c1:c0:76:81:3c ssid='E2000' wpa_ie_len=0 rsn_ie_len=0 caps=0x401 level=-60 wps
03-04 10:14:04.899 D/wpa_supplicant(  694): wlan0:    skip - SSID mismatch
03-04 10:14:04.899 D/wpa_supplicant(  694): wlan0: 17: 50:bd:5f:4b:29:92 ssid='Internet-2' wpa_ie_len=0 rsn_ie_len=0 caps=0x421 level=-65
03-04 10:14:04.899 D/wpa_supplicant(  694): wlan0:    skip - SSID mismatch
03-04 10:14:04.899 D/wpa_supplicant(  694): wlan0: 18: e4:d3:32:dd:18:62 ssid='Internet' wpa_ie_len=0 rsn_ie_len=0 caps=0x421 level=-68
03-04 10:14:04.899 D/wpa_supplicant(  694): wlan0:    skip - SSID mismatch
03-04 10:14:04.899 D/wpa_supplicant(  694): wlan0: Selecting BSS from priority group 4
03-04 10:14:04.899 D/wpa_supplicant(  694): wlan0: 0: c8:d7:19:60:62:f2 ssid='E3000-2.4G' wpa_ie_len=0 rsn_ie_len=20 caps=0x411 level=-51 wps
03-04 10:14:04.899 D/wpa_supplicant(  694): wlan0:    skip - SSID mismatch
03-04 10:14:04.899 D/wpa_supplicant(  694): wlan0: 1: 10:c3:7b:d2:e5:e0 ssid='ASUS_RT-AC66U-2.4G' wpa_ie_len=0 rsn_ie_len=20 caps=0x411 level=-52 wps
03-04 10:14:04.899 D/wpa_supplicant(  694): wlan0:    skip - SSID mismatch
03-04 10:14:04.899 D/wpa_supplicant(  694): wlan0: 2: cc:34:29:2b:26:4c ssid='cws-test' wpa_ie_len=0 rsn_ie_len=20 caps=0x431 level=-55 wps
03-04 10:14:04.899 D/wpa_supplicant(  694): wlan0:    skip - SSID mismatch
03-04 10:14:04.899 D/wpa_supplicant(  694): wlan0: 3: f8:d1:11:e7:99:e8 ssid='videotest' wpa_ie_len=22 rsn_ie_len=20 caps=0x531 level=-60 wps
03-04 10:14:04.899 D/wpa_supplicant(  694): wlan0:    skip - SSID mismatch
03-04 10:14:04.899 D/wpa_supplicant(  694): wlan0: 4: cc:34:29:2c:fb:ec ssid='linksys' wpa_ie_len=22 rsn_ie_len=20 caps=0x431 level=-63 wps
03-04 10:14:04.899 D/wpa_supplicant(  694): wlan0:    skip - SSID mismatch
03-04 10:14:04.899 D/wpa_supplicant(  694): wlan0: 5: 90:94:e4:03:45:f5 ssid='DAP-2553_D' wpa_ie_len=0 rsn_ie_len=24 caps=0x431 level=-66
03-04 10:14:04.899 D/wpa_supplicant(  694): wlan0:    skip - SSID mismatch
03-04 10:14:04.899 D/wpa_supplicant(  694): wlan0: 6: e4:d3:32:c0:cf:a4 ssid='fast' wpa_ie_len=0 rsn_ie_len=20 caps=0x411 level=-67
03-04 10:14:04.899 D/wpa_supplicant(  694): wlan0:    skip - SSID mismatch
03-04 10:14:04.899 D/wpa_supplicant(  694): wlan0: 7: c4:17:fe:3f:4f:fb ssid='cmcm' wpa_ie_len=0 rsn_ie_len=20 caps=0x511 level=-67
03-04 10:14:04.899 D/wpa_supplicant(  694): wlan0:    skip - SSID mismatch
03-04 10:14:04.899 D/wpa_supplicant(  694): wlan0: 8: 98:fc:11:81:35:fb ssid='E2000EE' wpa_ie_len=0 rsn_ie_len=20 caps=0x411 level=-68 wps
03-04 10:14:04.899 D/wpa_supplicant(  694): wlan0:    skip - SSID mismatch
03-04 10:14:04.899 D/wpa_supplicant(  694): wlan0: 9: b0:48:7a:51:ff:cc ssid='Neusoft TP' wpa_ie_len=22 rsn_ie_len=20 caps=0x431 level=-69 wps
03-04 10:14:04.899 D/wpa_supplicant(  694): wlan0:    skip - SSID mismatch
03-04 10:14:04.899 D/wpa_supplicant(  694): wlan0: 10: 14:d6:4d:28:ef:c8 ssid='dlink' wpa_ie_len=0 rsn_ie_len=20 caps=0x431 level=-71 wps
03-04 10:14:04.899 D/wpa_supplicant(  694): wlan0:    skip - SSID mismatch
03-04 10:14:04.899 D/wpa_supplicant(  694): wlan0: 11: 00:0f:e2:0f:9f:c1 ssid='321_WAN' wpa_ie_len=28 rsn_ie_len=24 caps=0x411 level=-77
03-04 10:14:04.909 D/wpa_supplicant(  694): wlan0:    skip - SSID mismatch
03-04 10:14:04.909 D/wpa_supplicant(  694): wlan0: 12: cc:b2:55:e2:84:70 ssid='DLINK_APK' wpa_ie_len=22 rsn_ie_len=20 caps=0x411 level=-79
03-04 10:14:04.909 D/wpa_supplicant(  694): wlan0:    skip - SSID mismatch
03-04 10:14:04.909 D/wpa_supplicant(  694): wlan0: 13: 24:05:0f:2e:8a:21 ssid='Online_360_m' wpa_ie_len=24 rsn_ie_len=20 caps=0x431 level=-91
03-04 10:14:04.909 D/wpa_supplicant(  694): wlan0:    skip - SSID mismatch
03-04 10:14:04.909 D/wpa_supplicant(  694): wlan0: 14: 44:94:fc:3d:da:38 ssid='6300' wpa_ie_len=0 rsn_ie_len=0 caps=0x411 level=-54
03-04 10:14:04.909 D/wpa_supplicant(  694): wlan0:    skip - SSID mismatch
03-04 10:14:04.909 D/wpa_supplicant(  694): wlan0: 15: 02:09:4c:3e:43:ae ssid='DIRECT-' wpa_ie_len=0 rsn_ie_len=0 caps=0x410 level=-80
03-04 10:14:04.909 D/wpa_supplicant(  694): wlan0:    skip - SSID mismatch
03-04 10:14:04.909 D/wpa_supplicant(  694): wlan0: 16: c0:c1:c0:76:81:3c ssid='E2000' wpa_ie_len=0 rsn_ie_len=0 caps=0x401 level=-60 wps
03-04 10:14:04.909 D/wpa_supplicant(  694): wlan0:    skip - SSID mismatch
03-04 10:14:04.909 I/WifiHW  (  505): EVENT: IFNAME=wlan0 CTRL-EVENT-SCAN-RESULTS 
03-04 10:14:04.909 I/WifiHW  (  505): EVENT: IFNAME=wlan0 WPS-AP-AVAILABLE 
03-04 10:14:04.909 I/WifiHW  (  505): CMD: IFNAME=wlan0 BSS RANGE=0- MASK=0x21987
03-04 10:14:04.909 D/wpa_supplicant(  694): wlan0: 17: 50:bd:5f:4b:29:92 ssid='Internet-2' wpa_ie_len=0 rsn_ie_len=0 caps=0x421 level=-65
03-04 10:14:04.909 D/wpa_supplicant(  694): wlan0:    skip - SSID mismatch
03-04 10:14:04.909 D/wpa_supplicant(  694): wlan0: 18: e4:d3:32:dd:18:62 ssid='Internet' wpa_ie_len=0 rsn_ie_len=0 caps=0x421 level=-68
03-04 10:14:04.909 D/wpa_supplicant(  694): wlan0:    skip - SSID mismatch
03-04 10:14:04.909 D/wpa_supplicant(  694): wlan0: No suitable network found
03-04 10:14:04.909 D/wpa_supplicant(  694): wlan0: Setting scan request: 40 sec 0 usec
03-04 10:14:04.909 D/wpa_supplicant(  694): wlan0: Checking for other virtual interfaces sharing same radio (phy0) in event_scan_results
03-04 10:14:04.909 D/wpa_supplicant(  694): p2p-dev-wlan0: Updating scan results from sibling
03-04 10:14:04.909 D/wpa_supplicant(  694): nl80211: Received scan results (20 BSSes)
03-04 10:14:04.909 D/wpa_supplicant(  694): nl80211: Survey data missing
03-04 10:14:04.909 D/wpa_supplicant(  694): p2p-dev-wlan0: BSS: Start scan result update 62
03-04 10:14:04.909 D/wpa_supplicant(  694): BSS: No P2P IE - skipping BSS c8:d7:19:60:62:f2 update for P2P interface
03-04 10:14:04.909 D/wpa_supplicant(  694): BSS: No P2P IE - skipping BSS 10:c3:7b:d2:e5:e0 update for P2P interface
03-04 10:14:04.909 D/wpa_supplicant(  694): BSS: No P2P IE - skipping BSS cc:34:29:2b:26:4c update for P2P interface
03-04 10:14:04.909 D/wpa_supplicant(  694): BSS: No P2P IE - skipping BSS f8:d1:11:e7:99:e8 update for P2P interface
03-04 10:14:04.909 D/wpa_supplicant(  694): BSS: No P2P IE - skipping BSS cc:34:29:2c:fb:ec update for P2P interface
03-04 10:14:04.909 D/wpa_supplicant(  694): BSS: No P2P IE - skipping BSS 90:94:e4:03:45:f5 update for P2P interface
03-04 10:14:04.909 D/wpa_supplicant(  694): BSS: No P2P IE - skipping BSS e4:d3:32:c0:cf:a4 update for P2P interface
03-04 10:14:04.909 D/wpa_supplicant(  694): BSS: No P2P IE - skipping BSS c4:17:fe:3f:4f:fb update for P2P interface
03-04 10:14:04.909 D/wpa_supplicant(  694): BSS: No P2P IE - skipping BSS 98:fc:11:81:35:fb update for P2P interface
03-04 10:14:04.909 D/wpa_supplicant(  694): BSS: No P2P IE - skipping BSS b0:48:7a:51:ff:cc update for P2P interface
03-04 10:14:04.909 D/wpa_supplicant(  694): BSS: No P2P IE - skipping BSS 14:d6:4d:28:ef:c8 update for P2P interface
03-04 10:14:04.909 D/wpa_supplicant(  694): BSS: No P2P IE - skipping BSS 00:0f:e2:0f:9f:c1 update for P2P interface
03-04 10:14:04.909 D/wpa_supplicant(  694): BSS: No P2P IE - skipping BSS cc:b2:55:e2:84:70 update for P2P interface
03-04 10:14:04.909 D/wpa_supplicant(  694): BSS: No P2P IE - skipping BSS 24:05:0f:2e:8a:21 update for P2P interface
03-04 10:14:04.909 D/wpa_supplicant(  694): BSS: No P2P IE - skipping BSS 44:94:fc:3d:da:38 update for P2P interface
03-04 10:14:04.909 D/wpa_supplicant(  694): BSS: No P2P IE - skipping BSS 02:09:4c:3e:43:ae update for P2P interface
03-04 10:14:04.909 D/wpa_supplicant(  694): BSS: No P2P IE - skipping BSS c0:c1:c0:76:81:3c update for P2P interface
03-04 10:14:04.909 D/wpa_supplicant(  694): BSS: No P2P IE - skipping BSS 50:bd:5f:4b:29:92 update for P2P interface
03-04 10:14:04.909 D/wpa_supplicant(  694): BSS: No P2P IE - skipping BSS e4:d3:32:dd:18:62 update for P2P interface
03-04 10:14:04.909 D/wpa_supplicant(  694): BSS: last_scan_res_used=0/32 last_scan_full=0
03-04 10:14:04.909 D/wpa_supplicant(  694): p2p-dev-wlan0: New scan results available
03-04 10:14:04.909 D/wpa_supplicant(  694): CTRL_IFACE monitor send - hexdump(len=39): 2f 64 61 74 61 2f 6d 69 73 63 2f 77 69 66 69 2f 73 6f 63 6b 65 74 73 2f 77 70 61 5f 63 74 72 6c ...
03-04 10:14:04.909 D/wpa_supplicant(  694): WPS: AP[0] 10:c3:7b:d2:e5:e0 type=0 tries=0 last_attempt=-1 sec ago blacklist=0
03-04 10:14:04.909 D/wpa_supplicant(  694): WPS: AP[1] f8:d1:11:e7:99:e8 type=0 tries=0 last_attempt=-1 sec ago blacklist=0
03-04 10:14:04.909 D/wpa_supplicant(  694): WPS: AP[2] c8:d7:19:60:62:f2 type=0 tries=0 last_attempt=-1 sec ago blacklist=0
03-04 10:14:04.909 D/wpa_supplicant(  694): WPS: AP[3] 7a:ff:57:00:13:8e type=0 tries=0 last_attempt=-1 sec ago blacklist=0
03-04 10:14:04.909 D/wpa_supplicant(  694): WPS: AP[4] cc:34:29:2c:fb:ec type=0 tries=0 last_attempt=-1 sec ago blacklist=0
03-04 10:14:04.909 D/wpa_supplicant(  694): WPS: AP[5] cc:34:29:2b:26:4c type=0 tries=0 last_attempt=-1 sec ago blacklist=0
03-04 10:14:04.909 D/wpa_supplicant(  694): WPS: AP[6] 98:fc:11:81:35:fb type=0 tries=0 last_attempt=-1 sec ago blacklist=0
03-04 10:14:04.909 I/WifiHW  (  505): EVENT: IFNAME=p2p-dev-wlan0 CTRL-EVENT-SCAN-RESULTS 
03-04 10:14:04.909 D/wpa_supplicant(  694): WPS: AP[7] c0:a0:bb:20:3b:84 type=0 tries=0 last_attempt=-1 sec ago blacklist=0
03-04 10:14:04.909 D/wpa_supplicant(  694): WPS: AP[8] c0:c1:c0:76:81:3c type=0 tries=0 last_attempt=-1 sec ago blacklist=0
03-04 10:14:04.909 D/wpa_supplicant(  694): WPS: AP[9] b0:48:7a:51:ff:cc type=0 tries=0 last_attempt=-1 sec ago blacklist=0
03-04 10:14:04.909 D/wpa_supplicant(  694): WPS: AP[10] 14:d6:4d:28:ef:c8 type=0 tries=0 last_attempt=-1 sec ago blacklist=0
03-04 10:14:04.909 D/wpa_supplicant(  694): WPS: AP[11] e4:d3:32:36:2e:54 type=0 tries=0 last_attempt=-1 sec ago blacklist=0
03-04 10:14:04.909 D/wpa_supplicant(  694): WPS: AP[12] 02:09:4c:51:a8:28 type=0 tries=0 last_attempt=-1 sec ago blacklist=0
03-04 10:14:04.909 D/wpa_supplicant(  694): WPS: AP[13] 02:09:4c:51:28:28 type=0 tries=0 last_attempt=-1 sec ago blacklist=0
03-04 10:14:04.909 D/wpa_supplicant(  694): WPS: AP[14] 10:9f:a9:dc:b1:fc type=0 tries=0 last_attempt=-1 sec ago blacklist=0
03-04 10:14:04.909 D/wpa_supplicant(  694): WPS: AP[15] 2c:b0:5d:7f:f4:24 type=0 tries=0 last_attempt=-1 sec ago blacklist=0
03-04 10:14:04.909 D/wpa_supplicant(  694): p2p-dev-wlan0: No suitable network found
03-04 10:14:04.909 D/wpa_supplicant(  694): p2p-dev-wlan0: Short-circuit new scan request since there are no enabled networks
03-04 10:14:04.909 D/wpa_supplicant(  694): p2p-dev-wlan0: State: INACTIVE -> INACTIVE
03-04 10:14:04.909 D/wpa_supplicant(  694): wlan0: P2P: Station mode scan operation not pending anymore (sta_scan_pending=0 p2p_cb_on_scan_complete=0)
03-04 10:14:04.909 D/wpa_supplicant(  694): RX ctrl_iface - hexdump(len=25): 42 53 53 20 52 41 4e 47 45 3d 30 2d 20 4d 41 53 4b 3d 30 78 32 31 39 38 37
03-04 10:14:04.909 D/wpa_supplicant(  694): wlan0: Control interface command 'BSS RANGE=0- MASK=0x21987'
03-04 10:14:04.909 I/WifiHW  (  505): REPLY: id=0
03-04 10:14:04.909 I/WifiHW  (  505): REPLY: bssid=10:c3:7b:d2:e5:e0
03-04 10:14:04.909 I/WifiHW  (  505): REPLY: freq=2462
03-04 10:14:04.909 I/WifiHW  (  505): REPLY: level=-52
03-04 10:14:04.909 I/WifiHW  (  505): REPLY: tsf=0000002515103919
03-04 10:14:04.909 I/WifiHW  (  505): REPLY: flags=[WPA2-PSK-CCMP][WPS][ESS]
03-04 10:14:04.909 I/WifiHW  (  505): REPLY: ssid=ASUS_RT-AC66U-2.4G
03-04 10:14:04.909 I/WifiHW  (  505): REPLY: ====
03-04 10:14:04.909 I/WifiHW  (  505): REPLY: id=1
03-04 10:14:04.909 I/WifiHW  (  505): REPLY: bssid=f8:d1:11:e7:99:e8
03-04 10:14:04.909 I/WifiHW  (  505): REPLY: freq=2437
03-04 10:14:04.909 I/WifiHW  (  505): REPLY: level=-60
03-04 10:14:04.919 I/WifiHW  (  505): REPLY: tsf=0000002515103832
03-04 10:14:04.919 I/WifiHW  (  505): REPLY: flags=[WPA-PSK-CCMP][WPA2-PSK-CCMP][WPS][ESS]
03-04 10:14:04.919 I/WifiHW  (  505): REPLY: ssid=videotest
03-04 10:14:04.919 I/WifiHW  (  505): REPLY: ====
03-04 10:14:04.919 I/WifiHW  (  505): REPLY: id=2
03-04 10:14:04.919 I/WifiHW  (  505): REPLY: bssid=c8:d7:19:60:62:f2
03-04 10:14:04.919 I/WifiHW  (  505): REPLY: freq=2437
03-04 10:14:04.919 I/WifiHW  (  505): REPLY: level=-51
03-04 10:14:04.919 I/WifiHW  (  505): REPLY: tsf=0000002515103842
03-04 10:14:04.919 I/WifiHW  (  505): REPLY: flags=[WPA2-PSK-CCMP][WPS][ESS]
03-04 10:14:04.919 I/WifiHW  (  505): REPLY: ssid=E3000-2.4G
03-04 10:14:04.919 I/WifiHW  (  505): REPLY: ====
03-04 10:14:04.919 I/WifiHW  (  505): REPLY: id=4
03-04 10:14:04.919 I/WifiHW  (  505): REPLY: bssid=cc:34:29:2c:fb:ec
03-04 10:14:04.919 I/WifiHW  (  505): REPLY: freq=2412
03-04 10:14:04.919 I/WifiHW  (  505): REPLY: level=-63
03-04 10:14:04.919 I/WifiHW  (  505): REPLY: tsf=0000002515103803
03-04 10:14:04.919 I/WifiHW  (  505): REPLY: flags=[WPA-PSK-CCMP][WPA2-PSK-CCMP][WPS][ESS]
03-04 10:14:04.919 I/WifiHW  (  505): REPLY: ssid=linksys
03-04 10:14:04.919 I/WifiHW  (  505): REPLY: ====
03-04 10:14:04.919 I/WifiHW  (  505): REPLY: id=5
03-04 10:14:04.919 I/WifiHW  (  505): REPLY: bssid=cc:34:29:2b:26:4c
03-04 10:14:04.919 I/WifiHW  (  505): REPLY: freq=2462
03-04 10:14:04.919 I/WifiHW  (  505): REPLY: level=-55
03-04 10:14:04.919 I/WifiHW  (  505): REPLY: tsf=0000002515103943
03-04 10:14:04.919 I/WifiHW  (  505): REPLY: flags=[WPA2-PSK-CCMP][WPS][ESS]
03-04 10:14:04.919 I/WifiHW  (  505): REPLY: ssid=cws-test
03-04 10:14:04.919 I/WifiHW  (  505): REPLY: ====
03-04 10:14:04.919 I/WifiHW  (  505): REPLY: id=7
03-04 10:14:04.919 I/WifiHW  (  505): REPLY: bssid=98:fc:11:81:35:fb
03-04 10:14:04.919 I/WifiHW  (  505): REPLY: freq=2412
03-04 10:14:04.919 I/WifiHW  (  505): REPLY: level=-68
03-04 10:14:04.919 I/WifiHW  (  505): REPLY: tsf=0000002515103792
03-04 10:14:04.919 I/WifiHW  (  505): REPLY: flags=[WPA2-PSK-CCMP][WPS][ESS]
03-04 10:14:04.919 I/WifiHW  (  505): REPLY: ssid=E2000EE
03-04 10:14:04.919 I/WifiHW  (  505): REPLY: ====
03-04 10:14:04.919 I/WifiHW  (  505): REPLY: id=11
03-04 10:14:04.919 I/WifiHW  (  505): REPLY: bssid=44:94:fc:3d:da:38
03-04 10:14:04.919 I/WifiHW  (  505): REPLY: freq=2462
03-04 10:14:04.919 I/WifiHW  (  505): REPLY: level=-54
03-04 10:14:04.919 I/WifiHW  (  505): REPLY: tsf=0000002515103911
03-04 10:14:04.919 I/WifiHW  (  505): REPLY: flags=[WEP][ESS]
03-04 10:14:04.919 I/WifiHW  (  505): REPLY: ssid=6300
03-04 10:14:04.919 I/WifiHW  (  505): REPLY: ====
03-04 10:14:04.919 I/WifiHW  (  505): REPLY: id=13
03-04 10:14:04.919 I/WifiHW  (  505): REPLY: bssid=c0:c1:c0:76:81:3c
03-04 10:14:04.919 D/wpa_supplicant(  694): RTM_NEWLINK: operstate=0 ifi_flags=0x11003 ([UP][LOWER_UP])
03-04 10:14:04.919 D/wpa_supplicant(  694): RTM_NEWLINK, IFLA_IFNAME: Interface 'wlan0' added
03-04 10:14:04.919 D/wpa_supplicant(  694): nl80211: if_removed already cleared - ignore event
03-04 10:14:04.919 I/WifiHW  (  505): REPLY: freq=2462
03-04 10:14:04.919 I/WifiHW  (  505): REPLY: level=-60
03-04 10:14:04.919 I/WifiHW  (  505): REPLY: tsf=0000002515103952
03-04 10:14:04.919 I/WifiHW  (  505): REPLY: flags=[WPS][ESS]
03-04 10:14:04.919 I/WifiHW  (  505): REPLY: ssid=E2000
03-04 10:14:04.919 I/WifiHW  (  505): REPLY: ====
03-04 10:14:04.919 I/WifiHW  (  505): REPLY: id=61
03-04 10:14:04.919 I/WifiHW  (  505): REPLY: bssid=90:94:e4:03:45:f5
03-04 10:14:04.919 I/WifiHW  (  505): REPLY: freq=2442
03-04 10:14:04.919 I/WifiHW  (  505): REPLY: level=-66
03-04 10:14:04.919 I/WifiHW  (  505): REPLY: tsf=0000002515103893
03-04 10:14:04.919 I/WifiHW  (  505): REPLY: flags=[WPA2-PSK-CCMP+TKIP][ESS]
03-04 10:14:04.919 I/WifiHW  (  505): REPLY: ssid=DAP-2553_D
03-04 10:14:04.919 I/WifiHW  (  505): REPLY: ====
03-04 10:14:04.919 I/WifiHW  (  505): REPLY: id=67
03-04 10:14:04.919 I/WifiHW  (  505): REPLY: bssid=50:bd:5f:4b:29:92
03-04 10:14:04.919 I/WifiHW  (  505): REPLY: freq=2437
03-04 10:14:04.919 I/WifiHW  (  505): REPLY: level=-65
03-04 10:14:04.919 I/WifiHW  (  505): REPLY: tsf=0000002515103876
03-04 10:14:04.919 I/WifiHW  (  505): REPLY: flags=[ESS]
03-04 10:14:04.919 I/WifiHW  (  505): REPLY: ssid=Internet-2
03-04 10:14:04.919 I/WifiHW  (  505): REPLY: ====
03-04 10:14:04.919 I/WifiHW  (  505): REPLY: id=74
03-04 10:14:04.919 I/WifiHW  (  505): REPLY: bssid=c4:17:fe:3f:4f:fb
03-04 10:14:04.919 I/WifiHW  (  505): REPLY: freq=2437
03-04 10:14:04.919 I/WifiHW  (  505): REPLY: level=-67
03-04 10:14:04.919 I/WifiHW  (  505): REPLY: tsf=0000002515103851
03-04 10:14:04.919 I/WifiHW  (  505): REPLY: flags=[WPA2-PSK-CCMP][ESS]
03-04 10:14:04.919 I/WifiHW  (  505): REPLY: ssid=cmcm
03-04 10:14:04.919 I/WifiHW  (  505): REPLY: ====
03-04 10:14:04.919 I/WifiHW  (  505): REPLY: id=117
03-04 10:14:04.919 I/WifiHW  (  505): REPLY: bssid=b0:48:7a:51:ff:cc
03-04 10:14:04.919 I/WifiHW  (  505): REPLY: freq=2452
03-04 10:14:04.919 I/WifiHW  (  505): REPLY: level=-69
03-04 10:14:04.919 I/WifiHW  (  505): REPLY: tsf=0000002515103902
03-04 10:14:04.919 I/WifiHW  (  505): REPLY: flags=[WPA-PSK-CCMP][WPA2-PSK-CCMP][WPS][ESS]
03-04 10:14:04.919 I/WifiHW  (  505): REPLY: ssid=Neusoft TP
03-04 10:14:04.919 I/WifiHW  (  505): REPLY: ====
03-04 10:14:04.919 I/WifiHW  (  505): REPLY: id=121
03-04 10:14:04.919 I/WifiHW  (  505): REPLY: bssid=c0:a0:bb:20:3b:84
03-04 10:14:04.919 I/WifiHW  (  505): REPLY: freq=2417
03-04 10:14:04.919 I/WifiHW  (  505): REPLY: level=-78
03-04 10:14:04.919 I/WifiHW  (  505): REPLY: tsf=0000002473858136
03-04 10:14:04.919 I/WifiHW  (  505): REPLY: flags=[WPA-PSK-CCMP+TKIP][WPA2-PSK-CCMP+TKIP][WPS][ESS]
03-04 10:14:04.919 I/WifiHW  (  505): REPLY: ssid=dlink-3B84
03-04 10:14:04.919 I/WifiHW  (  505): REPLY: ====
03-04 10:14:04.919 I/WifiHW  (  505): REPLY: id=130
03-04 10:14:04.919 I/WifiHW  (  505): REPLY: bssid=e4:d3:32:c0:cf:a4
03-04 10:14:04.919 I/WifiHW  (  505): REPLY: freq=2437
03-04 10:14:04.919 I/WifiHW  (  505): REPLY: level=-67
03-04 10:14:04.919 I/WifiHW  (  505): REPLY: tsf=0000002515103859
03-04 10:14:04.919 I/WifiHW  (  505): REPLY: flags=[WPA2-PSK-CCMP][ESS]
03-04 10:14:04.919 I/WifiHW  (  505): REPLY: ssid=fast
03-04 10:14:04.919 I/WifiHW  (  505): REPLY: ====
03-04 10:14:04.919 I/WifiHW  (  505): REPLY: id=132
03-04 10:14:04.919 I/WifiHW  (  505): REPLY: bssid=1c:65:9d:e8:79:44
03-04 10:14:04.919 I/WifiHW  (  505): REPLY: freq=2437
03-04 10:14:04.919 I/WifiHW  (  505): REPLY: level=-83
03-04 10:14:04.919 I/WifiHW  (  505): REPLY: tsf=0000002473858217
03-04 10:14:04.919 I/WifiHW  (  505): REPLY: flags=[WPA2-PSK-CCMP][ESS]
03-04 10:14:04.919 I/WifiHW  (  505): REPLY: ssid=WiFi
03-04 10:14:04.919 I/WifiHW  (  505): REPLY: ====
03-04 10:14:04.919 I/WifiHW  (  505): REPLY: id=135
03-04 10:14:04.919 I/WifiHW  (  505): REPLY: bssid=14:d6:4d:28:ef:c8
03-04 10:14:04.919 I/WifiHW  (  505): REPLY: freq=2437
03-04 10:14:04.919 I/WifiHW  (  505): REPLY: level=-71
03-04 10:14:04.919 I/WifiHW  (  505): REPLY: tsf=0000002515103885
03-04 10:14:04.919 I/WifiHW  (  505): REPLY: flags=[WPA2-PSK-CCMP][WPS][ESS]
03-04 10:14:04.919 I/WifiHW  (  505): REPLY: ssid=dlink
03-04 10:14:04.919 I/WifiHW  (  505): REPLY: ====
03-04 10:14:04.919 I/WifiHW  (  505): REPLY: id=136
03-04 10:14:04.919 I/WifiHW  (  505): REPLY: bssid=00:0f:e2:0f:9f:c1
03-04 10:14:04.919 I/WifiHW  (  505): REPLY: freq=2462
03-04 10:14:04.919 I/WifiHW  (  505): REPLY: level=-77
03-04 10:14:04.919 I/WifiHW  (  505): REPLY: tsf=0000002515103970
03-04 10:14:04.919 I/WifiHW  (  505): REPLY: flags=[WPA-PSK-CCMP+TKIP][WPA2-PSK-CCMP+TKIP][ESS]
03-04 10:14:04.919 I/WifiHW  (  505): REPLY: ssid=321_WAN
03-04 10:14:04.919 I/WifiHW  (  505): REPLY: ====
03-04 10:14:04.919 I/WifiHW  (  505): REPLY: id=137
03-04 10:14:04.919 I/WifiHW  (  505): REPLY: bssid=7e:7a:91:dc:83:0e
03-04 10:14:04.919 I/WifiHW  (  505): REPLY: freq=2437
03-04 10:14:04.919 I/WifiHW  (  505): REPLY: level=-77
03-04 10:14:04.919 I/WifiHW  (  505): REPLY: tsf=0000002473858208
03-04 10:14:04.919 I/WifiHW  (  505): REPLY: flags=[WPA2-PSK-CCMP][ESS]
03-04 10:14:04.919 I/WifiHW  (  505): REPLY: ssid=Donny
03-04 10:14:04.919 I/WifiHW  (  505): REPLY: ====
03-04 10:14:04.919 I/WifiHW  (  505): REPLY: id=138
03-04 10:14:04.919 I/WifiHW  (  505): REPLY: bssid=e4:d3:32:dd:18:62
03-04 10:14:04.919 I/WifiHW  (  505): REPLY: freq=2437
03-04 10:14:04.919 I/WifiHW  (  505): REPLY: level=-68
03-04 10:14:04.919 I/WifiHW  (  505): REPLY: tsf=0000002515103868
03-04 10:14:04.919 I/WifiHW  (  505): REPLY: flags=[ESS]
03-04 10:14:04.919 I/WifiHW  (  505): REPLY: ssid=Internet
03-04 10:14:04.919 I/WifiHW  (  505): REPLY: ====
03-04 10:14:04.919 I/WifiHW  (  505): REPLY: id=139
03-04 10:14:04.919 I/WifiHW  (  505): REPLY: bssid=cc:b2:55:e2:84:70
03-04 10:14:04.919 I/WifiHW  (  505): REPLY: freq=2447
03-04 10:14:04.919 I/WifiHW  (  505): REPLY: level=-79
03-04 10:14:04.919 I/WifiHW  (  505): REPLY: tsf=0000002515103928
03-04 10:14:04.919 I/WifiHW  (  505): REPLY: flags=[WPA-PSK-TKIP][WPA2-PSK-TKIP][ESS]
03-04 10:14:04.919 I/WifiHW  (  505): REPLY: ssid=DLINK_APK
03-04 10:14:04.919 I/WifiHW  (  505): REPLY: ====
03-04 10:14:04.919 I/WifiHW  (  505): REPLY: id=140
03-04 10:14:04.919 I/WifiHW  (  505): REPLY: bssid=24:05:0f:2e:8a:21
03-04 10:14:04.919 I/WifiHW  (  505): REPLY: freq=2412
03-04 10:14:04.919 I/WifiHW  (  505): REPLY: level=-91
03-04 10:14:04.919 I/WifiHW  (  505): REPLY: tsf=0000002515103822
03-04 10:14:04.919 I/WifiHW  (  505): REPLY: flags=[WPA-PSK-CCMP][WPA2-PSK-CCMP][ESS]
03-04 10:14:04.919 I/WifiHW  (  505): REPLY: ssid=Online_360_m
03-04 10:14:04.919 I/WifiHW  (  505): REPLY: ====
03-04 10:14:04.919 I/WifiHW  (  505): REPLY: id=141
03-04 10:14:04.919 I/WifiHW  (  505): REPLY: bssid=02:09:4c:3e:43:ae
03-04 10:14:04.919 I/WifiHW  (  505): REPLY: freq=2412
03-04 10:14:04.919 I/WifiHW  (  505): REPLY: level=-80
03-04 10:14:04.919 I/WifiHW  (  505): REPLY: tsf=0000002515103812
03-04 10:14:04.919 I/WifiHW  (  505): REPLY: flags=[WEP]
03-04 10:14:04.919 I/WifiHW  (  505): REPLY: ssid=DIRECT-
03-04 10:14:04.919 I/WifiHW  (  505): REPLY: ####
03-04 10:14:09.849 D/EVENT_THREAD(  182): void CEventThread::run() POLLIN event on Fd (1)
03-04 10:14:09.849 D/EVENT_THREAD(  182): void CEventThread::run() Do poll with timeout: -1
03-04 10:14:13.089 D/EVENT_THREAD(  182): void CEventThread::run() POLLIN event on Fd (1)
03-04 10:14:13.089 D/EVENT_THREAD(  182): void CEventThread::run() Do poll with timeout: -1
03-04 10:14:13.089 I/upi_ug31xx(  165): (178) update_capacity
03-04 10:14:13.089 I/[UPI]   (  165): <UG31/E>[UpiReadCapacity]: V=3831(3832), T=352(352-401), I=-242, C=-2(-2-0)
03-04 10:14:13.089 I/[UPI]   (  165): <UG31/E>[UpiReadCapacity]: (0x0001254a) 1936 (1976) / 3602 (4029) = 54
03-04 10:14:13.089 I/[UPI]   (  165): <UG31/E>[UpiReadCapacity]: (0x0001254a) 1936 (1976) / 3602 (4029) = 54
03-04 10:14:13.089 I/[UPI]   (  165): <UG31/E>[UpiReadCapacity]: (0x0001254a) 1934 (1934) / 3602 (4029) = 54
03-04 10:14:13.089 I/[UPI]   (  165): <UG31/E>[RsocFilterCountTime]: (0x0001254a) Step=7(424560), Full=7(424560), Lock=424560(1800000)
03-04 10:14:13.089 I/[UPI]   (  165): <UG31/E>[UpiReadCapacity]: (0x0001254a) 1934 (1934) / 3602 (4029) = 54 (-242--242)
03-04 10:14:13.089 I/[UPI]   (  165): <UG31/E><BATT> M:normal, P:54(54-54)%, V:3833mV, C:-236mA, T:35.2C(401), S:0x0001254a(000), R:1934mAh, F:3602mAh, Q:-151mAh, CC:4, P:30.310(151-0)s, BO:7, 97:615:0-44af-9m:B001-20140514-144301 (16)
03-04 10:14:13.099 D/EVENT_THREAD(  182): void CEventThread::run() POLLIN event on Fd (1)
03-04 10:14:13.099 D/EVENT_THREAD(  182): void CEventThread::run() Do poll with timeout: -1
03-04 10:14:13.149 I/upi_ug31xx(  165): (179) backup_data 
03-04 10:14:13.149 V/upi_ug31xx(  165): state->check_backup_count = 12
03-04 10:14:18.099 W/BindingManager( 6397): Cannot call determinedVisibility() - never saw a connection for the pid: 6397
03-04 10:14:18.849 I/chromium( 6397): [INFO:CONSOLE(1)] "Uncaught SyntaxError: Unexpected token :", source: http://127.0.0.1:8080/opt/webapi-resourcetiming-w3c-tests/resourcetiming/w3c/submission/resources/generate_resource.cgi?types=script&id=1 (1)
03-04 10:14:18.859 I/chromium( 6397): [INFO:CONSOLE(1)] "Uncaught SyntaxError: Unexpected token :", source: http://127.0.0.1:8080/opt/webapi-resourcetiming-w3c-tests/resourcetiming/w3c/submission/resources/generate_resource.cgi?types=script&id=2 (1)
03-04 10:14:18.859 I/chromium( 6397): [INFO:CONSOLE(1)] "Uncaught SyntaxError: Unexpected token :", source: http://127.0.0.1:8080/opt/webapi-resourcetiming-w3c-tests/resourcetiming/w3c/submission/resources/generate_resource.cgi?types=script&id=3 (1)
03-04 10:14:18.879 I/chromium( 6397): [INFO:CONSOLE(1)] "Uncaught SyntaxError: Unexpected token :", source: http://127.0.0.1:8080/opt/webapi-resourcetiming-w3c-tests/resourcetiming/w3c/submission/resources/generate_resource.cgi?types=script&id=5 (1)
03-04 10:14:18.879 I/chromium( 6397): [INFO:CONSOLE(1)] "Uncaught SyntaxError: Unexpected token :", source: http://127.0.0.1:8080/opt/webapi-resourcetiming-w3c-tests/resourcetiming/w3c/submission/resources/generate_resource.cgi?types=script&id=4 (1)
03-04 10:14:18.889 I/chromium( 6397): [INFO:CONSOLE(1)] "Uncaught SyntaxError: Unexpected token :", source: http://127.0.0.1:8080/opt/webapi-resourcetiming-w3c-tests/resourcetiming/w3c/submission/resources/generate_resource.cgi?types=script&id=7 (1)
03-04 10:14:18.889 I/chromium( 6397): [INFO:CONSOLE(1)] "Uncaught SyntaxError: Unexpected token :", source: http://127.0.0.1:8080/opt/webapi-resourcetiming-w3c-tests/resourcetiming/w3c/submission/resources/generate_resource.cgi?types=script&id=8 (1)
03-04 10:14:18.889 I/chromium( 6397): [INFO:CONSOLE(1)] "Uncaught SyntaxError: Unexpected token :", source: http://127.0.0.1:8080/opt/webapi-resourcetiming-w3c-tests/resourcetiming/w3c/submission/resources/generate_resource.cgi?types=script&id=6 (1)
03-04 10:14:18.899 I/chromium( 6397): [INFO:CONSOLE(1)] "Uncaught SyntaxError: Unexpected token :", source: http://127.0.0.1:8080/opt/webapi-resourcetiming-w3c-tests/resourcetiming/w3c/submission/resources/generate_resource.cgi?types=script&id=9 (1)
03-04 10:14:20.269 W/ufoGralloc(  170): registerBuffer() handle 0xb95a9e90/113 didn't require registration
03-04 10:14:20.289 D/CordovaActivity( 6397): Paused the application!
03-04 10:14:20.289 D/CordovaWebView( 6397): Handle the pause
03-04 10:14:20.299 D/WindowManager(  505): adjustConfigurationLw, config:{1.0 ?mcc?mnc ?locale ?layoutDir sw600dp w600dp h888dp 213dpi lrg port ?uimode ?night finger -keyb/v/h -nav/v} mLidState:1 mHasDockFeature:false mHasKeyboardFeature:false mHasHallSensorFeature:true config.hardKeyboardHidden:2
03-04 10:14:20.299 I/ActivityManager(  505): [TopPkgCurBat]	NowPkgName[com.asus.launcher]	Battery[54]	TimeTick[1425435260311]	OldPkgName[org.xwalk.webapi_service_tests]
03-04 10:14:20.319 I/chromium( 6397): [INFO:CONSOLE(1)] "exception firing pause event from native", source:  (1)
03-04 10:14:20.319 V/WeatherTimeProvider( 1102): widget on Visibility Changed
03-04 10:14:20.339 D/        (  696): Pixel Format : GGL_PIXEL_FORMAT_RGBA_8888
03-04 10:14:20.349 W/IInputConnectionWrapper( 6397): showStatusIcon on inactive InputConnection
03-04 10:14:20.349 D/XT9IME  (  728): new subtype :en_US ,keyboard
03-04 10:14:20.379 D/ImageWallpaper(  571): onVisibilityChanged: mVisible, visible=false, true
03-04 10:14:20.379 D/BatteryStatsImpl(  505): noteStopWakeLocked system isFromForeground = false
03-04 10:14:20.379 D/ImageWallpaper(  571): Visibility changed to visible=true
03-04 10:14:20.379 D/ImageWallpaper(  571): Suppressed drawFrame since redraw is not needed and offsets have not changed.
03-04 10:14:20.399 D/        ( 6397): Surface destroy: ANDROID_NATIVE_WINDOW_MAGIC
03-04 10:14:20.399 D/        ( 6397): Surface destroy: ANDROID_NATIVE_WINDOW_MAGIC
03-04 10:14:20.809 D/        ( 6397): Pixel Format : GGL_PIXEL_FORMAT_RGBA_8888
03-04 10:14:20.819 D/CordovaActivity( 6397): CordovaActivity.onDestroy()
03-04 10:14:20.819 D/CordovaWebView( 6397): >>> loadUrlNow()
03-04 10:14:20.829 W/ScreenOrientationListener( 6397): Removing an inexistent observer!
03-04 10:14:21.589 D/AndroidRuntime( 6930): 
03-04 10:14:21.589 D/AndroidRuntime( 6930): >>>>>> AndroidRuntime START com.android.internal.os.RuntimeInit <<<<<<
03-04 10:14:21.589 D/AndroidRuntime( 6930): CheckJNI is OFF
03-04 10:14:21.589 I/AndroidRuntime( 6930): Kernel Release Version: 3.10.20-gf818079
03-04 10:14:21.589 I/dalvikvm( 6930): No library specified. The standard exception handler will be used
03-04 10:14:21.599 I/dalvikvm( 6930): 
03-04 10:14:21.599 I/dalvikvm( 6930): +++++++++++++ Using PCG. +++++++++++++++++++++
03-04 10:14:21.599 D/dalvikvm( 6930): Trying to load lib libjavacore.so 0x0
03-04 10:14:21.609 D/dalvikvm( 6930): Added shared lib libjavacore.so 0x0
03-04 10:14:21.609 D/dalvikvm( 6930): Trying to load lib libnativehelper.so 0x0
03-04 10:14:21.609 D/dalvikvm( 6930): Added shared lib libnativehelper.so 0x0
03-04 10:14:21.609 D/dalvikvm( 6930): No JNI_OnLoad found in libnativehelper.so 0x0, skipping init
03-04 10:14:21.609 D/dalvikvm( 6930): Extra Options: not specified
03-04 10:14:21.629 D/dalvikvm( 6930): Note: class Landroid/app/ActivityManagerNative; has 186 unimplemented (abstract) methods
03-04 10:14:21.699 E/memtrack( 6930): Couldn't load memtrack module (No such file or directory)
03-04 10:14:21.699 E/android.os.Debug( 6930): failed to load memtrack module: -2
03-04 10:14:21.729 D/AndroidRuntime( 6930): Calling main entry com.android.commands.am.Am
03-04 10:14:21.759 I/ActivityManager(  505): Force stopping org.xwalk.webapi_service_tests appid=10391 user=0: from pid 6930
03-04 10:14:21.759 I/SecurityManagerService(  602): SMS received security event: App[STOP/org.xwalk.webapi_service_tests]
03-04 10:14:21.759 D/AndroidRuntime( 6930): Shutting down VM
03-04 10:14:21.759 I/ActivityManager(  505): Killing 6397:org.xwalk.webapi_service_tests/u0a391 (adj 9): stop org.xwalk.webapi_service_tests
03-04 10:14:21.769 D/dalvikvm( 6930): GC_CONCURRENT freed 108K, 16% free 638K/760K, paused 0ms+0ms, total 1ms
03-04 10:14:21.769 D/dalvikvm( 6930): Compiler shutdown in progress - discarding request
03-04 10:14:21.769 D/dalvikvm( 6930): Compiler shutdown in progress - discarding request
03-04 10:14:21.769 D/dalvikvm( 6930): Compiler shutdown in progress - discarding request
03-04 10:14:21.769 D/dalvikvm( 6930): Compiler shutdown in progress - discarding request
03-04 10:14:21.769 D/dalvikvm( 6930): Compiler shutdown in progress - discarding request
03-04 10:14:21.769 D/dalvikvm( 6930): Compiler shutdown in progress - discarding request
03-04 10:14:21.769 D/dalvikvm( 6930): Compiler shutdown in progress - discarding request
03-04 10:14:21.769 D/dalvikvm( 6930): Compiler shutdown in progress - discarding request
03-04 10:14:21.769 D/dalvikvm( 6930): Compiler shutdown in progress - discarding request
03-04 10:14:21.769 D/dalvikvm( 6930): Compiler shutdown in progress - discarding request
03-04 10:14:21.769 D/dalvikvm( 6930): Compiler shutdown in progress - discarding request
03-04 10:14:21.769 D/dalvikvm( 6930): Compiler shutdown in progress - discarding request
03-04 10:14:21.769 D/dalvikvm( 6930): Compiler shutdown in progress - discarding request
03-04 10:14:21.769 D/dalvikvm( 6930): Compiler shutdown in progress - discarding request
03-04 10:14:21.769 D/dalvikvm( 6930): Compiler shutdown in progress - discarding request
03-04 10:14:21.769 D/dalvikvm( 6930): Compiler shutdown in progress - discarding request
03-04 10:14:21.769 D/dalvikvm( 6930): Compiler shutdown in progress - discarding request
03-04 10:14:21.769 D/dalvikvm( 6930): Compiler shutdown in progress - discarding request
03-04 10:14:21.769 D/dalvikvm( 6930): Compiler shutdown in progress - discarding request
03-04 10:14:21.769 D/dalvikvm( 6930): Compiler shutdown in progress - discarding request
03-04 10:14:21.769 D/dalvikvm( 6930): Compiler shutdown in progress - discarding request
03-04 10:14:21.769 D/dalvikvm( 6930): Compiler shutdown in progress - discarding request
03-04 10:14:21.769 D/dalvikvm( 6930): Compiler shutdown in progress - discarding request
03-04 10:14:21.769 D/dalvikvm( 6930): Compiler shutdown in progress - discarding request
03-04 10:14:21.769 D/dalvikvm( 6930): Compiler shutdown in progress - discarding request
03-04 10:14:21.769 D/dalvikvm( 6930): Compiler shutdown in progress - discarding request
03-04 10:14:21.769 D/dalvikvm( 6930): Compiler shutdown in progress - discarding request
03-04 10:14:21.769 D/dalvikvm( 6930): Compiler shutdown in progress - discarding request
03-04 10:14:21.769 D/dalvikvm( 6930): Compiler shutdown in progress - discarding request
03-04 10:14:21.769 D/dalvikvm( 6930): Compiler shutdown in progress - discarding request
03-04 10:14:21.769 D/dalvikvm( 6930): Compiler shutdown in progress - discarding request
03-04 10:14:21.769 D/dalvikvm( 6930): Compiler shutdown in progress - discarding request
03-04 10:14:21.769 D/dalvikvm( 6930): Compiler shutdown in progress - discarding request
03-04 10:14:21.769 D/dalvikvm( 6930): Compiler shutdown in progress - discarding request
03-04 10:14:21.769 D/dalvikvm( 6930): Compiler shutdown in progress - discarding request
03-04 10:14:21.769 D/dalvikvm( 6930): Compiler shutdown in progress - discarding request
03-04 10:14:21.769 D/dalvikvm( 6930): Compiler shutdown in progress - discarding request
03-04 10:14:21.769 D/dalvikvm( 6930): Compiler shutdown in progress - discarding request
03-04 10:14:21.769 D/dalvikvm( 6930): Compiler shutdown in progress - discarding request
03-04 10:14:21.769 D/dalvikvm( 6930): Compiler shutdown in progress - discarding request
03-04 10:14:21.769 D/dalvikvm( 6930): Compiler shutdown in progress - discarding request
03-04 10:14:21.769 D/dalvikvm( 6930): Compiler shutdown in progress - discarding request
03-04 10:14:21.769 D/dalvikvm( 6930): Compiler shutdown in progress - discarding request
03-04 10:14:21.769 D/dalvikvm( 6930): Compiler shutdown in progress - discarding request
03-04 10:14:21.769 D/dalvikvm( 6930): Compiler shutdown in progress - discarding request
--------- beginning of /dev/log/main
03-04 13:48:17.919 D/AndroidRuntime( 8544): 
03-04 13:48:17.919 D/AndroidRuntime( 8544): >>>>>> AndroidRuntime START com.android.internal.os.RuntimeInit <<<<<<
03-04 13:48:17.919 D/AndroidRuntime( 8544): CheckJNI is OFF
03-04 13:48:17.919 I/AndroidRuntime( 8544): Kernel Release Version: 3.10.20-gf818079
03-04 13:48:17.929 I/dalvikvm( 8544): No library specified. The standard exception handler will be used
03-04 13:48:17.929 I/dalvikvm( 8544): 
03-04 13:48:17.929 I/dalvikvm( 8544): +++++++++++++ Using PCG. +++++++++++++++++++++
03-04 13:48:17.939 D/dalvikvm( 8544): Trying to load lib libjavacore.so 0x0
03-04 13:48:17.939 D/dalvikvm( 8544): Added shared lib libjavacore.so 0x0
03-04 13:48:17.939 D/dalvikvm( 8544): Trying to load lib libnativehelper.so 0x0
03-04 13:48:17.939 D/dalvikvm( 8544): Added shared lib libnativehelper.so 0x0
03-04 13:48:17.939 D/dalvikvm( 8544): No JNI_OnLoad found in libnativehelper.so 0x0, skipping init
03-04 13:48:17.949 D/dalvikvm( 8544): Extra Options: not specified
03-04 13:48:17.949 D/dalvikvm( 8544): Note: class Landroid/app/ActivityManagerNative; has 186 unimplemented (abstract) methods
03-04 13:48:18.029 E/memtrack( 8544): Couldn't load memtrack module (No such file or directory)
03-04 13:48:18.029 E/android.os.Debug( 8544): failed to load memtrack module: -2
03-04 13:48:18.059 D/AndroidRuntime( 8544): Calling main entry com.android.commands.am.Am
03-04 13:48:18.089 D/AndroidRuntime( 8544): Shutting down VM
03-04 13:48:18.089 D/dalvikvm( 8544): GC_CONCURRENT freed 112K, 16% free 666K/792K, paused 0ms+0ms, total 1ms
03-04 13:48:18.089 D/dalvikvm( 8544): Compiler shutdown in progress - discarding request
03-04 13:48:18.089 D/dalvikvm( 8544): Compiler shutdown in progress - discarding request
03-04 13:48:18.089 D/dalvikvm( 8544): Compiler shutdown in progress - discarding request
03-04 13:48:18.089 D/dalvikvm( 8544): Compiler shutdown in progress - discarding request
03-04 13:48:18.089 D/dalvikvm( 8544): Compiler shutdown in progress - discarding request
03-04 13:48:18.089 D/dalvikvm( 8544): Compiler shutdown in progress - discarding request
03-04 13:48:18.089 D/dalvikvm( 8544): Compiler shutdown in progress - discarding request
03-04 13:48:18.089 D/dalvikvm( 8544): Compiler shutdown in progress - discarding request
03-04 13:48:18.089 D/dalvikvm( 8544): Compiler shutdown in progress - discarding request
03-04 13:48:18.089 D/dalvikvm( 8544): Compiler shutdown in progress - discarding request
03-04 13:48:18.089 D/dalvikvm( 8544): Compiler shutdown in progress - discarding request
03-04 13:48:18.089 D/dalvikvm( 8544): Compiler shutdown in progress - discarding request
03-04 13:48:18.089 D/dalvikvm( 8544): Compiler shutdown in progress - discarding request
03-04 13:48:18.089 D/dalvikvm( 8544): Compiler shutdown in progress - discarding request
03-04 13:48:18.089 D/dalvikvm( 8544): Compiler shutdown in progress - discarding request
03-04 13:48:18.089 D/dalvikvm( 8544): Compiler shutdown in progress - discarding request
03-04 13:48:18.089 D/dalvikvm( 8544): Compiler shutdown in progress - discarding request
03-04 13:48:18.089 D/dalvikvm( 8544): Compiler shutdown in progress - discarding request
03-04 13:48:18.089 D/dalvikvm( 8544): Compiler shutdown in progress - discarding request
03-04 13:48:18.089 D/dalvikvm( 8544): Compiler shutdown in progress - discarding request
03-04 13:48:18.089 D/dalvikvm( 8544): Compiler shutdown in progress - discarding request
03-04 13:48:18.089 D/dalvikvm( 8544): Compiler shutdown in progress - discarding request
03-04 13:48:18.089 D/dalvikvm( 8544): Compiler shutdown in progress - discarding request
03-04 13:48:18.089 D/dalvikvm( 8544): Compiler shutdown in progress - discarding request
03-04 13:48:18.089 D/dalvikvm( 8544): Compiler shutdown in progress - discarding request
03-04 13:48:18.089 D/dalvikvm( 8544): Compiler shutdown in progress - discarding request
03-04 13:48:18.089 D/dalvikvm( 8544): Compiler shutdown in progress - discarding request
03-04 13:48:18.089 D/dalvikvm( 8544): Compiler shutdown in progress - discarding request
03-04 13:48:18.089 D/dalvikvm( 8544): Compiler shutdown in progress - discarding request
03-04 13:48:18.089 D/dalvikvm( 8544): Compiler shutdown in progress - discarding request
03-04 13:48:18.089 D/dalvikvm( 8544): Compiler shutdown in progress - discarding request
03-04 13:48:18.089 D/dalvikvm( 8544): Compiler shutdown in progress - discarding request
03-04 13:48:18.089 D/dalvikvm( 8544): Compiler shutdown in progress - discarding request
03-04 13:48:18.089 D/dalvikvm( 8544): Compiler shutdown in progress - discarding request
03-04 13:48:18.089 D/dalvikvm( 8544): Compiler shutdown in progress - discarding request
03-04 13:48:18.089 D/dalvikvm( 8544): Compiler shutdown in progress - discarding request
03-04 13:48:18.089 D/dalvikvm( 8544): Compiler shutdown in progress - discarding request
03-04 13:48:18.089 D/dalvikvm( 8544): Compiler shutdown in progress - discarding request
03-04 13:48:18.089 D/dalvikvm( 8544): Compiler shutdown in progress - discarding request
03-04 13:48:18.089 D/dalvikvm( 8544): Compiler shutdown in progress - discarding request
03-04 13:48:18.089 D/dalvikvm( 8544): Compiler shutdown in progress - discarding request
03-04 13:48:18.089 D/dalvikvm( 8544): Compiler shutdown in progress - discarding request
03-04 13:48:18.089 D/dalvikvm( 8544): Compiler shutdown in progress - discarding request
