03-04 09:34:53.829 I/WifiHW  (  505): REPLY: level=-74
03-04 09:34:53.829 I/WifiHW  (  505): REPLY: tsf=0000000164011076
03-04 09:34:53.829 I/WifiHW  (  505): REPLY: flags=[ESS]
03-04 09:34:53.829 I/WifiHW  (  505): REPLY: ssid=Internet
03-04 09:34:53.829 I/WifiHW  (  505): REPLY: ====
03-04 09:34:53.829 I/WifiHW  (  505): REPLY: id=27
03-04 09:34:53.829 I/WifiHW  (  505): REPLY: bssid=00:25:86:5c:5e:30
03-04 09:34:53.829 I/WifiHW  (  505): REPLY: freq=2437
03-04 09:34:53.829 I/WifiHW  (  505): REPLY: level=-84
03-04 09:34:53.829 I/WifiHW  (  505): REPLY: tsf=0000000122732671
03-04 09:34:53.829 I/WifiHW  (  505): REPLY: flags=[ESS]
03-04 09:34:53.829 I/WifiHW  (  505): REPLY: ssid=internet
03-04 09:34:53.829 I/WifiHW  (  505): REPLY: ====
03-04 09:34:53.829 I/WifiHW  (  505): REPLY: id=28
03-04 09:34:53.829 I/WifiHW  (  505): REPLY: bssid=22:48:9a:ac:31:7f
03-04 09:34:53.829 I/WifiHW  (  505): REPLY: freq=2437
03-04 09:34:53.829 I/WifiHW  (  505): REPLY: level=-61
03-04 09:34:53.829 I/WifiHW  (  505): REPLY: tsf=0000000164011030
03-04 09:34:53.829 I/WifiHW  (  505): REPLY: flags=[WPA2-PSK-CCMP][ESS]
03-04 09:34:53.829 I/WifiHW  (  505): REPLY: ssid=WiFi874
03-04 09:34:53.829 I/WifiHW  (  505): REPLY: ####
03-04 09:34:53.859 V/ActivityManager(  505): Remove bg service from mStartingBackground ,r=ServiceRecord{2202bf70 u0 com.android.providers.calendar/.ContactsEventUpdateIntentService},r used time=50,left r count=1
03-04 09:34:54.799 D/SendBroadcastHandler( 1709): mTimerTask sendMessage CONTACTS_DELETE 
03-04 09:34:54.809 D/SendBroadcastHandler( 1709): sendBroadcast delete to voice agent
03-04 09:34:54.809 D/SendBroadcastHandler( 1709): (Delete) sendBroadcast mDeleteContacts:2
03-04 09:34:54.809 D/SendBroadcastHandler( 1709): (Delete) sendBroadcast mDeleteRawContactsVoice:2
03-04 09:34:54.809 D/SendBroadcastHandler( 1709): sendBroadcast CONTACTS_DELETE
03-04 09:34:54.809 D/AsusContactWigdetSync( 1008): ready to sync contact id = 2
03-04 09:34:54.809 D/AsusContactWigdetSync( 1008): ready to sync widget
03-04 09:34:54.809 D/AsusContactWigdetSync( 1008): delete contact_id = 780
03-04 09:34:54.809 D/AsusContactWigdetSync( 1008): delete contact_id = 781
03-04 09:34:54.809 D/AsusContactWigdetSync( 1008): sync isdelete = true
03-04 09:34:54.819 D/AsusContactWigdetSync( 2450): ready to sync contact id = 2
03-04 09:34:54.819 D/AsusContactWigdetSync( 2450): ready to sync widget
03-04 09:34:54.819 D/AsusContactWigdetSync( 2450): delete contact_id = 780
03-04 09:34:54.819 D/AsusContactWigdetSync( 2450): delete contact_id = 781
03-04 09:34:54.819 D/AsusContactWigdetSync( 2450): sync isdelete = true
03-04 09:34:54.859 I/CalendarProvider2( 1748): Sending notification intent: Intent { act=android.intent.action.PROVIDER_CHANGED dat=content://com.android.calendar }
03-04 09:34:54.859 W/ContentResolver( 1748): Failed to get type for: content://com.android.calendar (Unknown URL content://com.android.calendar)
03-04 09:34:54.859 D/AlertReceiver( 1721): onReceive: a=android.intent.action.PROVIDER_CHANGED Intent { act=android.intent.action.PROVIDER_CHANGED dat=content://com.android.calendar flg=0x10 cmp=com.asus.calendar/com.android.calendar.alerts.AlertReceiver }
03-04 09:34:54.859 V/ActivityManager(  505): Remove bg service from mStartingBackground ,r=ServiceRecord{2204b358 u0 com.android.providers.calendar/.EmptyService},r used time=1005,left r count=2
03-04 09:34:54.869 D/AlertService( 1721): 0 Action = android.intent.action.PROVIDER_CHANGED
03-04 09:34:54.869 D/AlertService( 1721): Beginning updateAlertNotification
03-04 09:34:54.889 D/AlertService( 1721): No fired or scheduled alerts
03-04 09:34:54.909 D/BatteryStatsImpl(  505): noteStopWakeLocked com.asus.calendar isFromForeground = false
03-04 09:34:54.909 V/ActivityManager(  505): Remove bg service from mStartingBackground ,r=ServiceRecord{22080a78 u0 com.asus.calendar/com.android.calendar.alerts.AlertService},r used time=39,left r count=2
03-04 09:34:55.029 D/SendBroadcastHandler( 1709): mTimerTask sendMessage CONTACTS_INSERT 
03-04 09:34:55.029 D/SendBroadcastHandler( 1709): (insert) sendBroadcast mInsertRawContacts:1
03-04 09:34:55.029 D/SendBroadcastHandler( 1709): (insert) sendBroadcast mInsertName:1
03-04 09:34:55.029 D/SendBroadcastHandler( 1709): (insert) sendBroadcast mInsertNameDetail:1
03-04 09:34:55.029 D/SendBroadcastHandler( 1709): sendBroadcast insert to voice agent
03-04 09:34:55.809 D/AsusContactWigdetSync( 1008): sync start
03-04 09:34:55.809 D/AsusContactWigdetSync( 1008): sync selection = null
03-04 09:34:55.809 D/AsusContactWigdetSync( 1008): sync delete selection = contact_id IN ( 780, 781)
03-04 09:34:55.819 D/AsusContactWigdetSync( 1008): sync stop
03-04 09:34:55.819 V/ActivityManager(  505): Remove bg service from mStartingBackground ,r=ServiceRecord{221edd00 u0 com.asus.contacts/com.android.contacts.miniwidget.SyncService},r used time=1009,left r count=1
03-04 09:34:55.829 D/AsusContactWigdetSync( 2450): sync start
03-04 09:34:55.829 D/AsusContactWigdetSync( 2450): sync selection = null
03-04 09:34:55.829 D/AsusContactWigdetSync( 2450): sync delete selection = contact_id IN ( 780, 781)
03-04 09:34:55.829 D/AsusContactWigdetSync( 2450): sync stop
03-04 09:34:55.829 V/ActivityManager(  505): Remove bg service from mStartingBackground ,r=ServiceRecord{22052998 u0 com.asus.contactswidget/.SyncService},r used time=1015,left r count=0
03-04 09:34:57.899 W/BindingManager( 1891): Cannot call determinedVisibility() - never saw a connection for the pid: 1891
03-04 09:34:57.929 D/SendBroadcastHandler( 1709): startTimer() SEND_TO_CONTACTS_WIDGET_DELETE 
03-04 09:34:57.999 I/chromium( 1891): [INFO:CONSOLE(70)] "WARNING: Message from backend doesn't have data.", source:  (70)
03-04 09:34:58.049 D/SendBroadcastHandler( 1709): startTimer() SEND_TO_CONTACTS_INSERT 
03-04 09:34:58.429 I/dalvikvm( 1709): Total arena pages for JIT: 12
03-04 09:34:58.429 I/dalvikvm( 1709): Total arena pages for JIT: 13
03-04 09:34:58.429 I/dalvikvm( 1709): Total arena pages for JIT: 14
03-04 09:34:58.429 I/dalvikvm( 1709): Total arena pages for JIT: 15
03-04 09:34:58.429 D/SendBroadcastHandler( 1709): startTimer() SEND_TO_CONTACTS_WIDGET_UPDATE 
03-04 09:34:58.859 D/AlarmManager(  505): Triggered Alarm 21f709b0 ELAPSED_REALTIME_WAKEUP IntentSender{2216f288: PendingIntentRecord{22226df8 com.android.providers.calendar broadcastIntent}}
03-04 09:34:58.869 D/BatteryStatsImpl(  505): noteStopWakeLocked system isFromForeground = false
03-04 09:34:58.899 D/dalvikvm( 1748): GC_EXPLICIT freed 423K, 8% free 6473K/6984K, paused 2ms+5ms, total 37ms
03-04 09:34:58.929 D/AlarmManager(  505): Removed alarm Alarm{22058bd0 type 0 com.android.providers.calendar} type:RTC_WAKEUP
03-04 09:34:58.939 D/AlarmManager(  505): Added alarm Alarm{21f82b00 type 0 android} type:RTC_WAKEUP when: At 15-3-4 10:00 repeatInterval: 0h:30m:0.0s
03-04 09:34:58.959 D/AlarmManager(  505): Added alarm Alarm{21ff7bc8 type 0 com.android.providers.calendar} type:RTC_WAKEUP when: At 15-3-5 7:35
03-04 09:34:58.969 D/BatteryStatsImpl(  505): noteStopWakeLocked com.android.providers.calendar isFromForeground = false
03-04 09:34:58.969 V/ActivityManager(  505): Remove bg service from mStartingBackground ,r=ServiceRecord{22158460 u0 com.android.providers.calendar/.CalendarProviderIntentService},r used time=104,left r count=0
03-04 09:34:59.989 D/Clock   (  571): ACTION_TIME_TICK
03-04 09:34:59.999 D/Clock   (  571): update clock:9:35
03-04 09:35:00.019 V/ActivityManager(  505): Remove bg service from mStartingBackground ,r=ServiceRecord{220fe688 u0 com.android.providers.calendar/.ContactsEventUpdateIntentService},r used time=82,left r count=1
03-04 09:35:00.049 D/BatteryStatsImpl(  505): noteStopWakeLocked system isFromForeground = false
03-04 09:35:00.939 D/SendBroadcastHandler( 1709): mTimerTask sendMessage CONTACTS_DELETE 
03-04 09:35:00.939 D/SendBroadcastHandler( 1709): sendBroadcast delete to voice agent
03-04 09:35:00.939 D/SendBroadcastHandler( 1709): (Delete) sendBroadcast mDeleteContacts:1
03-04 09:35:00.939 D/SendBroadcastHandler( 1709): (Delete) sendBroadcast mDeleteRawContactsVoice:1
03-04 09:35:00.939 D/SendBroadcastHandler( 1709): sendBroadcast CONTACTS_DELETE
03-04 09:35:00.939 D/AsusContactWigdetSync( 1008): ready to sync contact id = 1
03-04 09:35:00.939 D/AsusContactWigdetSync( 1008): ready to sync widget
03-04 09:35:00.939 D/AsusContactWigdetSync( 1008): delete contact_id = 782
03-04 09:35:00.939 D/AsusContactWigdetSync( 1008): sync isdelete = true
03-04 09:35:00.939 D/AsusContactWigdetSync( 2450): ready to sync contact id = 1
03-04 09:35:00.939 D/AsusContactWigdetSync( 2450): ready to sync widget
03-04 09:35:00.949 D/AsusContactWigdetSync( 2450): delete contact_id = 782
03-04 09:35:00.949 D/AsusContactWigdetSync( 2450): sync isdelete = true
03-04 09:35:01.019 I/CalendarProvider2( 1748): Sending notification intent: Intent { act=android.intent.action.PROVIDER_CHANGED dat=content://com.android.calendar }
03-04 09:35:01.019 W/ContentResolver( 1748): Failed to get type for: content://com.android.calendar (Unknown URL content://com.android.calendar)
03-04 09:35:01.029 D/AlertReceiver( 1721): onReceive: a=android.intent.action.PROVIDER_CHANGED Intent { act=android.intent.action.PROVIDER_CHANGED dat=content://com.android.calendar flg=0x10 cmp=com.asus.calendar/com.android.calendar.alerts.AlertReceiver }
03-04 09:35:01.029 D/AlertService( 1721): 0 Action = android.intent.action.PROVIDER_CHANGED
03-04 09:35:01.029 D/AlertService( 1721): Beginning updateAlertNotification
03-04 09:35:01.029 V/ActivityManager(  505): Remove bg service from mStartingBackground ,r=ServiceRecord{2211b148 u0 com.android.providers.calendar/.EmptyService},r used time=1010,left r count=2
03-04 09:35:01.039 D/AlertService( 1721): No fired or scheduled alerts
03-04 09:35:01.049 D/BatteryStatsImpl(  505): noteStopWakeLocked com.asus.calendar isFromForeground = false
03-04 09:35:01.049 D/SendBroadcastHandler( 1709): mTimerTask sendMessage CONTACTS_INSERT 
03-04 09:35:01.049 D/SendBroadcastHandler( 1709): (insert) sendBroadcast mInsertRawContacts:1
03-04 09:35:01.049 D/SendBroadcastHandler( 1709): (insert) sendBroadcast mInsertName:1
03-04 09:35:01.049 D/SendBroadcastHandler( 1709): (insert) sendBroadcast mInsertNameDetail:1
03-04 09:35:01.049 D/SendBroadcastHandler( 1709): sendBroadcast insert to voice agent
03-04 09:35:01.049 V/ActivityManager(  505): Remove bg service from mStartingBackground ,r=ServiceRecord{22123268 u0 com.asus.calendar/com.android.calendar.alerts.AlertService},r used time=21,left r count=2
03-04 09:35:01.439 D/SendBroadcastHandler( 1709): mTimerTask sendMessage CONTACTS_UPDATE 
03-04 09:35:01.439 D/AsusContactWigdetSync( 1008): ready to sync widget
03-04 09:35:01.439 D/SendBroadcastHandler( 1709): sendBroadcast update to voice agent
03-04 09:35:01.439 D/SendBroadcastHandler( 1709): (update) sendBroadcast mUpdateRawContacts:0
03-04 09:35:01.439 D/SendBroadcastHandler( 1709): (update) sendBroadcast mUpdateContacts:0
03-04 09:35:01.439 D/SendBroadcastHandler( 1709): (update) sendBroadcast mUpdateName:1
03-04 09:35:01.439 D/SendBroadcastHandler( 1709): (update) sendBroadcast mUpdateNameDetail:1
03-04 09:35:01.439 D/SendBroadcastHandler( 1709): sendBroadcast CONTACTS_UPDATE
03-04 09:35:01.439 D/AsusContactWigdetSync( 1008): sync isdelete = false
03-04 09:35:01.449 D/AsusContactWigdetSync( 2450): ready to sync widget
03-04 09:35:01.449 D/AsusContactWigdetSync( 2450): sync isdelete = false
03-04 09:35:01.949 D/AsusContactWigdetSync( 1008): now - mStart = 500
03-04 09:35:01.949 D/AsusContactWigdetSync( 2450): now - mStart = 504
03-04 09:35:01.949 V/ActivityManager(  505): Remove bg service from mStartingBackground ,r=ServiceRecord{221282b0 u0 com.asus.contacts/com.android.contacts.miniwidget.SyncService},r used time=1010,left r count=1
03-04 09:35:01.949 V/ActivityManager(  505): Remove bg service from mStartingBackground ,r=ServiceRecord{2214f2f8 u0 com.asus.contactswidget/.SyncService},r used time=1006,left r count=0
03-04 09:35:02.449 D/AsusContactWigdetSync( 1008): sync start
03-04 09:35:02.449 D/AsusContactWigdetSync( 2450): sync start
03-04 09:35:02.449 D/AsusContactWigdetSync( 1008): sync selection = null
03-04 09:35:02.449 D/AsusContactWigdetSync( 2450): sync selection = null
03-04 09:35:02.449 D/AsusContactWigdetSync( 1008): sync delete selection = contact_id IN ( 782)
03-04 09:35:02.449 D/AsusContactWigdetSync( 2450): sync delete selection = contact_id IN ( 782)
03-04 09:35:02.449 D/AsusContactWigdetSync( 1008): sync stop
03-04 09:35:02.449 D/AsusContactWigdetSync( 2450): sync stop
03-04 09:35:03.899 W/BindingManager( 1891): Cannot call determinedVisibility() - never saw a connection for the pid: 1891
03-04 09:35:03.969 D/SendBroadcastHandler( 1709): startTimer() SEND_TO_CONTACTS_WIDGET_DELETE 
03-04 09:35:04.069 I/chromium( 1891): [INFO:CONSOLE(70)] "WARNING: Message from backend doesn't have data.", source:  (70)
03-04 09:35:04.089 D/dalvikvm( 1709): GC_EXPLICIT freed 705K, 11% free 7836K/8708K, paused 0ms+3ms, total 18ms
03-04 09:35:04.139 D/SendBroadcastHandler( 1709): startTimer() SEND_TO_CONTACTS_INSERT 
03-04 09:35:04.319 E/Contacts( 1891): org.json.JSONException: No value for contactId
03-04 09:35:04.319 I/chromium( 1891): [INFO:CONSOLE(62)] "Uncaught (in promise) ReferenceError: info is not defined", source: file:///android_asset/www//opt/webapi-contactsmanager-w3c-tests/contactsmanager/ContactsChangeEvent_removed_attribute.html (62)
03-04 09:35:05.009 D/AlarmManager(  505): Triggered Alarm 22064ea0 ELAPSED_REALTIME_WAKEUP IntentSender{2216f108: PendingIntentRecord{222115d0 com.android.providers.calendar broadcastIntent}}
03-04 09:35:05.029 D/BatteryStatsImpl(  505): noteStopWakeLocked system isFromForeground = false
03-04 09:35:05.029 I/dalvikvm( 1748): Total arena pages for JIT: 11
03-04 09:35:05.029 I/dalvikvm( 1748): Total arena pages for JIT: 12
03-04 09:35:05.029 I/dalvikvm( 1748): Total arena pages for JIT: 13
03-04 09:35:05.039 D/AlarmManager(  505): Removed alarm Alarm{21ff7bc8 type 0 com.android.providers.calendar} type:RTC_WAKEUP
03-04 09:35:05.049 I/dalvikvm( 1748): Total arena pages for JIT: 14
03-04 09:35:05.049 I/dalvikvm( 1748): Total arena pages for JIT: 15
03-04 09:35:05.049 I/dalvikvm( 1748): Total arena pages for JIT: 16
03-04 09:35:05.049 D/AlarmManager(  505): Added alarm Alarm{22136090 type 0 android} type:RTC_WAKEUP when: At 15-3-4 10:00 repeatInterval: 0h:30m:0.0s
03-04 09:35:05.059 D/BatteryStatsImpl(  505): noteStopWakeLocked com.android.providers.calendar isFromForeground = false
03-04 09:35:05.059 D/AlarmManager(  505): Added alarm Alarm{22084888 type 0 com.android.providers.calendar} type:RTC_WAKEUP when: At 15-3-5 7:36
03-04 09:35:05.059 V/ActivityManager(  505): Remove bg service from mStartingBackground ,r=ServiceRecord{222666b0 u0 com.android.providers.calendar/.CalendarProviderIntentService},r used time=38,left r count=0
03-04 09:35:06.049 V/ActivityManager(  505): Remove bg service from mStartingBackground ,r=ServiceRecord{21f95440 u0 com.android.providers.calendar/.ContactsEventUpdateIntentService},r used time=71,left r count=1
03-04 09:35:06.969 D/SendBroadcastHandler( 1709): mTimerTask sendMessage CONTACTS_DELETE 
03-04 09:35:06.979 D/SendBroadcastHandler( 1709): sendBroadcast delete to voice agent
03-04 09:35:06.979 D/SendBroadcastHandler( 1709): (Delete) sendBroadcast mDeleteContacts:1
03-04 09:35:06.979 D/SendBroadcastHandler( 1709): (Delete) sendBroadcast mDeleteRawContactsVoice:1
03-04 09:35:06.979 D/SendBroadcastHandler( 1709): sendBroadcast CONTACTS_DELETE
03-04 09:35:06.979 D/AsusContactWigdetSync( 1008): ready to sync contact id = 1
03-04 09:35:06.979 D/AsusContactWigdetSync( 1008): ready to sync widget
03-04 09:35:06.979 D/AsusContactWigdetSync( 1008): delete contact_id = 783
03-04 09:35:06.979 D/AsusContactWigdetSync( 1008): sync isdelete = true
03-04 09:35:06.989 D/AsusContactWigdetSync( 2450): ready to sync contact id = 1
03-04 09:35:06.989 D/AsusContactWigdetSync( 2450): ready to sync widget
03-04 09:35:06.999 D/AsusContactWigdetSync( 2450): delete contact_id = 783
03-04 09:35:06.999 D/AsusContactWigdetSync( 2450): sync isdelete = true
03-04 09:35:07.049 I/CalendarProvider2( 1748): Sending notification intent: Intent { act=android.intent.action.PROVIDER_CHANGED dat=content://com.android.calendar }
03-04 09:35:07.049 W/ContentResolver( 1748): Failed to get type for: content://com.android.calendar (Unknown URL content://com.android.calendar)
03-04 09:35:07.049 D/AlertReceiver( 1721): onReceive: a=android.intent.action.PROVIDER_CHANGED Intent { act=android.intent.action.PROVIDER_CHANGED dat=content://com.android.calendar flg=0x10 cmp=com.asus.calendar/com.android.calendar.alerts.AlertReceiver }
03-04 09:35:07.049 V/ActivityManager(  505): Remove bg service from mStartingBackground ,r=ServiceRecord{220616c0 u0 com.android.providers.calendar/.EmptyService},r used time=1010,left r count=2
03-04 09:35:07.059 D/AlertService( 1721): 0 Action = android.intent.action.PROVIDER_CHANGED
03-04 09:35:07.059 D/AlertService( 1721): Beginning updateAlertNotification
03-04 09:35:07.069 D/AlertService( 1721): No fired or scheduled alerts
03-04 09:35:07.079 D/BatteryStatsImpl(  505): noteStopWakeLocked com.asus.calendar isFromForeground = false
03-04 09:35:07.079 V/ActivityManager(  505): Remove bg service from mStartingBackground ,r=ServiceRecord{2200ef98 u0 com.asus.calendar/com.android.calendar.alerts.AlertService},r used time=29,left r count=2
03-04 09:35:07.139 D/SendBroadcastHandler( 1709): mTimerTask sendMessage CONTACTS_INSERT 
03-04 09:35:07.139 D/SendBroadcastHandler( 1709): (insert) sendBroadcast mInsertRawContacts:1
03-04 09:35:07.149 D/SendBroadcastHandler( 1709): (insert) sendBroadcast mInsertName:1
03-04 09:35:07.149 D/SendBroadcastHandler( 1709): (insert) sendBroadcast mInsertNameDetail:1
03-04 09:35:07.149 D/SendBroadcastHandler( 1709): sendBroadcast insert to voice agent
03-04 09:35:07.989 D/AsusContactWigdetSync( 1008): sync start
03-04 09:35:07.989 D/AsusContactWigdetSync( 1008): sync selection = null
03-04 09:35:07.989 D/AsusContactWigdetSync( 1008): sync delete selection = contact_id IN ( 783)
03-04 09:35:07.989 D/AsusContactWigdetSync( 1008): sync stop
03-04 09:35:07.989 V/ActivityManager(  505): Remove bg service from mStartingBackground ,r=ServiceRecord{2214ef68 u0 com.asus.contacts/com.android.contacts.miniwidget.SyncService},r used time=1010,left r count=1
03-04 09:35:07.999 D/AsusContactWigdetSync( 2450): sync start
03-04 09:35:07.999 D/AsusContactWigdetSync( 2450): sync selection = null
03-04 09:35:07.999 D/AsusContactWigdetSync( 2450): sync delete selection = contact_id IN ( 783)
03-04 09:35:08.009 D/AsusContactWigdetSync( 2450): sync stop
03-04 09:35:08.009 V/ActivityManager(  505): Remove bg service from mStartingBackground ,r=ServiceRecord{22157300 u0 com.asus.contactswidget/.SyncService},r used time=1011,left r count=0
03-04 09:35:11.039 D/AlarmManager(  505): Triggered Alarm 2204c9c0 ELAPSED_REALTIME_WAKEUP IntentSender{22271600: PendingIntentRecord{221d9550 com.android.providers.calendar broadcastIntent}}
03-04 09:35:11.039 D/BatteryStatsImpl(  505): noteStopWakeLocked system isFromForeground = false
03-04 09:35:11.049 D/AlarmManager(  505): Removed alarm Alarm{22084888 type 0 com.android.providers.calendar} type:RTC_WAKEUP
03-04 09:35:11.069 D/AlarmManager(  505): Added alarm Alarm{22070c58 type 0 android} type:RTC_WAKEUP when: At 15-3-4 10:00 repeatInterval: 0h:30m:0.0s
03-04 09:35:11.079 D/BatteryStatsImpl(  505): noteStopWakeLocked com.android.providers.calendar isFromForeground = false
03-04 09:35:11.079 D/AlarmManager(  505): Added alarm Alarm{2225ecb8 type 0 com.android.providers.calendar} type:RTC_WAKEUP when: At 15-3-5 7:36
03-04 09:35:11.079 V/ActivityManager(  505): Remove bg service from mStartingBackground ,r=ServiceRecord{221b8930 u0 com.android.providers.calendar/.CalendarProviderIntentService},r used time=37,left r count=0
03-04 09:35:11.789 I/ActivityManager(  505): Killing 1680:com.asus.email/u0a5 (adj 15): empty #9
03-04 09:35:11.799 D/CordovaActivity( 1891): CordovaActivity.onDestroy()
03-04 09:35:11.799 D/CordovaWebView( 1891): >>> loadUrlNow()
03-04 09:35:11.809 W/ScreenOrientationListener( 1891): Removing an inexistent observer!
03-04 09:35:11.849 I/SecurityManagerService(  602): SMS received security event: App[STOP/com.asus.email]
03-04 09:35:12.069 D/AndroidRuntime( 3319): 
03-04 09:35:12.069 D/AndroidRuntime( 3319): >>>>>> AndroidRuntime START com.android.internal.os.RuntimeInit <<<<<<
03-04 09:35:12.069 D/AndroidRuntime( 3319): CheckJNI is OFF
03-04 09:35:12.069 I/AndroidRuntime( 3319): Kernel Release Version: 3.10.20-gf818079
03-04 09:35:12.069 I/dalvikvm( 3319): No library specified. The standard exception handler will be used
03-04 09:35:12.079 I/dalvikvm( 3319): 
03-04 09:35:12.079 I/dalvikvm( 3319): +++++++++++++ Using PCG. +++++++++++++++++++++
03-04 09:35:12.089 D/dalvikvm( 3319): Trying to load lib libjavacore.so 0x0
03-04 09:35:12.089 D/dalvikvm( 3319): Added shared lib libjavacore.so 0x0
03-04 09:35:12.099 D/dalvikvm( 3319): Trying to load lib libnativehelper.so 0x0
03-04 09:35:12.099 D/dalvikvm( 3319): Added shared lib libnativehelper.so 0x0
03-04 09:35:12.099 D/dalvikvm( 3319): No JNI_OnLoad found in libnativehelper.so 0x0, skipping init
03-04 09:35:12.099 D/dalvikvm( 3319): Extra Options: not specified
03-04 09:35:12.119 D/dalvikvm( 3319): Note: class Landroid/app/ActivityManagerNative; has 186 unimplemented (abstract) methods
03-04 09:35:12.199 E/memtrack( 3319): Couldn't load memtrack module (No such file or directory)
03-04 09:35:12.199 E/android.os.Debug( 3319): failed to load memtrack module: -2
03-04 09:35:12.239 D/AndroidRuntime( 3319): Calling main entry com.android.commands.am.Am
03-04 09:35:12.269 I/ActivityManager(  505): Force stopping org.xwalk.webapi_noneservice_tests appid=10388 user=0: from pid 3319
03-04 09:35:12.269 I/SecurityManagerService(  602): SMS received security event: App[STOP/org.xwalk.webapi_noneservice_tests]
03-04 09:35:12.269 D/AndroidRuntime( 3319): Shutting down VM
03-04 09:35:12.269 I/ActivityManager(  505): Killing 1891:org.xwalk.webapi_noneservice_tests/u0a388 (adj 9): stop org.xwalk.webapi_noneservice_tests
03-04 09:35:12.279 D/dalvikvm( 3319): GC_CONCURRENT freed 108K, 16% free 638K/760K, paused 0ms+0ms, total 1ms
03-04 09:35:12.289 D/dalvikvm( 3319): Compiler shutdown in progress - discarding request
03-04 09:35:12.289 D/dalvikvm( 3319): Compiler shutdown in progress - discarding request
03-04 09:35:12.289 D/dalvikvm( 3319): Compiler shutdown in progress - discarding request
03-04 09:35:12.289 D/dalvikvm( 3319): Compiler shutdown in progress - discarding request
03-04 09:35:12.289 D/dalvikvm( 3319): Compiler shutdown in progress - discarding request
03-04 09:35:12.289 D/dalvikvm( 3319): Compiler shutdown in progress - discarding request
03-04 09:35:12.289 D/dalvikvm( 3319): Compiler shutdown in progress - discarding request
03-04 09:35:12.289 D/dalvikvm( 3319): Compiler shutdown in progress - discarding request
03-04 09:35:12.289 D/dalvikvm( 3319): Compiler shutdown in progress - discarding request
03-04 09:35:12.289 D/dalvikvm( 3319): Compiler shutdown in progress - discarding request
03-04 09:35:12.289 D/dalvikvm( 3319): Compiler shutdown in progress - discarding request
03-04 09:35:12.289 D/dalvikvm( 3319): Compiler shutdown in progress - discarding request
03-04 09:35:12.289 D/dalvikvm( 3319): Compiler shutdown in progress - discarding request
03-04 09:35:12.289 D/dalvikvm( 3319): Compiler shutdown in progress - discarding request
03-04 09:35:12.289 D/dalvikvm( 3319): Compiler shutdown in progress - discarding request
03-04 09:35:12.289 D/dalvikvm( 3319): Compiler shutdown in progress - discarding request
03-04 09:35:12.289 D/dalvikvm( 3319): Compiler shutdown in progress - discarding request
03-04 09:35:12.289 D/dalvikvm( 3319): Compiler shutdown in progress - discarding request
03-04 09:35:12.289 D/dalvikvm( 3319): Compiler shutdown in progress - discarding request
03-04 09:35:12.289 D/dalvikvm( 3319): Compiler shutdown in progress - discarding request
03-04 09:35:12.289 D/dalvikvm( 3319): Compiler shutdown in progress - discarding request
03-04 09:35:12.289 D/dalvikvm( 3319): Compiler shutdown in progress - discarding request
03-04 09:35:12.289 D/dalvikvm( 3319): Compiler shutdown in progress - discarding request
03-04 09:35:12.289 D/dalvikvm( 3319): Compiler shutdown in progress - discarding request
03-04 09:35:12.289 D/dalvikvm( 3319): Compiler shutdown in progress - discarding request
03-04 09:35:12.289 D/dalvikvm( 3319): Compiler shutdown in progress - discarding request
03-04 09:35:12.289 D/dalvikvm( 3319): Compiler shutdown in progress - discarding request
03-04 09:35:12.289 D/dalvikvm( 3319): Compiler shutdown in progress - discarding request
03-04 09:35:12.289 D/dalvikvm( 3319): Compiler shutdown in progress - discarding request
03-04 09:35:12.289 D/dalvikvm( 3319): Compiler shutdown in progress - discarding request
03-04 09:35:12.289 D/dalvikvm( 3319): Compiler shutdown in progress - discarding request
03-04 09:35:12.289 D/dalvikvm( 3319): Compiler shutdown in progress - discarding request
03-04 09:35:12.289 D/dalvikvm( 3319): Compiler shutdown in progress - discarding request
03-04 09:35:12.289 D/dalvikvm( 3319): Compiler shutdown in progress - discarding request
03-04 09:35:12.289 D/dalvikvm( 3319): Compiler shutdown in progress - discarding request
03-04 09:35:12.289 D/dalvikvm( 3319): Compiler shutdown in progress - discarding request
03-04 09:35:12.289 D/dalvikvm( 3319): Compiler shutdown in progress - discarding request
03-04 09:35:12.289 D/dalvikvm( 3319): Compiler shutdown in progress - discarding request
03-04 09:35:12.289 D/dalvikvm( 3319): Compiler shutdown in progress - discarding request
03-04 09:35:12.289 D/dalvikvm( 3319): Compiler shutdown in progress - discarding request
--------- beginning of /dev/log/main
03-04 10:03:20.269 D/AndroidRuntime( 4207): 
03-04 10:03:20.269 D/AndroidRuntime( 4207): >>>>>> AndroidRuntime START com.android.internal.os.RuntimeInit <<<<<<
03-04 10:03:20.269 D/AndroidRuntime( 4207): CheckJNI is OFF
03-04 10:03:20.269 I/AndroidRuntime( 4207): Kernel Release Version: 3.10.20-gf818079
03-04 10:03:20.269 I/dalvikvm( 4207): No library specified. The standard exception handler will be used
03-04 10:03:20.269 I/dalvikvm( 4207): 
03-04 10:03:20.269 I/dalvikvm( 4207): +++++++++++++ Using PCG. +++++++++++++++++++++
03-04 10:03:20.279 D/dalvikvm( 4207): Trying to load lib libjavacore.so 0x0
03-04 10:03:20.279 D/dalvikvm( 4207): Added shared lib libjavacore.so 0x0
03-04 10:03:20.279 D/dalvikvm( 4207): Trying to load lib libnativehelper.so 0x0
03-04 10:03:20.279 D/dalvikvm( 4207): Added shared lib libnativehelper.so 0x0
03-04 10:03:20.279 D/dalvikvm( 4207): No JNI_OnLoad found in libnativehelper.so 0x0, skipping init
03-04 10:03:20.289 D/dalvikvm( 4207): Extra Options: not specified
03-04 10:03:20.299 D/dalvikvm( 4207): Note: class Landroid/app/ActivityManagerNative; has 186 unimplemented (abstract) methods
03-04 10:03:20.369 E/memtrack( 4207): Couldn't load memtrack module (No such file or directory)
03-04 10:03:20.369 E/android.os.Debug( 4207): failed to load memtrack module: -2
03-04 10:03:20.399 D/AndroidRuntime( 4207): Calling main entry com.android.commands.am.Am
03-04 10:03:20.429 D/AndroidRuntime( 4207): Shutting down VM
--------- beginning of /dev/log/system
03-04 10:03:20.429 I/ActivityManager(  505): Force stopping org.xwalk.webapi_noneservice_tests appid=10388 user=0: from pid 4207
03-04 10:03:20.439 D/dalvikvm( 4207): GC_CONCURRENT freed 112K, 16% free 666K/792K, paused 0ms+1ms, total 1ms
03-04 10:03:20.439 D/dalvikvm( 4207): Compiler shutdown in progress - discarding request
03-04 10:03:20.439 D/dalvikvm( 4207): Compiler shutdown in progress - discarding request
03-04 10:03:20.439 D/dalvikvm( 4207): Compiler shutdown in progress - discarding request
03-04 10:03:20.439 D/dalvikvm( 4207): Compiler shutdown in progress - discarding request
03-04 10:03:20.439 D/dalvikvm( 4207): Compiler shutdown in progress - discarding request
03-04 10:03:20.439 D/dalvikvm( 4207): Compiler shutdown in progress - discarding request
03-04 10:03:20.439 D/dalvikvm( 4207): Compiler shutdown in progress - discarding request
03-04 10:03:20.439 D/dalvikvm( 4207): Compiler shutdown in progress - discarding request
03-04 10:03:20.439 D/dalvikvm( 4207): Compiler shutdown in progress - discarding request
03-04 10:03:20.439 D/dalvikvm( 4207): Compiler shutdown in progress - discarding request
03-04 10:03:20.439 D/dalvikvm( 4207): Compiler shutdown in progress - discarding request
03-04 10:03:20.439 D/dalvikvm( 4207): Compiler shutdown in progress - discarding request
03-04 10:03:20.439 D/dalvikvm( 4207): Compiler shutdown in progress - discarding request
03-04 10:03:20.439 D/dalvikvm( 4207): Compiler shutdown in progress - discarding request
03-04 10:03:20.439 D/dalvikvm( 4207): Compiler shutdown in progress - discarding request
03-04 10:03:20.439 D/dalvikvm( 4207): Compiler shutdown in progress - discarding request
03-04 10:03:20.439 D/dalvikvm( 4207): Compiler shutdown in progress - discarding request
03-04 10:03:20.439 D/dalvikvm( 4207): Compiler shutdown in progress - discarding request
03-04 10:03:20.439 D/dalvikvm( 4207): Compiler shutdown in progress - discarding request
03-04 10:03:20.439 D/dalvikvm( 4207): Compiler shutdown in progress - discarding request
03-04 10:03:20.439 D/dalvikvm( 4207): Compiler shutdown in progress - discarding request
03-04 10:03:20.439 D/dalvikvm( 4207): Compiler shutdown in progress - discarding request
03-04 10:03:20.439 D/dalvikvm( 4207): Compiler shutdown in progress - discarding request
03-04 10:03:20.439 D/dalvikvm( 4207): Compiler shutdown in progress - discarding request
03-04 10:03:20.439 D/dalvikvm( 4207): Compiler shutdown in progress - discarding request
03-04 10:03:20.439 D/dalvikvm( 4207): Compiler shutdown in progress - discarding request
03-04 10:03:20.439 D/dalvikvm( 4207): Compiler shutdown in progress - discarding request
03-04 10:03:20.439 D/dalvikvm( 4207): Compiler shutdown in progress - discarding request
03-04 10:03:20.439 D/dalvikvm( 4207): Compiler shutdown in progress - discarding request
03-04 10:03:20.439 D/dalvikvm( 4207): Compiler shutdown in progress - discarding request
03-04 10:03:20.439 D/dalvikvm( 4207): Compiler shutdown in progress - discarding request
03-04 10:03:20.439 D/dalvikvm( 4207): Compiler shutdown in progress - discarding request
03-04 10:03:20.439 D/dalvikvm( 4207): Compiler shutdown in progress - discarding request
03-04 10:03:20.439 D/dalvikvm( 4207): Compiler shutdown in progress - discarding request
03-04 10:03:20.439 D/dalvikvm( 4207): Compiler shutdown in progress - discarding request
03-04 10:03:20.439 D/dalvikvm( 4207): Compiler shutdown in progress - discarding request
03-04 10:03:20.439 D/dalvikvm( 4207): Compiler shutdown in progress - discarding request
03-04 10:03:20.439 D/dalvikvm( 4207): Compiler shutdown in progress - discarding request
03-04 10:03:20.439 D/dalvikvm( 4207): Compiler shutdown in progress - discarding request
03-04 10:03:20.439 D/dalvikvm( 4207): Compiler shutdown in progress - discarding request
03-04 10:03:20.439 D/dalvikvm( 4207): Compiler shutdown in progress - discarding request
03-04 10:03:20.439 D/dalvikvm( 4207): Compiler shutdown in progress - discarding request
03-04 10:03:20.439 D/dalvikvm( 4207): Compiler shutdown in progress - discarding request
03-04 10:03:20.439 D/dalvikvm( 4207): Compiler shutdown in progress - discarding request
03-04 10:03:20.879 D/AndroidRuntime( 4218): 
03-04 10:03:20.879 D/AndroidRuntime( 4218): >>>>>> AndroidRuntime START com.android.internal.os.RuntimeInit <<<<<<
03-04 10:03:20.879 D/AndroidRuntime( 4218): CheckJNI is OFF
03-04 10:03:20.879 I/AndroidRuntime( 4218): Kernel Release Version: 3.10.20-gf818079
03-04 10:03:20.879 I/dalvikvm( 4218): No library specified. The standard exception handler will be used
03-04 10:03:20.889 I/dalvikvm( 4218): 
03-04 10:03:20.889 I/dalvikvm( 4218): +++++++++++++ Using PCG. +++++++++++++++++++++
03-04 10:03:20.889 D/dalvikvm( 4218): Trying to load lib libjavacore.so 0x0
03-04 10:03:20.899 D/dalvikvm( 4218): Added shared lib libjavacore.so 0x0
03-04 10:03:20.899 D/dalvikvm( 4218): Trying to load lib libnativehelper.so 0x0
03-04 10:03:20.899 D/dalvikvm( 4218): Added shared lib libnativehelper.so 0x0
03-04 10:03:20.899 D/dalvikvm( 4218): No JNI_OnLoad found in libnativehelper.so 0x0, skipping init
03-04 10:03:20.899 D/dalvikvm( 4218): Extra Options: not specified
03-04 10:03:20.909 D/dalvikvm( 4218): Note: class Landroid/app/ActivityManagerNative; has 186 unimplemented (abstract) methods
03-04 10:03:20.989 E/memtrack( 4218): Couldn't load memtrack module (No such file or directory)
03-04 10:03:20.989 E/android.os.Debug( 4218): failed to load memtrack module: -2
03-04 10:03:21.019 D/AndroidRuntime( 4218): Calling main entry com.android.commands.am.Am
03-04 10:03:21.049 I/ActivityManager(  505): START u0 {flg=0x10000000 cmp=org.xwalk.webapi_noneservice_tests/.webapi_noneservice_testsActivity} from pid 4218
03-04 10:03:21.059 D/AndroidRuntime( 4218): Shutting down VM
03-04 10:03:21.059 D/dalvikvm( 4218): GC_CONCURRENT freed 117K, 16% free 702K/832K, paused 0ms+1ms, total 1ms
03-04 10:03:21.059 D/dalvikvm( 4218): Compiler shutdown in progress - discarding request
03-04 10:03:21.059 D/dalvikvm( 4218): Compiler shutdown in progress - discarding request
03-04 10:03:21.059 D/dalvikvm( 4218): Compiler shutdown in progress - discarding request
03-04 10:03:21.059 D/dalvikvm( 4218): Compiler shutdown in progress - discarding request
03-04 10:03:21.059 D/dalvikvm( 4218): Compiler shutdown in progress - discarding request
03-04 10:03:21.059 D/dalvikvm( 4218): Compiler shutdown in progress - discarding request
03-04 10:03:21.059 D/dalvikvm( 4218): Compiler shutdown in progress - discarding request
03-04 10:03:21.059 D/dalvikvm( 4218): Compiler shutdown in progress - discarding request
03-04 10:03:21.059 D/dalvikvm( 4218): Compiler shutdown in progress - discarding request
03-04 10:03:21.059 D/dalvikvm( 4218): Compiler shutdown in progress - discarding request
03-04 10:03:21.059 D/dalvikvm( 4218): Compiler shutdown in progress - discarding request
03-04 10:03:21.059 D/dalvikvm( 4218): Compiler shutdown in progress - discarding request
03-04 10:03:21.059 D/dalvikvm( 4218): Compiler shutdown in progress - discarding request
03-04 10:03:21.059 D/dalvikvm( 4218): Compiler shutdown in progress - discarding request
03-04 10:03:21.059 D/dalvikvm( 4218): Compiler shutdown in progress - discarding request
03-04 10:03:21.059 D/dalvikvm( 4218): Compiler shutdown in progress - discarding request
03-04 10:03:21.059 D/dalvikvm( 4218): Compiler shutdown in progress - discarding request
03-04 10:03:21.059 D/dalvikvm( 4218): Compiler shutdown in progress - discarding request
03-04 10:03:21.059 D/dalvikvm( 4218): Compiler shutdown in progress - discarding request
03-04 10:03:21.059 D/dalvikvm( 4218): Compiler shutdown in progress - discarding request
03-04 10:03:21.059 D/dalvikvm( 4218): Compiler shutdown in progress - discarding request
03-04 10:03:21.059 D/dalvikvm( 4218): Compiler shutdown in progress - discarding request
03-04 10:03:21.059 D/dalvikvm( 4218): Compiler shutdown in progress - discarding request
03-04 10:03:21.059 D/dalvikvm( 4218): Compiler shutdown in progress - discarding request
03-04 10:03:21.059 D/dalvikvm( 4218): Compiler shutdown in progress - discarding request
03-04 10:03:21.059 D/dalvikvm( 4218): Compiler shutdown in progress - discarding request
03-04 10:03:21.059 D/dalvikvm( 4218): Compiler shutdown in progress - discarding request
03-04 10:03:21.059 D/dalvikvm( 4218): Compiler shutdown in progress - discarding request
03-04 10:03:21.059 D/dalvikvm( 4218): Compiler shutdown in progress - discarding request
03-04 10:03:21.059 D/dalvikvm( 4218): Compiler shutdown in progress - discarding request
03-04 10:03:21.059 D/dalvikvm( 4218): Compiler shutdown in progress - discarding request
03-04 10:03:21.059 D/dalvikvm( 4218): Compiler shutdown in progress - discarding request
03-04 10:03:21.059 D/dalvikvm( 4218): Compiler shutdown in progress - discarding request
03-04 10:03:21.059 D/dalvikvm( 4218): Compiler shutdown in progress - discarding request
03-04 10:03:21.059 D/dalvikvm( 4218): Compiler shutdown in progress - discarding request
03-04 10:03:21.059 D/dalvikvm( 4218): Compiler shutdown in progress - discarding request
03-04 10:03:21.059 D/dalvikvm( 4218): Compiler shutdown in progress - discarding request
03-04 10:03:21.059 D/dalvikvm( 4218): Compiler shutdown in progress - discarding request
03-04 10:03:21.059 D/dalvikvm( 4218): Compiler shutdown in progress - discarding request
03-04 10:03:21.059 D/dalvikvm( 4218): Compiler shutdown in progress - discarding request
03-04 10:03:21.059 D/dalvikvm( 4218): Compiler shutdown in progress - discarding request
03-04 10:03:21.059 D/dalvikvm( 4218): Compiler shutdown in progress - discarding request
03-04 10:03:21.059 D/dalvikvm( 4218): Compiler shutdown in progress - discarding request
03-04 10:03:21.059 D/dalvikvm( 4218): Compiler shutdown in progress - discarding request
03-04 10:03:21.059 D/dalvikvm( 4218): Compiler shutdown in progress - discarding request
03-04 10:03:21.059 D/dalvikvm( 4218): Compiler shutdown in progress - discarding request
03-04 10:03:21.059 D/dalvikvm( 4218): Compiler shutdown in progress - discarding request
03-04 10:03:21.059 D/dalvikvm( 4218): Compiler shutdown in progress - discarding request
03-04 10:03:21.059 D/dalvikvm( 4218): Compiler shutdown in progress - discarding request
03-04 10:03:21.059 D/dalvikvm( 4218): Compiler shutdown in progress - discarding request
03-04 10:03:21.729 D/AndroidRuntime( 4229): 
03-04 10:03:21.729 D/AndroidRuntime( 4229): >>>>>> AndroidRuntime START com.android.internal.os.RuntimeInit <<<<<<
03-04 10:03:21.729 D/AndroidRuntime( 4229): CheckJNI is OFF
03-04 10:03:21.729 I/AndroidRuntime( 4229): Kernel Release Version: 3.10.20-gf818079
03-04 10:03:21.729 I/dalvikvm( 4229): No library specified. The standard exception handler will be used
03-04 10:03:21.739 I/dalvikvm( 4229): 
03-04 10:03:21.739 I/dalvikvm( 4229): +++++++++++++ Using PCG. +++++++++++++++++++++
03-04 10:03:21.739 D/dalvikvm( 4229): Trying to load lib libjavacore.so 0x0
03-04 10:03:21.739 D/dalvikvm( 4229): Added shared lib libjavacore.so 0x0
03-04 10:03:21.749 D/dalvikvm( 4229): Trying to load lib libnativehelper.so 0x0
03-04 10:03:21.749 D/dalvikvm( 4229): Added shared lib libnativehelper.so 0x0
03-04 10:03:21.749 D/dalvikvm( 4229): No JNI_OnLoad found in libnativehelper.so 0x0, skipping init
03-04 10:03:21.749 D/dalvikvm( 4229): Extra Options: not specified
03-04 10:03:21.769 D/dalvikvm( 4229): Note: class Landroid/app/ActivityManagerNative; has 186 unimplemented (abstract) methods
03-04 10:03:21.839 E/memtrack( 4229): Couldn't load memtrack module (No such file or directory)
03-04 10:03:21.839 E/android.os.Debug( 4229): failed to load memtrack module: -2
03-04 10:03:21.889 D/AndroidRuntime( 4229): Calling main entry com.android.commands.am.Am
03-04 10:03:21.919 D/AndroidRuntime( 4229): Shutting down VM
03-04 10:03:21.919 I/ActivityManager(  505): START u0 {flg=0x10000000 cmp=org.xwalk.webapi_noneservice_tests/.webapi_noneservice_tests} from pid 4229
03-04 10:03:21.939 D/dalvikvm( 4229): GC_CONCURRENT freed 114K, 16% free 701K/832K, paused 0ms+0ms, total 2ms
03-04 10:03:21.939 D/dalvikvm( 4229): Compiler shutdown in progress - discarding request
03-04 10:03:21.939 D/dalvikvm( 4229): Compiler shutdown in progress - discarding request
03-04 10:03:21.939 D/dalvikvm( 4229): Compiler shutdown in progress - discarding request
03-04 10:03:21.939 D/dalvikvm( 4229): Compiler shutdown in progress - discarding request
03-04 10:03:21.939 D/dalvikvm( 4229): Compiler shutdown in progress - discarding request
03-04 10:03:21.939 D/dalvikvm( 4229): Compiler shutdown in progress - discarding request
03-04 10:03:21.939 D/dalvikvm( 4229): Compiler shutdown in progress - discarding request
03-04 10:03:21.939 D/dalvikvm( 4229): Compiler shutdown in progress - discarding request
03-04 10:03:21.939 D/dalvikvm( 4229): Compiler shutdown in progress - discarding request
03-04 10:03:21.939 D/dalvikvm( 4229): Compiler shutdown in progress - discarding request
03-04 10:03:21.939 D/dalvikvm( 4229): Compiler shutdown in progress - discarding request
03-04 10:03:21.939 D/dalvikvm( 4229): Compiler shutdown in progress - discarding request
03-04 10:03:21.939 D/dalvikvm( 4229): Compiler shutdown in progress - discarding request
03-04 10:03:21.939 D/dalvikvm( 4229): Compiler shutdown in progress - discarding request
03-04 10:03:21.939 D/dalvikvm( 4229): Compiler shutdown in progress - discarding request
03-04 10:03:21.939 D/dalvikvm( 4229): Compiler shutdown in progress - discarding request
03-04 10:03:21.939 D/dalvikvm( 4229): Compiler shutdown in progress - discarding request
03-04 10:03:21.939 D/dalvikvm( 4229): Compiler shutdown in progress - discarding request
03-04 10:03:21.939 D/dalvikvm( 4229): Compiler shutdown in progress - discarding request
03-04 10:03:21.939 D/dalvikvm( 4229): Compiler shutdown in progress - discarding request
03-04 10:03:21.939 D/dalvikvm( 4229): Compiler shutdown in progress - discarding request
03-04 10:03:21.939 D/dalvikvm( 4229): Compiler shutdown in progress - discarding request
03-04 10:03:21.939 D/dalvikvm( 4229): Compiler shutdown in progress - discarding request
03-04 10:03:21.939 D/dalvikvm( 4229): Compiler shutdown in progress - discarding request
03-04 10:03:21.939 D/dalvikvm( 4229): Compiler shutdown in progress - discarding request
03-04 10:03:21.939 D/dalvikvm( 4229): Compiler shutdown in progress - discarding request
03-04 10:03:21.939 D/dalvikvm( 4229): Compiler shutdown in progress - discarding request
03-04 10:03:21.939 D/dalvikvm( 4229): Compiler shutdown in progress - discarding request
03-04 10:03:21.939 D/dalvikvm( 4229): Compiler shutdown in progress - discarding request
03-04 10:03:21.939 D/dalvikvm( 4229): Compiler shutdown in progress - discarding request
03-04 10:03:21.939 D/dalvikvm( 4229): Compiler shutdown in progress - discarding request
03-04 10:03:21.939 D/dalvikvm( 4229): Compiler shutdown in progress - discarding request
03-04 10:03:21.939 D/dalvikvm( 4229): Compiler shutdown in progress - discarding request
03-04 10:03:21.939 D/dalvikvm( 4229): Compiler shutdown in progress - discarding request
03-04 10:03:21.939 D/dalvikvm( 4229): Compiler shutdown in progress - discarding request
03-04 10:03:21.939 D/dalvikvm( 4229): Compiler shutdown in progress - discarding request
03-04 10:03:21.939 D/dalvikvm( 4229): Compiler shutdown in progress - discarding request
03-04 10:03:21.939 D/dalvikvm( 4229): Compiler shutdown in progress - discarding request
03-04 10:03:21.939 D/dalvikvm( 4229): Compiler shutdown in progress - discarding request
03-04 10:03:21.939 D/dalvikvm( 4229): Compiler shutdown in progress - discarding request
03-04 10:03:21.939 D/dalvikvm( 4229): Compiler shutdown in progress - discarding request
03-04 10:03:21.939 D/dalvikvm( 4229): Compiler shutdown in progress - discarding request
03-04 10:03:21.949 I/SecurityManagerService(  602): SMS received security event: App[START/org.xwalk.webapi_noneservice_tests]
03-04 10:03:21.959 D/dalvikvm( 4240): Late-enabling CheckJNI
03-04 10:03:21.959 D/dalvikvm( 4240): Try to disable coredump for pid 4240
03-04 10:03:21.959 D/dalvikvm( 4240): Process 4240 nice name: org.xwalk.webapi_noneservice_tests
03-04 10:03:21.959 D/dalvikvm( 4240): Extra Options: not specified
03-04 10:03:21.969 V/WeatherTimeProvider( 1102): widget on Visibility Changed
03-04 10:03:21.969 D/WindowManager(  505): adjustConfigurationLw, config:{1.0 ?mcc?mnc ?locale ?layoutDir sw600dp w600dp h888dp 213dpi lrg port ?uimode ?night finger -keyb/v/h -nav/v} mLidState:1 mHasDockFeature:false mHasKeyboardFeature:false mHasHallSensorFeature:true config.hardKeyboardHidden:2
03-04 10:03:21.969 I/ActivityManager(  505): Start proc org.xwalk.webapi_noneservice_tests for activity org.xwalk.webapi_noneservice_tests/.webapi_noneservice_tests: pid=4240 uid=10388 gids={50388, 3003, 1028, 1015}
03-04 10:03:21.969 I/ActivityManager(  505): [TopPkgCurBat]	NowPkgName[org.xwalk.webapi_noneservice_tests]	Battery[55]	TimeTick[1425434601984]	OldPkgName[com.asus.launcher]
03-04 10:03:21.979 D/dalvikvm(  171): GC_EXPLICIT freed 47K, 2% free 5801K/5892K, paused 0ms+1ms, total 14ms
03-04 10:03:21.989 D/        (  696): Surface destroy: ANDROID_NATIVE_WINDOW_MAGIC
03-04 10:03:21.989 D/dalvikvm(  171): GC_EXPLICIT freed <1K, 2% free 5801K/5892K, paused 0ms+1ms, total 12ms
03-04 10:03:22.009 D/dalvikvm(  171): GC_EXPLICIT freed <1K, 2% free 5801K/5892K, paused 1ms+1ms, total 13ms
03-04 10:03:22.009 I/CordovaLog( 4240): Changing log level to DEBUG(3)
03-04 10:03:22.009 D/CordovaActivity( 4240): CordovaActivity.init()
03-04 10:03:22.009 D/dalvikvm( 4240): Trying to load lib /data/app-lib/org.xwalk.webapi_noneservice_tests-1/libxwalkcore.so 0x43d88f00
03-04 10:03:22.019 D/dalvikvm( 4240): Added shared lib /data/app-lib/org.xwalk.webapi_noneservice_tests-1/libxwalkcore.so 0x43d88f00
03-04 10:03:22.029 I/LibraryLoader( 4240): Time to load native libraries: 14 ms (timestamps 2227-2241)
03-04 10:03:22.029 I/LibraryLoader( 4240): Expected native library version number "",actual native library version number ""
03-04 10:03:22.049 I/LibraryLoader( 4240): Expected native library version number "",actual native library version number ""
03-04 10:03:22.049 I/chromium( 4240): [INFO:library_loader_hooks.cc(112)] Chromium logging enabled: level = 0, default verbosity = 0
03-04 10:03:22.049 I/BrowserStartupController( 4240): Initializing chromium process, singleProcess=true
03-04 10:03:22.299 D/ImageWallpaper(  571): onVisibilityChanged: mVisible, visible=true, false
03-04 10:03:22.299 D/ImageWallpaper(  571): Visibility changed to visible=false
03-04 10:03:22.299 D/ImageWallpaper(  571): Suppressed drawFrame since redraw is not needed and offsets have not changed.
03-04 10:03:22.439 W/chromium( 4240): [WARNING:dns_config_service_posix.cc(293)] Failed to read DnsConfig.
03-04 10:03:22.449 W/AudioManagerAndroid( 4240): Requires BLUETOOTH permission
03-04 10:03:22.449 I/ufoGralloc( 4240): Hello, this is UFO GRALLOC/Intel Corporation
03-04 10:03:22.449 D/        ( 4240): Pixel Format : GGL_PIXEL_FORMAT_RGBA_8888
03-04 10:03:22.449 D/        ( 4240): droid_create_context : config id = 1 conf->NativeVisualID=1
03-04 10:03:22.449 D/        ( 4240): Pixel Format : GGL_PIXEL_FORMAT_RGBA_8888
03-04 10:03:22.449 I/        ( 4240): Requested context : GLES 2.0
03-04 10:03:22.479 W/chromium( 4240): [WARNING:proxy_service.cc(899)] PAC support disabled because there is no system implementation
03-04 10:03:22.489 W/dalvikvm( 4240): VFY: unable to find class referenced in signature (Landroid/view/inputmethod/CursorAnchorInfo;)
03-04 10:03:22.489 I/dalvikvm( 4240): Could not find method android.view.inputmethod.InputMethodManager.updateCursorAnchorInfo, referenced from method org.chromium.content.browser.input.InputMethodManagerWrapper.updateCursorAnchorInfo
03-04 10:03:22.489 W/dalvikvm( 4240): VFY: unable to resolve virtual method 1368: Landroid/view/inputmethod/InputMethodManager;.updateCursorAnchorInfo (Landroid/view/View;Landroid/view/inputmethod/CursorAnchorInfo;)V
03-04 10:03:22.489 D/dalvikvm( 4240): VFY: replacing opcode 0x6e at 0x000a
03-04 10:03:22.529 E/cutils  (  162): Failed to mkdirat(/Removable/MicroSD): Read-only file system
03-04 10:03:22.529 W/ContextImpl( 4240): Failed to ensure directory: /Removable/MicroSD/Android/data/org.xwalk.webapi_noneservice_tests/cache
03-04 10:03:22.529 W/Vold    (  162): Returning OperationFailed - no handler for errno 30
03-04 10:03:22.539 D/CordovaActivity( 4240): CordovaActivity.createViews()
03-04 10:03:22.539 E/chromium( 4240): [ERROR:unix_domain_server_socket_posix.cc(106)] Not implemented reached in virtual int net::UnixDomainServerSocket::GetLocalAddress(net::IPEndPoint*) const
03-04 10:03:22.539 D/CordovaWebView( 4240): >>> loadUrl(file:///android_asset/www/index.html)
03-04 10:03:22.539 D/PluginManager( 4240): init()
03-04 10:03:22.539 E/cutils  (  162): Failed to mkdirat(/Removable/MicroSD): Read-only file system
03-04 10:03:22.539 W/Vold    (  162): Returning OperationFailed - no handler for errno 30
03-04 10:03:22.549 W/ContextImpl( 4240): Failed to ensure directory: /Removable/MicroSD/Android/data/org.xwalk.webapi_noneservice_tests/files
03-04 10:03:22.549 E/cutils  (  162): Failed to mkdirat(/Removable/MicroSD): Read-only file system
03-04 10:03:22.549 W/ContextImpl( 4240): Failed to ensure directory: /Removable/MicroSD/Android/data/org.xwalk.webapi_noneservice_tests/cache
03-04 10:03:22.549 D/CordovaWebView( 4240): >>> loadUrlNow()
03-04 10:03:22.549 I/dalvikvm( 4240): Could not find method android.app.Activity.finishAndRemoveTask, referenced from method org.chromium.base.ApiCompatibilityUtils.finishAndRemoveTask
03-04 10:03:22.549 W/dalvikvm( 4240): VFY: unable to resolve virtual method 6: Landroid/app/Activity;.finishAndRemoveTask ()V
03-04 10:03:22.549 D/dalvikvm( 4240): VFY: replacing opcode 0x6e at 0x0006
03-04 10:03:22.549 I/dalvikvm( 4240): Could not find method android.os.PowerManager.isInteractive, referenced from method org.chromium.base.ApiCompatibilityUtils.isInteractive
03-04 10:03:22.549 W/dalvikvm( 4240): VFY: unable to resolve virtual method 874: Landroid/os/PowerManager;.isInteractive ()Z
03-04 10:03:22.549 D/dalvikvm( 4240): VFY: replacing opcode 0x6e at 0x000e
03-04 10:03:22.549 I/dalvikvm( 4240): Could not find method android.view.Window.getNavigationBarColor, referenced from method org.chromium.base.ApiCompatibilityUtils.setStatusBarColor
