03-04 10:03:22.549 W/dalvikvm( 4240): VFY: unable to resolve virtual method 1268: Landroid/view/Window;.getNavigationBarColor ()I
03-04 10:03:22.549 D/dalvikvm( 4240): VFY: replacing opcode 0x6e at 0x0010
03-04 10:03:22.549 I/dalvikvm( 4240): Could not find method android.view.Window.setStatusBarColor, referenced from method org.chromium.base.ApiCompatibilityUtils.setStatusBarColor
03-04 10:03:22.549 W/dalvikvm( 4240): VFY: unable to resolve virtual method 1274: Landroid/view/Window;.setStatusBarColor (I)V
03-04 10:03:22.549 D/dalvikvm( 4240): VFY: replacing opcode 0x6e at 0x0019
03-04 10:03:22.549 E/dalvikvm( 4240): Could not find class 'android.app.ActivityManager$TaskDescription', referenced from method org.chromium.base.ApiCompatibilityUtils.setTaskDescription
03-04 10:03:22.549 W/dalvikvm( 4240): VFY: unable to resolve new-instance 13 (Landroid/app/ActivityManager$TaskDescription;) in Lorg/chromium/base/ApiCompatibilityUtils;
03-04 10:03:22.549 D/dalvikvm( 4240): VFY: replacing opcode 0x22 at 0x0006
03-04 10:03:22.549 D/dalvikvm( 4240): DexOpt: unable to opt direct call 0x002f at 0x08 in Lorg/chromium/base/ApiCompatibilityUtils;.setTaskDescription
03-04 10:03:22.549 W/Vold    (  162): Returning OperationFailed - no handler for errno 30
03-04 10:03:22.559 I/chromium( 4240): [INFO:xwalk_extension_renderer_controller.cc(47)] EXTENSION PROCESS DISABLED.
03-04 10:03:22.559 D/CordovaActivity( 4240): Resuming the App
03-04 10:03:22.569 D/SoftKeyboardDetect( 4240): Ignore this event
03-04 10:03:22.589 D/        ( 4240): droid_create_context : config id = 5 conf->NativeVisualID=1
03-04 10:03:22.589 D/        ( 4240): Pixel Format : GGL_PIXEL_FORMAT_RGBA_8888
03-04 10:03:22.589 I/        ( 4240): Requested context : GLES 2.0
03-04 10:03:22.599 D/        ( 4240): Pixel Format : GGL_PIXEL_FORMAT_RGBA_8888
03-04 10:03:22.599 D/        ( 4240): Pixel Format : GGL_PIXEL_FORMAT_RGBA_8888
03-04 10:03:22.599 D/        ( 4240): droid_create_context : config id = 1 conf->NativeVisualID=1
03-04 10:03:22.599 D/        ( 4240): Pixel Format : GGL_PIXEL_FORMAT_RGBA_8888
03-04 10:03:22.599 I/        ( 4240): Requested context : GLES 2.0
03-04 10:03:22.599 D/OpenGLRenderer( 4240): Enabling debug mode 0
03-04 10:03:22.619 D/SoftKeyboardDetect( 4240): Ignore this event
03-04 10:03:22.639 D/XT9IME  (  728): new subtype :en_US ,keyboard
03-04 10:03:22.659 D/CordovaActivity( 4240): onMessage(onPageStarted,file:///android_asset/www/index.html)
03-04 10:03:22.659 W/BindingManager( 4240): Cannot call determinedVisibility() - never saw a connection for the pid: 4240
03-04 10:03:22.669 D/BatteryStatsImpl(  505): noteStopWakeLocked system isFromForeground = false
03-04 10:03:22.669 I/ActivityManager(  505): Displayed org.xwalk.webapi_noneservice_tests/.webapi_noneservice_tests: +724ms
03-04 10:03:22.699 D/CordovaActivity( 4240): onMessage(onPageFinished,file:///android_asset/www/index.html)
03-04 10:03:23.709 D/CordovaActivity( 4240): onMessage(onPageStarted,file:///android_asset/www/index_real.html?testprefix=./)
03-04 10:03:23.779 W/BindingManager( 4240): Cannot call determinedVisibility() - never saw a connection for the pid: 4240
03-04 10:03:23.979 I/chromium( 4240): [INFO:CONSOLE(0)] "Synchronous XMLHttpRequest on the main thread is deprecated because of its detrimental effects to the end user's experience. For more help, check http://xhr.spec.whatwg.org/.", source:  (0)
03-04 10:03:24.069 D/CordovaActivity( 4240): onMessage(onPageFinished,file:///android_asset/www/index_real.html?testprefix=./)
03-04 10:03:24.709 D/CordovaActivity( 4240): onMessage(spinner,stop)
03-04 10:03:24.729 D/        ( 4240): Pixel Format : GGL_PIXEL_FORMAT_RGBA_8888
03-04 10:03:24.729 D/        ( 4240): droid_create_context : config id = 1 conf->NativeVisualID=1
03-04 10:03:24.729 D/        ( 4240): Pixel Format : GGL_PIXEL_FORMAT_RGBA_8888
03-04 10:03:24.729 I/        ( 4240): Requested context : GLES 2.0
03-04 10:03:24.749 D/        ( 4240): Swap interval set to = 1 value
03-04 10:03:24.829 D/        ( 4240): Pixel Format : GGL_PIXEL_FORMAT_RGBA_8888
03-04 10:03:24.829 D/        ( 4240): droid_create_context : config id = 1 conf->NativeVisualID=1
03-04 10:03:24.829 D/        ( 4240): Pixel Format : GGL_PIXEL_FORMAT_RGBA_8888
03-04 10:03:24.829 I/        ( 4240): Requested context : GLES 2.0
03-04 10:03:26.069 D/CordovaActivity( 4240): onMessage(spinner,stop)
03-04 10:03:28.589 D/SendBroadcastHandler( 1709): startTimer() SEND_TO_CONTACTS_INSERT 
03-04 10:03:28.589 I/dalvikvm( 4240): Total arena pages for JIT: 11
03-04 10:03:28.589 I/dalvikvm( 4240): Total arena pages for JIT: 12
03-04 10:03:28.589 I/dalvikvm( 4240): Total arena pages for JIT: 13
03-04 10:03:28.589 I/dalvikvm( 4240): Total arena pages for JIT: 14
03-04 10:03:28.589 I/dalvikvm( 4240): Total arena pages for JIT: 15
03-04 10:03:28.799 D/SendBroadcastHandler( 1709): startTimer() SEND_TO_CONTACTS_WIDGET_DELETE 
03-04 10:03:28.889 I/chromium( 4240): [INFO:CONSOLE(70)] "WARNING: Message from backend doesn't have data.", source:  (70)
03-04 10:03:29.079 W/BindingManager( 4240): Cannot call determinedVisibility() - never saw a connection for the pid: 4240
03-04 10:03:29.119 I/chromium( 4240): [INFO:CONSOLE(70)] "WARNING: Message from backend doesn't have data.", source:  (70)
03-04 10:03:29.729 W/BindingManager( 4240): Cannot call determinedVisibility() - never saw a connection for the pid: 4240
03-04 10:03:29.839 I/chromium( 4240): [INFO:CONSOLE(70)] "WARNING: Message from backend doesn't have data.", source:  (70)
03-04 10:03:30.399 W/BindingManager( 4240): Cannot call determinedVisibility() - never saw a connection for the pid: 4240
03-04 10:03:30.519 I/chromium( 4240): [INFO:CONSOLE(70)] "WARNING: Message from backend doesn't have data.", source:  (70)
03-04 10:03:30.729 I/dalvikvm( 1709): Total arena pages for JIT: 16
03-04 10:03:30.859 V/ActivityManager(  505): Remove bg service from mStartingBackground ,r=ServiceRecord{224b8f10 u0 com.android.providers.calendar/.ContactsEventUpdateIntentService},r used time=51,left r count=1
03-04 10:03:31.079 W/BindingManager( 4240): Cannot call determinedVisibility() - never saw a connection for the pid: 4240
03-04 10:03:31.189 I/chromium( 4240): [INFO:CONSOLE(70)] "WARNING: Message from backend doesn't have data.", source:  (70)
03-04 10:03:31.449 D/dalvikvm( 1709): GC_EXPLICIT freed 928K, 13% free 7885K/8984K, paused 1ms+3ms, total 18ms
03-04 10:03:31.589 D/SendBroadcastHandler( 1709): mTimerTask sendMessage CONTACTS_INSERT 
03-04 10:03:31.589 D/SendBroadcastHandler( 1709): (insert) sendBroadcast mInsertRawContacts:5
03-04 10:03:31.589 D/SendBroadcastHandler( 1709): (insert) sendBroadcast mInsertName:5
03-04 10:03:31.589 D/SendBroadcastHandler( 1709): (insert) sendBroadcast mInsertNameDetail:5
03-04 10:03:31.589 D/SendBroadcastHandler( 1709): sendBroadcast insert to voice agent
03-04 10:03:31.739 W/BindingManager( 4240): Cannot call determinedVisibility() - never saw a connection for the pid: 4240
03-04 10:03:31.799 D/SendBroadcastHandler( 1709): mTimerTask sendMessage CONTACTS_DELETE 
03-04 10:03:31.799 D/AsusContactWigdetSync( 1008): ready to sync contact id = 5
03-04 10:03:31.799 D/SendBroadcastHandler( 1709): sendBroadcast delete to voice agent
03-04 10:03:31.799 D/SendBroadcastHandler( 1709): (Delete) sendBroadcast mDeleteContacts:5
03-04 10:03:31.799 D/SendBroadcastHandler( 1709): (Delete) sendBroadcast mDeleteRawContactsVoice:6
03-04 10:03:31.799 D/SendBroadcastHandler( 1709): sendBroadcast CONTACTS_DELETE
03-04 10:03:31.799 D/AsusContactWigdetSync( 1008): ready to sync widget
03-04 10:03:31.809 D/AsusContactWigdetSync( 2450): ready to sync contact id = 5
03-04 10:03:31.809 D/AsusContactWigdetSync( 2450): ready to sync widget
03-04 10:03:31.809 D/AsusContactWigdetSync( 1008): delete contact_id = 784
03-04 10:03:31.809 D/AsusContactWigdetSync( 1008): delete contact_id = 786
03-04 10:03:31.809 D/AsusContactWigdetSync( 1008): delete contact_id = 787
03-04 10:03:31.809 D/AsusContactWigdetSync( 1008): delete contact_id = 788
03-04 10:03:31.809 D/AsusContactWigdetSync( 1008): delete contact_id = 789
03-04 10:03:31.809 D/AsusContactWigdetSync( 1008): sync isdelete = true
03-04 10:03:31.809 D/AsusContactWigdetSync( 2450): delete contact_id = 784
03-04 10:03:31.809 D/AsusContactWigdetSync( 2450): delete contact_id = 786
03-04 10:03:31.809 D/AsusContactWigdetSync( 2450): delete contact_id = 787
03-04 10:03:31.809 D/AsusContactWigdetSync( 2450): delete contact_id = 788
03-04 10:03:31.809 D/AsusContactWigdetSync( 2450): delete contact_id = 789
03-04 10:03:31.809 D/AsusContactWigdetSync( 2450): sync isdelete = true
03-04 10:03:31.859 I/CalendarProvider2( 1748): Sending notification intent: Intent { act=android.intent.action.PROVIDER_CHANGED dat=content://com.android.calendar }
03-04 10:03:31.859 W/ContentResolver( 1748): Failed to get type for: content://com.android.calendar (Unknown URL content://com.android.calendar)
03-04 10:03:31.859 I/chromium( 4240): [INFO:CONSOLE(70)] "WARNING: Message from backend doesn't have data.", source:  (70)
03-04 10:03:31.859 D/AlertReceiver( 1721): onReceive: a=android.intent.action.PROVIDER_CHANGED Intent { act=android.intent.action.PROVIDER_CHANGED dat=content://com.android.calendar flg=0x10 cmp=com.asus.calendar/com.android.calendar.alerts.AlertReceiver }
03-04 10:03:31.859 V/ActivityManager(  505): Remove bg service from mStartingBackground ,r=ServiceRecord{22474f80 u0 com.android.providers.calendar/.EmptyService},r used time=1004,left r count=2
03-04 10:03:31.869 D/AlertService( 1721): 0 Action = android.intent.action.PROVIDER_CHANGED
03-04 10:03:31.869 D/AlertService( 1721): Beginning updateAlertNotification
03-04 10:03:31.879 D/AlertService( 1721): No fired or scheduled alerts
03-04 10:03:31.889 D/dalvikvm( 4240): GC_CONCURRENT freed 2505K, 26% free 7268K/9816K, paused 1ms+2ms, total 20ms
03-04 10:03:31.909 D/BatteryStatsImpl(  505): noteStopWakeLocked com.asus.calendar isFromForeground = false
03-04 10:03:31.909 V/ActivityManager(  505): Remove bg service from mStartingBackground ,r=ServiceRecord{22474770 u0 com.asus.calendar/com.android.calendar.alerts.AlertService},r used time=41,left r count=2
03-04 10:03:31.919 D/SendBroadcastHandler( 1709): startTimer() SEND_TO_CONTACTS_INSERT 
03-04 10:03:32.159 D/dalvikvm(  505): GC_EXPLICIT freed 1629K, 21% free 15358K/19368K, paused 1ms+3ms, total 40ms
03-04 10:03:32.399 E/ContactJson( 4240): getStringArray(fields): Failed to parse json data: org.json.JSONException: Value givenNames at fields of type java.lang.String cannot be converted to JSONArray
03-04 10:03:32.809 D/AsusContactWigdetSync( 1008): sync start
03-04 10:03:32.809 D/AsusContactWigdetSync( 1008): sync selection = null
03-04 10:03:32.809 D/AsusContactWigdetSync( 1008): sync delete selection = contact_id IN ( 789, 788, 787, 786, 784)
03-04 10:03:32.809 D/AsusContactWigdetSync( 1008): sync stop
03-04 10:03:32.809 D/AsusContactWigdetSync( 2450): sync start
03-04 10:03:32.809 D/AsusContactWigdetSync( 2450): sync selection = null
03-04 10:03:32.809 D/AsusContactWigdetSync( 2450): sync delete selection = contact_id IN ( 789, 788, 787, 786, 784)
03-04 10:03:32.809 D/AsusContactWigdetSync( 2450): sync stop
03-04 10:03:32.809 V/ActivityManager(  505): Remove bg service from mStartingBackground ,r=ServiceRecord{224748f0 u0 com.asus.contacts/com.android.contacts.miniwidget.SyncService},r used time=1005,left r count=1
03-04 10:03:32.809 V/ActivityManager(  505): Remove bg service from mStartingBackground ,r=ServiceRecord{22474830 u0 com.asus.contactswidget/.SyncService},r used time=1004,left r count=0
03-04 10:03:32.869 W/BindingManager( 4240): Cannot call determinedVisibility() - never saw a connection for the pid: 4240
03-04 10:03:32.919 D/SendBroadcastHandler( 1709): startTimer() SEND_TO_CONTACTS_WIDGET_DELETE 
03-04 10:03:33.039 I/chromium( 4240): [INFO:CONSOLE(70)] "WARNING: Message from backend doesn't have data.", source:  (70)
03-04 10:03:33.239 V/ActivityManager(  505): Remove bg service from mStartingBackground ,r=ServiceRecord{220fdc38 u0 com.android.providers.calendar/.ContactsEventUpdateIntentService},r used time=111,left r count=1
03-04 10:03:33.669 D/EVENT_THREAD(  182): void CEventThread::run() POLLIN event on Fd (1)
03-04 10:03:33.669 D/EVENT_THREAD(  182): void CEventThread::run() Do poll with timeout: -1
03-04 10:03:33.999 W/BindingManager( 4240): Cannot call determinedVisibility() - never saw a connection for the pid: 4240
03-04 10:03:34.169 I/chromium( 4240): [INFO:CONSOLE(70)] "WARNING: Message from backend doesn't have data.", source:  (70)
03-04 10:03:34.239 I/CalendarProvider2( 1748): Sending notification intent: Intent { act=android.intent.action.PROVIDER_CHANGED dat=content://com.android.calendar }
03-04 10:03:34.239 W/ContentResolver( 1748): Failed to get type for: content://com.android.calendar (Unknown URL content://com.android.calendar)
03-04 10:03:34.239 D/AlertReceiver( 1721): onReceive: a=android.intent.action.PROVIDER_CHANGED Intent { act=android.intent.action.PROVIDER_CHANGED dat=content://com.android.calendar flg=0x10 cmp=com.asus.calendar/com.android.calendar.alerts.AlertReceiver }
03-04 10:03:34.239 D/AlertService( 1721): 0 Action = android.intent.action.PROVIDER_CHANGED
03-04 10:03:34.239 D/AlertService( 1721): Beginning updateAlertNotification
03-04 10:03:34.239 V/ActivityManager(  505): Remove bg service from mStartingBackground ,r=ServiceRecord{220fa178 u0 com.android.providers.calendar/.EmptyService},r used time=1005,left r count=0
03-04 10:03:34.249 D/AlertService( 1721): No fired or scheduled alerts
03-04 10:03:34.259 V/ActivityManager(  505): Remove bg service from mStartingBackground ,r=ServiceRecord{220f2210 u0 com.asus.calendar/com.android.calendar.alerts.AlertService},r used time=19,left r count=0
03-04 10:03:34.269 D/BatteryStatsImpl(  505): noteStopWakeLocked com.asus.calendar isFromForeground = false
03-04 10:03:34.919 D/SendBroadcastHandler( 1709): mTimerTask sendMessage CONTACTS_INSERT 
03-04 10:03:34.919 D/SendBroadcastHandler( 1709): (insert) sendBroadcast mInsertRawContacts:6
03-04 10:03:34.919 D/SendBroadcastHandler( 1709): (insert) sendBroadcast mInsertName:6
03-04 10:03:34.919 D/SendBroadcastHandler( 1709): (insert) sendBroadcast mInsertNameDetail:6
03-04 10:03:34.919 D/SendBroadcastHandler( 1709): sendBroadcast insert to voice agent
03-04 10:03:35.129 W/BindingManager( 4240): Cannot call determinedVisibility() - never saw a connection for the pid: 4240
03-04 10:03:35.299 I/chromium( 4240): [INFO:CONSOLE(70)] "WARNING: Message from backend doesn't have data.", source:  (70)
03-04 10:03:35.319 D/dalvikvm( 1709): GC_EXPLICIT freed 873K, 13% free 7884K/8984K, paused 0ms+3ms, total 17ms
03-04 10:03:35.369 D/SendBroadcastHandler( 1709): startTimer() SEND_TO_CONTACTS_INSERT 
03-04 10:03:35.849 D/AlarmManager(  505): Triggered Alarm 220388a8 ELAPSED_REALTIME_WAKEUP IntentSender{224423f8: PendingIntentRecord{2240dd78 com.android.providers.calendar broadcastIntent}}
03-04 10:03:35.859 D/BatteryStatsImpl(  505): noteStopWakeLocked system isFromForeground = false
03-04 10:03:35.859 D/AlarmManager(  505): Removed alarm Alarm{2225ecb8 type 0 com.android.providers.calendar} type:RTC_WAKEUP
03-04 10:03:35.869 D/AlarmManager(  505): Added alarm Alarm{22038670 type 2 com.wandoujia.phoenix2} type:ELAPSED_REALTIME_WAKEUP when: After 0h:31m:3.0s
03-04 10:03:35.869 D/AlarmManager(  505): Added alarm Alarm{22038190 type 0 android} type:RTC_WAKEUP when: At 15-3-4 10:30 repeatInterval: 0h:30m:0.0s
03-04 10:03:35.879 D/AlarmManager(  505): Added alarm Alarm{21ff43a8 type 0 com.android.providers.calendar} type:RTC_WAKEUP when: At 15-3-5 8:04
03-04 10:03:35.889 D/BatteryStatsImpl(  505): noteStopWakeLocked com.android.providers.calendar isFromForeground = false
03-04 10:03:35.889 V/ActivityManager(  505): Remove bg service from mStartingBackground ,r=ServiceRecord{2207d1f8 u0 com.android.providers.calendar/.CalendarProviderIntentService},r used time=31,left r count=0
03-04 10:03:35.919 D/SendBroadcastHandler( 1709): mTimerTask sendMessage CONTACTS_DELETE 
03-04 10:03:35.919 D/AsusContactWigdetSync( 1008): ready to sync contact id = 6
03-04 10:03:35.919 D/AsusContactWigdetSync( 1008): ready to sync widget
03-04 10:03:35.919 D/SendBroadcastHandler( 1709): sendBroadcast delete to voice agent
03-04 10:03:35.919 D/SendBroadcastHandler( 1709): (Delete) sendBroadcast mDeleteContacts:6
03-04 10:03:35.919 D/SendBroadcastHandler( 1709): (Delete) sendBroadcast mDeleteRawContactsVoice:6
03-04 10:03:35.919 D/SendBroadcastHandler( 1709): sendBroadcast CONTACTS_DELETE
03-04 10:03:35.919 D/AsusContactWigdetSync( 1008): delete contact_id = 790
03-04 10:03:35.919 D/AsusContactWigdetSync( 1008): delete contact_id = 791
03-04 10:03:35.919 D/AsusContactWigdetSync( 1008): delete contact_id = 792
03-04 10:03:35.919 D/AsusContactWigdetSync( 1008): delete contact_id = 793
03-04 10:03:35.919 D/AsusContactWigdetSync( 1008): delete contact_id = 794
03-04 10:03:35.919 D/AsusContactWigdetSync( 1008): delete contact_id = 795
03-04 10:03:35.919 D/AsusContactWigdetSync( 1008): sync isdelete = true
03-04 10:03:35.919 D/AsusContactWigdetSync( 2450): ready to sync contact id = 6
03-04 10:03:35.919 D/AsusContactWigdetSync( 2450): ready to sync widget
03-04 10:03:35.929 D/AsusContactWigdetSync( 2450): delete contact_id = 790
03-04 10:03:35.929 D/AsusContactWigdetSync( 2450): delete contact_id = 791
03-04 10:03:35.929 D/AsusContactWigdetSync( 2450): delete contact_id = 792
03-04 10:03:35.929 D/AsusContactWigdetSync( 2450): delete contact_id = 793
03-04 10:03:35.929 D/AsusContactWigdetSync( 2450): delete contact_id = 794
03-04 10:03:35.929 D/AsusContactWigdetSync( 2450): delete contact_id = 795
03-04 10:03:35.929 D/AsusContactWigdetSync( 2450): sync isdelete = true
03-04 10:03:36.119 V/ActivityManager(  505): Remove bg service from mStartingBackground ,r=ServiceRecord{221f0270 u0 com.android.providers.calendar/.ContactsEventUpdateIntentService},r used time=70,left r count=3
03-04 10:03:36.269 W/BindingManager( 4240): Cannot call determinedVisibility() - never saw a connection for the pid: 4240
03-04 10:03:36.329 D/SendBroadcastHandler( 1709): startTimer() SEND_TO_CONTACTS_WIDGET_DELETE 
03-04 10:03:36.349 D/EVENT_THREAD(  182): void CEventThread::run() POLLIN event on Fd (1)
03-04 10:03:36.349 D/EVENT_THREAD(  182): void CEventThread::run() Do poll with timeout: -1
03-04 10:03:36.349 D/EVENT_THREAD(  182): void CEventThread::run() POLLIN event on Fd (1)
03-04 10:03:36.349 D/EVENT_THREAD(  182): void CEventThread::run() Do poll with timeout: -1
03-04 10:03:36.349 I/upi_ug31xx(  165): (136) update_capacity
03-04 10:03:36.349 I/[UPI]   (  165): <UG31/E>[UpiReadCapacity]: V=3838(3832), T=342(345-397), I=-413, C=-2(-2-0)
03-04 10:03:36.349 I/[UPI]   (  165): <UG31/E>[UpiReadCapacity]: (0x0001254a) 1978 (2018) / 3602 (4029) = 55
03-04 10:03:36.349 I/[UPI]   (  165): <UG31/E>[UpiReadCapacity]: (0x0001254a) 1978 (2018) / 3602 (4029) = 55
03-04 10:03:36.349 I/[UPI]   (  165): <UG31/E>[UpiReadCapacity]: (0x0001254a) 1976 (1976) / 3602 (4029) = 55
03-04 10:03:36.349 I/[UPI]   (  165): <UG31/E>[RsocFilterCountTime]: (0x0001254a) Step=6(363900), Full=6(363900), Lock=363900(1800000)
03-04 10:03:36.349 I/[UPI]   (  165): <UG31/E>[UpiReadCapacity]: (0x0001254a) 1976 (1976) / 3602 (4029) = 55 (-413--413)
03-04 10:03:36.349 I/[UPI]   (  165): <UG31/E><BATT> M:normal, P:55(55-55)%, V:3830mV, C:-413mA, T:34.5C(397), S:0x0001254a(000), R:1976mAh, F:3602mAh, Q:-108mAh, CC:4, P:30.300(108-0)s, BO:7, 97:615:0-44af-9m:B001-20140514-144301 (16)
03-04 10:03:36.349 I/upi_ug31xx(  165): (137) backup_data 
03-04 10:03:36.349 V/upi_ug31xx(  165): state->check_backup_count = 10
03-04 10:03:36.509 I/chromium( 4240): [INFO:CONSOLE(70)] "WARNING: Message from backend doesn't have data.", source:  (70)
03-04 10:03:36.919 D/AsusContactWigdetSync( 1008): sync start
03-04 10:03:36.919 D/AsusContactWigdetSync( 1008): sync selection = null
03-04 10:03:36.919 D/AsusContactWigdetSync( 1008): sync delete selection = contact_id IN ( 791, 790, 795, 794, 793, 792)
03-04 10:03:36.929 D/AsusContactWigdetSync( 1008): sync stop
03-04 10:03:36.929 D/AsusContactWigdetSync( 2450): sync start
03-04 10:03:36.929 D/AsusContactWigdetSync( 2450): sync selection = null
03-04 10:03:36.929 D/AsusContactWigdetSync( 2450): sync delete selection = contact_id IN ( 791, 790, 795, 794, 793, 792)
03-04 10:03:36.929 D/AsusContactWigdetSync( 2450): sync stop
03-04 10:03:36.929 V/ActivityManager(  505): Remove bg service from mStartingBackground ,r=ServiceRecord{22230118 u0 com.asus.contacts/com.android.contacts.miniwidget.SyncService},r used time=1005,left r count=2
03-04 10:03:36.929 V/ActivityManager(  505): Remove bg service from mStartingBackground ,r=ServiceRecord{221f2028 u0 com.asus.contactswidget/.SyncService},r used time=1004,left r count=1
03-04 10:03:36.989 D/dalvikvm(  505): GC_EXPLICIT freed 149K, 22% free 15290K/19368K, paused 1ms+3ms, total 39ms
03-04 10:03:37.119 I/CalendarProvider2( 1748): Sending notification intent: Intent { act=android.intent.action.PROVIDER_CHANGED dat=content://com.android.calendar }
03-04 10:03:37.119 W/ContentResolver( 1748): Failed to get type for: content://com.android.calendar (Unknown URL content://com.android.calendar)
03-04 10:03:37.119 D/AlertReceiver( 1721): onReceive: a=android.intent.action.PROVIDER_CHANGED Intent { act=android.intent.action.PROVIDER_CHANGED dat=content://com.android.calendar flg=0x10 cmp=com.asus.calendar/com.android.calendar.alerts.AlertReceiver }
03-04 10:03:37.119 V/ActivityManager(  505): Remove bg service from mStartingBackground ,r=ServiceRecord{22155fc8 u0 com.android.providers.calendar/.EmptyService},r used time=1004,left r count=0
03-04 10:03:37.129 D/AlertService( 1721): 0 Action = android.intent.action.PROVIDER_CHANGED
03-04 10:03:37.129 D/AlertService( 1721): Beginning updateAlertNotification
03-04 10:03:37.139 D/AlertService( 1721): No fired or scheduled alerts
03-04 10:03:37.139 V/ActivityManager(  505): Remove bg service from mStartingBackground ,r=ServiceRecord{221d44b8 u0 com.asus.calendar/com.android.calendar.alerts.AlertService},r used time=21,left r count=0
03-04 10:03:37.149 D/BatteryStatsImpl(  505): noteStopWakeLocked com.asus.calendar isFromForeground = false
03-04 10:03:37.459 W/BindingManager( 4240): Cannot call determinedVisibility() - never saw a connection for the pid: 4240
03-04 10:03:37.629 I/chromium( 4240): [INFO:CONSOLE(70)] "WARNING: Message from backend doesn't have data.", source:  (70)
03-04 10:03:37.869 E/Contacts( 4240): org.json.JSONException: No value for contactId
03-04 10:03:38.369 D/SendBroadcastHandler( 1709): mTimerTask sendMessage CONTACTS_INSERT 
03-04 10:03:38.369 D/SendBroadcastHandler( 1709): (insert) sendBroadcast mInsertRawContacts:5
03-04 10:03:38.369 D/SendBroadcastHandler( 1709): (insert) sendBroadcast mInsertName:5
03-04 10:03:38.369 D/SendBroadcastHandler( 1709): (insert) sendBroadcast mInsertNameDetail:5
03-04 10:03:38.369 D/SendBroadcastHandler( 1709): sendBroadcast insert to voice agent
03-04 10:03:38.399 V/ActivityManager(  505): Remove bg service from mStartingBackground ,r=ServiceRecord{221b8328 u0 com.android.providers.calendar/.ContactsEventUpdateIntentService},r used time=60,left r count=1
03-04 10:03:39.339 D/SendBroadcastHandler( 1709): mTimerTask sendMessage CONTACTS_DELETE 
03-04 10:03:39.339 D/SendBroadcastHandler( 1709): sendBroadcast delete to voice agent
03-04 10:03:39.339 D/SendBroadcastHandler( 1709): (Delete) sendBroadcast mDeleteContacts:4
03-04 10:03:39.339 D/AsusContactWigdetSync( 1008): ready to sync contact id = 4
03-04 10:03:39.339 D/SendBroadcastHandler( 1709): (Delete) sendBroadcast mDeleteRawContactsVoice:4
03-04 10:03:39.339 D/AsusContactWigdetSync( 1008): ready to sync widget
03-04 10:03:39.339 D/SendBroadcastHandler( 1709): sendBroadcast CONTACTS_DELETE
03-04 10:03:39.349 D/AsusContactWigdetSync( 2450): ready to sync contact id = 4
03-04 10:03:39.349 D/AsusContactWigdetSync( 2450): ready to sync widget
03-04 10:03:39.349 D/AsusContactWigdetSync( 1008): delete contact_id = 796
03-04 10:03:39.349 D/AsusContactWigdetSync( 1008): delete contact_id = 797
03-04 10:03:39.349 D/AsusContactWigdetSync( 1008): delete contact_id = 798
03-04 10:03:39.349 D/AsusContactWigdetSync( 1008): delete contact_id = 799
03-04 10:03:39.349 D/AsusContactWigdetSync( 1008): sync isdelete = true
03-04 10:03:39.349 D/AsusContactWigdetSync( 2450): delete contact_id = 796
03-04 10:03:39.349 D/AsusContactWigdetSync( 2450): delete contact_id = 797
03-04 10:03:39.349 D/AsusContactWigdetSync( 2450): delete contact_id = 798
03-04 10:03:39.349 D/AsusContactWigdetSync( 2450): delete contact_id = 799
03-04 10:03:39.349 D/AsusContactWigdetSync( 2450): sync isdelete = true
03-04 10:03:39.399 I/CalendarProvider2( 1748): Sending notification intent: Intent { act=android.intent.action.PROVIDER_CHANGED dat=content://com.android.calendar }
03-04 10:03:39.399 W/ContentResolver( 1748): Failed to get type for: content://com.android.calendar (Unknown URL content://com.android.calendar)
03-04 10:03:39.399 D/AlertReceiver( 1721): onReceive: a=android.intent.action.PROVIDER_CHANGED Intent { act=android.intent.action.PROVIDER_CHANGED dat=content://com.android.calendar flg=0x10 cmp=com.asus.calendar/com.android.calendar.alerts.AlertReceiver }
03-04 10:03:39.399 V/ActivityManager(  505): Remove bg service from mStartingBackground ,r=ServiceRecord{221184d8 u0 com.android.providers.calendar/.EmptyService},r used time=1007,left r count=2
03-04 10:03:39.409 D/AlertService( 1721): 0 Action = android.intent.action.PROVIDER_CHANGED
03-04 10:03:39.409 D/AlertService( 1721): Beginning updateAlertNotification
03-04 10:03:39.439 D/AlertService( 1721): No fired or scheduled alerts
03-04 10:03:39.449 D/BatteryStatsImpl(  505): noteStopWakeLocked com.asus.calendar isFromForeground = false
03-04 10:03:39.449 V/ActivityManager(  505): Remove bg service from mStartingBackground ,r=ServiceRecord{22096038 u0 com.asus.calendar/com.android.calendar.alerts.AlertService},r used time=41,left r count=2
03-04 10:03:40.349 D/AsusContactWigdetSync( 1008): sync start
03-04 10:03:40.349 D/AsusContactWigdetSync( 1008): sync selection = null
03-04 10:03:40.349 D/AsusContactWigdetSync( 1008): sync delete selection = contact_id IN ( 799, 798, 797, 796)
03-04 10:03:40.359 D/AsusContactWigdetSync( 2450): sync start
03-04 10:03:40.359 D/AsusContactWigdetSync( 2450): sync selection = null
03-04 10:03:40.359 D/AsusContactWigdetSync( 2450): sync delete selection = contact_id IN ( 799, 798, 797, 796)
03-04 10:03:40.359 D/AsusContactWigdetSync( 1008): sync stop
03-04 10:03:40.359 D/AsusContactWigdetSync( 2450): sync stop
03-04 10:03:40.359 V/ActivityManager(  505): Remove bg service from mStartingBackground ,r=ServiceRecord{220f8970 u0 com.asus.contacts/com.android.contacts.miniwidget.SyncService},r used time=1018,left r count=1
03-04 10:03:40.369 V/ActivityManager(  505): Remove bg service from mStartingBackground ,r=ServiceRecord{220f7a00 u0 com.asus.contactswidget/.SyncService},r used time=1016,left r count=0
03-04 10:03:40.659 W/BindingManager( 4240): Cannot call determinedVisibility() - never saw a connection for the pid: 4240
03-04 10:03:40.719 D/dalvikvm( 4240): GC_EXPLICIT freed 3005K, 35% free 7180K/10888K, paused 1ms+2ms, total 23ms
03-04 10:03:40.729 D/SendBroadcastHandler( 1709): startTimer() SEND_TO_CONTACTS_WIDGET_DELETE 
03-04 10:03:40.839 I/chromium( 4240): [INFO:CONSOLE(70)] "WARNING: Message from backend doesn't have data.", source:  (70)
03-04 10:03:40.899 D/SendBroadcastHandler( 1709): startTimer() SEND_TO_CONTACTS_INSERT 
03-04 10:03:41.109 D/BatteryStatsImpl(  505): noteStopWakeLocked system isFromForeground = false
03-04 10:03:41.109 D/AlarmManager(  505): Triggered Alarm 21fd7d08 ELAPSED_REALTIME_WAKEUP IntentSender{224423f8: PendingIntentRecord{2235cf18 com.android.providers.calendar broadcastIntent}}
03-04 10:03:41.119 D/AlarmManager(  505): Removed alarm Alarm{21ff43a8 type 0 com.android.providers.calendar} type:RTC_WAKEUP
03-04 10:03:41.119 D/AlarmManager(  505): Added alarm Alarm{2205c2c0 type 2 com.wandoujia.phoenix2} type:ELAPSED_REALTIME_WAKEUP when: After 0h:30m:58.0s
03-04 10:03:41.119 D/AlarmManager(  505): Added alarm Alarm{2205c260 type 0 android} type:RTC_WAKEUP when: At 15-3-4 10:30 repeatInterval: 0h:30m:0.0s
03-04 10:03:41.139 D/BatteryStatsImpl(  505): noteStopWakeLocked com.android.providers.calendar isFromForeground = false
03-04 10:03:41.139 D/AlarmManager(  505): Added alarm Alarm{21fda550 type 0 com.android.providers.calendar} type:RTC_WAKEUP when: At 15-3-5 8:04
03-04 10:03:41.139 V/ActivityManager(  505): Remove bg service from mStartingBackground ,r=ServiceRecord{2206c138 u0 com.android.providers.calendar/.CalendarProviderIntentService},r used time=26,left r count=0
03-04 10:03:41.309 W/BindingManager( 4240): Cannot call determinedVisibility() - never saw a connection for the pid: 4240
03-04 10:03:41.439 I/chromium( 4240): [INFO:CONSOLE(70)] "WARNING: Message from backend doesn't have data.", source:  (70)
03-04 10:03:41.709 D/dalvikvm( 1709): GC_EXPLICIT freed 847K, 13% free 7887K/8984K, paused 1ms+3ms, total 18ms
03-04 10:03:41.929 W/BindingManager( 4240): Cannot call determinedVisibility() - never saw a connection for the pid: 4240
03-04 10:03:42.049 I/chromium( 4240): [INFO:CONSOLE(70)] "WARNING: Message from backend doesn't have data.", source:  (70)
03-04 10:03:42.589 W/BindingManager( 4240): Cannot call determinedVisibility() - never saw a connection for the pid: 4240
03-04 10:03:42.699 I/chromium( 4240): [INFO:CONSOLE(70)] "WARNING: Message from backend doesn't have data.", source:  (70)
03-04 10:03:42.939 V/ActivityManager(  505): Remove bg service from mStartingBackground ,r=ServiceRecord{22053f88 u0 com.android.providers.calendar/.ContactsEventUpdateIntentService},r used time=199,left r count=1
03-04 10:03:43.259 W/BindingManager( 4240): Cannot call determinedVisibility() - never saw a connection for the pid: 4240
03-04 10:03:43.379 I/chromium( 4240): [INFO:CONSOLE(70)] "WARNING: Message from backend doesn't have data.", source:  (70)
03-04 10:03:43.729 D/SendBroadcastHandler( 1709): mTimerTask sendMessage CONTACTS_DELETE 
03-04 10:03:43.739 D/SendBroadcastHandler( 1709): sendBroadcast delete to voice agent
03-04 10:03:43.739 D/SendBroadcastHandler( 1709): (Delete) sendBroadcast mDeleteContacts:5
03-04 10:03:43.739 D/SendBroadcastHandler( 1709): (Delete) sendBroadcast mDeleteRawContactsVoice:5
03-04 10:03:43.739 D/SendBroadcastHandler( 1709): sendBroadcast CONTACTS_DELETE
03-04 10:03:43.739 D/AsusContactWigdetSync( 1008): ready to sync contact id = 5
03-04 10:03:43.739 D/AsusContactWigdetSync( 1008): ready to sync widget
03-04 10:03:43.739 D/AsusContactWigdetSync( 1008): delete contact_id = 800
03-04 10:03:43.739 D/AsusContactWigdetSync( 1008): delete contact_id = 801
03-04 10:03:43.739 D/AsusContactWigdetSync( 1008): delete contact_id = 802
03-04 10:03:43.739 D/AsusContactWigdetSync( 1008): delete contact_id = 803
03-04 10:03:43.739 D/AsusContactWigdetSync( 1008): delete contact_id = 804
03-04 10:03:43.739 D/AsusContactWigdetSync( 1008): sync isdelete = true
03-04 10:03:43.739 D/AsusContactWigdetSync( 2450): ready to sync contact id = 5
03-04 10:03:43.739 D/AsusContactWigdetSync( 2450): ready to sync widget
03-04 10:03:43.739 D/AsusContactWigdetSync( 2450): delete contact_id = 800
03-04 10:03:43.739 D/AsusContactWigdetSync( 2450): delete contact_id = 801
03-04 10:03:43.739 D/AsusContactWigdetSync( 2450): delete contact_id = 802
03-04 10:03:43.739 D/AsusContactWigdetSync( 2450): delete contact_id = 803
03-04 10:03:43.739 D/AsusContactWigdetSync( 2450): delete contact_id = 804
03-04 10:03:43.739 D/AsusContactWigdetSync( 2450): sync isdelete = true
03-04 10:03:43.899 D/SendBroadcastHandler( 1709): mTimerTask sendMessage CONTACTS_INSERT 
03-04 10:03:43.899 D/SendBroadcastHandler( 1709): (insert) sendBroadcast mInsertRawContacts:5
03-04 10:03:43.899 D/SendBroadcastHandler( 1709): (insert) sendBroadcast mInsertName:5
03-04 10:03:43.899 D/SendBroadcastHandler( 1709): (insert) sendBroadcast mInsertNameDetail:5
03-04 10:03:43.899 D/SendBroadcastHandler( 1709): sendBroadcast insert to voice agent
03-04 10:03:43.939 W/BindingManager( 4240): Cannot call determinedVisibility() - never saw a connection for the pid: 4240
03-04 10:03:43.939 I/CalendarProvider2( 1748): Sending notification intent: Intent { act=android.intent.action.PROVIDER_CHANGED dat=content://com.android.calendar }
03-04 10:03:43.939 W/ContentResolver( 1748): Failed to get type for: content://com.android.calendar (Unknown URL content://com.android.calendar)
03-04 10:03:43.939 D/AlertReceiver( 1721): onReceive: a=android.intent.action.PROVIDER_CHANGED Intent { act=android.intent.action.PROVIDER_CHANGED dat=content://com.android.calendar flg=0x10 cmp=com.asus.calendar/com.android.calendar.alerts.AlertReceiver }
03-04 10:03:43.939 V/ActivityManager(  505): Remove bg service from mStartingBackground ,r=ServiceRecord{22052e08 u0 com.android.providers.calendar/.EmptyService},r used time=1003,left r count=2
03-04 10:03:43.949 D/AlertService( 1721): 0 Action = android.intent.action.PROVIDER_CHANGED
03-04 10:03:43.949 D/AlertService( 1721): Beginning updateAlertNotification
03-04 10:03:43.959 D/AlertService( 1721): No fired or scheduled alerts
03-04 10:03:43.959 V/ActivityManager(  505): Remove bg service from mStartingBackground ,r=ServiceRecord{22018d38 u0 com.asus.calendar/com.android.calendar.alerts.AlertService},r used time=22,left r count=2
03-04 10:03:43.969 D/BatteryStatsImpl(  505): noteStopWakeLocked com.asus.calendar isFromForeground = false
03-04 10:03:43.979 D/SendBroadcastHandler( 1709): startTimer() SEND_TO_CONTACTS_WIDGET_DELETE 
03-04 10:03:44.049 I/chromium( 4240): [INFO:CONSOLE(70)] "WARNING: Message from backend doesn't have data.", source:  (70)
03-04 10:03:44.099 D/SendBroadcastHandler( 1709): startTimer() SEND_TO_CONTACTS_INSERT 
03-04 10:03:44.549 W/BindingManager( 4240): Cannot call determinedVisibility() - never saw a connection for the pid: 4240
03-04 10:03:44.659 I/chromium( 4240): [INFO:CONSOLE(70)] "WARNING: Message from backend doesn't have data.", source:  (70)
03-04 10:03:44.739 D/AsusContactWigdetSync( 1008): sync start
03-04 10:03:44.739 D/AsusContactWigdetSync( 1008): sync selection = null
03-04 10:03:44.739 D/AsusContactWigdetSync( 1008): sync delete selection = contact_id IN ( 804, 800, 801, 802, 803)
03-04 10:03:44.739 D/AsusContactWigdetSync( 1008): sync stop
03-04 10:03:44.739 D/AsusContactWigdetSync( 2450): sync start
03-04 10:03:44.739 D/AsusContactWigdetSync( 2450): sync selection = null
03-04 10:03:44.739 D/AsusContactWigdetSync( 2450): sync delete selection = contact_id IN ( 804, 800, 801, 802, 803)
03-04 10:03:44.739 V/ActivityManager(  505): Remove bg service from mStartingBackground ,r=ServiceRecord{22049348 u0 com.asus.contacts/com.android.contacts.miniwidget.SyncService},r used time=1004,left r count=1
03-04 10:03:44.749 D/AsusContactWigdetSync( 2450): sync stop
03-04 10:03:44.749 V/ActivityManager(  505): Remove bg service from mStartingBackground ,r=ServiceRecord{22025f10 u0 com.asus.contactswidget/.SyncService},r used time=1004,left r count=0
03-04 10:03:45.009 D/wpa_supplicant(  694): wlan0: Starting AP scan for wildcard SSID
03-04 10:03:45.009 D/wpa_supplicant(  694): WPS: Building WPS IE for Probe Request
03-04 10:03:45.009 D/wpa_supplicant(  694): WPS:  * Version (hardcoded 0x10)
03-04 10:03:45.009 D/wpa_supplicant(  694): WPS:  * Request Type
03-04 10:03:45.009 D/wpa_supplicant(  694): WPS:  * Config Methods (4288)
03-04 10:03:45.009 D/wpa_supplicant(  694): WPS:  * UUID-E
03-04 10:03:45.009 D/wpa_supplicant(  694): WPS:  * Primary Device Type
03-04 10:03:45.009 D/wpa_supplicant(  694): WPS:  * RF Bands (1)
03-04 10:03:45.009 D/wpa_supplicant(  694): WPS:  * Association State
03-04 10:03:45.009 D/wpa_supplicant(  694): WPS:  * Configuration Error (0)
03-04 10:03:45.009 D/wpa_supplicant(  694): WPS:  * Device Password ID (0)
03-04 10:03:45.009 D/wpa_supplicant(  694): WPS:  * Manufacturer
03-04 10:03:45.009 D/wpa_supplicant(  694): WPS:  * Model Name
03-04 10:03:45.009 D/wpa_supplicant(  694): WPS:  * Model Number
03-04 10:03:45.009 D/wpa_supplicant(  694): WPS:  * Device Name
03-04 10:03:45.009 D/wpa_supplicant(  694): WPS:  * Version2 (0x20)
03-04 10:03:45.009 D/wpa_supplicant(  694): P2P: * P2P IE header
03-04 10:03:45.009 D/wpa_supplicant(  694): P2P: * Capability dev=25 group=00
03-04 10:03:45.009 D/wpa_supplicant(  694): P2P: * Listen Channel: Regulatory Class 81 Channel 6
03-04 10:03:45.009 D/wpa_supplicant(  694): wlan0: nl80211: scan request
03-04 10:03:45.119 D/wpa_supplicant(  694): Scan requested (ret=0) - scan timeout 30 seconds
03-04 10:03:45.119 D/wpa_supplicant(  694): nl80211: Drv Event 33 (NL80211_CMD_TRIGGER_SCAN) received for wlan0
03-04 10:03:45.119 D/wpa_supplicant(  694): wlan0: nl80211: Scan trigger
03-04 10:03:45.209 W/BindingManager( 4240): Cannot call determinedVisibility() - never saw a connection for the pid: 4240
03-04 10:03:45.349 I/chromium( 4240): [INFO:CONSOLE(70)] "WARNING: Message from backend doesn't have data.", source:  (70)
03-04 10:03:45.399 D/dalvikvm(  505): GC_EXPLICIT freed 97K, 22% free 15289K/19368K, paused 1ms+4ms, total 38ms
03-04 10:03:45.439 V/ActivityManager(  505): Remove bg service from mStartingBackground ,r=ServiceRecord{21f80738 u0 com.android.providers.calendar/.ContactsEventUpdateIntentService},r used time=125,left r count=1
03-04 10:03:45.819 W/BindingManager( 4240): Cannot call determinedVisibility() - never saw a connection for the pid: 4240
03-04 10:03:45.969 I/chromium( 4240): [INFO:CONSOLE(70)] "WARNING: Message from backend doesn't have data.", source:  (70)
03-04 10:03:46.239 D/wpa_supplicant(  694): RTM_NEWLINK: operstate=0 ifi_flags=0x11003 ([UP][LOWER_UP])
03-04 10:03:46.239 D/wpa_supplicant(  694): RTM_NEWLINK, IFLA_IFNAME: Interface 'wlan0' added
03-04 10:03:46.239 D/wpa_supplicant(  694): nl80211: if_removed already cleared - ignore event
03-04 10:03:46.239 D/wpa_supplicant(  694): nl80211: Drv Event 34 (NL80211_CMD_NEW_SCAN_RESULTS) received for wlan0
03-04 10:03:46.239 D/wpa_supplicant(  694): wlan0: nl80211: New scan results available
03-04 10:03:46.239 D/wpa_supplicant(  694): wlan0: Event SCAN_RESULTS (3) received
03-04 10:03:46.239 D/wpa_supplicant(  694): nl80211: Received scan results (14 BSSes)
03-04 10:03:46.239 D/wpa_supplicant(  694): nl80211: Survey data missing
03-04 10:03:46.239 D/wpa_supplicant(  694): wlan0: BSS: Start scan result update 47
03-04 10:03:46.239 D/wpa_supplicant(  694): BSS: last_scan_res_used=13/32 last_scan_full=0
03-04 10:03:46.239 D/wpa_supplicant(  694): wlan0: New scan results available
03-04 10:03:46.239 D/wpa_supplicant(  694): CTRL_IFACE monitor send - hexdump(len=39): 2f 64 61 74 61 2f 6d 69 73 63 2f 77 69 66 69 2f 73 6f 63 6b 65 74 73 2f 77 70 61 5f 63 74 72 6c ...
03-04 10:03:46.239 D/wpa_supplicant(  694): CTRL_IFACE monitor send - hexdump(len=39): 2f 64 61 74 61 2f 6d 69 73 63 2f 77 69 66 69 2f 73 6f 63 6b 65 74 73 2f 77 70 61 5f 63 74 72 6c ...
03-04 10:03:46.239 D/wpa_supplicant(  694): Authorize channel 1
03-04 10:03:46.239 D/wpa_supplicant(  694): Authorize channel 2
03-04 10:03:46.239 D/wpa_supplicant(  694): Authorize channel 3
03-04 10:03:46.239 D/wpa_supplicant(  694): Authorize channel 4
03-04 10:03:46.239 D/wpa_supplicant(  694): Authorize channel 5
03-04 10:03:46.239 D/wpa_supplicant(  694): Authorize channel 6
03-04 10:03:46.239 D/wpa_supplicant(  694): Authorize channel 7
03-04 10:03:46.239 D/wpa_supplicant(  694): Authorize channel 8
03-04 10:03:46.239 D/wpa_supplicant(  694): Authorize channel 9
03-04 10:03:46.239 D/wpa_supplicant(  694): Authorize channel 10
03-04 10:03:46.239 D/wpa_supplicant(  694): Authorize channel 11
03-04 10:03:46.239 D/wpa_supplicant(  694): Authorize channel 12
03-04 10:03:46.239 D/wpa_supplicant(  694): Authorize channel 13
03-04 10:03:46.239 D/wpa_supplicant(  694): Authorize channel 1
03-04 10:03:46.239 D/wpa_supplicant(  694): Authorize channel 2
03-04 10:03:46.239 D/wpa_supplicant(  694): Authorize channel 3
03-04 10:03:46.239 D/wpa_supplicant(  694): Authorize channel 4
03-04 10:03:46.239 D/wpa_supplicant(  694): Authorize channel 5
03-04 10:03:46.239 D/wpa_supplicant(  694): Authorize channel 6
03-04 10:03:46.239 D/wpa_supplicant(  694): Authorize channel 7
03-04 10:03:46.239 D/wpa_supplicant(  694): Authorize channel 8
03-04 10:03:46.239 D/wpa_supplicant(  694): Authorize channel 9
03-04 10:03:46.239 D/wpa_supplicant(  694): Authorize channel 10
03-04 10:03:46.239 D/wpa_supplicant(  694): Authorize channel 11
03-04 10:03:46.239 D/wpa_supplicant(  694): Authorize channel 12
03-04 10:03:46.239 D/wpa_supplicant(  694): Authorize channel 13
03-04 10:03:46.239 D/wpa_supplicant(  694): Add access point on channel 11
03-04 10:03:46.239 D/wpa_supplicant(  694): Add access point on channel 6
03-04 10:03:46.239 D/wpa_supplicant(  694): Add access point on channel 6
03-04 10:03:46.239 D/wpa_supplicant(  694): Add access point on channel 1
03-04 10:03:46.239 D/wpa_supplicant(  694): Add access point on channel 11
03-04 10:03:46.239 D/wpa_supplicant(  694): Add access point on channel 1
03-04 10:03:46.239 D/wpa_supplicant(  694): Add access point on channel 11
03-04 10:03:46.239 D/wpa_supplicant(  694): Add access point on channel 11
03-04 10:03:46.239 D/wpa_supplicant(  694): Add access point on channel 7
03-04 10:03:46.239 D/wpa_supplicant(  694): Add access point on channel 6
03-04 10:03:46.239 D/wpa_supplicant(  694): Add access point on channel 6
03-04 10:03:46.239 D/wpa_supplicant(  694): Add access point on channel 6
03-04 10:03:46.239 D/wpa_supplicant(  694): Add access point on channel 6
03-04 10:03:46.239 D/wpa_supplicant(  694): Add access point on channel 8
03-04 10:03:46.239 D/wpa_supplicant(  694): Add access point on channel 6
03-04 10:03:46.239 D/wpa_supplicant(  694): Add access point on channel 11
03-04 10:03:46.239 D/wpa_supplicant(  694): Add access point on channel 9
03-04 10:03:46.239 D/wpa_supplicant(  694): Add access point on channel 6
03-04 10:03:46.239 D/wpa_supplicant(  694): Add access point on channel 13
03-04 10:03:46.239 D/wpa_supplicant(  694): Add access point on channel 6
03-04 10:03:46.239 D/wpa_supplicant(  694): Add access point on channel 1
03-04 10:03:46.239 D/wpa_supplicant(  694): Best Operating channel is = 1
03-04 10:03:46.239 D/wpa_supplicant(  694): WPS: AP[0] 10:c3:7b:d2:e5:e0 type=0 tries=0 last_attempt=-1 sec ago blacklist=0
03-04 10:03:46.239 D/wpa_supplicant(  694): WPS: AP[1] f8:d1:11:e7:99:e8 type=0 tries=0 last_attempt=-1 sec ago blacklist=0
03-04 10:03:46.239 D/wpa_supplicant(  694): WPS: AP[2] c8:d7:19:60:62:f2 type=0 tries=0 last_attempt=-1 sec ago blacklist=0
03-04 10:03:46.239 D/wpa_supplicant(  694): WPS: AP[3] 7a:ff:57:00:13:8e type=0 tries=0 last_attempt=-1 sec ago blacklist=0
03-04 10:03:46.239 D/wpa_supplicant(  694): WPS: AP[4] cc:34:29:2c:fb:ec type=0 tries=0 last_attempt=-1 sec ago blacklist=0
03-04 10:03:46.239 D/wpa_supplicant(  694): WPS: AP[5] cc:34:29:2b:26:4c type=0 tries=0 last_attempt=-1 sec ago blacklist=0
03-04 10:03:46.239 D/wpa_supplicant(  694): WPS: AP[6] 98:fc:11:81:35:fb type=0 tries=0 last_attempt=-1 sec ago blacklist=0
03-04 10:03:46.239 D/wpa_supplicant(  694): WPS: AP[7] c0:a0:bb:20:3b:84 type=0 tries=0 last_attempt=-1 sec ago blacklist=0
03-04 10:03:46.239 D/wpa_supplicant(  694): WPS: AP[8] c0:c1:c0:76:81:3c type=0 tries=0 last_attempt=-1 sec ago blacklist=0
03-04 10:03:46.239 D/wpa_supplicant(  694): WPS: AP[9] b0:48:7a:51:ff:cc type=0 tries=0 last_attempt=-1 sec ago blacklist=0
03-04 10:03:46.239 D/wpa_supplicant(  694): WPS: AP[10] 14:d6:4d:28:ef:c8 type=0 tries=0 last_attempt=-1 sec ago blacklist=0
03-04 10:03:46.239 D/wpa_supplicant(  694): WPS: AP[11] e4:d3:32:36:2e:54 type=0 tries=0 last_attempt=-1 sec ago blacklist=0
03-04 10:03:46.239 D/wpa_supplicant(  694): WPS: AP[12] 02:09:4c:51:a8:28 type=0 tries=0 last_attempt=-1 sec ago blacklist=0
03-04 10:03:46.239 D/wpa_supplicant(  694): WPS: AP[13] 02:09:4c:51:28:28 type=0 tries=0 last_attempt=-1 sec ago blacklist=0
03-04 10:03:46.239 D/wpa_supplicant(  694): WPS: AP[14] 10:9f:a9:dc:b1:fc type=0 tries=0 last_attempt=-1 sec ago blacklist=0
03-04 10:03:46.239 D/wpa_supplicant(  694): WPS: AP[15] 2c:b0:5d:7f:f4:24 type=0 tries=0 last_attempt=-1 sec ago blacklist=0
03-04 10:03:46.239 D/wpa_supplicant(  694): wlan0: Selecting BSS from priority group 20
03-04 10:03:46.239 D/wpa_supplicant(  694): wlan0: 0: f8:d1:11:e7:99:e8 ssid='videotest' wpa_ie_len=22 rsn_ie_len=20 caps=0x531 level=-50 wps
03-04 10:03:46.239 D/wpa_supplicant(  694): wlan0:    skip - SSID mismatch
03-04 10:03:46.239 D/wpa_supplicant(  694): wlan0: 1: 10:c3:7b:d2:e5:e0 ssid='ASUS_RT-AC66U-2.4G' wpa_ie_len=0 rsn_ie_len=20 caps=0x411 level=-55 wps
03-04 10:03:46.239 D/wpa_supplicant(  694): wlan0:    skip - SSID mismatch
03-04 10:03:46.239 D/wpa_supplicant(  694): wlan0: 2: cc:34:29:2b:26:4c ssid='cws-test' wpa_ie_len=0 rsn_ie_len=20 caps=0x431 level=-55 wps
03-04 10:03:46.239 D/wpa_supplicant(  694): wlan0:    skip - SSID mismatch
03-04 10:03:46.239 D/wpa_supplicant(  694): wlan0: 3: 90:94:e4:03:45:f5 ssid='DAP-2553_D' wpa_ie_len=0 rsn_ie_len=24 caps=0x431 level=-56
03-04 10:03:46.239 D/wpa_supplicant(  694): wlan0:    skip - SSID mismatch
03-04 10:03:46.239 D/wpa_supplicant(  694): wlan0: 4: cc:34:29:2c:fb:ec ssid='linksys' wpa_ie_len=22 rsn_ie_len=20 caps=0x431 level=-62 wps