03-04 10:11:48.679 D/AndroidRuntime( 6030): Shutting down VM
03-04 10:11:48.679 D/dalvikvm( 6030): GC_CONCURRENT freed 116K, 16% free 702K/832K, paused 0ms+0ms, total 1ms
03-04 10:11:48.679 D/dalvikvm( 6030): Compiler shutdown in progress - discarding request
03-04 10:11:48.679 D/dalvikvm( 6030): Compiler shutdown in progress - discarding request
03-04 10:11:48.679 D/dalvikvm( 6030): Compiler shutdown in progress - discarding request
03-04 10:11:48.679 D/dalvikvm( 6030): Compiler shutdown in progress - discarding request
03-04 10:11:48.679 D/dalvikvm( 6030): Compiler shutdown in progress - discarding request
03-04 10:11:48.679 D/dalvikvm( 6030): Compiler shutdown in progress - discarding request
03-04 10:11:48.679 D/dalvikvm( 6030): Compiler shutdown in progress - discarding request
03-04 10:11:48.679 D/dalvikvm( 6030): Compiler shutdown in progress - discarding request
03-04 10:11:48.679 D/dalvikvm( 6030): Compiler shutdown in progress - discarding request
03-04 10:11:48.679 D/dalvikvm( 6030): Compiler shutdown in progress - discarding request
03-04 10:11:48.679 D/dalvikvm( 6030): Compiler shutdown in progress - discarding request
03-04 10:11:48.679 D/dalvikvm( 6030): Compiler shutdown in progress - discarding request
03-04 10:11:48.679 D/dalvikvm( 6030): Compiler shutdown in progress - discarding request
03-04 10:11:48.679 D/dalvikvm( 6030): Compiler shutdown in progress - discarding request
03-04 10:11:48.679 D/dalvikvm( 6030): Compiler shutdown in progress - discarding request
03-04 10:11:48.679 D/dalvikvm( 6030): Compiler shutdown in progress - discarding request
03-04 10:11:48.679 D/dalvikvm( 6030): Compiler shutdown in progress - discarding request
03-04 10:11:48.679 D/dalvikvm( 6030): Compiler shutdown in progress - discarding request
03-04 10:11:48.679 D/dalvikvm( 6030): Compiler shutdown in progress - discarding request
03-04 10:11:48.679 D/dalvikvm( 6030): Compiler shutdown in progress - discarding request
03-04 10:11:48.679 D/dalvikvm( 6030): Compiler shutdown in progress - discarding request
03-04 10:11:48.679 D/dalvikvm( 6030): Compiler shutdown in progress - discarding request
03-04 10:11:48.679 D/dalvikvm( 6030): Compiler shutdown in progress - discarding request
03-04 10:11:48.679 D/dalvikvm( 6030): Compiler shutdown in progress - discarding request
03-04 10:11:48.679 D/dalvikvm( 6030): Compiler shutdown in progress - discarding request
03-04 10:11:48.679 D/dalvikvm( 6030): Compiler shutdown in progress - discarding request
03-04 10:11:48.679 D/dalvikvm( 6030): Compiler shutdown in progress - discarding request
03-04 10:11:48.679 D/dalvikvm( 6030): Compiler shutdown in progress - discarding request
03-04 10:11:48.679 D/dalvikvm( 6030): Compiler shutdown in progress - discarding request
03-04 10:11:48.679 D/dalvikvm( 6030): Compiler shutdown in progress - discarding request
03-04 10:11:48.679 D/dalvikvm( 6030): Compiler shutdown in progress - discarding request
03-04 10:11:48.679 D/dalvikvm( 6030): Compiler shutdown in progress - discarding request
03-04 10:11:48.679 D/dalvikvm( 6030): Compiler shutdown in progress - discarding request
03-04 10:11:48.679 D/dalvikvm( 6030): Compiler shutdown in progress - discarding request
03-04 10:11:48.679 D/dalvikvm( 6030): Compiler shutdown in progress - discarding request
03-04 10:11:48.679 D/dalvikvm( 6030): Compiler shutdown in progress - discarding request
03-04 10:11:48.679 D/dalvikvm( 6030): Compiler shutdown in progress - discarding request
03-04 10:11:48.679 D/dalvikvm( 6030): Compiler shutdown in progress - discarding request
03-04 10:11:48.679 D/dalvikvm( 6030): Compiler shutdown in progress - discarding request
03-04 10:11:48.679 D/dalvikvm( 6030): Compiler shutdown in progress - discarding request
03-04 10:11:48.679 D/dalvikvm( 6030): Compiler shutdown in progress - discarding request
03-04 10:11:48.679 D/dalvikvm( 6030): Compiler shutdown in progress - discarding request
03-04 10:11:48.679 D/dalvikvm( 6030): Compiler shutdown in progress - discarding request
03-04 10:11:48.679 D/dalvikvm( 6030): Compiler shutdown in progress - discarding request
03-04 10:11:48.679 D/dalvikvm( 6030): Compiler shutdown in progress - discarding request
03-04 10:11:48.679 D/dalvikvm( 6030): Compiler shutdown in progress - discarding request
03-04 10:11:48.679 I/ActivityManager(  505): START u0 {flg=0x10000000 cmp=org.xwalk.webapi_service_tests/.webapi_service_testsActivity} from pid 6030
03-04 10:11:49.289 D/AndroidRuntime( 6041): 
03-04 10:11:49.289 D/AndroidRuntime( 6041): >>>>>> AndroidRuntime START com.android.internal.os.RuntimeInit <<<<<<
03-04 10:11:49.289 D/AndroidRuntime( 6041): CheckJNI is OFF
03-04 10:11:49.289 I/AndroidRuntime( 6041): Kernel Release Version: 3.10.20-gf818079
03-04 10:11:49.289 I/dalvikvm( 6041): No library specified. The standard exception handler will be used
03-04 10:11:49.299 I/dalvikvm( 6041): 
03-04 10:11:49.299 I/dalvikvm( 6041): +++++++++++++ Using PCG. +++++++++++++++++++++
03-04 10:11:49.299 D/dalvikvm( 6041): Trying to load lib libjavacore.so 0x0
03-04 10:11:49.309 D/dalvikvm( 6041): Added shared lib libjavacore.so 0x0
03-04 10:11:49.309 D/dalvikvm( 6041): Trying to load lib libnativehelper.so 0x0
03-04 10:11:49.309 D/dalvikvm( 6041): Added shared lib libnativehelper.so 0x0
03-04 10:11:49.309 D/dalvikvm( 6041): No JNI_OnLoad found in libnativehelper.so 0x0, skipping init
03-04 10:11:49.309 D/dalvikvm( 6041): Extra Options: not specified
03-04 10:11:49.319 D/dalvikvm( 6041): Note: class Landroid/app/ActivityManagerNative; has 186 unimplemented (abstract) methods
03-04 10:11:49.399 E/memtrack( 6041): Couldn't load memtrack module (No such file or directory)
03-04 10:11:49.399 E/android.os.Debug( 6041): failed to load memtrack module: -2
03-04 10:11:49.429 D/AndroidRuntime( 6041): Calling main entry com.android.commands.am.Am
03-04 10:11:49.489 D/AndroidRuntime( 6041): Shutting down VM
03-04 10:11:49.489 I/ActivityManager(  505): START u0 {flg=0x10000000 cmp=org.xwalk.webapi_service_tests/.webapi_service_tests} from pid 6041
03-04 10:11:49.499 I/SecurityManagerService(  602): SMS received security event: App[START/org.xwalk.webapi_service_tests]
03-04 10:11:49.499 D/dalvikvm( 6041): GC_CONCURRENT freed 114K, 16% free 701K/832K, paused 0ms+0ms, total 1ms
03-04 10:11:49.499 D/dalvikvm( 6052): Late-enabling CheckJNI
03-04 10:11:49.499 D/dalvikvm( 6052): Try to disable coredump for pid 6052
03-04 10:11:49.499 D/dalvikvm( 6052): Process 6052 nice name: org.xwalk.webapi_service_tests
03-04 10:11:49.499 D/dalvikvm( 6052): Extra Options: not specified
03-04 10:11:49.509 D/dalvikvm( 6041): Compiler shutdown in progress - discarding request
03-04 10:11:49.509 D/dalvikvm( 6041): Compiler shutdown in progress - discarding request
03-04 10:11:49.509 D/dalvikvm( 6041): Compiler shutdown in progress - discarding request
03-04 10:11:49.509 D/dalvikvm( 6041): Compiler shutdown in progress - discarding request
03-04 10:11:49.509 D/dalvikvm( 6041): Compiler shutdown in progress - discarding request
03-04 10:11:49.509 D/dalvikvm( 6041): Compiler shutdown in progress - discarding request
03-04 10:11:49.509 D/dalvikvm( 6041): Compiler shutdown in progress - discarding request
03-04 10:11:49.509 D/dalvikvm( 6041): Compiler shutdown in progress - discarding request
03-04 10:11:49.509 D/dalvikvm( 6041): Compiler shutdown in progress - discarding request
03-04 10:11:49.509 D/dalvikvm( 6041): Compiler shutdown in progress - discarding request
03-04 10:11:49.509 D/dalvikvm( 6041): Compiler shutdown in progress - discarding request
03-04 10:11:49.509 D/dalvikvm( 6041): Compiler shutdown in progress - discarding request
03-04 10:11:49.509 D/dalvikvm( 6041): Compiler shutdown in progress - discarding request
03-04 10:11:49.509 D/dalvikvm( 6041): Compiler shutdown in progress - discarding request
03-04 10:11:49.509 D/dalvikvm( 6041): Compiler shutdown in progress - discarding request
03-04 10:11:49.509 D/dalvikvm( 6041): Compiler shutdown in progress - discarding request
03-04 10:11:49.509 D/dalvikvm( 6041): Compiler shutdown in progress - discarding request
03-04 10:11:49.509 D/dalvikvm( 6041): Compiler shutdown in progress - discarding request
03-04 10:11:49.509 D/dalvikvm( 6041): Compiler shutdown in progress - discarding request
03-04 10:11:49.509 D/dalvikvm( 6041): Compiler shutdown in progress - discarding request
03-04 10:11:49.509 D/dalvikvm( 6041): Compiler shutdown in progress - discarding request
03-04 10:11:49.509 D/dalvikvm( 6041): Compiler shutdown in progress - discarding request
03-04 10:11:49.509 D/dalvikvm( 6041): Compiler shutdown in progress - discarding request
03-04 10:11:49.509 D/dalvikvm( 6041): Compiler shutdown in progress - discarding request
03-04 10:11:49.509 D/dalvikvm( 6041): Compiler shutdown in progress - discarding request
03-04 10:11:49.509 D/dalvikvm( 6041): Compiler shutdown in progress - discarding request
03-04 10:11:49.509 D/dalvikvm( 6041): Compiler shutdown in progress - discarding request
03-04 10:11:49.509 D/dalvikvm( 6041): Compiler shutdown in progress - discarding request
03-04 10:11:49.509 D/dalvikvm( 6041): Compiler shutdown in progress - discarding request
03-04 10:11:49.509 D/dalvikvm( 6041): Compiler shutdown in progress - discarding request
03-04 10:11:49.509 D/dalvikvm( 6041): Compiler shutdown in progress - discarding request
03-04 10:11:49.509 D/dalvikvm( 6041): Compiler shutdown in progress - discarding request
03-04 10:11:49.509 D/dalvikvm( 6041): Compiler shutdown in progress - discarding request
03-04 10:11:49.509 D/dalvikvm( 6041): Compiler shutdown in progress - discarding request
03-04 10:11:49.509 D/dalvikvm( 6041): Compiler shutdown in progress - discarding request
03-04 10:11:49.509 D/dalvikvm( 6041): Compiler shutdown in progress - discarding request
03-04 10:11:49.509 D/dalvikvm( 6041): Compiler shutdown in progress - discarding request
03-04 10:11:49.509 D/dalvikvm( 6041): Compiler shutdown in progress - discarding request
03-04 10:11:49.509 D/dalvikvm( 6041): Compiler shutdown in progress - discarding request
03-04 10:11:49.509 D/dalvikvm( 6041): Compiler shutdown in progress - discarding request
03-04 10:11:49.509 D/dalvikvm( 6041): Compiler shutdown in progress - discarding request
03-04 10:11:49.509 I/ActivityManager(  505): Start proc org.xwalk.webapi_service_tests for activity org.xwalk.webapi_service_tests/.webapi_service_tests: pid=6052 uid=10391 gids={50391, 3003, 1028, 1015}
03-04 10:11:49.519 V/WeatherTimeProvider( 1102): widget on Visibility Changed
03-04 10:11:49.519 D/WindowManager(  505): adjustConfigurationLw, config:{1.0 ?mcc?mnc ?locale ?layoutDir sw600dp w600dp h888dp 213dpi lrg port ?uimode ?night finger -keyb/v/h -nav/v} mLidState:1 mHasDockFeature:false mHasKeyboardFeature:false mHasHallSensorFeature:true config.hardKeyboardHidden:2
03-04 10:11:49.519 I/ActivityManager(  505): [TopPkgCurBat]	NowPkgName[org.xwalk.webapi_service_tests]	Battery[54]	TimeTick[1425435109533]	OldPkgName[com.asus.launcher]
03-04 10:11:49.529 D/        (  696): Surface destroy: ANDROID_NATIVE_WINDOW_MAGIC
03-04 10:11:49.549 I/CordovaLog( 6052): Changing log level to DEBUG(3)
03-04 10:11:49.549 D/CordovaActivity( 6052): CordovaActivity.init()
03-04 10:11:49.549 D/dalvikvm( 6052): Trying to load lib /data/app-lib/org.xwalk.webapi_service_tests-1/libxwalkcore.so 0x43d80630
03-04 10:11:49.559 D/dalvikvm( 6052): Added shared lib /data/app-lib/org.xwalk.webapi_service_tests-1/libxwalkcore.so 0x43d80630
03-04 10:11:49.559 I/LibraryLoader( 6052): Time to load native libraries: 11 ms (timestamps 9765-9776)
03-04 10:11:49.559 I/LibraryLoader( 6052): Expected native library version number "",actual native library version number ""
03-04 10:11:49.589 I/LibraryLoader( 6052): Expected native library version number "",actual native library version number ""
03-04 10:11:49.589 I/chromium( 6052): [INFO:library_loader_hooks.cc(112)] Chromium logging enabled: level = 0, default verbosity = 0
03-04 10:11:49.599 I/BrowserStartupController( 6052): Initializing chromium process, singleProcess=true
03-04 10:11:49.639 W/chromium( 6052): [WARNING:dns_config_service_posix.cc(293)] Failed to read DnsConfig.
03-04 10:11:49.639 W/AudioManagerAndroid( 6052): Requires BLUETOOTH permission
03-04 10:11:49.649 I/ufoGralloc( 6052): Hello, this is UFO GRALLOC/Intel Corporation
03-04 10:11:49.659 D/        ( 6052): Pixel Format : GGL_PIXEL_FORMAT_RGBA_8888
03-04 10:11:49.659 D/        ( 6052): droid_create_context : config id = 1 conf->NativeVisualID=1
03-04 10:11:49.659 D/        ( 6052): Pixel Format : GGL_PIXEL_FORMAT_RGBA_8888
03-04 10:11:49.659 I/        ( 6052): Requested context : GLES 2.0
03-04 10:11:49.679 W/chromium( 6052): [WARNING:proxy_service.cc(899)] PAC support disabled because there is no system implementation
03-04 10:11:49.679 W/dalvikvm( 6052): VFY: unable to find class referenced in signature (Landroid/view/inputmethod/CursorAnchorInfo;)
03-04 10:11:49.679 I/dalvikvm( 6052): Could not find method android.view.inputmethod.InputMethodManager.updateCursorAnchorInfo, referenced from method org.chromium.content.browser.input.InputMethodManagerWrapper.updateCursorAnchorInfo
03-04 10:11:49.679 W/dalvikvm( 6052): VFY: unable to resolve virtual method 1368: Landroid/view/inputmethod/InputMethodManager;.updateCursorAnchorInfo (Landroid/view/View;Landroid/view/inputmethod/CursorAnchorInfo;)V
03-04 10:11:49.679 D/dalvikvm( 6052): VFY: replacing opcode 0x6e at 0x000a
03-04 10:11:49.729 E/cutils  (  162): Failed to mkdirat(/Removable/MicroSD): Read-only file system
03-04 10:11:49.729 W/ContextImpl( 6052): Failed to ensure directory: /Removable/MicroSD/Android/data/org.xwalk.webapi_service_tests/cache
03-04 10:11:49.729 W/Vold    (  162): Returning OperationFailed - no handler for errno 30
03-04 10:11:49.739 D/CordovaActivity( 6052): CordovaActivity.createViews()
03-04 10:11:49.739 E/chromium( 6052): [ERROR:unix_domain_server_socket_posix.cc(106)] Not implemented reached in virtual int net::UnixDomainServerSocket::GetLocalAddress(net::IPEndPoint*) const
03-04 10:11:49.739 D/CordovaWebView( 6052): >>> loadUrl(file:///android_asset/www/index.html)
03-04 10:11:49.739 D/PluginManager( 6052): init()
03-04 10:11:49.739 E/cutils  (  162): Failed to mkdirat(/Removable/MicroSD): Read-only file system
03-04 10:11:49.739 W/ContextImpl( 6052): Failed to ensure directory: /Removable/MicroSD/Android/data/org.xwalk.webapi_service_tests/files
03-04 10:11:49.739 E/cutils  (  162): Failed to mkdirat(/Removable/MicroSD): Read-only file system
03-04 10:11:49.739 W/ContextImpl( 6052): Failed to ensure directory: /Removable/MicroSD/Android/data/org.xwalk.webapi_service_tests/cache
03-04 10:11:49.739 D/CordovaWebView( 6052): >>> loadUrlNow()
03-04 10:11:49.739 I/dalvikvm( 6052): Could not find method android.app.Activity.finishAndRemoveTask, referenced from method org.chromium.base.ApiCompatibilityUtils.finishAndRemoveTask
03-04 10:11:49.739 W/dalvikvm( 6052): VFY: unable to resolve virtual method 6: Landroid/app/Activity;.finishAndRemoveTask ()V
03-04 10:11:49.739 D/dalvikvm( 6052): VFY: replacing opcode 0x6e at 0x0006
03-04 10:11:49.739 I/dalvikvm( 6052): Could not find method android.os.PowerManager.isInteractive, referenced from method org.chromium.base.ApiCompatibilityUtils.isInteractive
03-04 10:11:49.739 W/dalvikvm( 6052): VFY: unable to resolve virtual method 874: Landroid/os/PowerManager;.isInteractive ()Z
03-04 10:11:49.739 D/dalvikvm( 6052): VFY: replacing opcode 0x6e at 0x000e
03-04 10:11:49.739 W/Vold    (  162): Returning OperationFailed - no handler for errno 30
03-04 10:11:49.739 W/Vold    (  162): Returning OperationFailed - no handler for errno 30
03-04 10:11:49.749 I/dalvikvm( 6052): Could not find method android.view.Window.getNavigationBarColor, referenced from method org.chromium.base.ApiCompatibilityUtils.setStatusBarColor
03-04 10:11:49.749 W/dalvikvm( 6052): VFY: unable to resolve virtual method 1268: Landroid/view/Window;.getNavigationBarColor ()I
03-04 10:11:49.749 D/dalvikvm( 6052): VFY: replacing opcode 0x6e at 0x0010
03-04 10:11:49.749 I/dalvikvm( 6052): Could not find method android.view.Window.setStatusBarColor, referenced from method org.chromium.base.ApiCompatibilityUtils.setStatusBarColor
03-04 10:11:49.749 W/dalvikvm( 6052): VFY: unable to resolve virtual method 1274: Landroid/view/Window;.setStatusBarColor (I)V
03-04 10:11:49.749 D/dalvikvm( 6052): VFY: replacing opcode 0x6e at 0x0019
03-04 10:11:49.749 E/dalvikvm( 6052): Could not find class 'android.app.ActivityManager$TaskDescription', referenced from method org.chromium.base.ApiCompatibilityUtils.setTaskDescription
03-04 10:11:49.749 W/dalvikvm( 6052): VFY: unable to resolve new-instance 13 (Landroid/app/ActivityManager$TaskDescription;) in Lorg/chromium/base/ApiCompatibilityUtils;
03-04 10:11:49.749 D/dalvikvm( 6052): VFY: replacing opcode 0x22 at 0x0006
03-04 10:11:49.749 D/dalvikvm( 6052): DexOpt: unable to opt direct call 0x002f at 0x08 in Lorg/chromium/base/ApiCompatibilityUtils;.setTaskDescription
03-04 10:11:49.749 I/chromium( 6052): [INFO:xwalk_extension_renderer_controller.cc(47)] EXTENSION PROCESS DISABLED.
03-04 10:11:49.759 D/CordovaActivity( 6052): Resuming the App
03-04 10:11:49.769 D/SoftKeyboardDetect( 6052): Ignore this event
03-04 10:11:49.769 D/        ( 6052): droid_create_context : config id = 5 conf->NativeVisualID=1
03-04 10:11:49.769 D/        ( 6052): Pixel Format : GGL_PIXEL_FORMAT_RGBA_8888
03-04 10:11:49.769 I/        ( 6052): Requested context : GLES 2.0
03-04 10:11:49.779 D/        ( 6052): Pixel Format : GGL_PIXEL_FORMAT_RGBA_8888
03-04 10:11:49.789 D/OpenGLRenderer( 6052): Enabling debug mode 0
03-04 10:11:49.799 D/XT9IME  (  728): new subtype :en_US ,keyboard
03-04 10:11:49.799 D/        ( 6052): Pixel Format : GGL_PIXEL_FORMAT_RGBA_8888
03-04 10:11:49.799 D/        ( 6052): droid_create_context : config id = 1 conf->NativeVisualID=1
03-04 10:11:49.799 D/        ( 6052): Pixel Format : GGL_PIXEL_FORMAT_RGBA_8888
03-04 10:11:49.799 I/        ( 6052): Requested context : GLES 2.0
03-04 10:11:49.799 D/SoftKeyboardDetect( 6052): Ignore this event
03-04 10:11:49.849 D/CordovaActivity( 6052): onMessage(onPageStarted,file:///android_asset/www/index.html)
03-04 10:11:49.849 W/BindingManager( 6052): Cannot call determinedVisibility() - never saw a connection for the pid: 6052
03-04 10:11:49.849 I/ActivityManager(  505): Displayed org.xwalk.webapi_service_tests/.webapi_service_tests: +352ms
03-04 10:11:49.849 D/BatteryStatsImpl(  505): noteStopWakeLocked system isFromForeground = false
03-04 10:11:49.869 D/ImageWallpaper(  571): onVisibilityChanged: mVisible, visible=true, false
03-04 10:11:49.869 D/ImageWallpaper(  571): Visibility changed to visible=false
03-04 10:11:49.869 D/ImageWallpaper(  571): Suppressed drawFrame since redraw is not needed and offsets have not changed.
03-04 10:11:49.879 D/CordovaActivity( 6052): onMessage(onPageFinished,file:///android_asset/www/index.html)
03-04 10:11:50.879 D/CordovaActivity( 6052): onMessage(onPageStarted,http://127.0.0.1:8080/index.html)
03-04 10:11:50.969 W/BindingManager( 6052): Cannot call determinedVisibility() - never saw a connection for the pid: 6052
03-04 10:11:51.169 I/chromium( 6052): [INFO:CONSOLE(0)] "Synchronous XMLHttpRequest on the main thread is deprecated because of its detrimental effects to the end user's experience. For more help, check http://xhr.spec.whatwg.org/.", source:  (0)
03-04 10:11:51.219 D/CordovaActivity( 6052): onMessage(onPageFinished,http://127.0.0.1:8080/index.html)
03-04 10:11:51.879 D/CordovaActivity( 6052): onMessage(spinner,stop)
03-04 10:11:51.909 D/        ( 6052): Pixel Format : GGL_PIXEL_FORMAT_RGBA_8888
03-04 10:11:51.909 D/        ( 6052): droid_create_context : config id = 1 conf->NativeVisualID=1
03-04 10:11:51.909 D/        ( 6052): Pixel Format : GGL_PIXEL_FORMAT_RGBA_8888
03-04 10:11:51.909 I/        ( 6052): Requested context : GLES 2.0
03-04 10:11:51.929 D/        ( 6052): Swap interval set to = 1 value
03-04 10:11:52.019 D/        ( 6052): Pixel Format : GGL_PIXEL_FORMAT_RGBA_8888
03-04 10:11:52.019 D/        ( 6052): droid_create_context : config id = 1 conf->NativeVisualID=1
03-04 10:11:52.019 D/        ( 6052): Pixel Format : GGL_PIXEL_FORMAT_RGBA_8888
03-04 10:11:52.019 I/        ( 6052): Requested context : GLES 2.0
03-04 10:11:53.229 D/CordovaActivity( 6052): onMessage(spinner,stop)
03-04 10:11:53.389 W/BindingManager( 6052): Cannot call determinedVisibility() - never saw a connection for the pid: 6052
03-04 10:11:53.389 W/BindingManager( 6052): Cannot call determinedVisibility() - never saw a connection for the pid: 6052
03-04 10:11:53.399 W/BindingManager( 6052): Cannot call determinedVisibility() - never saw a connection for the pid: 6052
03-04 10:11:53.449 W/BindingManager( 6052): Cannot call determinedVisibility() - never saw a connection for the pid: 6052
03-04 10:11:54.069 W/BindingManager( 6052): Cannot call determinedVisibility() - never saw a connection for the pid: 6052
03-04 10:11:54.989 W/BindingManager( 6052): Cannot call determinedVisibility() - never saw a connection for the pid: 6052
03-04 10:11:55.069 W/BindingManager( 6052): Cannot call determinedVisibility() - never saw a connection for the pid: 6052
03-04 10:11:55.099 W/BindingManager( 6052): Cannot call determinedVisibility() - never saw a connection for the pid: 6052
03-04 10:11:55.129 W/BindingManager( 6052): Cannot call determinedVisibility() - never saw a connection for the pid: 6052
03-04 10:11:55.159 W/BindingManager( 6052): Cannot call determinedVisibility() - never saw a connection for the pid: 6052
03-04 10:11:55.799 W/BindingManager( 6052): Cannot call determinedVisibility() - never saw a connection for the pid: 6052
03-04 10:11:55.859 W/BindingManager( 6052): Cannot call determinedVisibility() - never saw a connection for the pid: 6052
03-04 10:11:55.909 W/BindingManager( 6052): Cannot call determinedVisibility() - never saw a connection for the pid: 6052
03-04 10:11:56.599 W/BindingManager( 6052): Cannot call determinedVisibility() - never saw a connection for the pid: 6052
03-04 10:11:56.639 W/BindingManager( 6052): Cannot call determinedVisibility() - never saw a connection for the pid: 6052
03-04 10:11:57.389 W/BindingManager( 6052): Cannot call determinedVisibility() - never saw a connection for the pid: 6052
03-04 10:11:58.109 W/BindingManager( 6052): Cannot call determinedVisibility() - never saw a connection for the pid: 6052
03-04 10:11:58.649 W/BindingManager( 6052): Cannot call determinedVisibility() - never saw a connection for the pid: 6052
03-04 10:11:59.729 W/BindingManager( 6052): Cannot call determinedVisibility() - never saw a connection for the pid: 6052
03-04 10:11:59.919 D/wpa_supplicant(  694): wlan0: Starting AP scan for wildcard SSID
03-04 10:11:59.919 D/wpa_supplicant(  694): WPS: Building WPS IE for Probe Request
03-04 10:11:59.919 D/wpa_supplicant(  694): WPS:  * Version (hardcoded 0x10)
03-04 10:11:59.919 D/wpa_supplicant(  694): WPS:  * Request Type
03-04 10:11:59.919 D/wpa_supplicant(  694): WPS:  * Config Methods (4288)
03-04 10:11:59.919 D/wpa_supplicant(  694): WPS:  * UUID-E
03-04 10:11:59.919 D/wpa_supplicant(  694): WPS:  * Primary Device Type
03-04 10:11:59.919 D/wpa_supplicant(  694): WPS:  * RF Bands (1)
03-04 10:11:59.919 D/wpa_supplicant(  694): WPS:  * Association State
03-04 10:11:59.919 D/wpa_supplicant(  694): WPS:  * Configuration Error (0)
03-04 10:11:59.919 D/wpa_supplicant(  694): WPS:  * Device Password ID (0)
03-04 10:11:59.919 D/wpa_supplicant(  694): WPS:  * Manufacturer
03-04 10:11:59.919 D/wpa_supplicant(  694): WPS:  * Model Name
03-04 10:11:59.919 D/wpa_supplicant(  694): WPS:  * Model Number
03-04 10:11:59.919 D/wpa_supplicant(  694): WPS:  * Device Name
03-04 10:11:59.919 D/wpa_supplicant(  694): WPS:  * Version2 (0x20)
03-04 10:11:59.919 D/wpa_supplicant(  694): P2P: * P2P IE header
03-04 10:11:59.919 D/wpa_supplicant(  694): P2P: * Capability dev=25 group=00
03-04 10:11:59.919 D/wpa_supplicant(  694): P2P: * Listen Channel: Regulatory Class 81 Channel 6
03-04 10:11:59.919 D/wpa_supplicant(  694): wlan0: nl80211: scan request
03-04 10:11:59.999 D/Clock   (  571): ACTION_TIME_TICK
03-04 10:11:59.999 D/Clock   (  571): update clock:10:12
03-04 10:12:00.019 D/BatteryStatsImpl(  505): noteStopWakeLocked system isFromForeground = false
03-04 10:12:00.029 D/wpa_supplicant(  694): Scan requested (ret=0) - scan timeout 30 seconds
03-04 10:12:00.029 D/wpa_supplicant(  694): nl80211: Drv Event 33 (NL80211_CMD_TRIGGER_SCAN) received for wlan0
03-04 10:12:00.029 D/wpa_supplicant(  694): wlan0: nl80211: Scan trigger
03-04 10:12:00.939 W/BindingManager( 6052): Cannot call determinedVisibility() - never saw a connection for the pid: 6052
03-04 10:12:01.159 D/wpa_supplicant(  694): nl80211: Drv Event 34 (NL80211_CMD_NEW_SCAN_RESULTS) received for wlan0
03-04 10:12:01.159 D/wpa_supplicant(  694): wlan0: nl80211: New scan results available
03-04 10:12:01.159 D/wpa_supplicant(  694): wlan0: Event SCAN_RESULTS (3) received
03-04 10:12:01.159 D/wpa_supplicant(  694): nl80211: Received scan results (19 BSSes)
03-04 10:12:01.159 D/wpa_supplicant(  694): nl80211: Survey data missing
03-04 10:12:01.159 D/wpa_supplicant(  694): wlan0: BSS: Start scan result update 59
03-04 10:12:01.159 D/wpa_supplicant(  694): wlan0: BSS: Add new id 130 BSSID e4:d3:32:c0:cf:a4 SSID 'fast'
03-04 10:12:01.159 D/wpa_supplicant(  694): CTRL_IFACE monitor send - hexdump(len=39): 2f 64 61 74 61 2f 6d 69 73 63 2f 77 69 66 69 2f 73 6f 63 6b 65 74 73 2f 77 70 61 5f 63 74 72 6c ...
03-04 10:12:01.159 D/wpa_supplicant(  694): wlan0: BSS: Add new id 131 BSSID 22:48:9a:ac:31:7f SSID 'WiFi874'
03-04 10:12:01.159 D/wpa_supplicant(  694): CTRL_IFACE monitor send - hexdump(len=39): 2f 64 61 74 61 2f 6d 69 73 63 2f 77 69 66 69 2f 73 6f 63 6b 65 74 73 2f 77 70 61 5f 63 74 72 6c ...
03-04 10:12:01.159 D/wpa_supplicant(  694): wlan0: BSS: Add new id 132 BSSID 1c:65:9d:e8:79:44 SSID 'WiFi'
03-04 10:12:01.159 D/wpa_supplicant(  694): CTRL_IFACE monitor send - hexdump(len=39): 2f 64 61 74 61 2f 6d 69 73 63 2f 77 69 66 69 2f 73 6f 63 6b 65 74 73 2f 77 70 61 5f 63 74 72 6c ...
03-04 10:12:01.159 D/wpa_supplicant(  694): wlan0: BSS: Add new id 133 BSSID f4:b7:e2:2b:41:b7 SSID 'cmscc'
03-04 10:12:01.159 D/wpa_supplicant(  694): CTRL_IFACE monitor send - hexdump(len=39): 2f 64 61 74 61 2f 6d 69 73 63 2f 77 69 66 69 2f 73 6f 63 6b 65 74 73 2f 77 70 61 5f 63 74 72 6c ...
03-04 10:12:01.159 D/wpa_supplicant(  694): wlan0: BSS: Add new id 134 BSSID 7a:24:af:24:0f:48 SSID 'DIRECT-'
03-04 10:12:01.159 D/wpa_supplicant(  694): CTRL_IFACE monitor send - hexdump(len=39): 2f 64 61 74 61 2f 6d 69 73 63 2f 77 69 66 69 2f 73 6f 63 6b 65 74 73 2f 77 70 61 5f 63 74 72 6c ...
03-04 10:12:01.159 D/wpa_supplicant(  694): wlan0: BSS: Remove id 115 BSSID 14:d6:4d:28:ef:c8 SSID 'dlink' due to no match in scan
03-04 10:12:01.159 D/wpa_supplicant(  694): CTRL_IFACE monitor send - hexdump(len=39): 2f 64 61 74 61 2f 6d 69 73 63 2f 77 69 66 69 2f 73 6f 63 6b 65 74 73 2f 77 70 61 5f 63 74 72 6c ...
03-04 10:12:01.159 D/wpa_supplicant(  694): wlan0: BSS: Remove id 119 BSSID 24:05:0f:2e:8a:21 SSID 'Online_360_m' due to no match in scan
03-04 10:12:01.159 D/wpa_supplicant(  694): CTRL_IFACE monitor send - hexdump(len=39): 2f 64 61 74 61 2f 6d 69 73 63 2f 77 69 66 69 2f 73 6f 63 6b 65 74 73 2f 77 70 61 5f 63 74 72 6c ...
03-04 10:12:01.159 D/wpa_supplicant(  694): wlan0: BSS: Remove id 128 BSSID e4:d3:32:db:f6:03 SSID 'adddda' due to no match in scan
03-04 10:12:01.159 D/wpa_supplicant(  694): CTRL_IFACE monitor send - hexdump(len=39): 2f 64 61 74 61 2f 6d 69 73 63 2f 77 69 66 69 2f 73 6f 63 6b 65 74 73 2f 77 70 61 5f 63 74 72 6c ...
03-04 10:12:01.159 D/wpa_supplicant(  694): wlan0: BSS: Remove id 126 BSSID e4:d3:32:dd:18:62 SSID 'Internet' due to no match in scan
03-04 10:12:01.159 D/wpa_supplicant(  694): CTRL_IFACE monitor send - hexdump(len=39): 2f 64 61 74 61 2f 6d 69 73 63 2f 77 69 66 69 2f 73 6f 63 6b 65 74 73 2f 77 70 61 5f 63 74 72 6c ...
03-04 10:12:01.159 D/wpa_supplicant(  694): BSS: last_scan_res_used=18/32 last_scan_full=0
03-04 10:12:01.159 D/wpa_supplicant(  694): wlan0: New scan results available
03-04 10:12:01.159 D/wpa_supplicant(  694): CTRL_IFACE monitor send - hexdump(len=39): 2f 64 61 74 61 2f 6d 69 73 63 2f 77 69 66 69 2f 73 6f 63 6b 65 74 73 2f 77 70 61 5f 63 74 72 6c ...
03-04 10:12:01.159 D/wpa_supplicant(  694): CTRL_IFACE monitor send - hexdump(len=39): 2f 64 61 74 61 2f 6d 69 73 63 2f 77 69 66 69 2f 73 6f 63 6b 65 74 73 2f 77 70 61 5f 63 74 72 6c ...
03-04 10:12:01.159 D/wpa_supplicant(  694): Authorize channel 1
03-04 10:12:01.159 D/wpa_supplicant(  694): Authorize channel 2
03-04 10:12:01.159 D/wpa_supplicant(  694): Authorize channel 3
03-04 10:12:01.159 D/wpa_supplicant(  694): Authorize channel 4
03-04 10:12:01.159 D/wpa_supplicant(  694): Authorize channel 5
03-04 10:12:01.159 D/wpa_supplicant(  694): Authorize channel 6
03-04 10:12:01.159 D/wpa_supplicant(  694): Authorize channel 7
03-04 10:12:01.159 D/wpa_supplicant(  694): Authorize channel 8
03-04 10:12:01.159 D/wpa_supplicant(  694): Authorize channel 9
03-04 10:12:01.159 D/wpa_supplicant(  694): Authorize channel 10
03-04 10:12:01.159 D/wpa_supplicant(  694): Authorize channel 11
03-04 10:12:01.159 D/wpa_supplicant(  694): Authorize channel 12
03-04 10:12:01.159 D/wpa_supplicant(  694): Authorize channel 13
03-04 10:12:01.159 D/wpa_supplicant(  694): Authorize channel 1
03-04 10:12:01.159 D/wpa_supplicant(  694): Authorize channel 2
03-04 10:12:01.159 D/wpa_supplicant(  694): Authorize channel 3
03-04 10:12:01.159 D/wpa_supplicant(  694): Authorize channel 4
03-04 10:12:01.159 D/wpa_supplicant(  694): Authorize channel 5
03-04 10:12:01.159 D/wpa_supplicant(  694): Authorize channel 6
03-04 10:12:01.159 D/wpa_supplicant(  694): Authorize channel 7
03-04 10:12:01.159 D/wpa_supplicant(  694): Authorize channel 8
03-04 10:12:01.159 D/wpa_supplicant(  694): Authorize channel 9
03-04 10:12:01.159 D/wpa_supplicant(  694): Authorize channel 10
03-04 10:12:01.159 D/wpa_supplicant(  694): Authorize channel 11
03-04 10:12:01.159 D/wpa_supplicant(  694): Authorize channel 12
03-04 10:12:01.159 D/wpa_supplicant(  694): Authorize channel 13
03-04 10:12:01.159 D/wpa_supplicant(  694): Add access point on channel 11
03-04 10:12:01.159 D/wpa_supplicant(  694): Add access point on channel 6
03-04 10:12:01.159 D/wpa_supplicant(  694): Add access point on channel 6
03-04 10:12:01.159 D/wpa_supplicant(  694): Add access point on channel 1
03-04 10:12:01.159 D/wpa_supplicant(  694): Add access point on channel 11
03-04 10:12:01.159 D/wpa_supplicant(  694): Add access point on channel 1
03-04 10:12:01.159 D/wpa_supplicant(  694): Add access point on channel 11
03-04 10:12:01.159 D/wpa_supplicant(  694): Add access point on channel 11
03-04 10:12:01.159 D/wpa_supplicant(  694): Add access point on channel 7
03-04 10:12:01.159 D/wpa_supplicant(  694): Add access point on channel 6
03-04 10:12:01.159 D/wpa_supplicant(  694): Add access point on channel 6
03-04 10:12:01.159 D/wpa_supplicant(  694): Add access point on channel 13
03-04 10:12:01.159 D/wpa_supplicant(  694): Add access point on channel 9
03-04 10:12:01.159 D/wpa_supplicant(  694): Add access point on channel 2
03-04 10:12:01.159 D/wpa_supplicant(  694): Add access point on channel 8
03-04 10:12:01.159 D/wpa_supplicant(  694): Add access point on channel 6
03-04 10:12:01.159 D/wpa_supplicant(  694): Add access point on channel 6
03-04 10:12:01.159 D/wpa_supplicant(  694): Add access point on channel 6
03-04 10:12:01.159 D/wpa_supplicant(  694): Add access point on channel 6
03-04 10:12:01.159 D/wpa_supplicant(  694): Add access point on channel 1
03-04 10:12:01.159 D/wpa_supplicant(  694): Best Operating channel is = 1
03-04 10:12:01.159 D/wpa_supplicant(  694): WPS: AP[0] 10:c3:7b:d2:e5:e0 type=0 tries=0 last_attempt=-1 sec ago blacklist=0
03-04 10:12:01.159 D/wpa_supplicant(  694): WPS: AP[1] f8:d1:11:e7:99:e8 type=0 tries=0 last_attempt=-1 sec ago blacklist=0
03-04 10:12:01.159 D/wpa_supplicant(  694): WPS: AP[2] c8:d7:19:60:62:f2 type=0 tries=0 last_attempt=-1 sec ago blacklist=0
03-04 10:12:01.159 D/wpa_supplicant(  694): WPS: AP[3] 7a:ff:57:00:13:8e type=0 tries=0 last_attempt=-1 sec ago blacklist=0
03-04 10:12:01.159 D/wpa_supplicant(  694): WPS: AP[4] cc:34:29:2c:fb:ec type=0 tries=0 last_attempt=-1 sec ago blacklist=0
03-04 10:12:01.159 D/wpa_supplicant(  694): WPS: AP[5] cc:34:29:2b:26:4c type=0 tries=0 last_attempt=-1 sec ago blacklist=0
03-04 10:12:01.159 D/wpa_supplicant(  694): WPS: AP[6] 98:fc:11:81:35:fb type=0 tries=0 last_attempt=-1 sec ago blacklist=0
03-04 10:12:01.159 D/wpa_supplicant(  694): WPS: AP[7] c0:a0:bb:20:3b:84 type=0 tries=0 last_attempt=-1 sec ago blacklist=0
03-04 10:12:01.159 D/wpa_supplicant(  694): WPS: AP[8] c0:c1:c0:76:81:3c type=0 tries=0 last_attempt=-1 sec ago blacklist=0
03-04 10:12:01.159 D/wpa_supplicant(  694): WPS: AP[9] b0:48:7a:51:ff:cc type=0 tries=0 last_attempt=-1 sec ago blacklist=0
03-04 10:12:01.159 D/wpa_supplicant(  694): WPS: AP[10] 14:d6:4d:28:ef:c8 type=0 tries=0 last_attempt=-1 sec ago blacklist=0
03-04 10:12:01.159 D/wpa_supplicant(  694): WPS: AP[11] e4:d3:32:36:2e:54 type=0 tries=0 last_attempt=-1 sec ago blacklist=0
03-04 10:12:01.159 D/wpa_supplicant(  694): WPS: AP[12] 02:09:4c:51:a8:28 type=0 tries=0 last_attempt=-1 sec ago blacklist=0
03-04 10:12:01.159 D/wpa_supplicant(  694): WPS: AP[13] 02:09:4c:51:28:28 type=0 tries=0 last_attempt=-1 sec ago blacklist=0
03-04 10:12:01.159 D/wpa_supplicant(  694): WPS: AP[14] 10:9f:a9:dc:b1:fc type=0 tries=0 last_attempt=-1 sec ago blacklist=0
03-04 10:12:01.159 D/wpa_supplicant(  694): WPS: AP[15] 2c:b0:5d:7f:f4:24 type=0 tries=0 last_attempt=-1 sec ago blacklist=0
03-04 10:12:01.159 D/wpa_supplicant(  694): wlan0: Selecting BSS from priority group 20
03-04 10:12:01.159 D/wpa_supplicant(  694): wlan0: 0: c8:d7:19:60:62:f2 ssid='E3000-2.4G' wpa_ie_len=0 rsn_ie_len=20 caps=0x411 level=-48 wps
03-04 10:12:01.159 D/wpa_supplicant(  694): wlan0:    skip - SSID mismatch
03-04 10:12:01.159 D/wpa_supplicant(  694): wlan0: 1: f8:d1:11:e7:99:e8 ssid='videotest' wpa_ie_len=22 rsn_ie_len=20 caps=0x531 level=-54 wps
03-04 10:12:01.159 D/wpa_supplicant(  694): wlan0:    skip - SSID mismatch
03-04 10:12:01.159 D/wpa_supplicant(  694): wlan0: 2: 10:c3:7b:d2:e5:e0 ssid='ASUS_RT-AC66U-2.4G' wpa_ie_len=0 rsn_ie_len=20 caps=0x411 level=-54 wps
03-04 10:12:01.159 D/wpa_supplicant(  694): wlan0:    skip - SSID mismatch
03-04 10:12:01.159 D/wpa_supplicant(  694): wlan0: 3: 90:94:e4:03:45:f5 ssid='DAP-2553_D' wpa_ie_len=0 rsn_ie_len=24 caps=0x431 level=-55
03-04 10:12:01.159 D/wpa_supplicant(  694): wlan0:    skip - SSID mismatch
03-04 10:12:01.159 D/wpa_supplicant(  694): wlan0: 4: 98:fc:11:81:35:fb ssid='E2000EE' wpa_ie_len=0 rsn_ie_len=20 caps=0x411 level=-62 wps
03-04 10:12:01.159 D/wpa_supplicant(  694): wlan0:    skip - SSID mismatch
03-04 10:12:01.159 D/wpa_supplicant(  694): wlan0: 5: e4:d3:32:c0:cf:a4 ssid='fast' wpa_ie_len=0 rsn_ie_len=20 caps=0x411 level=-64
03-04 10:12:01.159 D/wpa_supplicant(  694): wlan0:    skip - SSID mismatch
03-04 10:12:01.159 D/wpa_supplicant(  694): wlan0: 6: cc:34:29:2c:fb:ec ssid='linksys' wpa_ie_len=22 rsn_ie_len=20 caps=0x431 level=-65 wps
03-04 10:12:01.169 D/wpa_supplicant(  694): wlan0:    skip - SSID mismatch
03-04 10:12:01.169 D/wpa_supplicant(  694): wlan0: 7: e4:d3:32:36:2e:54 ssid='otc' wpa_ie_len=26 rsn_ie_len=24 caps=0x411 level=-66 wps
03-04 10:12:01.169 D/wpa_supplicant(  694): wlan0:    skip - SSID mismatch
03-04 10:12:01.169 D/wpa_supplicant(  694): wlan0: 8: cc:34:29:2b:26:4c ssid='cws-test' wpa_ie_len=0 rsn_ie_len=20 caps=0x431 level=-67 wps
03-04 10:12:01.169 D/wpa_supplicant(  694): wlan0:    skip - SSID mismatch
03-04 10:12:01.169 D/wpa_supplicant(  694): wlan0: 9: c4:17:fe:3f:4f:fb ssid='cmcm' wpa_ie_len=0 rsn_ie_len=20 caps=0x511 level=-67
03-04 10:12:01.169 D/wpa_supplicant(  694): wlan0:    skip - SSID mismatch
03-04 10:12:01.169 D/wpa_supplicant(  694): wlan0: 10: b0:48:7a:51:ff:cc ssid='Neusoft TP' wpa_ie_len=22 rsn_ie_len=20 caps=0x431 level=-67 wps
03-04 10:12:01.169 D/wpa_supplicant(  694): wlan0:    skip - SSID mismatch
03-04 10:12:01.169 D/wpa_supplicant(  694): wlan0: 11: 22:48:9a:ac:31:7f ssid='WiFi874' wpa_ie_len=0 rsn_ie_len=20 caps=0x431 level=-70
03-04 10:12:01.169 D/wpa_supplicant(  694): wlan0:    skip - SSID mismatch
03-04 10:12:01.169 D/wpa_supplicant(  694): wlan0: 12: 1c:65:9d:e8:79:44 ssid='WiFi' wpa_ie_len=0 rsn_ie_len=20 caps=0x511 level=-75
03-04 10:12:01.169 D/wpa_supplicant(  694): wlan0:    skip - SSID mismatch
03-04 10:12:01.169 D/wpa_supplicant(  694): wlan0: 13: f4:b7:e2:2b:41:b7 ssid='cmscc' wpa_ie_len=0 rsn_ie_len=20 caps=0x31 level=-81
03-04 10:12:01.169 D/wpa_supplicant(  694): wlan0:    skip - SSID mismatch
03-04 10:12:01.169 D/wpa_supplicant(  694): wlan0: 14: 44:94:fc:3d:da:38 ssid='6300' wpa_ie_len=0 rsn_ie_len=0 caps=0x411 level=-55
03-04 10:12:01.169 D/wpa_supplicant(  694): wlan0:    skip - SSID mismatch
03-04 10:12:01.169 D/wpa_supplicant(  694): wlan0: 15: 7a:24:af:24:0f:48 ssid='DIRECT-' wpa_ie_len=0 rsn_ie_len=0 caps=0x410 level=-85
03-04 10:12:01.169 D/wpa_supplicant(  694): wlan0:    skip - SSID mismatch
03-04 10:12:01.169 D/wpa_supplicant(  694): wlan0: 16: c0:c1:c0:76:81:3c ssid='E2000' wpa_ie_len=0 rsn_ie_len=0 caps=0x401 level=-55 wps
03-04 10:12:01.169 D/wpa_supplicant(  694): wlan0:    skip - SSID mismatch
03-04 10:12:01.169 D/wpa_supplicant(  694): wlan0: 17: 50:bd:5f:4b:29:92 ssid='Internet-2' wpa_ie_len=0 rsn_ie_len=0 caps=0x421 level=-67
03-04 10:12:01.169 D/wpa_supplicant(  694): wlan0:    skip - SSID mismatch
03-04 10:12:01.169 D/wpa_supplicant(  694): wlan0: Selecting BSS from priority group 19
03-04 10:12:01.169 D/wpa_supplicant(  694): wlan0: 0: c8:d7:19:60:62:f2 ssid='E3000-2.4G' wpa_ie_len=0 rsn_ie_len=20 caps=0x411 level=-48 wps
03-04 10:12:01.169 D/wpa_supplicant(  694): wlan0:    skip - SSID mismatch
03-04 10:12:01.169 D/wpa_supplicant(  694): wlan0: 1: f8:d1:11:e7:99:e8 ssid='videotest' wpa_ie_len=22 rsn_ie_len=20 caps=0x531 level=-54 wps
03-04 10:12:01.169 D/wpa_supplicant(  694): wlan0:    skip - SSID mismatch
03-04 10:12:01.169 D/wpa_supplicant(  694): wlan0: 2: 10:c3:7b:d2:e5:e0 ssid='ASUS_RT-AC66U-2.4G' wpa_ie_len=0 rsn_ie_len=20 caps=0x411 level=-54 wps
03-04 10:12:01.169 D/wpa_supplicant(  694): wlan0:    skip - SSID mismatch
03-04 10:12:01.169 D/wpa_supplicant(  694): wlan0: 3: 90:94:e4:03:45:f5 ssid='DAP-2553_D' wpa_ie_len=0 rsn_ie_len=24 caps=0x431 level=-55
03-04 10:12:01.169 D/wpa_supplicant(  694): wlan0:    skip - SSID mismatch
03-04 10:12:01.169 D/wpa_supplicant(  694): wlan0: 4: 98:fc:11:81:35:fb ssid='E2000EE' wpa_ie_len=0 rsn_ie_len=20 caps=0x411 level=-62 wps
03-04 10:12:01.169 D/wpa_supplicant(  694): wlan0:    skip - SSID mismatch
03-04 10:12:01.169 D/wpa_supplicant(  694): wlan0: 5: e4:d3:32:c0:cf:a4 ssid='fast' wpa_ie_len=0 rsn_ie_len=20 caps=0x411 level=-64
03-04 10:12:01.169 D/wpa_supplicant(  694): wlan0:    skip - SSID mismatch
03-04 10:12:01.169 D/wpa_supplicant(  694): wlan0: 6: cc:34:29:2c:fb:ec ssid='linksys' wpa_ie_len=22 rsn_ie_len=20 caps=0x431 level=-65 wps
03-04 10:12:01.169 D/wpa_supplicant(  694): wlan0:    skip - SSID mismatch
03-04 10:12:01.169 D/wpa_supplicant(  694): wlan0: 7: e4:d3:32:36:2e:54 ssid='otc' wpa_ie_len=26 rsn_ie_len=24 caps=0x411 level=-66 wps
03-04 10:12:01.169 I/WifiHW  (  505): EVENT: IFNAME=wlan0 CTRL-EVENT-BSS-ADDED 130 e4:d3:32:c0:cf:a4
03-04 10:12:01.169 D/wpa_supplicant(  694): wlan0:    skip - SSID mismatch
03-04 10:12:01.169 D/wpa_supplicant(  694): wlan0: 8: cc:34:29:2b:26:4c ssid='cws-test' wpa_ie_len=0 rsn_ie_len=20 caps=0x431 level=-67 wps
03-04 10:12:01.169 D/wpa_supplicant(  694): wlan0:    skip - SSID mismatch
03-04 10:12:01.169 D/wpa_supplicant(  694): wlan0: 9: c4:17:fe:3f:4f:fb ssid='cmcm' wpa_ie_len=0 rsn_ie_len=20 caps=0x511 level=-67
03-04 10:12:01.169 D/wpa_supplicant(  694): wlan0:    skip - SSID mismatch
03-04 10:12:01.169 D/wpa_supplicant(  694): wlan0: 10: b0:48:7a:51:ff:cc ssid='Neusoft TP' wpa_ie_len=22 rsn_ie_len=20 caps=0x431 level=-67 wps
03-04 10:12:01.169 D/wpa_supplicant(  694): wlan0:    skip - SSID mismatch
03-04 10:12:01.169 D/wpa_supplicant(  694): wlan0: 11: 22:48:9a:ac:31:7f ssid='WiFi874' wpa_ie_len=0 rsn_ie_len=20 caps=0x431 level=-70
03-04 10:12:01.169 D/wpa_supplicant(  694): wlan0:    skip - SSID mismatch
03-04 10:12:01.169 D/wpa_supplicant(  694): wlan0: 12: 1c:65:9d:e8:79:44 ssid='WiFi' wpa_ie_len=0 rsn_ie_len=20 caps=0x511 level=-75
03-04 10:12:01.169 D/wpa_supplicant(  694): wlan0:    skip - SSID mismatch
03-04 10:12:01.169 D/wpa_supplicant(  694): wlan0: 13: f4:b7:e2:2b:41:b7 ssid='cmscc' wpa_ie_len=0 rsn_ie_len=20 caps=0x31 level=-81
03-04 10:12:01.169 D/wpa_supplicant(  694): wlan0:    skip - SSID mismatch
03-04 10:12:01.169 D/wpa_supplicant(  694): wlan0: 14: 44:94:fc:3d:da:38 ssid='6300' wpa_ie_len=0 rsn_ie_len=0 caps=0x411 level=-55
03-04 10:12:01.169 D/wpa_supplicant(  694): wlan0:    skip - SSID mismatch
03-04 10:12:01.169 D/wpa_supplicant(  694): wlan0: 15: 7a:24:af:24:0f:48 ssid='DIRECT-' wpa_ie_len=0 rsn_ie_len=0 caps=0x410 level=-85
03-04 10:12:01.169 D/wpa_supplicant(  694): wlan0:    skip - SSID mismatch
03-04 10:12:01.169 D/wpa_supplicant(  694): wlan0: 16: c0:c1:c0:76:81:3c ssid='E2000' wpa_ie_len=0 rsn_ie_len=0 caps=0x401 level=-55 wps
03-04 10:12:01.169 D/wpa_supplicant(  694): wlan0:    skip - SSID mismatch
03-04 10:12:01.169 D/wpa_supplicant(  694): wlan0: 17: 50:bd:5f:4b:29:92 ssid='Internet-2' wpa_ie_len=0 rsn_ie_len=0 caps=0x421 level=-67
03-04 10:12:01.169 D/wpa_supplicant(  694): wlan0:    skip - SSID mismatch
03-04 10:12:01.169 D/wpa_supplicant(  694): wlan0: Selecting BSS from priority group 18
03-04 10:12:01.169 D/wpa_supplicant(  694): wlan0: 0: c8:d7:19:60:62:f2 ssid='E3000-2.4G' wpa_ie_len=0 rsn_ie_len=20 caps=0x411 level=-48 wps
03-04 10:12:01.169 D/wpa_supplicant(  694): wlan0:    skip - SSID mismatch
03-04 10:12:01.169 D/wpa_supplicant(  694): wlan0: 1: f8:d1:11:e7:99:e8 ssid='videotest' wpa_ie_len=22 rsn_ie_len=20 caps=0x531 level=-54 wps
03-04 10:12:01.169 D/wpa_supplicant(  694): wlan0:    skip - SSID mismatch
03-04 10:12:01.169 D/wpa_supplicant(  694): wlan0: 2: 10:c3:7b:d2:e5:e0 ssid='ASUS_RT-AC66U-2.4G' wpa_ie_len=0 rsn_ie_len=20 caps=0x411 level=-54 wps
03-04 10:12:01.169 D/wpa_supplicant(  694): wlan0:    skip - SSID mismatch
03-04 10:12:01.169 D/wpa_supplicant(  694): wlan0: 3: 90:94:e4:03:45:f5 ssid='DAP-2553_D' wpa_ie_len=0 rsn_ie_len=24 caps=0x431 level=-55
03-04 10:12:01.169 D/wpa_supplicant(  694): wlan0:    skip - SSID mismatch
03-04 10:12:01.169 D/wpa_supplicant(  694): wlan0: 4: 98:fc:11:81:35:fb ssid='E2000EE' wpa_ie_len=0 rsn_ie_len=20 caps=0x411 level=-62 wps
03-04 10:12:01.169 D/wpa_supplicant(  694): wlan0:    skip - SSID mismatch
03-04 10:12:01.169 D/wpa_supplicant(  694): wlan0: 5: e4:d3:32:c0:cf:a4 ssid='fast' wpa_ie_len=0 rsn_ie_len=20 caps=0x411 level=-64
03-04 10:12:01.169 D/wpa_supplicant(  694): wlan0:    skip - SSID mismatch
03-04 10:12:01.169 D/wpa_supplicant(  694): wlan0: 6: cc:34:29:2c:fb:ec ssid='linksys' wpa_ie_len=22 rsn_ie_len=20 caps=0x431 level=-65 wps
03-04 10:12:01.169 D/wpa_supplicant(  694): wlan0:    skip - SSID mismatch
03-04 10:12:01.169 D/wpa_supplicant(  694): wlan0: 7: e4:d3:32:36:2e:54 ssid='otc' wpa_ie_len=26 rsn_ie_len=24 caps=0x411 level=-66 wps
03-04 10:12:01.169 D/wpa_supplicant(  694): wlan0:    skip - SSID mismatch
03-04 10:12:01.169 D/wpa_supplicant(  694): wlan0: 8: cc:34:29:2b:26:4c ssid='cws-test' wpa_ie_len=0 rsn_ie_len=20 caps=0x431 level=-67 wps
03-04 10:12:01.169 D/wpa_supplicant(  694): wlan0:    skip - SSID mismatch
03-04 10:12:01.169 D/wpa_supplicant(  694): wlan0: 9: c4:17:fe:3f:4f:fb ssid='cmcm' wpa_ie_len=0 rsn_ie_len=20 caps=0x511 level=-67
03-04 10:12:01.169 D/wpa_supplicant(  694): wlan0:    skip - SSID mismatch
03-04 10:12:01.169 D/wpa_supplicant(  694): wlan0: 10: b0:48:7a:51:ff:cc ssid='Neusoft TP' wpa_ie_len=22 rsn_ie_len=20 caps=0x431 level=-67 wps
03-04 10:12:01.169 D/wpa_supplicant(  694): wlan0:    skip - SSID mismatch
03-04 10:12:01.169 D/wpa_supplicant(  694): wlan0: 11: 22:48:9a:ac:31:7f ssid='WiFi874' wpa_ie_len=0 rsn_ie_len=20 caps=0x431 level=-70
03-04 10:12:01.169 D/wpa_supplicant(  694): wlan0:    skip - SSID mismatch
03-04 10:12:01.169 D/wpa_supplicant(  694): wlan0: 12: 1c:65:9d:e8:79:44 ssid='WiFi' wpa_ie_len=0 rsn_ie_len=20 caps=0x511 level=-75
03-04 10:12:01.169 D/wpa_supplicant(  694): wlan0:    skip - SSID mismatch
03-04 10:12:01.169 D/wpa_supplicant(  694): wlan0: 13: f4:b7:e2:2b:41:b7 ssid='cmscc' wpa_ie_len=0 rsn_ie_len=20 caps=0x31 level=-81
03-04 10:12:01.169 D/wpa_supplicant(  694): wlan0:    skip - SSID mismatch
03-04 10:12:01.169 D/wpa_supplicant(  694): wlan0: 14: 44:94:fc:3d:da:38 ssid='6300' wpa_ie_len=0 rsn_ie_len=0 caps=0x411 level=-55
03-04 10:12:01.169 D/wpa_supplicant(  694): wlan0:    skip - SSID mismatch
03-04 10:12:01.169 D/wpa_supplicant(  694): wlan0: 15: 7a:24:af:24:0f:48 ssid='DIRECT-' wpa_ie_len=0 rsn_ie_len=0 caps=0x410 level=-85
03-04 10:12:01.169 D/wpa_supplicant(  694): wlan0:    skip - SSID mismatch
03-04 10:12:01.169 D/wpa_supplicant(  694): wlan0: 16: c0:c1:c0:76:81:3c ssid='E2000' wpa_ie_len=0 rsn_ie_len=0 caps=0x401 level=-55 wps
03-04 10:12:01.169 D/wpa_supplicant(  694): wlan0:    skip - SSID mismatch
03-04 10:12:01.169 D/wpa_supplicant(  694): wlan0: 17: 50:bd:5f:4b:29:92 ssid='Internet-2' wpa_ie_len=0 rsn_ie_len=0 caps=0x421 level=-67
03-04 10:12:01.169 D/wpa_supplicant(  694): wlan0:    skip - SSID mismatch
03-04 10:12:01.169 D/wpa_supplicant(  694): wlan0: Selecting BSS from priority group 17
03-04 10:12:01.169 D/wpa_supplicant(  694): wlan0: 0: c8:d7:19:60:62:f2 ssid='E3000-2.4G' wpa_ie_len=0 rsn_ie_len=20 caps=0x411 level=-48 wps
03-04 10:12:01.169 D/wpa_supplicant(  694): wlan0:    skip - SSID mismatch
03-04 10:12:01.169 D/wpa_supplicant(  694): wlan0: 1: f8:d1:11:e7:99:e8 ssid='videotest' wpa_ie_len=22 rsn_ie_len=20 caps=0x531 level=-54 wps
03-04 10:12:01.169 D/wpa_supplicant(  694): wlan0:    skip - SSID mismatch
03-04 10:12:01.169 D/wpa_supplicant(  694): wlan0: 2: 10:c3:7b:d2:e5:e0 ssid='ASUS_RT-AC66U-2.4G' wpa_ie_len=0 rsn_ie_len=20 caps=0x411 level=-54 wps
03-04 10:12:01.169 D/wpa_supplicant(  694): wlan0:    skip - SSID mismatch
03-04 10:12:01.169 D/wpa_supplicant(  694): wlan0: 3: 90:94:e4:03:45:f5 ssid='DAP-2553_D' wpa_ie_len=0 rsn_ie_len=24 caps=0x431 level=-55
03-04 10:12:01.169 D/wpa_supplicant(  694): wlan0:    skip - SSID mismatch
03-04 10:12:01.169 D/wpa_supplicant(  694): wlan0: 4: 98:fc:11:81:35:fb ssid='E2000EE' wpa_ie_len=0 rsn_ie_len=20 caps=0x411 level=-62 wps
03-04 10:12:01.169 D/wpa_supplicant(  694): wlan0:    skip - SSID mismatch
03-04 10:12:01.169 D/wpa_supplicant(  694): wlan0: 5: e4:d3:32:c0:cf:a4 ssid='fast' wpa_ie_len=0 rsn_ie_len=20 caps=0x411 level=-64
03-04 10:12:01.169 D/wpa_supplicant(  694): wlan0:    skip - SSID mismatch
03-04 10:12:01.169 D/wpa_supplicant(  694): wlan0: 6: cc:34:29:2c:fb:ec ssid='linksys' wpa_ie_len=22 rsn_ie_len=20 caps=0x431 level=-65 wps
03-04 10:12:01.169 D/wpa_supplicant(  694): wlan0:    skip - SSID mismatch
03-04 10:12:01.169 D/wpa_supplicant(  694): wlan0: 7: e4:d3:32:36:2e:54 ssid='otc' wpa_ie_len=26 rsn_ie_len=24 caps=0x411 level=-66 wps
03-04 10:12:01.169 D/wpa_supplicant(  694): wlan0:    skip - SSID mismatch
03-04 10:12:01.169 D/wpa_supplicant(  694): wlan0: 8: cc:34:29:2b:26:4c ssid='cws-test' wpa_ie_len=0 rsn_ie_len=20 caps=0x431 level=-67 wps
03-04 10:12:01.169 D/wpa_supplicant(  694): wlan0:    skip - SSID mismatch
03-04 10:12:01.169 D/wpa_supplicant(  694): wlan0: 9: c4:17:fe:3f:4f:fb ssid='cmcm' wpa_ie_len=0 rsn_ie_len=20 caps=0x511 level=-67
03-04 10:12:01.169 D/wpa_supplicant(  694): wlan0:    skip - SSID mismatch
03-04 10:12:01.169 D/wpa_supplicant(  694): wlan0: 10: b0:48:7a:51:ff:cc ssid='Neusoft TP' wpa_ie_len=22 rsn_ie_len=20 caps=0x431 level=-67 wps
03-04 10:12:01.169 D/wpa_supplicant(  694): wlan0:    skip - SSID mismatch
03-04 10:12:01.169 D/wpa_supplicant(  694): wlan0: 11: 22:48:9a:ac:31:7f ssid='WiFi874' wpa_ie_len=0 rsn_ie_len=20 caps=0x431 level=-70
03-04 10:12:01.169 D/wpa_supplicant(  694): wlan0:    skip - SSID mismatch
03-04 10:12:01.169 D/wpa_supplicant(  694): wlan0: 12: 1c:65:9d:e8:79:44 ssid='WiFi' wpa_ie_len=0 rsn_ie_len=20 caps=0x511 level=-75
03-04 10:12:01.169 D/wpa_supplicant(  694): wlan0:    skip - SSID mismatch
03-04 10:12:01.169 I/WifiHW  (  505): EVENT: IFNAME=wlan0 CTRL-EVENT-BSS-ADDED 131 22:48:9a:ac:31:7f
03-04 10:12:01.169 I/WifiHW  (  505): EVENT: IFNAME=wlan0 CTRL-EVENT-BSS-ADDED 132 1c:65:9d:e8:79:44
03-04 10:12:01.169 I/WifiHW  (  505): EVENT: IFNAME=wlan0 CTRL-EVENT-BSS-ADDED 133 f4:b7:e2:2b:41:b7
03-04 10:12:01.169 I/WifiHW  (  505): EVENT: IFNAME=wlan0 CTRL-EVENT-BSS-ADDED 134 7a:24:af:24:0f:48
03-04 10:12:01.169 I/WifiHW  (  505): EVENT: IFNAME=wlan0 CTRL-EVENT-BSS-REMOVED 115 14:d6:4d:28:ef:c8
03-04 10:12:01.169 I/WifiHW  (  505): EVENT: IFNAME=wlan0 CTRL-EVENT-BSS-REMOVED 119 24:05:0f:2e:8a:21
03-04 10:12:01.169 I/WifiHW  (  505): EVENT: IFNAME=wlan0 CTRL-EVENT-BSS-REMOVED 128 e4:d3:32:db:f6:03
03-04 10:12:01.169 I/WifiHW  (  505): EVENT: IFNAME=wlan0 CTRL-EVENT-BSS-REMOVED 126 e4:d3:32:dd:18:62
03-04 10:12:01.169 I/WifiHW  (  505): EVENT: IFNAME=wlan0 CTRL-EVENT-SCAN-RESULTS 
03-04 10:12:01.169 I/WifiHW  (  505): EVENT: IFNAME=wlan0 WPS-AP-AVAILABLE 
03-04 10:12:01.169 D/wpa_supplicant(  694): wlan0: 13: f4:b7:e2:2b:41:b7 ssid='cmscc' wpa_ie_len=0 rsn_ie_len=20 caps=0x31 level=-81
03-04 10:12:01.169 D/wpa_supplicant(  694): wlan0:    skip - SSID mismatch
03-04 10:12:01.169 D/wpa_supplicant(  694): wlan0: 14: 44:94:fc:3d:da:38 ssid='6300' wpa_ie_len=0 rsn_ie_len=0 caps=0x411 level=-55
03-04 10:12:01.169 D/wpa_supplicant(  694): wlan0:    skip - SSID mismatch
