03-04 10:12:01.169 D/wpa_supplicant(  694): wlan0: 15: 7a:24:af:24:0f:48 ssid='DIRECT-' wpa_ie_len=0 rsn_ie_len=0 caps=0x410 level=-85
03-04 10:12:01.169 D/wpa_supplicant(  694): wlan0:    skip - SSID mismatch
03-04 10:12:01.169 D/wpa_supplicant(  694): wlan0: 16: c0:c1:c0:76:81:3c ssid='E2000' wpa_ie_len=0 rsn_ie_len=0 caps=0x401 level=-55 wps
03-04 10:12:01.169 D/wpa_supplicant(  694): wlan0:    skip - SSID mismatch
03-04 10:12:01.169 D/wpa_supplicant(  694): wlan0: 17: 50:bd:5f:4b:29:92 ssid='Internet-2' wpa_ie_len=0 rsn_ie_len=0 caps=0x421 level=-67
03-04 10:12:01.169 D/wpa_supplicant(  694): wlan0:    skip - SSID mismatch
03-04 10:12:01.169 I/WifiHW  (  505): CMD: IFNAME=wlan0 BSS RANGE=0- MASK=0x21987
03-04 10:12:01.169 D/wpa_supplicant(  694): wlan0: Selecting BSS from priority group 15
03-04 10:12:01.169 D/wpa_supplicant(  694): wlan0: 0: c8:d7:19:60:62:f2 ssid='E3000-2.4G' wpa_ie_len=0 rsn_ie_len=20 caps=0x411 level=-48 wps
03-04 10:12:01.169 D/wpa_supplicant(  694): wlan0:    skip - SSID mismatch
03-04 10:12:01.169 D/wpa_supplicant(  694): wlan0: 1: f8:d1:11:e7:99:e8 ssid='videotest' wpa_ie_len=22 rsn_ie_len=20 caps=0x531 level=-54 wps
03-04 10:12:01.169 D/wpa_supplicant(  694): wlan0:    skip - SSID mismatch
03-04 10:12:01.169 D/wpa_supplicant(  694): wlan0: 2: 10:c3:7b:d2:e5:e0 ssid='ASUS_RT-AC66U-2.4G' wpa_ie_len=0 rsn_ie_len=20 caps=0x411 level=-54 wps
03-04 10:12:01.169 D/wpa_supplicant(  694): wlan0:    skip - SSID mismatch
03-04 10:12:01.169 D/wpa_supplicant(  694): wlan0: 3: 90:94:e4:03:45:f5 ssid='DAP-2553_D' wpa_ie_len=0 rsn_ie_len=24 caps=0x431 level=-55
03-04 10:12:01.169 D/wpa_supplicant(  694): wlan0:    skip - SSID mismatch
03-04 10:12:01.169 D/wpa_supplicant(  694): wlan0: 4: 98:fc:11:81:35:fb ssid='E2000EE' wpa_ie_len=0 rsn_ie_len=20 caps=0x411 level=-62 wps
03-04 10:12:01.169 D/wpa_supplicant(  694): wlan0:    skip - SSID mismatch
03-04 10:12:01.169 D/wpa_supplicant(  694): wlan0: 5: e4:d3:32:c0:cf:a4 ssid='fast' wpa_ie_len=0 rsn_ie_len=20 caps=0x411 level=-64
03-04 10:12:01.169 D/wpa_supplicant(  694): wlan0:    skip - SSID mismatch
03-04 10:12:01.169 D/wpa_supplicant(  694): wlan0: 6: cc:34:29:2c:fb:ec ssid='linksys' wpa_ie_len=22 rsn_ie_len=20 caps=0x431 level=-65 wps
03-04 10:12:01.169 D/wpa_supplicant(  694): wlan0:    skip - SSID mismatch
03-04 10:12:01.169 D/wpa_supplicant(  694): wlan0: 7: e4:d3:32:36:2e:54 ssid='otc' wpa_ie_len=26 rsn_ie_len=24 caps=0x411 level=-66 wps
03-04 10:12:01.169 D/wpa_supplicant(  694): wlan0:    skip - SSID mismatch
03-04 10:12:01.169 D/wpa_supplicant(  694): wlan0: 8: cc:34:29:2b:26:4c ssid='cws-test' wpa_ie_len=0 rsn_ie_len=20 caps=0x431 level=-67 wps
03-04 10:12:01.169 D/wpa_supplicant(  694): wlan0:    skip - SSID mismatch
03-04 10:12:01.169 D/wpa_supplicant(  694): wlan0: 9: c4:17:fe:3f:4f:fb ssid='cmcm' wpa_ie_len=0 rsn_ie_len=20 caps=0x511 level=-67
03-04 10:12:01.169 D/wpa_supplicant(  694): wlan0:    skip - SSID mismatch
03-04 10:12:01.169 D/wpa_supplicant(  694): wlan0: 10: b0:48:7a:51:ff:cc ssid='Neusoft TP' wpa_ie_len=22 rsn_ie_len=20 caps=0x431 level=-67 wps
03-04 10:12:01.169 D/wpa_supplicant(  694): wlan0:    skip - SSID mismatch
03-04 10:12:01.169 D/wpa_supplicant(  694): wlan0: 11: 22:48:9a:ac:31:7f ssid='WiFi874' wpa_ie_len=0 rsn_ie_len=20 caps=0x431 level=-70
03-04 10:12:01.169 D/wpa_supplicant(  694): wlan0:    skip - SSID mismatch
03-04 10:12:01.169 D/wpa_supplicant(  694): wlan0: 12: 1c:65:9d:e8:79:44 ssid='WiFi' wpa_ie_len=0 rsn_ie_len=20 caps=0x511 level=-75
03-04 10:12:01.169 D/wpa_supplicant(  694): wlan0:    skip - SSID mismatch
03-04 10:12:01.169 D/wpa_supplicant(  694): wlan0: 13: f4:b7:e2:2b:41:b7 ssid='cmscc' wpa_ie_len=0 rsn_ie_len=20 caps=0x31 level=-81
03-04 10:12:01.169 D/wpa_supplicant(  694): wlan0:    skip - SSID mismatch
03-04 10:12:01.169 D/wpa_supplicant(  694): wlan0: 14: 44:94:fc:3d:da:38 ssid='6300' wpa_ie_len=0 rsn_ie_len=0 caps=0x411 level=-55
03-04 10:12:01.169 D/wpa_supplicant(  694): wlan0:    skip - SSID mismatch
03-04 10:12:01.169 D/wpa_supplicant(  694): wlan0: 15: 7a:24:af:24:0f:48 ssid='DIRECT-' wpa_ie_len=0 rsn_ie_len=0 caps=0x410 level=-85
03-04 10:12:01.169 D/wpa_supplicant(  694): wlan0:    skip - SSID mismatch
03-04 10:12:01.169 D/wpa_supplicant(  694): wlan0: 16: c0:c1:c0:76:81:3c ssid='E2000' wpa_ie_len=0 rsn_ie_len=0 caps=0x401 level=-55 wps
03-04 10:12:01.169 D/wpa_supplicant(  694): wlan0:    skip - SSID mismatch
03-04 10:12:01.169 D/wpa_supplicant(  694): wlan0: 17: 50:bd:5f:4b:29:92 ssid='Internet-2' wpa_ie_len=0 rsn_ie_len=0 caps=0x421 level=-67
03-04 10:12:01.169 D/wpa_supplicant(  694): wlan0:    skip - SSID mismatch
03-04 10:12:01.169 D/wpa_supplicant(  694): wlan0: Selecting BSS from priority group 4
03-04 10:12:01.169 D/wpa_supplicant(  694): wlan0: 0: c8:d7:19:60:62:f2 ssid='E3000-2.4G' wpa_ie_len=0 rsn_ie_len=20 caps=0x411 level=-48 wps
03-04 10:12:01.169 D/wpa_supplicant(  694): wlan0:    skip - SSID mismatch
03-04 10:12:01.169 D/wpa_supplicant(  694): wlan0: 1: f8:d1:11:e7:99:e8 ssid='videotest' wpa_ie_len=22 rsn_ie_len=20 caps=0x531 level=-54 wps
03-04 10:12:01.169 D/wpa_supplicant(  694): wlan0:    skip - SSID mismatch
03-04 10:12:01.169 D/wpa_supplicant(  694): wlan0: 2: 10:c3:7b:d2:e5:e0 ssid='ASUS_RT-AC66U-2.4G' wpa_ie_len=0 rsn_ie_len=20 caps=0x411 level=-54 wps
03-04 10:12:01.169 D/wpa_supplicant(  694): wlan0:    skip - SSID mismatch
03-04 10:12:01.169 D/wpa_supplicant(  694): wlan0: 3: 90:94:e4:03:45:f5 ssid='DAP-2553_D' wpa_ie_len=0 rsn_ie_len=24 caps=0x431 level=-55
03-04 10:12:01.169 D/wpa_supplicant(  694): wlan0:    skip - SSID mismatch
03-04 10:12:01.169 D/wpa_supplicant(  694): wlan0: 4: 98:fc:11:81:35:fb ssid='E2000EE' wpa_ie_len=0 rsn_ie_len=20 caps=0x411 level=-62 wps
03-04 10:12:01.169 D/wpa_supplicant(  694): wlan0:    skip - SSID mismatch
03-04 10:12:01.169 D/wpa_supplicant(  694): wlan0: 5: e4:d3:32:c0:cf:a4 ssid='fast' wpa_ie_len=0 rsn_ie_len=20 caps=0x411 level=-64
03-04 10:12:01.169 D/wpa_supplicant(  694): wlan0:    skip - SSID mismatch
03-04 10:12:01.169 D/wpa_supplicant(  694): wlan0: 6: cc:34:29:2c:fb:ec ssid='linksys' wpa_ie_len=22 rsn_ie_len=20 caps=0x431 level=-65 wps
03-04 10:12:01.169 D/wpa_supplicant(  694): wlan0:    skip - SSID mismatch
03-04 10:12:01.169 D/wpa_supplicant(  694): wlan0: 7: e4:d3:32:36:2e:54 ssid='otc' wpa_ie_len=26 rsn_ie_len=24 caps=0x411 level=-66 wps
03-04 10:12:01.169 D/wpa_supplicant(  694): wlan0:    skip - SSID mismatch
03-04 10:12:01.169 D/wpa_supplicant(  694): wlan0: 8: cc:34:29:2b:26:4c ssid='cws-test' wpa_ie_len=0 rsn_ie_len=20 caps=0x431 level=-67 wps
03-04 10:12:01.169 D/wpa_supplicant(  694): wlan0:    skip - SSID mismatch
03-04 10:12:01.169 D/wpa_supplicant(  694): wlan0: 9: c4:17:fe:3f:4f:fb ssid='cmcm' wpa_ie_len=0 rsn_ie_len=20 caps=0x511 level=-67
03-04 10:12:01.169 D/wpa_supplicant(  694): wlan0:    skip - SSID mismatch
03-04 10:12:01.169 D/wpa_supplicant(  694): wlan0: 10: b0:48:7a:51:ff:cc ssid='Neusoft TP' wpa_ie_len=22 rsn_ie_len=20 caps=0x431 level=-67 wps
03-04 10:12:01.169 D/wpa_supplicant(  694): wlan0:    skip - SSID mismatch
03-04 10:12:01.169 D/wpa_supplicant(  694): wlan0: 11: 22:48:9a:ac:31:7f ssid='WiFi874' wpa_ie_len=0 rsn_ie_len=20 caps=0x431 level=-70
03-04 10:12:01.169 D/wpa_supplicant(  694): wlan0:    skip - SSID mismatch
03-04 10:12:01.169 D/wpa_supplicant(  694): wlan0: 12: 1c:65:9d:e8:79:44 ssid='WiFi' wpa_ie_len=0 rsn_ie_len=20 caps=0x511 level=-75
03-04 10:12:01.169 D/wpa_supplicant(  694): wlan0:    skip - SSID mismatch
03-04 10:12:01.169 D/wpa_supplicant(  694): wlan0: 13: f4:b7:e2:2b:41:b7 ssid='cmscc' wpa_ie_len=0 rsn_ie_len=20 caps=0x31 level=-81
03-04 10:12:01.169 D/wpa_supplicant(  694): wlan0:    skip - SSID mismatch
03-04 10:12:01.169 D/wpa_supplicant(  694): wlan0: 14: 44:94:fc:3d:da:38 ssid='6300' wpa_ie_len=0 rsn_ie_len=0 caps=0x411 level=-55
03-04 10:12:01.169 D/wpa_supplicant(  694): wlan0:    skip - SSID mismatch
03-04 10:12:01.169 D/wpa_supplicant(  694): wlan0: 15: 7a:24:af:24:0f:48 ssid='DIRECT-' wpa_ie_len=0 rsn_ie_len=0 caps=0x410 level=-85
03-04 10:12:01.169 D/wpa_supplicant(  694): wlan0:    skip - SSID mismatch
03-04 10:12:01.169 D/wpa_supplicant(  694): wlan0: 16: c0:c1:c0:76:81:3c ssid='E2000' wpa_ie_len=0 rsn_ie_len=0 caps=0x401 level=-55 wps
03-04 10:12:01.169 D/wpa_supplicant(  694): wlan0:    skip - SSID mismatch
03-04 10:12:01.169 D/wpa_supplicant(  694): wlan0: 17: 50:bd:5f:4b:29:92 ssid='Internet-2' wpa_ie_len=0 rsn_ie_len=0 caps=0x421 level=-67
03-04 10:12:01.169 D/wpa_supplicant(  694): wlan0:    skip - SSID mismatch
03-04 10:12:01.169 D/wpa_supplicant(  694): wlan0: No suitable network found
03-04 10:12:01.169 D/wpa_supplicant(  694): wlan0: Setting scan request: 40 sec 0 usec
03-04 10:12:01.169 D/wpa_supplicant(  694): wlan0: Checking for other virtual interfaces sharing same radio (phy0) in event_scan_results
03-04 10:12:01.169 D/wpa_supplicant(  694): p2p-dev-wlan0: Updating scan results from sibling
03-04 10:12:01.169 D/wpa_supplicant(  694): nl80211: Received scan results (19 BSSes)
03-04 10:12:01.169 D/wpa_supplicant(  694): nl80211: Survey data missing
03-04 10:12:01.169 D/wpa_supplicant(  694): p2p-dev-wlan0: BSS: Start scan result update 59
03-04 10:12:01.169 D/wpa_supplicant(  694): BSS: No P2P IE - skipping BSS c8:d7:19:60:62:f2 update for P2P interface
03-04 10:12:01.169 D/wpa_supplicant(  694): BSS: No P2P IE - skipping BSS f8:d1:11:e7:99:e8 update for P2P interface
03-04 10:12:01.169 D/wpa_supplicant(  694): BSS: No P2P IE - skipping BSS 10:c3:7b:d2:e5:e0 update for P2P interface
03-04 10:12:01.169 D/wpa_supplicant(  694): BSS: No P2P IE - skipping BSS 90:94:e4:03:45:f5 update for P2P interface
03-04 10:12:01.169 D/wpa_supplicant(  694): BSS: No P2P IE - skipping BSS 98:fc:11:81:35:fb update for P2P interface
03-04 10:12:01.169 D/wpa_supplicant(  694): BSS: No P2P IE - skipping BSS e4:d3:32:c0:cf:a4 update for P2P interface
03-04 10:12:01.169 D/wpa_supplicant(  694): BSS: No P2P IE - skipping BSS cc:34:29:2c:fb:ec update for P2P interface
03-04 10:12:01.169 D/wpa_supplicant(  694): BSS: No P2P IE - skipping BSS e4:d3:32:36:2e:54 update for P2P interface
03-04 10:12:01.169 D/wpa_supplicant(  694): BSS: No P2P IE - skipping BSS cc:34:29:2b:26:4c update for P2P interface
03-04 10:12:01.169 D/wpa_supplicant(  694): BSS: No P2P IE - skipping BSS c4:17:fe:3f:4f:fb update for P2P interface
03-04 10:12:01.169 D/wpa_supplicant(  694): BSS: No P2P IE - skipping BSS b0:48:7a:51:ff:cc update for P2P interface
03-04 10:12:01.169 D/wpa_supplicant(  694): BSS: No P2P IE - skipping BSS 22:48:9a:ac:31:7f update for P2P interface
03-04 10:12:01.169 D/wpa_supplicant(  694): BSS: No P2P IE - skipping BSS 1c:65:9d:e8:79:44 update for P2P interface
03-04 10:12:01.169 D/wpa_supplicant(  694): BSS: No P2P IE - skipping BSS f4:b7:e2:2b:41:b7 update for P2P interface
03-04 10:12:01.169 D/wpa_supplicant(  694): BSS: No P2P IE - skipping BSS 44:94:fc:3d:da:38 update for P2P interface
03-04 10:12:01.169 D/wpa_supplicant(  694): BSS: No P2P IE - skipping BSS 7a:24:af:24:0f:48 update for P2P interface
03-04 10:12:01.169 D/wpa_supplicant(  694): BSS: No P2P IE - skipping BSS c0:c1:c0:76:81:3c update for P2P interface
03-04 10:12:01.169 D/wpa_supplicant(  694): BSS: No P2P IE - skipping BSS 50:bd:5f:4b:29:92 update for P2P interface
03-04 10:12:01.169 D/wpa_supplicant(  694): BSS: last_scan_res_used=0/32 last_scan_full=0
03-04 10:12:01.169 D/wpa_supplicant(  694): p2p-dev-wlan0: New scan results available
03-04 10:12:01.169 D/wpa_supplicant(  694): CTRL_IFACE monitor send - hexdump(len=39): 2f 64 61 74 61 2f 6d 69 73 63 2f 77 69 66 69 2f 73 6f 63 6b 65 74 73 2f 77 70 61 5f 63 74 72 6c ...
03-04 10:12:01.169 D/wpa_supplicant(  694): WPS: AP[0] 10:c3:7b:d2:e5:e0 type=0 tries=0 last_attempt=-1 sec ago blacklist=0
03-04 10:12:01.169 D/wpa_supplicant(  694): WPS: AP[1] f8:d1:11:e7:99:e8 type=0 tries=0 last_attempt=-1 sec ago blacklist=0
03-04 10:12:01.169 D/wpa_supplicant(  694): WPS: AP[2] c8:d7:19:60:62:f2 type=0 tries=0 last_attempt=-1 sec ago blacklist=0
03-04 10:12:01.169 D/wpa_supplicant(  694): WPS: AP[3] 7a:ff:57:00:13:8e type=0 tries=0 last_attempt=-1 sec ago blacklist=0
03-04 10:12:01.169 D/wpa_supplicant(  694): WPS: AP[4] cc:34:29:2c:fb:ec type=0 tries=0 last_attempt=-1 sec ago blacklist=0
03-04 10:12:01.169 D/wpa_supplicant(  694): WPS: AP[5] cc:34:29:2b:26:4c type=0 tries=0 last_attempt=-1 sec ago blacklist=0
03-04 10:12:01.169 D/wpa_supplicant(  694): WPS: AP[6] 98:fc:11:81:35:fb type=0 tries=0 last_attempt=-1 sec ago blacklist=0
03-04 10:12:01.169 D/wpa_supplicant(  694): WPS: AP[7] c0:a0:bb:20:3b:84 type=0 tries=0 last_attempt=-1 sec ago blacklist=0
03-04 10:12:01.169 D/wpa_supplicant(  694): WPS: AP[8] c0:c1:c0:76:81:3c type=0 tries=0 last_attempt=-1 sec ago blacklist=0
03-04 10:12:01.169 D/wpa_supplicant(  694): WPS: AP[9] b0:48:7a:51:ff:cc type=0 tries=0 last_attempt=-1 sec ago blacklist=0
03-04 10:12:01.169 D/wpa_supplicant(  694): WPS: AP[10] 14:d6:4d:28:ef:c8 type=0 tries=0 last_attempt=-1 sec ago blacklist=0
03-04 10:12:01.169 I/WifiHW  (  505): EVENT: IFNAME=p2p-dev-wlan0 CTRL-EVENT-SCAN-RESULTS 
03-04 10:12:01.169 D/wpa_supplicant(  694): WPS: AP[11] e4:d3:32:36:2e:54 type=0 tries=0 last_attempt=-1 sec ago blacklist=0
03-04 10:12:01.169 D/wpa_supplicant(  694): WPS: AP[12] 02:09:4c:51:a8:28 type=0 tries=0 last_attempt=-1 sec ago blacklist=0
03-04 10:12:01.169 D/wpa_supplicant(  694): WPS: AP[13] 02:09:4c:51:28:28 type=0 tries=0 last_attempt=-1 sec ago blacklist=0
03-04 10:12:01.169 D/wpa_supplicant(  694): WPS: AP[14] 10:9f:a9:dc:b1:fc type=0 tries=0 last_attempt=-1 sec ago blacklist=0
03-04 10:12:01.169 D/wpa_supplicant(  694): WPS: AP[15] 2c:b0:5d:7f:f4:24 type=0 tries=0 last_attempt=-1 sec ago blacklist=0
03-04 10:12:01.169 D/wpa_supplicant(  694): p2p-dev-wlan0: No suitable network found
03-04 10:12:01.169 D/wpa_supplicant(  694): p2p-dev-wlan0: Short-circuit new scan request since there are no enabled networks
03-04 10:12:01.169 D/wpa_supplicant(  694): p2p-dev-wlan0: State: INACTIVE -> INACTIVE
03-04 10:12:01.169 D/wpa_supplicant(  694): wlan0: P2P: Station mode scan operation not pending anymore (sta_scan_pending=0 p2p_cb_on_scan_complete=0)
03-04 10:12:01.169 D/wpa_supplicant(  694): RX ctrl_iface - hexdump(len=25): 42 53 53 20 52 41 4e 47 45 3d 30 2d 20 4d 41 53 4b 3d 30 78 32 31 39 38 37
03-04 10:12:01.169 D/wpa_supplicant(  694): wlan0: Control interface command 'BSS RANGE=0- MASK=0x21987'
03-04 10:12:01.169 D/wpa_supplicant(  694): RTM_NEWLINK: operstate=0 ifi_flags=0x11003 ([UP][LOWER_UP])
03-04 10:12:01.169 D/wpa_supplicant(  694): RTM_NEWLINK, IFLA_IFNAME: Interface 'wlan0' added
03-04 10:12:01.169 D/wpa_supplicant(  694): nl80211: if_removed already cleared - ignore event
03-04 10:12:01.169 I/WifiHW  (  505): REPLY: id=0
03-04 10:12:01.169 I/WifiHW  (  505): REPLY: bssid=10:c3:7b:d2:e5:e0
03-04 10:12:01.169 I/WifiHW  (  505): REPLY: freq=2462
03-04 10:12:01.169 I/WifiHW  (  505): REPLY: level=-54
03-04 10:12:01.169 I/WifiHW  (  505): REPLY: tsf=0000002391377789
03-04 10:12:01.169 I/WifiHW  (  505): REPLY: flags=[WPA2-PSK-CCMP][WPS][ESS]
03-04 10:12:01.169 I/WifiHW  (  505): REPLY: ssid=ASUS_RT-AC66U-2.4G
03-04 10:12:01.169 I/WifiHW  (  505): REPLY: ====
03-04 10:12:01.169 I/WifiHW  (  505): REPLY: id=1
03-04 10:12:01.169 I/WifiHW  (  505): REPLY: bssid=f8:d1:11:e7:99:e8
03-04 10:12:01.169 I/WifiHW  (  505): REPLY: freq=2437
03-04 10:12:01.169 I/WifiHW  (  505): REPLY: level=-54
03-04 10:12:01.169 I/WifiHW  (  505): REPLY: tsf=0000002391377744
03-04 10:12:01.169 I/WifiHW  (  505): REPLY: flags=[WPA-PSK-CCMP][WPA2-PSK-CCMP][WPS][ESS]
03-04 10:12:01.169 I/WifiHW  (  505): REPLY: ssid=videotest
03-04 10:12:01.169 I/WifiHW  (  505): REPLY: ====
03-04 10:12:01.169 I/WifiHW  (  505): REPLY: id=2
03-04 10:12:01.169 I/WifiHW  (  505): REPLY: bssid=c8:d7:19:60:62:f2
03-04 10:12:01.169 I/WifiHW  (  505): REPLY: freq=2437
03-04 10:12:01.169 I/WifiHW  (  505): REPLY: level=-48
03-04 10:12:01.169 I/WifiHW  (  505): REPLY: tsf=0000002391377748
03-04 10:12:01.169 I/WifiHW  (  505): REPLY: flags=[WPA2-PSK-CCMP][WPS][ESS]
03-04 10:12:01.169 I/WifiHW  (  505): REPLY: ssid=E3000-2.4G
03-04 10:12:01.169 I/WifiHW  (  505): REPLY: ====
03-04 10:12:01.169 I/WifiHW  (  505): REPLY: id=4
03-04 10:12:01.169 I/WifiHW  (  505): REPLY: bssid=cc:34:29:2c:fb:ec
03-04 10:12:01.169 I/WifiHW  (  505): REPLY: freq=2412
03-04 10:12:01.169 I/WifiHW  (  505): REPLY: level=-65
03-04 10:12:01.169 I/WifiHW  (  505): REPLY: tsf=0000002391377730
03-04 10:12:01.169 I/WifiHW  (  505): REPLY: flags=[WPA-PSK-CCMP][WPA2-PSK-CCMP][WPS][ESS]
03-04 10:12:01.169 I/WifiHW  (  505): REPLY: ssid=linksys
03-04 10:12:01.169 I/WifiHW  (  505): REPLY: ====
03-04 10:12:01.169 I/WifiHW  (  505): REPLY: id=5
03-04 10:12:01.169 I/WifiHW  (  505): REPLY: bssid=cc:34:29:2b:26:4c
03-04 10:12:01.169 I/WifiHW  (  505): REPLY: freq=2462
03-04 10:12:01.169 I/WifiHW  (  505): REPLY: level=-67
03-04 10:12:01.169 I/WifiHW  (  505): REPLY: tsf=0000002391377773
03-04 10:12:01.169 I/WifiHW  (  505): REPLY: flags=[WPA2-PSK-CCMP][WPS][ESS]
03-04 10:12:01.169 I/WifiHW  (  505): REPLY: ssid=cws-test
03-04 10:12:01.169 I/WifiHW  (  505): REPLY: ====
03-04 10:12:01.169 I/WifiHW  (  505): REPLY: id=7
03-04 10:12:01.169 I/WifiHW  (  505): REPLY: bssid=98:fc:11:81:35:fb
03-04 10:12:01.169 I/WifiHW  (  505): REPLY: freq=2412
03-04 10:12:01.169 I/WifiHW  (  505): REPLY: level=-62
03-04 10:12:01.169 I/WifiHW  (  505): REPLY: tsf=0000002391377725
03-04 10:12:01.169 I/WifiHW  (  505): REPLY: flags=[WPA2-PSK-CCMP][WPS][ESS]
03-04 10:12:01.169 I/WifiHW  (  505): REPLY: ssid=E2000EE
03-04 10:12:01.169 I/WifiHW  (  505): REPLY: ====
03-04 10:12:01.169 I/WifiHW  (  505): REPLY: id=11
03-04 10:12:01.169 I/WifiHW  (  505): REPLY: bssid=44:94:fc:3d:da:38
03-04 10:12:01.169 I/WifiHW  (  505): REPLY: freq=2462
03-04 10:12:01.169 I/WifiHW  (  505): REPLY: level=-55
03-04 10:12:01.169 I/WifiHW  (  505): REPLY: tsf=0000002391377769
03-04 10:12:01.169 I/WifiHW  (  505): REPLY: flags=[WEP][ESS]
03-04 10:12:01.169 I/WifiHW  (  505): REPLY: ssid=6300
03-04 10:12:01.169 I/WifiHW  (  505): REPLY: ====
03-04 10:12:01.169 I/WifiHW  (  505): REPLY: id=13
03-04 10:12:01.169 I/WifiHW  (  505): REPLY: bssid=c0:c1:c0:76:81:3c
03-04 10:12:01.169 I/WifiHW  (  505): REPLY: freq=2462
03-04 10:12:01.169 I/WifiHW  (  505): REPLY: level=-55
03-04 10:12:01.169 I/WifiHW  (  505): REPLY: tsf=0000002391377776
03-04 10:12:01.169 I/WifiHW  (  505): REPLY: flags=[WPS][ESS]
03-04 10:12:01.169 I/WifiHW  (  505): REPLY: ssid=E2000
03-04 10:12:01.169 I/WifiHW  (  505): REPLY: ====
03-04 10:12:01.169 I/WifiHW  (  505): REPLY: id=61
03-04 10:12:01.169 I/WifiHW  (  505): REPLY: bssid=90:94:e4:03:45:f5
03-04 10:12:01.169 I/WifiHW  (  505): REPLY: freq=2442
03-04 10:12:01.169 I/WifiHW  (  505): REPLY: level=-55
03-04 10:12:01.169 I/WifiHW  (  505): REPLY: tsf=0000002391377737
03-04 10:12:01.169 I/WifiHW  (  505): REPLY: flags=[WPA2-PSK-CCMP+TKIP][ESS]
03-04 10:12:01.169 I/WifiHW  (  505): REPLY: ssid=DAP-2553_D
03-04 10:12:01.169 I/WifiHW  (  505): REPLY: ====
03-04 10:12:01.169 I/WifiHW  (  505): REPLY: id=67
03-04 10:12:01.169 I/WifiHW  (  505): REPLY: bssid=50:bd:5f:4b:29:92
03-04 10:12:01.169 I/WifiHW  (  505): REPLY: freq=2437
03-04 10:12:01.169 I/WifiHW  (  505): REPLY: level=-67
03-04 10:12:01.169 I/WifiHW  (  505): REPLY: tsf=0000002391377759
03-04 10:12:01.169 I/WifiHW  (  505): REPLY: flags=[ESS]
03-04 10:12:01.169 I/WifiHW  (  505): REPLY: ssid=Internet-2
03-04 10:12:01.169 I/WifiHW  (  505): REPLY: ====
03-04 10:12:01.169 I/WifiHW  (  505): REPLY: id=74
03-04 10:12:01.169 I/WifiHW  (  505): REPLY: bssid=c4:17:fe:3f:4f:fb
03-04 10:12:01.169 I/WifiHW  (  505): REPLY: freq=2437
03-04 10:12:01.169 I/WifiHW  (  505): REPLY: level=-67
03-04 10:12:01.169 I/WifiHW  (  505): REPLY: tsf=0000002391377752
03-04 10:12:01.169 I/WifiHW  (  505): REPLY: flags=[WPA2-PSK-CCMP][ESS]
03-04 10:12:01.169 I/WifiHW  (  505): REPLY: ssid=cmcm
03-04 10:12:01.169 I/WifiHW  (  505): REPLY: ====
03-04 10:12:01.169 I/WifiHW  (  505): REPLY: id=113
03-04 10:12:01.169 I/WifiHW  (  505): REPLY: bssid=e4:d3:32:36:2e:54
03-04 10:12:01.169 I/WifiHW  (  505): REPLY: freq=2472
03-04 10:12:01.169 I/WifiHW  (  505): REPLY: level=-66
03-04 10:12:01.169 I/WifiHW  (  505): REPLY: tsf=0000002391377793
03-04 10:12:01.169 I/WifiHW  (  505): REPLY: flags=[WPA-PSK-CCMP+TKIP][WPA2-PSK-CCMP+TKIP][WPS][ESS]
03-04 10:12:01.169 I/WifiHW  (  505): REPLY: ssid=otc
03-04 10:12:01.169 I/WifiHW  (  505): REPLY: ====
03-04 10:12:01.169 I/WifiHW  (  505): REPLY: id=117
03-04 10:12:01.169 I/WifiHW  (  505): REPLY: bssid=b0:48:7a:51:ff:cc
03-04 10:12:01.169 I/WifiHW  (  505): REPLY: freq=2452
03-04 10:12:01.169 I/WifiHW  (  505): REPLY: level=-67
03-04 10:12:01.169 I/WifiHW  (  505): REPLY: tsf=0000002391377780
03-04 10:12:01.169 I/WifiHW  (  505): REPLY: flags=[WPA-PSK-CCMP][WPA2-PSK-CCMP][WPS][ESS]
03-04 10:12:01.169 I/WifiHW  (  505): REPLY: ssid=Neusoft TP
03-04 10:12:01.169 I/WifiHW  (  505): REPLY: ====
03-04 10:12:01.169 I/WifiHW  (  505): REPLY: id=121
03-04 10:12:01.169 I/WifiHW  (  505): REPLY: bssid=c0:a0:bb:20:3b:84
03-04 10:12:01.169 I/WifiHW  (  505): REPLY: freq=2417
03-04 10:12:01.169 I/WifiHW  (  505): REPLY: level=-75
03-04 10:12:01.169 I/WifiHW  (  505): REPLY: tsf=0000002350123254
03-04 10:12:01.169 I/WifiHW  (  505): REPLY: flags=[WPA-PSK-CCMP+TKIP][WPA2-PSK-CCMP+TKIP][WPS][ESS]
03-04 10:12:01.169 I/WifiHW  (  505): REPLY: ssid=dlink-3B84
03-04 10:12:01.169 I/WifiHW  (  505): REPLY: ====
03-04 10:12:01.169 I/WifiHW  (  505): REPLY: id=129
03-04 10:12:01.169 I/WifiHW  (  505): REPLY: bssid=cc:b2:55:e2:84:70
03-04 10:12:01.169 I/WifiHW  (  505): REPLY: freq=2447
03-04 10:12:01.169 I/WifiHW  (  505): REPLY: level=-63
03-04 10:12:01.169 I/WifiHW  (  505): REPLY: tsf=0000002350123298
03-04 10:12:01.169 I/WifiHW  (  505): REPLY: flags=[WPA-PSK-TKIP][WPA2-PSK-TKIP][ESS]
03-04 10:12:01.169 I/WifiHW  (  505): REPLY: ssid=DLINK_APK
03-04 10:12:01.169 I/WifiHW  (  505): REPLY: ====
03-04 10:12:01.169 I/WifiHW  (  505): REPLY: id=130
03-04 10:12:01.169 I/WifiHW  (  505): REPLY: bssid=e4:d3:32:c0:cf:a4
03-04 10:12:01.169 I/WifiHW  (  505): REPLY: freq=2437
03-04 10:12:01.169 I/WifiHW  (  505): REPLY: level=-64
03-04 10:12:01.169 I/WifiHW  (  505): REPLY: tsf=0000002391377741
03-04 10:12:01.169 I/WifiHW  (  505): REPLY: flags=[WPA2-PSK-CCMP][ESS]
03-04 10:12:01.169 I/WifiHW  (  505): REPLY: ssid=fast
03-04 10:12:01.169 I/WifiHW  (  505): REPLY: ====
03-04 10:12:01.169 I/WifiHW  (  505): REPLY: id=131
03-04 10:12:01.169 I/WifiHW  (  505): REPLY: bssid=22:48:9a:ac:31:7f
03-04 10:12:01.169 I/WifiHW  (  505): REPLY: freq=2437
03-04 10:12:01.169 I/WifiHW  (  505): REPLY: level=-70
03-04 10:12:01.169 I/WifiHW  (  505): REPLY: tsf=0000002391377756
03-04 10:12:01.169 I/WifiHW  (  505): REPLY: flags=[WPA2-PSK-CCMP][ESS]
03-04 10:12:01.169 I/WifiHW  (  505): REPLY: ssid=WiFi874
03-04 10:12:01.169 I/WifiHW  (  505): REPLY: ====
03-04 10:12:01.169 I/WifiHW  (  505): REPLY: id=132
03-04 10:12:01.169 I/WifiHW  (  505): REPLY: bssid=1c:65:9d:e8:79:44
03-04 10:12:01.169 I/WifiHW  (  505): REPLY: freq=2437
03-04 10:12:01.169 I/WifiHW  (  505): REPLY: level=-75
03-04 10:12:01.169 I/WifiHW  (  505): REPLY: tsf=0000002391377766
03-04 10:12:01.169 I/WifiHW  (  505): REPLY: flags=[WPA2-PSK-CCMP][ESS]
03-04 10:12:01.169 I/WifiHW  (  505): REPLY: ssid=WiFi
03-04 10:12:01.169 I/WifiHW  (  505): REPLY: ====
03-04 10:12:01.169 I/WifiHW  (  505): REPLY: id=133
03-04 10:12:01.169 I/WifiHW  (  505): REPLY: bssid=f4:b7:e2:2b:41:b7
03-04 10:12:01.169 I/WifiHW  (  505): REPLY: freq=2437
03-04 10:12:01.169 I/WifiHW  (  505): REPLY: level=-81
03-04 10:12:01.169 I/WifiHW  (  505): REPLY: tsf=0000002391377762
03-04 10:12:01.169 I/WifiHW  (  505): REPLY: flags=[WPA2-PSK-CCMP][ESS]
03-04 10:12:01.169 I/WifiHW  (  505): REPLY: ssid=cmscc
03-04 10:12:01.169 I/WifiHW  (  505): REPLY: ====
03-04 10:12:01.169 I/WifiHW  (  505): REPLY: id=134
03-04 10:12:01.169 I/WifiHW  (  505): REPLY: bssid=7a:24:af:24:0f:48
03-04 10:12:01.169 I/WifiHW  (  505): REPLY: freq=2412
03-04 10:12:01.169 I/WifiHW  (  505): REPLY: level=-85
03-04 10:12:01.169 I/WifiHW  (  505): REPLY: tsf=0000002391377734
03-04 10:12:01.169 I/WifiHW  (  505): REPLY: flags=[WEP]
03-04 10:12:01.169 I/WifiHW  (  505): REPLY: ssid=DIRECT-
03-04 10:12:01.169 I/WifiHW  (  505): REPLY: ####
03-04 10:12:01.619 W/BindingManager( 6052): Cannot call determinedVisibility() - never saw a connection for the pid: 6052
03-04 10:12:02.339 W/BindingManager( 6052): Cannot call determinedVisibility() - never saw a connection for the pid: 6052
03-04 10:12:02.999 W/BindingManager( 6052): Cannot call determinedVisibility() - never saw a connection for the pid: 6052
03-04 10:12:05.409 W/BindingManager( 6052): Cannot call determinedVisibility() - never saw a connection for the pid: 6052
03-04 10:12:06.539 W/BindingManager( 6052): Cannot call determinedVisibility() - never saw a connection for the pid: 6052
03-04 10:12:08.199 W/BindingManager( 6052): Cannot call determinedVisibility() - never saw a connection for the pid: 6052
03-04 10:12:08.529 W/BindingManager( 6052): Cannot call determinedVisibility() - never saw a connection for the pid: 6052
03-04 10:12:09.529 D/EVENT_THREAD(  182): void CEventThread::run() POLLIN event on Fd (1)
03-04 10:12:09.529 D/EVENT_THREAD(  182): void CEventThread::run() Do poll with timeout: -1
03-04 10:12:09.609 W/ufoGralloc(  170): registerBuffer() handle 0xb95aa190/40 didn't require registration
03-04 10:12:09.639 D/dalvikvm(  505): GC_FOR_ALLOC freed 1305K, 23% free 15468K/19864K, paused 21ms, total 21ms
03-04 10:12:09.649 D/CordovaActivity( 6052): Paused the application!
03-04 10:12:09.649 D/CordovaWebView( 6052): Handle the pause
03-04 10:12:09.649 D/WindowManager(  505): adjustConfigurationLw, config:{1.0 ?mcc?mnc ?locale ?layoutDir sw600dp w600dp h888dp 213dpi lrg port ?uimode ?night finger -keyb/v/h -nav/v} mLidState:1 mHasDockFeature:false mHasKeyboardFeature:false mHasHallSensorFeature:true config.hardKeyboardHidden:2
03-04 10:12:09.649 V/WeatherTimeProvider( 1102): widget on Visibility Changed
03-04 10:12:09.649 I/ActivityManager(  505): [TopPkgCurBat]	NowPkgName[com.asus.launcher]	Battery[54]	TimeTick[1425435129663]	OldPkgName[org.xwalk.webapi_service_tests]
03-04 10:12:09.659 I/chromium( 6052): [INFO:CONSOLE(1)] "exception firing pause event from native", source:  (1)
03-04 10:12:09.669 D/        (  696): Pixel Format : GGL_PIXEL_FORMAT_RGBA_8888
03-04 10:12:09.669 W/IInputConnectionWrapper( 6052): showStatusIcon on inactive InputConnection
03-04 10:12:09.669 D/XT9IME  (  728): new subtype :en_US ,keyboard
03-04 10:12:09.699 D/ImageWallpaper(  571): onVisibilityChanged: mVisible, visible=false, true
03-04 10:12:09.699 D/ImageWallpaper(  571): Visibility changed to visible=true
03-04 10:12:09.699 D/ImageWallpaper(  571): Suppressed drawFrame since redraw is not needed and offsets have not changed.
03-04 10:12:09.699 D/BatteryStatsImpl(  505): noteStopWakeLocked system isFromForeground = false
03-04 10:12:09.719 D/        ( 6052): Surface destroy: ANDROID_NATIVE_WINDOW_MAGIC
03-04 10:12:09.719 D/        ( 6052): Surface destroy: ANDROID_NATIVE_WINDOW_MAGIC
03-04 10:12:09.719 D/AndroidRuntime( 6326): 
03-04 10:12:09.719 D/AndroidRuntime( 6326): >>>>>> AndroidRuntime START com.android.internal.os.RuntimeInit <<<<<<
03-04 10:12:09.719 D/AndroidRuntime( 6326): CheckJNI is OFF
03-04 10:12:09.719 I/AndroidRuntime( 6326): Kernel Release Version: 3.10.20-gf818079
03-04 10:12:09.719 I/dalvikvm( 6326): No library specified. The standard exception handler will be used
03-04 10:12:09.729 I/dalvikvm( 6326): 
03-04 10:12:09.729 I/dalvikvm( 6326): +++++++++++++ Using PCG. +++++++++++++++++++++
03-04 10:12:09.739 D/dalvikvm( 6326): Trying to load lib libjavacore.so 0x0
03-04 10:12:09.739 D/dalvikvm( 6326): Added shared lib libjavacore.so 0x0
03-04 10:12:09.739 D/dalvikvm( 6326): Trying to load lib libnativehelper.so 0x0
03-04 10:12:09.739 D/dalvikvm( 6326): Added shared lib libnativehelper.so 0x0
03-04 10:12:09.739 D/dalvikvm( 6326): No JNI_OnLoad found in libnativehelper.so 0x0, skipping init
03-04 10:12:09.749 D/dalvikvm( 6326): Extra Options: not specified
03-04 10:12:09.759 D/dalvikvm( 6326): Note: class Landroid/app/ActivityManagerNative; has 186 unimplemented (abstract) methods
03-04 10:12:09.849 E/memtrack( 6326): Couldn't load memtrack module (No such file or directory)
03-04 10:12:09.849 E/android.os.Debug( 6326): failed to load memtrack module: -2
03-04 10:12:09.889 D/AndroidRuntime( 6326): Calling main entry com.android.commands.am.Am
03-04 10:12:09.919 I/ActivityManager(  505): Force stopping org.xwalk.webapi_service_tests appid=10391 user=0: from pid 6326
03-04 10:12:09.919 I/SecurityManagerService(  602): SMS received security event: App[STOP/org.xwalk.webapi_service_tests]
03-04 10:12:09.919 D/AndroidRuntime( 6326): Shutting down VM
03-04 10:12:09.919 I/ActivityManager(  505): Killing 6052:org.xwalk.webapi_service_tests/u0a391 (adj 1): stop org.xwalk.webapi_service_tests
03-04 10:12:09.939 D/dalvikvm( 6326): GC_CONCURRENT freed 112K, 16% free 666K/792K, paused 0ms+0ms, total 1ms
03-04 10:12:09.939 W/InputDispatcher(  505): channel '21fa7ea0 org.xwalk.webapi_service_tests/org.xwalk.webapi_service_tests.webapi_service_tests (server)' ~ Consumer closed input channel or an error occurred.  events=0x9
03-04 10:12:09.939 E/InputDispatcher(  505): channel '21fa7ea0 org.xwalk.webapi_service_tests/org.xwalk.webapi_service_tests.webapi_service_tests (server)' ~ Channel is unrecoverably broken and will be disposed!
03-04 10:12:09.939 D/dalvikvm( 6326): Compiler shutdown in progress - discarding request
03-04 10:12:09.939 D/dalvikvm( 6326): Compiler shutdown in progress - discarding request
03-04 10:12:09.939 D/dalvikvm( 6326): Compiler shutdown in progress - discarding request
03-04 10:12:09.939 D/dalvikvm( 6326): Compiler shutdown in progress - discarding request
03-04 10:12:09.939 D/dalvikvm( 6326): Compiler shutdown in progress - discarding request
03-04 10:12:09.939 D/dalvikvm( 6326): Compiler shutdown in progress - discarding request
03-04 10:12:09.939 D/dalvikvm( 6326): Compiler shutdown in progress - discarding request
03-04 10:12:09.939 D/dalvikvm( 6326): Compiler shutdown in progress - discarding request
03-04 10:12:09.939 D/dalvikvm( 6326): Compiler shutdown in progress - discarding request
03-04 10:12:09.939 D/dalvikvm( 6326): Compiler shutdown in progress - discarding request
03-04 10:12:09.939 D/dalvikvm( 6326): Compiler shutdown in progress - discarding request
03-04 10:12:09.939 D/dalvikvm( 6326): Compiler shutdown in progress - discarding request
03-04 10:12:09.939 D/dalvikvm( 6326): Compiler shutdown in progress - discarding request
03-04 10:12:09.939 D/dalvikvm( 6326): Compiler shutdown in progress - discarding request
03-04 10:12:09.939 D/dalvikvm( 6326): Compiler shutdown in progress - discarding request
03-04 10:12:09.939 D/dalvikvm( 6326): Compiler shutdown in progress - discarding request
03-04 10:12:09.939 D/dalvikvm( 6326): Compiler shutdown in progress - discarding request
03-04 10:12:09.939 D/dalvikvm( 6326): Compiler shutdown in progress - discarding request
03-04 10:12:09.939 D/dalvikvm( 6326): Compiler shutdown in progress - discarding request
03-04 10:12:09.939 D/dalvikvm( 6326): Compiler shutdown in progress - discarding request
03-04 10:12:09.939 D/dalvikvm( 6326): Compiler shutdown in progress - discarding request
03-04 10:12:09.939 D/dalvikvm( 6326): Compiler shutdown in progress - discarding request
03-04 10:12:09.939 D/dalvikvm( 6326): Compiler shutdown in progress - discarding request
03-04 10:12:09.939 D/dalvikvm( 6326): Compiler shutdown in progress - discarding request
03-04 10:12:09.939 D/dalvikvm( 6326): Compiler shutdown in progress - discarding request
03-04 10:12:09.939 D/dalvikvm( 6326): Compiler shutdown in progress - discarding request
03-04 10:12:09.939 D/dalvikvm( 6326): Compiler shutdown in progress - discarding request
03-04 10:12:09.939 D/dalvikvm( 6326): Compiler shutdown in progress - discarding request
03-04 10:12:09.939 D/dalvikvm( 6326): Compiler shutdown in progress - discarding request
03-04 10:12:09.939 D/dalvikvm( 6326): Compiler shutdown in progress - discarding request
03-04 10:12:09.939 D/dalvikvm( 6326): Compiler shutdown in progress - discarding request
03-04 10:12:09.939 D/dalvikvm( 6326): Compiler shutdown in progress - discarding request
03-04 10:12:09.939 D/dalvikvm( 6326): Compiler shutdown in progress - discarding request
03-04 10:12:09.939 D/dalvikvm( 6326): Compiler shutdown in progress - discarding request
03-04 10:12:09.939 D/dalvikvm( 6326): Compiler shutdown in progress - discarding request
03-04 10:12:09.939 D/dalvikvm( 6326): Compiler shutdown in progress - discarding request
03-04 10:12:09.939 D/dalvikvm( 6326): Compiler shutdown in progress - discarding request
03-04 10:12:09.939 D/dalvikvm( 6326): Compiler shutdown in progress - discarding request
03-04 10:12:09.939 D/dalvikvm( 6326): Compiler shutdown in progress - discarding request
03-04 10:12:09.939 D/dalvikvm( 6326): Compiler shutdown in progress - discarding request
03-04 10:12:09.939 D/dalvikvm( 6326): Compiler shutdown in progress - discarding request
03-04 10:12:09.939 D/dalvikvm( 6326): Compiler shutdown in progress - discarding request
03-04 10:12:09.939 D/dalvikvm( 6326): Compiler shutdown in progress - discarding request
03-04 10:12:09.939 D/dalvikvm( 6326): Compiler shutdown in progress - discarding request
03-04 10:12:09.949 W/InputDispatcher(  505): Attempted to unregister already unregistered input channel '21fa7ea0 org.xwalk.webapi_service_tests/org.xwalk.webapi_service_tests.webapi_service_tests (server)'
03-04 10:12:09.949 I/WindowState(  505): WIN DEATH: Window{21fa7ea0 u0 org.xwalk.webapi_service_tests/org.xwalk.webapi_service_tests.webapi_service_tests EXITING}
