02-27 17:57:15.626 D/dalvikvm(32220): Compiler shutdown in progress - discarding request
02-27 17:57:15.626 D/dalvikvm(32220): Compiler shutdown in progress - discarding request
02-27 17:57:15.626 D/dalvikvm(32220): Compiler shutdown in progress - discarding request
02-27 17:57:15.626 D/dalvikvm(32220): Compiler shutdown in progress - discarding request
02-27 17:57:15.626 D/dalvikvm(32220): Compiler shutdown in progress - discarding request
02-27 17:57:15.626 D/dalvikvm(32220): Compiler shutdown in progress - discarding request
02-27 17:57:15.626 D/dalvikvm(32220): Compiler shutdown in progress - discarding request
02-27 17:57:15.626 D/dalvikvm(32220): Compiler shutdown in progress - discarding request
02-27 17:57:15.626 D/dalvikvm(32220): Compiler shutdown in progress - discarding request
02-27 17:57:15.626 D/dalvikvm(32220): Compiler shutdown in progress - discarding request
02-27 17:57:15.626 D/dalvikvm(32220): Compiler shutdown in progress - discarding request
02-27 17:57:15.626 D/dalvikvm(32220): Compiler shutdown in progress - discarding request
02-27 17:57:15.626 D/dalvikvm(32220): Compiler shutdown in progress - discarding request
02-27 17:57:15.626 D/dalvikvm(32220): Compiler shutdown in progress - discarding request
02-27 17:57:15.626 D/dalvikvm(32220): Compiler shutdown in progress - discarding request
02-27 17:57:15.626 D/dalvikvm(32220): Compiler shutdown in progress - discarding request
02-27 17:57:15.626 D/dalvikvm(32220): Compiler shutdown in progress - discarding request
02-27 17:57:15.626 D/dalvikvm(32220): Compiler shutdown in progress - discarding request
02-27 17:57:15.626 D/dalvikvm(32220): Compiler shutdown in progress - discarding request
02-27 17:57:15.626 D/dalvikvm(32220): Compiler shutdown in progress - discarding request
02-27 17:57:15.626 D/dalvikvm(32220): Compiler shutdown in progress - discarding request
02-27 17:57:15.626 D/dalvikvm(32220): Compiler shutdown in progress - discarding request
02-27 17:57:15.626 D/dalvikvm(32220): Compiler shutdown in progress - discarding request
02-27 17:57:15.626 D/dalvikvm(32220): Compiler shutdown in progress - discarding request
02-27 17:57:15.626 D/dalvikvm(32220): Compiler shutdown in progress - discarding request
02-27 17:57:15.626 D/dalvikvm(32220): Compiler shutdown in progress - discarding request
02-27 17:57:15.626 D/dalvikvm(32220): Compiler shutdown in progress - discarding request
02-27 17:57:15.626 D/dalvikvm(32220): Compiler shutdown in progress - discarding request
02-27 17:57:15.626 D/dalvikvm(32220): Compiler shutdown in progress - discarding request
02-27 17:57:16.046 D/AndroidRuntime(32231): 
02-27 17:57:16.046 D/AndroidRuntime(32231): >>>>>> AndroidRuntime START com.android.internal.os.RuntimeInit <<<<<<
02-27 17:57:16.046 D/AndroidRuntime(32231): CheckJNI is OFF
02-27 17:57:16.046 I/AndroidRuntime(32231): Kernel Release Version: 3.10.20-gf818079
02-27 17:57:16.046 I/dalvikvm(32231): No library specified. The standard exception handler will be used
02-27 17:57:16.046 I/dalvikvm(32231): 
02-27 17:57:16.046 I/dalvikvm(32231): +++++++++++++ Using PCG. +++++++++++++++++++++
02-27 17:57:16.056 D/dalvikvm(32231): Trying to load lib libjavacore.so 0x0
02-27 17:57:16.056 D/dalvikvm(32231): Added shared lib libjavacore.so 0x0
02-27 17:57:16.056 D/dalvikvm(32231): Trying to load lib libnativehelper.so 0x0
02-27 17:57:16.056 D/dalvikvm(32231): Added shared lib libnativehelper.so 0x0
02-27 17:57:16.056 D/dalvikvm(32231): No JNI_OnLoad found in libnativehelper.so 0x0, skipping init
02-27 17:57:16.066 D/dalvikvm(32231): Extra Options: not specified
02-27 17:57:16.076 D/dalvikvm(32231): Note: class Landroid/app/ActivityManagerNative; has 186 unimplemented (abstract) methods
02-27 17:57:16.146 E/memtrack(32231): Couldn't load memtrack module (No such file or directory)
02-27 17:57:16.146 E/android.os.Debug(32231): failed to load memtrack module: -2
02-27 17:57:16.186 D/AndroidRuntime(32231): Calling main entry com.android.commands.am.Am
02-27 17:57:16.216 D/AndroidRuntime(32231): Shutting down VM
02-27 17:57:16.216 D/dalvikvm(32231): GC_CONCURRENT freed 117K, 17% free 670K/800K, paused 0ms+1ms, total 1ms
02-27 17:57:16.216 I/ActivityManager(  505): START u0 {flg=0x10000000 cmp=org.xwalk.webapi_noneservice_tests/.webapi_noneservice_tests} from pid 32231
02-27 17:57:16.226 D/dalvikvm(32231): Compiler shutdown in progress - discarding request
02-27 17:57:16.226 D/dalvikvm(32231): Compiler shutdown in progress - discarding request
02-27 17:57:16.226 D/dalvikvm(32231): Compiler shutdown in progress - discarding request
02-27 17:57:16.226 D/dalvikvm(32231): Compiler shutdown in progress - discarding request
02-27 17:57:16.226 D/dalvikvm(32231): Compiler shutdown in progress - discarding request
02-27 17:57:16.226 D/dalvikvm(32231): Compiler shutdown in progress - discarding request
02-27 17:57:16.226 D/dalvikvm(32231): Compiler shutdown in progress - discarding request
02-27 17:57:16.226 D/dalvikvm(32231): Compiler shutdown in progress - discarding request
02-27 17:57:16.226 D/dalvikvm(32231): Compiler shutdown in progress - discarding request
02-27 17:57:16.226 D/dalvikvm(32231): Compiler shutdown in progress - discarding request
02-27 17:57:16.226 D/dalvikvm(32231): Compiler shutdown in progress - discarding request
02-27 17:57:16.226 D/dalvikvm(32231): Compiler shutdown in progress - discarding request
02-27 17:57:16.226 D/dalvikvm(32231): Compiler shutdown in progress - discarding request
02-27 17:57:16.226 D/dalvikvm(32231): Compiler shutdown in progress - discarding request
02-27 17:57:16.226 D/dalvikvm(32231): Compiler shutdown in progress - discarding request
02-27 17:57:16.226 D/dalvikvm(32231): Compiler shutdown in progress - discarding request
02-27 17:57:16.226 D/dalvikvm(32231): Compiler shutdown in progress - discarding request
02-27 17:57:16.226 D/dalvikvm(32231): Compiler shutdown in progress - discarding request
02-27 17:57:16.226 D/dalvikvm(32231): Compiler shutdown in progress - discarding request
02-27 17:57:16.226 D/dalvikvm(32231): Compiler shutdown in progress - discarding request
02-27 17:57:16.226 D/dalvikvm(32231): Compiler shutdown in progress - discarding request
02-27 17:57:16.226 D/dalvikvm(32231): Compiler shutdown in progress - discarding request
02-27 17:57:16.226 D/dalvikvm(32231): Compiler shutdown in progress - discarding request
02-27 17:57:16.226 D/dalvikvm(32231): Compiler shutdown in progress - discarding request
02-27 17:57:16.226 D/dalvikvm(32231): Compiler shutdown in progress - discarding request
02-27 17:57:16.226 D/dalvikvm(32231): Compiler shutdown in progress - discarding request
02-27 17:57:16.226 D/dalvikvm(32231): Compiler shutdown in progress - discarding request
02-27 17:57:16.226 D/dalvikvm(32231): Compiler shutdown in progress - discarding request
02-27 17:57:16.226 D/dalvikvm(32231): Compiler shutdown in progress - discarding request
02-27 17:57:16.226 D/dalvikvm(32231): Compiler shutdown in progress - discarding request
02-27 17:57:16.226 D/dalvikvm(32231): Compiler shutdown in progress - discarding request
02-27 17:57:16.226 D/dalvikvm(32231): Compiler shutdown in progress - discarding request
02-27 17:57:16.226 D/dalvikvm(32231): Compiler shutdown in progress - discarding request
02-27 17:57:16.226 D/dalvikvm(32231): Compiler shutdown in progress - discarding request
02-27 17:57:16.226 D/dalvikvm(32231): Compiler shutdown in progress - discarding request
02-27 17:57:16.226 D/dalvikvm(32231): Compiler shutdown in progress - discarding request
02-27 17:57:16.226 D/dalvikvm(32231): Compiler shutdown in progress - discarding request
02-27 17:57:16.226 D/dalvikvm(32231): Compiler shutdown in progress - discarding request
02-27 17:57:16.226 D/dalvikvm(32231): Compiler shutdown in progress - discarding request
02-27 17:57:16.226 D/dalvikvm(32231): Compiler shutdown in progress - discarding request
02-27 17:57:16.226 D/dalvikvm(32231): Compiler shutdown in progress - discarding request
02-27 17:57:16.226 D/dalvikvm(32231): Compiler shutdown in progress - discarding request
02-27 17:57:16.226 D/dalvikvm(32231): Compiler shutdown in progress - discarding request
02-27 17:57:16.226 D/dalvikvm(32231): Compiler shutdown in progress - discarding request
02-27 17:57:16.226 D/dalvikvm(32231): Compiler shutdown in progress - discarding request
02-27 17:57:16.226 D/dalvikvm(32231): Compiler shutdown in progress - discarding request
02-27 17:57:16.226 D/dalvikvm(32231): Compiler shutdown in progress - discarding request
02-27 17:57:16.226 D/dalvikvm(32231): Compiler shutdown in progress - discarding request
02-27 17:57:16.226 D/dalvikvm(32231): Compiler shutdown in progress - discarding request
02-27 17:57:16.226 D/dalvikvm(32231): Compiler shutdown in progress - discarding request
02-27 17:57:16.226 D/dalvikvm(32231): Compiler shutdown in progress - discarding request
02-27 17:57:16.646 D/AndroidRuntime(32242): 
02-27 17:57:16.646 D/AndroidRuntime(32242): >>>>>> AndroidRuntime START com.android.internal.os.RuntimeInit <<<<<<
02-27 17:57:16.646 D/AndroidRuntime(32242): CheckJNI is OFF
02-27 17:57:16.646 I/AndroidRuntime(32242): Kernel Release Version: 3.10.20-gf818079
02-27 17:57:16.646 I/dalvikvm(32242): No library specified. The standard exception handler will be used
02-27 17:57:16.656 I/dalvikvm(32242): 
02-27 17:57:16.656 I/dalvikvm(32242): +++++++++++++ Using PCG. +++++++++++++++++++++
02-27 17:57:16.656 D/dalvikvm(32242): Trying to load lib libjavacore.so 0x0
02-27 17:57:16.666 D/dalvikvm(32242): Added shared lib libjavacore.so 0x0
02-27 17:57:16.666 D/dalvikvm(32242): Trying to load lib libnativehelper.so 0x0
02-27 17:57:16.666 D/dalvikvm(32242): Added shared lib libnativehelper.so 0x0
02-27 17:57:16.666 D/dalvikvm(32242): No JNI_OnLoad found in libnativehelper.so 0x0, skipping init
02-27 17:57:16.666 D/dalvikvm(32242): Extra Options: not specified
02-27 17:57:16.676 D/dalvikvm(32242): Note: class Landroid/app/ActivityManagerNative; has 186 unimplemented (abstract) methods
02-27 17:57:16.746 E/memtrack(32242): Couldn't load memtrack module (No such file or directory)
02-27 17:57:16.746 E/android.os.Debug(32242): failed to load memtrack module: -2
02-27 17:57:16.786 D/AndroidRuntime(32242): Calling main entry com.android.commands.am.Am
02-27 17:57:16.816 D/AndroidRuntime(32242): Shutting down VM
02-27 17:57:16.816 I/SecurityManagerService(  600): SMS received security event: App[START/org.xwalk.webapi_noneservice_tests]
02-27 17:57:16.816 D/dalvikvm(32242): GC_CONCURRENT freed 114K, 17% free 669K/800K, paused 0ms+0ms, total 2ms
02-27 17:57:16.816 I/ActivityManager(  505): START u0 {flg=0x10000000 cmp=org.xwalk.webapi_noneservice_tests/.WebapiNoneserviceTestsActivity} from pid 32242
02-27 17:57:16.826 D/dalvikvm(32242): Compiler shutdown in progress - discarding request
02-27 17:57:16.826 D/dalvikvm(32242): Compiler shutdown in progress - discarding request
02-27 17:57:16.826 D/dalvikvm(32242): Compiler shutdown in progress - discarding request
02-27 17:57:16.826 D/dalvikvm(32242): Compiler shutdown in progress - discarding request
02-27 17:57:16.826 D/dalvikvm(32242): Compiler shutdown in progress - discarding request
02-27 17:57:16.826 D/dalvikvm(32242): Compiler shutdown in progress - discarding request
02-27 17:57:16.826 D/dalvikvm(32242): Compiler shutdown in progress - discarding request
02-27 17:57:16.826 D/dalvikvm(32242): Compiler shutdown in progress - discarding request
02-27 17:57:16.826 D/dalvikvm(32242): Compiler shutdown in progress - discarding request
02-27 17:57:16.826 D/dalvikvm(32242): Compiler shutdown in progress - discarding request
02-27 17:57:16.826 D/dalvikvm(32242): Compiler shutdown in progress - discarding request
02-27 17:57:16.826 D/dalvikvm(32242): Compiler shutdown in progress - discarding request
02-27 17:57:16.826 D/dalvikvm(32242): Compiler shutdown in progress - discarding request
02-27 17:57:16.826 D/dalvikvm(32242): Compiler shutdown in progress - discarding request
02-27 17:57:16.826 D/dalvikvm(32242): Compiler shutdown in progress - discarding request
02-27 17:57:16.826 D/dalvikvm(32242): Compiler shutdown in progress - discarding request
02-27 17:57:16.826 D/dalvikvm(32242): Compiler shutdown in progress - discarding request
02-27 17:57:16.826 D/dalvikvm(32242): Compiler shutdown in progress - discarding request
02-27 17:57:16.826 D/dalvikvm(32242): Compiler shutdown in progress - discarding request
02-27 17:57:16.826 D/dalvikvm(32242): Compiler shutdown in progress - discarding request
02-27 17:57:16.826 D/dalvikvm(32242): Compiler shutdown in progress - discarding request
02-27 17:57:16.826 D/dalvikvm(32242): Compiler shutdown in progress - discarding request
02-27 17:57:16.826 D/dalvikvm(32242): Compiler shutdown in progress - discarding request
02-27 17:57:16.826 D/dalvikvm(32242): Compiler shutdown in progress - discarding request
02-27 17:57:16.826 D/dalvikvm(32242): Compiler shutdown in progress - discarding request
02-27 17:57:16.826 D/dalvikvm(32242): Compiler shutdown in progress - discarding request
02-27 17:57:16.826 D/dalvikvm(32242): Compiler shutdown in progress - discarding request
02-27 17:57:16.826 D/dalvikvm(32242): Compiler shutdown in progress - discarding request
02-27 17:57:16.826 D/dalvikvm(32242): Compiler shutdown in progress - discarding request
02-27 17:57:16.826 D/dalvikvm(32242): Compiler shutdown in progress - discarding request
02-27 17:57:16.826 D/dalvikvm(32242): Compiler shutdown in progress - discarding request
02-27 17:57:16.826 D/dalvikvm(32242): Compiler shutdown in progress - discarding request
02-27 17:57:16.826 D/dalvikvm(32242): Compiler shutdown in progress - discarding request
02-27 17:57:16.826 D/dalvikvm(32242): Compiler shutdown in progress - discarding request
02-27 17:57:16.826 D/dalvikvm(32242): Compiler shutdown in progress - discarding request
02-27 17:57:16.826 D/dalvikvm(32242): Compiler shutdown in progress - discarding request
02-27 17:57:16.826 D/dalvikvm(32242): Compiler shutdown in progress - discarding request
02-27 17:57:16.826 D/dalvikvm(32242): Compiler shutdown in progress - discarding request
02-27 17:57:16.826 D/dalvikvm(32242): Compiler shutdown in progress - discarding request
02-27 17:57:16.826 D/dalvikvm(32242): Compiler shutdown in progress - discarding request
02-27 17:57:16.826 D/dalvikvm(32242): Compiler shutdown in progress - discarding request
02-27 17:57:16.826 D/dalvikvm(32242): Compiler shutdown in progress - discarding request
02-27 17:57:16.826 D/dalvikvm(32242): Compiler shutdown in progress - discarding request
02-27 17:57:16.826 D/dalvikvm(32242): Compiler shutdown in progress - discarding request
02-27 17:57:16.826 D/dalvikvm(32242): Compiler shutdown in progress - discarding request
02-27 17:57:16.826 D/dalvikvm(32242): Compiler shutdown in progress - discarding request
02-27 17:57:16.826 D/dalvikvm(32253): Process 32253 nice name: org.xwalk.webapi_noneservice_tests
02-27 17:57:16.826 D/dalvikvm(32253): Extra Options: not specified
02-27 17:57:16.826 I/ActivityManager(  505): Start proc org.xwalk.webapi_noneservice_tests for activity org.xwalk.webapi_noneservice_tests/.WebapiNoneserviceTestsActivity: pid=32253 uid=10085 gids={50085, 3003, 1028, 1015}
02-27 17:57:16.836 D/dalvikvm(  172): GC_EXPLICIT freed 46K, 2% free 5801K/5892K, paused 1ms+1ms, total 14ms
02-27 17:57:16.836 D/WindowManager(  505): adjustConfigurationLw, config:{1.0 ?mcc?mnc ?locale ?layoutDir sw600dp w600dp h888dp 213dpi lrg port ?uimode ?night finger -keyb/v/h -nav/v} mLidState:1 mHasDockFeature:false mHasKeyboardFeature:false mHasHallSensorFeature:true config.hardKeyboardHidden:2
02-27 17:57:16.846 I/ActivityManager(  505): [TopPkgCurBat]	NowPkgName[org.xwalk.webapi_noneservice_tests]	Battery[5]	TimeTick[1425031036858]	OldPkgName[com.asus.launcher]
02-27 17:57:16.856 D/dalvikvm(  172): GC_EXPLICIT freed <1K, 2% free 5801K/5892K, paused 0ms+1ms, total 15ms
02-27 17:57:16.866 D/dalvikvm(  172): GC_EXPLICIT freed <1K, 2% free 5801K/5892K, paused 0ms+1ms, total 11ms
02-27 17:57:16.876 D/        (28178): Surface destroy: ANDROID_NATIVE_WINDOW_MAGIC
02-27 17:57:16.876 D/dalvikvm(32253): Trying to load lib /data/app-lib/org.xwalk.webapi_noneservice_tests-1/libxwalkcore.so 0x43d88b10
02-27 17:57:16.886 D/dalvikvm(32253): Added shared lib /data/app-lib/org.xwalk.webapi_noneservice_tests-1/libxwalkcore.so 0x43d88b10
02-27 17:57:16.886 I/LibraryLoader(32253): Time to load native libraries: 12 ms (timestamps 5917-5929)
02-27 17:57:16.886 I/LibraryLoader(32253): Expected native library version number "",actual native library version number ""
02-27 17:57:16.916 I/LibraryLoader(32253): Expected native library version number "",actual native library version number ""
02-27 17:57:16.916 I/chromium(32253): [INFO:library_loader_hooks.cc(112)] Chromium logging enabled: level = 0, default verbosity = 0
02-27 17:57:16.916 I/BrowserStartupController(32253): Initializing chromium process, singleProcess=true
02-27 17:57:17.186 D/ImageWallpaper(  569): onVisibilityChanged: mVisible, visible=true, false
02-27 17:57:17.186 D/ImageWallpaper(  569): Visibility changed to visible=false
02-27 17:57:17.196 D/ImageWallpaper(  569): Suppressed drawFrame since redraw is not needed and offsets have not changed.
02-27 17:57:17.346 W/AudioManagerAndroid(32253): Requires BLUETOOTH permission
02-27 17:57:17.346 I/ufoGralloc(32253): Hello, this is UFO GRALLOC/Intel Corporation
02-27 17:57:17.356 D/        (32253): Pixel Format : GGL_PIXEL_FORMAT_RGBA_8888
02-27 17:57:17.356 D/        (32253): droid_create_context : config id = 1 conf->NativeVisualID=1
02-27 17:57:17.356 D/        (32253): Pixel Format : GGL_PIXEL_FORMAT_RGBA_8888
02-27 17:57:17.356 I/        (32253): Requested context : GLES 2.0
02-27 17:57:17.376 W/chromium(32253): [WARNING:proxy_service.cc(899)] PAC support disabled because there is no system implementation
02-27 17:57:17.376 W/dalvikvm(32253): VFY: unable to find class referenced in signature (Landroid/view/inputmethod/CursorAnchorInfo;)
02-27 17:57:17.376 I/dalvikvm(32253): Could not find method android.view.inputmethod.InputMethodManager.updateCursorAnchorInfo, referenced from method org.chromium.content.browser.input.InputMethodManagerWrapper.updateCursorAnchorInfo
02-27 17:57:17.376 W/dalvikvm(32253): VFY: unable to resolve virtual method 1241: Landroid/view/inputmethod/InputMethodManager;.updateCursorAnchorInfo (Landroid/view/View;Landroid/view/inputmethod/CursorAnchorInfo;)V
02-27 17:57:17.376 D/dalvikvm(32253): VFY: replacing opcode 0x6e at 0x000a
02-27 17:57:17.416 E/cutils  (  163): Failed to mkdirat(/Removable/MicroSD): Read-only file system
02-27 17:57:17.416 W/ContextImpl(32253): Failed to ensure directory: /Removable/MicroSD/Android/data/org.xwalk.webapi_noneservice_tests/cache
02-27 17:57:17.416 W/XWalkExtensionManager(32253): Failed to read extensions-config.json
02-27 17:57:17.416 E/chromium(32253): [ERROR:unix_domain_server_socket_posix.cc(106)] Not implemented reached in virtual int net::UnixDomainServerSocket::GetLocalAddress(net::IPEndPoint*) const
02-27 17:57:17.416 W/Vold    (  163): Returning OperationFailed - no handler for errno 30
02-27 17:57:17.426 I/dalvikvm(32253): Could not find method android.app.Activity.finishAndRemoveTask, referenced from method org.chromium.base.ApiCompatibilityUtils.finishAndRemoveTask
02-27 17:57:17.426 W/dalvikvm(32253): VFY: unable to resolve virtual method 4: Landroid/app/Activity;.finishAndRemoveTask ()V
02-27 17:57:17.426 D/dalvikvm(32253): VFY: replacing opcode 0x6e at 0x0006
02-27 17:57:17.426 I/dalvikvm(32253): Could not find method android.os.PowerManager.isInteractive, referenced from method org.chromium.base.ApiCompatibilityUtils.isInteractive
02-27 17:57:17.426 W/dalvikvm(32253): VFY: unable to resolve virtual method 768: Landroid/os/PowerManager;.isInteractive ()Z
02-27 17:57:17.426 D/dalvikvm(32253): VFY: replacing opcode 0x6e at 0x000e
02-27 17:57:17.426 I/dalvikvm(32253): Could not find method android.view.Window.getNavigationBarColor, referenced from method org.chromium.base.ApiCompatibilityUtils.setStatusBarColor
02-27 17:57:17.426 W/dalvikvm(32253): VFY: unable to resolve virtual method 1144: Landroid/view/Window;.getNavigationBarColor ()I
02-27 17:57:17.426 D/dalvikvm(32253): VFY: replacing opcode 0x6e at 0x0010
02-27 17:57:17.426 I/dalvikvm(32253): Could not find method android.view.Window.setStatusBarColor, referenced from method org.chromium.base.ApiCompatibilityUtils.setStatusBarColor
02-27 17:57:17.426 W/dalvikvm(32253): VFY: unable to resolve virtual method 1149: Landroid/view/Window;.setStatusBarColor (I)V
02-27 17:57:17.426 D/dalvikvm(32253): VFY: replacing opcode 0x6e at 0x0019
02-27 17:57:17.426 E/dalvikvm(32253): Could not find class 'android.app.ActivityManager$TaskDescription', referenced from method org.chromium.base.ApiCompatibilityUtils.setTaskDescription
02-27 17:57:17.426 W/dalvikvm(32253): VFY: unable to resolve new-instance 11 (Landroid/app/ActivityManager$TaskDescription;) in Lorg/chromium/base/ApiCompatibilityUtils;
02-27 17:57:17.426 D/dalvikvm(32253): VFY: replacing opcode 0x22 at 0x0006
02-27 17:57:17.426 D/dalvikvm(32253): DexOpt: unable to opt direct call 0x001e at 0x08 in Lorg/chromium/base/ApiCompatibilityUtils;.setTaskDescription
02-27 17:57:17.426 I/chromium(32253): [INFO:xwalk_extension_renderer_controller.cc(47)] EXTENSION PROCESS DISABLED.
02-27 17:57:17.456 D/        (32253): droid_create_context : config id = 5 conf->NativeVisualID=1
02-27 17:57:17.456 D/        (32253): Pixel Format : GGL_PIXEL_FORMAT_RGBA_8888
02-27 17:57:17.456 I/        (32253): Requested context : GLES 2.0
02-27 17:57:17.466 D/        (32253): Pixel Format : GGL_PIXEL_FORMAT_RGBA_8888
02-27 17:57:17.466 D/        (32253): Pixel Format : GGL_PIXEL_FORMAT_RGBA_8888
02-27 17:57:17.466 D/        (32253): droid_create_context : config id = 1 conf->NativeVisualID=1
02-27 17:57:17.466 D/        (32253): Pixel Format : GGL_PIXEL_FORMAT_RGBA_8888
02-27 17:57:17.466 I/        (32253): Requested context : GLES 2.0
02-27 17:57:17.466 D/OpenGLRenderer(32253): Enabling debug mode 0
02-27 17:57:17.536 W/BindingManager(32253): Cannot call determinedVisibility() - never saw a connection for the pid: 32253
02-27 17:57:17.536 D/        (32253): Pixel Format : GGL_PIXEL_FORMAT_RGBA_8888
02-27 17:57:17.536 D/        (32253): droid_create_context : config id = 1 conf->NativeVisualID=1
02-27 17:57:17.536 D/        (32253): Pixel Format : GGL_PIXEL_FORMAT_RGBA_8888
02-27 17:57:17.536 I/        (32253): Requested context : GLES 2.0
02-27 17:57:17.536 D/XT9IME  (28220): new subtype :zh_CN ,pinyin
02-27 17:57:17.546 I/ActivityManager(  505): Displayed org.xwalk.webapi_noneservice_tests/.WebapiNoneserviceTestsActivity: +722ms
02-27 17:57:17.546 D/        (32253): Swap interval set to = 1 value
02-27 17:57:17.556 D/BatteryStatsImpl(  505): noteStopWakeLocked system isFromForeground = false
02-27 17:57:18.326 I/WifiHW  (  505): CMD: IFNAME=wlan0 SIGNAL_POLL
02-27 17:57:18.326 D/wpa_supplicant(  711): RX ctrl_iface - hexdump(len=11): 53 49 47 4e 41 4c 5f 50 4f 4c 4c
02-27 17:57:18.326 D/wpa_supplicant(  711): wlan0: Control interface command 'SIGNAL_POLL'
02-27 17:57:18.356 D/wpa_supplicant(  711): nl80211: survey data missing!
02-27 17:57:18.356 I/WifiHW  (  505): REPLY: RSSI=-46
02-27 17:57:18.356 I/WifiHW  (  505): REPLY: LINKSPEED=65
02-27 17:57:18.356 I/WifiHW  (  505): REPLY: NOISE=9999
02-27 17:57:18.356 I/WifiHW  (  505): REPLY: FREQUENCY=2437
02-27 17:57:18.516 W/BindingManager(32253): Cannot call determinedVisibility() - never saw a connection for the pid: 32253
02-27 17:57:18.786 I/chromium(32253): [INFO:CONSOLE(0)] "Synchronous XMLHttpRequest on the main thread is deprecated because of its detrimental effects to the end user's experience. For more help, check http://xhr.spec.whatwg.org/.", source:  (0)
02-27 17:57:18.836 D/        (32253): Pixel Format : GGL_PIXEL_FORMAT_RGBA_8888
02-27 17:57:18.836 D/        (32253): droid_create_context : config id = 1 conf->NativeVisualID=1
02-27 17:57:18.836 D/        (32253): Pixel Format : GGL_PIXEL_FORMAT_RGBA_8888
02-27 17:57:18.836 I/        (32253): Requested context : GLES 2.0
02-27 17:57:20.026 D/EVENT_THREAD(  186): void CEventThread::run() POLLIN event on Fd (1)
02-27 17:57:20.026 D/EVENT_THREAD(  186): void CEventThread::run() Do poll with timeout: -1
02-27 17:57:20.596 W/BindingManager(32253): Cannot call determinedVisibility() - never saw a connection for the pid: 32253
02-27 17:57:21.216 W/BindingManager(32253): Cannot call determinedVisibility() - never saw a connection for the pid: 32253
02-27 17:57:21.356 I/WifiHW  (  505): CMD: IFNAME=wlan0 SIGNAL_POLL
02-27 17:57:21.356 D/wpa_supplicant(  711): RX ctrl_iface - hexdump(len=11): 53 49 47 4e 41 4c 5f 50 4f 4c 4c
02-27 17:57:21.356 D/wpa_supplicant(  711): wlan0: Control interface command 'SIGNAL_POLL'
02-27 17:57:21.386 D/wpa_supplicant(  711): nl80211: survey data missing!
02-27 17:57:21.386 I/WifiHW  (  505): REPLY: RSSI=-46
02-27 17:57:21.386 I/WifiHW  (  505): REPLY: LINKSPEED=65
02-27 17:57:21.386 I/WifiHW  (  505): REPLY: NOISE=9999
02-27 17:57:21.386 I/WifiHW  (  505): REPLY: FREQUENCY=2437
02-27 17:57:21.546 D/EVENT_THREAD(  186): void CEventThread::run() POLLIN event on Fd (1)
02-27 17:57:21.546 D/EVENT_THREAD(  186): void CEventThread::run() Do poll with timeout: -1
02-27 17:57:21.546 I/upi_ug31xx(  166): (1896) update_capacity
02-27 17:57:21.546 I/[UPI]   (  166): <UG31/E>[UpiReadCapacity]: V=3614(3616), T=349(350-418), I=-452, C=-3(-2-0)
02-27 17:57:21.546 I/[UPI]   (  166): <UG31/E>[UpiReadCapacity]: (0x0001254a) 203 (191) / 3822 (3822) = 5
02-27 17:57:21.546 I/[UPI]   (  166): <UG31/E>[UpiReadCapacity]: (0x0001254a) 203 (191) / 3822 (3822) = 5
02-27 17:57:21.546 I/[UPI]   (  166): <UG31/E>[UpiReadCapacity]: (0x0001254a) 201 (201) / 3822 (3822) = 5
02-27 17:57:21.546 I/[UPI]   (  166): <UG31/E>[RsocFilterCountTime]: (0x0001254a) Step=0(51850), Full=0(51850), Lock=51850(1800000)
02-27 17:57:21.546 I/[UPI]   (  166): <UG31/E>[UpiReadCapacity]: (0x0001254a) 201 (201) / 3822 (3822) = 5 (-452--452)
02-27 17:57:21.546 I/[UPI]   (  166): <UG31/E><BATT> M:normal, P:5(5-5)%, V:3615mV, C:-517mA, T:35.0C(418), S:0x0001254a(000), R:201mAh, F:3822mAh, Q:-1608mAh, CC:3, P:10.280(1607-0)s, BO:7, 97:615:0-44af-9m:B001-20140514-144301 (16)
02-27 17:57:21.546 D/EVENT_THREAD(  186): void CEventThread::run() POLLIN event on Fd (1)
02-27 17:57:21.546 D/EVENT_THREAD(  186): void CEventThread::run() Do poll with timeout: -1
02-27 17:57:21.546 I/upi_ug31xx(  166): (1897) backup_data 
02-27 17:57:21.546 V/upi_ug31xx(  166): state->check_backup_count = 3
02-27 17:57:21.806 W/BindingManager(32253): Cannot call determinedVisibility() - never saw a connection for the pid: 32253
02-27 17:57:22.406 W/BindingManager(32253): Cannot call determinedVisibility() - never saw a connection for the pid: 32253
02-27 17:57:23.006 W/BindingManager(32253): Cannot call determinedVisibility() - never saw a connection for the pid: 32253
02-27 17:57:23.596 W/BindingManager(32253): Cannot call determinedVisibility() - never saw a connection for the pid: 32253
02-27 17:57:24.196 W/BindingManager(32253): Cannot call determinedVisibility() - never saw a connection for the pid: 32253
02-27 17:57:24.386 I/WifiHW  (  505): CMD: IFNAME=wlan0 SIGNAL_POLL
02-27 17:57:24.386 D/wpa_supplicant(  711): RX ctrl_iface - hexdump(len=11): 53 49 47 4e 41 4c 5f 50 4f 4c 4c
02-27 17:57:24.386 D/wpa_supplicant(  711): wlan0: Control interface command 'SIGNAL_POLL'
02-27 17:57:24.416 D/wpa_supplicant(  711): nl80211: survey data missing!
02-27 17:57:24.416 I/WifiHW  (  505): REPLY: RSSI=-46
02-27 17:57:24.416 I/WifiHW  (  505): REPLY: LINKSPEED=65
02-27 17:57:24.416 I/WifiHW  (  505): REPLY: NOISE=9999
02-27 17:57:24.416 I/WifiHW  (  505): REPLY: FREQUENCY=2437
02-27 17:57:24.786 W/BindingManager(32253): Cannot call determinedVisibility() - never saw a connection for the pid: 32253
02-27 17:57:25.386 W/BindingManager(32253): Cannot call determinedVisibility() - never saw a connection for the pid: 32253
02-27 17:57:25.976 W/BindingManager(32253): Cannot call determinedVisibility() - never saw a connection for the pid: 32253
02-27 17:57:26.566 W/BindingManager(32253): Cannot call determinedVisibility() - never saw a connection for the pid: 32253
02-27 17:57:27.156 W/BindingManager(32253): Cannot call determinedVisibility() - never saw a connection for the pid: 32253
02-27 17:57:27.416 I/WifiHW  (  505): CMD: IFNAME=wlan0 SIGNAL_POLL
02-27 17:57:27.416 D/wpa_supplicant(  711): RX ctrl_iface - hexdump(len=11): 53 49 47 4e 41 4c 5f 50 4f 4c 4c
02-27 17:57:27.416 D/wpa_supplicant(  711): wlan0: Control interface command 'SIGNAL_POLL'
02-27 17:57:27.446 D/wpa_supplicant(  711): nl80211: survey data missing!
02-27 17:57:27.446 I/WifiHW  (  505): REPLY: RSSI=-45
02-27 17:57:27.446 I/WifiHW  (  505): REPLY: LINKSPEED=65
02-27 17:57:27.446 I/WifiHW  (  505): REPLY: NOISE=9999
02-27 17:57:27.446 I/WifiHW  (  505): REPLY: FREQUENCY=2437
02-27 17:57:27.746 W/BindingManager(32253): Cannot call determinedVisibility() - never saw a connection for the pid: 32253
02-27 17:57:28.326 W/BindingManager(32253): Cannot call determinedVisibility() - never saw a connection for the pid: 32253
02-27 17:57:28.936 W/BindingManager(32253): Cannot call determinedVisibility() - never saw a connection for the pid: 32253
02-27 17:57:29.526 W/BindingManager(32253): Cannot call determinedVisibility() - never saw a connection for the pid: 32253
02-27 17:57:30.096 D/EVENT_THREAD(  186): void CEventThread::run() POLLIN event on Fd (1)
02-27 17:57:30.096 D/EVENT_THREAD(  186): void CEventThread::run() Do poll with timeout: -1
02-27 17:57:30.136 W/BindingManager(32253): Cannot call determinedVisibility() - never saw a connection for the pid: 32253
02-27 17:57:30.446 I/WifiHW  (  505): CMD: IFNAME=wlan0 SIGNAL_POLL
02-27 17:57:30.446 D/wpa_supplicant(  711): RX ctrl_iface - hexdump(len=11): 53 49 47 4e 41 4c 5f 50 4f 4c 4c
02-27 17:57:30.446 D/wpa_supplicant(  711): wlan0: Control interface command 'SIGNAL_POLL'
02-27 17:57:30.476 D/wpa_supplicant(  711): nl80211: survey data missing!
02-27 17:57:30.476 I/WifiHW  (  505): REPLY: RSSI=-45
02-27 17:57:30.476 I/WifiHW  (  505): REPLY: LINKSPEED=65
02-27 17:57:30.476 I/WifiHW  (  505): REPLY: NOISE=9999
02-27 17:57:30.476 I/WifiHW  (  505): REPLY: FREQUENCY=2437
02-27 17:57:30.746 W/BindingManager(32253): Cannot call determinedVisibility() - never saw a connection for the pid: 32253
02-27 17:57:31.346 W/BindingManager(32253): Cannot call determinedVisibility() - never saw a connection for the pid: 32253
02-27 17:57:31.846 D/EVENT_THREAD(  186): void CEventThread::run() POLLIN event on Fd (1)
02-27 17:57:31.846 D/EVENT_THREAD(  186): void CEventThread::run() Do poll with timeout: -1
02-27 17:57:31.846 I/upi_ug31xx(  166): (1898) update_capacity
02-27 17:57:31.846 I/[UPI]   (  166): <UG31/E>[UpiReadCapacity]: V=3614(3615), T=349(350-418), I=-467, C=0(0-0)
02-27 17:57:31.846 I/[UPI]   (  166): <UG31/E>[UpiReadCapacity]: (0x0001254a) 201 (191) / 3822 (3822) = 5
02-27 17:57:31.846 I/[UPI]   (  166): <UG31/E>[UpiReadCapacity]: (0x0001254a) 201 (191) / 3822 (3822) = 5
02-27 17:57:31.846 I/[UPI]   (  166): <UG31/E>[UpiReadCapacity]: (0x0001254a) 201 (201) / 3822 (3822) = 5
02-27 17:57:31.846 I/[UPI]   (  166): <UG31/E>[RsocFilterCountTime]: (0x0001254a) Step=1(62150), Full=1(62150), Lock=62150(1800000)
02-27 17:57:31.846 I/[UPI]   (  166): <UG31/E>[UpiReadCapacity]: (0x0001254a) 201 (201) / 3822 (3822) = 5 (-467--467)
02-27 17:57:31.846 I/[UPI]   (  166): <UG31/E><BATT> M:normal, P:5(5-5)%, V:3615mV, C:-539mA, T:35.0C(418), S:0x0001254a(000), R:201mAh, F:3822mAh, Q:-1608mAh, CC:3, P:10.300(1607-0)s, BO:7, 97:615:0-44af-9m:B001-20140514-144301 (16)
02-27 17:57:31.856 D/EVENT_THREAD(  186): void CEventThread::run() POLLIN event on Fd (1)
02-27 17:57:31.856 D/EVENT_THREAD(  186): void CEventThread::run() Do poll with timeout: -1
02-27 17:57:31.906 I/upi_ug31xx(  166): (1899) backup_data 
02-27 17:57:31.906 V/upi_ug31xx(  166): state->check_backup_count = 4
02-27 17:57:31.936 W/BindingManager(32253): Cannot call determinedVisibility() - never saw a connection for the pid: 32253
02-27 17:57:32.526 W/BindingManager(32253): Cannot call determinedVisibility() - never saw a connection for the pid: 32253
02-27 17:57:33.116 W/BindingManager(32253): Cannot call determinedVisibility() - never saw a connection for the pid: 32253
02-27 17:57:33.476 I/WifiHW  (  505): CMD: IFNAME=wlan0 SIGNAL_POLL
02-27 17:57:33.476 D/wpa_supplicant(  711): RX ctrl_iface - hexdump(len=11): 53 49 47 4e 41 4c 5f 50 4f 4c 4c
02-27 17:57:33.476 D/wpa_supplicant(  711): wlan0: Control interface command 'SIGNAL_POLL'
02-27 17:57:33.506 D/wpa_supplicant(  711): nl80211: survey data missing!
02-27 17:57:33.506 I/WifiHW  (  505): REPLY: RSSI=-44
02-27 17:57:33.506 I/WifiHW  (  505): REPLY: LINKSPEED=65
02-27 17:57:33.506 I/WifiHW  (  505): REPLY: NOISE=9999
02-27 17:57:33.506 I/WifiHW  (  505): REPLY: FREQUENCY=2437
02-27 17:57:33.706 W/BindingManager(32253): Cannot call determinedVisibility() - never saw a connection for the pid: 32253
02-27 17:57:34.306 W/BindingManager(32253): Cannot call determinedVisibility() - never saw a connection for the pid: 32253
02-27 17:57:34.906 W/BindingManager(32253): Cannot call determinedVisibility() - never saw a connection for the pid: 32253
02-27 17:57:35.506 W/BindingManager(32253): Cannot call determinedVisibility() - never saw a connection for the pid: 32253
02-27 17:57:35.956 I/AudioPolicyManagerBase(  186): APM: getOutput
02-27 17:57:35.956 I/AudioPolicyManagerBase(  186): APM: getOutput
02-27 17:57:35.956 I/AudioPolicyManagerBase(  186): APM: getOutput
02-27 17:57:35.956 D/MaxxAudioService(  796): Recieve intent : com.asus.audiowizard_close_view
02-27 17:57:35.956 D/MaxxAudioService(  796): Received home/back key event
02-27 17:57:35.956 D/MaxxAudioService(  796): Update maxxaudio state.
02-27 17:57:35.956 D/MaxxAudioService(  796): Should close view
02-27 17:57:35.956 W/AudioTrack(  505): AUDIO_OUTPUT_FLAG_FAST denied by client
02-27 17:57:35.956 V/ContextImpl(  505): ----- packageName = com.asus.launcher is NOT LOCKED -----
02-27 17:57:35.956 I/ActivityManager(  505): START u0 {act=android.intent.action.MAIN cat=[android.intent.category.HOME] flg=0x10200000 cmp=com.asus.launcher/com.android.launcher3.Launcher} from pid 505
02-27 17:57:35.966 W/ufoGralloc(  171): registerBuffer() handle 0xb8f71bb0/37 didn't require registration
02-27 17:57:35.966 D/AudioPolicyManagerALSA(  186): startOutput() output 2, stream type 1, session 509
02-27 17:57:35.966 D/AudioHardwareALSA(  186): setStreamParameters: key value pair routing=2;stream_flags=2
02-27 17:57:35.966 D/RouteManager(  186): setOutputFlags: output flags = 0x2 (Prev Flags=0x2)
02-27 17:57:35.966 D/RouteManager(  186): setDevices: 0x2
02-27 17:57:35.966 D/RouteManager(  186): setDevices: 0x2
02-27 17:57:35.966 D/RouteManager(  186): setDevices: set device = IHF to output stream
02-27 17:57:35.966 D/RouteManager(  186): setStreamParameters: identical Platform State, do not reconsider routing
02-27 17:57:35.976 D/AudioResamplerIA(  186): Create AudioResamplerIA Resampler: Input rate 44100, output rate 48000
02-27 17:57:35.976 D/WindowManager(  505): adjustConfigurationLw, config:{1.0 ?mcc?mnc ?locale ?layoutDir sw600dp w600dp h888dp 213dpi lrg port ?uimode ?night finger -keyb/v/h -nav/v} mLidState:1 mHasDockFeature:false mHasKeyboardFeature:false mHasHallSensorFeature:true config.hardKeyboardHidden:2
02-27 17:57:35.976 D/PROPERTY(  186): get media.dump_output.befconv: 0
02-27 17:57:35.976 D/PROPERTY(  186): get media.dump_output.aftconv: 0
02-27 17:57:35.976 D/RouteManager(  186): startStream: {+++ RECONSIDER ROUTING +++} due to output stream start event
02-27 17:57:35.976 D/RouteManager(  186): reconsiderRouting
02-27 17:57:35.976 D/EVENT_THREAD(  186): void CEventThread::trig(uint16_t): in
02-27 17:57:35.976 D/EVENT_THREAD(  186): void CEventThread::trig(uint16_t): out
02-27 17:57:35.976 D/RouteManager(  186): doReconsiderRouting:       Platform State:
02-27 17:57:35.976 D/RouteManager(  186): doReconsiderRouting:          -Modem Alive = 0 
02-27 17:57:35.976 D/RouteManager(  186): doReconsiderRouting:          -Modem Call Active = 0 
02-27 17:57:35.976 D/RouteManager(  186): doReconsiderRouting:          -Is Shared I2S glitch free=1 
02-27 17:57:35.976 D/RouteManager(  186): doReconsiderRouting:          -Android Telephony Mode = Normal 
02-27 17:57:35.976 D/RouteManager(  186): doReconsiderRouting:          -RTE MGR HW Mode = Normal 
02-27 17:57:35.976 D/RouteManager(  186): doReconsiderRouting:          -BT Enabled = 1 
02-27 17:57:35.976 D/RouteManager(  186): doReconsiderRouting:          -BT NREC = 0 
02-27 17:57:35.976 D/RouteManager(  186): doReconsiderRouting:          -BT Band = NB 
02-27 17:57:35.976 D/RouteManager(  186): doReconsiderRouting:          -Platform output device = IHF 
02-27 17:57:35.976 D/RouteManager(  186): doReconsiderRouting:          -Platform input device = <none> 
02-27 17:57:35.976 D/RouteManager(  186): doReconsiderRouting:          -Platform input source = None 
02-27 17:57:35.976 D/RouteManager(  186): doReconsiderRouting:          -Platform Band type = NB 
02-27 17:57:35.976 D/RouteManager(  186): doReconsiderRouting:          -Platform Has Direct Stream = no 
02-27 17:57:35.976 D/RouteManager(  186): doReconsiderRouting:          -Platform TTY direction = <none> 
02-27 17:57:35.976 D/RouteManager(  186): doReconsiderRouting:          -Platform HAC Mode = Off 
02-27 17:57:35.976 D/RouteManager(  186): doReconsiderRouting:          -Platform Screen State = On 
02-27 17:57:35.976 D/RouteManager(  186): doReconsiderRouting:          -Platform Context Awareness = false 
02-27 17:57:35.976 D/RouteManager(  186): doReconsiderRouting:          -Platform Always Listening = false 
02-27 17:57:35.976 D/RouteManager(  186): doReconsiderRouting:          -Platform FM State = Off 
02-27 17:57:35.976 D/RouteManager(  186): doReconsiderRouting:          -Platform Bypass Non Linear PP State = Off 
02-27 17:57:35.976 D/RouteManager(  186): doReconsiderRouting:          -Platform Bypass Linear PP State = Off 
02-27 17:57:35.976 D/RouteManager(  186): doReconsiderRouting:          -Platform MicMute = Off 
02-27 17:57:35.976 D/RouteManager(  186): doReconsiderRouting:      Route state:
02-27 17:57:35.976 D/RouteManager(  186): doReconsiderRouting:          -Previously Enabled Route in Input = <none>
02-27 17:57:35.976 D/RouteManager(  186): doReconsiderRouting:          -Previously Enabled Route in Output = <none>
02-27 17:57:35.976 D/RouteManager(  186): doReconsiderRouting:          -Selected Route in Input = <none>
02-27 17:57:35.976 D/RouteManager(  186): doReconsiderRouting:          -Selected Route in Output = Media|HwCodecMedia
02-27 17:57:35.976 D/RouteManager(  186): doReconsiderRouting:          -Route that need reconfiguration in Input = <none>
02-27 17:57:35.976 D/RouteManager(  186): doReconsiderRouting:          -Route that need reconfiguration in Output = <none>
02-27 17:57:35.976 D/RouteManager(  186): executeMuteStage: --------------- Routing Stage = Mute ---------------
02-27 17:57:35.976 D/RouteManager(  186): parameter-framework: Selection criterion changed event: Criterion name: RoutageState, current state: Flow
02-27 17:57:35.976 D/RouteManager(  186): parameter-framework: Configuration application request {
02-27 17:57:35.976 D/RouteManager(  186): parameter-framework:     Applying configurations {
02-27 17:57:35.976 D/RouteManager(  186): parameter-framework:     } Applying configurations
02-27 17:57:35.976 D/RouteManager(  186): parameter-framework: } Configuration application request
02-27 17:57:35.976 D/RouteManager(  186): executeDisableStage: --------------- Routing Stage = Disable ---------------
02-27 17:57:35.976 D/RouteManager(  186): parameter-framework: Selection criterion changed event: Criterion name: RoutageState, current state: Path
02-27 17:57:35.976 D/RouteManager(  186): parameter-framework: Configuration application request {
02-27 17:57:35.976 D/RouteManager(  186): parameter-framework:     Applying configurations {
02-27 17:57:35.976 D/RouteManager(  186): parameter-framework:     } Applying configurations
02-27 17:57:35.976 D/RouteManager(  186): parameter-framework: } Configuration application request
02-27 17:57:35.976 D/RouteManager(  186): executeConfigureStage: --------------- Routing Stage = Configure ---------------
02-27 17:57:35.976 D/RouteManager(  186): parameter-framework: Selection criterion changed event: Criterion name: RoutageState, current state: Configure
02-27 17:57:35.976 D/RouteManager(  186): parameter-framework: Selection criterion changed event: Criterion name: OpenedPlaybackRoutes, current state: Media|HwCodecMedia
02-27 17:57:35.976 D/RouteManager(  186): parameter-framework: Configuration application request {
02-27 17:57:35.976 D/RouteManager(  186): parameter-framework:     Applying configurations {
02-27 17:57:35.976 D/RouteManager(  186): parameter-framework:         Applying configuration "Activated" from domain "Routing.Configure.LPE_Mixer.IHF"
02-27 17:57:35.976 I/ActivityManager(  505): [TopPkgCurBat]	NowPkgName[com.asus.launcher]	Battery[5]	TimeTick[1425031055994]	OldPkgName[org.xwalk.webapi_noneservice_tests]
02-27 17:57:35.986 D/        (28178): Pixel Format : GGL_PIXEL_FORMAT_RGBA_8888
02-27 17:57:36.006 W/IInputConnectionWrapper(32253): showStatusIcon on inactive InputConnection
02-27 17:57:36.006 D/RouteManager(  186): parameter-framework:     } Applying configurations
02-27 17:57:36.006 D/RouteManager(  186): parameter-framework: } Configuration application request
02-27 17:57:36.006 D/RouteManager(  186): executeEnableStage: --------------- Routing Stage = Enable ---------------
02-27 17:57:36.006 D/RouteManager(  186): parameter-framework: Selection criterion changed event: Criterion name: RoutageState, current state: Path|Configure
02-27 17:57:36.006 D/RouteManager(  186): doEnableRoutes: Routes to be enabled(routed) in Output = Media|HwCodecMedia
02-27 17:57:36.006 D/RouteManager(  186): parameter-framework: Configuration application request {
02-27 17:57:36.006 D/RouteManager(  186): parameter-framework:     Applying configurations {
02-27 17:57:36.006 D/RouteManager(  186): parameter-framework:         Applying configuration "Enable" from domain "Routing.Enable.HWCodec.Playback.IHF"
02-27 17:57:36.006 D/RouteManager(  186): parameter-framework:         Applying configuration "Enable" from domain "Routing.Enable.HWCodec.Playback.Multimedia.IHF"
02-27 17:57:36.006 D/RouteManager(  186): parameter-framework:         Applying configuration "Enable" from domain "Routing.Enable.HWCodec.Playback.Multimedia.Playback"
02-27 17:57:36.006 W/InputMethodManagerService(  505): Starting input on non-focused client com.android.internal.view.IInputMethodClient$Stub$Proxy@21f97708 (uid=10085 pid=32253)
02-27 17:57:36.016 D/XT9IME  (28220): new subtype :zh_CN ,pinyin
02-27 17:57:36.016 D/RouteManager(  186): parameter-framework:     } Applying configurations
02-27 17:57:36.016 D/RouteManager(  186): parameter-framework: } Configuration application request
02-27 17:57:36.016 D/RouteManager(  186): doEnableRoutes: Routes to be enabled(routed) in Output = Media|HwCodecMedia
02-27 17:57:36.016 D/RouteManager/StreamRoute(  186): openPcmDevice called for card (baytrailaudio,0)
02-27 17:57:36.016 D/RouteManager/StreamRoute(  186): openPcmDevice		 config=rate(48000), format(0), channels(2))
02-27 17:57:36.016 D/RouteManager/StreamRoute(  186): openPcmDevice		 period_size=1152, period_count=4
02-27 17:57:36.016 D/RouteManager/StreamRoute(  186): openPcmDevice		 startTh=4607, stop Th=4608 silence Th=0
02-27 17:57:36.046 D/BatteryStatsImpl(  505): noteStopWakeLocked system isFromForeground = false
02-27 17:57:36.046 D/ImageWallpaper(  569): onVisibilityChanged: mVisible, visible=false, true
02-27 17:57:36.046 D/ImageWallpaper(  569): Visibility changed to visible=true
02-27 17:57:36.046 D/ImageWallpaper(  569): Suppressed drawFrame since redraw is not needed and offsets have not changed.
02-27 17:57:36.056 D/        (32253): Surface destroy: ANDROID_NATIVE_WINDOW_MAGIC
02-27 17:57:36.066 D/        (32253): Surface destroy: ANDROID_NATIVE_WINDOW_MAGIC
02-27 17:57:36.096 D/ALSAStreamOps(  186): attachRouteL output stream
02-27 17:57:36.096 D/AudioConversion(  186): configure: no convertion required
02-27 17:57:36.096 D/RouteManager(  186): executeUnmuteStage: --------------- Routing Stage = Unmute ---------------
02-27 17:57:36.096 D/RouteManager(  186): parameter-framework: Selection criterion changed event: Criterion name: RoutageState, current state: Flow|Path|Configure
02-27 17:57:36.096 D/RouteManager(  186): parameter-framework: Configuration application request {
02-27 17:57:36.096 D/RouteManager(  186): parameter-framework:     Applying configurations {
02-27 17:57:36.096 D/RouteManager(  186): parameter-framework:     } Applying configurations
02-27 17:57:36.096 D/RouteManager(  186): parameter-framework: } Configuration application request
02-27 17:57:36.096 D/EVENT_THREAD(  186): void CEventThread::run() Do poll with timeout: -1
02-27 17:57:36.096 D/RouteManager(  186): reconsiderRouting: DONE
02-27 17:57:36.466 D/        (32253): Pixel Format : GGL_PIXEL_FORMAT_RGBA_8888
02-27 17:57:36.466 W/SurfaceFlinger(  171): couldn't log to binary event log: overflow.
02-27 17:57:36.506 I/WifiHW  (  505): CMD: IFNAME=wlan0 SIGNAL_POLL
02-27 17:57:36.506 D/wpa_supplicant(  711): RX ctrl_iface - hexdump(len=11): 53 49 47 4e 41 4c 5f 50 4f 4c 4c
02-27 17:57:36.506 D/wpa_supplicant(  711): wlan0: Control interface command 'SIGNAL_POLL'
02-27 17:57:36.536 D/wpa_supplicant(  711): nl80211: survey data missing!
02-27 17:57:36.536 I/WifiHW  (  505): REPLY: RSSI=-45
02-27 17:57:36.536 I/WifiHW  (  505): REPLY: LINKSPEED=65
02-27 17:57:36.536 I/WifiHW  (  505): REPLY: NOISE=9999
02-27 17:57:36.536 I/WifiHW  (  505): REPLY: FREQUENCY=2437
02-27 17:57:37.206 I/AudioPolicyManagerBase(  186): APM: getOutput
02-27 17:57:37.206 I/AudioPolicyManagerBase(  186): APM: getOutput
02-27 17:57:37.206 I/AudioPolicyManagerBase(  186): APM: getOutput
02-27 17:57:37.206 W/AudioTrack(  505): AUDIO_OUTPUT_FLAG_FAST denied by client
02-27 17:57:37.206 D/AudioPolicyManagerALSA(  186): startOutput() output 2, stream type 1, session 510
02-27 17:57:37.216 D/AudioHardwareALSA(  186): setStreamParameters: key value pair routing=2;stream_flags=2
02-27 17:57:37.216 D/RouteManager(  186): setOutputFlags: output flags = 0x2 (Prev Flags=0x2)
02-27 17:57:37.216 D/RouteManager(  186): setDevices: 0x2
02-27 17:57:37.216 D/RouteManager(  186): setDevices: 0x2
02-27 17:57:37.216 D/RouteManager(  186): setDevices: set device = IHF to output stream
02-27 17:57:37.216 D/RouteManager(  186): setStreamParameters: identical Platform State, do not reconsider routing
02-27 17:57:37.226 D/AudioResamplerIA(  186): Create AudioResamplerIA Resampler: Input rate 44100, output rate 48000
02-27 17:57:37.336 D/XT9IME  (28220): new subtype :zh_CN ,pinyin
02-27 17:57:39.536 I/WifiHW  (  505): CMD: IFNAME=wlan0 SIGNAL_POLL
02-27 17:57:39.536 D/wpa_supplicant(  711): RX ctrl_iface - hexdump(len=11): 53 49 47 4e 41 4c 5f 50 4f 4c 4c
02-27 17:57:39.536 D/wpa_supplicant(  711): wlan0: Control interface command 'SIGNAL_POLL'
02-27 17:57:39.566 D/wpa_supplicant(  711): nl80211: survey data missing!
02-27 17:57:39.566 I/WifiHW  (  505): REPLY: RSSI=-47
02-27 17:57:39.566 I/WifiHW  (  505): REPLY: LINKSPEED=65
02-27 17:57:39.566 I/WifiHW  (  505): REPLY: NOISE=9999
02-27 17:57:39.566 I/WifiHW  (  505): REPLY: FREQUENCY=2437
02-27 17:57:40.076 D/EVENT_THREAD(  186): void CEventThread::run() POLLIN event on Fd (1)
02-27 17:57:40.076 D/EVENT_THREAD(  186): void CEventThread::run() Do poll with timeout: -1
02-27 17:57:41.206 D/PROPERTY(  186): get media.dump_output.befconv: 0
02-27 17:57:41.206 D/PROPERTY(  186): get media.dump_output.aftconv: 0
02-27 17:57:41.206 D/RouteManager(  186): stopStream: {+++ RECONSIDER ROUTING +++} due to output stream stop event
02-27 17:57:41.206 D/RouteManager(  186): reconsiderRouting
02-27 17:57:41.206 D/EVENT_THREAD(  186): void CEventThread::trig(uint16_t): in
02-27 17:57:41.206 D/EVENT_THREAD(  186): void CEventThread::trig(uint16_t): out
02-27 17:57:41.206 D/RouteManager(  186): doReconsiderRouting:       Platform State:
02-27 17:57:41.206 D/RouteManager(  186): doReconsiderRouting:          -Modem Alive = 0 
02-27 17:57:41.206 D/RouteManager(  186): doReconsiderRouting:          -Modem Call Active = 0 
02-27 17:57:41.206 D/RouteManager(  186): doReconsiderRouting:          -Is Shared I2S glitch free=1 
02-27 17:57:41.206 D/RouteManager(  186): doReconsiderRouting:          -Android Telephony Mode = Normal 
02-27 17:57:41.206 D/RouteManager(  186): doReconsiderRouting:          -RTE MGR HW Mode = Normal 
02-27 17:57:41.206 D/RouteManager(  186): doReconsiderRouting:          -BT Enabled = 1 
02-27 17:57:41.206 D/RouteManager(  186): doReconsiderRouting:          -BT NREC = 0 
02-27 17:57:41.206 D/RouteManager(  186): doReconsiderRouting:          -BT Band = NB 
02-27 17:57:41.206 D/RouteManager(  186): doReconsiderRouting:          -Platform output device = IHF 
02-27 17:57:41.206 D/RouteManager(  186): doReconsiderRouting:          -Platform input device = <none> 
02-27 17:57:41.206 D/RouteManager(  186): doReconsiderRouting:          -Platform input source = None 
02-27 17:57:41.206 D/RouteManager(  186): doReconsiderRouting:          -Platform Band type = NB 
02-27 17:57:41.206 D/RouteManager(  186): doReconsiderRouting:          -Platform Has Direct Stream = no 
02-27 17:57:41.206 D/RouteManager(  186): doReconsiderRouting:          -Platform TTY direction = <none> 
02-27 17:57:41.206 D/RouteManager(  186): doReconsiderRouting:          -Platform HAC Mode = Off 
