02-27 18:12:15.076 D/dalvikvm( 5877): Note: class Landroid/app/ActivityManagerNative; has 186 unimplemented (abstract) methods
02-27 18:12:15.146 E/memtrack( 5877): Couldn't load memtrack module (No such file or directory)
02-27 18:12:15.146 E/android.os.Debug( 5877): failed to load memtrack module: -2
02-27 18:12:15.176 D/AndroidRuntime( 5877): Calling main entry com.android.commands.am.Am
02-27 18:12:15.206 D/AndroidRuntime( 5877): Shutting down VM
02-27 18:12:15.206 I/SecurityManagerService(  600): SMS received security event: App[START/org.xwalk.webapi_noneservice_tests]
02-27 18:12:15.206 I/ActivityManager(  505): START u0 {flg=0x10000000 cmp=org.xwalk.webapi_noneservice_tests/.WebapiNoneserviceTestsActivity} from pid 5877
02-27 18:12:15.226 D/dalvikvm( 5888): Process 5888 nice name: org.xwalk.webapi_noneservice_tests
02-27 18:12:15.226 D/dalvikvm( 5888): Extra Options: not specified
02-27 18:12:15.226 D/dalvikvm( 5877): GC_CONCURRENT freed 114K, 16% free 701K/832K, paused 0ms+0ms, total 1ms
02-27 18:12:15.226 I/ActivityManager(  505): Start proc org.xwalk.webapi_noneservice_tests for activity org.xwalk.webapi_noneservice_tests/.WebapiNoneserviceTestsActivity: pid=5888 uid=10085 gids={50085, 3003, 1028, 1015}
02-27 18:12:15.236 D/dalvikvm( 5877): Compiler shutdown in progress - discarding request
02-27 18:12:15.236 D/dalvikvm( 5877): Compiler shutdown in progress - discarding request
02-27 18:12:15.236 D/dalvikvm( 5877): Compiler shutdown in progress - discarding request
02-27 18:12:15.236 D/dalvikvm( 5877): Compiler shutdown in progress - discarding request
02-27 18:12:15.236 D/dalvikvm( 5877): Compiler shutdown in progress - discarding request
02-27 18:12:15.236 D/dalvikvm( 5877): Compiler shutdown in progress - discarding request
02-27 18:12:15.236 D/dalvikvm( 5877): Compiler shutdown in progress - discarding request
02-27 18:12:15.236 D/dalvikvm( 5877): Compiler shutdown in progress - discarding request
02-27 18:12:15.236 D/dalvikvm( 5877): Compiler shutdown in progress - discarding request
02-27 18:12:15.236 D/dalvikvm( 5877): Compiler shutdown in progress - discarding request
02-27 18:12:15.236 D/dalvikvm( 5877): Compiler shutdown in progress - discarding request
02-27 18:12:15.236 D/dalvikvm( 5877): Compiler shutdown in progress - discarding request
02-27 18:12:15.236 D/dalvikvm( 5877): Compiler shutdown in progress - discarding request
02-27 18:12:15.236 D/dalvikvm( 5877): Compiler shutdown in progress - discarding request
02-27 18:12:15.236 D/dalvikvm( 5877): Compiler shutdown in progress - discarding request
02-27 18:12:15.236 D/dalvikvm( 5877): Compiler shutdown in progress - discarding request
02-27 18:12:15.236 D/dalvikvm( 5877): Compiler shutdown in progress - discarding request
02-27 18:12:15.236 D/dalvikvm( 5877): Compiler shutdown in progress - discarding request
02-27 18:12:15.236 D/dalvikvm( 5877): Compiler shutdown in progress - discarding request
02-27 18:12:15.236 D/dalvikvm( 5877): Compiler shutdown in progress - discarding request
02-27 18:12:15.236 D/dalvikvm( 5877): Compiler shutdown in progress - discarding request
02-27 18:12:15.236 D/dalvikvm( 5877): Compiler shutdown in progress - discarding request
02-27 18:12:15.236 D/dalvikvm( 5877): Compiler shutdown in progress - discarding request
02-27 18:12:15.236 D/dalvikvm( 5877): Compiler shutdown in progress - discarding request
02-27 18:12:15.236 D/dalvikvm( 5877): Compiler shutdown in progress - discarding request
02-27 18:12:15.236 D/dalvikvm( 5877): Compiler shutdown in progress - discarding request
02-27 18:12:15.236 D/dalvikvm( 5877): Compiler shutdown in progress - discarding request
02-27 18:12:15.236 D/dalvikvm( 5877): Compiler shutdown in progress - discarding request
02-27 18:12:15.236 D/dalvikvm( 5877): Compiler shutdown in progress - discarding request
02-27 18:12:15.236 D/dalvikvm( 5877): Compiler shutdown in progress - discarding request
02-27 18:12:15.236 D/dalvikvm( 5877): Compiler shutdown in progress - discarding request
02-27 18:12:15.236 D/dalvikvm( 5877): Compiler shutdown in progress - discarding request
02-27 18:12:15.236 D/dalvikvm( 5877): Compiler shutdown in progress - discarding request
02-27 18:12:15.236 D/dalvikvm( 5877): Compiler shutdown in progress - discarding request
02-27 18:12:15.236 D/dalvikvm( 5877): Compiler shutdown in progress - discarding request
02-27 18:12:15.236 D/dalvikvm( 5877): Compiler shutdown in progress - discarding request
02-27 18:12:15.236 D/dalvikvm( 5877): Compiler shutdown in progress - discarding request
02-27 18:12:15.236 D/dalvikvm( 5877): Compiler shutdown in progress - discarding request
02-27 18:12:15.236 D/dalvikvm( 5877): Compiler shutdown in progress - discarding request
02-27 18:12:15.236 D/dalvikvm( 5877): Compiler shutdown in progress - discarding request
02-27 18:12:15.236 D/dalvikvm( 5877): Compiler shutdown in progress - discarding request
02-27 18:12:15.236 D/dalvikvm( 5877): Compiler shutdown in progress - discarding request
02-27 18:12:15.236 D/dalvikvm( 5877): Compiler shutdown in progress - discarding request
02-27 18:12:15.236 D/WindowManager(  505): adjustConfigurationLw, config:{1.0 ?mcc?mnc ?locale ?layoutDir sw600dp w600dp h888dp 213dpi lrg port ?uimode ?night finger -keyb/v/h -nav/v} mLidState:1 mHasDockFeature:false mHasKeyboardFeature:false mHasHallSensorFeature:true config.hardKeyboardHidden:2
02-27 18:12:15.236 I/ActivityManager(  505): [TopPkgCurBat]	NowPkgName[org.xwalk.webapi_noneservice_tests]	Battery[3]	TimeTick[1425031935248]	OldPkgName[com.intel.tinywebtestservice]
02-27 18:12:15.246 D/        ( 3868): Surface destroy: ANDROID_NATIVE_WINDOW_MAGIC
02-27 18:12:15.256 D/dalvikvm( 5888): Trying to load lib /data/app-lib/org.xwalk.webapi_noneservice_tests-1/libxwalkcore.so 0x43d846c0
02-27 18:12:15.266 D/dalvikvm( 5888): Added shared lib /data/app-lib/org.xwalk.webapi_noneservice_tests-1/libxwalkcore.so 0x43d846c0
02-27 18:12:15.276 I/LibraryLoader( 5888): Time to load native libraries: 13 ms (timestamps 4297-4310)
02-27 18:12:15.276 I/LibraryLoader( 5888): Expected native library version number "",actual native library version number ""
02-27 18:12:15.296 I/LibraryLoader( 5888): Expected native library version number "",actual native library version number ""
02-27 18:12:15.296 I/chromium( 5888): [INFO:library_loader_hooks.cc(112)] Chromium logging enabled: level = 0, default verbosity = 0
02-27 18:12:15.306 I/BrowserStartupController( 5888): Initializing chromium process, singleProcess=true
02-27 18:12:15.716 W/AudioManagerAndroid( 5888): Requires BLUETOOTH permission
02-27 18:12:15.716 I/ufoGralloc( 5888): Hello, this is UFO GRALLOC/Intel Corporation
02-27 18:12:15.726 D/        ( 5888): Pixel Format : GGL_PIXEL_FORMAT_RGBA_8888
02-27 18:12:15.726 D/        ( 5888): droid_create_context : config id = 1 conf->NativeVisualID=1
02-27 18:12:15.726 D/        ( 5888): Pixel Format : GGL_PIXEL_FORMAT_RGBA_8888
02-27 18:12:15.726 I/        ( 5888): Requested context : GLES 2.0
02-27 18:12:15.746 W/chromium( 5888): [WARNING:proxy_service.cc(899)] PAC support disabled because there is no system implementation
02-27 18:12:15.756 W/dalvikvm( 5888): VFY: unable to find class referenced in signature (Landroid/view/inputmethod/CursorAnchorInfo;)
02-27 18:12:15.756 I/dalvikvm( 5888): Could not find method android.view.inputmethod.InputMethodManager.updateCursorAnchorInfo, referenced from method org.chromium.content.browser.input.InputMethodManagerWrapper.updateCursorAnchorInfo
02-27 18:12:15.756 W/dalvikvm( 5888): VFY: unable to resolve virtual method 1241: Landroid/view/inputmethod/InputMethodManager;.updateCursorAnchorInfo (Landroid/view/View;Landroid/view/inputmethod/CursorAnchorInfo;)V
02-27 18:12:15.756 D/dalvikvm( 5888): VFY: replacing opcode 0x6e at 0x000a
02-27 18:12:15.786 E/cutils  (  163): Failed to mkdirat(/Removable/MicroSD): Read-only file system
02-27 18:12:15.786 W/ContextImpl( 5888): Failed to ensure directory: /Removable/MicroSD/Android/data/org.xwalk.webapi_noneservice_tests/cache
02-27 18:12:15.786 W/Vold    (  163): Returning OperationFailed - no handler for errno 30
02-27 18:12:15.796 W/XWalkExtensionManager( 5888): Failed to read extensions-config.json
02-27 18:12:15.796 E/chromium( 5888): [ERROR:unix_domain_server_socket_posix.cc(106)] Not implemented reached in virtual int net::UnixDomainServerSocket::GetLocalAddress(net::IPEndPoint*) const
02-27 18:12:15.796 I/dalvikvm( 5888): Could not find method android.app.Activity.finishAndRemoveTask, referenced from method org.chromium.base.ApiCompatibilityUtils.finishAndRemoveTask
02-27 18:12:15.796 W/dalvikvm( 5888): VFY: unable to resolve virtual method 4: Landroid/app/Activity;.finishAndRemoveTask ()V
02-27 18:12:15.796 D/dalvikvm( 5888): VFY: replacing opcode 0x6e at 0x0006
02-27 18:12:15.796 I/dalvikvm( 5888): Could not find method android.os.PowerManager.isInteractive, referenced from method org.chromium.base.ApiCompatibilityUtils.isInteractive
02-27 18:12:15.796 W/dalvikvm( 5888): VFY: unable to resolve virtual method 768: Landroid/os/PowerManager;.isInteractive ()Z
02-27 18:12:15.796 D/dalvikvm( 5888): VFY: replacing opcode 0x6e at 0x000e
02-27 18:12:15.796 I/dalvikvm( 5888): Could not find method android.view.Window.getNavigationBarColor, referenced from method org.chromium.base.ApiCompatibilityUtils.setStatusBarColor
02-27 18:12:15.796 W/dalvikvm( 5888): VFY: unable to resolve virtual method 1144: Landroid/view/Window;.getNavigationBarColor ()I
02-27 18:12:15.796 D/dalvikvm( 5888): VFY: replacing opcode 0x6e at 0x0010
02-27 18:12:15.796 I/dalvikvm( 5888): Could not find method android.view.Window.setStatusBarColor, referenced from method org.chromium.base.ApiCompatibilityUtils.setStatusBarColor
02-27 18:12:15.796 W/dalvikvm( 5888): VFY: unable to resolve virtual method 1149: Landroid/view/Window;.setStatusBarColor (I)V
02-27 18:12:15.796 D/dalvikvm( 5888): VFY: replacing opcode 0x6e at 0x0019
02-27 18:12:15.796 E/dalvikvm( 5888): Could not find class 'android.app.ActivityManager$TaskDescription', referenced from method org.chromium.base.ApiCompatibilityUtils.setTaskDescription
02-27 18:12:15.796 W/dalvikvm( 5888): VFY: unable to resolve new-instance 11 (Landroid/app/ActivityManager$TaskDescription;) in Lorg/chromium/base/ApiCompatibilityUtils;
02-27 18:12:15.796 D/dalvikvm( 5888): VFY: replacing opcode 0x22 at 0x0006
02-27 18:12:15.796 D/dalvikvm( 5888): DexOpt: unable to opt direct call 0x001e at 0x08 in Lorg/chromium/base/ApiCompatibilityUtils;.setTaskDescription
02-27 18:12:15.796 I/chromium( 5888): [INFO:xwalk_extension_renderer_controller.cc(47)] EXTENSION PROCESS DISABLED.
02-27 18:12:15.836 D/        ( 5888): Pixel Format : GGL_PIXEL_FORMAT_RGBA_8888
02-27 18:12:15.836 D/        ( 5888): droid_create_context : config id = 1 conf->NativeVisualID=1
02-27 18:12:15.836 D/        ( 5888): Pixel Format : GGL_PIXEL_FORMAT_RGBA_8888
02-27 18:12:15.836 I/        ( 5888): Requested context : GLES 2.0
02-27 18:12:15.846 D/        ( 5888): droid_create_context : config id = 5 conf->NativeVisualID=1
02-27 18:12:15.846 D/        ( 5888): Pixel Format : GGL_PIXEL_FORMAT_RGBA_8888
02-27 18:12:15.846 I/        ( 5888): Requested context : GLES 2.0
02-27 18:12:15.856 D/        ( 5888): Pixel Format : GGL_PIXEL_FORMAT_RGBA_8888
02-27 18:12:15.866 D/OpenGLRenderer( 5888): Enabling debug mode 0
02-27 18:12:15.986 I/ActivityManager(  505): Displayed org.xwalk.webapi_noneservice_tests/.WebapiNoneserviceTestsActivity: +774ms
02-27 18:12:15.986 W/BindingManager( 5888): Cannot call determinedVisibility() - never saw a connection for the pid: 5888
02-27 18:12:15.986 D/XT9IME  ( 4805): new subtype :zh_CN ,pinyin
02-27 18:12:15.986 D/BatteryStatsImpl(  505): noteStopWakeLocked system isFromForeground = false
02-27 18:12:15.996 D/        ( 5888): Pixel Format : GGL_PIXEL_FORMAT_RGBA_8888
02-27 18:12:15.996 D/        ( 5888): droid_create_context : config id = 1 conf->NativeVisualID=1
02-27 18:12:15.996 D/        ( 5888): Pixel Format : GGL_PIXEL_FORMAT_RGBA_8888
02-27 18:12:15.996 I/        ( 5888): Requested context : GLES 2.0
02-27 18:12:16.016 D/        ( 5888): Swap interval set to = 1 value
02-27 18:12:16.026 D/BatteryStatsImpl(  505): noteStopWakeLocked system isFromForeground = false
02-27 18:12:16.656 D/EVENT_THREAD(  186): void CEventThread::run() POLLIN event on Fd (1)
02-27 18:12:16.656 D/EVENT_THREAD(  186): void CEventThread::run() Do poll with timeout: -1
02-27 18:12:16.656 I/upi_ug31xx(  166): (2200) update_capacity
02-27 18:12:16.656 I/[UPI]   (  166): <UG31/E>[UpiReadCapacity]: V=3604(3603), T=353(354-418), I=-645, C=1(0-1)
02-27 18:12:16.656 I/[UPI]   (  166): <UG31/E>[UpiReadCapacity]: (0x0001254a) 104 (152) / 3822 (3822) = 3
02-27 18:12:16.656 I/[UPI]   (  166): <UG31/E>[UpiReadCapacity]: (0x0001254a) 104 (152) / 3822 (3822) = 3
02-27 18:12:16.656 I/[UPI]   (  166): <UG31/E>[UpiReadCapacity]: (0x0001254a) 104 (104) / 3822 (3822) = 3
02-27 18:12:16.656 I/[UPI]   (  166): <UG31/E>[RsocFilterCountTime]: (0x0001254a) Step=7(468630), Full=7(468630), Lock=468630(1800000)
02-27 18:12:16.656 I/[UPI]   (  166): <UG31/E>[UpiReadCapacity]: (0x0001254a) 104 (104) / 3822 (3822) = 3 (-645--645)
02-27 18:12:16.656 I/[UPI]   (  166): <UG31/E><BATT> M:normal, P:3(3-3)%, V:3602mV, C:-712mA, T:35.4C(418), S:0x0001254a(000), R:104mAh, F:3822mAh, Q:-1707mAh, CC:3, P:5.310(1706-1)s, BO:7, 97:615:0-44af-9m:B001-20140514-144301 (16)
02-27 18:12:16.656 D/EVENT_THREAD(  186): void CEventThread::run() POLLIN event on Fd (1)
02-27 18:12:16.656 D/EVENT_THREAD(  186): void CEventThread::run() Do poll with timeout: -1
02-27 18:12:16.656 I/upi_ug31xx(  166): (2201) backup_data 
02-27 18:12:16.656 V/upi_ug31xx(  166): state->check_backup_count = 1
02-27 18:12:16.656 I/WifiHW  (  505): CMD: IFNAME=wlan0 SIGNAL_POLL
02-27 18:12:16.656 D/wpa_supplicant(  711): RX ctrl_iface - hexdump(len=11): 53 49 47 4e 41 4c 5f 50 4f 4c 4c
02-27 18:12:16.656 D/wpa_supplicant(  711): wlan0: Control interface command 'SIGNAL_POLL'
02-27 18:12:16.686 D/wpa_supplicant(  711): nl80211: survey data missing!
02-27 18:12:16.686 I/WifiHW  (  505): REPLY: RSSI=-51
02-27 18:12:16.686 I/WifiHW  (  505): REPLY: LINKSPEED=65
02-27 18:12:16.686 I/WifiHW  (  505): REPLY: NOISE=9999
02-27 18:12:16.686 I/WifiHW  (  505): REPLY: FREQUENCY=2437
02-27 18:12:16.916 W/BindingManager( 5888): Cannot call determinedVisibility() - never saw a connection for the pid: 5888
02-27 18:12:17.166 I/chromium( 5888): [INFO:CONSOLE(0)] "Synchronous XMLHttpRequest on the main thread is deprecated because of its detrimental effects to the end user's experience. For more help, check http://xhr.spec.whatwg.org/.", source:  (0)
02-27 18:12:17.226 D/        ( 5888): Pixel Format : GGL_PIXEL_FORMAT_RGBA_8888
02-27 18:12:17.226 D/        ( 5888): droid_create_context : config id = 1 conf->NativeVisualID=1
02-27 18:12:17.226 D/        ( 5888): Pixel Format : GGL_PIXEL_FORMAT_RGBA_8888
02-27 18:12:17.226 I/        ( 5888): Requested context : GLES 2.0
02-27 18:12:19.686 I/WifiHW  (  505): CMD: IFNAME=wlan0 SIGNAL_POLL
02-27 18:12:19.686 D/wpa_supplicant(  711): RX ctrl_iface - hexdump(len=11): 53 49 47 4e 41 4c 5f 50 4f 4c 4c
02-27 18:12:19.686 D/wpa_supplicant(  711): wlan0: Control interface command 'SIGNAL_POLL'
02-27 18:12:19.706 D/EVENT_THREAD(  186): void CEventThread::run() POLLIN event on Fd (1)
02-27 18:12:19.706 D/EVENT_THREAD(  186): void CEventThread::run() Do poll with timeout: -1
02-27 18:12:19.716 D/wpa_supplicant(  711): nl80211: survey data missing!
02-27 18:12:19.716 I/WifiHW  (  505): REPLY: RSSI=-52
02-27 18:12:19.716 I/WifiHW  (  505): REPLY: LINKSPEED=65
02-27 18:12:19.716 I/WifiHW  (  505): REPLY: NOISE=9999
02-27 18:12:19.716 I/WifiHW  (  505): REPLY: FREQUENCY=2437
02-27 18:12:21.446 I/SecurityManagerService(  600): SMS received security event: App[START/com.android.providers.contacts]
02-27 18:12:21.466 D/dalvikvm( 6099): Process 6099 nice name: android.process.acore
02-27 18:12:21.466 D/dalvikvm( 6099): Extra Options: not specified
02-27 18:12:21.466 I/ActivityManager(  505): Start proc android.process.acore for content provider com.android.providers.contacts/.ContactsProvider2: pid=6099 uid=10004 gids={50004, 3003, 1028, 1015, 1023}
02-27 18:12:21.526 D/AsusCallerIDProvider( 6099): is touchPal installed = false
02-27 18:12:21.546 D/AsusSimContactsManager( 6099): Google
02-27 18:12:21.546 D/ContactsProvider:SimCardReceiver( 6099): initialSimCardState: mHasIccCard = false mHasIccCard2 = false
02-27 18:12:21.726 I/ContactLocale( 6099): AddressBook Labels [zh_CN]: [, A, B, C, D, E, F, G, H, I, J, K, L, M, N, O, P, Q, R, S, T, U, V, W, X, Y, Z, , , , , , , , , , , , , , , , , , , , , , , , , , , , , , , , , , , , , , , , , , , , , , , , , , , , , , , , , , , , , , , , , , , , , , , , , , , , , , , , , , , , , , , , , , , , , , , , , , , , , , , , , , , , , , , , , , , , , , , , , , , , , , , , , , , , , , , , , , , , , , , , , , , , , , , , , , , , #, ]
02-27 18:12:21.786 I/SecurityManagerService(  600): SMS received security event: App[START/com.asus.contacts]
02-27 18:12:21.796 D/dalvikvm( 6113): Process 6113 nice name: com.asus.contacts
02-27 18:12:21.796 D/dalvikvm( 6113): Extra Options: not specified
02-27 18:12:21.796 I/ActivityManager(  505): Start proc com.asus.contacts for broadcast com.asus.contacts/com.android.contacts.activities.DialerDefaultTabReceiver: pid=6113 uid=10004 gids={50004, 3003, 1028, 1015, 1023}
02-27 18:12:21.816 I/dalvikvm( 5888): Total arena pages for JIT: 11
02-27 18:12:21.816 I/dalvikvm( 5888): Total arena pages for JIT: 12
02-27 18:12:21.816 I/dalvikvm( 5888): Total arena pages for JIT: 13
02-27 18:12:21.816 I/dalvikvm( 5888): Total arena pages for JIT: 14
02-27 18:12:21.816 I/dalvikvm( 5888): Total arena pages for JIT: 15
02-27 18:12:21.896 D/EVENT_THREAD(  186): void CEventThread::run() POLLIN event on Fd (1)
02-27 18:12:21.896 D/EVENT_THREAD(  186): void CEventThread::run() Do poll with timeout: -1
02-27 18:12:21.906 D/EVENT_THREAD(  186): void CEventThread::run() POLLIN event on Fd (1)
02-27 18:12:21.906 D/EVENT_THREAD(  186): void CEventThread::run() Do poll with timeout: -1
02-27 18:12:21.906 I/upi_ug31xx(  166): (2202) update_capacity
02-27 18:12:21.906 I/[UPI]   (  166): <UG31/E>[UpiReadCapacity]: V=3601(3595), T=353(354-418), I=-633, C=-2(-1-0)
02-27 18:12:21.906 I/[UPI]   (  166): <UG31/E>[UpiReadCapacity]: (0x0001254a) 104 (191) / 3822 (3822) = 3
02-27 18:12:21.906 I/[UPI]   (  166): <UG31/E>[UpiReadCapacity]: (0x0001254a) 104 (191) / 3822 (3822) = 3
02-27 18:12:21.906 I/[UPI]   (  166): <UG31/E>[UpiReadCapacity]: (0x0001254a) 104 (104) / 3822 (3822) = 3
02-27 18:12:21.906 I/[UPI]   (  166): <UG31/E>[RsocFilterCountTime]: (0x0001254a) Step=7(473890), Full=7(473890), Lock=473890(1800000)
02-27 18:12:21.906 I/[UPI]   (  166): <UG31/E>[UpiReadCapacity]: (0x0001254a) 104 (104) / 3822 (3822) = 3 (-633--633)
02-27 18:12:21.906 I/[UPI]   (  166): <UG31/E><BATT> M:normal, P:3(3-3)%, V:3593mV, C:-628mA, T:35.4C(418), S:0x0001254a(000), R:104mAh, F:3822mAh, Q:-1709mAh, CC:3, P:5.260(1708-0)s, BO:7, 97:615:0-44af-9m:B001-20140514-144301 (16)
02-27 18:12:21.906 I/upi_ug31xx(  166): (2203) backup_data 
02-27 18:12:21.906 V/upi_ug31xx(  166): state->check_backup_count = 2
02-27 18:12:21.996 D/BirthdayUpdateThread( 6113): new Thread
02-27 18:12:21.996 D/BirthdayUpdateThread( 6113): BirthdayUpdateThread start
02-27 18:12:21.996 D/ContactsApplication( 6113): onCreate(): Register ACTION_SEND_MISSED_CALL_INFO receiver
02-27 18:12:22.006 D/AccountTypeManager( 6113): Registering external account type=com.tencent.mm.account, packageName=com.tencent.mm
02-27 18:12:22.006 D/SendBroadcastHandler( 6099): startTimer() SEND_TO_CONTACTS_INSERT 
02-27 18:12:22.016 D/CountryDetector(  505): The first listener is added
02-27 18:12:22.036 D/AccountTypeManager( 6113): Registering external account type=com.tencent.mm.account, packageName=com.tencent.mm
02-27 18:12:22.076 D/AsusContactsForegroundFakeService( 6113): onCreate()
02-27 18:12:22.076 V/ActivityManager(  505): Remove bg service from mStartingBackground ,r=ServiceRecord{2225bd40 u0 com.asus.contacts/com.android.contacts.AsusContactsForegroundFakeService},r used time=80,left r count=0
02-27 18:12:22.106 D/AsusContactsForegroundFakeService( 6113): onStartCommand
02-27 18:12:22.106 D/AsusContactsForegroundService( 6113): onCreate()
02-27 18:12:22.116 V/ActivityManager(  505): Remove bg service from mStartingBackground ,r=ServiceRecord{221ced90 u0 com.asus.contacts/com.android.contacts.AsusContactsForegroundService},r used time=25,left r count=0
02-27 18:12:22.136 D/AsusContactsForegroundService( 6113): onStartCommand
02-27 18:12:22.136 D/AsusContactsForegroundFakeService( 6113): onStartCommand
02-27 18:12:22.136 D/AsusContactsForegroundFakeService( 6113): stopForeground
02-27 18:12:22.136 D/AsusContactsForegroundFakeService( 6113): onDestroy()
02-27 18:12:22.186 D/dalvikvm( 6113): GC_CONCURRENT freed 3221K, 33% free 6626K/9836K, paused 1ms+1ms, total 6ms
02-27 18:12:22.206 D/AsusProfileAddEmail( 6113): No profile, do not need to insert email
02-27 18:12:22.366 D/dalvikvm( 6113): GC_CONCURRENT freed 4022K, 35% free 6957K/10676K, paused 1ms+1ms, total 17ms
02-27 18:12:22.426 D/AccountTypeManager( 6113): Registering external account type=com.asus.socialnetwork.account.linkedin, packageName=com.asus.server.snm
02-27 18:12:22.426 D/AccountTypeManager( 6113): Registering external account type=com.asus.socialnetwork.account.sinaweibo, packageName=com.asus.server.snm
02-27 18:12:22.426 D/AccountTypeManager( 6113): Registering external account type=com.asus.socialnetwork.account.tencentweibo, packageName=com.asus.server.snm
02-27 18:12:22.436 D/ASUS    ( 6113): accounts Size0
02-27 18:12:22.436 D/AsusTelephonyManager( 6113): getDefault
02-27 18:12:22.436 D/AsusTelephonyManager( 6113): getDefault
02-27 18:12:22.436 D/AsusTelephonyManager( 6113): getDefault
02-27 18:12:22.446 D/AccountTypeManager( 6113): Registering external account type=com.asus.socialnetwork.account.linkedin, packageName=com.asus.server.snm
02-27 18:12:22.446 D/AsusTelephonyManager( 6113): getDefault
02-27 18:12:22.446 D/AsusTelephonyManager( 6113): getDefault
02-27 18:12:22.446 D/AsusTelephonyManager( 6113): getDefault
02-27 18:12:22.446 D/AccountTypeManager( 6113): Registering external account type=com.asus.socialnetwork.account.sinaweibo, packageName=com.asus.server.snm
02-27 18:12:22.456 D/AccountTypeManager( 6113): Registering external account type=com.asus.socialnetwork.account.tencentweibo, packageName=com.asus.server.snm
02-27 18:12:22.456 D/ASUS    ( 6113): accounts Size0
02-27 18:12:22.456 D/AsusTelephonyManager( 6113): getDefault
02-27 18:12:22.456 D/AsusTelephonyManager( 6113): getDefault
02-27 18:12:22.466 D/AsusPreferenceManager( 6113): getUpdateSettingTable: false
02-27 18:12:22.466 D/AsusPreferenceManager( 6113): getUpdateSettingTable: false
02-27 18:12:22.466 D/AsusPreferenceManager( 6113): setUpdateSettingTable: true
02-27 18:12:22.466 D/AsusTelephonyManager( 6113): getDefault
02-27 18:12:22.466 D/AsusTelephonyManager( 6113): getDefault
02-27 18:12:22.466 D/AsusTelephonyManager( 6113): getDefault
02-27 18:12:22.466 D/AsusTelephonyManager( 6113): getDefault
02-27 18:12:22.466 D/AsusPreferenceManager( 6113): getUpdateSettingTable: true
02-27 18:12:22.466 D/AsusPreferenceManager( 6113): getUpdateSettingTable: true
02-27 18:12:22.466 I/AccountTypeManager( 6113): Loaded meta-data for 7 account types, 1 accounts in 458ms(wall) 208ms(cpu)
02-27 18:12:22.476 I/AccountTypeManager( 6113): Loaded meta-data for 7 account types, 1 accounts in 443ms(wall) 210ms(cpu)
02-27 18:12:22.476 D/AsusTelephonyManager( 6113): getDefault
02-27 18:12:22.476 D/AsusTelephonyManager( 6113): getDefault
02-27 18:12:22.476 D/AsusTelephonyManager( 6113): getDefault
02-27 18:12:22.476 D/AsusTelephonyManager( 6113): getDefault
02-27 18:12:22.476 D/AsusTelephonyManager( 6113): getDefault
02-27 18:12:22.476 D/AsusTelephonyManager( 6113): getDefault
02-27 18:12:22.476 D/SimCardContactsManager( 6113): isSimEditable = false
02-27 18:12:22.476 D/AsusTelephonyManager( 6113): getDefault
02-27 18:12:22.486 D/AsusTelephonyManager( 6113): getDefault
02-27 18:12:22.486 W/Settings( 6113): Setting airplane_mode_on has moved from android.provider.Settings.System to android.provider.Settings.Global, returning read-only value.
02-27 18:12:22.486 I/dalvikvm( 6113): Total arena pages for JIT: 11
02-27 18:12:22.496 D/SimCardContactsManager( 6113): (getIccCardState) hasIccCard 1 = false
02-27 18:12:22.496 D/SimCardContactsManager( 6113): (getIccCardState) isFlyMode 1 = false
02-27 18:12:22.496 D/SimCardContactsManager( 6113): (getIccCardState) SimSerialNumber  1 is null
02-27 18:12:22.496 D/SimCardContactsManager( 6113): (getIccCardState) ASUS_ICC_CARD_READY 1 = false
02-27 18:12:22.496 D/AsusTelephonyManager( 6113): getDefault
02-27 18:12:22.496 D/SimCardContactsManager( 6113): get asushadIccCard1 :false
02-27 18:12:22.496 D/AccountTypeManager( 6113): 1 : getIccCardState(false)
02-27 18:12:22.496 D/AsusTelephonyManager( 6113): getDefault
02-27 18:12:22.496 D/SimCardContactsManager( 6113): get asushadIccCard1 :false
02-27 18:12:22.496 D/DialerDefaultTabReceiver( 6113): updateSettingTable
02-27 18:12:22.566 I/dalvikvm( 6113): Total arena pages for JIT: 12
02-27 18:12:22.566 I/dalvikvm( 6113): Total arena pages for JIT: 13
02-27 18:12:22.576 I/dalvikvm( 6113): Total arena pages for JIT: 14
02-27 18:12:22.576 I/dalvikvm( 6113): Total arena pages for JIT: 15
02-27 18:12:22.716 I/WifiHW  (  505): CMD: IFNAME=wlan0 SIGNAL_POLL
02-27 18:12:22.716 D/wpa_supplicant(  711): RX ctrl_iface - hexdump(len=11): 53 49 47 4e 41 4c 5f 50 4f 4c 4c
02-27 18:12:22.716 D/wpa_supplicant(  711): wlan0: Control interface command 'SIGNAL_POLL'
02-27 18:12:22.746 D/wpa_supplicant(  711): nl80211: survey data missing!
02-27 18:12:22.746 I/WifiHW  (  505): REPLY: RSSI=-52
02-27 18:12:22.746 I/WifiHW  (  505): REPLY: LINKSPEED=65
02-27 18:12:22.746 I/WifiHW  (  505): REPLY: NOISE=9999
02-27 18:12:22.746 I/WifiHW  (  505): REPLY: FREQUENCY=2437
02-27 18:12:22.866 D/123     ( 6113): updateSettingTable: query time = 370
02-27 18:12:22.866 D/DialerDefaultTabReceiver( 6113): Account exist: Device/asus.local.phone
02-27 18:12:22.876 D/AsusPreferenceManager( 6113): getUpdateSettingTable: true
02-27 18:12:22.876 D/AsusPreferenceManager( 6113): setUpdateSettingTable: false
02-27 18:12:22.936 D/SendBroadcastHandler( 6099): startTimer() SEND_TO_CONTACTS_WIDGET_DELETE 
02-27 18:12:23.006 I/chromium( 5888): [INFO:CONSOLE(70)] "WARNING: Message from backend doesn't have data.", source:  (70)
02-27 18:12:23.526 W/BindingManager( 5888): Cannot call determinedVisibility() - never saw a connection for the pid: 5888
02-27 18:12:23.576 I/chromium( 5888): [INFO:CONSOLE(70)] "WARNING: Message from backend doesn't have data.", source:  (70)
02-27 18:12:24.126 W/BindingManager( 5888): Cannot call determinedVisibility() - never saw a connection for the pid: 5888
02-27 18:12:24.276 I/chromium( 5888): [INFO:CONSOLE(70)] "WARNING: Message from backend doesn't have data.", source:  (70)
02-27 18:12:24.716 W/BindingManager( 5888): Cannot call determinedVisibility() - never saw a connection for the pid: 5888
02-27 18:12:24.726 D/EVENT_THREAD(  186): void CEventThread::run() POLLIN event on Fd (1)
02-27 18:12:24.726 D/EVENT_THREAD(  186): void CEventThread::run() Do poll with timeout: -1
02-27 18:12:24.836 I/chromium( 5888): [INFO:CONSOLE(70)] "WARNING: Message from backend doesn't have data.", source:  (70)
02-27 18:12:24.946 I/SecurityManagerService(  600): SMS received security event: App[START/com.android.providers.calendar]
02-27 18:12:24.946 I/ActivityManager(  505): Start proc com.android.providers.calendar for broadcast com.android.providers.calendar/.ContactsEventUpdateReceiver: pid=6153 uid=10031 gids={50031, 3003, 1028, 1015}
02-27 18:12:24.956 D/dalvikvm( 6153): Process 6153 nice name: com.android.providers.calendar
02-27 18:12:24.956 D/dalvikvm( 6153): Extra Options: not specified
02-27 18:12:25.016 D/SendBroadcastHandler( 6099): mTimerTask sendMessage CONTACTS_INSERT 
02-27 18:12:25.016 D/SendBroadcastHandler( 6099): (insert) sendBroadcast mInsertRawContacts:4
02-27 18:12:25.016 D/SendBroadcastHandler( 6099): (insert) sendBroadcast mInsertName:4
02-27 18:12:25.016 D/SendBroadcastHandler( 6099): (insert) sendBroadcast mInsertNameDetail:4
02-27 18:12:25.016 D/SendBroadcastHandler( 6099): sendBroadcast insert to voice agent
02-27 18:12:25.106 V/ActivityManager(  505): Remove bg service from mStartingBackground ,r=ServiceRecord{229e21b8 u0 com.android.providers.calendar/.ContactsEventUpdateIntentService},r used time=80,left r count=1
02-27 18:12:25.176 D/dalvikvm(  505): GC_EXPLICIT freed 694K, 47% free 18476K/34800K, paused 1ms+4ms, total 52ms
02-27 18:12:25.316 W/BindingManager( 5888): Cannot call determinedVisibility() - never saw a connection for the pid: 5888
02-27 18:12:25.446 I/chromium( 5888): [INFO:CONSOLE(70)] "WARNING: Message from backend doesn't have data.", source:  (70)
02-27 18:12:25.486 D/SendBroadcastHandler( 6099): startTimer() SEND_TO_CONTACTS_INSERT 
02-27 18:12:25.646 D/dalvikvm( 6099): GC_EXPLICIT freed 1147K, 15% free 7447K/8668K, paused 1ms+3ms, total 20ms
02-27 18:12:25.746 I/WifiHW  (  505): CMD: IFNAME=wlan0 SIGNAL_POLL
02-27 18:12:25.746 D/wpa_supplicant(  711): RX ctrl_iface - hexdump(len=11): 53 49 47 4e 41 4c 5f 50 4f 4c 4c
02-27 18:12:25.746 D/wpa_supplicant(  711): wlan0: Control interface command 'SIGNAL_POLL'
02-27 18:12:25.776 D/wpa_supplicant(  711): nl80211: survey data missing!
02-27 18:12:25.776 I/WifiHW  (  505): REPLY: RSSI=-52
02-27 18:12:25.776 I/WifiHW  (  505): REPLY: LINKSPEED=65
02-27 18:12:25.776 I/WifiHW  (  505): REPLY: NOISE=9999
02-27 18:12:25.776 I/WifiHW  (  505): REPLY: FREQUENCY=2437
02-27 18:12:25.916 W/BindingManager( 5888): Cannot call determinedVisibility() - never saw a connection for the pid: 5888
02-27 18:12:25.936 D/SendBroadcastHandler( 6099): mTimerTask sendMessage CONTACTS_DELETE 
02-27 18:12:25.946 D/AsusContactWigdetSync( 6113): ready to sync contact id = 4
02-27 18:12:25.946 D/AsusContactWigdetSync( 6113): ready to sync widget
02-27 18:12:25.946 D/AsusContactWigdetSync( 6113): delete contact_id = 490
02-27 18:12:25.946 D/AsusContactWigdetSync( 6113): delete contact_id = 491
02-27 18:12:25.946 D/SendBroadcastHandler( 6099): sendBroadcast delete to voice agent
02-27 18:12:25.946 D/SendBroadcastHandler( 6099): (Delete) sendBroadcast mDeleteContacts:4
02-27 18:12:25.946 D/SendBroadcastHandler( 6099): (Delete) sendBroadcast mDeleteRawContactsVoice:4
02-27 18:12:25.946 D/SendBroadcastHandler( 6099): sendBroadcast CONTACTS_DELETE
02-27 18:12:25.946 D/AsusContactWigdetSync( 6113): delete contact_id = 492
02-27 18:12:25.946 D/AsusContactWigdetSync( 6113): delete contact_id = 493
02-27 18:12:25.946 D/AsusContactWigdetSync( 6113): sync isdelete = true
02-27 18:12:25.946 I/SecurityManagerService(  600): SMS received security event: App[START/com.asus.contactswidget]
02-27 18:12:25.956 D/dalvikvm( 6178): Process 6178 nice name: com.asus.contactswidget
02-27 18:12:25.956 D/dalvikvm( 6178): Extra Options: not specified
02-27 18:12:25.956 I/ActivityManager(  505): Start proc com.asus.contactswidget for broadcast com.asus.contactswidget/.ContactsWidgetReceiver: pid=6178 uid=10046 gids={50046}
02-27 18:12:25.966 D/dalvikvm(  172): GC_EXPLICIT freed 45K, 2% free 5801K/5892K, paused 0ms+1ms, total 13ms
02-27 18:12:25.976 D/dalvikvm(  172): GC_EXPLICIT freed <1K, 2% free 5801K/5892K, paused 1ms+1ms, total 12ms
02-27 18:12:25.976 D/SendBroadcastHandler( 6099): startTimer() SEND_TO_CONTACTS_WIDGET_DELETE 
02-27 18:12:25.986 D/dalvikvm(  172): GC_EXPLICIT freed <1K, 2% free 5801K/5892K, paused 0ms+1ms, total 12ms
02-27 18:12:26.036 D/AsusContactWigdetSync( 6178): ready to sync contact id = 4
02-27 18:12:26.036 D/AsusContactWigdetSync( 6178): ready to sync widget
02-27 18:12:26.036 D/AsusContactWigdetSync( 6178): delete contact_id = 490
02-27 18:12:26.036 D/AsusContactWigdetSync( 6178): delete contact_id = 491
02-27 18:12:26.036 D/AsusContactWigdetSync( 6178): delete contact_id = 492
02-27 18:12:26.036 D/AsusContactWigdetSync( 6178): delete contact_id = 493
02-27 18:12:26.036 D/AsusContactWigdetSync( 6178): sync isdelete = true
02-27 18:12:26.056 I/CalendarProvider2( 6153): Sending countdown intent: Intent { act=asuscalendar.intent.action.COUNTDOWN_CHANGED dat=content://com.android.calendar }
02-27 18:12:26.056 W/ContentResolver( 6153): Failed to get type for: content://com.android.calendar (Unknown URL content://com.android.calendar)
02-27 18:12:26.056 I/SecurityManagerService(  600): SMS received security event: App[START/com.asus.calendar]
02-27 18:12:26.056 I/chromium( 5888): [INFO:CONSOLE(70)] "WARNING: Message from backend doesn't have data.", source:  (70)
02-27 18:12:26.066 D/dalvikvm( 6192): Process 6192 nice name: com.asus.calendar
02-27 18:12:26.066 D/dalvikvm( 6192): Extra Options: not specified
02-27 18:12:26.066 I/ActivityManager(  505): Start proc com.asus.calendar for broadcast com.asus.calendar/com.asus.countdown.CountdownReceiver: pid=6192 uid=10002 gids={50002, 3003, 1028, 1015, 3002}
02-27 18:12:26.106 I/CalendarProvider2( 6153): Sending notification intent: Intent { act=android.intent.action.PROVIDER_CHANGED dat=content://com.android.calendar }
02-27 18:12:26.106 W/ContentResolver( 6153): Failed to get type for: content://com.android.calendar (Unknown URL content://com.android.calendar)
02-27 18:12:26.106 V/ActivityManager(  505): Remove bg service from mStartingBackground ,r=ServiceRecord{2213d9e0 u0 com.android.providers.calendar/.EmptyService},r used time=1054,left r count=2
02-27 18:12:26.156 D/AlertReceiver( 6192): onReceive: a=android.intent.action.PROVIDER_CHANGED Intent { act=android.intent.action.PROVIDER_CHANGED dat=content://com.android.calendar flg=0x10 cmp=com.asus.calendar/com.android.calendar.alerts.AlertReceiver }
02-27 18:12:26.176 V/ActivityManager(  505): Remove bg service from mStartingBackground ,r=ServiceRecord{22884ba0 u0 com.asus.calendar/com.asus.countdown.CountdownService},r used time=20,left r count=3
02-27 18:12:26.216 D/AlertService( 6192): 0 Action = android.intent.action.PROVIDER_CHANGED
02-27 18:12:26.216 D/AlertService( 6192): Beginning updateAlertNotification
02-27 18:12:26.226 D/AlertService( 6192): No fired or scheduled alerts
02-27 18:12:26.236 V/ActivityManager(  505): Remove bg service from mStartingBackground ,r=ServiceRecord{225770a8 u0 com.asus.calendar/com.android.calendar.alerts.AlertService},r used time=75,left r count=2
02-27 18:12:26.236 I/ActivityManager(  505): Killing 4596:com.ecareme.asuswebstorage/u0a28 (adj 15): empty #9
02-27 18:12:26.246 D/BatteryStatsImpl(  505): noteStopWakeLocked com.asus.calendar isFromForeground = false
02-27 18:12:26.246 I/SecurityManagerService(  600): SMS received security event: App[STOP/com.ecareme.asuswebstorage]
02-27 18:12:26.276 I/ActivityManager(  505): Killing 4611:com.wandoujia.phoenix2/u0a29 (adj 15): empty #9
02-27 18:12:26.376 I/SecurityManagerService(  600): SMS received security event: App[STOP/com.wandoujia.phoenix2]
02-27 18:12:26.466 E/ContactJson( 5888): getStringArray(fields): Failed to parse json data: org.json.JSONException: Value givenNames at fields of type java.lang.String cannot be converted to JSONArray
02-27 18:12:26.946 D/AsusContactWigdetSync( 6113): sync start
02-27 18:12:26.946 D/AsusContactWigdetSync( 6113): sync selection = null
02-27 18:12:26.946 D/AsusContactWigdetSync( 6113): sync delete selection = contact_id IN ( 493, 492, 491, 490)
02-27 18:12:26.966 D/AsusContactWigdetSync( 6113): sync stop
02-27 18:12:26.966 V/ActivityManager(  505): Remove bg service from mStartingBackground ,r=ServiceRecord{22ae08d8 u0 com.asus.contacts/com.android.contacts.miniwidget.SyncService},r used time=1019,left r count=1
02-27 18:12:27.036 D/AsusContactWigdetSync( 6178): sync start
02-27 18:12:27.036 D/AsusContactWigdetSync( 6178): sync selection = null
02-27 18:12:27.036 D/AsusContactWigdetSync( 6178): sync delete selection = contact_id IN ( 493, 492, 491, 490)
02-27 18:12:27.046 W/BindingManager( 5888): Cannot call determinedVisibility() - never saw a connection for the pid: 5888
02-27 18:12:27.066 D/AsusContactWigdetSync( 6178): sync stop
02-27 18:12:27.066 V/ActivityManager(  505): Remove bg service from mStartingBackground ,r=ServiceRecord{229260f8 u0 com.asus.contactswidget/.SyncService},r used time=1031,left r count=0
02-27 18:12:27.066 I/ActivityManager(  505): Killing 4674:com.asus.launcher/u0a6 (adj 15): empty #9
02-27 18:12:27.136 I/SecurityManagerService(  600): SMS received security event: App[STOP/com.asus.launcher]
02-27 18:12:27.146 D/EVENT_THREAD(  186): void CEventThread::run() POLLIN event on Fd (1)
02-27 18:12:27.146 D/EVENT_THREAD(  186): void CEventThread::run() Do poll with timeout: -1
02-27 18:12:27.146 D/EVENT_THREAD(  186): void CEventThread::run() POLLIN event on Fd (1)
02-27 18:12:27.146 D/EVENT_THREAD(  186): void CEventThread::run() Do poll with timeout: -1
02-27 18:12:27.146 I/upi_ug31xx(  166): (2204) update_capacity
02-27 18:12:27.146 I/[UPI]   (  166): <UG31/E>[UpiReadCapacity]: V=3597(3591), T=353(355-418), I=-448, C=-2(-2-0)
02-27 18:12:27.146 I/[UPI]   (  166): <UG31/E>[UpiReadCapacity]: (0x0001254a) 104 (152) / 3822 (3822) = 3
02-27 18:12:27.146 I/[UPI]   (  166): <UG31/E>[UpiReadCapacity]: (0x0001254a) 104 (152) / 3822 (3822) = 3
02-27 18:12:27.146 I/[UPI]   (  166): <UG31/E>[UpiReadCapacity]: (0x0001254a) 103 (103) / 3822 (3822) = 3
02-27 18:12:27.146 I/[UPI]   (  166): <UG31/E>[RsocFilterCountTime]: (0x0001254a) Step=7(479140), Full=7(479140), Lock=479140(1800000)
02-27 18:12:27.146 I/[UPI]   (  166): <UG31/E>[UpiReadCapacity]: (0x0001254a) 103 (103) / 3822 (3822) = 3 (-448--448)
02-27 18:12:27.146 I/[UPI]   (  166): <UG31/E><BATT> M:normal, P:3(3-3)%, V:3590mV, C:-374mA, T:35.5C(418), S:0x0001254a(000), R:103mAh, F:3822mAh, Q:-1711mAh, CC:3, P:5.250(1710-0)s, BO:7, 97:615:0-44af-9m:B001-20140514-144301 (16)
02-27 18:12:27.146 I/upi_ug31xx(  166): (2205) backup_data 
02-27 18:12:27.146 V/upi_ug31xx(  166): state->check_backup_count = 3
02-27 18:12:27.226 I/chromium( 5888): [INFO:CONSOLE(70)] "WARNING: Message from backend doesn't have data.", source:  (70)
02-27 18:12:27.246 D/dalvikvm( 5888): GC_EXPLICIT freed 2444K, 28% free 6862K/9488K, paused 0ms+2ms, total 18ms
02-27 18:12:27.466 V/ActivityManager(  505): Remove bg service from mStartingBackground ,r=ServiceRecord{223f2070 u0 com.android.providers.calendar/.ContactsEventUpdateIntentService},r used time=98,left r count=1
02-27 18:12:28.156 W/BindingManager( 5888): Cannot call determinedVisibility() - never saw a connection for the pid: 5888
02-27 18:12:28.376 I/chromium( 5888): [INFO:CONSOLE(70)] "WARNING: Message from backend doesn't have data.", source:  (70)
02-27 18:12:28.466 I/CalendarProvider2( 6153): Sending notification intent: Intent { act=android.intent.action.PROVIDER_CHANGED dat=content://com.android.calendar }
02-27 18:12:28.466 W/ContentResolver( 6153): Failed to get type for: content://com.android.calendar (Unknown URL content://com.android.calendar)
02-27 18:12:28.466 D/AlertReceiver( 6192): onReceive: a=android.intent.action.PROVIDER_CHANGED Intent { act=android.intent.action.PROVIDER_CHANGED dat=content://com.android.calendar flg=0x10 cmp=com.asus.calendar/com.android.calendar.alerts.AlertReceiver }
02-27 18:12:28.466 V/ActivityManager(  505): Remove bg service from mStartingBackground ,r=ServiceRecord{2223f8e8 u0 com.android.providers.calendar/.EmptyService},r used time=1005,left r count=0
02-27 18:12:28.476 D/AlertService( 6192): 0 Action = android.intent.action.PROVIDER_CHANGED
02-27 18:12:28.476 D/AlertService( 6192): Beginning updateAlertNotification
02-27 18:12:28.486 D/SendBroadcastHandler( 6099): mTimerTask sendMessage CONTACTS_INSERT 
02-27 18:12:28.486 D/SendBroadcastHandler( 6099): (insert) sendBroadcast mInsertRawContacts:6
02-27 18:12:28.486 D/SendBroadcastHandler( 6099): (insert) sendBroadcast mInsertName:6
02-27 18:12:28.486 D/SendBroadcastHandler( 6099): (insert) sendBroadcast mInsertNameDetail:6
02-27 18:12:28.486 D/SendBroadcastHandler( 6099): sendBroadcast insert to voice agent
02-27 18:12:28.496 D/AlertService( 6192): No fired or scheduled alerts
02-27 18:12:28.506 D/BatteryStatsImpl(  505): noteStopWakeLocked com.asus.calendar isFromForeground = false
02-27 18:12:28.506 V/ActivityManager(  505): Remove bg service from mStartingBackground ,r=ServiceRecord{221fcee0 u0 com.asus.calendar/com.android.calendar.alerts.AlertService},r used time=31,left r count=0
02-27 18:12:28.596 D/SendBroadcastHandler( 6099): startTimer() SEND_TO_CONTACTS_INSERT 
02-27 18:12:28.776 I/WifiHW  (  505): CMD: IFNAME=wlan0 SIGNAL_POLL
02-27 18:12:28.776 D/wpa_supplicant(  711): RX ctrl_iface - hexdump(len=11): 53 49 47 4e 41 4c 5f 50 4f 4c 4c
02-27 18:12:28.776 D/wpa_supplicant(  711): wlan0: Control interface command 'SIGNAL_POLL'
02-27 18:12:28.776 D/wpa_supplicant(  711): nl80211: survey data missing!
02-27 18:12:28.776 I/WifiHW  (  505): REPLY: RSSI=-52
02-27 18:12:28.776 I/WifiHW  (  505): REPLY: LINKSPEED=65
02-27 18:12:28.776 I/WifiHW  (  505): REPLY: NOISE=9999
02-27 18:12:28.776 I/WifiHW  (  505): REPLY: FREQUENCY=2437
02-27 18:12:28.796 D/dalvikvm( 6099): GC_EXPLICIT freed 905K, 13% free 7710K/8776K, paused 1ms+2ms, total 18ms
02-27 18:12:28.976 D/SendBroadcastHandler( 6099): mTimerTask sendMessage CONTACTS_DELETE 
02-27 18:12:28.986 D/SendBroadcastHandler( 6099): sendBroadcast delete to voice agent
02-27 18:12:28.986 D/SendBroadcastHandler( 6099): (Delete) sendBroadcast mDeleteContacts:5
02-27 18:12:28.986 D/SendBroadcastHandler( 6099): (Delete) sendBroadcast mDeleteRawContactsVoice:5
02-27 18:12:28.986 D/SendBroadcastHandler( 6099): sendBroadcast CONTACTS_DELETE
02-27 18:12:28.986 D/AsusContactWigdetSync( 6113): ready to sync contact id = 5
02-27 18:12:28.986 D/AsusContactWigdetSync( 6113): ready to sync widget
02-27 18:12:28.986 D/AsusContactWigdetSync( 6113): delete contact_id = 494
02-27 18:12:28.986 D/AsusContactWigdetSync( 6113): delete contact_id = 495
02-27 18:12:28.986 D/AsusContactWigdetSync( 6113): delete contact_id = 496
02-27 18:12:28.986 D/AsusContactWigdetSync( 6178): ready to sync contact id = 5
02-27 18:12:28.986 D/AsusContactWigdetSync( 6178): ready to sync widget
02-27 18:12:28.986 D/AsusContactWigdetSync( 6178): delete contact_id = 494
02-27 18:12:28.986 D/AsusContactWigdetSync( 6178): delete contact_id = 495
02-27 18:12:28.986 D/AsusContactWigdetSync( 6178): delete contact_id = 496
02-27 18:12:28.986 D/AsusContactWigdetSync( 6178): delete contact_id = 497
02-27 18:12:28.986 D/AsusContactWigdetSync( 6178): delete contact_id = 498
02-27 18:12:28.986 D/AsusContactWigdetSync( 6178): sync isdelete = true
02-27 18:12:28.986 D/AsusContactWigdetSync( 6113): delete contact_id = 497
02-27 18:12:28.986 D/AsusContactWigdetSync( 6113): delete contact_id = 498
02-27 18:12:28.986 D/AsusContactWigdetSync( 6113): sync isdelete = true
02-27 18:12:29.256 W/BindingManager( 5888): Cannot call determinedVisibility() - never saw a connection for the pid: 5888
02-27 18:12:29.286 D/SendBroadcastHandler( 6099): startTimer() SEND_TO_CONTACTS_WIDGET_DELETE 
02-27 18:12:29.406 I/chromium( 5888): [INFO:CONSOLE(70)] "WARNING: Message from backend doesn't have data.", source:  (70)
02-27 18:12:29.636 D/dalvikvm(  505): GC_EXPLICIT freed 145K, 48% free 18440K/34800K, paused 1ms+3ms, total 44ms
02-27 18:12:29.726 D/EVENT_THREAD(  186): void CEventThread::run() POLLIN event on Fd (1)
02-27 18:12:29.726 D/EVENT_THREAD(  186): void CEventThread::run() Do poll with timeout: -1
02-27 18:12:29.986 D/AsusContactWigdetSync( 6178): sync start
02-27 18:12:29.986 D/AsusContactWigdetSync( 6178): sync selection = null
02-27 18:12:29.986 D/AsusContactWigdetSync( 6178): sync delete selection = contact_id IN ( 495, 494, 496, 497, 498)
02-27 18:12:29.986 D/AsusContactWigdetSync( 6113): sync start
02-27 18:12:29.986 D/AsusContactWigdetSync( 6113): sync selection = null
02-27 18:12:29.986 D/AsusContactWigdetSync( 6113): sync delete selection = contact_id IN ( 495, 494, 496, 497, 498)
02-27 18:12:29.996 D/AsusContactWigdetSync( 6113): sync stop
02-27 18:12:29.996 D/AsusContactWigdetSync( 6178): sync stop
02-27 18:12:29.996 V/ActivityManager(  505): Remove bg service from mStartingBackground ,r=ServiceRecord{221e39e8 u0 com.asus.contacts/com.android.contacts.miniwidget.SyncService},r used time=1006,left r count=1
02-27 18:12:29.996 V/ActivityManager(  505): Remove bg service from mStartingBackground ,r=ServiceRecord{221e1808 u0 com.asus.contactswidget/.SyncService},r used time=1004,left r count=0
02-27 18:12:30.106 D/BatteryStatsImpl(  505): noteStopWakeLocked system isFromForeground = false
02-27 18:12:30.106 D/AlarmManager(  505): Triggered Alarm 2288cdc8 ELAPSED_REALTIME_WAKEUP IntentSender{21eb5fd0: PendingIntentRecord{22adcf18 com.android.providers.calendar broadcastIntent}}
02-27 18:12:30.116 D/AlarmManager(  505): Removed alarm Alarm{224c7cb8 type 0 com.android.providers.calendar} type:RTC_WAKEUP
02-27 18:12:30.116 D/AlarmManager(  505): Added alarm Alarm{221e9018 type 2 android} type:ELAPSED_REALTIME_WAKEUP when: After 0h:22m:10.0s
02-27 18:12:30.116 D/AlarmManager(  505): Added alarm Alarm{221e7d50 type 0 android} type:RTC_WAKEUP when: At 15-2-27 6:30 repeatInterval: 0h:30m:0.0s
02-27 18:12:30.136 D/BatteryStatsImpl(  505): noteStopWakeLocked com.android.providers.calendar isFromForeground = false
02-27 18:12:30.136 D/AlarmManager(  505): Added alarm Alarm{221256a8 type 0 com.android.providers.calendar} type:RTC_WAKEUP when: At 15-2-28 4:13
02-27 18:12:30.136 V/ActivityManager(  505): Remove bg service from mStartingBackground ,r=ServiceRecord{22435490 u0 com.android.providers.calendar/.CalendarProviderIntentService},r used time=28,left r count=0
02-27 18:12:30.226 V/ActivityManager(  505): Remove bg service from mStartingBackground ,r=ServiceRecord{2225bd40 u0 com.android.providers.calendar/.ContactsEventUpdateIntentService},r used time=29,left r count=1
02-27 18:12:30.346 W/BindingManager( 5888): Cannot call determinedVisibility() - never saw a connection for the pid: 5888
02-27 18:12:30.506 I/chromium( 5888): [INFO:CONSOLE(70)] "WARNING: Message from backend doesn't have data.", source:  (70)
02-27 18:12:30.986 W/BindingManager( 5888): Cannot call determinedVisibility() - never saw a connection for the pid: 5888
02-27 18:12:31.136 I/chromium( 5888): [INFO:CONSOLE(70)] "WARNING: Message from backend doesn't have data.", source:  (70)
02-27 18:12:31.226 I/CalendarProvider2( 6153): Sending notification intent: Intent { act=android.intent.action.PROVIDER_CHANGED dat=content://com.android.calendar }
02-27 18:12:31.226 W/ContentResolver( 6153): Failed to get type for: content://com.android.calendar (Unknown URL content://com.android.calendar)
02-27 18:12:31.226 D/AlertReceiver( 6192): onReceive: a=android.intent.action.PROVIDER_CHANGED Intent { act=android.intent.action.PROVIDER_CHANGED dat=content://com.android.calendar flg=0x10 cmp=com.asus.calendar/com.android.calendar.alerts.AlertReceiver }
02-27 18:12:31.226 V/ActivityManager(  505): Remove bg service from mStartingBackground ,r=ServiceRecord{2223d4f0 u0 com.android.providers.calendar/.EmptyService},r used time=1005,left r count=0
02-27 18:12:31.236 D/AlertService( 6192): 0 Action = android.intent.action.PROVIDER_CHANGED
02-27 18:12:31.236 D/AlertService( 6192): Beginning updateAlertNotification
02-27 18:12:31.246 D/AlertService( 6192): No fired or scheduled alerts
02-27 18:12:31.256 D/BatteryStatsImpl(  505): noteStopWakeLocked com.asus.calendar isFromForeground = false
02-27 18:12:31.256 V/ActivityManager(  505): Remove bg service from mStartingBackground ,r=ServiceRecord{221d04b8 u0 com.asus.calendar/com.android.calendar.alerts.AlertService},r used time=21,left r count=0
02-27 18:12:31.316 E/Contacts( 5888): org.json.JSONException: No value for contactId
02-27 18:12:31.596 D/SendBroadcastHandler( 6099): mTimerTask sendMessage CONTACTS_INSERT 
02-27 18:12:31.606 D/SendBroadcastHandler( 6099): (insert) sendBroadcast mInsertRawContacts:6
02-27 18:12:31.606 D/SendBroadcastHandler( 6099): (insert) sendBroadcast mInsertName:6
02-27 18:12:31.606 D/SendBroadcastHandler( 6099): (insert) sendBroadcast mInsertNameDetail:6
02-27 18:12:31.606 D/SendBroadcastHandler( 6099): sendBroadcast insert to voice agent
02-27 18:12:31.786 I/WifiHW  (  505): CMD: IFNAME=wlan0 SIGNAL_POLL
02-27 18:12:31.786 D/wpa_supplicant(  711): RX ctrl_iface - hexdump(len=11): 53 49 47 4e 41 4c 5f 50 4f 4c 4c
02-27 18:12:31.786 D/wpa_supplicant(  711): wlan0: Control interface command 'SIGNAL_POLL'
02-27 18:12:31.796 D/wpa_supplicant(  711): nl80211: survey data missing!
02-27 18:12:31.796 I/WifiHW  (  505): REPLY: RSSI=-53
02-27 18:12:31.796 I/WifiHW  (  505): REPLY: LINKSPEED=65
02-27 18:12:31.796 I/WifiHW  (  505): REPLY: NOISE=9999
02-27 18:12:31.796 I/WifiHW  (  505): REPLY: FREQUENCY=2437
02-27 18:12:32.296 D/SendBroadcastHandler( 6099): mTimerTask sendMessage CONTACTS_DELETE 
02-27 18:12:32.296 D/SendBroadcastHandler( 6099): sendBroadcast delete to voice agent
02-27 18:12:32.296 D/SendBroadcastHandler( 6099): (Delete) sendBroadcast mDeleteContacts:6
02-27 18:12:32.296 D/SendBroadcastHandler( 6099): (Delete) sendBroadcast mDeleteRawContactsVoice:6
02-27 18:12:32.296 D/SendBroadcastHandler( 6099): sendBroadcast CONTACTS_DELETE
02-27 18:12:32.296 D/AsusContactWigdetSync( 6113): ready to sync contact id = 6
02-27 18:12:32.296 D/AsusContactWigdetSync( 6113): ready to sync widget
02-27 18:12:32.296 D/AsusContactWigdetSync( 6113): delete contact_id = 499
02-27 18:12:32.296 D/AsusContactWigdetSync( 6113): delete contact_id = 500
02-27 18:12:32.296 D/AsusContactWigdetSync( 6113): delete contact_id = 501
02-27 18:12:32.296 D/AsusContactWigdetSync( 6113): delete contact_id = 502
02-27 18:12:32.296 D/AsusContactWigdetSync( 6113): delete contact_id = 503
