02-27 17:55:10.936 D/wpa_supplicant(  711): wlan0: IEEE 802.1X RX: version=2 type=3 length=127
02-27 17:55:10.936 D/wpa_supplicant(  711): wlan0:   EAPOL-Key type=2
02-27 17:55:10.936 D/wpa_supplicant(  711): wlan0:   key_info 0x1382 (ver=2 keyidx=0 rsvd=0 Group Ack MIC Secure Encr)
02-27 17:55:10.936 D/wpa_supplicant(  711): wlan0:   key_length=16 key_data_length=32
02-27 17:55:10.936 D/wpa_supplicant(  711):   replay_counter - hexdump(len=8): 00 00 00 00 00 00 00 26
02-27 17:55:10.936 D/wpa_supplicant(  711):   key_nonce - hexdump(len=32): 82 b7 6e d6 0d d2 e3 a1 1c 9d c1 1d 9b dc 11 d9 0f 86 d4 c0 5a f8 a2 40 56 5e 1e ce e2 43 c9 2a
02-27 17:55:10.936 D/wpa_supplicant(  711):   key_iv - hexdump(len=16): 00 00 00 00 00 00 00 00 00 00 00 00 00 00 00 00
02-27 17:55:10.936 D/wpa_supplicant(  711):   key_rsc - hexdump(len=8): 00 00 00 00 00 00 00 00
02-27 17:55:10.936 D/wpa_supplicant(  711):   key_id (reserved) - hexdump(len=8): 00 00 00 00 00 00 00 00
02-27 17:55:10.936 D/wpa_supplicant(  711):   key_mic - hexdump(len=16): b7 f2 a8 89 8f ea 7a 9c fd bb c1 f5 ee 48 7e 59
02-27 17:55:10.936 D/wpa_supplicant(  711): RSN: encrypted key data - hexdump(len=32): fc d1 af 8c 34 e5 5c 72 a1 d1 67 49 c4 94 b7 5f 41 20 73 27 d3 b5 e2 2b f5 31 06 80 a8 85 9a ac
02-27 17:55:10.936 D/wpa_supplicant(  711): WPA: decrypted EAPOL-Key key data - hexdump(len=24): [REMOVED]
02-27 17:55:10.936 D/wpa_supplicant(  711): wlan0: WPA: RX message 1 of Group Key Handshake from 02:1a:11:f2:56:84 (ver=2)
02-27 17:55:10.936 D/wpa_supplicant(  711): RSN: msg 1/2 key data - hexdump(len=24): dd 16 00 0f ac 01 02 00 72 b7 c1 83 fb c3 dc ec 73 30 f2 2a 78 ed 68 87
02-27 17:55:10.936 D/wpa_supplicant(  711): WPA: GTK in EAPOL-Key - hexdump(len=24): [REMOVED]
02-27 17:55:10.936 D/wpa_supplicant(  711): RSN: received GTK in group key handshake - hexdump(len=18): 02 00 72 b7 c1 83 fb c3 dc ec 73 30 f2 2a 78 ed 68 87
02-27 17:55:10.936 D/wpa_supplicant(  711): wlan0: State: COMPLETED -> GROUP_HANDSHAKE
02-27 17:55:10.936 D/wpa_supplicant(  711): CTRL_IFACE monitor send - hexdump(len=39): 2f 64 61 74 61 2f 6d 69 73 63 2f 77 69 66 69 2f 73 6f 63 6b 65 74 73 2f 77 70 61 5f 63 74 72 6c ...
02-27 17:55:10.936 D/wpa_supplicant(  711): WPA: Group Key - hexdump(len=16): [REMOVED]
02-27 17:55:10.936 D/wpa_supplicant(  711): wlan0: WPA: Installing GTK to the driver (keyidx=2 tx=0 len=16)
02-27 17:55:10.936 D/wpa_supplicant(  711): WPA: RSC - hexdump(len=6): 00 00 00 00 00 00
02-27 17:55:10.936 D/wpa_supplicant(  711): wpa_driver_nl80211_set_key: ifindex=3 (wlan0) alg=3 addr=0xb76e80c3 key_idx=2 set_tx=0 seq_len=6 key_len=16
02-27 17:55:10.936 D/wpa_supplicant(  711):    broadcast key
02-27 17:55:10.936 I/WifiHW  (  505): EVENT: IFNAME=wlan0 CTRL-EVENT-STATE-CHANGE id=5 state=8 BSSID=02:1a:11:f2:56:84 SSID=Android
02-27 17:55:10.936 D/wpa_supplicant(  711): wlan0: WPA: Sending EAPOL-Key 2/2
02-27 17:55:10.936 D/wpa_supplicant(  711): WPA: KCK - hexdump(len=16): [REMOVED]
02-27 17:55:10.936 D/wpa_supplicant(  711): WPA: Derived Key MIC - hexdump(len=16): ac c0 da 42 04 c1 06 19 ac 31 e7 58 43 1d 6f b0
02-27 17:55:10.936 I/wpa_supplicant(  711): wlan0: WPA: Group rekeying completed with 02:1a:11:f2:56:84 [GTK=CCMP]
02-27 17:55:10.936 D/wpa_supplicant(  711): CTRL_IFACE monitor send - hexdump(len=39): 2f 64 61 74 61 2f 6d 69 73 63 2f 77 69 66 69 2f 73 6f 63 6b 65 74 73 2f 77 70 61 5f 63 74 72 6c ...
02-27 17:55:10.936 D/wpa_supplicant(  711): wlan0: Cancelling authentication timeout
02-27 17:55:10.936 I/WifiHW  (  505): EVENT: IFNAME=wlan0 WPA: Group rekeying completed with 02:1a:11:f2:56:84 [GTK=CCMP]
02-27 17:55:10.936 D/wpa_supplicant(  711): wlan0: State: GROUP_HANDSHAKE -> COMPLETED
02-27 17:55:10.936 D/wpa_supplicant(  711): CTRL_IFACE monitor send - hexdump(len=39): 2f 64 61 74 61 2f 6d 69 73 63 2f 77 69 66 69 2f 73 6f 63 6b 65 74 73 2f 77 70 61 5f 63 74 72 6c ...
02-27 17:55:10.936 I/WifiHW  (  505): EVENT: IFNAME=wlan0 CTRL-EVENT-STATE-CHANGE id=5 state=9 BSSID=02:1a:11:f2:56:84 SSID=Android
02-27 17:55:11.086 W/BindingManager(31456): Cannot call determinedVisibility() - never saw a connection for the pid: 31456
02-27 17:55:11.106 I/WifiHW  (  505): CMD: IFNAME=wlan0 SIGNAL_POLL
02-27 17:55:11.106 D/wpa_supplicant(  711): RX ctrl_iface - hexdump(len=11): 53 49 47 4e 41 4c 5f 50 4f 4c 4c
02-27 17:55:11.106 D/wpa_supplicant(  711): wlan0: Control interface command 'SIGNAL_POLL'
02-27 17:55:11.106 D/wpa_supplicant(  711): nl80211: survey data missing!
02-27 17:55:11.106 I/WifiHW  (  505): REPLY: RSSI=-45
02-27 17:55:11.106 I/WifiHW  (  505): REPLY: LINKSPEED=65
02-27 17:55:11.106 I/WifiHW  (  505): REPLY: NOISE=9999
02-27 17:55:11.106 I/WifiHW  (  505): REPLY: FREQUENCY=2437
02-27 17:55:11.706 W/BindingManager(31456): Cannot call determinedVisibility() - never saw a connection for the pid: 31456
02-27 17:55:12.316 W/BindingManager(31456): Cannot call determinedVisibility() - never saw a connection for the pid: 31456
02-27 17:55:12.916 W/BindingManager(31456): Cannot call determinedVisibility() - never saw a connection for the pid: 31456
02-27 17:55:13.526 W/BindingManager(31456): Cannot call determinedVisibility() - never saw a connection for the pid: 31456
02-27 17:55:14.106 I/WifiHW  (  505): CMD: IFNAME=wlan0 SIGNAL_POLL
02-27 17:55:14.106 D/wpa_supplicant(  711): RX ctrl_iface - hexdump(len=11): 53 49 47 4e 41 4c 5f 50 4f 4c 4c
02-27 17:55:14.106 D/wpa_supplicant(  711): wlan0: Control interface command 'SIGNAL_POLL'
02-27 17:55:14.136 D/wpa_supplicant(  711): nl80211: survey data missing!
02-27 17:55:14.136 I/WifiHW  (  505): REPLY: RSSI=-45
02-27 17:55:14.136 I/WifiHW  (  505): REPLY: LINKSPEED=65
02-27 17:55:14.136 I/WifiHW  (  505): REPLY: NOISE=9999
02-27 17:55:14.136 I/WifiHW  (  505): REPLY: FREQUENCY=2437
02-27 17:55:14.156 W/BindingManager(31456): Cannot call determinedVisibility() - never saw a connection for the pid: 31456
02-27 17:55:14.776 W/BindingManager(31456): Cannot call determinedVisibility() - never saw a connection for the pid: 31456
02-27 17:55:15.536 W/BindingManager(31456): Cannot call determinedVisibility() - never saw a connection for the pid: 31456
02-27 17:55:16.156 W/BindingManager(31456): Cannot call determinedVisibility() - never saw a connection for the pid: 31456
02-27 17:55:16.756 W/BindingManager(31456): Cannot call determinedVisibility() - never saw a connection for the pid: 31456
02-27 17:55:17.136 I/WifiHW  (  505): CMD: IFNAME=wlan0 SIGNAL_POLL
02-27 17:55:17.136 D/wpa_supplicant(  711): RX ctrl_iface - hexdump(len=11): 53 49 47 4e 41 4c 5f 50 4f 4c 4c
02-27 17:55:17.136 D/wpa_supplicant(  711): wlan0: Control interface command 'SIGNAL_POLL'
02-27 17:55:17.166 D/wpa_supplicant(  711): nl80211: survey data missing!
02-27 17:55:17.166 I/WifiHW  (  505): REPLY: RSSI=-45
02-27 17:55:17.166 I/WifiHW  (  505): REPLY: LINKSPEED=65
02-27 17:55:17.166 I/WifiHW  (  505): REPLY: NOISE=9999
02-27 17:55:17.166 I/WifiHW  (  505): REPLY: FREQUENCY=2437
02-27 17:55:17.356 W/BindingManager(31456): Cannot call determinedVisibility() - never saw a connection for the pid: 31456
02-27 17:55:17.536 D/EVENT_THREAD(  186): void CEventThread::run() POLLIN event on Fd (1)
02-27 17:55:17.536 D/EVENT_THREAD(  186): void CEventThread::run() Do poll with timeout: -1
02-27 17:55:17.536 I/upi_ug31xx(  166): (1872) update_capacity
02-27 17:55:17.536 I/[UPI]   (  166): <UG31/E>[UpiReadCapacity]: V=3615(3617), T=346(348-417), I=-394, C=0(0-0)
02-27 17:55:17.536 I/[UPI]   (  166): <UG31/E>[UpiReadCapacity]: (0x0001254a) 222 (191) / 3822 (3822) = 6
02-27 17:55:17.536 I/[UPI]   (  166): <UG31/E>[UpiReadCapacity]: (0x0001254a) 222 (191) / 3822 (3822) = 6
02-27 17:55:17.536 I/[UPI]   (  166): <UG31/E>[UpiReadCapacity]: (0x0001254a) 222 (222) / 3822 (3822) = 6
02-27 17:55:17.536 I/[UPI]   (  166): <UG31/E>[RsocFilterCountTime]: (0x0001254a) Step=4(247740), Full=4(247740), Lock=247740(1803654)
02-27 17:55:17.536 I/[UPI]   (  166): <UG31/E>[UpiReadCapacity]: (0x0001254a) 222 (222) / 3822 (3822) = 6 (-394--394)
02-27 17:55:17.536 I/[UPI]   (  166): <UG31/E><BATT> M:normal, P:6(6-6)%, V:3618mV, C:-405mA, T:34.8C(417), S:0x0001254a(000), R:222mAh, F:3822mAh, Q:-1591mAh, CC:3, P:10.320(1590-0)s, BO:7, 97:615:0-44af-9m:B001-20140514-144301 (16)
02-27 17:55:17.536 D/EVENT_THREAD(  186): void CEventThread::run() POLLIN event on Fd (1)
02-27 17:55:17.536 D/EVENT_THREAD(  186): void CEventThread::run() Do poll with timeout: -1
02-27 17:55:17.536 I/upi_ug31xx(  166): (1873) backup_data 
02-27 17:55:17.536 V/upi_ug31xx(  166): state->check_backup_count = 21
02-27 17:55:17.946 W/BindingManager(31456): Cannot call determinedVisibility() - never saw a connection for the pid: 31456
02-27 17:55:18.536 W/BindingManager(31456): Cannot call determinedVisibility() - never saw a connection for the pid: 31456
02-27 17:55:19.136 W/BindingManager(31456): Cannot call determinedVisibility() - never saw a connection for the pid: 31456
02-27 17:55:19.736 W/BindingManager(31456): Cannot call determinedVisibility() - never saw a connection for the pid: 31456
02-27 17:55:20.166 I/WifiHW  (  505): CMD: IFNAME=wlan0 SIGNAL_POLL
02-27 17:55:20.166 D/wpa_supplicant(  711): RX ctrl_iface - hexdump(len=11): 53 49 47 4e 41 4c 5f 50 4f 4c 4c
02-27 17:55:20.166 D/wpa_supplicant(  711): wlan0: Control interface command 'SIGNAL_POLL'
02-27 17:55:20.196 D/wpa_supplicant(  711): nl80211: survey data missing!
02-27 17:55:20.196 I/WifiHW  (  505): REPLY: RSSI=-44
02-27 17:55:20.196 I/WifiHW  (  505): REPLY: LINKSPEED=65
02-27 17:55:20.196 I/WifiHW  (  505): REPLY: NOISE=9999
02-27 17:55:20.196 I/WifiHW  (  505): REPLY: FREQUENCY=2437
02-27 17:55:20.326 W/BindingManager(31456): Cannot call determinedVisibility() - never saw a connection for the pid: 31456
02-27 17:55:20.576 D/EVENT_THREAD(  186): void CEventThread::run() POLLIN event on Fd (1)
02-27 17:55:20.576 D/EVENT_THREAD(  186): void CEventThread::run() Do poll with timeout: -1
02-27 17:55:20.936 W/BindingManager(31456): Cannot call determinedVisibility() - never saw a connection for the pid: 31456
02-27 17:55:21.566 W/BindingManager(31456): Cannot call determinedVisibility() - never saw a connection for the pid: 31456
02-27 17:55:22.186 W/BindingManager(31456): Cannot call determinedVisibility() - never saw a connection for the pid: 31456
02-27 17:55:22.806 W/BindingManager(31456): Cannot call determinedVisibility() - never saw a connection for the pid: 31456
02-27 17:55:23.196 I/WifiHW  (  505): CMD: IFNAME=wlan0 SIGNAL_POLL
02-27 17:55:23.196 D/wpa_supplicant(  711): RX ctrl_iface - hexdump(len=11): 53 49 47 4e 41 4c 5f 50 4f 4c 4c
02-27 17:55:23.196 D/wpa_supplicant(  711): wlan0: Control interface command 'SIGNAL_POLL'
02-27 17:55:23.226 D/wpa_supplicant(  711): nl80211: survey data missing!
02-27 17:55:23.226 I/WifiHW  (  505): REPLY: RSSI=-45
02-27 17:55:23.226 I/WifiHW  (  505): REPLY: LINKSPEED=65
02-27 17:55:23.226 I/WifiHW  (  505): REPLY: NOISE=9999
02-27 17:55:23.226 I/WifiHW  (  505): REPLY: FREQUENCY=2437
02-27 17:55:23.676 W/BindingManager(31456): Cannot call determinedVisibility() - never saw a connection for the pid: 31456
02-27 17:55:24.286 W/BindingManager(31456): Cannot call determinedVisibility() - never saw a connection for the pid: 31456
02-27 17:55:24.876 W/BindingManager(31456): Cannot call determinedVisibility() - never saw a connection for the pid: 31456
02-27 17:55:25.466 W/BindingManager(31456): Cannot call determinedVisibility() - never saw a connection for the pid: 31456
02-27 17:55:26.056 W/BindingManager(31456): Cannot call determinedVisibility() - never saw a connection for the pid: 31456
02-27 17:55:26.226 I/WifiHW  (  505): CMD: IFNAME=wlan0 SIGNAL_POLL
02-27 17:55:26.226 D/wpa_supplicant(  711): RX ctrl_iface - hexdump(len=11): 53 49 47 4e 41 4c 5f 50 4f 4c 4c
02-27 17:55:26.226 D/wpa_supplicant(  711): wlan0: Control interface command 'SIGNAL_POLL'
02-27 17:55:26.256 D/wpa_supplicant(  711): nl80211: survey data missing!
02-27 17:55:26.256 I/WifiHW  (  505): REPLY: RSSI=-45
02-27 17:55:26.256 I/WifiHW  (  505): REPLY: LINKSPEED=65
02-27 17:55:26.256 I/WifiHW  (  505): REPLY: NOISE=9999
02-27 17:55:26.256 I/WifiHW  (  505): REPLY: FREQUENCY=2437
02-27 17:55:26.646 W/BindingManager(31456): Cannot call determinedVisibility() - never saw a connection for the pid: 31456
02-27 17:55:27.246 W/BindingManager(31456): Cannot call determinedVisibility() - never saw a connection for the pid: 31456
02-27 17:55:27.836 D/EVENT_THREAD(  186): void CEventThread::run() POLLIN event on Fd (1)
02-27 17:55:27.836 D/EVENT_THREAD(  186): void CEventThread::run() Do poll with timeout: -1
02-27 17:55:27.836 D/EVENT_THREAD(  186): void CEventThread::run() POLLIN event on Fd (1)
02-27 17:55:27.836 D/EVENT_THREAD(  186): void CEventThread::run() Do poll with timeout: -1
02-27 17:55:27.836 I/upi_ug31xx(  166): (1874) update_capacity
02-27 17:55:27.836 I/[UPI]   (  166): <UG31/E>[UpiReadCapacity]: V=3615(3617), T=346(347-417), I=-448, C=-1(-1-0)
02-27 17:55:27.836 I/[UPI]   (  166): <UG31/E>[UpiReadCapacity]: (0x0001254a) 222 (191) / 3822 (3822) = 6
02-27 17:55:27.836 I/[UPI]   (  166): <UG31/E>[UpiReadCapacity]: (0x0001254a) 222 (191) / 3822 (3822) = 6
02-27 17:55:27.836 I/[UPI]   (  166): <UG31/E>[UpiReadCapacity]: (0x0001254a) 221 (221) / 3822 (3822) = 6
02-27 17:55:27.836 I/[UPI]   (  166): <UG31/E>[RsocFilterCountTime]: (0x0001254a) Step=4(258060), Full=4(258060), Lock=258060(1800000)
02-27 17:55:27.836 I/[UPI]   (  166): <UG31/E>[UpiReadCapacity]: (0x0001254a) 221 (221) / 3822 (3822) = 6 (-448--448)
02-27 17:55:27.836 I/[UPI]   (  166): <UG31/E><BATT> M:normal, P:6(6-6)%, V:3618mV, C:-505mA, T:34.7C(417), S:0x0001254a(000), R:221mAh, F:3822mAh, Q:-1592mAh, CC:3, P:10.320(1591-0)s, BO:7, 97:615:0-44af-9m:B001-20140514-144301 (16)
02-27 17:55:27.836 I/upi_ug31xx(  166): (1875) backup_data 
02-27 17:55:27.836 V/upi_ug31xx(  166): state->check_backup_count = 1
02-27 17:55:27.846 W/BindingManager(31456): Cannot call determinedVisibility() - never saw a connection for the pid: 31456
02-27 17:55:28.446 W/BindingManager(31456): Cannot call determinedVisibility() - never saw a connection for the pid: 31456
02-27 17:55:29.046 W/BindingManager(31456): Cannot call determinedVisibility() - never saw a connection for the pid: 31456
02-27 17:55:29.256 I/WifiHW  (  505): CMD: IFNAME=wlan0 SIGNAL_POLL
02-27 17:55:29.256 D/wpa_supplicant(  711): RX ctrl_iface - hexdump(len=11): 53 49 47 4e 41 4c 5f 50 4f 4c 4c
02-27 17:55:29.256 D/wpa_supplicant(  711): wlan0: Control interface command 'SIGNAL_POLL'
02-27 17:55:29.286 D/wpa_supplicant(  711): nl80211: survey data missing!
02-27 17:55:29.286 I/WifiHW  (  505): REPLY: RSSI=-45
02-27 17:55:29.286 I/WifiHW  (  505): REPLY: LINKSPEED=65
02-27 17:55:29.286 I/WifiHW  (  505): REPLY: NOISE=9999
02-27 17:55:29.286 I/WifiHW  (  505): REPLY: FREQUENCY=2437
02-27 17:55:29.676 W/BindingManager(31456): Cannot call determinedVisibility() - never saw a connection for the pid: 31456
02-27 17:55:30.286 W/BindingManager(31456): Cannot call determinedVisibility() - never saw a connection for the pid: 31456
02-27 17:55:30.626 D/EVENT_THREAD(  186): void CEventThread::run() POLLIN event on Fd (1)
02-27 17:55:30.626 D/EVENT_THREAD(  186): void CEventThread::run() Do poll with timeout: -1
02-27 17:55:30.906 W/BindingManager(31456): Cannot call determinedVisibility() - never saw a connection for the pid: 31456
02-27 17:55:31.616 W/BindingManager(31456): Cannot call determinedVisibility() - never saw a connection for the pid: 31456
02-27 17:55:32.226 W/BindingManager(31456): Cannot call determinedVisibility() - never saw a connection for the pid: 31456
02-27 17:55:32.286 I/WifiHW  (  505): CMD: IFNAME=wlan0 SIGNAL_POLL
02-27 17:55:32.286 D/wpa_supplicant(  711): RX ctrl_iface - hexdump(len=11): 53 49 47 4e 41 4c 5f 50 4f 4c 4c
02-27 17:55:32.286 D/wpa_supplicant(  711): wlan0: Control interface command 'SIGNAL_POLL'
02-27 17:55:32.316 D/wpa_supplicant(  711): nl80211: survey data missing!
02-27 17:55:32.316 I/WifiHW  (  505): REPLY: RSSI=-45
02-27 17:55:32.316 I/WifiHW  (  505): REPLY: LINKSPEED=65
02-27 17:55:32.316 I/WifiHW  (  505): REPLY: NOISE=9999
02-27 17:55:32.316 I/WifiHW  (  505): REPLY: FREQUENCY=2437
02-27 17:55:32.806 W/BindingManager(31456): Cannot call determinedVisibility() - never saw a connection for the pid: 31456
02-27 17:55:33.406 W/BindingManager(31456): Cannot call determinedVisibility() - never saw a connection for the pid: 31456
02-27 17:55:34.016 W/BindingManager(31456): Cannot call determinedVisibility() - never saw a connection for the pid: 31456
02-27 17:55:34.646 W/BindingManager(31456): Cannot call determinedVisibility() - never saw a connection for the pid: 31456
02-27 17:55:35.226 D/dalvikvm(31456): GC_CONCURRENT freed 3015K, 32% free 6763K/9828K, paused 0ms+2ms, total 7ms
02-27 17:55:35.266 W/BindingManager(31456): Cannot call determinedVisibility() - never saw a connection for the pid: 31456
02-27 17:55:35.316 I/WifiHW  (  505): CMD: IFNAME=wlan0 SIGNAL_POLL
02-27 17:55:35.316 D/wpa_supplicant(  711): RX ctrl_iface - hexdump(len=11): 53 49 47 4e 41 4c 5f 50 4f 4c 4c
02-27 17:55:35.316 D/wpa_supplicant(  711): wlan0: Control interface command 'SIGNAL_POLL'
02-27 17:55:35.346 D/wpa_supplicant(  711): nl80211: survey data missing!
02-27 17:55:35.346 I/WifiHW  (  505): REPLY: RSSI=-44
02-27 17:55:35.346 I/WifiHW  (  505): REPLY: LINKSPEED=65
02-27 17:55:35.346 I/WifiHW  (  505): REPLY: NOISE=9999
02-27 17:55:35.346 I/WifiHW  (  505): REPLY: FREQUENCY=2437
02-27 17:55:35.956 W/BindingManager(31456): Cannot call determinedVisibility() - never saw a connection for the pid: 31456
02-27 17:55:36.566 W/BindingManager(31456): Cannot call determinedVisibility() - never saw a connection for the pid: 31456
02-27 17:55:37.156 W/BindingManager(31456): Cannot call determinedVisibility() - never saw a connection for the pid: 31456
02-27 17:55:37.756 W/BindingManager(31456): Cannot call determinedVisibility() - never saw a connection for the pid: 31456
02-27 17:55:38.156 D/EVENT_THREAD(  186): void CEventThread::run() POLLIN event on Fd (1)
02-27 17:55:38.156 D/EVENT_THREAD(  186): void CEventThread::run() Do poll with timeout: -1
02-27 17:55:38.156 I/upi_ug31xx(  166): (1876) update_capacity
02-27 17:55:38.156 I/[UPI]   (  166): <UG31/E>[UpiReadCapacity]: V=3615(3615), T=347(349-417), I=-461, C=-3(-3-0)
02-27 17:55:38.156 I/[UPI]   (  166): <UG31/E>[UpiReadCapacity]: (0x0001254a) 221 (191) / 3822 (3822) = 6
02-27 17:55:38.156 I/[UPI]   (  166): <UG31/E>[UpiReadCapacity]: (0x0001254a) 221 (191) / 3822 (3822) = 6
02-27 17:55:38.156 I/[UPI]   (  166): <UG31/E>[UpiReadCapacity]: (0x0001254a) 217 (217) / 3822 (3822) = 6
02-27 17:55:38.156 I/[UPI]   (  166): <UG31/E>[RsocFilterCountTime]: (0x0001254a) Step=4(268360), Full=4(268360), Lock=268360(1800000)
02-27 17:55:38.156 I/[UPI]   (  166): <UG31/E>[UpiReadCapacity]: (0x0001254a) 217 (217) / 3822 (3822) = 6 (-461--461)
02-27 17:55:38.156 I/[UPI]   (  166): <UG31/E><BATT> M:normal, P:6(6-6)%, V:3615mV, C:-526mA, T:34.9C(417), S:0x0001254a(000), R:217mAh, F:3822mAh, Q:-1595mAh, CC:3, P:10.300(1594-0)s, BO:7, 97:615:0-44af-9m:B001-20140514-144301 (16)
02-27 17:55:38.156 D/EVENT_THREAD(  186): void CEventThread::run() POLLIN event on Fd (1)
02-27 17:55:38.156 D/EVENT_THREAD(  186): void CEventThread::run() Do poll with timeout: -1
02-27 17:55:38.156 I/upi_ug31xx(  166): (1877) backup_data 
02-27 17:55:38.156 V/upi_ug31xx(  166): state->check_backup_count = 2
02-27 17:55:38.336 W/BindingManager(31456): Cannot call determinedVisibility() - never saw a connection for the pid: 31456
02-27 17:55:38.346 I/WifiHW  (  505): CMD: IFNAME=wlan0 SIGNAL_POLL
02-27 17:55:38.346 D/wpa_supplicant(  711): RX ctrl_iface - hexdump(len=11): 53 49 47 4e 41 4c 5f 50 4f 4c 4c
02-27 17:55:38.346 D/wpa_supplicant(  711): wlan0: Control interface command 'SIGNAL_POLL'
02-27 17:55:38.376 D/wpa_supplicant(  711): nl80211: survey data missing!
02-27 17:55:38.376 I/WifiHW  (  505): REPLY: RSSI=-44
02-27 17:55:38.376 I/WifiHW  (  505): REPLY: LINKSPEED=65
02-27 17:55:38.376 I/WifiHW  (  505): REPLY: NOISE=9999
02-27 17:55:38.376 I/WifiHW  (  505): REPLY: FREQUENCY=2437
02-27 17:55:38.936 W/BindingManager(31456): Cannot call determinedVisibility() - never saw a connection for the pid: 31456
02-27 17:55:39.536 W/BindingManager(31456): Cannot call determinedVisibility() - never saw a connection for the pid: 31456
02-27 17:55:40.126 W/BindingManager(31456): Cannot call determinedVisibility() - never saw a connection for the pid: 31456
02-27 17:55:40.656 D/EVENT_THREAD(  186): void CEventThread::run() POLLIN event on Fd (1)
02-27 17:55:40.656 D/EVENT_THREAD(  186): void CEventThread::run() Do poll with timeout: -1
02-27 17:55:40.726 W/BindingManager(31456): Cannot call determinedVisibility() - never saw a connection for the pid: 31456
02-27 17:55:41.316 W/BindingManager(31456): Cannot call determinedVisibility() - never saw a connection for the pid: 31456
02-27 17:55:41.376 I/WifiHW  (  505): CMD: IFNAME=wlan0 SIGNAL_POLL
02-27 17:55:41.376 D/wpa_supplicant(  711): RX ctrl_iface - hexdump(len=11): 53 49 47 4e 41 4c 5f 50 4f 4c 4c
02-27 17:55:41.376 D/wpa_supplicant(  711): wlan0: Control interface command 'SIGNAL_POLL'
02-27 17:55:41.406 D/wpa_supplicant(  711): nl80211: survey data missing!
02-27 17:55:41.406 I/WifiHW  (  505): REPLY: RSSI=-45
02-27 17:55:41.406 I/WifiHW  (  505): REPLY: LINKSPEED=65
02-27 17:55:41.406 I/WifiHW  (  505): REPLY: NOISE=9999
02-27 17:55:41.406 I/WifiHW  (  505): REPLY: FREQUENCY=2437
02-27 17:55:41.926 W/BindingManager(31456): Cannot call determinedVisibility() - never saw a connection for the pid: 31456
02-27 17:55:42.526 W/BindingManager(31456): Cannot call determinedVisibility() - never saw a connection for the pid: 31456
02-27 17:55:43.136 W/BindingManager(31456): Cannot call determinedVisibility() - never saw a connection for the pid: 31456
02-27 17:55:43.746 W/BindingManager(31456): Cannot call determinedVisibility() - never saw a connection for the pid: 31456
02-27 17:55:44.346 W/BindingManager(31456): Cannot call determinedVisibility() - never saw a connection for the pid: 31456
02-27 17:55:44.406 I/WifiHW  (  505): CMD: IFNAME=wlan0 SIGNAL_POLL
02-27 17:55:44.406 D/wpa_supplicant(  711): RX ctrl_iface - hexdump(len=11): 53 49 47 4e 41 4c 5f 50 4f 4c 4c
02-27 17:55:44.406 D/wpa_supplicant(  711): wlan0: Control interface command 'SIGNAL_POLL'
02-27 17:55:44.436 D/wpa_supplicant(  711): nl80211: survey data missing!
02-27 17:55:44.436 I/WifiHW  (  505): REPLY: RSSI=-46
02-27 17:55:44.436 I/WifiHW  (  505): REPLY: LINKSPEED=65
02-27 17:55:44.436 I/WifiHW  (  505): REPLY: NOISE=9999
02-27 17:55:44.436 I/WifiHW  (  505): REPLY: FREQUENCY=2437
02-27 17:55:44.966 W/BindingManager(31456): Cannot call determinedVisibility() - never saw a connection for the pid: 31456
02-27 17:55:45.636 W/BindingManager(31456): Cannot call determinedVisibility() - never saw a connection for the pid: 31456
02-27 17:55:46.246 W/BindingManager(31456): Cannot call determinedVisibility() - never saw a connection for the pid: 31456
02-27 17:55:46.846 W/BindingManager(31456): Cannot call determinedVisibility() - never saw a connection for the pid: 31456
02-27 17:55:47.436 I/WifiHW  (  505): CMD: IFNAME=wlan0 SIGNAL_POLL
02-27 17:55:47.436 D/wpa_supplicant(  711): RX ctrl_iface - hexdump(len=11): 53 49 47 4e 41 4c 5f 50 4f 4c 4c
02-27 17:55:47.436 D/wpa_supplicant(  711): wlan0: Control interface command 'SIGNAL_POLL'
02-27 17:55:47.446 W/BindingManager(31456): Cannot call determinedVisibility() - never saw a connection for the pid: 31456
02-27 17:55:47.466 D/wpa_supplicant(  711): nl80211: survey data missing!
02-27 17:55:47.466 I/WifiHW  (  505): REPLY: RSSI=-44
02-27 17:55:47.466 I/WifiHW  (  505): REPLY: LINKSPEED=65
02-27 17:55:47.466 I/WifiHW  (  505): REPLY: NOISE=9999
02-27 17:55:47.466 I/WifiHW  (  505): REPLY: FREQUENCY=2437
02-27 17:55:48.026 W/BindingManager(31456): Cannot call determinedVisibility() - never saw a connection for the pid: 31456
02-27 17:55:48.496 D/EVENT_THREAD(  186): void CEventThread::run() POLLIN event on Fd (1)
02-27 17:55:48.496 D/EVENT_THREAD(  186): void CEventThread::run() Do poll with timeout: -1
02-27 17:55:48.496 I/upi_ug31xx(  166): (1878) update_capacity
02-27 17:55:48.496 I/[UPI]   (  166): <UG31/E>[UpiReadCapacity]: V=3615(3615), T=347(348-418), I=-449, C=0(0-0)
02-27 17:55:48.496 I/[UPI]   (  166): <UG31/E>[UpiReadCapacity]: (0x0001254a) 217 (191) / 3822 (3822) = 6
02-27 17:55:48.496 I/[UPI]   (  166): <UG31/E>[UpiReadCapacity]: (0x0001254a) 217 (191) / 3822 (3822) = 6
02-27 17:55:48.496 I/[UPI]   (  166): <UG31/E>[UpiReadCapacity]: (0x0001254a) 217 (217) / 3822 (3822) = 6
02-27 17:55:48.496 I/[UPI]   (  166): <UG31/E>[RsocFilterCountTime]: (0x0001254a) Step=4(278690), Full=4(278690), Lock=278690(1800000)
02-27 17:55:48.496 I/[UPI]   (  166): <UG31/E>[UpiReadCapacity]: (0x0001254a) 217 (217) / 3822 (3822) = 6 (-449--449)
02-27 17:55:48.496 I/[UPI]   (  166): <UG31/E><BATT> M:normal, P:6(6-6)%, V:3615mV, C:-495mA, T:34.8C(418), S:0x0001254a(000), R:217mAh, F:3822mAh, Q:-1595mAh, CC:3, P:10.330(1594-0)s, BO:7, 97:615:0-44af-9m:B001-20140514-144301 (16)
02-27 17:55:48.496 D/EVENT_THREAD(  186): void CEventThread::run() POLLIN event on Fd (1)
02-27 17:55:48.496 D/EVENT_THREAD(  186): void CEventThread::run() Do poll with timeout: -1
02-27 17:55:48.496 I/upi_ug31xx(  166): (1879) backup_data 
02-27 17:55:48.496 V/upi_ug31xx(  166): state->check_backup_count = 3
02-27 17:55:48.616 W/BindingManager(31456): Cannot call determinedVisibility() - never saw a connection for the pid: 31456
02-27 17:55:49.216 W/BindingManager(31456): Cannot call determinedVisibility() - never saw a connection for the pid: 31456
02-27 17:55:49.826 W/BindingManager(31456): Cannot call determinedVisibility() - never saw a connection for the pid: 31456
02-27 17:55:50.416 W/BindingManager(31456): Cannot call determinedVisibility() - never saw a connection for the pid: 31456
02-27 17:55:50.466 I/WifiHW  (  505): CMD: IFNAME=wlan0 SIGNAL_POLL
02-27 17:55:50.466 D/wpa_supplicant(  711): RX ctrl_iface - hexdump(len=11): 53 49 47 4e 41 4c 5f 50 4f 4c 4c
02-27 17:55:50.466 D/wpa_supplicant(  711): wlan0: Control interface command 'SIGNAL_POLL'
02-27 17:55:50.496 D/wpa_supplicant(  711): nl80211: survey data missing!
02-27 17:55:50.496 I/WifiHW  (  505): REPLY: RSSI=-45
02-27 17:55:50.496 I/WifiHW  (  505): REPLY: LINKSPEED=65
02-27 17:55:50.496 I/WifiHW  (  505): REPLY: NOISE=9999
02-27 17:55:50.496 I/WifiHW  (  505): REPLY: FREQUENCY=2437
02-27 17:55:50.626 D/EVENT_THREAD(  186): void CEventThread::run() POLLIN event on Fd (1)
02-27 17:55:50.626 D/EVENT_THREAD(  186): void CEventThread::run() Do poll with timeout: -1
02-27 17:55:51.006 W/BindingManager(31456): Cannot call determinedVisibility() - never saw a connection for the pid: 31456
02-27 17:55:51.616 W/BindingManager(31456): Cannot call determinedVisibility() - never saw a connection for the pid: 31456
02-27 17:55:52.196 W/BindingManager(31456): Cannot call determinedVisibility() - never saw a connection for the pid: 31456
02-27 17:55:52.786 W/BindingManager(31456): Cannot call determinedVisibility() - never saw a connection for the pid: 31456
02-27 17:55:53.366 W/BindingManager(31456): Cannot call determinedVisibility() - never saw a connection for the pid: 31456
02-27 17:55:53.496 I/WifiHW  (  505): CMD: IFNAME=wlan0 SIGNAL_POLL
02-27 17:55:53.496 D/wpa_supplicant(  711): RX ctrl_iface - hexdump(len=11): 53 49 47 4e 41 4c 5f 50 4f 4c 4c
02-27 17:55:53.496 D/wpa_supplicant(  711): wlan0: Control interface command 'SIGNAL_POLL'
02-27 17:55:53.526 D/wpa_supplicant(  711): nl80211: survey data missing!
02-27 17:55:53.526 I/WifiHW  (  505): REPLY: RSSI=-45
02-27 17:55:53.526 I/WifiHW  (  505): REPLY: LINKSPEED=65
02-27 17:55:53.526 I/WifiHW  (  505): REPLY: NOISE=9999
02-27 17:55:53.526 I/WifiHW  (  505): REPLY: FREQUENCY=2437
02-27 17:55:53.946 W/BindingManager(31456): Cannot call determinedVisibility() - never saw a connection for the pid: 31456
02-27 17:55:54.546 W/BindingManager(31456): Cannot call determinedVisibility() - never saw a connection for the pid: 31456
02-27 17:55:55.136 W/BindingManager(31456): Cannot call determinedVisibility() - never saw a connection for the pid: 31456
02-27 17:55:55.726 W/BindingManager(31456): Cannot call determinedVisibility() - never saw a connection for the pid: 31456
02-27 17:55:56.306 W/BindingManager(31456): Cannot call determinedVisibility() - never saw a connection for the pid: 31456
02-27 17:55:56.526 I/WifiHW  (  505): CMD: IFNAME=wlan0 SIGNAL_POLL
02-27 17:55:56.526 D/wpa_supplicant(  711): RX ctrl_iface - hexdump(len=11): 53 49 47 4e 41 4c 5f 50 4f 4c 4c
02-27 17:55:56.526 D/wpa_supplicant(  711): wlan0: Control interface command 'SIGNAL_POLL'
02-27 17:55:56.556 D/wpa_supplicant(  711): nl80211: survey data missing!
02-27 17:55:56.556 I/WifiHW  (  505): REPLY: RSSI=-47
02-27 17:55:56.556 I/WifiHW  (  505): REPLY: LINKSPEED=65
02-27 17:55:56.556 I/WifiHW  (  505): REPLY: NOISE=9999
02-27 17:55:56.556 I/WifiHW  (  505): REPLY: FREQUENCY=2437
02-27 17:55:56.906 W/BindingManager(31456): Cannot call determinedVisibility() - never saw a connection for the pid: 31456
02-27 17:55:57.646 W/BindingManager(31456): Cannot call determinedVisibility() - never saw a connection for the pid: 31456
02-27 17:55:58.256 W/BindingManager(31456): Cannot call determinedVisibility() - never saw a connection for the pid: 31456
02-27 17:55:58.746 D/EVENT_THREAD(  186): void CEventThread::run() POLLIN event on Fd (1)
02-27 17:55:58.746 D/EVENT_THREAD(  186): void CEventThread::run() Do poll with timeout: -1
02-27 17:55:58.746 D/EVENT_THREAD(  186): void CEventThread::run() POLLIN event on Fd (1)
02-27 17:55:58.746 D/EVENT_THREAD(  186): void CEventThread::run() Do poll with timeout: -1
02-27 17:55:58.746 I/upi_ug31xx(  166): (1880) update_capacity
02-27 17:55:58.746 I/[UPI]   (  166): <UG31/E>[UpiReadCapacity]: V=3614(3613), T=347(349-418), I=-427, C=-1(-1-0)
02-27 17:55:58.746 I/[UPI]   (  166): <UG31/E>[UpiReadCapacity]: (0x0001254a) 217 (191) / 3822 (3822) = 6
02-27 17:55:58.746 I/[UPI]   (  166): <UG31/E>[UpiReadCapacity]: (0x0001254a) 217 (191) / 3822 (3822) = 6
02-27 17:55:58.746 I/[UPI]   (  166): <UG31/E>[UpiReadCapacity]: (0x0001254a) 216 (216) / 3822 (3822) = 6
02-27 17:55:58.746 I/[UPI]   (  166): <UG31/E>[RsocFilterCountTime]: (0x0001254a) Step=4(288960), Full=4(288960), Lock=288960(1800000)
02-27 17:55:58.746 I/[UPI]   (  166): <UG31/E>[UpiReadCapacity]: (0x0001254a) 216 (216) / 3822 (3822) = 6 (-427--427)
02-27 17:55:58.746 I/[UPI]   (  166): <UG31/E><BATT> M:normal, P:6(6-6)%, V:3612mV, C:-379mA, T:34.9C(418), S:0x0001254a(000), R:216mAh, F:3822mAh, Q:-1596mAh, CC:3, P:10.270(1595-0)s, BO:7, 97:615:0-44af-9m:B001-20140514-144301 (16)
02-27 17:55:58.746 I/upi_ug31xx(  166): (1881) backup_data 
02-27 17:55:58.746 V/upi_ug31xx(  166): state->check_backup_count = 4
02-27 17:55:59.446 W/BindingManager(31456): Cannot call determinedVisibility() - never saw a connection for the pid: 31456
02-27 17:55:59.556 I/WifiHW  (  505): CMD: IFNAME=wlan0 SIGNAL_POLL
02-27 17:55:59.556 D/wpa_supplicant(  711): RX ctrl_iface - hexdump(len=11): 53 49 47 4e 41 4c 5f 50 4f 4c 4c
02-27 17:55:59.556 D/wpa_supplicant(  711): wlan0: Control interface command 'SIGNAL_POLL'
02-27 17:55:59.586 D/wpa_supplicant(  711): nl80211: survey data missing!
02-27 17:55:59.586 I/WifiHW  (  505): REPLY: RSSI=-46
02-27 17:55:59.586 I/WifiHW  (  505): REPLY: LINKSPEED=65
02-27 17:55:59.586 I/WifiHW  (  505): REPLY: NOISE=9999
02-27 17:55:59.586 I/WifiHW  (  505): REPLY: FREQUENCY=2437
02-27 17:55:59.986 D/BatteryStatsImpl(  505): noteStopWakeLocked system isFromForeground = false
02-27 17:55:59.986 D/Clock   (  569): ACTION_TIME_TICK
02-27 17:55:59.986 D/Clock   (  569): update clock:5:56
02-27 17:56:00.016 D/BatteryStatsImpl(  505): noteStopWakeLocked system isFromForeground = false
02-27 17:56:00.176 W/BindingManager(31456): Cannot call determinedVisibility() - never saw a connection for the pid: 31456
02-27 17:56:00.686 D/EVENT_THREAD(  186): void CEventThread::run() POLLIN event on Fd (1)
02-27 17:56:00.686 D/EVENT_THREAD(  186): void CEventThread::run() Do poll with timeout: -1
02-27 17:56:00.776 W/BindingManager(31456): Cannot call determinedVisibility() - never saw a connection for the pid: 31456
02-27 17:56:01.396 W/BindingManager(31456): Cannot call determinedVisibility() - never saw a connection for the pid: 31456
02-27 17:56:02.136 W/BindingManager(31456): Cannot call determinedVisibility() - never saw a connection for the pid: 31456
02-27 17:56:02.586 I/WifiHW  (  505): CMD: IFNAME=wlan0 SIGNAL_POLL
02-27 17:56:02.586 D/wpa_supplicant(  711): RX ctrl_iface - hexdump(len=11): 53 49 47 4e 41 4c 5f 50 4f 4c 4c
02-27 17:56:02.586 D/wpa_supplicant(  711): wlan0: Control interface command 'SIGNAL_POLL'
02-27 17:56:02.616 D/wpa_supplicant(  711): nl80211: survey data missing!
02-27 17:56:02.616 I/WifiHW  (  505): REPLY: RSSI=-47
02-27 17:56:02.616 I/WifiHW  (  505): REPLY: LINKSPEED=65
02-27 17:56:02.616 I/WifiHW  (  505): REPLY: NOISE=9999
02-27 17:56:02.616 I/WifiHW  (  505): REPLY: FREQUENCY=2437
02-27 17:56:02.856 W/BindingManager(31456): Cannot call determinedVisibility() - never saw a connection for the pid: 31456
02-27 17:56:03.466 W/BindingManager(31456): Cannot call determinedVisibility() - never saw a connection for the pid: 31456
02-27 17:56:04.066 W/BindingManager(31456): Cannot call determinedVisibility() - never saw a connection for the pid: 31456
02-27 17:56:04.676 W/BindingManager(31456): Cannot call determinedVisibility() - never saw a connection for the pid: 31456
02-27 17:56:05.286 W/BindingManager(31456): Cannot call determinedVisibility() - never saw a connection for the pid: 31456
02-27 17:56:05.616 I/WifiHW  (  505): CMD: IFNAME=wlan0 SIGNAL_POLL
02-27 17:56:05.616 D/wpa_supplicant(  711): RX ctrl_iface - hexdump(len=11): 53 49 47 4e 41 4c 5f 50 4f 4c 4c
02-27 17:56:05.616 D/wpa_supplicant(  711): wlan0: Control interface command 'SIGNAL_POLL'
02-27 17:56:05.646 D/wpa_supplicant(  711): nl80211: survey data missing!
02-27 17:56:05.646 I/WifiHW  (  505): REPLY: RSSI=-45
02-27 17:56:05.646 I/WifiHW  (  505): REPLY: LINKSPEED=65
02-27 17:56:05.646 I/WifiHW  (  505): REPLY: NOISE=9999
02-27 17:56:05.646 I/WifiHW  (  505): REPLY: FREQUENCY=2437
02-27 17:56:05.906 W/BindingManager(31456): Cannot call determinedVisibility() - never saw a connection for the pid: 31456
02-27 17:56:06.146 D/BatteryStatsImpl(  505): noteStopWakeLocked system isFromForeground = false
02-27 17:56:06.576 W/BindingManager(31456): Cannot call determinedVisibility() - never saw a connection for the pid: 31456
02-27 17:56:07.186 W/BindingManager(31456): Cannot call determinedVisibility() - never saw a connection for the pid: 31456
02-27 17:56:07.776 W/BindingManager(31456): Cannot call determinedVisibility() - never saw a connection for the pid: 31456
02-27 17:56:08.366 W/BindingManager(31456): Cannot call determinedVisibility() - never saw a connection for the pid: 31456
02-27 17:56:08.646 I/WifiHW  (  505): CMD: IFNAME=wlan0 SIGNAL_POLL
02-27 17:56:08.646 D/wpa_supplicant(  711): RX ctrl_iface - hexdump(len=11): 53 49 47 4e 41 4c 5f 50 4f 4c 4c
02-27 17:56:08.646 D/wpa_supplicant(  711): wlan0: Control interface command 'SIGNAL_POLL'
02-27 17:56:08.676 D/wpa_supplicant(  711): nl80211: survey data missing!
02-27 17:56:08.676 I/WifiHW  (  505): REPLY: RSSI=-47
02-27 17:56:08.676 I/WifiHW  (  505): REPLY: LINKSPEED=65
02-27 17:56:08.676 I/WifiHW  (  505): REPLY: NOISE=9999
02-27 17:56:08.676 I/WifiHW  (  505): REPLY: FREQUENCY=2437
02-27 17:56:08.966 W/BindingManager(31456): Cannot call determinedVisibility() - never saw a connection for the pid: 31456
02-27 17:56:09.016 D/EVENT_THREAD(  186): void CEventThread::run() POLLIN event on Fd (1)
02-27 17:56:09.016 D/EVENT_THREAD(  186): void CEventThread::run() Do poll with timeout: -1
02-27 17:56:09.016 D/EVENT_THREAD(  186): void CEventThread::run() POLLIN event on Fd (1)
02-27 17:56:09.016 D/EVENT_THREAD(  186): void CEventThread::run() Do poll with timeout: -1
02-27 17:56:09.016 I/upi_ug31xx(  166): (1882) update_capacity
02-27 17:56:09.016 I/[UPI]   (  166): <UG31/E>[UpiReadCapacity]: V=3613(3612), T=348(351-418), I=-422, C=-2(-2-0)
02-27 17:56:09.016 I/[UPI]   (  166): <UG31/E>[UpiReadCapacity]: (0x0001254a) 216 (152) / 3822 (3822) = 6
02-27 17:56:09.016 I/[UPI]   (  166): <UG31/E>[UpiReadCapacity]: (0x0001254a) 216 (152) / 3822 (3822) = 6
02-27 17:56:09.016 I/[UPI]   (  166): <UG31/E>[UpiReadCapacity]: (0x0001254a) 214 (214) / 3822 (3822) = 6
02-27 17:56:09.016 I/[UPI]   (  166): <UG31/E>[RsocFilterCountTime]: (0x0001254a) Step=4(299240), Full=4(299240), Lock=299240(1800000)
02-27 17:56:09.016 I/[UPI]   (  166): <UG31/E>[UpiReadCapacity]: (0x0001254a) 214 (214) / 3822 (3822) = 6 (-422--422)
02-27 17:56:09.016 I/[UPI]   (  166): <UG31/E><BATT> M:normal, P:6(6-6)%, V:3612mV, C:-425mA, T:35.1C(418), S:0x0001254a(000), R:214mAh, F:3822mAh, Q:-1598mAh, CC:3, P:10.280(1597-0)s, BO:7, 97:615:0-44af-9m:B001-20140514-144301 (16)
02-27 17:56:09.016 I/upi_ug31xx(  166): (1883) backup_data 
02-27 17:56:09.016 V/upi_ug31xx(  166): state->check_backup_count = 5
02-27 17:56:09.556 W/BindingManager(31456): Cannot call determinedVisibility() - never saw a connection for the pid: 31456
02-27 17:56:10.166 W/BindingManager(31456): Cannot call determinedVisibility() - never saw a connection for the pid: 31456
02-27 17:56:10.706 D/EVENT_THREAD(  186): void CEventThread::run() POLLIN event on Fd (1)
02-27 17:56:10.706 D/EVENT_THREAD(  186): void CEventThread::run() Do poll with timeout: -1
02-27 17:56:11.676 I/WifiHW  (  505): CMD: IFNAME=wlan0 SIGNAL_POLL
02-27 17:56:11.676 D/wpa_supplicant(  711): RX ctrl_iface - hexdump(len=11): 53 49 47 4e 41 4c 5f 50 4f 4c 4c
02-27 17:56:11.676 D/wpa_supplicant(  711): wlan0: Control interface command 'SIGNAL_POLL'
02-27 17:56:11.706 D/wpa_supplicant(  711): nl80211: survey data missing!
02-27 17:56:11.706 I/WifiHW  (  505): REPLY: RSSI=-46
02-27 17:56:11.706 I/WifiHW  (  505): REPLY: LINKSPEED=65
02-27 17:56:11.706 I/WifiHW  (  505): REPLY: NOISE=9999
02-27 17:56:11.706 I/WifiHW  (  505): REPLY: FREQUENCY=2437
02-27 17:56:11.746 W/ufoGralloc(  171): registerBuffer() handle 0xb8f6caa0/37 didn't require registration
02-27 17:56:11.756 D/WindowManager(  505): adjustConfigurationLw, config:{1.0 ?mcc?mnc ?locale ?layoutDir sw600dp w600dp h888dp 213dpi lrg port ?uimode ?night finger -keyb/v/h -nav/v} mLidState:1 mHasDockFeature:false mHasKeyboardFeature:false mHasHallSensorFeature:true config.hardKeyboardHidden:2
02-27 17:56:11.756 I/ActivityManager(  505): [TopPkgCurBat]	NowPkgName[com.asus.launcher]	Battery[6]	TimeTick[1425030971773]	OldPkgName[org.xwalk.webapi_noneservice_tests]
02-27 17:56:11.776 D/        (28178): Pixel Format : GGL_PIXEL_FORMAT_RGBA_8888
02-27 17:56:11.776 W/IInputConnectionWrapper(31456): showStatusIcon on inactive InputConnection
02-27 17:56:11.786 D/XT9IME  (28220): new subtype :zh_CN ,pinyin
02-27 17:56:11.806 D/ImageWallpaper(  569): onVisibilityChanged: mVisible, visible=false, true
02-27 17:56:11.806 D/ImageWallpaper(  569): Visibility changed to visible=true
02-27 17:56:11.806 D/ImageWallpaper(  569): Suppressed drawFrame since redraw is not needed and offsets have not changed.
02-27 17:56:11.816 D/BatteryStatsImpl(  505): noteStopWakeLocked system isFromForeground = false
02-27 17:56:11.826 D/        (31456): Surface destroy: ANDROID_NATIVE_WINDOW_MAGIC
02-27 17:56:11.826 D/        (31456): Surface destroy: ANDROID_NATIVE_WINDOW_MAGIC
02-27 17:56:12.226 D/        (31456): Pixel Format : GGL_PIXEL_FORMAT_RGBA_8888
02-27 17:56:12.226 I/ActivityManager(  505): Killing 31167:com.android.musicfx/u0a17 (adj 15): empty #9
02-27 17:56:12.236 W/SurfaceFlinger(  171): couldn't log to binary event log: overflow.
02-27 17:56:12.236 W/ScreenOrientationListener(31456): Removing an inexistent observer!
02-27 17:56:12.296 I/SecurityManagerService(  600): SMS received security event: App[STOP/com.android.musicfx]
--------- beginning of /dev/log/main
02-27 17:57:14.836 D/AndroidRuntime(32209): 
02-27 17:57:14.836 D/AndroidRuntime(32209): >>>>>> AndroidRuntime START com.android.internal.os.RuntimeInit <<<<<<
02-27 17:57:14.836 D/AndroidRuntime(32209): CheckJNI is OFF
02-27 17:57:14.836 I/AndroidRuntime(32209): Kernel Release Version: 3.10.20-gf818079
02-27 17:57:14.836 I/dalvikvm(32209): No library specified. The standard exception handler will be used
02-27 17:57:14.836 I/dalvikvm(32209): 
02-27 17:57:14.836 I/dalvikvm(32209): +++++++++++++ Using PCG. +++++++++++++++++++++
02-27 17:57:14.846 D/dalvikvm(32209): Trying to load lib libjavacore.so 0x0
02-27 17:57:14.846 D/dalvikvm(32209): Added shared lib libjavacore.so 0x0
02-27 17:57:14.856 D/dalvikvm(32209): Trying to load lib libnativehelper.so 0x0
02-27 17:57:14.856 D/dalvikvm(32209): Added shared lib libnativehelper.so 0x0
02-27 17:57:14.856 D/dalvikvm(32209): No JNI_OnLoad found in libnativehelper.so 0x0, skipping init
02-27 17:57:14.856 D/dalvikvm(32209): Extra Options: not specified
02-27 17:57:14.866 D/dalvikvm(32209): Note: class Landroid/app/ActivityManagerNative; has 186 unimplemented (abstract) methods
02-27 17:57:14.936 E/memtrack(32209): Couldn't load memtrack module (No such file or directory)
02-27 17:57:14.936 E/android.os.Debug(32209): failed to load memtrack module: -2
02-27 17:57:14.976 D/AndroidRuntime(32209): Calling main entry com.android.commands.am.Am
--------- beginning of /dev/log/system
02-27 17:57:14.996 I/ActivityManager(  505): Force stopping org.xwalk.webapi_noneservice_tests appid=10085 user=0: from pid 32209
02-27 17:57:14.996 I/SecurityManagerService(  600): SMS received security event: App[STOP/org.xwalk.webapi_noneservice_tests]
02-27 17:57:14.996 I/ActivityManager(  505): Killing 31456:org.xwalk.webapi_noneservice_tests/u0a85 (adj 13): stop org.xwalk.webapi_noneservice_tests
02-27 17:57:15.006 D/AndroidRuntime(32209): Shutting down VM
02-27 17:57:15.006 D/dalvikvm(32209): GC_CONCURRENT freed 112K, 16% free 666K/792K, paused 0ms+0ms, total 1ms
02-27 17:57:15.006 D/dalvikvm(32209): Compiler shutdown in progress - discarding request
02-27 17:57:15.006 D/dalvikvm(32209): Compiler shutdown in progress - discarding request
02-27 17:57:15.006 D/dalvikvm(32209): Compiler shutdown in progress - discarding request
02-27 17:57:15.006 D/dalvikvm(32209): Compiler shutdown in progress - discarding request
02-27 17:57:15.006 D/dalvikvm(32209): Compiler shutdown in progress - discarding request
02-27 17:57:15.006 D/dalvikvm(32209): Compiler shutdown in progress - discarding request
02-27 17:57:15.006 D/dalvikvm(32209): Compiler shutdown in progress - discarding request
02-27 17:57:15.006 D/dalvikvm(32209): Compiler shutdown in progress - discarding request
02-27 17:57:15.006 D/dalvikvm(32209): Compiler shutdown in progress - discarding request
02-27 17:57:15.006 D/dalvikvm(32209): Compiler shutdown in progress - discarding request
02-27 17:57:15.006 D/dalvikvm(32209): Compiler shutdown in progress - discarding request
02-27 17:57:15.006 D/dalvikvm(32209): Compiler shutdown in progress - discarding request
02-27 17:57:15.006 D/dalvikvm(32209): Compiler shutdown in progress - discarding request
02-27 17:57:15.006 D/dalvikvm(32209): Compiler shutdown in progress - discarding request
02-27 17:57:15.006 D/dalvikvm(32209): Compiler shutdown in progress - discarding request
02-27 17:57:15.006 D/dalvikvm(32209): Compiler shutdown in progress - discarding request
02-27 17:57:15.006 D/dalvikvm(32209): Compiler shutdown in progress - discarding request
02-27 17:57:15.006 D/dalvikvm(32209): Compiler shutdown in progress - discarding request
02-27 17:57:15.006 D/dalvikvm(32209): Compiler shutdown in progress - discarding request
02-27 17:57:15.006 D/dalvikvm(32209): Compiler shutdown in progress - discarding request
02-27 17:57:15.006 D/dalvikvm(32209): Compiler shutdown in progress - discarding request
02-27 17:57:15.006 D/dalvikvm(32209): Compiler shutdown in progress - discarding request
02-27 17:57:15.006 D/dalvikvm(32209): Compiler shutdown in progress - discarding request
02-27 17:57:15.006 D/dalvikvm(32209): Compiler shutdown in progress - discarding request
02-27 17:57:15.006 D/dalvikvm(32209): Compiler shutdown in progress - discarding request
02-27 17:57:15.006 D/dalvikvm(32209): Compiler shutdown in progress - discarding request
02-27 17:57:15.006 D/dalvikvm(32209): Compiler shutdown in progress - discarding request
02-27 17:57:15.006 D/dalvikvm(32209): Compiler shutdown in progress - discarding request
02-27 17:57:15.006 D/dalvikvm(32209): Compiler shutdown in progress - discarding request
02-27 17:57:15.006 D/dalvikvm(32209): Compiler shutdown in progress - discarding request
02-27 17:57:15.006 D/dalvikvm(32209): Compiler shutdown in progress - discarding request
02-27 17:57:15.006 D/dalvikvm(32209): Compiler shutdown in progress - discarding request
02-27 17:57:15.006 D/dalvikvm(32209): Compiler shutdown in progress - discarding request
02-27 17:57:15.006 D/dalvikvm(32209): Compiler shutdown in progress - discarding request
02-27 17:57:15.006 D/dalvikvm(32209): Compiler shutdown in progress - discarding request
02-27 17:57:15.006 D/dalvikvm(32209): Compiler shutdown in progress - discarding request
02-27 17:57:15.006 D/dalvikvm(32209): Compiler shutdown in progress - discarding request
02-27 17:57:15.006 D/dalvikvm(32209): Compiler shutdown in progress - discarding request
02-27 17:57:15.006 D/dalvikvm(32209): Compiler shutdown in progress - discarding request
02-27 17:57:15.006 D/dalvikvm(32209): Compiler shutdown in progress - discarding request
02-27 17:57:15.006 D/dalvikvm(32209): Compiler shutdown in progress - discarding request
02-27 17:57:15.006 D/dalvikvm(32209): Compiler shutdown in progress - discarding request
02-27 17:57:15.006 D/dalvikvm(32209): Compiler shutdown in progress - discarding request
02-27 17:57:15.006 D/dalvikvm(32209): Compiler shutdown in progress - discarding request
02-27 17:57:15.006 D/dalvikvm(32209): Compiler shutdown in progress - discarding request
02-27 17:57:15.006 D/dalvikvm(32209): Compiler shutdown in progress - discarding request
02-27 17:57:15.006 D/dalvikvm(32209): Compiler shutdown in progress - discarding request
02-27 17:57:15.006 D/dalvikvm(32209): Compiler shutdown in progress - discarding request
02-27 17:57:15.006 D/dalvikvm(32209): Compiler shutdown in progress - discarding request
02-27 17:57:15.296 I/WifiHW  (  505): CMD: IFNAME=wlan0 SIGNAL_POLL
02-27 17:57:15.296 D/wpa_supplicant(  711): RX ctrl_iface - hexdump(len=11): 53 49 47 4e 41 4c 5f 50 4f 4c 4c
02-27 17:57:15.296 D/wpa_supplicant(  711): wlan0: Control interface command 'SIGNAL_POLL'
02-27 17:57:15.326 D/wpa_supplicant(  711): nl80211: survey data missing!
02-27 17:57:15.326 I/WifiHW  (  505): REPLY: RSSI=-45
02-27 17:57:15.326 I/WifiHW  (  505): REPLY: LINKSPEED=65
02-27 17:57:15.326 I/WifiHW  (  505): REPLY: NOISE=9999
02-27 17:57:15.326 I/WifiHW  (  505): REPLY: FREQUENCY=2437
02-27 17:57:15.446 D/AndroidRuntime(32220): 
02-27 17:57:15.446 D/AndroidRuntime(32220): >>>>>> AndroidRuntime START com.android.internal.os.RuntimeInit <<<<<<
02-27 17:57:15.446 D/AndroidRuntime(32220): CheckJNI is OFF
02-27 17:57:15.446 I/AndroidRuntime(32220): Kernel Release Version: 3.10.20-gf818079
02-27 17:57:15.446 I/dalvikvm(32220): No library specified. The standard exception handler will be used
02-27 17:57:15.446 I/dalvikvm(32220): 
02-27 17:57:15.446 I/dalvikvm(32220): +++++++++++++ Using PCG. +++++++++++++++++++++
02-27 17:57:15.456 D/dalvikvm(32220): Trying to load lib libjavacore.so 0x0
02-27 17:57:15.456 D/dalvikvm(32220): Added shared lib libjavacore.so 0x0
02-27 17:57:15.456 D/dalvikvm(32220): Trying to load lib libnativehelper.so 0x0
02-27 17:57:15.456 D/dalvikvm(32220): Added shared lib libnativehelper.so 0x0
02-27 17:57:15.456 D/dalvikvm(32220): No JNI_OnLoad found in libnativehelper.so 0x0, skipping init
02-27 17:57:15.466 D/dalvikvm(32220): Extra Options: not specified
02-27 17:57:15.476 D/dalvikvm(32220): Note: class Landroid/app/ActivityManagerNative; has 186 unimplemented (abstract) methods
02-27 17:57:15.556 E/memtrack(32220): Couldn't load memtrack module (No such file or directory)
02-27 17:57:15.556 E/android.os.Debug(32220): failed to load memtrack module: -2
02-27 17:57:15.586 D/AndroidRuntime(32220): Calling main entry com.android.commands.am.Am
02-27 17:57:15.616 D/AndroidRuntime(32220): Shutting down VM
02-27 17:57:15.616 I/ActivityManager(  505): START u0 {flg=0x10000000 cmp=org.xwalk.webapi_noneservice_tests/.webapi_noneservice_testsActivity} from pid 32220
02-27 17:57:15.626 D/dalvikvm(32220): GC_CONCURRENT freed 113K, 16% free 674K/800K, paused 0ms+0ms, total 1ms
02-27 17:57:15.626 D/dalvikvm(32220): Compiler shutdown in progress - discarding request
02-27 17:57:15.626 D/dalvikvm(32220): Compiler shutdown in progress - discarding request
02-27 17:57:15.626 D/dalvikvm(32220): Compiler shutdown in progress - discarding request
02-27 17:57:15.626 D/dalvikvm(32220): Compiler shutdown in progress - discarding request
02-27 17:57:15.626 D/dalvikvm(32220): Compiler shutdown in progress - discarding request
02-27 17:57:15.626 D/dalvikvm(32220): Compiler shutdown in progress - discarding request
02-27 17:57:15.626 D/dalvikvm(32220): Compiler shutdown in progress - discarding request
02-27 17:57:15.626 D/dalvikvm(32220): Compiler shutdown in progress - discarding request
02-27 17:57:15.626 D/dalvikvm(32220): Compiler shutdown in progress - discarding request
02-27 17:57:15.626 D/dalvikvm(32220): Compiler shutdown in progress - discarding request
02-27 17:57:15.626 D/dalvikvm(32220): Compiler shutdown in progress - discarding request
02-27 17:57:15.626 D/dalvikvm(32220): Compiler shutdown in progress - discarding request
