02-27 17:36:11.076 D/RouteManager(  186): executeDisableStage: --------------- Routing Stage = Disable ---------------
02-27 17:36:11.076 D/RouteManager(  186): parameter-framework: Selection criterion changed event: Criterion name: RoutageState, current state: Path
02-27 17:36:11.076 D/RouteManager(  186): prepareDisableRoutes: Routes to be disabled(unrouted) in Output = Media|HwCodecMedia
02-27 17:36:11.076 D/ALSAStreamOps(  186): detachRouteL output stream
02-27 17:36:11.076 D/RouteManager/StreamRoute(  186): closePcmDevice called for card (baytrailaudio,0)
02-27 17:36:11.096 D/RouteManager(  186): parameter-framework: Configuration application request {
02-27 17:36:11.096 D/RouteManager(  186): parameter-framework:     Applying configurations {
02-27 17:36:11.096 D/RouteManager(  186): parameter-framework:         Applying configuration "Disable" from domain "Routing.Enable.HWCodec.Playback.IHF"
02-27 17:36:11.096 D/RouteManager(  186): parameter-framework:         Applying configuration "Disable" from domain "Routing.Enable.HWCodec.Playback.Multimedia.IHF"
02-27 17:36:11.096 D/RouteManager(  186): parameter-framework:         Applying configuration "Disable" from domain "Routing.Enable.HWCodec.Playback.Multimedia.Playback"
02-27 17:36:11.106 D/RouteManager(  186): parameter-framework:     } Applying configurations
02-27 17:36:11.106 D/RouteManager(  186): parameter-framework: } Configuration application request
02-27 17:36:11.106 D/RouteManager(  186): executeConfigureStage: --------------- Routing Stage = Configure ---------------
02-27 17:36:11.106 D/RouteManager(  186): parameter-framework: Selection criterion changed event: Criterion name: RoutageState, current state: Configure
02-27 17:36:11.106 D/RouteManager(  186): parameter-framework: Selection criterion changed event: Criterion name: ClosingPlaybackRoutes, current state: <none>
02-27 17:36:11.106 D/RouteManager(  186): parameter-framework: Configuration application request {
02-27 17:36:11.106 D/RouteManager(  186): parameter-framework:     Applying configurations {
02-27 17:36:11.106 D/RouteManager(  186): parameter-framework:         Applying configuration "Deactivated" from domain "Routing.Configure.LPE_Mixer.IHF"
02-27 17:36:11.106 D/RouteManager(  186): parameter-framework:     } Applying configurations
02-27 17:36:11.106 D/RouteManager(  186): parameter-framework: } Configuration application request
02-27 17:36:11.106 D/RouteManager(  186): executeEnableStage: --------------- Routing Stage = Enable ---------------
02-27 17:36:11.106 D/RouteManager(  186): parameter-framework: Selection criterion changed event: Criterion name: RoutageState, current state: Path|Configure
02-27 17:36:11.106 D/RouteManager(  186): parameter-framework: Configuration application request {
02-27 17:36:11.106 D/RouteManager(  186): parameter-framework:     Applying configurations {
02-27 17:36:11.106 D/RouteManager(  186): parameter-framework:     } Applying configurations
02-27 17:36:11.106 D/RouteManager(  186): parameter-framework: } Configuration application request
02-27 17:36:11.106 D/RouteManager(  186): executeUnmuteStage: --------------- Routing Stage = Unmute ---------------
02-27 17:36:11.106 D/RouteManager(  186): parameter-framework: Selection criterion changed event: Criterion name: RoutageState, current state: Flow|Path|Configure
02-27 17:36:11.106 D/RouteManager(  186): parameter-framework: Configuration application request {
02-27 17:36:11.106 D/RouteManager(  186): parameter-framework:     Applying configurations {
02-27 17:36:11.106 D/RouteManager(  186): parameter-framework:     } Applying configurations
02-27 17:36:11.106 D/RouteManager(  186): parameter-framework: } Configuration application request
02-27 17:36:11.106 D/EVENT_THREAD(  186): void CEventThread::run() Do poll with timeout: -1
02-27 17:36:11.106 D/RouteManager(  186): reconsiderRouting: DONE
02-27 17:36:12.326 I/WifiHW  (  505): CMD: IFNAME=wlan0 SIGNAL_POLL
02-27 17:36:12.326 D/wpa_supplicant(  711): RX ctrl_iface - hexdump(len=11): 53 49 47 4e 41 4c 5f 50 4f 4c 4c
02-27 17:36:12.326 D/wpa_supplicant(  711): wlan0: Control interface command 'SIGNAL_POLL'
02-27 17:36:12.356 D/wpa_supplicant(  711): nl80211: survey data missing!
02-27 17:36:12.356 I/WifiHW  (  505): REPLY: RSSI=-47
02-27 17:36:12.356 I/WifiHW  (  505): REPLY: LINKSPEED=58
02-27 17:36:12.356 I/WifiHW  (  505): REPLY: NOISE=9999
02-27 17:36:12.356 I/WifiHW  (  505): REPLY: FREQUENCY=2437
02-27 17:36:12.996 W/ufoGralloc(  171): registerBuffer() handle 0xb8fd86b0/40 didn't require registration
02-27 17:36:13.006 D/WindowManager(  505): adjustConfigurationLw, config:{1.0 ?mcc?mnc ?locale ?layoutDir sw600dp w600dp h888dp 213dpi lrg port ?uimode ?night finger -keyb/v/h -nav/v} mLidState:1 mHasDockFeature:false mHasKeyboardFeature:false mHasHallSensorFeature:true config.hardKeyboardHidden:2
02-27 17:36:13.006 I/ActivityManager(  505): [TopPkgCurBat]	NowPkgName[com.asus.launcher]	Battery[9]	TimeTick[1425029773022]	OldPkgName[org.xwalk.webapi_noneservice_tests]
02-27 17:36:13.036 D/        (28178): Pixel Format : GGL_PIXEL_FORMAT_RGBA_8888
02-27 17:36:13.046 W/IInputConnectionWrapper(30597): showStatusIcon on inactive InputConnection
02-27 17:36:13.046 D/XT9IME  (28220): new subtype :zh_CN ,pinyin
02-27 17:36:13.136 D/ImageWallpaper(  569): onVisibilityChanged: mVisible, visible=false, true
02-27 17:36:13.136 D/ImageWallpaper(  569): Visibility changed to visible=true
02-27 17:36:13.136 D/BatteryStatsImpl(  505): noteStopWakeLocked system isFromForeground = false
02-27 17:36:13.136 D/ImageWallpaper(  569): Suppressed drawFrame since redraw is not needed and offsets have not changed.
02-27 17:36:13.176 D/        (30597): Surface destroy: ANDROID_NATIVE_WINDOW_MAGIC
02-27 17:36:13.176 D/        (30597): Surface destroy: ANDROID_NATIVE_WINDOW_MAGIC
02-27 17:36:13.556 I/ActivityManager(  505): Killing 28983:android.process.acore/u0a4 (adj 15): empty #9
02-27 17:36:13.566 D/        (30597): Pixel Format : GGL_PIXEL_FORMAT_RGBA_8888
02-27 17:36:13.566 W/SurfaceFlinger(  171): couldn't log to binary event log: overflow.
02-27 17:36:13.566 W/ScreenOrientationListener(30597): Removing an inexistent observer!
02-27 17:36:13.626 I/SecurityManagerService(  600): SMS received security event: App[STOP/com.android.providers.contacts]
02-27 17:36:14.246 D/EVENT_THREAD(  186): void CEventThread::run() POLLIN event on Fd (1)
02-27 17:36:14.246 D/EVENT_THREAD(  186): void CEventThread::run() Do poll with timeout: -1
02-27 17:36:14.246 I/upi_ug31xx(  166): (1650) update_capacity
02-27 17:36:14.246 I/[UPI]   (  166): <UG31/E>[UpiReadCapacity]: V=3698(3679), T=325(327-383), I=-435, C=0(0-0)
02-27 17:36:14.246 I/[UPI]   (  166): <UG31/E>[UpiReadCapacity]: (0x0001254a) 352 (719) / 3822 (4027) = 9
02-27 17:36:14.246 I/[UPI]   (  166): <UG31/E>[UpiReadCapacity]: (0x0001254a) 352 (719) / 3822 (4027) = 9
02-27 17:36:14.246 I/[UPI]   (  166): <UG31/E>[UpiReadCapacity]: (0x0001254a) 352 (352) / 3822 (4027) = 9
02-27 17:36:14.246 I/[UPI]   (  166): <UG31/E>[RsocFilterCountTime]: (0x0001254a) Step=9(582165), Full=9(582165), Lock=582165(1800000)
02-27 17:36:14.246 I/[UPI]   (  166): <UG31/E>[UpiReadCapacity]: (0x0001254a) 352 (352) / 3822 (4027) = 9 (-435--435)
02-27 17:36:14.246 I/[UPI]   (  166): <UG31/E><BATT> M:normal, P:9(9-9)%, V:3674mV, C:-410mA, T:32.7C(383), S:0x0001254a(000), R:352mAh, F:3822mAh, Q:-1475mAh, CC:3, P:10.30(1474-0)s, BO:7, 97:615:0-44af-9m:B001-20140514-144301 (16)
02-27 17:36:14.246 D/EVENT_THREAD(  186): void CEventThread::run() POLLIN event on Fd (1)
02-27 17:36:14.246 D/EVENT_THREAD(  186): void CEventThread::run() Do poll with timeout: -1
02-27 17:36:14.246 I/upi_ug31xx(  166): (1651) backup_data 
02-27 17:36:14.246 V/upi_ug31xx(  166): state->check_backup_count = 19
02-27 17:36:14.256 D/AndroidRuntime(30662): 
02-27 17:36:14.256 D/AndroidRuntime(30662): >>>>>> AndroidRuntime START com.android.internal.os.RuntimeInit <<<<<<
02-27 17:36:14.256 D/AndroidRuntime(30662): CheckJNI is OFF
02-27 17:36:14.256 I/AndroidRuntime(30662): Kernel Release Version: 3.10.20-gf818079
02-27 17:36:14.256 I/dalvikvm(30662): No library specified. The standard exception handler will be used
02-27 17:36:14.266 I/dalvikvm(30662): 
02-27 17:36:14.266 I/dalvikvm(30662): +++++++++++++ Using PCG. +++++++++++++++++++++
02-27 17:36:14.276 D/dalvikvm(30662): Trying to load lib libjavacore.so 0x0
02-27 17:36:14.286 D/dalvikvm(30662): Added shared lib libjavacore.so 0x0
02-27 17:36:14.286 D/dalvikvm(30662): Trying to load lib libnativehelper.so 0x0
02-27 17:36:14.286 D/dalvikvm(30662): Added shared lib libnativehelper.so 0x0
02-27 17:36:14.286 D/dalvikvm(30662): No JNI_OnLoad found in libnativehelper.so 0x0, skipping init
02-27 17:36:14.286 D/dalvikvm(30662): Extra Options: not specified
02-27 17:36:14.306 D/dalvikvm(30662): Note: class Landroid/app/ActivityManagerNative; has 186 unimplemented (abstract) methods
02-27 17:36:14.376 E/memtrack(30662): Couldn't load memtrack module (No such file or directory)
02-27 17:36:14.376 E/android.os.Debug(30662): failed to load memtrack module: -2
02-27 17:36:14.426 D/AndroidRuntime(30662): Calling main entry com.android.commands.am.Am
02-27 17:36:14.456 I/ActivityManager(  505): Force stopping org.xwalk.webapi_noneservice_tests appid=10085 user=0: from pid 30662
02-27 17:36:14.456 I/SecurityManagerService(  600): SMS received security event: App[STOP/org.xwalk.webapi_noneservice_tests]
02-27 17:36:14.456 D/AndroidRuntime(30662): Shutting down VM
02-27 17:36:14.456 I/ActivityManager(  505): Killing 30597:org.xwalk.webapi_noneservice_tests/u0a85 (adj 9): stop org.xwalk.webapi_noneservice_tests
02-27 17:36:14.466 D/dalvikvm(30662): GC_CONCURRENT freed 112K, 16% free 666K/792K, paused 0ms+0ms, total 1ms
02-27 17:36:14.466 D/dalvikvm(30662): Compiler shutdown in progress - discarding request
02-27 17:36:14.466 D/dalvikvm(30662): Compiler shutdown in progress - discarding request
02-27 17:36:14.466 D/dalvikvm(30662): Compiler shutdown in progress - discarding request
02-27 17:36:14.466 D/dalvikvm(30662): Compiler shutdown in progress - discarding request
02-27 17:36:14.466 D/dalvikvm(30662): Compiler shutdown in progress - discarding request
02-27 17:36:14.466 D/dalvikvm(30662): Compiler shutdown in progress - discarding request
02-27 17:36:14.466 D/dalvikvm(30662): Compiler shutdown in progress - discarding request
02-27 17:36:14.466 D/dalvikvm(30662): Compiler shutdown in progress - discarding request
02-27 17:36:14.466 D/dalvikvm(30662): Compiler shutdown in progress - discarding request
02-27 17:36:14.466 D/dalvikvm(30662): Compiler shutdown in progress - discarding request
02-27 17:36:14.466 D/dalvikvm(30662): Compiler shutdown in progress - discarding request
02-27 17:36:14.466 D/dalvikvm(30662): Compiler shutdown in progress - discarding request
02-27 17:36:14.466 D/dalvikvm(30662): Compiler shutdown in progress - discarding request
02-27 17:36:14.466 D/dalvikvm(30662): Compiler shutdown in progress - discarding request
02-27 17:36:14.466 D/dalvikvm(30662): Compiler shutdown in progress - discarding request
02-27 17:36:14.466 D/dalvikvm(30662): Compiler shutdown in progress - discarding request
02-27 17:36:14.466 D/dalvikvm(30662): Compiler shutdown in progress - discarding request
02-27 17:36:14.466 D/dalvikvm(30662): Compiler shutdown in progress - discarding request
02-27 17:36:14.466 D/dalvikvm(30662): Compiler shutdown in progress - discarding request
02-27 17:36:14.466 D/dalvikvm(30662): Compiler shutdown in progress - discarding request
02-27 17:36:14.466 D/dalvikvm(30662): Compiler shutdown in progress - discarding request
02-27 17:36:14.466 D/dalvikvm(30662): Compiler shutdown in progress - discarding request
02-27 17:36:14.466 D/dalvikvm(30662): Compiler shutdown in progress - discarding request
02-27 17:36:14.466 D/dalvikvm(30662): Compiler shutdown in progress - discarding request
02-27 17:36:14.466 D/dalvikvm(30662): Compiler shutdown in progress - discarding request
02-27 17:36:14.466 D/dalvikvm(30662): Compiler shutdown in progress - discarding request
02-27 17:36:14.466 D/dalvikvm(30662): Compiler shutdown in progress - discarding request
02-27 17:36:14.466 D/dalvikvm(30662): Compiler shutdown in progress - discarding request
02-27 17:36:14.466 D/dalvikvm(30662): Compiler shutdown in progress - discarding request
02-27 17:36:14.466 D/dalvikvm(30662): Compiler shutdown in progress - discarding request
02-27 17:36:14.466 D/dalvikvm(30662): Compiler shutdown in progress - discarding request
02-27 17:36:14.466 D/dalvikvm(30662): Compiler shutdown in progress - discarding request
02-27 17:36:14.466 D/dalvikvm(30662): Compiler shutdown in progress - discarding request
02-27 17:36:14.466 D/dalvikvm(30662): Compiler shutdown in progress - discarding request
02-27 17:36:14.466 D/dalvikvm(30662): Compiler shutdown in progress - discarding request
02-27 17:36:14.466 D/dalvikvm(30662): Compiler shutdown in progress - discarding request
02-27 17:36:14.466 D/dalvikvm(30662): Compiler shutdown in progress - discarding request
02-27 17:36:14.466 D/dalvikvm(30662): Compiler shutdown in progress - discarding request
02-27 17:36:14.466 D/dalvikvm(30662): Compiler shutdown in progress - discarding request
02-27 17:36:14.466 D/dalvikvm(30662): Compiler shutdown in progress - discarding request
02-27 17:36:14.616 D/EVENT_THREAD(  186): void CEventThread::run() POLLIN event on Fd (1)
02-27 17:36:14.616 D/EVENT_THREAD(  186): void CEventThread::run() Do poll with timeout: -1
02-27 17:36:14.906 D/AndroidRuntime(30673): 
02-27 17:36:14.906 D/AndroidRuntime(30673): >>>>>> AndroidRuntime START com.android.internal.os.RuntimeInit <<<<<<
02-27 17:36:14.906 D/AndroidRuntime(30673): CheckJNI is OFF
02-27 17:36:14.906 I/AndroidRuntime(30673): Kernel Release Version: 3.10.20-gf818079
02-27 17:36:14.916 I/dalvikvm(30673): No library specified. The standard exception handler will be used
02-27 17:36:14.916 I/dalvikvm(30673): 
02-27 17:36:14.916 I/dalvikvm(30673): +++++++++++++ Using PCG. +++++++++++++++++++++
02-27 17:36:14.926 D/dalvikvm(30673): Trying to load lib libjavacore.so 0x0
02-27 17:36:14.926 D/dalvikvm(30673): Added shared lib libjavacore.so 0x0
02-27 17:36:14.926 D/dalvikvm(30673): Trying to load lib libnativehelper.so 0x0
02-27 17:36:14.926 D/dalvikvm(30673): Added shared lib libnativehelper.so 0x0
