02-28 17:32:39.594 E/GpsLocationProvider(  506): 	at com.android.server.location.GpsLocationProvider.handleSetRequest(GpsLocationProvider.java:1043)
02-28 17:32:39.594 E/GpsLocationProvider(  506): 	at com.android.server.location.GpsLocationProvider.access$2800(GpsLocationProvider.java:110)
02-28 17:32:39.594 E/GpsLocationProvider(  506): 	at com.android.server.location.GpsLocationProvider$ProviderHandler.handleMessage(GpsLocationProvider.java:1942)
02-28 17:32:39.594 E/GpsLocationProvider(  506): 	at android.os.Handler.dispatchMessage(Handler.java:102)
02-28 17:32:39.594 E/GpsLocationProvider(  506): 	at android.os.Looper.loop(Looper.java:149)
02-28 17:32:39.594 E/GpsLocationProvider(  506): 	at android.os.HandlerThread.run(HandlerThread.java:61)
02-28 17:32:39.594 V/CsmClient(  506): [2] csmStop called
02-28 17:32:39.594 W/CsmClient(  506): Calling start while there is no modem.
02-28 17:32:39.604 E/GpsLocationProvider(  506): CsmClient.startClient failed in startNavigating() 
02-28 17:32:39.604 E/GpsLocationProvider(  506): com.intel.cws.cwsservicemanager.CsmException: No modem.
02-28 17:32:39.604 E/GpsLocationProvider(  506): 	at com.intel.cws.cwsservicemanagerclient.CsmClient.start(CsmClient.java:244)
02-28 17:32:39.604 E/GpsLocationProvider(  506): 	at com.intel.cws.cwsservicemanagerclient.CsmClient.startAsync(CsmClient.java:314)
02-28 17:32:39.604 E/GpsLocationProvider(  506): 	at com.android.server.location.GpsLocationProvider.startNavigating(GpsLocationProvider.java:1221)
02-28 17:32:39.604 E/GpsLocationProvider(  506): 	at com.android.server.location.GpsLocationProvider.handleSetRequest(GpsLocationProvider.java:1043)
02-28 17:32:39.604 E/GpsLocationProvider(  506): 	at com.android.server.location.GpsLocationProvider.access$2800(GpsLocationProvider.java:110)
02-28 17:32:39.604 E/GpsLocationProvider(  506): 	at com.android.server.location.GpsLocationProvider$ProviderHandler.handleMessage(GpsLocationProvider.java:1942)
02-28 17:32:39.604 E/GpsLocationProvider(  506): 	at android.os.Handler.dispatchMessage(Handler.java:102)
02-28 17:32:39.604 E/GpsLocationProvider(  506): 	at android.os.Looper.loop(Looper.java:149)
02-28 17:32:39.604 E/GpsLocationProvider(  506): 	at android.os.HandlerThread.run(HandlerThread.java:61)
02-28 17:32:39.604 D/BatteryStatsImpl(  506): noteStopWakeLocked system isFromForeground = false
02-28 17:32:39.674 D/gpslogd (30897): CALL_SENTRY: GlEngine::OnStart took 120 ms (from28681356 to 28681476) (log=0,0,0), start: 17:32:39.565
02-28 17:32:39.674 E/gpslogd (30897): ASSERT in /tmp/12894738_192204/customers/Asustek/ME176Candroid/../../../proprietary/deliverables/android/gps_interface/../gpsd/common/GlGpsdInterface.cpp:868: GL_STOP_HW_PANIC
02-28 17:32:39.674 F/libc    (30897): Fatal signal 6 (SIGABRT), thread 30897 (glgps)
02-28 17:32:39.784 I/DEBUG   (  171): *** *** *** *** *** *** *** *** *** *** *** *** *** *** *** ***
02-28 17:32:39.784 I/DEBUG   (  171): Build fingerprint: 'asus/CN_K011/K011:4.4.2/KOT49H/CN_user_3.0.23.150_20140626:user/release-keys'
02-28 17:32:39.784 I/DEBUG   (  171): Revision: '0'
02-28 17:32:39.784 I/DEBUG   (  171): pid: 30897, tid: 30897, name: glgps  >>> /system/bin/glgps <<<
02-28 17:32:39.784 I/DEBUG   (  171): AM write failure (32 / Broken pipe)
02-28 17:32:39.784 I/DEBUG   (  171): signal 6 (SIGABRT), code -6 (SI_TKILL), fault addr --------
02-28 17:32:39.784 W/NativeCrashListener(  506): Couldn't find ProcessRecord for pid 30897
02-28 17:32:39.834 I/DEBUG   (  171):     eax 00000000  ebx 000078b1  ecx 000078b1  edx 00000006
02-28 17:32:39.834 I/DEBUG   (  171):     esi 0000006f  edi b7661be8
02-28 17:32:39.834 I/DEBUG   (  171):     xcs 00000073  xds 0000007b  xes 0000007b  xfs 00000000  xss 0000007b
02-28 17:32:39.834 I/DEBUG   (  171):     eip b723aae6  ebp b7651110  esp bf807f00  flags 00000203
02-28 17:32:39.834 I/DEBUG   (  171): 
02-28 17:32:39.834 I/DEBUG   (  171): backtrace:
02-28 17:32:39.834 I/DEBUG   (  171):     #00  pc 00048ae6  /system/lib/libc.so (tgkill+22)
02-28 17:32:39.834 I/DEBUG   (  171):     #01  pc 00000005  <unknown>
02-28 17:32:39.834 I/DEBUG   (  171): 
02-28 17:32:39.834 I/DEBUG   (  171): stack:
02-28 17:32:39.834 I/DEBUG   (  171):          bf807ec0  b72b87e0  
02-28 17:32:39.834 I/DEBUG   (  171):          bf807ec4  00000078  
02-28 17:32:39.834 I/DEBUG   (  171):          bf807ec8  00807f78  
02-28 17:32:39.834 I/DEBUG   (  171):          bf807ecc  b731b711  /system/bin/glgps (GetHalPlatf()+17)
02-28 17:32:39.834 I/DEBUG   (  171):          bf807ed0  00000000  
02-28 17:32:39.834 I/DEBUG   (  171):          bf807ed4  00000000  
02-28 17:32:39.834 I/DEBUG   (  171):          bf807ed8  00000000  
02-28 17:32:39.834 I/DEBUG   (  171):          bf807edc  00000000  
02-28 17:32:39.834 I/DEBUG   (  171):          bf807ee0  00000000  
02-28 17:32:39.834 I/DEBUG   (  171):          bf807ee4  00000000  
02-28 17:32:39.834 I/DEBUG   (  171):          bf807ee8  00000000  
02-28 17:32:39.834 I/DEBUG   (  171):          bf807eec  00000000  
02-28 17:32:39.834 I/DEBUG   (  171):          bf807ef0  00000000  
02-28 17:32:39.834 I/DEBUG   (  171):          bf807ef4  00000000  
02-28 17:32:39.834 I/DEBUG   (  171):          bf807ef8  00000000  
02-28 17:32:39.834 I/DEBUG   (  171):          bf807efc  00000000  
02-28 17:32:39.834 I/DEBUG   (  171):     #00  bf807f00  00000006  
02-28 17:32:39.834 I/DEBUG   (  171):          bf807f04  b770ecac  /system/bin/glgps
02-28 17:32:39.834 I/DEBUG   (  171):          bf807f08  000078b1  
02-28 17:32:39.834 I/DEBUG   (  171):          bf807f0c  b721afba  /system/lib/libc.so (pthread_kill+90)
02-28 17:32:39.834 I/DEBUG   (  171):          bf807f10  000078b1  
02-28 17:32:39.834 I/DEBUG   (  171):          bf807f14  000078b1  
02-28 17:32:39.834 I/DEBUG   (  171):          bf807f18  00000006  
02-28 17:32:39.834 I/DEBUG   (  171):          bf807f1c  bf807f6c  [stack]
02-28 17:32:39.834 I/DEBUG   (  171):          bf807f20  bf807fbc  [stack]
02-28 17:32:39.834 I/DEBUG   (  171):          bf807f24  bf807f6c  [stack]
02-28 17:32:39.834 I/DEBUG   (  171):          bf807f28  bf807fbc  [stack]
02-28 17:32:39.834 I/DEBUG   (  171):          bf807f2c  b721b30a  /system/lib/libc.so (raise+26)
02-28 17:32:39.834 I/DEBUG   (  171):          bf807f30  b7303040  
02-28 17:32:39.834 I/DEBUG   (  171):          bf807f34  00000006  
02-28 17:32:39.834 I/DEBUG   (  171):          bf807f38  ffff0208  
02-28 17:32:39.834 I/DEBUG   (  171):          bf807f3c  b73293d8  /system/bin/glgps (broadcom::BrcmGpsHalGpioSysfs::ClearNstdbyPin()+8)
02-28 17:32:39.844 D/gpslogd (  506): IPC Connection closed by peer (GpsInterface)
02-28 17:32:39.844 I/BootReceiver(  506): Copying /data/tombstones/tombstone_01 to DropBox (SYSTEM_TOMBSTONE)
02-28 17:32:41.424 I/WifiHW  (  506): CMD: IFNAME=wlan0 SIGNAL_POLL
02-28 17:32:41.424 D/wpa_supplicant(  659): RX ctrl_iface - hexdump(len=11): 53 49 47 4e 41 4c 5f 50 4f 4c 4c
02-28 17:32:41.424 D/wpa_supplicant(  659): wlan0: Control interface command 'SIGNAL_POLL'
02-28 17:32:41.444 D/wpa_supplicant(  659): nl80211: survey data missing!
02-28 17:32:41.444 I/WifiHW  (  506): REPLY: RSSI=-58
02-28 17:32:41.444 I/WifiHW  (  506): REPLY: LINKSPEED=26
02-28 17:32:41.444 I/WifiHW  (  506): REPLY: NOISE=9999
02-28 17:32:41.444 I/WifiHW  (  506): REPLY: FREQUENCY=2437
02-28 17:32:44.454 I/WifiHW  (  506): CMD: IFNAME=wlan0 SIGNAL_POLL
02-28 17:32:44.454 D/wpa_supplicant(  659): RX ctrl_iface - hexdump(len=11): 53 49 47 4e 41 4c 5f 50 4f 4c 4c
02-28 17:32:44.454 D/wpa_supplicant(  659): wlan0: Control interface command 'SIGNAL_POLL'
02-28 17:32:44.484 D/wpa_supplicant(  659): nl80211: survey data missing!
02-28 17:32:44.484 I/WifiHW  (  506): REPLY: RSSI=-59
02-28 17:32:44.484 I/WifiHW  (  506): REPLY: LINKSPEED=26
02-28 17:32:44.484 I/WifiHW  (  506): REPLY: NOISE=9999
02-28 17:32:44.484 I/WifiHW  (  506): REPLY: FREQUENCY=2437
02-28 17:32:44.874 D/gpsd    (30903): main()
02-28 17:32:44.874 D/gpsd    (30903): argv[0] = '/system/bin/glgps'
02-28 17:32:44.874 D/gpsd    (30903): argv[1] = '-c'
02-28 17:32:44.874 D/gpsd    (30903): argv[2] = '/system/etc/gpsconfig.xml'
02-28 17:32:44.874 D/gpslogd (  506): Restore last known position mode: 1, 0, 1000, 0, 0
02-28 17:32:44.874 D/gpslogd (  506): Restore last known GPS state: GPS ON
02-28 17:32:44.884 D/GpsLocationProvider(  506): set_capabilities_callback: 6u
02-28 17:32:45.004 D/gpslogd (30903): CALL_SENTRY: GlEngine::OnStart took 121 ms (from28686682 to 28686803) (log=0,0,0), start: 17:32:44.891
02-28 17:32:45.004 E/gpslogd (30903): ASSERT in /tmp/12894738_192204/customers/Asustek/ME176Candroid/../../../proprietary/deliverables/android/gps_interface/../gpsd/common/GlGpsdInterface.cpp:868: GL_STOP_HW_PANIC
02-28 17:32:45.004 F/libc    (30903): Fatal signal 6 (SIGABRT), thread 30903 (glgps)
02-28 17:32:45.074 I/DEBUG   (  171): *** *** *** *** *** *** *** *** *** *** *** *** *** *** *** ***
02-28 17:32:45.074 I/DEBUG   (  171): Build fingerprint: 'asus/CN_K011/K011:4.4.2/KOT49H/CN_user_3.0.23.150_20140626:user/release-keys'
02-28 17:32:45.074 I/DEBUG   (  171): Revision: '0'
02-28 17:32:45.074 I/DEBUG   (  171): pid: 30903, tid: 30903, name: glgps  >>> /system/bin/glgps <<<
02-28 17:32:45.074 I/DEBUG   (  171): signal 6 (SIGABRT), code -6 (SI_TKILL), fault addr --------
02-28 17:32:45.074 I/DEBUG   (  171): AM write failure (32 / Broken pipe)
02-28 17:32:45.074 W/NativeCrashListener(  506): Couldn't find ProcessRecord for pid 30903
02-28 17:32:45.104 I/DEBUG   (  171):     eax 00000000  ebx 000078b7  ecx 000078b7  edx 00000006
02-28 17:32:45.104 I/DEBUG   (  171):     esi 0000006f  edi b76c8be8
02-28 17:32:45.104 I/DEBUG   (  171):     xcs 00000073  xds 0000007b  xes 0000007b  xfs 00000000  xss 0000007b
02-28 17:32:45.104 I/DEBUG   (  171):     eip b72a1ae6  ebp b76b8110  esp bfec1710  flags 00000203
02-28 17:32:45.104 I/DEBUG   (  171): 
02-28 17:32:45.104 I/DEBUG   (  171): backtrace:
02-28 17:32:45.104 I/DEBUG   (  171):     #00  pc 00048ae6  /system/lib/libc.so (tgkill+22)
02-28 17:32:45.104 I/DEBUG   (  171):     #01  pc 00000005  <unknown>
02-28 17:32:45.104 I/DEBUG   (  171): 
02-28 17:32:45.104 I/DEBUG   (  171): stack:
02-28 17:32:45.104 I/DEBUG   (  171):          bfec16d0  00000000  
02-28 17:32:45.104 I/DEBUG   (  171):          bfec16d4  00000000  
02-28 17:32:45.104 I/DEBUG   (  171):          bfec16d8  00000000  
02-28 17:32:45.104 I/DEBUG   (  171):          bfec16dc  00000000  
02-28 17:32:45.104 I/DEBUG   (  171):          bfec16e0  00000000  
02-28 17:32:45.104 I/DEBUG   (  171):          bfec16e4  00000000  
02-28 17:32:45.104 I/DEBUG   (  171):          bfec16e8  00000000  
02-28 17:32:45.104 I/DEBUG   (  171):          bfec16ec  00000000  
02-28 17:32:45.104 I/DEBUG   (  171):          bfec16f0  00000000  
02-28 17:32:45.104 I/DEBUG   (  171):          bfec16f4  00000000  
02-28 17:32:45.104 I/DEBUG   (  171):          bfec16f8  00000000  
02-28 17:32:45.104 I/DEBUG   (  171):          bfec16fc  00000000  
02-28 17:32:45.104 I/DEBUG   (  171):          bfec1700  b731b208  /system/lib/libc.so
02-28 17:32:45.104 I/DEBUG   (  171):          bfec1704  00000000  
02-28 17:32:45.104 I/DEBUG   (  171):          bfec1708  00000000  
02-28 17:32:45.104 I/DEBUG   (  171):          bfec170c  000078b7  
02-28 17:32:45.104 I/DEBUG   (  171):     #00  bfec1710  00000006  
02-28 17:32:45.104 I/DEBUG   (  171):          bfec1714  b7775cac  /system/bin/glgps
02-28 17:32:45.104 I/DEBUG   (  171):          bfec1718  000078b7  
02-28 17:32:45.104 I/DEBUG   (  171):          bfec171c  b7281fba  /system/lib/libc.so (pthread_kill+90)
02-28 17:32:45.104 I/DEBUG   (  171):          bfec1720  000078b7  
02-28 17:32:45.104 I/DEBUG   (  171):          bfec1724  000078b7  
02-28 17:32:45.104 I/DEBUG   (  171):          bfec1728  00000006  
02-28 17:32:45.104 I/DEBUG   (  171):          bfec172c  bfec177c  [stack]
02-28 17:32:45.104 I/DEBUG   (  171):          bfec1730  bfec17cc  [stack]
02-28 17:32:45.104 I/DEBUG   (  171):          bfec1734  bfec177c  [stack]
02-28 17:32:45.104 I/DEBUG   (  171):          bfec1738  bfec17cc  [stack]
02-28 17:32:45.104 I/DEBUG   (  171):          bfec173c  b728230a  /system/lib/libc.so (raise+26)
02-28 17:32:45.104 I/DEBUG   (  171):          bfec1740  b736a040  
02-28 17:32:45.104 I/DEBUG   (  171):          bfec1744  00000006  
02-28 17:32:45.104 I/DEBUG   (  171):          bfec1748  ffff0208  
02-28 17:32:45.104 I/DEBUG   (  171):          bfec174c  b73903d8  /system/bin/glgps (broadcom::BrcmGpsHalGpioSysfs::ClearNstdbyPin()+8)
02-28 17:32:45.114 D/gpslogd (  506): IPC Connection closed by peer (GpsInterface)
02-28 17:32:45.114 I/BootReceiver(  506): Copying /data/tombstones/tombstone_02 to DropBox (SYSTEM_TOMBSTONE)
02-28 17:32:47.494 I/WifiHW  (  506): CMD: IFNAME=wlan0 SIGNAL_POLL
02-28 17:32:47.494 D/wpa_supplicant(  659): RX ctrl_iface - hexdump(len=11): 53 49 47 4e 41 4c 5f 50 4f 4c 4c
02-28 17:32:47.494 D/wpa_supplicant(  659): wlan0: Control interface command 'SIGNAL_POLL'
02-28 17:32:47.524 D/wpa_supplicant(  659): nl80211: survey data missing!
02-28 17:32:47.524 I/WifiHW  (  506): REPLY: RSSI=-56
02-28 17:32:47.524 I/WifiHW  (  506): REPLY: LINKSPEED=26
02-28 17:32:47.524 I/WifiHW  (  506): REPLY: NOISE=9999
02-28 17:32:47.524 I/WifiHW  (  506): REPLY: FREQUENCY=2437
02-28 17:32:50.144 D/gpsd    (30910): main()
02-28 17:32:50.144 D/gpsd    (30910): argv[0] = '/system/bin/glgps'
02-28 17:32:50.144 D/gpsd    (30910): argv[1] = '-c'
02-28 17:32:50.144 D/gpsd    (30910): argv[2] = '/system/etc/gpsconfig.xml'
02-28 17:32:50.164 D/gpslogd (  506): Restore last known position mode: 1, 0, 1000, 0, 0
02-28 17:32:50.164 D/gpslogd (  506): Restore last known GPS state: GPS ON
02-28 17:32:50.164 D/GpsLocationProvider(  506): set_capabilities_callback: 6u
02-28 17:32:50.284 D/gpslogd (30910): CALL_SENTRY: GlEngine::OnStart took 121 ms (from28691964 to 28692085) (log=0,0,0), start: 17:32:50.173
02-28 17:32:50.284 E/gpslogd (30910): ASSERT in /tmp/12894738_192204/customers/Asustek/ME176Candroid/../../../proprietary/deliverables/android/gps_interface/../gpsd/common/GlGpsdInterface.cpp:868: GL_STOP_HW_PANIC
02-28 17:32:50.284 F/libc    (30910): Fatal signal 6 (SIGABRT), thread 30910 (glgps)
02-28 17:32:50.384 I/DEBUG   (  171): *** *** *** *** *** *** *** *** *** *** *** *** *** *** *** ***
02-28 17:32:50.384 I/DEBUG   (  171): Build fingerprint: 'asus/CN_K011/K011:4.4.2/KOT49H/CN_user_3.0.23.150_20140626:user/release-keys'
02-28 17:32:50.384 I/DEBUG   (  171): Revision: '0'
02-28 17:32:50.384 I/DEBUG   (  171): pid: 30910, tid: 30910, name: glgps  >>> /system/bin/glgps <<<
02-28 17:32:50.384 W/NativeCrashListener(  506): Couldn't find ProcessRecord for pid 30910
02-28 17:32:50.394 I/DEBUG   (  171): AM write failure (32 / Broken pipe)
02-28 17:32:50.394 I/DEBUG   (  171): signal 6 (SIGABRT), code -6 (SI_TKILL), fault addr --------
02-28 17:32:50.434 I/DEBUG   (  171):     eax 00000000  ebx 000078be  ecx 000078be  edx 00000006
02-28 17:32:50.434 I/DEBUG   (  171):     esi 0000006f  edi b76cebe8
02-28 17:32:50.434 I/DEBUG   (  171):     xcs 00000073  xds 0000007b  xes 0000007b  xfs 00000000  xss 0000007b
02-28 17:32:50.434 I/DEBUG   (  171):     eip b72a7ae6  ebp b76be110  esp bf9f5670  flags 00000207
02-28 17:32:50.434 I/DEBUG   (  171): 
02-28 17:32:50.434 I/DEBUG   (  171): backtrace:
02-28 17:32:50.434 I/DEBUG   (  171):     #00  pc 00048ae6  /system/lib/libc.so (tgkill+22)
02-28 17:32:50.434 I/DEBUG   (  171):     #01  pc 00000005  <unknown>
02-28 17:32:50.434 I/DEBUG   (  171): 
02-28 17:32:50.434 I/DEBUG   (  171): stack:
02-28 17:32:50.434 I/DEBUG   (  171):          bf9f5630  00000000  
02-28 17:32:50.434 I/DEBUG   (  171):          bf9f5634  00000000  
02-28 17:32:50.434 I/DEBUG   (  171):          bf9f5638  00000000  
02-28 17:32:50.434 I/DEBUG   (  171):          bf9f563c  00000000  
02-28 17:32:50.434 I/DEBUG   (  171):          bf9f5640  00001000  
02-28 17:32:50.434 I/DEBUG   (  171):          bf9f5644  b777bcac  /system/bin/glgps
02-28 17:32:50.434 I/DEBUG   (  171):          bf9f5648  00000053  
02-28 17:32:50.434 I/DEBUG   (  171):          bf9f564c  b72cc459  /system/lib/libc.so (__sflush+73)
02-28 17:32:50.434 I/DEBUG   (  171):          bf9f5650  00000001  
02-28 17:32:50.434 I/DEBUG   (  171):          bf9f5654  b9421080  [heap]
02-28 17:32:50.434 I/DEBUG   (  171):          bf9f5658  00000053  
02-28 17:32:50.434 I/DEBUG   (  171):          bf9f565c  b777bcac  /system/bin/glgps
02-28 17:32:50.434 I/DEBUG   (  171):          bf9f5660  b7321208  /system/lib/libc.so
02-28 17:32:50.434 I/DEBUG   (  171):          bf9f5664  00000000  
02-28 17:32:50.434 I/DEBUG   (  171):          bf9f5668  00000000  
02-28 17:32:50.434 I/DEBUG   (  171):          bf9f566c  000078be  
02-28 17:32:50.434 I/DEBUG   (  171):     #00  bf9f5670  00000006  
02-28 17:32:50.434 I/DEBUG   (  171):          bf9f5674  b777bcac  /system/bin/glgps
02-28 17:32:50.434 I/DEBUG   (  171):          bf9f5678  000078be  
02-28 17:32:50.434 I/DEBUG   (  171):          bf9f567c  b7287fba  /system/lib/libc.so (pthread_kill+90)
02-28 17:32:50.434 I/DEBUG   (  171):          bf9f5680  000078be  
02-28 17:32:50.434 I/DEBUG   (  171):          bf9f5684  000078be  
02-28 17:32:50.434 I/DEBUG   (  171):          bf9f5688  00000006  
02-28 17:32:50.434 I/DEBUG   (  171):          bf9f568c  bf9f56dc  [stack]
02-28 17:32:50.434 I/DEBUG   (  171):          bf9f5690  bf9f572c  [stack]
02-28 17:32:50.434 I/DEBUG   (  171):          bf9f5694  bf9f56dc  [stack]
02-28 17:32:50.434 I/DEBUG   (  171):          bf9f5698  bf9f572c  [stack]
02-28 17:32:50.434 I/DEBUG   (  171):          bf9f569c  b728830a  /system/lib/libc.so (raise+26)
02-28 17:32:50.434 I/DEBUG   (  171):          bf9f56a0  b7370040  
02-28 17:32:50.434 I/DEBUG   (  171):          bf9f56a4  00000006  
02-28 17:32:50.434 I/DEBUG   (  171):          bf9f56a8  ffff0208  
02-28 17:32:50.434 I/DEBUG   (  171):          bf9f56ac  b73963d8  /system/bin/glgps (broadcom::BrcmGpsHalGpioSysfs::ClearNstdbyPin()+8)
02-28 17:32:50.434 D/gpslogd (  506): IPC Connection closed by peer (GpsInterface)
02-28 17:32:50.434 I/BootReceiver(  506): Copying /data/tombstones/tombstone_03 to DropBox (SYSTEM_TOMBSTONE)
02-28 17:32:50.534 I/WifiHW  (  506): CMD: IFNAME=wlan0 SIGNAL_POLL
02-28 17:32:50.534 D/wpa_supplicant(  659): RX ctrl_iface - hexdump(len=11): 53 49 47 4e 41 4c 5f 50 4f 4c 4c
02-28 17:32:50.534 D/wpa_supplicant(  659): wlan0: Control interface command 'SIGNAL_POLL'
02-28 17:32:50.554 D/wpa_supplicant(  659): nl80211: survey data missing!
02-28 17:32:50.554 I/WifiHW  (  506): REPLY: RSSI=-54
02-28 17:32:50.554 I/WifiHW  (  506): REPLY: LINKSPEED=26
02-28 17:32:50.554 I/WifiHW  (  506): REPLY: NOISE=9999
02-28 17:32:50.554 I/WifiHW  (  506): REPLY: FREQUENCY=2437
02-28 17:32:51.214 D/gpslogd (  506): gps_stop: Waiting for IPC connection...
02-28 17:32:51.254 W/BindingManager(29939): Cannot call determinedVisibility() - never saw a connection for the pid: 29939
02-28 17:32:52.234 D/gpslogd (  506): gps_stop: Waiting for IPC connection - timeout
02-28 17:32:52.234 E/gpslogd (  506): LIBGPS: Cannot communicate (write) with a GPSD
02-28 17:32:52.234 E/gpslogd (  506): IPC Communication Error, /tmp/12894738_192204/customers/Asustek/ME176Candroid/../../../proprietary/deliverables/android/gps_interface/../gps_interface/gpsi_client/GpsiClient.cpp:789 gps_stop
02-28 17:32:52.234 V/CsmClient(  506): [2] csmStop called
02-28 17:32:52.234 W/CsmClient(  506): Calling start while there is no modem.
02-28 17:32:52.234 E/GpsLocationProvider(  506): CsmClient.startClient failed in startNavigating() 
02-28 17:32:52.234 E/GpsLocationProvider(  506): com.intel.cws.cwsservicemanager.CsmException: No modem.
02-28 17:32:52.234 E/GpsLocationProvider(  506): 	at com.intel.cws.cwsservicemanagerclient.CsmClient.start(CsmClient.java:244)
02-28 17:32:52.234 E/GpsLocationProvider(  506): 	at com.intel.cws.cwsservicemanagerclient.CsmClient.startAsync(CsmClient.java:314)
02-28 17:32:52.234 E/GpsLocationProvider(  506): 	at com.android.server.location.GpsLocationProvider.startNavigating(GpsLocationProvider.java:1221)
02-28 17:32:52.234 E/GpsLocationProvider(  506): 	at com.android.server.location.GpsLocationProvider.handleSetRequest(GpsLocationProvider.java:1043)
02-28 17:32:52.234 E/GpsLocationProvider(  506): 	at com.android.server.location.GpsLocationProvider.access$2800(GpsLocationProvider.java:110)
02-28 17:32:52.234 E/GpsLocationProvider(  506): 	at com.android.server.location.GpsLocationProvider$ProviderHandler.handleMessage(GpsLocationProvider.java:1942)
02-28 17:32:52.234 E/GpsLocationProvider(  506): 	at android.os.Handler.dispatchMessage(Handler.java:102)
02-28 17:32:52.234 E/GpsLocationProvider(  506): 	at android.os.Looper.loop(Looper.java:149)
02-28 17:32:52.234 E/GpsLocationProvider(  506): 	at android.os.HandlerThread.run(HandlerThread.java:61)
02-28 17:32:52.234 D/gpslogd (  506): gps_set_position_mode: Waiting for IPC connection...
02-28 17:32:53.234 D/gpslogd (  506): gps_set_position_mode: Waiting for IPC connection - timeout
02-28 17:32:53.234 E/gpslogd (  506): LIBGPS: Cannot communicate (write) with a GPSD
02-28 17:32:53.234 E/gpslogd (  506): IPC Communication Error, /tmp/12894738_192204/customers/Asustek/ME176Candroid/../../../proprietary/deliverables/android/gps_interface/../gps_interface/gpsi_client/GpsiClient.cpp:931 gps_set_position_mode
02-28 17:32:53.234 E/GpsLocationProvider(  506): set_position_mode failed in startNavigating()
02-28 17:32:53.244 W/CsmClient(  506): Calling start while there is no modem.
02-28 17:32:53.244 E/GpsLocationProvider(  506): CsmClient.startClient failed in startNavigating() 
02-28 17:32:53.244 E/GpsLocationProvider(  506): com.intel.cws.cwsservicemanager.CsmException: No modem.
02-28 17:32:53.244 E/GpsLocationProvider(  506): 	at com.intel.cws.cwsservicemanagerclient.CsmClient.start(CsmClient.java:244)
02-28 17:32:53.244 E/GpsLocationProvider(  506): 	at com.intel.cws.cwsservicemanagerclient.CsmClient.startAsync(CsmClient.java:314)
02-28 17:32:53.244 E/GpsLocationProvider(  506): 	at com.android.server.location.GpsLocationProvider.startNavigating(GpsLocationProvider.java:1221)
02-28 17:32:53.244 E/GpsLocationProvider(  506): 	at com.android.server.location.GpsLocationProvider.handleSetRequest(GpsLocationProvider.java:1043)
02-28 17:32:53.244 E/GpsLocationProvider(  506): 	at com.android.server.location.GpsLocationProvider.access$2800(GpsLocationProvider.java:110)
02-28 17:32:53.244 E/GpsLocationProvider(  506): 	at com.android.server.location.GpsLocationProvider$ProviderHandler.handleMessage(GpsLocationProvider.java:1942)
02-28 17:32:53.244 E/GpsLocationProvider(  506): 	at android.os.Handler.dispatchMessage(Handler.java:102)
02-28 17:32:53.244 E/GpsLocationProvider(  506): 	at android.os.Looper.loop(Looper.java:149)
02-28 17:32:53.244 E/GpsLocationProvider(  506): 	at android.os.HandlerThread.run(HandlerThread.java:61)
02-28 17:32:53.244 D/gpslogd (  506): gps_set_position_mode: Waiting for IPC connection...
02-28 17:32:53.354 D/EVENT_THREAD(  187): void CEventThread::run() POLLIN event on Fd (1)
02-28 17:32:53.354 D/EVENT_THREAD(  187): void CEventThread::run() Do poll with timeout: -1
02-28 17:32:53.354 I/upi_ug31xx(  167): (3101) update_capacity
02-28 17:32:53.354 I/[UPI]   (  167): <UG31/E>[UpiReadCapacity]: V=4215(4214), T=334(336-400), I=-330, C=-2(-2-0)
02-28 17:32:53.354 I/[UPI]   (  167): <UG31/E>[UpiReadCapacity]: (0x00802d5a) 3724 (3669) / 3822 (3822) = 97
02-28 17:32:53.354 I/[UPI]   (  167): <UG31/E>[UpiReadCapacity]: (0x00802d5a) 3724 (3669) / 3822 (3822) = 97
02-28 17:32:53.354 I/[UPI]   (  167): <UG31/E>[UpiReadCapacity]: (0x00802d5a) 3722 (3722) / 3822 (3822) = 97
02-28 17:32:53.354 I/[UPI]   (  167): <UG31/E>[RsocFilterCountTime]: (0x00802d5a) Step=0(30310), Full=0(30310), Lock=30310(1800000)
02-28 17:32:53.354 I/[UPI]   (  167): <UG31/E>[UpiReadCapacity]: (0x00802d5a) 3722 (3722) / 3822 (3822) = 97 (-330--330)
02-28 17:32:53.354 I/[UPI]   (  167): <UG31/E><BATT> M:normal, P:97(97-97)%, V:4214mV, C:-305mA, T:33.6C(400), S:0x00802d5a(100), R:3722mAh, F:3822mAh, Q:2869mAh, CC:3, P:30.310(101-0)s, BO:7, 97:615:0-44af-9m:B001-20140514-144301 (1)
02-28 17:32:53.354 D/EVENT_THREAD(  187): void CEventThread::run() POLLIN event on Fd (1)
02-28 17:32:53.354 D/EVENT_THREAD(  187): void CEventThread::run() Do poll with timeout: -1
02-28 17:32:53.354 I/upi_ug31xx(  167): (3102) backup_data write
02-28 17:32:53.354 V/upi_ug31xx(  167): state->check_backup_count = 15
02-28 17:32:53.354 I/[UPI]   (  167): <UG31/E>[upi_lib_backup_data]: Driver backup data not ready.
02-28 17:32:53.564 I/WifiHW  (  506): CMD: IFNAME=wlan0 SIGNAL_POLL
02-28 17:32:53.564 D/wpa_supplicant(  659): RX ctrl_iface - hexdump(len=11): 53 49 47 4e 41 4c 5f 50 4f 4c 4c
02-28 17:32:53.564 D/wpa_supplicant(  659): wlan0: Control interface command 'SIGNAL_POLL'
02-28 17:32:53.594 D/wpa_supplicant(  659): nl80211: survey data missing!
02-28 17:32:53.594 I/WifiHW  (  506): REPLY: RSSI=-56
02-28 17:32:53.594 I/WifiHW  (  506): REPLY: LINKSPEED=26
02-28 17:32:53.594 I/WifiHW  (  506): REPLY: NOISE=9999
02-28 17:32:53.594 I/WifiHW  (  506): REPLY: FREQUENCY=2437
02-28 17:32:54.254 D/gpslogd (  506): gps_set_position_mode: Waiting for IPC connection - timeout
02-28 17:32:54.254 E/gpslogd (  506): LIBGPS: Cannot communicate (write) with a GPSD
02-28 17:32:54.254 E/gpslogd (  506): IPC Communication Error, /tmp/12894738_192204/customers/Asustek/ME176Candroid/../../../proprietary/deliverables/android/gps_interface/../gps_interface/gpsi_client/GpsiClient.cpp:931 gps_set_position_mode
02-28 17:32:54.254 E/GpsLocationProvider(  506): set_position_mode failed in startNavigating()
02-28 17:32:54.254 D/BatteryStatsImpl(  506): noteStopWakeLocked system isFromForeground = false
02-28 17:32:54.464 D/gpsd    (30919): main()
02-28 17:32:54.464 D/gpsd    (30919): argv[0] = '/system/bin/glgps'
02-28 17:32:54.464 D/gpsd    (30919): argv[1] = '-c'
02-28 17:32:54.464 D/gpsd    (30919): argv[2] = '/system/etc/gpsconfig.xml'
02-28 17:32:54.464 D/gpslogd (  506): Restore last known position mode: 1, 0, 1000, 0, 0
02-28 17:32:54.464 D/GpsLocationProvider(  506): set_capabilities_callback: 6u
02-28 17:32:56.604 I/WifiHW  (  506): CMD: IFNAME=wlan0 SIGNAL_POLL
02-28 17:32:56.604 D/wpa_supplicant(  659): RX ctrl_iface - hexdump(len=11): 53 49 47 4e 41 4c 5f 50 4f 4c 4c
02-28 17:32:56.604 D/wpa_supplicant(  659): wlan0: Control interface command 'SIGNAL_POLL'
02-28 17:32:56.624 D/wpa_supplicant(  659): nl80211: survey data missing!
02-28 17:32:56.624 I/WifiHW  (  506): REPLY: RSSI=-55
02-28 17:32:56.624 I/WifiHW  (  506): REPLY: LINKSPEED=26
02-28 17:32:56.624 I/WifiHW  (  506): REPLY: NOISE=9999
02-28 17:32:56.624 I/WifiHW  (  506): REPLY: FREQUENCY=2437
02-28 17:32:59.634 I/WifiHW  (  506): CMD: IFNAME=wlan0 SIGNAL_POLL
02-28 17:32:59.634 D/wpa_supplicant(  659): RX ctrl_iface - hexdump(len=11): 53 49 47 4e 41 4c 5f 50 4f 4c 4c
02-28 17:32:59.634 D/wpa_supplicant(  659): wlan0: Control interface command 'SIGNAL_POLL'
02-28 17:32:59.664 D/wpa_supplicant(  659): nl80211: survey data missing!
02-28 17:32:59.664 I/WifiHW  (  506): REPLY: RSSI=-56
02-28 17:32:59.664 I/WifiHW  (  506): REPLY: LINKSPEED=26
02-28 17:32:59.664 I/WifiHW  (  506): REPLY: NOISE=9999
02-28 17:32:59.664 I/WifiHW  (  506): REPLY: FREQUENCY=2437
02-28 17:33:00.014 D/Clock   (  570): ACTION_TIME_TICK
02-28 17:33:00.014 D/Clock   (  570): update clock:下午5:33
02-28 17:33:00.024 D/BatteryStatsImpl(  506): noteStopWakeLocked system isFromForeground = false
02-28 17:33:02.674 I/WifiHW  (  506): CMD: IFNAME=wlan0 SIGNAL_POLL
02-28 17:33:02.674 D/wpa_supplicant(  659): RX ctrl_iface - hexdump(len=11): 53 49 47 4e 41 4c 5f 50 4f 4c 4c
02-28 17:33:02.674 D/wpa_supplicant(  659): wlan0: Control interface command 'SIGNAL_POLL'
02-28 17:33:02.704 D/wpa_supplicant(  659): nl80211: survey data missing!
02-28 17:33:02.704 I/WifiHW  (  506): REPLY: RSSI=-57
02-28 17:33:02.704 I/WifiHW  (  506): REPLY: LINKSPEED=26
02-28 17:33:02.704 I/WifiHW  (  506): REPLY: NOISE=9999
02-28 17:33:02.704 I/WifiHW  (  506): REPLY: FREQUENCY=2437
02-28 17:33:03.404 D/BatteryStatsImpl(  506): noteStopWakeLocked system isFromForeground = false
02-28 17:33:03.444 W/BindingManager(29939): Cannot call determinedVisibility() - never saw a connection for the pid: 29939
02-28 17:33:03.474 W/CsmClient(  506): Calling start while there is no modem.
02-28 17:33:03.474 E/GpsLocationProvider(  506): CsmClient.startClient failed in startNavigating() 
02-28 17:33:03.474 E/GpsLocationProvider(  506): com.intel.cws.cwsservicemanager.CsmException: No modem.
02-28 17:33:03.474 E/GpsLocationProvider(  506): 	at com.intel.cws.cwsservicemanagerclient.CsmClient.start(CsmClient.java:244)
02-28 17:33:03.474 E/GpsLocationProvider(  506): 	at com.intel.cws.cwsservicemanagerclient.CsmClient.startAsync(CsmClient.java:314)
02-28 17:33:03.474 E/GpsLocationProvider(  506): 	at com.android.server.location.GpsLocationProvider.startNavigating(GpsLocationProvider.java:1221)
02-28 17:33:03.474 E/GpsLocationProvider(  506): 	at com.android.server.location.GpsLocationProvider.handleSetRequest(GpsLocationProvider.java:1043)
02-28 17:33:03.474 E/GpsLocationProvider(  506): 	at com.android.server.location.GpsLocationProvider.access$2800(GpsLocationProvider.java:110)
02-28 17:33:03.474 E/GpsLocationProvider(  506): 	at com.android.server.location.GpsLocationProvider$ProviderHandler.handleMessage(GpsLocationProvider.java:1942)
02-28 17:33:03.474 E/GpsLocationProvider(  506): 	at android.os.Handler.dispatchMessage(Handler.java:102)
02-28 17:33:03.474 E/GpsLocationProvider(  506): 	at android.os.Looper.loop(Looper.java:149)
02-28 17:33:03.474 E/GpsLocationProvider(  506): 	at android.os.HandlerThread.run(HandlerThread.java:61)
02-28 17:33:03.484 V/CsmClient(  506): [2] csmStop called
02-28 17:33:03.484 W/CsmClient(  506): Calling start while there is no modem.
02-28 17:33:03.484 E/GpsLocationProvider(  506): CsmClient.startClient failed in startNavigating() 
02-28 17:33:03.484 E/GpsLocationProvider(  506): com.intel.cws.cwsservicemanager.CsmException: No modem.
02-28 17:33:03.484 E/GpsLocationProvider(  506): 	at com.intel.cws.cwsservicemanagerclient.CsmClient.start(CsmClient.java:244)
02-28 17:33:03.484 E/GpsLocationProvider(  506): 	at com.intel.cws.cwsservicemanagerclient.CsmClient.startAsync(CsmClient.java:314)
02-28 17:33:03.484 E/GpsLocationProvider(  506): 	at com.android.server.location.GpsLocationProvider.startNavigating(GpsLocationProvider.java:1221)
02-28 17:33:03.484 E/GpsLocationProvider(  506): 	at com.android.server.location.GpsLocationProvider.handleSetRequest(GpsLocationProvider.java:1043)
02-28 17:33:03.484 E/GpsLocationProvider(  506): 	at com.android.server.location.GpsLocationProvider.access$2800(GpsLocationProvider.java:110)
02-28 17:33:03.484 E/GpsLocationProvider(  506): 	at com.android.server.location.GpsLocationProvider$ProviderHandler.handleMessage(GpsLocationProvider.java:1942)
02-28 17:33:03.484 E/GpsLocationProvider(  506): 	at android.os.Handler.dispatchMessage(Handler.java:102)
02-28 17:33:03.484 E/GpsLocationProvider(  506): 	at android.os.Looper.loop(Looper.java:149)
02-28 17:33:03.484 E/GpsLocationProvider(  506): 	at android.os.HandlerThread.run(HandlerThread.java:61)
02-28 17:33:03.484 D/BatteryStatsImpl(  506): noteStopWakeLocked system isFromForeground = false
02-28 17:33:03.604 D/gpslogd (30919): CALL_SENTRY: GlEngine::OnStart took 121 ms (from28705280 to 28705401) (log=0,0,0), start: 17:33:03.489
02-28 17:33:03.604 E/gpslogd (30919): ASSERT in /tmp/12894738_192204/customers/Asustek/ME176Candroid/../../../proprietary/deliverables/android/gps_interface/../gpsd/common/GlGpsdInterface.cpp:868: GL_STOP_HW_PANIC
02-28 17:33:03.604 F/libc    (30919): Fatal signal 6 (SIGABRT), thread 30919 (glgps)
02-28 17:33:03.704 I/DEBUG   (  171): *** *** *** *** *** *** *** *** *** *** *** *** *** *** *** ***
02-28 17:33:03.704 I/DEBUG   (  171): Build fingerprint: 'asus/CN_K011/K011:4.4.2/KOT49H/CN_user_3.0.23.150_20140626:user/release-keys'
02-28 17:33:03.704 I/DEBUG   (  171): Revision: '0'
02-28 17:33:03.704 I/DEBUG   (  171): pid: 30919, tid: 30919, name: glgps  >>> /system/bin/glgps <<<
02-28 17:33:03.704 I/DEBUG   (  171): AM write failure (32 / Broken pipe)
02-28 17:33:03.704 I/DEBUG   (  171): signal 6 (SIGABRT), code -6 (SI_TKILL), fault addr --------
02-28 17:33:03.704 W/NativeCrashListener(  506): Couldn't find ProcessRecord for pid 30919
02-28 17:33:03.744 I/DEBUG   (  171):     eax 00000000  ebx 000078c7  ecx 000078c7  edx 00000006
02-28 17:33:03.744 I/DEBUG   (  171):     esi 0000006f  edi b7747be8
02-28 17:33:03.744 I/DEBUG   (  171):     xcs 00000073  xds 0000007b  xes 0000007b  xfs 00000000  xss 0000007b
02-28 17:33:03.744 I/DEBUG   (  171):     eip b7320ae6  ebp b7737110  esp bfd92460  flags 00000207
02-28 17:33:03.744 I/DEBUG   (  171): 
02-28 17:33:03.744 I/DEBUG   (  171): backtrace:
02-28 17:33:03.744 I/DEBUG   (  171):     #00  pc 00048ae6  /system/lib/libc.so (tgkill+22)
02-28 17:33:03.744 I/DEBUG   (  171):     #01  pc 00000005  <unknown>
02-28 17:33:03.744 I/DEBUG   (  171): 
02-28 17:33:03.744 I/DEBUG   (  171): stack:
02-28 17:33:03.744 I/DEBUG   (  171):          bfd92420  00000000  
02-28 17:33:03.744 I/DEBUG   (  171):          bfd92424  00000000  
02-28 17:33:03.744 I/DEBUG   (  171):          bfd92428  00000000  
02-28 17:33:03.744 I/DEBUG   (  171):          bfd9242c  00000000  
02-28 17:33:03.744 I/DEBUG   (  171):          bfd92430  00000000  
02-28 17:33:03.744 I/DEBUG   (  171):          bfd92434  00000000  
02-28 17:33:03.744 I/DEBUG   (  171):          bfd92438  00000000  
02-28 17:33:03.744 I/DEBUG   (  171):          bfd9243c  00000000  
02-28 17:33:03.744 I/DEBUG   (  171):          bfd92440  00000001  
02-28 17:33:03.744 I/DEBUG   (  171):          bfd92444  b8ceb080  [heap]
02-28 17:33:03.744 I/DEBUG   (  171):          bfd92448  00000053  
02-28 17:33:03.744 I/DEBUG   (  171):          bfd9244c  b77f4cac  /system/bin/glgps
02-28 17:33:03.744 I/DEBUG   (  171):          bfd92450  b739a208  /system/lib/libc.so
02-28 17:33:03.744 I/DEBUG   (  171):          bfd92454  00000000  
02-28 17:33:03.744 I/DEBUG   (  171):          bfd92458  00000000  
02-28 17:33:03.744 I/DEBUG   (  171):          bfd9245c  000078c7  
02-28 17:33:03.744 I/DEBUG   (  171):     #00  bfd92460  00000006  
02-28 17:33:03.744 I/DEBUG   (  171):          bfd92464  b77f4cac  /system/bin/glgps
02-28 17:33:03.744 I/DEBUG   (  171):          bfd92468  000078c7  
02-28 17:33:03.744 I/DEBUG   (  171):          bfd9246c  b7300fba  /system/lib/libc.so (pthread_kill+90)
02-28 17:33:03.744 I/DEBUG   (  171):          bfd92470  000078c7  
02-28 17:33:03.744 I/DEBUG   (  171):          bfd92474  000078c7  
02-28 17:33:03.744 I/DEBUG   (  171):          bfd92478  00000006  
02-28 17:33:03.744 I/DEBUG   (  171):          bfd9247c  bfd924cc  [stack]
02-28 17:33:03.744 I/DEBUG   (  171):          bfd92480  bfd9251c  [stack]
02-28 17:33:03.744 I/DEBUG   (  171):          bfd92484  bfd924cc  [stack]
02-28 17:33:03.744 I/DEBUG   (  171):          bfd92488  bfd9251c  [stack]
02-28 17:33:03.744 I/DEBUG   (  171):          bfd9248c  b730130a  /system/lib/libc.so (raise+26)
02-28 17:33:03.744 I/DEBUG   (  171):          bfd92490  b73e9040  
02-28 17:33:03.744 I/DEBUG   (  171):          bfd92494  00000006  
02-28 17:33:03.744 I/DEBUG   (  171):          bfd92498  ffff0208  
02-28 17:33:03.744 I/DEBUG   (  171):          bfd9249c  b740f3d8  /system/bin/glgps (broadcom::BrcmGpsHalGpioSysfs::ClearNstdbyPin()+8)
02-28 17:33:03.754 D/gpslogd (  506): IPC Connection closed by peer (GpsInterface)
02-28 17:33:03.754 I/BootReceiver(  506): Copying /data/tombstones/tombstone_04 to DropBox (SYSTEM_TOMBSTONE)
02-28 17:33:03.764 D/gpsd    (30932): main()
02-28 17:33:03.764 D/gpsd    (30932): argv[0] = '/system/bin/glgps'
02-28 17:33:03.764 D/gpsd    (30932): argv[1] = '-c'
02-28 17:33:03.764 D/gpsd    (30932): argv[2] = '/system/etc/gpsconfig.xml'
02-28 17:33:03.764 D/gpslogd (  506): Restore last known position mode: 1, 0, 1000, 0, 0
02-28 17:33:03.764 D/gpslogd (  506): Restore last known GPS state: GPS ON
02-28 17:33:03.884 D/gpslogd (30932): CALL_SENTRY: GlEngine::OnStart took 120 ms (from28705564 to 28705684) (log=0,0,0), start: 17:33:03.773
02-28 17:33:03.884 E/gpslogd (30932): ASSERT in /tmp/12894738_192204/customers/Asustek/ME176Candroid/../../../proprietary/deliverables/android/gps_interface/../gpsd/common/GlGpsdInterface.cpp:868: GL_STOP_HW_PANIC
02-28 17:33:03.884 F/libc    (30932): Fatal signal 6 (SIGABRT), thread 30932 (glgps)
02-28 17:33:03.984 I/DEBUG   (  171): *** *** *** *** *** *** *** *** *** *** *** *** *** *** *** ***
02-28 17:33:03.984 I/DEBUG   (  171): Build fingerprint: 'asus/CN_K011/K011:4.4.2/KOT49H/CN_user_3.0.23.150_20140626:user/release-keys'
02-28 17:33:03.984 I/DEBUG   (  171): Revision: '0'
02-28 17:33:03.984 I/DEBUG   (  171): pid: 30932, tid: 30932, name: glgps  >>> /system/bin/glgps <<<
02-28 17:33:03.984 I/DEBUG   (  171): AM write failure (32 / Broken pipe)
02-28 17:33:03.984 I/DEBUG   (  171): signal 6 (SIGABRT), code -6 (SI_TKILL), fault addr --------
02-28 17:33:03.984 W/NativeCrashListener(  506): Couldn't find ProcessRecord for pid 30932
02-28 17:33:04.004 I/DEBUG   (  171):     eax 00000000  ebx 000078d4  ecx 000078d4  edx 00000006
02-28 17:33:04.004 I/DEBUG   (  171):     esi 0000006f  edi b7721be8
02-28 17:33:04.004 I/DEBUG   (  171):     xcs 00000073  xds 0000007b  xes 0000007b  xfs 00000000  xss 0000007b
02-28 17:33:04.004 I/DEBUG   (  171):     eip b72faae6  ebp b7711110  esp bfed03a0  flags 00000203
02-28 17:33:04.004 I/DEBUG   (  171): 
02-28 17:33:04.004 I/DEBUG   (  171): backtrace:
02-28 17:33:04.004 I/DEBUG   (  171):     #00  pc 00048ae6  /system/lib/libc.so (tgkill+22)
02-28 17:33:04.004 I/DEBUG   (  171):     #01  pc 00000005  <unknown>
02-28 17:33:04.004 I/DEBUG   (  171): 
02-28 17:33:04.004 I/DEBUG   (  171): stack:
02-28 17:33:04.004 I/DEBUG   (  171):          bfed0360  00000000  
02-28 17:33:04.004 I/DEBUG   (  171):          bfed0364  00000000  
02-28 17:33:04.004 I/DEBUG   (  171):          bfed0368  00000000  
02-28 17:33:04.004 I/DEBUG   (  171):          bfed036c  00000000  
02-28 17:33:04.004 I/DEBUG   (  171):          bfed0370  00000000  
02-28 17:33:04.004 I/DEBUG   (  171):          bfed0374  00000000  
02-28 17:33:04.004 I/DEBUG   (  171):          bfed0378  00000000  
02-28 17:33:04.004 I/DEBUG   (  171):          bfed037c  00000000  
02-28 17:33:04.004 I/DEBUG   (  171):          bfed0380  00000001  
02-28 17:33:04.004 I/DEBUG   (  171):          bfed0384  b7b9d080  [heap]
02-28 17:33:04.004 I/DEBUG   (  171):          bfed0388  00000053  
02-28 17:33:04.004 I/DEBUG   (  171):          bfed038c  b77cecac  /system/bin/glgps
02-28 17:33:04.004 I/DEBUG   (  171):          bfed0390  b7374208  /system/lib/libc.so
02-28 17:33:04.004 I/DEBUG   (  171):          bfed0394  00000000  
02-28 17:33:04.004 I/DEBUG   (  171):          bfed0398  00000000  
02-28 17:33:04.004 I/DEBUG   (  171):          bfed039c  000078d4  
02-28 17:33:04.004 I/DEBUG   (  171):     #00  bfed03a0  00000006  
02-28 17:33:04.004 I/DEBUG   (  171):          bfed03a4  b77cecac  /system/bin/glgps
02-28 17:33:04.004 I/DEBUG   (  171):          bfed03a8  000078d4  
02-28 17:33:04.004 I/DEBUG   (  171):          bfed03ac  b72dafba  /system/lib/libc.so (pthread_kill+90)
02-28 17:33:04.004 I/DEBUG   (  171):          bfed03b0  000078d4  
02-28 17:33:04.004 I/DEBUG   (  171):          bfed03b4  000078d4  
02-28 17:33:04.004 I/DEBUG   (  171):          bfed03b8  00000006  
02-28 17:33:04.004 I/DEBUG   (  171):          bfed03bc  bfed040c  [stack]
02-28 17:33:04.004 I/DEBUG   (  171):          bfed03c0  bfed045c  [stack]
02-28 17:33:04.004 I/DEBUG   (  171):          bfed03c4  bfed040c  [stack]
02-28 17:33:04.004 I/DEBUG   (  171):          bfed03c8  bfed045c  [stack]
02-28 17:33:04.004 I/DEBUG   (  171):          bfed03cc  b72db30a  /system/lib/libc.so (raise+26)
02-28 17:33:04.004 I/DEBUG   (  171):          bfed03d0  b73c3040  
02-28 17:33:04.004 I/DEBUG   (  171):          bfed03d4  00000006  
02-28 17:33:04.004 I/DEBUG   (  171):          bfed03d8  ffff0208  
02-28 17:33:04.004 I/DEBUG   (  171):          bfed03dc  b73e93d8  /system/bin/glgps (broadcom::BrcmGpsHalGpioSysfs::ClearNstdbyPin()+8)
02-28 17:33:04.014 D/gpslogd (  506): IPC Connection closed by peer (GpsInterface)
02-28 17:33:04.014 I/BootReceiver(  506): Copying /data/tombstones/tombstone_05 to DropBox (SYSTEM_TOMBSTONE)
02-28 17:33:05.714 I/WifiHW  (  506): CMD: IFNAME=wlan0 SIGNAL_POLL
02-28 17:33:05.714 D/wpa_supplicant(  659): RX ctrl_iface - hexdump(len=11): 53 49 47 4e 41 4c 5f 50 4f 4c 4c
02-28 17:33:05.714 D/wpa_supplicant(  659): wlan0: Control interface command 'SIGNAL_POLL'
02-28 17:33:05.744 D/wpa_supplicant(  659): nl80211: survey data missing!
02-28 17:33:05.744 I/WifiHW  (  506): REPLY: RSSI=-56
02-28 17:33:05.744 I/WifiHW  (  506): REPLY: LINKSPEED=26
02-28 17:33:05.744 I/WifiHW  (  506): REPLY: NOISE=9999
02-28 17:33:05.744 I/WifiHW  (  506): REPLY: FREQUENCY=2437
02-28 17:33:08.754 I/WifiHW  (  506): CMD: IFNAME=wlan0 SIGNAL_POLL
02-28 17:33:08.754 D/wpa_supplicant(  659): RX ctrl_iface - hexdump(len=11): 53 49 47 4e 41 4c 5f 50 4f 4c 4c
02-28 17:33:08.754 D/wpa_supplicant(  659): wlan0: Control interface command 'SIGNAL_POLL'
02-28 17:33:08.784 D/wpa_supplicant(  659): nl80211: survey data missing!
02-28 17:33:08.784 I/WifiHW  (  506): REPLY: RSSI=-59
02-28 17:33:08.784 I/WifiHW  (  506): REPLY: LINKSPEED=26
02-28 17:33:08.784 I/WifiHW  (  506): REPLY: NOISE=9999
02-28 17:33:08.784 I/WifiHW  (  506): REPLY: FREQUENCY=2437
02-28 17:33:09.044 D/gpsd    (30938): main()
02-28 17:33:09.044 D/gpsd    (30938): argv[0] = '/system/bin/glgps'
02-28 17:33:09.044 D/gpsd    (30938): argv[1] = '-c'
02-28 17:33:09.044 D/gpsd    (30938): argv[2] = '/system/etc/gpsconfig.xml'
02-28 17:33:09.064 D/gpslogd (  506): Restore last known position mode: 1, 0, 1000, 0, 0
02-28 17:33:09.064 D/gpslogd (  506): Restore last known GPS state: GPS ON
02-28 17:33:09.064 D/GpsLocationProvider(  506): set_capabilities_callback: 6u
02-28 17:33:09.194 D/gpslogd (30938): CALL_SENTRY: GlEngine::OnStart took 121 ms (from28710867 to 28710988) (log=0,0,0), start: 17:33:09.076
02-28 17:33:09.194 E/gpslogd (30938): ASSERT in /tmp/12894738_192204/customers/Asustek/ME176Candroid/../../../proprietary/deliverables/android/gps_interface/../gpsd/common/GlGpsdInterface.cpp:868: GL_STOP_HW_PANIC
02-28 17:33:09.194 F/libc    (30938): Fatal signal 6 (SIGABRT), thread 30938 (glgps)
02-28 17:33:09.244 I/DEBUG   (  171): *** *** *** *** *** *** *** *** *** *** *** *** *** *** *** ***
02-28 17:33:09.244 I/DEBUG   (  171): Build fingerprint: 'asus/CN_K011/K011:4.4.2/KOT49H/CN_user_3.0.23.150_20140626:user/release-keys'
02-28 17:33:09.244 I/DEBUG   (  171): Revision: '0'
02-28 17:33:09.244 I/DEBUG   (  171): pid: 30938, tid: 30938, name: glgps  >>> /system/bin/glgps <<<
02-28 17:33:09.244 I/DEBUG   (  171): AM write failure (32 / Broken pipe)
02-28 17:33:09.244 I/DEBUG   (  171): signal 6 (SIGABRT), code -6 (SI_TKILL), fault addr --------
02-28 17:33:09.244 W/NativeCrashListener(  506): Couldn't find ProcessRecord for pid 30938
02-28 17:33:09.284 I/DEBUG   (  171):     eax 00000000  ebx 000078da  ecx 000078da  edx 00000006
02-28 17:33:09.284 I/DEBUG   (  171):     esi 0000006f  edi b76a9be8
02-28 17:33:09.284 I/DEBUG   (  171):     xcs 00000073  xds 0000007b  xes 0000007b  xfs 00000000  xss 0000007b
02-28 17:33:09.284 I/DEBUG   (  171):     eip b7282ae6  ebp b7699110  esp bfae9de0  flags 00000203
02-28 17:33:09.284 I/DEBUG   (  171): 
02-28 17:33:09.284 I/DEBUG   (  171): backtrace:
02-28 17:33:09.284 I/DEBUG   (  171):     #00  pc 00048ae6  /system/lib/libc.so (tgkill+22)
02-28 17:33:09.284 I/DEBUG   (  171):     #01  pc 00000005  <unknown>
02-28 17:33:09.284 I/DEBUG   (  171): 
02-28 17:33:09.284 I/DEBUG   (  171): stack:
02-28 17:33:09.284 I/DEBUG   (  171):          bfae9da0  00000000  
02-28 17:33:09.284 I/DEBUG   (  171):          bfae9da4  00000000  
02-28 17:33:09.284 I/DEBUG   (  171):          bfae9da8  00000000  
02-28 17:33:09.284 I/DEBUG   (  171):          bfae9dac  00000000  
02-28 17:33:09.284 I/DEBUG   (  171):          bfae9db0  00000000  
02-28 17:33:09.284 I/DEBUG   (  171):          bfa