02-28 18:02:17.154 I/WifiHW  (  506): REPLY: ====
02-28 18:02:17.154 I/WifiHW  (  506): REPLY: id=193
02-28 18:02:17.154 I/WifiHW  (  506): REPLY: bssid=10:c3:7b:d2:e5:e0
02-28 18:02:17.154 I/WifiHW  (  506): REPLY: freq=2462
02-28 18:02:17.154 I/WifiHW  (  506): REPLY: level=-58
02-28 18:02:17.154 I/WifiHW  (  506): REPLY: tsf=0000030458922978
02-28 18:02:17.154 I/WifiHW  (  506): REPLY: flags=[WPA2-PSK-CCMP][WPS][ESS]
02-28 18:02:17.154 I/WifiHW  (  506): REPLY: ssid=ASUS_RT-AC66U-2.4G
02-28 18:02:17.154 I/WifiHW  (  506): REPLY: ====
02-28 18:02:17.154 I/WifiHW  (  506): REPLY: id=205
02-28 18:02:17.154 I/WifiHW  (  506): REPLY: bssid=50:bd:5f:4b:29:92
02-28 18:02:17.154 I/WifiHW  (  506): REPLY: freq=2437
02-28 18:02:17.154 I/WifiHW  (  506): REPLY: level=-64
02-28 18:02:17.154 I/WifiHW  (  506): REPLY: tsf=0000030417725139
02-28 18:02:17.154 I/WifiHW  (  506): REPLY: flags=[ESS]
02-28 18:02:17.154 I/WifiHW  (  506): REPLY: ssid=Internet-2
02-28 18:02:17.154 I/WifiHW  (  506): REPLY: ====
02-28 18:02:17.154 I/WifiHW  (  506): REPLY: id=207
02-28 18:02:17.154 I/WifiHW  (  506): REPLY: bssid=e4:d3:32:c0:cf:a4
02-28 18:02:17.154 I/WifiHW  (  506): REPLY: freq=2437
02-28 18:02:17.154 I/WifiHW  (  506): REPLY: level=-70
02-28 18:02:17.154 I/WifiHW  (  506): REPLY: tsf=0000030458922884
02-28 18:02:17.154 I/WifiHW  (  506): REPLY: flags=[WPA2-PSK-CCMP][ESS]
02-28 18:02:17.154 I/WifiHW  (  506): REPLY: ssid=fast
02-28 18:02:17.154 I/WifiHW  (  506): REPLY: ====
02-28 18:02:17.154 I/WifiHW  (  506): REPLY: id=217
02-28 18:02:17.154 I/WifiHW  (  506): REPLY: bssid=7a:24:af:1e:df:58
02-28 18:02:17.154 I/WifiHW  (  506): REPLY: freq=2412
02-28 18:02:17.154 I/WifiHW  (  506): REPLY: level=-50
02-28 18:02:17.154 I/WifiHW  (  506): REPLY: tsf=0000030458922954
02-28 18:02:17.154 I/WifiHW  (  506): REPLY: flags=[WEP]
02-28 18:02:17.154 I/WifiHW  (  506): REPLY: ssid=DIRECT-
02-28 18:02:17.154 I/WifiHW  (  506): REPLY: ====
02-28 18:02:17.154 I/WifiHW  (  506): REPLY: id=218
02-28 18:02:17.154 I/WifiHW  (  506): REPLY: bssid=02:1a:11:f8:2f:eb
02-28 18:02:17.154 I/WifiHW  (  506): REPLY: freq=2437
02-28 18:02:17.154 I/WifiHW  (  506): REPLY: level=-71
02-28 18:02:17.154 I/WifiHW  (  506): REPLY: tsf=0000030458922867
02-28 18:02:17.154 I/WifiHW  (  506): REPLY: flags=[WPA2-PSK-CCMP][ESS]
02-28 18:02:17.154 I/WifiHW  (  506): REPLY: ssid=io1
02-28 18:02:17.154 I/WifiHW  (  506): REPLY: ====
02-28 18:02:17.154 I/WifiHW  (  506): REPLY: id=229
02-28 18:02:17.154 I/WifiHW  (  506): REPLY: bssid=90:94:e4:03:45:f5
02-28 18:02:17.154 I/WifiHW  (  506): REPLY: freq=2442
02-28 18:02:17.154 I/WifiHW  (  506): REPLY: level=-63
02-28 18:02:17.154 I/WifiHW  (  506): REPLY: tsf=0000030458922909
02-28 18:02:17.154 I/WifiHW  (  506): REPLY: flags=[WPA2-PSK-CCMP+TKIP][ESS]
02-28 18:02:17.154 I/WifiHW  (  506): REPLY: ssid=DAP-2553_D
02-28 18:02:17.154 I/WifiHW  (  506): REPLY: ====
02-28 18:02:17.154 I/WifiHW  (  506): REPLY: id=231
02-28 18:02:17.154 I/WifiHW  (  506): REPLY: bssid=00:0f:e2:0f:9f:c1
02-28 18:02:17.154 I/WifiHW  (  506): REPLY: freq=2462
02-28 18:02:17.154 I/WifiHW  (  506): REPLY: level=-80
02-28 18:02:17.154 I/WifiHW  (  506): REPLY: tsf=0000030458923001
02-28 18:02:17.154 I/WifiHW  (  506): REPLY: flags=[WPA-PSK-CCMP+TKIP][WPA2-PSK-CCMP+TKIP][ESS]
02-28 18:02:17.154 I/WifiHW  (  506): REPLY: ssid=321_WAN
02-28 18:02:17.154 I/WifiHW  (  506): REPLY: ====
02-28 18:02:17.154 I/WifiHW  (  506): REPLY: id=232
02-28 18:02:17.154 I/WifiHW  (  506): REPLY: bssid=e4:d3:32:dd:18:62
02-28 18:02:17.154 I/WifiHW  (  506): REPLY: freq=2437
02-28 18:02:17.154 I/WifiHW  (  506): REPLY: level=-85
02-28 18:02:17.154 I/WifiHW  (  506): REPLY: tsf=0000030458922876
02-28 18:02:17.154 I/WifiHW  (  506): REPLY: flags=[ESS]
02-28 18:02:17.154 I/WifiHW  (  506): REPLY: ssid=Internet
02-28 18:02:17.154 I/WifiHW  (  506): REPLY: ====
02-28 18:02:17.154 I/WifiHW  (  506): REPLY: id=235
02-28 18:02:17.154 I/WifiHW  (  506): REPLY: bssid=c0:a0:bb:20:3b:84
02-28 18:02:17.154 I/WifiHW  (  506): REPLY: freq=2417
02-28 18:02:17.154 I/WifiHW  (  506): REPLY: level=-78
02-28 18:02:17.154 I/WifiHW  (  506): REPLY: tsf=0000030458922834
02-28 18:02:17.154 I/WifiHW  (  506): REPLY: flags=[WPA-PSK-CCMP+TKIP][WPA2-PSK-CCMP+TKIP][WPS][ESS]
02-28 18:02:17.154 I/WifiHW  (  506): REPLY: ssid=dlink-3B84
02-28 18:02:17.154 I/WifiHW  (  506): REPLY: ====
02-28 18:02:17.154 I/WifiHW  (  506): REPLY: id=238
02-28 18:02:17.154 I/WifiHW  (  506): REPLY: bssid=e4:d3:32:36:2e:54
02-28 18:02:17.154 I/WifiHW  (  506): REPLY: freq=2472
02-28 18:02:17.154 I/WifiHW  (  506): REPLY: level=-67
02-28 18:02:17.154 I/WifiHW  (  506): REPLY: tsf=0000030417725241
02-28 18:02:17.154 I/WifiHW  (  506): REPLY: flags=[WPA-PSK-CCMP+TKIP][WPA2-PSK-CCMP+TKIP][WPS][ESS]
02-28 18:02:17.154 I/WifiHW  (  506): REPLY: ssid=otc
02-28 18:02:17.154 I/WifiHW  (  506): REPLY: ====
02-28 18:02:17.154 I/WifiHW  (  506): REPLY: id=239
02-28 18:02:17.154 I/WifiHW  (  506): REPLY: bssid=b0:48:7a:51:ff:cc
02-28 18:02:17.154 I/WifiHW  (  506): REPLY: freq=2452
02-28 18:02:17.154 I/WifiHW  (  506): REPLY: level=-63
02-28 18:02:17.154 I/WifiHW  (  506): REPLY: tsf=0000030458922927
02-28 18:02:17.154 I/WifiHW  (  506): REPLY: flags=[WPA-PSK-CCMP][WPA2-PSK-CCMP][WPS][ESS]
02-28 18:02:17.154 I/WifiHW  (  506): REPLY: ssid=Neusoft TP
02-28 18:02:17.154 I/WifiHW  (  506): REPLY: ====
02-28 18:02:17.154 I/WifiHW  (  506): REPLY: id=240
02-28 18:02:17.154 I/WifiHW  (  506): REPLY: bssid=14:d6:4d:28:ef:c8
02-28 18:02:17.154 I/WifiHW  (  506): REPLY: freq=2437
02-28 18:02:17.154 I/WifiHW  (  506): REPLY: level=-80
02-28 18:02:17.154 I/WifiHW  (  506): REPLY: tsf=0000030458922918
02-28 18:02:17.154 I/WifiHW  (  506): REPLY: flags=[WPA2-PSK-CCMP][WPS][ESS]
02-28 18:02:17.154 I/WifiHW  (  506): REPLY: ssid=dlink
02-28 18:02:17.154 I/WifiHW  (  506): REPLY: ====
02-28 18:02:17.154 I/WifiHW  (  506): REPLY: id=241
02-28 18:02:17.154 I/WifiHW  (  506): REPLY: bssid=24:05:0f:2e:8a:21
02-28 18:02:17.154 I/WifiHW  (  506): REPLY: freq=2462
02-28 18:02:17.154 I/WifiHW  (  506): REPLY: level=-87
02-28 18:02:17.154 I/WifiHW  (  506): REPLY: tsf=0000030458923010
02-28 18:02:17.154 I/WifiHW  (  506): REPLY: flags=[WPA-PSK-CCMP][WPA2-PSK-CCMP][ESS]
02-28 18:02:17.154 I/WifiHW  (  506): REPLY: ssid=Online_360_m
02-28 18:02:17.154 I/WifiHW  (  506): REPLY: ####
02-28 18:02:19.254 D/AndroidRuntime( 8441): 
02-28 18:02:19.254 D/AndroidRuntime( 8441): >>>>>> AndroidRuntime START com.android.internal.os.RuntimeInit <<<<<<
02-28 18:02:19.254 D/AndroidRuntime( 8441): CheckJNI is OFF
02-28 18:02:19.254 I/AndroidRuntime( 8441): Kernel Release Version: 3.10.20-gf818079
02-28 18:02:19.254 I/dalvikvm( 8441): No library specified. The standard exception handler will be used
02-28 18:02:19.264 I/dalvikvm( 8441): 
02-28 18:02:19.264 I/dalvikvm( 8441): +++++++++++++ Using PCG. +++++++++++++++++++++
02-28 18:02:19.264 D/dalvikvm( 8441): Trying to load lib libjavacore.so 0x0
02-28 18:02:19.264 D/dalvikvm( 8441): Added shared lib libjavacore.so 0x0
02-28 18:02:19.274 D/dalvikvm( 8441): Trying to load lib libnativehelper.so 0x0
02-28 18:02:19.274 D/dalvikvm( 8441): Added shared lib libnativehelper.so 0x0
02-28 18:02:19.274 D/dalvikvm( 8441): No JNI_OnLoad found in libnativehelper.so 0x0, skipping init
02-28 18:02:19.274 D/dalvikvm( 8441): Extra Options: not specified
02-28 18:02:19.284 D/dalvikvm( 8441): Note: class Landroid/app/ActivityManagerNative; has 186 unimplemented (abstract) methods
02-28 18:02:19.354 E/memtrack( 8441): Couldn't load memtrack module (No such file or directory)
02-28 18:02:19.354 E/android.os.Debug( 8441): failed to load memtrack module: -2
02-28 18:02:19.394 D/AndroidRuntime( 8441): Calling main entry com.android.commands.am.Am
02-28 18:02:19.414 I/ActivityManager(  506): Force stopping org.xwalk.webapi_service_tests appid=10350 user=0: from pid 8441
02-28 18:02:19.414 I/ActivityManager(  506): Killing 7508:org.xwalk.webapi_service_tests/u0a350 (adj 7): stop org.xwalk.webapi_service_tests
02-28 18:02:19.424 I/SecurityManagerService(  621): SMS received security event: App[STOP/org.xwalk.webapi_service_tests]
02-28 18:02:19.434 D/AndroidRuntime( 8441): Shutting down VM
02-28 18:02:19.434 D/dalvikvm( 8441): GC_CONCURRENT freed 112K, 16% free 666K/792K, paused 0ms+0ms, total 1ms
02-28 18:02:19.434 I/ActivityManager(  506):   Force finishing activity ActivityRecord{220a0a70 u0 org.xwalk.webapi_service_tests/.WebapiServiceTestsActivity t119}
02-28 18:02:19.444 D/dalvikvm( 8441): Compiler shutdown in progress - discarding request
02-28 18:02:19.444 D/dalvikvm( 8441): Compiler shutdown in progress - discarding request
02-28 18:02:19.444 D/dalvikvm( 8441): Compiler shutdown in progress - discarding request
02-28 18:02:19.444 D/dalvikvm( 8441): Compiler shutdown in progress - discarding request
02-28 18:02:19.444 D/dalvikvm( 8441): Compiler shutdown in progress - discarding request
02-28 18:02:19.444 D/dalvikvm( 8441): Compiler shutdown in progress - discarding request
02-28 18:02:19.444 D/dalvikvm( 8441): Compiler shutdown in progress - discarding request
02-28 18:02:19.444 D/dalvikvm( 8441): Compiler shutdown in progress - discarding request
02-28 18:02:19.444 D/dalvikvm( 8441): Compiler shutdown in progress - discarding request
02-28 18:02:19.444 D/dalvikvm( 8441): Compiler shutdown in progress - discarding request
02-28 18:02:19.444 D/dalvikvm( 8441): Compiler shutdown in progress - discarding request
02-28 18:02:19.444 D/dalvikvm( 8441): Compiler shutdown in progress - discarding request
02-28 18:02:19.444 D/dalvikvm( 8441): Compiler shutdown in progress - discarding request
02-28 18:02:19.444 D/dalvikvm( 8441): Compiler shutdown in progress - discarding request
02-28 18:02:19.444 D/dalvikvm( 8441): Compiler shutdown in progress - discarding request
02-28 18:02:19.444 D/dalvikvm( 8441): Compiler shutdown in progress - discarding request
02-28 18:02:19.444 D/dalvikvm( 8441): Compiler shutdown in progress - discarding request
02-28 18:02:19.444 D/dalvikvm( 8441): Compiler shutdown in progress - discarding request
02-28 18:02:19.444 D/dalvikvm( 8441): Compiler shutdown in progress - discarding request
02-28 18:02:19.444 D/dalvikvm( 8441): Compiler shutdown in progress - discarding request
02-28 18:02:19.444 D/dalvikvm( 8441): Compiler shutdown in progress - discarding request
02-28 18:02:19.444 D/dalvikvm( 8441): Compiler shutdown in progress - discarding request
02-28 18:02:19.444 D/dalvikvm( 8441): Compiler shutdown in progress - discarding request
02-28 18:02:19.444 D/dalvikvm( 8441): Compiler shutdown in progress - discarding request
02-28 18:02:19.444 D/dalvikvm( 8441): Compiler shutdown in progress - discarding request
02-28 18:02:19.444 D/dalvikvm( 8441): Compiler shutdown in progress - discarding request
02-28 18:02:19.444 D/dalvikvm( 8441): Compiler shutdown in progress - discarding request
02-28 18:02:19.444 D/dalvikvm( 8441): Compiler shutdown in progress - discarding request
02-28 18:02:19.444 D/dalvikvm( 8441): Compiler shutdown in progress - discarding request
02-28 18:02:19.444 D/dalvikvm( 8441): Compiler shutdown in progress - discarding request
02-28 18:02:19.444 D/dalvikvm( 8441): Compiler shutdown in progress - discarding request
02-28 18:02:19.444 D/dalvikvm( 8441): Compiler shutdown in progress - discarding request
02-28 18:02:19.444 D/dalvikvm( 8441): Compiler shutdown in progress - discarding request
02-28 18:02:19.444 D/dalvikvm( 8441): Compiler shutdown in progress - discarding request
02-28 18:02:19.444 D/dalvikvm( 8441): Compiler shutdown in progress - discarding request
02-28 18:02:19.444 D/dalvikvm( 8441): Compiler shutdown in progress - discarding request
02-28 18:02:19.444 D/dalvikvm( 8441): Compiler shutdown in progress - discarding request
02-28 18:02:19.444 D/dalvikvm( 8441): Compiler shutdown in progress - discarding request
02-28 18:02:19.444 D/dalvikvm( 8441): Compiler shutdown in progress - discarding request
02-28 18:02:19.444 D/dalvikvm( 8441): Compiler shutdown in progress - discarding request
02-28 18:02:19.444 D/dalvikvm( 8441): Compiler shutdown in progress - discarding request
02-28 18:02:19.444 D/dalvikvm( 8441): Compiler shutdown in progress - discarding request
02-28 18:02:19.444 D/dalvikvm( 8441): Compiler shutdown in progress - discarding request
02-28 18:02:19.484 I/WindowState(  506): WIN DEATH: Window{22124518 u0 org.xwalk.webapi_service_tests/org.xwalk.webapi_service_tests.WebapiServiceTestsActivity}
02-28 18:02:19.484 W/WindowManager(  506): Force-removing child win Window{22165978 u0 SurfaceView} from container Window{22124518 u0 org.xwalk.webapi_service_tests/org.xwalk.webapi_service_tests.WebapiServiceTestsActivity}
02-28 18:02:19.504 W/WindowManager(  506): Failed looking up window
02-28 18:02:19.504 W/WindowManager(  506): java.lang.IllegalArgumentException: Requested window android.os.BinderProxy@221b44c8 does not exist
02-28 18:02:19.504 W/WindowManager(  506): 	at com.android.server.wm.WindowManagerService.windowForClientLocked(WindowManagerService.java:8056)
02-28 18:02:19.504 W/WindowManager(  506): 	at com.android.server.wm.WindowManagerService.windowForClientLocked(WindowManagerService.java:8047)
02-28 18:02:19.504 W/WindowManager(  506): 	at com.android.server.wm.WindowState$DeathRecipient.binderDied(WindowState.java:1087)
02-28 18:02:19.504 W/WindowManager(  506): 	at android.os.BinderProxy.sendDeathNotice(Binder.java:493)
02-28 18:02:19.504 W/WindowManager(  506): 	at dalvik.system.NativeStart.run(Native Method)
02-28 18:02:19.504 I/WindowState(  506): WIN DEATH: null
02-28 18:02:20.034 D/AndroidRuntime( 8452): 
02-28 18:02:20.034 D/AndroidRuntime( 8452): >>>>>> AndroidRuntime START com.android.internal.os.RuntimeInit <<<<<<
02-28 18:02:20.034 D/AndroidRuntime( 8452): CheckJNI is OFF
02-28 18:02:20.034 I/AndroidRuntime( 8452): Kernel Release Version: 3.10.20-gf818079
02-28 18:02:20.034 I/dalvikvm( 8452): No library specified. The standard exception handler will be used
02-28 18:02:20.044 I/dalvikvm( 8452): 
02-28 18:02:20.044 I/dalvikvm( 8452): +++++++++++++ Using PCG. +++++++++++++++++++++
02-28 18:02:20.054 D/dalvikvm( 8452): Trying to load lib libjavacore.so 0x0
02-28 18:02:20.054 D/dalvikvm( 8452): Added shared lib libjavacore.so 0x0
02-28 18:02:20.054 D/dalvikvm( 8452): Trying to load lib libnativehelper.so 0x0
02-28 18:02:20.054 D/dalvikvm( 8452): Added shared lib libnativehelper.so 0x0
02-28 18:02:20.054 D/dalvikvm( 8452): No JNI_OnLoad found in libnativehelper.so 0x0, skipping init
02-28 18:02:20.064 D/dalvikvm( 8452): Extra Options: not specified
02-28 18:02:20.064 D/dalvikvm( 8452): Note: class Landroid/app/ActivityManagerNative; has 186 unimplemented (abstract) methods
02-28 18:02:20.144 E/memtrack( 8452): Couldn't load memtrack module (No such file or directory)
02-28 18:02:20.144 E/android.os.Debug( 8452): failed to load memtrack module: -2
02-28 18:02:20.194 D/AndroidRuntime( 8452): Calling main entry com.android.commands.am.Am
02-28 18:02:20.224 D/AndroidRuntime( 8452): Shutting down VM
02-28 18:02:20.224 D/dalvikvm( 8452): GC_CONCURRENT freed 112K, 16% free 674K/800K, paused 0ms+0ms, total 1ms
02-28 18:02:20.224 D/dalvikvm( 8452): Compiler shutdown in progress - discarding request
02-28 18:02:20.224 D/dalvikvm( 8452): Compiler shutdown in progress - discarding request
02-28 18:02:20.224 D/dalvikvm( 8452): Compiler shutdown in progress - discarding request
02-28 18:02:20.224 D/dalvikvm( 8452): Compiler shutdown in progress - discarding request
02-28 18:02:20.224 D/dalvikvm( 8452): Compiler shutdown in progress - discarding request
02-28 18:02:20.224 D/dalvikvm( 8452): Compiler shutdown in progress - discarding request
02-28 18:02:20.224 D/dalvikvm( 8452): Compiler shutdown in progress - discarding request
02-28 18:02:20.224 D/dalvikvm( 8452): Compiler shutdown in progress - discarding request
02-28 18:02:20.224 D/dalvikvm( 8452): Compiler shutdown in progress - discarding request
02-28 18:02:20.224 D/dalvikvm( 8452): Compiler shutdown in progress - discarding request
02-28 18:02:20.224 D/dalvikvm( 8452): Compiler shutdown in progress - discarding request
02-28 18:02:20.224 D/dalvikvm( 8452): Compiler shutdown in progress - discarding request
02-28 18:02:20.224 D/dalvikvm( 8452): Compiler shutdown in progress - discarding request
02-28 18:02:20.224 D/dalvikvm( 8452): Compiler shutdown in progress - discarding request
02-28 18:02:20.224 D/dalvikvm( 8452): Compiler shutdown in progress - discarding request
02-28 18:02:20.224 D/dalvikvm( 8452): Compiler shutdown in progress - discarding request
02-28 18:02:20.224 D/dalvikvm( 8452): Compiler shutdown in progress - discarding request
02-28 18:02:20.224 D/dalvikvm( 8452): Compiler shutdown in progress - discarding request
02-28 18:02:20.224 D/dalvikvm( 8452): Compiler shutdown in progress - discarding request
02-28 18:02:20.224 D/dalvikvm( 8452): Compiler shutdown in progress - discarding request
02-28 18:02:20.224 D/dalvikvm( 8452): Compiler shutdown in progress - discarding request
02-28 18:02:20.224 D/dalvikvm( 8452): Compiler shutdown in progress - discarding request
02-28 18:02:20.224 D/dalvikvm( 8452): Compiler shutdown in progress - discarding request
02-28 18:02:20.224 D/dalvikvm( 8452): Compiler shutdown in progress - discarding request
02-28 18:02:20.224 D/dalvikvm( 8452): Compiler shutdown in progress - discarding request
02-28 18:02:20.224 D/dalvikvm( 8452): Compiler shutdown in progress - discarding request
02-28 18:02:20.224 D/dalvikvm( 8452): Compiler shutdown in progress - discarding request
02-28 18:02:20.224 D/dalvikvm( 8452): Compiler shutdown in progress - discarding request
02-28 18:02:20.224 D/dalvikvm( 8452): Compiler shutdown in progress - discarding request
02-28 18:02:20.224 D/dalvikvm( 8452): Compiler shutdown in progress - discarding request
02-28 18:02:20.224 D/dalvikvm( 8452): Compiler shutdown in progress - discarding request
02-28 18:02:20.224 D/dalvikvm( 8452): Compiler shutdown in progress - discarding request
02-28 18:02:20.224 D/dalvikvm( 8452): Compiler shutdown in progress - discarding request
02-28 18:02:20.224 D/dalvikvm( 8452): Compiler shutdown in progress - discarding request
02-28 18:02:20.224 D/dalvikvm( 8452): Compiler shutdown in progress - discarding request
02-28 18:02:20.224 D/dalvikvm( 8452): Compiler shutdown in progress - discarding request
02-28 18:02:20.224 D/dalvikvm( 8452): Compiler shutdown in progress - discarding request
02-28 18:02:20.224 D/dalvikvm( 8452): Compiler shutdown in progress - discarding request
02-28 18:02:20.224 D/dalvikvm( 8452): Compiler shutdown in progress - discarding request
02-28 18:02:20.224 D/dalvikvm( 8452): Compiler shutdown in progress - discarding request
02-28 18:02:20.224 D/dalvikvm( 8452): Compiler shutdown in progress - discarding request
02-28 18:02:20.224 D/dalvikvm( 8452): Compiler shutdown in progress - discarding request
02-28 18:02:20.224 D/dalvikvm( 8452): Compiler shutdown in progress - discarding request
02-28 18:02:20.224 D/dalvikvm( 8452): Compiler shutdown in progress - discarding request
02-28 18:02:20.224 I/ActivityManager(  506): START u0 {flg=0x10000000 cmp=org.xwalk.webapi_service_tests/.webapi_service_testsActivity} from pid 8452
02-28 18:02:20.834 D/AndroidRuntime( 8463): 
02-28 18:02:20.834 D/AndroidRuntime( 8463): >>>>>> AndroidRuntime START com.android.internal.os.RuntimeInit <<<<<<
02-28 18:02:20.834 D/AndroidRuntime( 8463): CheckJNI is OFF
02-28 18:02:20.834 I/AndroidRuntime( 8463): Kernel Release Version: 3.10.20-gf818079
02-28 18:02:20.834 I/dalvikvm( 8463): No library specified. The standard exception handler will be used
02-28 18:02:20.834 I/dalvikvm( 8463): 
02-28 18:02:20.834 I/dalvikvm( 8463): +++++++++++++ Using PCG. +++++++++++++++++++++
02-28 18:02:20.844 D/dalvikvm( 8463): Trying to load lib libjavacore.so 0x0
02-28 18:02:20.844 D/dalvikvm( 8463): Added shared lib libjavacore.so 0x0
02-28 18:02:20.844 D/dalvikvm( 8463): Trying to load lib libnativehelper.so 0x0
02-28 18:02:20.844 D/dalvikvm( 8463): Added shared lib libnativehelper.so 0x0
02-28 18:02:20.844 D/dalvikvm( 8463): No JNI_OnLoad found in libnativehelper.so 0x0, skipping init
02-28 18:02:20.854 D/dalvikvm( 8463): Extra Options: not specified
02-28 18:02:20.864 D/dalvikvm( 8463): Note: class Landroid/app/ActivityManagerNative; has 186 unimplemented (abstract) methods
02-28 18:02:20.934 E/memtrack( 8463): Couldn't load memtrack module (No such file or directory)
02-28 18:02:20.934 E/android.os.Debug( 8463): failed to load memtrack module: -2
02-28 18:02:20.964 D/AndroidRuntime( 8463): Calling main entry com.android.commands.am.Am
02-28 18:02:21.004 D/AndroidRuntime( 8463): Shutting down VM
02-28 18:02:21.004 D/dalvikvm( 8463): GC_CONCURRENT freed 112K, 16% free 674K/800K, paused 0ms+1ms, total 1ms
02-28 18:02:21.004 D/dalvikvm( 8463): Compiler shutdown in progress - discarding request
02-28 18:02:21.004 D/dalvikvm( 8463): Compiler shutdown in progress - discarding request
02-28 18:02:21.004 D/dalvikvm( 8463): Compiler shutdown in progress - discarding request
02-28 18:02:21.004 D/dalvikvm( 8463): Compiler shutdown in progress - discarding request
02-28 18:02:21.004 D/dalvikvm( 8463): Compiler shutdown in progress - discarding request
02-28 18:02:21.004 D/dalvikvm( 8463): Compiler shutdown in progress - discarding request
02-28 18:02:21.004 D/dalvikvm( 8463): Compiler shutdown in progress - discarding request
02-28 18:02:21.004 D/dalvikvm( 8463): Compiler shutdown in progress - discarding request
02-28 18:02:21.004 D/dalvikvm( 8463): Compiler shutdown in progress - discarding request
02-28 18:02:21.004 D/dalvikvm( 8463): Compiler shutdown in progress - discarding request
02-28 18:02:21.004 D/dalvikvm( 8463): Compiler shutdown in progress - discarding request
02-28 18:02:21.004 D/dalvikvm( 8463): Compiler shutdown in progress - discarding request
02-28 18:02:21.004 D/dalvikvm( 8463): Compiler shutdown in progress - discarding request
02-28 18:02:21.004 D/dalvikvm( 8463): Compiler shutdown in progress - discarding request
02-28 18:02:21.004 D/dalvikvm( 8463): Compiler shutdown in progress - discarding request
02-28 18:02:21.004 D/dalvikvm( 8463): Compiler shutdown in progress - discarding request
02-28 18:02:21.004 D/dalvikvm( 8463): Compiler shutdown in progress - discarding request
02-28 18:02:21.004 D/dalvikvm( 8463): Compiler shutdown in progress - discarding request
02-28 18:02:21.004 D/dalvikvm( 8463): Compiler shutdown in progress - discarding request
02-28 18:02:21.004 D/dalvikvm( 8463): Compiler shutdown in progress - discarding request
02-28 18:02:21.004 D/dalvikvm( 8463): Compiler shutdown in progress - discarding request
02-28 18:02:21.004 D/dalvikvm( 8463): Compiler shutdown in progress - discarding request
02-28 18:02:21.004 D/dalvikvm( 8463): Compiler shutdown in progress - discarding request
02-28 18:02:21.004 D/dalvikvm( 8463): Compiler shutdown in progress - discarding request
02-28 18:02:21.004 D/dalvikvm( 8463): Compiler shutdown in progress - discarding request
02-28 18:02:21.004 D/dalvikvm( 8463): Compiler shutdown in progress - discarding request
02-28 18:02:21.004 D/dalvikvm( 8463): Compiler shutdown in progress - discarding request
02-28 18:02:21.004 D/dalvikvm( 8463): Compiler shutdown in progress - discarding request
02-28 18:02:21.004 D/dalvikvm( 8463): Compiler shutdown in progress - discarding request
02-28 18:02:21.004 D/dalvikvm( 8463): Compiler shutdown in progress - discarding request
02-28 18:02:21.004 D/dalvikvm( 8463): Compiler shutdown in progress - discarding request
02-28 18:02:21.004 D/dalvikvm( 8463): Compiler shutdown in progress - discarding request
02-28 18:02:21.004 D/dalvikvm( 8463): Compiler shutdown in progress - discarding request
02-28 18:02:21.004 D/dalvikvm( 8463): Compiler shutdown in progress - discarding request
02-28 18:02:21.004 D/dalvikvm( 8463): Compiler shutdown in progress - discarding request
02-28 18:02:21.004 D/dalvikvm( 8463): Compiler shutdown in progress - discarding request
02-28 18:02:21.004 D/dalvikvm( 8463): Compiler shutdown in progress - discarding request
02-28 18:02:21.004 D/dalvikvm( 8463): Compiler shutdown in progress - discarding request
02-28 18:02:21.004 D/dalvikvm( 8463): Compiler shutdown in progress - discarding request
02-28 18:02:21.004 D/dalvikvm( 8463): Compiler shutdown in progress - discarding request
02-28 18:02:21.004 D/dalvikvm( 8463): Compiler shutdown in progress - discarding request
02-28 18:02:21.004 D/dalvikvm( 8463): Compiler shutdown in progress - discarding request
02-28 18:02:21.004 D/dalvikvm( 8463): Compiler shutdown in progress - discarding request
02-28 18:02:21.004 D/dalvikvm( 8463): Compiler shutdown in progress - discarding request
02-28 18:02:21.004 D/dalvikvm( 8463): Compiler shutdown in progress - discarding request
02-28 18:02:21.004 D/dalvikvm( 8463): Compiler shutdown in progress - discarding request
02-28 18:02:21.004 I/ActivityManager(  506): START u0 {flg=0x10000000 cmp=org.xwalk.webapi_service_tests/.webapi_service_tests} from pid 8463
02-28 18:02:21.654 D/AndroidRuntime( 8474): 
02-28 18:02:21.654 D/AndroidRuntime( 8474): >>>>>> AndroidRuntime START com.android.internal.os.RuntimeInit <<<<<<
02-28 18:02:21.654 D/AndroidRuntime( 8474): CheckJNI is OFF
02-28 18:02:21.654 I/AndroidRuntime( 8474): Kernel Release Version: 3.10.20-gf818079
02-28 18:02:21.654 I/dalvikvm( 8474): No library specified. The standard exception handler will be used
02-28 18:02:21.654 I/dalvikvm( 8474): 
02-28 18:02:21.654 I/dalvikvm( 8474): +++++++++++++ Using PCG. +++++++++++++++++++++
02-28 18:02:21.664 D/dalvikvm( 8474): Trying to load lib libjavacore.so 0x0
02-28 18:02:21.664 D/dalvikvm( 8474): Added shared lib libjavacore.so 0x0
02-28 18:02:21.664 D/dalvikvm( 8474): Trying to load lib libnativehelper.so 0x0
02-28 18:02:21.664 D/dalvikvm( 8474): Added shared lib libnativehelper.so 0x0
02-28 18:02:21.664 D/dalvikvm( 8474): No JNI_OnLoad found in libnativehelper.so 0x0, skipping init
02-28 18:02:21.674 D/dalvikvm( 8474): Extra Options: not specified
02-28 18:02:21.684 D/dalvikvm( 8474): Note: class Landroid/app/ActivityManagerNative; has 186 unimplemented (abstract) methods
02-28 18:02:21.774 E/memtrack( 8474): Couldn't load memtrack module (No such file or directory)
02-28 18:02:21.774 E/android.os.Debug( 8474): failed to load memtrack module: -2
02-28 18:02:21.804 D/AndroidRuntime( 8474): Calling main entry com.android.commands.am.Am
02-28 18:02:21.834 W/ufoGralloc(  172): registerBuffer() handle 0xb8380d60/14 didn't require registration
02-28 18:02:21.834 I/ActivityManager(  506): START u0 {flg=0x10000000 cmp=org.xwalk.webapi_service_tests/.WebapiServiceTestsActivity} from pid 8474
02-28 18:02:21.864 D/AndroidRuntime( 8474): Shutting down VM
02-28 18:02:21.874 D/dalvikvm( 8474): GC_CONCURRENT freed 114K, 16% free 701K/832K, paused 4ms+0ms, total 5ms
02-28 18:02:21.874 I/dalvikvm( 8474): Total arena pages for JIT: 11
02-28 18:02:21.874 I/dalvikvm( 8474): Total arena pages for JIT: 12
02-28 18:02:21.874 I/dalvikvm( 8474): Total arena pages for JIT: 13
02-28 18:02:21.874 I/dalvikvm( 8474): Total arena pages for JIT: 14
02-28 18:02:21.874 I/dalvikvm( 8474): Total arena pages for JIT: 15
02-28 18:02:21.904 D/dalvikvm( 8474): Compiler shutdown in progress - discarding request
02-28 18:02:21.904 D/dalvikvm( 8474): Compiler shutdown in progress - discarding request
02-28 18:02:21.904 D/dalvikvm( 8474): Compiler shutdown in progress - discarding request
02-28 18:02:21.904 D/dalvikvm( 8474): Compiler shutdown in progress - discarding request
02-28 18:02:21.904 D/dalvikvm( 8474): Compiler shutdown in progress - discarding request
02-28 18:02:21.904 D/dalvikvm( 8474): Compiler shutdown in progress - discarding request
02-28 18:02:21.904 D/dalvikvm( 8474): Compiler shutdown in progress - discarding request
02-28 18:02:21.904 D/dalvikvm( 8474): Compiler shutdown in progress - discarding request
02-28 18:02:21.904 D/dalvikvm( 8474): Compiler shutdown in progress - discarding request
02-28 18:02:21.904 D/dalvikvm( 8474): Compiler shutdown in progress - discarding request
02-28 18:02:21.904 D/dalvikvm( 8474): Compiler shutdown in progress - discarding request
02-28 18:02:21.904 D/dalvikvm( 8474): Compiler shutdown in progress - discarding request
02-28 18:02:21.904 D/dalvikvm( 8474): Compiler shutdown in progress - discarding request
02-28 18:02:21.904 D/dalvikvm( 8474): Compiler shutdown in progress - discarding request
02-28 18:02:21.904 D/dalvikvm( 8474): Compiler shutdown in progress - discarding request
02-28 18:02:21.904 D/dalvikvm( 8474): Compiler shutdown in progress - discarding request
02-28 18:02:21.904 D/dalvikvm( 8474): Compiler shutdown in progress - discarding request
02-28 18:02:21.904 D/dalvikvm( 8474): Compiler shutdown in progress - discarding request
02-28 18:02:21.904 D/dalvikvm( 8474): Compiler shutdown in progress - discarding request
02-28 18:02:21.904 D/dalvikvm( 8474): Compiler shutdown in progress - discarding request
02-28 18:02:21.904 D/dalvikvm( 8474): Compiler shutdown in progress - discarding request
02-28 18:02:21.904 D/dalvikvm( 8474): Compiler shutdown in progress - discarding request
02-28 18:02:21.904 D/dalvikvm( 8474): Compiler shutdown in progress - discarding request
02-28 18:02:21.904 D/dalvikvm( 8474): Compiler shutdown in progress - discarding request
02-28 18:02:21.904 D/dalvikvm( 8474): Compiler shutdown in progress - discarding request
02-28 18:02:21.904 D/dalvikvm( 8474): Compiler shutdown in progress - discarding request
02-28 18:02:21.904 D/dalvikvm( 8474): Compiler shutdown in progress - discarding request
02-28 18:02:21.904 D/dalvikvm( 8474): Compiler shutdown in progress - discarding request
02-28 18:02:21.904 D/dalvikvm( 8474): Compiler shutdown in progress - discarding request
02-28 18:02:21.904 D/dalvikvm( 8474): Compiler shutdown in progress - discarding request
02-28 18:02:21.904 D/dalvikvm( 8474): Compiler shutdown in progress - discarding request
02-28 18:02:21.924 D/dalvikvm(  506): GC_EXPLICIT freed 2854K, 50% free 18534K/36368K, paused 1ms+6ms, total 54ms
02-28 18:02:21.924 I/SecurityManagerService(  621): SMS received security event: App[START/org.xwalk.webapi_service_tests]
02-28 18:02:21.934 D/dalvikvm( 8485): Process 8485 nice name: org.xwalk.webapi_service_tests
02-28 18:02:21.934 D/dalvikvm( 8485): Extra Options: not specified
02-28 18:02:21.934 I/ActivityManager(  506): Start proc org.xwalk.webapi_service_tests for activity org.xwalk.webapi_service_tests/.WebapiServiceTestsActivity: pid=8485 uid=10350 gids={50350, 3003, 1028, 1015}
02-28 18:02:21.944 D/WindowManager(  506): adjustConfigurationLw, config:{1.0 ?mcc?mnc ?locale ?layoutDir sw600dp w600dp h888dp 213dpi lrg port ?uimode ?night finger -keyb/v/h -nav/v} mLidState:1 mHasDockFeature:false mHasKeyboardFeature:false mHasHallSensorFeature:true config.hardKeyboardHidden:2
02-28 18:02:21.944 I/ActivityManager(  506): [TopPkgCurBat]	NowPkgName[org.xwalk.webapi_service_tests]	Battery[92]	TimeTick[1425117741951]	OldPkgName[com.chrome.beta]
02-28 18:02:21.964 D/dalvikvm( 8485): Trying to load lib /data/app-lib/org.xwalk.webapi_service_tests-1/libxwalkcore.so 0x43d81180
02-28 18:02:21.964 D/dalvikvm( 8485): Added shared lib /data/app-lib/org.xwalk.webapi_service_tests-1/libxwalkcore.so 0x43d81180
02-28 18:02:21.974 I/LibraryLoader( 8485): Time to load native libraries: 11 ms (timestamps 3759-3770)
02-28 18:02:21.974 I/LibraryLoader( 8485): Expected native library version number "",actual native library version number ""
02-28 18:02:21.984 D/        (31284): Surface destroy: ANDROID_NATIVE_WINDOW_MAGIC
02-28 18:02:21.994 D/        (16090): Surface destroy: ANDROID_NATIVE_WINDOW_MAGIC
02-28 18:02:21.994 I/LibraryLoader( 8485): Expected native library version number "",actual native library version number ""
02-28 18:02:21.994 I/chromium( 8485): [INFO:library_loader_hooks.cc(112)] Chromium logging enabled: level = 0, default verbosity = 0
02-28 18:02:22.004 I/BrowserStartupController( 8485): Initializing chromium process, singleProcess=true
02-28 18:02:22.054 W/AudioManagerAndroid( 8485): Requires BLUETOOTH permission
02-28 18:02:22.054 I/ufoGralloc( 8485): Hello, this is UFO GRALLOC/Intel Corporation
02-28 18:02:22.064 D/        ( 8485): Pixel Format : GGL_PIXEL_FORMAT_RGBA_8888
02-28 18:02:22.064 D/        ( 8485): droid_create_context : config id = 1 conf->NativeVisualID=1
02-28 18:02:22.064 D/        ( 8485): Pixel Format : GGL_PIXEL_FORMAT_RGBA_8888
02-28 18:02:22.064 I/        ( 8485): Requested context : GLES 2.0
02-28 18:02:22.084 W/chromium( 8485): [WARNING:proxy_service.cc(899)] PAC support disabled because there is no system implementation
02-28 18:02:22.084 W/dalvikvm( 8485): VFY: unable to find class referenced in signature (Landroid/view/inputmethod/CursorAnchorInfo;)
02-28 18:02:22.084 I/dalvikvm( 8485): Could not find method android.view.inputmethod.InputMethodManager.updateCursorAnchorInfo, referenced from method org.chromium.content.browser.input.InputMethodManagerWrapper.updateCursorAnchorInfo
02-28 18:02:22.084 W/dalvikvm( 8485): VFY: unable to resolve virtual method 1241: Landroid/view/inputmethod/InputMethodManager;.updateCursorAnchorInfo (Landroid/view/View;Landroid/view/inputmethod/CursorAnchorInfo;)V
02-28 18:02:22.084 D/dalvikvm( 8485): VFY: replacing opcode 0x6e at 0x000a
02-28 18:02:22.124 E/cutils  (  164): Failed to mkdirat(/Removable/MicroSD): Read-only file system
02-28 18:02:22.124 W/ContextImpl( 8485): Failed to ensure directory: /Removable/MicroSD/Android/data/org.xwalk.webapi_service_tests/cache
02-28 18:02:22.124 W/XWalkExtensionManager( 8485): Failed to read extensions-config.json
02-28 18:02:22.124 E/chromium( 8485): [ERROR:unix_domain_server_socket_posix.cc(106)] Not implemented reached in virtual int net::UnixDomainServerSocket::GetLocalAddress(net::IPEndPoint*) const
02-28 18:02:22.124 I/dalvikvm( 8485): Could not find method android.app.Activity.finishAndRemoveTask, referenced from method org.chromium.base.ApiCompatibilityUtils.finishAndRemoveTask
02-28 18:02:22.124 W/dalvikvm( 8485): VFY: unable to resolve virtual method 4: Landroid/app/Activity;.finishAndRemoveTask ()V
02-28 18:02:22.124 D/dalvikvm( 8485): VFY: replacing opcode 0x6e at 0x0006
02-28 18:02:22.124 W/Vold    (  164): Returning OperationFailed - no handler for errno 30
02-28 18:02:22.134 I/dalvikvm( 8485): Could not find method android.os.PowerManager.isInteractive, referenced from method org.chromium.base.ApiCompatibilityUtils.isInteractive
02-28 18:02:22.134 W/dalvikvm( 8485): VFY: unable to resolve virtual method 768: Landroid/os/PowerManager;.isInteractive ()Z
02-28 18:02:22.134 D/dalvikvm( 8485): VFY: replacing opcode 0x6e at 0x000e
02-28 18:02:22.134 I/dalvikvm( 8485): Could not find method android.view.Window.getNavigationBarColor, referenced from method org.chromium.base.ApiCompatibilityUtils.setStatusBarColor
02-28 18:02:22.134 W/dalvikvm( 8485): VFY: unable to resolve virtual method 1144: Landroid/view/Window;.getNavigationBarColor ()I
02-28 18:02:22.134 D/dalvikvm( 8485): VFY: replacing opcode 0x6e at 0x0010
02-28 18:02:22.134 I/dalvikvm( 8485): Could not find method android.view.Window.setStatusBarColor, referenced from method org.chromium.base.ApiCompatibilityUtils.setStatusBarColor
02-28 18:02:22.134 W/dalvikvm( 8485): VFY: unable to resolve virtual method 1149: Landroid/view/Window;.setStatusBarColor (I)V
02-28 18:02:22.134 D/dalvikvm( 8485): VFY: replacing opcode 0x6e at 0x0019
02-28 18:02:22.134 E/dalvikvm( 8485): Could not find class 'android.app.ActivityManager$TaskDescription', referenced from method org.chromium.base.ApiCompatibilityUtils.setTaskDescription
02-28 18:02:22.134 W/dalvikvm( 8485): VFY: unable to resolve new-instance 11 (Landroid/app/ActivityManager$TaskDescription;) in Lorg/chromium/base/ApiCompatibilityUtils;
02-28 18:02:22.134 D/dalvikvm( 8485): VFY: replacing opcode 0x22 at 0x0006
02-28 18:02:22.134 D/dalvikvm( 8485): DexOpt: unable to opt direct call 0x001e at 0x08 in Lorg/chromium/base/ApiCompatibilityUtils;.setTaskDescription
02-28 18:02:22.134 I/chromium( 8485): [INFO:xwalk_extension_renderer_controller.cc(47)] EXTENSION PROCESS DISABLED.
02-28 18:02:22.174 D/        ( 8485): Pixel Format : GGL_PIXEL_FORMAT_RGBA_8888
02-28 18:02:22.174 D/        ( 8485): droid_create_context : config id = 1 conf->NativeVisualID=1
02-28 18:02:22.174 D/        ( 8485): Pixel Format : GGL_PIXEL_FORMAT_RGBA_8888
02-28 18:02:22.174 I/        ( 8485): Requested context : GLES 2.0
02-28 18:02:22.204 D/        ( 8485): droid_create_context : config id = 5 conf->NativeVisualID=1
02-28 18:02:22.204 D/        ( 8485): Pixel Format : GGL_PIXEL_FORMAT_RGBA_8888
02-28 18:02:22.204 I/        ( 8485): Requested context : GLES 2.0
02-28 18:02:22.214 D/        ( 8485): Pixel Format : GGL_PIXEL_FORMAT_RGBA_8888
02-28 18:02:22.224 D/OpenGLRenderer( 8485): Enabling debug mode 0
02-28 18:02:22.344 W/BindingManager( 8485): Cannot call determinedVisibility() - never saw a connection for the pid: 8485
02-28 18:02:22.354 I/ActivityManager(  506): Displayed org.xwalk.webapi_service_tests/.WebapiServiceTestsActivity: +437ms (total +1m44s877ms)
02-28 18:02:22.364 W/IInputConnectionWrapper(16090): showStatusIcon on inactive InputConnection
02-28 18:02:22.364 D/        ( 8485): Pixel Format : GGL_PIXEL_FORMAT_RGBA_8888
02-28 18:02:22.364 D/        ( 8485): droid_create_context : config id = 1 conf->NativeVisualID=1
02-28 18:02:22.364 D/        ( 8485): Pixel Format : GGL_PIXEL_FORMAT_RGBA_8888
02-28 18:02:22.364 I/        ( 8485): Requested context : GLES 2.0
02-28 18:02:22.364 D/XT9IME  (13333): new subtype :zh_CN ,pinyin
02-28 18:02:22.374 D/        ( 8485): Swap interval set to = 1 value
02-28 18:02:22.434 D/BatteryStatsImpl(  506): noteStopWakeLocked system isFromForeground = false
02-28 18:02:22.494 I/chromium( 8485): [INFO:CONSOLE(0)] "Synchronous XMLHttpRequest on the main thread is deprecated because of its detrimental effects to the end user's experience. For more help, check http://xhr.spec.whatwg.org/.", source:  (0)
02-28 18:02:22.544 D/        ( 8485): Pixel Format : GGL_PIXEL_FORMAT_RGBA_8888
02-28 18:02:22.544 D/        ( 8485): droid_create_context : config id = 1 conf->NativeVisualID=1
02-28 18:02:22.544 D/        ( 8485): Pixel Format : GGL_PIXEL_FORMAT_RGBA_8888
02-28 18:02:22.544 I/        ( 8485): Requested context : GLES 2.0
02-28 18:02:22.734 E/TabPersistentStore(16090): Failed to create state folder: /data/data/com.chrome.beta/app_tabs/0
02-28 18:02:23.754 I/chromium( 8485): [INFO:CONSOLE(15)] "WebSocket connection to 'ws://127.0.0.1/ws/echo' failed: Error in connection establishment: net::ERR_CONNECTION_REFUSED", source: http://127.0.0.1:8080/opt/tct-websocket-w3c-tests/websocket/w3c/unload-a-document/001-1.html (15)
02-28 18:02:24.374 W/BindingManager( 8485): Cannot call determinedVisibility() - never saw a connection for the pid: 8485
02-28 18:02:24.474 I/chromium( 8485): [INFO:CONSOLE(9)] "WebSocket connection to 'ws://127.0.0.1/' failed: Error in connection establishment: net::ERR_CONNECTION_REFUSED", source: http://127.0.0.1:8080/opt/tct-websocket-w3c-tests/websocket/w3c/interfaces/WebSocket/url/002.html (9)
02-28 18:02:24.594 I/chromium( 8485): [INFO:CONSOLE(9)] "WebSocket connection to 'ws://127.0.0.1/' failed: Error in connection establishment: net::ERR_CONNECTION_REFUSED", source: http://127.0.0.1:8080/opt/tct-websocket-w3c-tests/websocket/w3c/interfaces/WebSocket/url/003.html (9)
02-28 18:02:25.174 I/chromium( 8485): [INFO:CONSOLE(9)] "WebSocket connection to 'ws://foo%20bar.com/' failed: Error in connection establishment: net::ERR_INTERNET_DISCONNECTED", source: http://127.0.0.1:8080/opt/tct-websocket-w3c-tests/websocket/w3c/002.html (9)
02-28 18:02:25.174 I/chromium( 8485): [INFO:CONSOLE(10)] "WebSocket connection to 'wss://foo%20bar.com/' failed: Error in connection establishment: net::ERR_INTERNET_DISCONNECTED", source: http://127.0.0.1:8080/opt/tct-websocket-w3c-tests/websocket/w3c/002.html (10)
02-28 18:02:26.064 I/chromium( 8485): [INFO:CONSOLE(9)] "WebSocket connection to 'ws://example.invalid/' failed: Error in connection establishment: net::ERR_INTERNET_DISCONNECTED", source: http://127.0.0.1:8080/opt/tct-websocket-w3c-tests/websocket/w3c/008.html (9)
02-28 18:02:26.064 I/chromium( 8485): [INFO:CONSOLE(10)] "WebSocket connection to 'ws://example.invalid:443/' failed: Error in connection establishment: net::ERR_INTERNET_DISCONNECTED", source: http://127.0.0.1:8080/opt/tct-websocket-w3c-tests/websocket/w3c/008.html (10)
02-28 18:02:26.064 I/chromium( 8485): [INFO:CONSOLE(11)] "WebSocket connection to 'wss://example.invalid:80/' failed: Error in connection establishment: net::ERR_INTERNET_DISCONNECTED", source: http://127.0.0.1:8080/opt/tct-websocket-w3c-tests/websocket/w3c/008.html (11)
02-28 18:02:26.074 I/chromium( 8485): [INFO:CONSOLE(12)] "WebSocket connection to 'wss://example.invalid/' failed: Error in connection establishment: net::ERR_INTERNET_DISCONNECTED", source: http://127.0.0.1:8080/opt/tct-websocket-w3c-tests/websocket/w3c/008.html (12)
02-28 18:02:26.794 W/BindingManager( 8485): Cannot call determinedVisibility() - never saw a connection for the pid: 8485
02-28 18:02:29.964 W/BindingManager( 8485): Cannot call determinedVisibility() - never saw a connection for the pid: 8485
02-28 18:02:30.134 I/chromium( 8485): [INFO:CONSOLE(11)] "WebSocket connection to 'ws://127.0.0.1/ws/echo' failed: Error in connection establishment: net::ERR_CONNECTION_REFUSED", source: http://127.0.0.1:8080/opt/tct-websocket-w3c-tests/websocket/w3c/017.html (11)
02-28 18:02:30.144 I/chromium( 8485): [INFO:CONSOLE(11)] "WebSocket connection to 'ws://127.0.0.1/ws/echo' failed: Error in connection establishment: net::ERR_CONNECTION_REFUSED", source: http://127.0.0.1:8080/opt/tct-websocket-w3c-tests/websocket/w3c/017.html (11)
02-28 18:02:30.144 I/chromium( 8485): [INFO:CONSOLE(11)] "WebSocket connection to 'wss://127.0.0.1/ws/echo' failed: Error in connection establishment: net::ERR_CONNECTION_REFUSED", source: http://127.0.0.1:8080/opt/tct-websocket-w3c-tests/websocket/w3c/017.html (11)
02-28 18:02:30.144 I/chromium( 8485): [INFO:CONSOLE(11)] "WebSocket connection to 'wss://127.0.0.1/ws/echo' failed: Error in connection establishment: net::ERR_CONNECTION_REFUSED", source: http://127.0.0.1:8080/opt/tct-websocket-w3c-tests/websocket/w3c/017.html (11)
02-28 18:02:30.834 W/BindingManager( 8485): Cannot call determinedVisibility() - never saw a connection for the pid: 8485
02-28 18:02:31.464 W/BindingManager( 8485): Cannot call determinedVisibility() - never saw a connection for the pid: 8485
02-28 18:02:32.204 W/BindingManager( 8485): Cannot call determinedVisibility() - never saw a connection for the pid: 8485
02-28 18:02:32.244 I/chromium( 8485): [INFO:CONSOLE(0)] "WebSocket is already in CLOSING or CLOSED state.", source: http://127.0.0.1:8080/opt/tct-websocket-w3c-tests/websocket/websocket_WebSocket_bufferedAmount_increase_each_call.html (0)
02-28 18:02:32.244 I/chromium( 8485): [INFO:CONSOLE(0)] "WebSocket is already in CLOSING or CLOSED state.", source: http://127.0.0.1:8080/opt/tct-websocket-w3c-tests/websocket/websocket_WebSocket_bufferedAmount_increase_each_call.html (0)
02-28 18:02:32.244 I/chromium( 8485): [INFO:CONSOLE(0)] "WebSocket is already in CLOSING or CLOSED state.", source: http://127.0.0.1:8080/opt/tct-websocket-w3c-tests/websocket/websocket_WebSocket_bufferedAmount_increase_each_call.html (0)
02-28 18:02:32.244 I/chromium( 8485): [INFO:CONSOLE(0)] "WebSocket is already in CLOSING or CLOSED state.", source: http://127.0.0.1:8080/opt/tct-websocket-w3c-tests/websocket/websocket_WebSocket_bufferedAmount_increase_each_call.html (0)
02-28 18:02:32.884 W/BindingManager( 8485): Cannot call determinedVisibility() - never saw a connection for the pid: 8485
02-28 18:02:33.614 W/BindingManager( 8485): Cannot call determinedVisibility() - never saw a connection for the pid: 8485
02-28 18:02:34.714 W/ufoGralloc(  172): registerBuffer() handle 0xb837f6b0/76 didn't require registration
02-28 18:02:34.744 D/WindowManager(  506): adjustConfigurationLw, config:{1.0 ?mcc?mnc ?locale ?layoutDir sw600dp w600dp h888dp 213dpi lrg port ?uimode ?night finger -keyb/v/h -nav/v} mLidState:1 mHasDockFeature:false mHasKeyboardFeature:false mHasHallSensorFeature:true config.hardKeyboardHidden:2
02-28 18:02:34.744 I/ActivityManager(  506): [TopPkgCurBat]	NowPkgName[com.chrome.beta]	Battery[92]	TimeTick[1425117754756]	OldPkgName[org.xwalk.webapi_service_tests]
02-28 18:02:34.784 D/        (16090): Pixel Format : GGL_PIXEL_FORMAT_RGBA_8888
02-28 18:02:34.794 D/        (31284): Pixel Format : GGL_PIXEL_FORMAT_RGBA_8888
02-28 18:02:34.794 D/        (31284): droid_create_context : config id = 1 conf->NativeVisualID=1
02-28 18:02:34.794 D/        (31284): Pixel Format : GGL_PIXEL_FORMAT_RGBA_8888
02-28 18:02:34.794 I/        (31284): Requested context : GLES 2.0
02-28 18:02:34.804 D/        (31284): Swap interval set to = 1 value
02-28 18:02:34.824 W/IInputConnectionWrapper( 8485): showStatusIcon on inactive InputConnection
02-28 18:02:34.824 D/XT9IME  (13333): new subtype :zh_CN ,pinyin
02-28 18:02:34.834 D/BatteryStatsImpl(  506): noteStopWakeLocked system isFromForeground = false
02-28 18:02:34.844 D/        ( 8485): Surface destroy: ANDROID_NATIVE_WINDOW_MAGIC
02-28 18:02:34.854 D/        ( 8485): Surface destroy: ANDROID_NATIVE_WINDOW_MAGIC
02-28 18:02:35.564 D/        ( 8485): Pixel Format : GGL_PIXEL_FORMAT_RGBA_8888
02-28 18:02:35.574 W/SurfaceFlinger(  172): couldn't log to binary event log: overflow.
02-28 18:02:35.574 W/ScreenOrientationListener( 8485): Removing an inexistent observer!
02-28 18:02:36.384 D/AndroidRuntime( 8656): 
02-28 18:02:36.384 D/AndroidRuntime( 8656): >>>>>> AndroidRuntime START com.android.internal.os.RuntimeInit <<<<<<
02-28 18:02:36.384 D/AndroidRuntime( 8656): CheckJNI is OFF
02-28 18:02:36.384 I/AndroidRuntime( 8656): Kernel Release Version: 3.10.20-gf818079
02-28 18:02:36.384 I/dalvikvm( 8656): No library specified. The standard exception handler will be used
02-28 18:02:36.384 I/dalvikvm( 8656): 
02-28 18:02:36.384 I/dalvikvm( 8656): +++++++++++++ Using PCG. +++++++++++++++++++++
02-28 18:02:36.394 D/dalvikvm( 8656): Trying to load lib libjavacore.so 0x0
02-28 18:02:36.394 D/dalvikvm( 8656): Added shared lib libjavacore.so 0x0
02-28 18:02:36.394 D/dalvikvm( 8656): Trying to load lib libnativehelper.so 0x0
02-28 18:02:36.394 D/dalvikvm( 8656): Added shared lib libnativehelper.so 0x0
02-28 18:02:36.394 D/dalvikvm( 8656): No JNI_OnLoad found in libnativehelper.so 0x0, skipping init
02-28 18:02:36.404 D/dalvikvm( 8656): Extra Options: not specified
02-28 18:02:36.414 D/dalvikvm( 8656): Note: class Landroid/app/ActivityManagerNative; has 186 unimplemented (abstract) methods
02-28 18:02:36.494 E/memtrack( 8656): Couldn't load memtrack module (No such file or directory)
02-28 18:02:36.494 E/android.os.Debug( 8656): failed to load memtrack module: -2
02-28 18:02:36.534 D/AndroidRuntime( 8656): Calling main entry com.android.commands.am.Am
02-28 18:02:36.554 I/ActivityManager(  506): Force stopping org.xwalk.webapi_service_tests appid=10350 user=0: from pid 8656
02-28 18:02:36.554 I/SecurityManagerService(  621): SMS received security event: App[STOP/org.xwalk.webapi_service_tests]
02-28 18:02:36.554 I/ActivityManager(  506): Killing 8485:org.xwalk.webapi_service_tests/u0a350 (adj 9): stop org.xwalk.webapi_service_tests
02-28 18:02:36.564 D/AndroidRuntime( 8656): Shutting down VM
02-28 18:02:36.564 D/dalvikvm( 8656): GC_CONCURRENT freed 108K, 16% free 638K/760K, paused 0ms+0ms, total 1ms
02-28 18:02:36.564 D/dalvikvm( 8656): Compiler shutdown in progress - discarding request
02-28 18:02:36.564 D/dalvikvm( 8656): Compiler shutdown in progress - discarding request
02-28 18:02:36.564 D/dalvikvm( 8656): Compiler shutdown in progress - discarding request
02-28 18:02:36.564 D/dalvikvm( 8656): Compiler shutdown in progress - discarding request
02-28 18:02:36.564 D/dalvikvm( 8656): Compiler shutdown in progress - discarding request
02-28 18:02:36.564 D/dalvikvm( 8656): Compiler shutdown in progress - discarding request
02-28 18:02:36.564 D/dalvikvm( 8656): Compiler shutdown in progress - discarding request
02-28 18:02:36.564 D/dalvikvm( 8656): Compiler shutdown in progress - discarding request
02-28 18:02:36.564 D/dalvikvm( 8656): Compiler shutdown in progress - discarding request
02-28 18:02:36.564 D/dalvikvm( 8656): Compiler shutdown in progress - discarding request
02-28 18:02:36.564 D/dalvikvm( 8656): Compiler shutdown in progress - discarding request
02-28 18:02:36.564 D/dalvikvm( 8656): Compiler shutdown in progress - discarding request
02-28 18:02:36.564 D/dalvikvm( 8656): Compiler shutdown in progress - discarding request
02-28 18:02:36.564 D/dalvikvm( 8656): Compiler shutdown in progress - discarding request
02-28 18:02:36.564 D/dalvikvm( 8656): Compiler shutdown in progress - discarding request
02-28 18:02:36.564 D/dalvikvm( 8656): Compiler shutdown in progress - discarding request
02-28 18:02:36.564 D/dalvikvm( 8656): Compiler shutdown in progress - discarding request
02-28 18:02:36.564 D/dalvikvm( 8656): Compiler shutdown in progress - discarding request
02-28 18:02:36.564 D/dalvikvm( 8656): Compiler shutdown in progress - discarding request
02-28 18:02:36.564 D/dalvikvm( 8656): Compiler shutdown in progress - discarding request
02-28 18:02:36.564 D/dalvikvm( 8656): Compiler shutdown in progress - discarding request
02-28 18:02:36.564 D/dalvikvm( 8656): Compiler shutdown in progress - discarding request
02-28 18:02:36.564 D/dalvikvm( 8656): Compiler shutdown in progress - discarding request
02-28 18:02:36.564 D/dalvikvm( 8656): Compiler shutdown in progress - discarding request
02-28 18:02:36.564 D/dalvikvm( 8656): Compiler shutdown in progress - discarding request
02-28 18:02:36.564 D/dalvikvm( 8656): Compiler shutdown in progress - discarding request
