--------- beginning of /dev/log/main
02-28 18:02:47.944 D/AndroidRuntime( 8693): 
02-28 18:02:47.944 D/AndroidRuntime( 8693): >>>>>> AndroidRuntime START com.android.internal.os.RuntimeInit <<<<<<
02-28 18:02:47.944 D/AndroidRuntime( 8693): CheckJNI is OFF
02-28 18:02:47.944 I/AndroidRuntime( 8693): Kernel Release Version: 3.10.20-gf818079
02-28 18:02:47.944 I/dalvikvm( 8693): No library specified. The standard exception handler will be used
02-28 18:02:47.944 I/dalvikvm( 8693): 
02-28 18:02:47.944 I/dalvikvm( 8693): +++++++++++++ Using PCG. +++++++++++++++++++++
02-28 18:02:47.954 D/dalvikvm( 8693): Trying to load lib libjavacore.so 0x0
02-28 18:02:47.954 D/dalvikvm( 8693): Added shared lib libjavacore.so 0x0
02-28 18:02:47.954 D/dalvikvm( 8693): Trying to load lib libnativehelper.so 0x0
02-28 18:02:47.954 D/dalvikvm( 8693): Added shared lib libnativehelper.so 0x0
02-28 18:02:47.954 D/dalvikvm( 8693): No JNI_OnLoad found in libnativehelper.so 0x0, skipping init
02-28 18:02:47.964 D/dalvikvm( 8693): Extra Options: not specified
02-28 18:02:47.974 D/dalvikvm( 8693): Note: class Landroid/app/ActivityManagerNative; has 186 unimplemented (abstract) methods
02-28 18:02:48.044 E/memtrack( 8693): Couldn't load memtrack module (No such file or directory)
02-28 18:02:48.044 E/android.os.Debug( 8693): failed to load memtrack module: -2
02-28 18:02:48.084 D/AndroidRuntime( 8693): Calling main entry com.android.commands.am.Am
02-28 18:02:48.104 D/AndroidRuntime( 8693): Shutting down VM
02-28 18:02:48.104 D/dalvikvm( 8693): GC_CONCURRENT freed 112K, 16% free 666K/792K, paused 0ms+0ms, total 1ms
--------- beginning of /dev/log/system
02-28 18:02:48.104 I/ActivityManager(  506): Force stopping org.xwalk.webapi_noneservice_tests appid=10343 user=0: from pid 8693
02-28 18:02:48.114 D/dalvikvm( 8693): Compiler shutdown in progress - discarding request
02-28 18:02:48.114 D/dalvikvm( 8693): Compiler shutdown in progress - discarding request
02-28 18:02:48.114 D/dalvikvm( 8693): Compiler shutdown in progress - discarding request
02-28 18:02:48.114 D/dalvikvm( 8693): Compiler shutdown in progress - discarding request
02-28 18:02:48.114 D/dalvikvm( 8693): Compiler shutdown in progress - discarding request
02-28 18:02:48.114 D/dalvikvm( 8693): Compiler shutdown in progress - discarding request
02-28 18:02:48.114 D/dalvikvm( 8693): Compiler shutdown in progress - discarding request
02-28 18:02:48.114 D/dalvikvm( 8693): Compiler shutdown in progress - discarding request
02-28 18:02:48.114 D/dalvikvm( 8693): Compiler shutdown in progress - discarding request
02-28 18:02:48.114 D/dalvikvm( 8693): Compiler shutdown in progress - discarding request
02-28 18:02:48.114 D/dalvikvm( 8693): Compiler shutdown in progress - discarding request
02-28 18:02:48.114 D/dalvikvm( 8693): Compiler shutdown in progress - discarding request
02-28 18:02:48.114 D/dalvikvm( 8693): Compiler shutdown in progress - discarding request
02-28 18:02:48.114 D/dalvikvm( 8693): Compiler shutdown in progress - discarding request
02-28 18:02:48.114 D/dalvikvm( 8693): Compiler shutdown in progress - discarding request
02-28 18:02:48.114 D/dalvikvm( 8693): Compiler shutdown in progress - discarding request
02-28 18:02:48.114 D/dalvikvm( 8693): Compiler shutdown in progress - discarding request
02-28 18:02:48.114 D/dalvikvm( 8693): Compiler shutdown in progress - discarding request
02-28 18:02:48.114 D/dalvikvm( 8693): Compiler shutdown in progress - discarding request
02-28 18:02:48.114 D/dalvikvm( 8693): Compiler shutdown in progress - discarding request
02-28 18:02:48.114 D/dalvikvm( 8693): Compiler shutdown in progress - discarding request
02-28 18:02:48.114 D/dalvikvm( 8693): Compiler shutdown in progress - discarding request
02-28 18:02:48.114 D/dalvikvm( 8693): Compiler shutdown in progress - discarding request
02-28 18:02:48.114 D/dalvikvm( 8693): Compiler shutdown in progress - discarding request
02-28 18:02:48.114 D/dalvikvm( 8693): Compiler shutdown in progress - discarding request
02-28 18:02:48.114 D/dalvikvm( 8693): Compiler shutdown in progress - discarding request
02-28 18:02:48.114 D/dalvikvm( 8693): Compiler shutdown in progress - discarding request
02-28 18:02:48.114 D/dalvikvm( 8693): Compiler shutdown in progress - discarding request
02-28 18:02:48.114 D/dalvikvm( 8693): Compiler shutdown in progress - discarding request
02-28 18:02:48.114 D/dalvikvm( 8693): Compiler shutdown in progress - discarding request
02-28 18:02:48.114 D/dalvikvm( 8693): Compiler shutdown in progress - discarding request
02-28 18:02:48.114 D/dalvikvm( 8693): Compiler shutdown in progress - discarding request
02-28 18:02:48.114 D/dalvikvm( 8693): Compiler shutdown in progress - discarding request
02-28 18:02:48.114 D/dalvikvm( 8693): Compiler shutdown in progress - discarding request
02-28 18:02:48.114 D/dalvikvm( 8693): Compiler shutdown in progress - discarding request
02-28 18:02:48.114 D/dalvikvm( 8693): Compiler shutdown in progress - discarding request
02-28 18:02:48.114 D/dalvikvm( 8693): Compiler shutdown in progress - discarding request
02-28 18:02:48.114 D/dalvikvm( 8693): Compiler shutdown in progress - discarding request
02-28 18:02:48.114 D/dalvikvm( 8693): Compiler shutdown in progress - discarding request
02-28 18:02:48.114 D/dalvikvm( 8693): Compiler shutdown in progress - discarding request
02-28 18:02:48.114 D/dalvikvm( 8693): Compiler shutdown in progress - discarding request
02-28 18:02:48.114 D/dalvikvm( 8693): Compiler shutdown in progress - discarding request
02-28 18:02:48.114 D/dalvikvm( 8693): Compiler shutdown in progress - discarding request
02-28 18:02:48.114 D/dalvikvm( 8693): Compiler shutdown in progress - discarding request
02-28 18:02:48.114 D/dalvikvm( 8693): Compiler shutdown in progress - discarding request
02-28 18:02:48.564 D/AndroidRuntime( 8704): 
02-28 18:02:48.564 D/AndroidRuntime( 8704): >>>>>> AndroidRuntime START com.android.internal.os.RuntimeInit <<<<<<
02-28 18:02:48.564 D/AndroidRuntime( 8704): CheckJNI is OFF
02-28 18:02:48.564 I/AndroidRuntime( 8704): Kernel Release Version: 3.10.20-gf818079
02-28 18:02:48.564 I/dalvikvm( 8704): No library specified. The standard exception handler will be used
02-28 18:02:48.564 I/dalvikvm( 8704): 
02-28 18:02:48.564 I/dalvikvm( 8704): +++++++++++++ Using PCG. +++++++++++++++++++++
02-28 18:02:48.574 D/dalvikvm( 8704): Trying to load lib libjavacore.so 0x0
02-28 18:02:48.574 D/dalvikvm( 8704): Added shared lib libjavacore.so 0x0
02-28 18:02:48.584 D/dalvikvm( 8704): Trying to load lib libnativehelper.so 0x0
02-28 18:02:48.584 D/dalvikvm( 8704): Added shared lib libnativehelper.so 0x0
02-28 18:02:48.584 D/dalvikvm( 8704): No JNI_OnLoad found in libnativehelper.so 0x0, skipping init
02-28 18:02:48.584 D/dalvikvm( 8704): Extra Options: not specified
02-28 18:02:48.594 D/dalvikvm( 8704): Note: class Landroid/app/ActivityManagerNative; has 186 unimplemented (abstract) methods
02-28 18:02:48.674 E/memtrack( 8704): Couldn't load memtrack module (No such file or directory)
02-28 18:02:48.674 E/android.os.Debug( 8704): failed to load memtrack module: -2
02-28 18:02:48.704 D/AndroidRuntime( 8704): Calling main entry com.android.commands.am.Am
02-28 18:02:48.734 D/AndroidRuntime( 8704): Shutting down VM
02-28 18:02:48.734 I/ActivityManager(  506): START u0 {flg=0x10000000 cmp=org.xwalk.webapi_noneservice_tests/.webapi_noneservice_testsActivity} from pid 8704
02-28 18:02:48.744 D/dalvikvm( 8704): GC_CONCURRENT freed 117K, 16% free 702K/832K, paused 0ms+0ms, total 1ms
02-28 18:02:48.754 D/dalvikvm( 8704): Compiler shutdown in progress - discarding request
02-28 18:02:48.754 D/dalvikvm( 8704): Compiler shutdown in progress - discarding request
02-28 18:02:48.754 D/dalvikvm( 8704): Compiler shutdown in progress - discarding request
02-28 18:02:48.754 D/dalvikvm( 8704): Compiler shutdown in progress - discarding request
02-28 18:02:48.754 D/dalvikvm( 8704): Compiler shutdown in progress - discarding request
02-28 18:02:48.754 D/dalvikvm( 8704): Compiler shutdown in progress - discarding request
02-28 18:02:48.754 D/dalvikvm( 8704): Compiler shutdown in progress - discarding request
02-28 18:02:48.754 D/dalvikvm( 8704): Compiler shutdown in progress - discarding request
02-28 18:02:48.754 D/dalvikvm( 8704): Compiler shutdown in progress - discarding request
02-28 18:02:48.754 D/dalvikvm( 8704): Compiler shutdown in progress - discarding request
02-28 18:02:48.754 D/dalvikvm( 8704): Compiler shutdown in progress - discarding request
02-28 18:02:48.754 D/dalvikvm( 8704): Compiler shutdown in progress - discarding request
02-28 18:02:48.754 D/dalvikvm( 8704): Compiler shutdown in progress - discarding request
02-28 18:02:48.754 D/dalvikvm( 8704): Compiler shutdown in progress - discarding request
02-28 18:02:48.754 D/dalvikvm( 8704): Compiler shutdown in progress - discarding request
02-28 18:02:48.754 D/dalvikvm( 8704): Compiler shutdown in progress - discarding request
02-28 18:02:48.754 D/dalvikvm( 8704): Compiler shutdown in progress - discarding request
02-28 18:02:48.754 D/dalvikvm( 8704): Compiler shutdown in progress - discarding request
02-28 18:02:48.754 D/dalvikvm( 8704): Compiler shutdown in progress - discarding request
02-28 18:02:48.754 D/dalvikvm( 8704): Compiler shutdown in progress - discarding request
02-28 18:02:48.754 D/dalvikvm( 8704): Compiler shutdown in progress - discarding request
02-28 18:02:48.754 D/dalvikvm( 8704): Compiler shutdown in progress - discarding request
02-28 18:02:48.754 D/dalvikvm( 8704): Compiler shutdown in progress - discarding request
02-28 18:02:48.754 D/dalvikvm( 8704): Compiler shutdown in progress - discarding request
02-28 18:02:48.754 D/dalvikvm( 8704): Compiler shutdown in progress - discarding request
02-28 18:02:48.754 D/dalvikvm( 8704): Compiler shutdown in progress - discarding request
02-28 18:02:48.754 D/dalvikvm( 8704): Compiler shutdown in progress - discarding request
02-28 18:02:48.754 D/dalvikvm( 8704): Compiler shutdown in progress - discarding request
02-28 18:02:48.754 D/dalvikvm( 8704): Compiler shutdown in progress - discarding request
02-28 18:02:48.754 D/dalvikvm( 8704): Compiler shutdown in progress - discarding request
02-28 18:02:48.754 D/dalvikvm( 8704): Compiler shutdown in progress - discarding request
02-28 18:02:48.754 D/dalvikvm( 8704): Compiler shutdown in progress - discarding request
02-28 18:02:48.754 D/dalvikvm( 8704): Compiler shutdown in progress - discarding request
02-28 18:02:48.754 D/dalvikvm( 8704): Compiler shutdown in progress - discarding request
02-28 18:02:48.754 D/dalvikvm( 8704): Compiler shutdown in progress - discarding request
02-28 18:02:48.754 D/dalvikvm( 8704): Compiler shutdown in progress - discarding request
02-28 18:02:48.754 D/dalvikvm( 8704): Compiler shutdown in progress - discarding request
02-28 18:02:48.754 D/dalvikvm( 8704): Compiler shutdown in progress - discarding request
02-28 18:02:48.754 D/dalvikvm( 8704): Compiler shutdown in progress - discarding request
02-28 18:02:48.754 D/dalvikvm( 8704): Compiler shutdown in progress - discarding request
02-28 18:02:48.754 D/dalvikvm( 8704): Compiler shutdown in progress - discarding request
02-28 18:02:48.754 D/dalvikvm( 8704): Compiler shutdown in progress - discarding request
02-28 18:02:48.754 D/dalvikvm( 8704): Compiler shutdown in progress - discarding request
02-28 18:02:48.754 D/dalvikvm( 8704): Compiler shutdown in progress - discarding request
02-28 18:02:48.754 D/dalvikvm( 8704): Compiler shutdown in progress - discarding request
02-28 18:02:48.754 D/dalvikvm( 8704): Compiler shutdown in progress - discarding request
02-28 18:02:48.754 D/dalvikvm( 8704): Compiler shutdown in progress - discarding request
02-28 18:02:49.404 D/AndroidRuntime( 8715): 
02-28 18:02:49.404 D/AndroidRuntime( 8715): >>>>>> AndroidRuntime START com.android.internal.os.RuntimeInit <<<<<<
02-28 18:02:49.404 D/AndroidRuntime( 8715): CheckJNI is OFF
02-28 18:02:49.404 I/AndroidRuntime( 8715): Kernel Release Version: 3.10.20-gf818079
02-28 18:02:49.404 I/dalvikvm( 8715): No library specified. The standard exception handler will be used
02-28 18:02:49.414 I/dalvikvm( 8715): 
02-28 18:02:49.414 I/dalvikvm( 8715): +++++++++++++ Using PCG. +++++++++++++++++++++
02-28 18:02:49.414 D/dalvikvm( 8715): Trying to load lib libjavacore.so 0x0
02-28 18:02:49.424 D/dalvikvm( 8715): Added shared lib libjavacore.so 0x0
02-28 18:02:49.424 D/dalvikvm( 8715): Trying to load lib libnativehelper.so 0x0
02-28 18:02:49.424 D/dalvikvm( 8715): Added shared lib libnativehelper.so 0x0
02-28 18:02:49.424 D/dalvikvm( 8715): No JNI_OnLoad found in libnativehelper.so 0x0, skipping init
02-28 18:02:49.424 D/dalvikvm( 8715): Extra Options: not specified
02-28 18:02:49.434 D/dalvikvm( 8715): Note: class Landroid/app/ActivityManagerNative; has 186 unimplemented (abstract) methods
02-28 18:02:49.514 E/memtrack( 8715): Couldn't load memtrack module (No such file or directory)
02-28 18:02:49.514 E/android.os.Debug( 8715): failed to load memtrack module: -2
02-28 18:02:49.544 D/AndroidRuntime( 8715): Calling main entry com.android.commands.am.Am
02-28 18:02:49.574 D/AndroidRuntime( 8715): Shutting down VM
02-28 18:02:49.574 I/ActivityManager(  506): START u0 {flg=0x10000000 cmp=org.xwalk.webapi_noneservice_tests/.webapi_noneservice_tests} from pid 8715
02-28 18:02:49.584 D/dalvikvm( 8715): GC_CONCURRENT freed 113K, 16% free 674K/800K, paused 1ms+0ms, total 2ms
02-28 18:02:49.584 D/dalvikvm( 8715): Compiler shutdown in progress - discarding request
02-28 18:02:49.584 D/dalvikvm( 8715): Compiler shutdown in progress - discarding request
02-28 18:02:49.584 D/dalvikvm( 8715): Compiler shutdown in progress - discarding request
02-28 18:02:49.584 D/dalvikvm( 8715): Compiler shutdown in progress - discarding request
02-28 18:02:49.584 D/dalvikvm( 8715): Compiler shutdown in progress - discarding request
02-28 18:02:49.584 D/dalvikvm( 8715): Compiler shutdown in progress - discarding request
02-28 18:02:49.584 D/dalvikvm( 8715): Compiler shutdown in progress - discarding request
02-28 18:02:49.584 D/dalvikvm( 8715): Compiler shutdown in progress - discarding request
02-28 18:02:49.584 D/dalvikvm( 8715): Compiler shutdown in progress - discarding request
02-28 18:02:49.584 D/dalvikvm( 8715): Compiler shutdown in progress - discarding request
02-28 18:02:49.584 D/dalvikvm( 8715): Compiler shutdown in progress - discarding request
02-28 18:02:49.584 D/dalvikvm( 8715): Compiler shutdown in progress - discarding request
02-28 18:02:49.584 D/dalvikvm( 8715): Compiler shutdown in progress - discarding request
02-28 18:02:49.584 D/dalvikvm( 8715): Compiler shutdown in progress - discarding request
02-28 18:02:49.584 D/dalvikvm( 8715): Compiler shutdown in progress - discarding request
02-28 18:02:49.584 D/dalvikvm( 8715): Compiler shutdown in progress - discarding request
02-28 18:02:49.584 D/dalvikvm( 8715): Compiler shutdown in progress - discarding request
02-28 18:02:49.584 D/dalvikvm( 8715): Compiler shutdown in progress - discarding request
02-28 18:02:49.584 D/dalvikvm( 8715): Compiler shutdown in progress - discarding request
02-28 18:02:49.584 D/dalvikvm( 8715): Compiler shutdown in progress - discarding request
02-28 18:02:49.584 D/dalvikvm( 8715): Compiler shutdown in progress - discarding request
02-28 18:02:49.584 D/dalvikvm( 8715): Compiler shutdown in progress - discarding request
02-28 18:02:49.584 D/dalvikvm( 8715): Compiler shutdown in progress - discarding request
02-28 18:02:49.584 D/dalvikvm( 8715): Compiler shutdown in progress - discarding request
02-28 18:02:49.584 D/dalvikvm( 8715): Compiler shutdown in progress - discarding request
02-28 18:02:49.584 D/dalvikvm( 8715): Compiler shutdown in progress - discarding request
02-28 18:02:49.584 D/dalvikvm( 8715): Compiler shutdown in progress - discarding request
02-28 18:02:49.584 D/dalvikvm( 8715): Compiler shutdown in progress - discarding request
02-28 18:02:49.584 D/dalvikvm( 8715): Compiler shutdown in progress - discarding request
02-28 18:02:49.584 D/dalvikvm( 8715): Compiler shutdown in progress - discarding request
02-28 18:02:49.584 D/dalvikvm( 8715): Compiler shutdown in progress - discarding request
02-28 18:02:49.584 D/dalvikvm( 8715): Compiler shutdown in progress - discarding request
02-28 18:02:49.584 D/dalvikvm( 8715): Compiler shutdown in progress - discarding request
02-28 18:02:49.584 D/dalvikvm( 8715): Compiler shutdown in progress - discarding request
02-28 18:02:49.584 D/dalvikvm( 8715): Compiler shutdown in progress - discarding request
02-28 18:02:49.584 D/dalvikvm( 8715): Compiler shutdown in progress - discarding request
02-28 18:02:49.584 D/dalvikvm( 8715): Compiler shutdown in progress - discarding request
02-28 18:02:49.584 D/dalvikvm( 8715): Compiler shutdown in progress - discarding request
02-28 18:02:49.584 D/dalvikvm( 8715): Compiler shutdown in progress - discarding request
02-28 18:02:49.584 D/dalvikvm( 8715): Compiler shutdown in progress - discarding request
02-28 18:02:49.584 D/dalvikvm( 8715): Compiler shutdown in progress - discarding request
02-28 18:02:49.584 D/dalvikvm( 8715): Compiler shutdown in progress - discarding request
02-28 18:02:49.584 D/dalvikvm( 8715): Compiler shutdown in progress - discarding request
02-28 18:02:49.584 D/dalvikvm( 8715): Compiler shutdown in progress - discarding request
02-28 18:02:49.584 D/dalvikvm( 8715): Compiler shutdown in progress - discarding request
02-28 18:02:49.584 D/dalvikvm( 8715): Compiler shutdown in progress - discarding request
02-28 18:02:49.584 D/dalvikvm( 8715): Compiler shutdown in progress - discarding request
02-28 18:02:49.584 D/dalvikvm( 8715): Compiler shutdown in progress - discarding request
02-28 18:02:50.234 D/AndroidRuntime( 8726): 
02-28 18:02:50.234 D/AndroidRuntime( 8726): >>>>>> AndroidRuntime START com.android.internal.os.RuntimeInit <<<<<<
02-28 18:02:50.234 D/AndroidRuntime( 8726): CheckJNI is OFF
02-28 18:02:50.234 I/AndroidRuntime( 8726): Kernel Release Version: 3.10.20-gf818079
02-28 18:02:50.234 I/dalvikvm( 8726): No library specified. The standard exception handler will be used
02-28 18:02:50.234 I/dalvikvm( 8726): 
02-28 18:02:50.234 I/dalvikvm( 8726): +++++++++++++ Using PCG. +++++++++++++++++++++
02-28 18:02:50.244 D/dalvikvm( 8726): Trying to load lib libjavacore.so 0x0
02-28 18:02:50.244 D/dalvikvm( 8726): Added shared lib libjavacore.so 0x0
02-28 18:02:50.254 D/dalvikvm( 8726): Trying to load lib libnativehelper.so 0x0
02-28 18:02:50.254 D/dalvikvm( 8726): Added shared lib libnativehelper.so 0x0
02-28 18:02:50.254 D/dalvikvm( 8726): No JNI_OnLoad found in libnativehelper.so 0x0, skipping init
02-28 18:02:50.254 D/dalvikvm( 8726): Extra Options: not specified
02-28 18:02:50.264 D/dalvikvm( 8726): Note: class Landroid/app/ActivityManagerNative; has 186 unimplemented (abstract) methods
02-28 18:02:50.344 E/memtrack( 8726): Couldn't load memtrack module (No such file or directory)
02-28 18:02:50.344 E/android.os.Debug( 8726): failed to load memtrack module: -2
02-28 18:02:50.374 D/AndroidRuntime( 8726): Calling main entry com.android.commands.am.Am
02-28 18:02:50.404 I/ActivityManager(  506): START u0 {flg=0x10000000 cmp=org.xwalk.webapi_noneservice_tests/.WebapiNoneserviceTestsActivity} from pid 8726
02-28 18:02:50.414 W/ufoGralloc(  172): registerBuffer() handle 0xb8381110/7 didn't require registration
02-28 18:02:50.434 D/AndroidRuntime( 8726): Shutting down VM
02-28 18:02:50.444 D/dalvikvm( 8726): GC_CONCURRENT freed 114K, 16% free 701K/832K, paused 0ms+0ms, total 1ms
02-28 18:02:50.444 D/dalvikvm( 8726): Compiler shutdown in progress - discarding request
02-28 18:02:50.444 D/dalvikvm( 8726): Compiler shutdown in progress - discarding request
02-28 18:02:50.444 D/dalvikvm( 8726): Compiler shutdown in progress - discarding request
02-28 18:02:50.444 D/dalvikvm( 8726): Compiler shutdown in progress - discarding request
02-28 18:02:50.444 D/dalvikvm( 8726): Compiler shutdown in progress - discarding request
02-28 18:02:50.444 D/dalvikvm( 8726): Compiler shutdown in progress - discarding request
02-28 18:02:50.444 D/dalvikvm( 8726): Compiler shutdown in progress - discarding request
02-28 18:02:50.444 D/dalvikvm( 8726): Compiler shutdown in progress - discarding request
02-28 18:02:50.444 D/dalvikvm( 8726): Compiler shutdown in progress - discarding request
02-28 18:02:50.444 D/dalvikvm( 8726): Compiler shutdown in progress - discarding request
02-28 18:02:50.444 D/dalvikvm( 8726): Compiler shutdown in progress - discarding request
02-28 18:02:50.444 D/dalvikvm( 8726): Compiler shutdown in progress - discarding request
02-28 18:02:50.444 D/dalvikvm( 8726): Compiler shutdown in progress - discarding request
02-28 18:02:50.444 D/dalvikvm( 8726): Compiler shutdown in progress - discarding request
02-28 18:02:50.444 D/dalvikvm( 8726): Compiler shutdown in progress - discarding request
02-28 18:02:50.444 D/dalvikvm( 8726): Compiler shutdown in progress - discarding request
02-28 18:02:50.444 D/dalvikvm( 8726): Compiler shutdown in progress - discarding request
02-28 18:02:50.444 D/dalvikvm( 8726): Compiler shutdown in progress - discarding request
02-28 18:02:50.444 D/dalvikvm( 8726): Compiler shutdown in progress - discarding request
02-28 18:02:50.444 D/dalvikvm( 8726): Compiler shutdown in progress - discarding request
02-28 18:02:50.444 D/dalvikvm( 8726): Compiler shutdown in progress - discarding request
02-28 18:02:50.444 D/dalvikvm( 8726): Compiler shutdown in progress - discarding request
02-28 18:02:50.444 D/dalvikvm( 8726): Compiler shutdown in progress - discarding request
02-28 18:02:50.444 D/dalvikvm( 8726): Compiler shutdown in progress - discarding request
02-28 18:02:50.444 D/dalvikvm( 8726): Compiler shutdown in progress - discarding request
02-28 18:02:50.444 D/dalvikvm( 8726): Compiler shutdown in progress - discarding request
02-28 18:02:50.444 D/dalvikvm( 8726): Compiler shutdown in progress - discarding request
02-28 18:02:50.444 D/dalvikvm( 8726): Compiler shutdown in progress - discarding request
02-28 18:02:50.444 D/dalvikvm( 8726): Compiler shutdown in progress - discarding request
02-28 18:02:50.444 D/dalvikvm( 8726): Compiler shutdown in progress - discarding request
02-28 18:02:50.444 D/dalvikvm( 8726): Compiler shutdown in progress - discarding request
02-28 18:02:50.444 D/dalvikvm( 8726): Compiler shutdown in progress - discarding request
02-28 18:02:50.444 D/dalvikvm( 8726): Compiler shutdown in progress - discarding request
02-28 18:02:50.444 D/dalvikvm( 8726): Compiler shutdown in progress - discarding request
02-28 18:02:50.444 D/dalvikvm( 8726): Compiler shutdown in progress - discarding request
02-28 18:02:50.444 D/dalvikvm( 8726): Compiler shutdown in progress - discarding request
02-28 18:02:50.444 D/dalvikvm( 8726): Compiler shutdown in progress - discarding request
02-28 18:02:50.444 D/dalvikvm( 8726): Compiler shutdown in progress - discarding request
02-28 18:02:50.444 D/dalvikvm( 8726): Compiler shutdown in progress - discarding request
02-28 18:02:50.444 D/dalvikvm( 8726): Compiler shutdown in progress - discarding request
02-28 18:02:50.464 I/SecurityManagerService(  621): SMS received security event: App[START/org.xwalk.webapi_noneservice_tests]
02-28 18:02:50.464 D/dalvikvm( 8737): Process 8737 nice name: org.xwalk.webapi_noneservice_tests
02-28 18:02:50.464 D/dalvikvm( 8737): Extra Options: not specified
02-28 18:02:50.474 D/WindowManager(  506): adjustConfigurationLw, config:{1.0 ?mcc?mnc ?locale ?layoutDir sw600dp w600dp h888dp 213dpi lrg port ?uimode ?night finger -keyb/v/h -nav/v} mLidState:1 mHasDockFeature:false mHasKeyboardFeature:false mHasHallSensorFeature:true config.hardKeyboardHidden:2
02-28 18:02:50.474 I/ActivityManager(  506): Start proc org.xwalk.webapi_noneservice_tests for activity org.xwalk.webapi_noneservice_tests/.WebapiNoneserviceTestsActivity: pid=8737 uid=10343 gids={50343, 3003, 1028, 1015}
02-28 18:02:50.474 I/ActivityManager(  506): [TopPkgCurBat]	NowPkgName[org.xwalk.webapi_noneservice_tests]	Battery[92]	TimeTick[1425117770482]	OldPkgName[com.chrome.beta]
02-28 18:02:50.494 D/        (31284): Surface destroy: ANDROID_NATIVE_WINDOW_MAGIC
02-28 18:02:50.544 D/        (16090): Surface destroy: ANDROID_NATIVE_WINDOW_MAGIC
02-28 18:02:50.554 D/dalvikvm( 8737): Trying to load lib /data/app-lib/org.xwalk.webapi_noneservice_tests-1/libxwalkcore.so 0x43d82410
02-28 18:02:50.634 D/dalvikvm( 8737): Added shared lib /data/app-lib/org.xwalk.webapi_noneservice_tests-1/libxwalkcore.so 0x43d82410
02-28 18:02:50.654 I/LibraryLoader( 8737): Time to load native libraries: 104 ms (timestamps 2349-2453)
02-28 18:02:50.654 I/LibraryLoader( 8737): Expected native library version number "",actual native library version number ""
02-28 18:02:50.674 I/LibraryLoader( 8737): Expected native library version number "",actual native library version number ""
02-28 18:02:50.674 I/chromium( 8737): [INFO:library_loader_hooks.cc(112)] Chromium logging enabled: level = 0, default verbosity = 0
02-28 18:02:50.734 I/BrowserStartupController( 8737): Initializing chromium process, singleProcess=true
02-28 18:02:51.194 W/AudioManagerAndroid( 8737): Requires BLUETOOTH permission
02-28 18:02:51.204 I/ufoGralloc( 8737): Hello, this is UFO GRALLOC/Intel Corporation
02-28 18:02:51.214 D/        ( 8737): Pixel Format : GGL_PIXEL_FORMAT_RGBA_8888
02-28 18:02:51.214 D/        ( 8737): droid_create_context : config id = 1 conf->NativeVisualID=1
02-28 18:02:51.214 D/        ( 8737): Pixel Format : GGL_PIXEL_FORMAT_RGBA_8888
02-28 18:02:51.214 I/        ( 8737): Requested context : GLES 2.0
02-28 18:02:51.254 W/chromium( 8737): [WARNING:proxy_service.cc(899)] PAC support disabled because there is no system implementation
02-28 18:02:51.264 W/dalvikvm( 8737): VFY: unable to find class referenced in signature (Landroid/view/inputmethod/CursorAnchorInfo;)
02-28 18:02:51.264 I/dalvikvm( 8737): Could not find method android.view.inputmethod.InputMethodManager.updateCursorAnchorInfo, referenced from method org.chromium.content.browser.input.InputMethodManagerWrapper.updateCursorAnchorInfo
02-28 18:02:51.264 W/dalvikvm( 8737): VFY: unable to resolve virtual method 1241: Landroid/view/inputmethod/InputMethodManager;.updateCursorAnchorInfo (Landroid/view/View;Landroid/view/inputmethod/CursorAnchorInfo;)V
02-28 18:02:51.264 D/dalvikvm( 8737): VFY: replacing opcode 0x6e at 0x000a
02-28 18:02:51.334 E/cutils  (  164): Failed to mkdirat(/Removable/MicroSD): Read-only file system
02-28 18:02:51.334 W/ContextImpl( 8737): Failed to ensure directory: /Removable/MicroSD/Android/data/org.xwalk.webapi_noneservice_tests/cache
02-28 18:02:51.334 W/XWalkExtensionManager( 8737): Failed to read extensions-config.json
02-28 18:02:51.334 E/chromium( 8737): [ERROR:unix_domain_server_socket_posix.cc(106)] Not implemented reached in virtual int net::UnixDomainServerSocket::GetLocalAddress(net::IPEndPoint*) const
02-28 18:02:51.334 I/dalvikvm( 8737): Could not find method android.app.Activity.finishAndRemoveTask, referenced from method org.chromium.base.ApiCompatibilityUtils.finishAndRemoveTask
02-28 18:02:51.334 W/dalvikvm( 8737): VFY: unable to resolve virtual method 4: Landroid/app/Activity;.finishAndRemoveTask ()V
02-28 18:02:51.334 D/dalvikvm( 8737): VFY: replacing opcode 0x6e at 0x0006
02-28 18:02:51.334 I/dalvikvm( 8737): Could not find method android.os.PowerManager.isInteractive, referenced from method org.chromium.base.ApiCompatibilityUtils.isInteractive
02-28 18:02:51.334 W/dalvikvm( 8737): VFY: unable to resolve virtual method 768: Landroid/os/PowerManager;.isInteractive ()Z
02-28 18:02:51.334 D/dalvikvm( 8737): VFY: replacing opcode 0x6e at 0x000e
02-28 18:02:51.334 I/dalvikvm( 8737): Could not find method android.view.Window.getNavigationBarColor, referenced from method org.chromium.base.ApiCompatibilityUtils.setStatusBarColor
02-28 18:02:51.334 W/dalvikvm( 8737): VFY: unable to resolve virtual method 1144: Landroid/view/Window;.getNavigationBarColor ()I
02-28 18:02:51.334 D/dalvikvm( 8737): VFY: replacing opcode 0x6e at 0x0010
02-28 18:02:51.334 I/dalvikvm( 8737): Could not find method android.view.Window.setStatusBarColor, referenced from method org.chromium.base.ApiCompatibilityUtils.setStatusBarColor
02-28 18:02:51.334 W/dalvikvm( 8737): VFY: unable to resolve virtual method 1149: Landroid/view/Window;.setStatusBarColor (I)V
02-28 18:02:51.334 D/dalvikvm( 8737): VFY: replacing opcode 0x6e at 0x0019
02-28 18:02:51.334 E/dalvikvm( 8737): Could not find class 'android.app.ActivityManager$TaskDescription', referenced from method org.chromium.base.ApiCompatibilityUtils.setTaskDescription
02-28 18:02:51.334 W/dalvikvm( 8737): VFY: unable to resolve new-instance 11 (Landroid/app/ActivityManager$TaskDescription;) in Lorg/chromium/base/ApiCompatibilityUtils;
02-28 18:02:51.334 D/dalvikvm( 8737): VFY: replacing opcode 0x22 at 0x0006
02-28 18:02:51.334 D/dalvikvm( 8737): DexOpt: unable to opt direct call 0x001e at 0x08 in Lorg/chromium/base/ApiCompatibilityUtils;.setTaskDescription
02-28 18:02:51.334 W/Vold    (  164): Returning OperationFailed - no handler for errno 30
02-28 18:02:51.384 I/chromium( 8737): [INFO:xwalk_extension_renderer_controller.cc(47)] EXTENSION PROCESS DISABLED.
02-28 18:02:51.434 D/        ( 8737): droid_create_context : config id = 5 conf->NativeVisualID=1
02-28 18:02:51.434 D/        ( 8737): Pixel Format : GGL_PIXEL_FORMAT_RGBA_8888
02-28 18:02:51.434 I/        ( 8737): Requested context : GLES 2.0
02-28 18:02:51.434 D/        ( 8737): Pixel Format : GGL_PIXEL_FORMAT_RGBA_8888
02-28 18:02:51.444 D/OpenGLRenderer( 8737): Enabling debug mode 0
02-28 18:02:51.504 W/IInputConnectionWrapper(16090): showStatusIcon on inactive InputConnection
02-28 18:02:51.504 D/XT9IME  (13333): new subtype :zh_CN ,pinyin
02-28 18:02:51.514 I/ActivityManager(  506): Displayed org.xwalk.webapi_noneservice_tests/.WebapiNoneserviceTestsActivity: +1s55ms
02-28 18:02:51.524 D/BatteryStatsImpl(  506): noteStopWakeLocked system isFromForeground = false
02-28 18:02:51.524 D/        ( 8737): Pixel Format : GGL_PIXEL_FORMAT_RGBA_8888
02-28 18:02:51.524 D/        ( 8737): droid_create_context : config id = 1 conf->NativeVisualID=1
02-28 18:02:51.524 D/        ( 8737): Pixel Format : GGL_PIXEL_FORMAT_RGBA_8888
02-28 18:02:51.524 I/        ( 8737): Requested context : GLES 2.0
02-28 18:02:51.534 D/        ( 8737): Swap interval set to = 1 value
02-28 18:02:51.554 E/TabPersistentStore(16090): Failed to create state folder: /data/data/com.chrome.beta/app_tabs/0
02-28 18:02:51.634 D/        ( 8737): Pixel Format : GGL_PIXEL_FORMAT_RGBA_8888
02-28 18:02:51.634 D/        ( 8737): droid_create_context : config id = 1 conf->NativeVisualID=1
02-28 18:02:51.634 D/        ( 8737): Pixel Format : GGL_PIXEL_FORMAT_RGBA_8888
02-28 18:02:51.634 I/        ( 8737): Requested context : GLES 2.0
02-28 18:02:51.644 W/BindingManager( 8737): Cannot call determinedVisibility() - never saw a connection for the pid: 8737
02-28 18:02:51.664 W/ManagedEGLContext(16090): doTerminate failed: EGL count is 2 but managed count is 1
02-28 18:02:52.674 W/BindingManager( 8737): Cannot call determinedVisibility() - never saw a connection for the pid: 8737
02-28 18:02:52.974 I/chromium( 8737): [INFO:CONSOLE(0)] "Synchronous XMLHttpRequest on the main thread is deprecated because of its detrimental effects to the end user's experience. For more help, check http://xhr.spec.whatwg.org/.", source:  (0)
02-28 18:02:53.044 D/        ( 8737): Pixel Format : GGL_PIXEL_FORMAT_RGBA_8888
02-28 18:02:53.044 D/        ( 8737): droid_create_context : config id = 1 conf->NativeVisualID=1
02-28 18:02:53.044 D/        ( 8737): Pixel Format : GGL_PIXEL_FORMAT_RGBA_8888
02-28 18:02:53.044 I/        ( 8737): Requested context : GLES 2.0
02-28 18:02:54.764 W/chromium( 8737): [WARNING:xwalk_extension_module.cc(203)] Exception when running message listener: undefined:231:20 ReferenceError: g_promises is not defined
02-28 18:02:54.764 W/chromium( 8737):     if (_isFunction(g_promises[msgObj.asyncCallId].resolve)) {
02-28 18:02:54.764 W/chromium( 8737): 
02-28 18:02:54.764 W/chromium( 8737): [WARNING:xwalk_extension_module.cc(203)] Exception when running message listener: undefined:231:20 ReferenceError: g_promises is not defined
02-28 18:02:54.764 W/chromium( 8737):     if (_isFunction(g_promises[msgObj.asyncCallId].resolve)) {
02-28 18:02:54.764 W/chromium( 8737): 
02-28 18:02:54.774 W/chromium( 8737): [WARNING:xwalk_extension_module.cc(203)] Exception when running message listener: undefined:231:20 ReferenceError: g_promises is not defined
02-28 18:02:54.774 W/chromium( 8737):     if (_isFunction(g_promises[msgObj.asyncCallId].resolve)) {
02-28 18:02:54.774 W/chromium( 8737): 
02-28 18:02:56.934 W/BindingManager( 8737): Cannot call determinedVisibility() - never saw a connection for the pid: 8737
02-28 18:02:56.984 D/MmsSmsDatabaseHelper(  757): [MmsSmsDb] tableName: threads hasAutoIncrement: CREATE TABLE threads (_id INTEGER PRIMARY KEY AUTOINCREMENT,date INTEGER DEFAULT 0,message_count INTEGER DEFAULT 0,recipient_ids TEXT,snippet TEXT,snippet_cs INTEGER DEFAULT 0,read INTEGER DEFAULT 1,type INTEGER DEFAULT 0,error INTEGER DEFAULT 0,has_attachment INTEGER DEFAULT 0,block_timestamp INTEGER DEFAULT 0,sub_id INTEGER DEFAULT 0,imsi TEXT) result: true
02-28 18:02:56.984 D/MmsSmsDatabaseHelper(  757): [MmsSmsDb] tableName: canonical_addresses hasAutoIncrement: CREATE TABLE canonical_addresses (_id INTEGER PRIMARY KEY AUTOINCREMENT,address TEXT) result: true
02-28 18:02:56.984 D/MmsSmsDatabaseHelper(  757): [MmsSmsDb] tableName: part hasAutoIncrement: CREATE TABLE part (_id INTEGER PRIMARY KEY AUTOINCREMENT,mid INTEGER,seq INTEGER DEFAULT 0,ct TEXT,name TEXT,chset INTEGER,cd TEXT,fn TEXT,cid TEXT,cl TEXT,ctt_s INTEGER,ctt_t TEXT,_data TEXT,text TEXT) result: true
02-28 18:02:56.994 D/MmsSmsDatabaseHelper(  757): [MmsSmsDb] tableName: pdu hasAutoIncrement: CREATE TABLE pdu (_id INTEGER PRIMARY KEY AUTOINCREMENT,thread_id INTEGER,date INTEGER,date_sent INTEGER DEFAULT 0,msg_box INTEGER,read INTEGER DEFAULT 0,m_id TEXT,sub TEXT,sub_cs INTEGER,ct_t TEXT,ct_l TEXT,exp INTEGER,m_cls TEXT,m_type INTEGER,v INTEGER,m_size INTEGER,pri INTEGER,rr INTEGER,rpt_a INTEGER,resp_st INTEGER,st INTEGER,tr_id TEXT,retr_st INTEGER,retr_txt TEXT,retr_txt_cs INTEGER,read_status INTEGER,ct_cls INTEGER,resp_txt TEXT,d_tm INTEGER,d_rpt INTEGER,locked INTEGER DEFAULT 0,seen INTEGER DEFAULT 0,text_only INTEGER DEFAULT 0,sub_id INTEGER DEFAULT 0,imsi TEXT) result: true
02-28 18:02:56.994 D/MmsSmsDatabaseHelper(  757): [getWritableDatabase] hasAutoIncrementThreads: true hasAutoIncrementAddresses: true hasAutoIncrementPart: true hasAutoIncrementPdu: true
02-28 18:02:56.994 W/System.err( 8737): org.json.JSONException: No value for conversationID
02-28 18:02:56.994 W/System.err( 8737): 	at org.json.JSONObject.get(JSONObject.java:355)
02-28 18:02:56.994 W/System.err( 8737): 	at org.json.JSONObject.getString(JSONObject.java:515)
02-28 18:02:56.994 W/System.err( 8737): 	at org.xwalk.core.internal.extension.api.messaging.MessagingManager.operation(MessagingManager.java:177)
02-28 18:02:56.994 W/System.err( 8737): 	at org.xwalk.core.internal.extension.api.messaging.MessagingManager.onMsgDeleteConversation(MessagingManager.java:58)
02-28 18:02:56.994 W/System.err( 8737): 	at org.xwalk.core.internal.extension.api.messaging.Messaging$7.runCommand(Messaging.java:75)
02-28 18:02:56.994 W/System.err( 8737): 	at org.xwalk.core.internal.extension.api.messaging.Messaging.onMessage(Messaging.java:121)
02-28 18:02:56.994 W/System.err( 8737): 	at dalvik.system.NativeStart.run(Native Method)
02-28 18:02:57.004 W/chromium( 8737): [WARNING:xwalk_extension_module.cc(203)] Exception when running message listener: undefined:246:20 ReferenceError: g_promises is not defined
02-28 18:02:57.004 W/chromium( 8737):     if (_isFunction(g_promises[msgObj.asyncCallId].resolve)) {
02-28 18:02:57.004 W/chromium( 8737): 
02-28 18:02:57.004 W/chromium( 8737): [WARNING:xwalk_extension_module.cc(203)] Exception when running message listener: undefined:246:20 ReferenceError: g_promises is not defined
02-28 18:02:57.004 W/chromium( 8737):     if (_isFunction(g_promises[msgObj.asyncCallId].resolve)) {
02-28 18:02:57.004 W/chromium( 8737): 
02-28 18:02:57.164 D/wpa_supplicant(  659): wlan0: Starting AP scan for wildcard SSID
02-28 18:02:57.164 D/wpa_supplicant(  659): WPS: Building WPS IE for Probe Request
02-28 18:02:57.164 D/wpa_supplicant(  659): WPS:  * Version (hardcoded 0x10)
02-28 18:02:57.164 D/wpa_supplicant(  659): WPS:  * Request Type
02-28 18:02:57.164 D/wpa_supplicant(  659): WPS:  * Config Methods (4288)
02-28 18:02:57.164 D/wpa_supplicant(  659): WPS:  * UUID-E
02-28 18:02:57.164 D/wpa_supplicant(  659): WPS:  * Primary Device Type
02-28 18:02:57.164 D/wpa_supplicant(  659): WPS:  * RF Bands (1)
02-28 18:02:57.164 D/wpa_supplicant(  659): WPS:  * Association State
02-28 18:02:57.164 D/wpa_supplicant(  659): WPS:  * Configuration Error (0)
02-28 18:02:57.164 D/wpa_supplicant(  659): WPS:  * Device Password ID (0)
02-28 18:02:57.164 D/wpa_supplicant(  659): WPS:  * Manufacturer
02-28 18:02:57.164 D/wpa_supplicant(  659): WPS:  * Model Name
02-28 18:02:57.164 D/wpa_supplicant(  659): WPS:  * Model Number
02-28 18:02:57.164 D/wpa_supplicant(  659): WPS:  * Device Name
02-28 18:02:57.164 D/wpa_supplicant(  659): WPS:  * Version2 (0x20)
02-28 18:02:57.164 D/wpa_supplicant(  659): P2P: * P2P IE header
02-28 18:02:57.164 D/wpa_supplicant(  659): P2P: * Capability dev=25 group=00
02-28 18:02:57.164 D/wpa_supplicant(  659): P2P: * Listen Channel: Regulatory Class 81 Channel 11
02-28 18:02:57.164 D/wpa_supplicant(  659): wlan0: nl80211: scan request
02-28 18:02:57.234 D/wpa_supplicant(  659): Scan requested (ret=0) - scan timeout 30 seconds
02-28 18:02:57.234 D/wpa_supplicant(  659): nl80211: Drv Event 33 (NL80211_CMD_TRIGGER_SCAN) received for wlan0
02-28 18:02:57.234 D/wpa_supplicant(  659): wlan0: nl80211: Scan trigger
02-28 18:02:58.354 D/wpa_supplicant(  659): RTM_NEWLINK: operstate=0 ifi_flags=0x11003 ([UP][LOWER_UP])
02-28 18:02:58.354 D/wpa_supplicant(  659): RTM_NEWLINK, IFLA_IFNAME: Interface 'wlan0' added
02-28 18:02:58.354 D/wpa_supplicant(  659): nl80211: if_removed already cleared - ignore event
02-28 18:02:58.354 D/wpa_supplicant(  659): nl80211: Drv Event 34 (NL80211_CMD_NEW_SCAN_RESULTS) received for wlan0
02-28 18:02:58.354 D/wpa_supplicant(  659): wlan0: nl80211: New scan results available
02-28 18:02:58.354 D/wpa_supplicant(  659): wlan0: Event SCAN_RESULTS (3) received
02-28 18:02:58.354 D/wpa_supplicant(  659): nl80211: Received scan results (21 BSSes)
02-28 18:02:58.354 D/wpa_supplicant(  659): nl80211: Survey data missing
02-28 18:02:58.354 D/wpa_supplicant(  659): wlan0: BSS: Start scan result update 50
02-28 18:02:58.354 D/wpa_supplicant(  659): wlan0: BSS: Add new id 242 BSSID cc:b2:55:e2:84:70 SSID 'DLINK_APK'
02-28 18:02:58.354 D/wpa_supplicant(  659): CTRL_IFACE monitor send - hexdump(len=39): 2f 64 61 74 61 2f 6d 69 73 63 2f 77 69 66 69 2f 73 6f 63 6b 65 74 73 2f 77 70 61 5f 63 74 72 6c ...
02-28 18:02:58.354 D/wpa_supplicant(  659): wlan0: BSS: Add new id 243 BSSID e4:d3:32:db:f6:03 SSID 'adddda'
02-28 18:02:58.354 D/wpa_supplicant(  659): CTRL_IFACE monitor send - hexdump(len=39): 2f 64 61 74 61 2f 6d 69 73 63 2f 77 69 66 69 2f 73 6f 63 6b 65 74 73 2f 77 70 61 5f 63 74 72 6c ...
02-28 18:02:58.354 D/wpa_supplicant(  659): wlan0: BSS: Remove id 238 BSSID e4:d3:32:36:2e:54 SSID 'otc' due to no match in scan
02-28 18:02:58.354 D/wpa_supplicant(  659): CTRL_IFACE monitor send - hexdump(len=39): 2f 64 61 74 61 2f 6d 69 73 63 2f 77 69 66 69 2f 73 6f 63 6b 65 74 73 2f 77 70 61 5f 63 74 72 6c ...
02-28 18:02:58.354 D/wpa_supplicant(  659): BSS: last_scan_res_used=20/32 last_scan_full=0
02-28 18:02:58.354 D/wpa_supplicant(  659): wlan0: New scan results available
02-28 18:02:58.354 D/wpa_supplicant(  659): CTRL_IFACE monitor send - hexdump(len=39): 2f 64 61 74 61 2f 6d 69 73 63 2f 77 69 66 69 2f 73 6f 63 6b 65 74 73 2f 77 70 61 5f 63 74 72 6c ...
02-28 18:02:58.354 D/wpa_supplicant(  659): CTRL_IFACE monitor send - hexdump(len=39): 2f 64 61 74 61 2f 6d 69 73 63 2f 77 69 66 69 2f 73 6f 63 6b 65 74 73 2f 77 70 61 5f 63 74 72 6c ...
02-28 18:02:58.354 D/wpa_supplicant(  659): Authorize channel 1
02-28 18:02:58.354 D/wpa_supplicant(  659): Authorize channel 2
02-28 18:02:58.354 D/wpa_supplicant(  659): Authorize channel 3
02-28 18:02:58.354 D/wpa_supplicant(  659): Authorize channel 4
02-28 18:02:58.354 D/wpa_supplicant(  659): Authorize channel 5
02-28 18:02:58.354 D/wpa_supplicant(  659): Authorize channel 6
02-28 18:02:58.354 D/wpa_supplicant(  659): Authorize channel 7
02-28 18:02:58.354 D/wpa_supplicant(  659): Authorize channel 8
02-28 18:02:58.354 D/wpa_supplicant(  659): Authorize channel 9
02-28 18:02:58.354 D/wpa_supplicant(  659): Authorize channel 10
02-28 18:02:58.354 D/wpa_supplicant(  659): Authorize channel 11
02-28 18:02:58.354 D/wpa_supplicant(  659): Authorize channel 12
02-28 18:02:58.354 D/wpa_supplicant(  659): Authorize channel 13
02-28 18:02:58.354 D/wpa_supplicant(  659): Authorize channel 1
02-28 18:02:58.354 D/wpa_supplicant(  659): Authorize channel 2
02-28 18:02:58.354 D/wpa_supplicant(  659): Authorize channel 3
02-28 18:02:58.354 D/wpa_supplicant(  659): Authorize channel 4
02-28 18:02:58.354 D/wpa_supplicant(  659): Authorize channel 5
02-28 18:02:58.354 I/WifiHW  (  506): EVENT: IFNAME=wlan0 CTRL-EVENT-BSS-ADDED 242 cc:b2:55:e2:84:70
02-28 18:02:58.354 D/wpa_supplicant(  659): Authorize channel 6
02-28 18:02:58.354 D/wpa_supplicant(  659): Authorize channel 7
02-28 18:02:58.354 D/wpa_supplicant(  659): Authorize channel 8
02-28 18:02:58.354 D/wpa_supplicant(  659): Authorize channel 9
02-28 18:02:58.354 D/wpa_supplicant(  659): Authorize channel 10
02-28 18:02:58.354 D/wpa_supplicant(  659): Authorize channel 11
02-28 18:02:58.354 D/wpa_supplicant(  659): Authorize channel 12
02-28 18:02:58.354 D/wpa_supplicant(  659): Authorize channel 13
02-28 18:02:58.354 D/wpa_supplicant(  659): Add access point on channel 6
02-28 18:02:58.354 D/wpa_supplicant(  659): Add access point on channel 6
02-28 18:02:58.354 D/wpa_supplicant(  659): Add access point on channel 6
02-28 18:02:58.354 D/wpa_supplicant(  659): Add access point on channel 11
02-28 18:02:58.354 D/wpa_supplicant(  659): Add access point on channel 11
02-28 18:02:58.354 D/wpa_supplicant(  659): Add access point on channel 1
02-28 18:02:58.354 I/WifiHW  (  506): EVENT: IFNAME=wlan0 CTRL-EVENT-BSS-ADDED 243 e4:d3:32:db:f6:03
02-28 18:02:58.354 D/wpa_supplicant(  659): Add access point on channel 6
02-28 18:02:58.354 D/wpa_supplicant(  659): Add access point on channel 1
02-28 18:02:58.354 D/wpa_supplicant(  659): Add access point on channel 6
02-28 18:02:58.354 D/wpa_supplicant(  659): Add access point on channel 11
02-28 18:02:58.354 D/wpa_supplicant(  659): Add access point on channel 11
02-28 18:02:58.354 D/wpa_supplicant(  659): Add access point on channel 6
02-28 18:02:58.364 D/wpa_supplicant(  659): Add access point on channel 6
02-28 18:02:58.364 I/WifiHW  (  506): EVENT: IFNAME=wlan0 CTRL-EVENT-BSS-REMOVED 238 e4:d3:32:36:2e:54
02-28 18:02:58.364 D/wpa_supplicant(  659): Add access point on channel 1
02-28 18:02:58.364 D/wpa_supplicant(  659): Add access point on channel 6
02-28 18:02:58.364 D/wpa_supplicant(  659): Add access point on channel 7
02-28 18:02:58.364 D/wpa_supplicant(  659): Add access point on channel 11
02-28 18:02:58.364 D/wpa_supplicant(  659): Add access point on channel 6
02-28 18:02:58.364 D/wpa_supplicant(  659): Add access point on channel 2
02-28 18:02:58.364 D/wpa_supplicant(  659): Add access point on channel 9
02-28 18:02:58.364 D/wpa_supplicant(  659): Add access point on channel 6
02-28 18:02:58.364 D/wpa_supplicant(  659): Add access point on channel 11
02-28 18:02:58.364 D/wpa_supplicant(  659): Add access point on channel 8
02-28 18:02:58.364 D/wpa_supplicant(  659): Add access point on channel 8
02-28 18:02:58.364 D/wpa_supplicant(  659): Best Operating channel is = 1
02-28 18:02:58.364 I/WifiHW  (  506): EVENT: IFNAME=wlan0 CTRL-EVENT-SCAN-RESULTS 
02-28 18:02:58.364 D/wpa_supplicant(  659): WPS: AP[0] f8:d1:11:e7:99:e8 type=0 tries=0 last_attempt=-1 sec ago blacklist=0
02-28 18:02:58.364 D/wpa_supplicant(  659): WPS: AP[1] 44:94:fc:3d:da:38 type=0 tries=0 last_attempt=-1 sec ago blacklist=0
02-28 18:02:58.364 D/wpa_supplicant(  659): WPS: AP[2] cc:34:29:2b:26:4c type=0 tries=0 last_attempt=-1 sec ago blacklist=0
02-28 18:02:58.364 D/wpa_supplicant(  659): WPS: AP[3] cc:34:29:2c:fb:ec type=0 tries=0 last_attempt=-1 sec ago blacklist=0
02-28 18:02:58.364 D/wpa_supplicant(  659): WPS: AP[4] 98:fc:11:81:35:fb type=0 tries=0 last_attempt=-1 sec ago blacklist=0
02-28 18:02:58.364 D/wpa_supplicant(  659): WPS: AP[5] 14:d6:4d:28:ef:c8 type=0 tries=0 last_attempt=-1 sec ago blacklist=0
02-28 18:02:58.364 D/wpa_supplicant(  659): WPS: AP[6] c0:c1:c0:76:81:3c type=0 tries=0 last_attempt=-1 sec ago blacklist=0
02-28 18:02:58.364 D/wpa_supplicant(  659): WPS: AP[7] 10:9f:a9:dc:b1:fc type=0 tries=0 last_attempt=-1 sec ago blacklist=0
02-28 18:02:58.364 I/WifiHW  (  506): EVENT: IFNAME=wlan0 WPS-AP-AVAILABLE 
02-28 18:02:58.364 D/wpa_supplicant(  659): WPS: AP[8] 10:c3:7b:d2:e5:e0 type=0 tries=0 last_attempt=-1 sec ago blacklist=0
02-28 18:02:58.364 D/wpa_supplicant(  659): WPS: AP[9] e4:d3:32:36:2e:54 type=0 tries=0 last_attempt=-1 sec ago blacklist=0
02-28 18:02:58.364 D/wpa_supplicant(  659): WPS: AP[10] c0:a0:bb:20:3b:84 type=0 tries=0 last_attempt=-1 sec ago blacklist=0
02-28 18:02:58.364 D/wpa_supplicant(  659): WPS: AP[11] 2c:b0:5d:7f:f4:24 type=0 tries=0 last_attempt=-1 sec ago blacklist=0
02-28 18:02:58.364 D/wpa_supplicant(  659): WPS: AP[12] b0:48:7a:51:ff:cc type=0 tries=0 last_attempt=-1 sec ago blacklist=0
02-28 18:02:58.364 D/wpa_supplicant(  659): wlan0: Selecting BSS from priority group 20
02-28 18:02:58.364 D/wpa_supplicant(  659): wlan0: 0: c8:d7:19:60:62:f2 ssid='E3000-2.4G' wpa_ie_len=0 rsn_ie_len=20 caps=0x411 level=-43
02-28 18:02:58.364 D/wpa_supplicant(  659): wlan0:    skip - SSID mismatch
02-28 18:02:58.364 D/wpa_supplicant(  659): wlan0: 1: f8:d1:11:e7:99:e8 ssid='videotest' wpa_ie_len=22 rsn_ie_len=20 caps=0x531 level=-44 wps
02-28 18:02:58.364 D/wpa_supplicant(  659): wlan0:    skip - SSID mismatch
02-28 18:02:58.364 D/wpa_supplicant(  659): wlan0: 2: 44:94:fc:3d:da:38 ssid='6300' wpa_ie_len=0 rsn_ie_len=20 caps=0x411 level=-50 wps
02-28 18:02:58.364 D/wpa_supplicant(  659): wlan0:    skip - SSID mismatch
02-28 18:02:58.364 D/wpa_supplicant(  659): wlan0: 3: 90:94:e4:03:45:f5 ssid='DAP-2553_D' wpa_ie_len=0 rsn_ie_len=24 caps=0x431 level=-55
02-28 18:02:58.364 D/wpa_supplicant(  659): wlan0:    skip - SSID mismatch
02-28 18:02:58.364 D/wpa_supplicant(  659): wlan0: 4: 10:c3:7b:d2:e5:e0 ssid='ASUS_RT-AC66U-2.4G' wpa_ie_len=0 rsn_ie_len=20 caps=0x411 level=-58 wps
02-28 18:02:58.364 D/wpa_supplicant(  659): wlan0:    skip - SSID mismatch
02-28 18:02:58.364 D/wpa_supplicant(  659): wlan0: 5: c4:17:fe:3f:4f:fb ssid='cmcm' wpa_ie_len=0 rsn_ie_len=20 caps=0x511 level=-61
02-28 18:02:58.364 D/wpa_supplicant(  659): wlan0:    skip - SSID mismatch
02-28 18:02:58.364 D/wpa_supplicant(  659): wlan0: 6: cc:34:29:2b:26:4c ssid='cws-test' wpa_ie_len=0 rsn_ie_len=20 caps=0x431 level=-61 wps
02-28 18:02:58.364 D/wpa_supplicant(  659): wlan0:    skip - SSID mismatch
02-28 18:02:58.364 D/wpa_supplicant(  659): wlan0: 7: cc:34:29:2c:fb:ec ssid='linksys' wpa_ie_len=22 rsn_ie_len=20 caps=0x431 level=-62 wps
02-28 18:02:58.364 I/WifiHW  (  506): CMD: IFNAME=wlan0 BSS RANGE=0- MASK=0x21987
02-28 18:02:58.364 D/wpa_supplicant(  659): wlan0:    skip - SSID mismatch
02-28 18:02:58.364 D/wpa_supplicant(  659): wlan0: 8: 98:fc:11:81:35:fb ssid='E2000EE' wpa_ie_len=0 rsn_ie_len=20 caps=0x411 level=-63 wps
02-28 18:02:58.364 D/wpa_supplicant(  659): wlan0:    skip - SSID mismatch
02-28 18:02:58.364 D/wpa_supplicant(  659): wlan0: 9: e4:d3:32:c0:cf:a4 ssid='fast' wpa_ie_len=0 rsn_ie_len=20 caps=0x411 level=-70
02-28 18:02:58.364 D/wpa_supplicant(  659): wlan0:    skip - SSID mismatch
02-28 18:02:58.364 D/wpa_supplicant(  659): wlan0: 10: b0:48:7a:51:ff:cc ssid='Neusoft TP' wpa_ie_len=22 rsn_ie_len=20 caps=0x431 level=-71 wps
02-28 18:02:58.364 D/wpa_supplicant(  659): wlan0:    skip - SSID mismatch
02-28 18:02:58.364 D/wpa_supplicant(  659): wlan0: 11: 02:1a:11:f8:2f:eb ssid='io1' wpa_ie_len=0 rsn_ie_len=20 caps=0x431 level=-71
02-28 18:02:58.364 D/wpa_supplicant(  659): wlan0:    skip - SSID mismatch
02-28 18:02:58.364 D/wpa_supplicant(  659): wlan0: 12: cc:b2:55:e2:84:70 ssid='DLINK_APK' wpa_ie_len=22 rsn_ie_len=20 caps=0x411 level=-74
02-28 18:02:58.364 D/wpa_supplicant(  659): wlan0:    skip - SSID mismatch
02-28 18:02:58.364 D/wpa_supplicant(  659): wlan0: 13: 14:d6:4d:28:ef:c8 ssid='dlink' wpa_ie_len=0 rsn_ie_len=20 caps=0x431 level=-79 wps
02-28 18:02:58.364 D/wpa_supplicant(  659): wlan0:    skip - SSID mismatch
02-28 18:02:58.364 D/wpa_supplicant(  659): wlan0: 14: 00:0f:e2:0f:9f:c1 ssid='321_WAN' wpa_ie_len=28 rsn_ie_len=24 caps=0x411 level=-79
02-28 18:02:58.364 D/wpa_supplicant(  659): wlan0:    skip - SSID mismatch
02-28 18:02:58.364 D/wpa_supplicant(  659): wlan0: 15: e4:d3:32:db:f6:03 ssid='adddda' wpa_ie_len=0 rsn_ie_len=20 caps=0x31 level=-76
02-28 18:02:58.364 D/wpa_supplicant(  659): wlan0:    skip - SSID mismatch
02-28 18:02:58.364 D/wpa_supplicant(  659): wlan0: 16: c0:cb:38:7f:c9:09 ssid='360WiFi-7908' wpa_ie_len=0 rsn_ie_len=20 caps=0x511 level=-83
02-28 18:02:58.364 D/wpa_supplicant(  659): wlan0:    skip - SSID mismatch
02-28 18:02:58.364 D/wpa_supplicant(  659): wlan0: 17: c0:c1:c0:76:81:3c ssid='E2000' wpa_ie_len=0 rsn_ie_len=0 caps=0x401 level=-61 wps
02-28 18:02:58.364 D/wpa_supplicant(  659): wlan0:    skip - SSID mismatch
