02-28 17:50:06.694 W/BindingManager(  841): Cannot call determinedVisibility() - never saw a connection for the pid: 841
02-28 17:50:06.694 D/BatteryStatsImpl(  506): noteStopWakeLocked system isFromForeground = false
02-28 17:50:06.914 D/        (  841): Pixel Format : GGL_PIXEL_FORMAT_RGBA_8888
02-28 17:50:06.914 D/        (  841): droid_create_context : config id = 1 conf->NativeVisualID=1
02-28 17:50:06.914 D/        (  841): Pixel Format : GGL_PIXEL_FORMAT_RGBA_8888
02-28 17:50:06.914 I/        (  841): Requested context : GLES 2.0
02-28 17:50:06.964 I/chromium(  841): [INFO:CONSOLE(0)] "Synchronous XMLHttpRequest on the main thread is deprecated because of its detrimental effects to the end user's experience. For more help, check http://xhr.spec.whatwg.org/.", source:  (0)
02-28 17:50:07.064 D/wpa_supplicant(  659): EAPOL: Supplicant port status: Unauthorized
02-28 17:50:07.064 D/wpa_supplicant(  659): nl80211: Set supplicant port unauthorized for 00:00:00:00:00:00
02-28 17:50:08.064 D/wpa_supplicant(  659): EAPOL: Supplicant port status: Unauthorized
02-28 17:50:08.064 D/wpa_supplicant(  659): nl80211: Set supplicant port unauthorized for 00:00:00:00:00:00
02-28 17:50:08.204 D/        (  841): droid_create_context : config id = 1 conf->NativeVisualID=1
02-28 17:50:08.204 D/        (  841): Pixel Format : GGL_PIXEL_FORMAT_RGBA_8888
02-28 17:50:08.204 I/        (  841): Requested context : GLES 2.0
02-28 17:50:08.244 D/        (  841): droid_create_context : config id = 1 conf->NativeVisualID=1
02-28 17:50:08.244 D/        (  841): Pixel Format : GGL_PIXEL_FORMAT_RGBA_8888
02-28 17:50:08.244 I/        (  841): Requested context : GLES 2.0
02-28 17:50:08.524 D/        (  841): droid_create_context : config id = 1 conf->NativeVisualID=1
02-28 17:50:08.524 D/        (  841): Pixel Format : GGL_PIXEL_FORMAT_RGBA_8888
02-28 17:50:08.524 I/        (  841): Requested context : GLES 2.0
02-28 17:50:08.724 D/        (  841): droid_create_context : config id = 1 conf->NativeVisualID=1
02-28 17:50:08.724 D/        (  841): Pixel Format : GGL_PIXEL_FORMAT_RGBA_8888
02-28 17:50:08.724 I/        (  841): Requested context : GLES 2.0
02-28 17:50:08.924 D/        (  841): droid_create_context : config id = 1 conf->NativeVisualID=1
02-28 17:50:08.924 D/        (  841): Pixel Format : GGL_PIXEL_FORMAT_RGBA_8888
02-28 17:50:08.924 I/        (  841): Requested context : GLES 2.0
02-28 17:50:09.074 D/wpa_supplicant(  659): EAPOL: Supplicant port status: Unauthorized
02-28 17:50:09.074 D/wpa_supplicant(  659): nl80211: Set supplicant port unauthorized for 00:00:00:00:00:00
02-28 17:50:09.094 D/        (  841): droid_create_context : config id = 1 conf->NativeVisualID=1
02-28 17:50:09.094 D/        (  841): Pixel Format : GGL_PIXEL_FORMAT_RGBA_8888
02-28 17:50:09.094 I/        (  841): Requested context : GLES 2.0
02-28 17:50:09.274 D/        (  841): droid_create_context : config id = 1 conf->NativeVisualID=1
02-28 17:50:09.274 D/        (  841): Pixel Format : GGL_PIXEL_FORMAT_RGBA_8888
02-28 17:50:09.274 I/        (  841): Requested context : GLES 2.0
02-28 17:50:09.454 D/        (  841): droid_create_context : config id = 1 conf->NativeVisualID=1
02-28 17:50:09.454 D/        (  841): Pixel Format : GGL_PIXEL_FORMAT_RGBA_8888
02-28 17:50:09.454 I/        (  841): Requested context : GLES 2.0
02-28 17:50:09.624 D/        (  841): droid_create_context : config id = 1 conf->NativeVisualID=1
02-28 17:50:09.624 D/        (  841): Pixel Format : GGL_PIXEL_FORMAT_RGBA_8888
02-28 17:50:09.624 I/        (  841): Requested context : GLES 2.0
02-28 17:50:09.814 D/        (  841): droid_create_context : config id = 1 conf->NativeVisualID=1
02-28 17:50:09.814 D/        (  841): Pixel Format : GGL_PIXEL_FORMAT_RGBA_8888
02-28 17:50:09.814 I/        (  841): Requested context : GLES 2.0
02-28 17:50:09.994 D/        (  841): droid_create_context : config id = 1 conf->NativeVisualID=1
02-28 17:50:09.994 D/        (  841): Pixel Format : GGL_PIXEL_FORMAT_RGBA_8888
02-28 17:50:09.994 I/        (  841): Requested context : GLES 2.0
02-28 17:50:10.074 D/wpa_supplicant(  659): EAPOL: Supplicant port status: Unauthorized
02-28 17:50:10.074 D/wpa_supplicant(  659): nl80211: Set supplicant port unauthorized for 00:00:00:00:00:00
02-28 17:50:10.174 D/        (  841): droid_create_context : config id = 1 conf->NativeVisualID=1
02-28 17:50:10.174 D/        (  841): Pixel Format : GGL_PIXEL_FORMAT_RGBA_8888
02-28 17:50:10.174 I/        (  841): Requested context : GLES 2.0
02-28 17:50:10.344 D/        (  841): droid_create_context : config id = 1 conf->NativeVisualID=1
02-28 17:50:10.344 D/        (  841): Pixel Format : GGL_PIXEL_FORMAT_RGBA_8888
02-28 17:50:10.344 I/        (  841): Requested context : GLES 2.0
02-28 17:50:10.524 D/        (  841): droid_create_context : config id = 1 conf->NativeVisualID=1
02-28 17:50:10.524 D/        (  841): Pixel Format : GGL_PIXEL_FORMAT_RGBA_8888
02-28 17:50:10.524 I/        (  841): Requested context : GLES 2.0
02-28 17:50:10.804 D/        (  841): droid_create_context : config id = 1 conf->NativeVisualID=1
02-28 17:50:10.804 D/        (  841): Pixel Format : GGL_PIXEL_FORMAT_RGBA_8888
02-28 17:50:10.804 I/        (  841): Requested context : GLES 2.0
02-28 17:50:10.964 D/        (  841): droid_create_context : config id = 1 conf->NativeVisualID=1
02-28 17:50:10.964 D/        (  841): Pixel Format : GGL_PIXEL_FORMAT_RGBA_8888
02-28 17:50:10.964 I/        (  841): Requested context : GLES 2.0
02-28 17:50:11.074 D/wpa_supplicant(  659): EAPOL: Supplicant port status: Unauthorized
02-28 17:50:11.074 D/wpa_supplicant(  659): nl80211: Set supplicant port unauthorized for 00:00:00:00:00:00
02-28 17:50:11.134 D/        (  841): droid_create_context : config id = 1 conf->NativeVisualID=1
02-28 17:50:11.134 D/        (  841): Pixel Format : GGL_PIXEL_FORMAT_RGBA_8888
02-28 17:50:11.134 I/        (  841): Requested context : GLES 2.0
02-28 17:50:11.294 D/        (  841): droid_create_context : config id = 1 conf->NativeVisualID=1
02-28 17:50:11.294 D/        (  841): Pixel Format : GGL_PIXEL_FORMAT_RGBA_8888
02-28 17:50:11.294 I/        (  841): Requested context : GLES 2.0
02-28 17:50:11.474 D/        (  841): droid_create_context : config id = 1 conf->NativeVisualID=1
02-28 17:50:11.474 D/        (  841): Pixel Format : GGL_PIXEL_FORMAT_RGBA_8888
02-28 17:50:11.474 I/        (  841): Requested context : GLES 2.0
02-28 17:50:11.624 D/        (  841): droid_create_context : config id = 1 conf->NativeVisualID=1
02-28 17:50:11.624 D/        (  841): Pixel Format : GGL_PIXEL_FORMAT_RGBA_8888
02-28 17:50:11.624 I/        (  841): Requested context : GLES 2.0
02-28 17:50:11.784 D/        (  841): droid_create_context : config id = 1 conf->NativeVisualID=1
02-28 17:50:11.784 D/        (  841): Pixel Format : GGL_PIXEL_FORMAT_RGBA_8888
02-28 17:50:11.784 I/        (  841): Requested context : GLES 2.0
02-28 17:50:11.934 D/        (  841): droid_create_context : config id = 1 conf->NativeVisualID=1
02-28 17:50:11.934 D/        (  841): Pixel Format : GGL_PIXEL_FORMAT_RGBA_8888
02-28 17:50:11.934 I/        (  841): Requested context : GLES 2.0
02-28 17:50:12.074 D/wpa_supplicant(  659): EAPOL: Supplicant port status: Unauthorized
02-28 17:50:12.074 D/wpa_supplicant(  659): nl80211: Set supplicant port unauthorized for 00:00:00:00:00:00
02-28 17:50:12.094 D/        (  841): droid_create_context : config id = 1 conf->NativeVisualID=1
02-28 17:50:12.094 D/        (  841): Pixel Format : GGL_PIXEL_FORMAT_RGBA_8888
02-28 17:50:12.094 I/        (  841): Requested context : GLES 2.0
02-28 17:50:12.254 D/        (  841): droid_create_context : config id = 1 conf->NativeVisualID=1
02-28 17:50:12.254 D/        (  841): Pixel Format : GGL_PIXEL_FORMAT_RGBA_8888
02-28 17:50:12.254 I/        (  841): Requested context : GLES 2.0
02-28 17:50:12.434 D/        (  841): droid_create_context : config id = 1 conf->NativeVisualID=1
02-28 17:50:12.434 D/        (  841): Pixel Format : GGL_PIXEL_FORMAT_RGBA_8888
02-28 17:50:12.434 I/        (  841): Requested context : GLES 2.0
02-28 17:50:12.614 D/        (  841): droid_create_context : config id = 1 conf->NativeVisualID=1
02-28 17:50:12.614 D/        (  841): Pixel Format : GGL_PIXEL_FORMAT_RGBA_8888
02-28 17:50:12.614 I/        (  841): Requested context : GLES 2.0
02-28 17:50:12.774 D/        (  841): droid_create_context : config id = 1 conf->NativeVisualID=1
02-28 17:50:12.774 D/        (  841): Pixel Format : GGL_PIXEL_FORMAT_RGBA_8888
02-28 17:50:12.774 I/        (  841): Requested context : GLES 2.0
02-28 17:50:12.944 D/        (  841): droid_create_context : config id = 1 conf->NativeVisualID=1
02-28 17:50:12.944 D/        (  841): Pixel Format : GGL_PIXEL_FORMAT_RGBA_8888
02-28 17:50:12.944 I/        (  841): Requested context : GLES 2.0
02-28 17:50:13.074 D/wpa_supplicant(  659): EAPOL: Supplicant port status: Unauthorized
02-28 17:50:13.074 D/wpa_supplicant(  659): nl80211: Set supplicant port unauthorized for 00:00:00:00:00:00
02-28 17:50:13.104 D/        (  841): droid_create_context : config id = 1 conf->NativeVisualID=1
02-28 17:50:13.104 D/        (  841): Pixel Format : GGL_PIXEL_FORMAT_RGBA_8888
02-28 17:50:13.104 I/        (  841): Requested context : GLES 2.0
02-28 17:50:13.274 D/        (  841): droid_create_context : config id = 1 conf->NativeVisualID=1
02-28 17:50:13.274 D/        (  841): Pixel Format : GGL_PIXEL_FORMAT_RGBA_8888
02-28 17:50:13.274 I/        (  841): Requested context : GLES 2.0
02-28 17:50:13.444 D/        (  841): droid_create_context : config id = 1 conf->NativeVisualID=1
02-28 17:50:13.444 D/        (  841): Pixel Format : GGL_PIXEL_FORMAT_RGBA_8888
02-28 17:50:13.444 I/        (  841): Requested context : GLES 2.0
02-28 17:50:13.604 D/        (  841): droid_create_context : config id = 1 conf->NativeVisualID=1
02-28 17:50:13.604 D/        (  841): Pixel Format : GGL_PIXEL_FORMAT_RGBA_8888
02-28 17:50:13.604 I/        (  841): Requested context : GLES 2.0
02-28 17:50:13.784 D/        (  841): droid_create_context : config id = 1 conf->NativeVisualID=1
02-28 17:50:13.784 D/        (  841): Pixel Format : GGL_PIXEL_FORMAT_RGBA_8888
02-28 17:50:13.784 I/        (  841): Requested context : GLES 2.0
02-28 17:50:13.944 D/        (  841): droid_create_context : config id = 1 conf->NativeVisualID=1
02-28 17:50:13.944 D/        (  841): Pixel Format : GGL_PIXEL_FORMAT_RGBA_8888
02-28 17:50:13.944 I/        (  841): Requested context : GLES 2.0
02-28 17:50:14.074 D/wpa_supplicant(  659): EAPOL: Supplicant port status: Unauthorized
02-28 17:50:14.074 D/wpa_supplicant(  659): nl80211: Set supplicant port unauthorized for 00:00:00:00:00:00
02-28 17:50:14.104 D/        (  841): droid_create_context : config id = 1 conf->NativeVisualID=1
02-28 17:50:14.104 D/        (  841): Pixel Format : GGL_PIXEL_FORMAT_RGBA_8888
02-28 17:50:14.104 I/        (  841): Requested context : GLES 2.0
02-28 17:50:14.264 D/        (  841): droid_create_context : config id = 1 conf->NativeVisualID=1
02-28 17:50:14.264 D/        (  841): Pixel Format : GGL_PIXEL_FORMAT_RGBA_8888
02-28 17:50:14.264 I/        (  841): Requested context : GLES 2.0
02-28 17:50:14.434 D/        (  841): droid_create_context : config id = 1 conf->NativeVisualID=1
02-28 17:50:14.434 D/        (  841): Pixel Format : GGL_PIXEL_FORMAT_RGBA_8888
02-28 17:50:14.434 I/        (  841): Requested context : GLES 2.0
02-28 17:50:14.594 D/        (  841): droid_create_context : config id = 1 conf->NativeVisualID=1
02-28 17:50:14.594 D/        (  841): Pixel Format : GGL_PIXEL_FORMAT_RGBA_8888
02-28 17:50:14.594 I/        (  841): Requested context : GLES 2.0
02-28 17:50:14.754 D/        (  841): droid_create_context : config id = 1 conf->NativeVisualID=1
02-28 17:50:14.754 D/        (  841): Pixel Format : GGL_PIXEL_FORMAT_RGBA_8888
02-28 17:50:14.754 I/        (  841): Requested context : GLES 2.0
02-28 17:50:14.924 D/        (  841): droid_create_context : config id = 1 conf->NativeVisualID=1
02-28 17:50:14.924 D/        (  841): Pixel Format : GGL_PIXEL_FORMAT_RGBA_8888
02-28 17:50:14.924 I/        (  841): Requested context : GLES 2.0
02-28 17:50:15.074 D/wpa_supplicant(  659): EAPOL: Supplicant port status: Unauthorized
02-28 17:50:15.074 D/wpa_supplicant(  659): nl80211: Set supplicant port unauthorized for 00:00:00:00:00:00
02-28 17:50:15.104 D/        (  841): droid_create_context : config id = 1 conf->NativeVisualID=1
02-28 17:50:15.104 D/        (  841): Pixel Format : GGL_PIXEL_FORMAT_RGBA_8888
02-28 17:50:15.104 I/        (  841): Requested context : GLES 2.0
02-28 17:50:15.274 D/        (  841): droid_create_context : config id = 1 conf->NativeVisualID=1
02-28 17:50:15.274 D/        (  841): Pixel Format : GGL_PIXEL_FORMAT_RGBA_8888
02-28 17:50:15.274 I/        (  841): Requested context : GLES 2.0
02-28 17:50:15.434 D/        (  841): droid_create_context : config id = 1 conf->NativeVisualID=1
02-28 17:50:15.434 D/        (  841): Pixel Format : GGL_PIXEL_FORMAT_RGBA_8888
02-28 17:50:15.434 I/        (  841): Requested context : GLES 2.0
02-28 17:50:15.594 D/        (  841): droid_create_context : config id = 1 conf->NativeVisualID=1
02-28 17:50:15.594 D/        (  841): Pixel Format : GGL_PIXEL_FORMAT_RGBA_8888
02-28 17:50:15.594 I/        (  841): Requested context : GLES 2.0
02-28 17:50:15.754 D/        (  841): droid_create_context : config id = 1 conf->NativeVisualID=1
02-28 17:50:15.754 D/        (  841): Pixel Format : GGL_PIXEL_FORMAT_RGBA_8888
02-28 17:50:15.754 I/        (  841): Requested context : GLES 2.0
02-28 17:50:15.954 D/        (  841): droid_create_context : config id = 1 conf->NativeVisualID=1
02-28 17:50:15.954 D/        (  841): Pixel Format : GGL_PIXEL_FORMAT_RGBA_8888
02-28 17:50:15.954 I/        (  841): Requested context : GLES 2.0
02-28 17:50:16.074 D/wpa_supplicant(  659): EAPOL: Supplicant port status: Unauthorized
02-28 17:50:16.074 D/wpa_supplicant(  659): nl80211: Set supplicant port unauthorized for 00:00:00:00:00:00
02-28 17:50:16.124 D/        (  841): droid_create_context : config id = 1 conf->NativeVisualID=1
02-28 17:50:16.124 D/        (  841): Pixel Format : GGL_PIXEL_FORMAT_RGBA_8888
02-28 17:50:16.124 I/        (  841): Requested context : GLES 2.0
02-28 17:50:16.284 D/        (  841): droid_create_context : config id = 1 conf->NativeVisualID=1
02-28 17:50:16.284 D/        (  841): Pixel Format : GGL_PIXEL_FORMAT_RGBA_8888
02-28 17:50:16.284 I/        (  841): Requested context : GLES 2.0
02-28 17:50:16.454 D/        (  841): droid_create_context : config id = 1 conf->NativeVisualID=1
02-28 17:50:16.454 D/        (  841): Pixel Format : GGL_PIXEL_FORMAT_RGBA_8888
02-28 17:50:16.454 I/        (  841): Requested context : GLES 2.0
02-28 17:50:16.624 D/        (  841): droid_create_context : config id = 1 conf->NativeVisualID=1
02-28 17:50:16.624 D/        (  841): Pixel Format : GGL_PIXEL_FORMAT_RGBA_8888
02-28 17:50:16.624 I/        (  841): Requested context : GLES 2.0
02-28 17:50:16.784 D/        (  841): droid_create_context : config id = 1 conf->NativeVisualID=1
02-28 17:50:16.784 D/        (  841): Pixel Format : GGL_PIXEL_FORMAT_RGBA_8888
02-28 17:50:16.784 I/        (  841): Requested context : GLES 2.0
02-28 17:50:16.934 D/        (  841): droid_create_context : config id = 1 conf->NativeVisualID=1
02-28 17:50:16.934 D/        (  841): Pixel Format : GGL_PIXEL_FORMAT_RGBA_8888
02-28 17:50:16.934 I/        (  841): Requested context : GLES 2.0
02-28 17:50:17.074 D/wpa_supplicant(  659): EAPOL: Supplicant port status: Unauthorized
02-28 17:50:17.074 D/wpa_supplicant(  659): nl80211: Set supplicant port unauthorized for 00:00:00:00:00:00
02-28 17:50:17.094 D/        (  841): droid_create_context : config id = 1 conf->NativeVisualID=1
02-28 17:50:17.094 D/        (  841): Pixel Format : GGL_PIXEL_FORMAT_RGBA_8888
02-28 17:50:17.094 I/        (  841): Requested context : GLES 2.0
02-28 17:50:17.254 D/        (  841): droid_create_context : config id = 1 conf->NativeVisualID=1
02-28 17:50:17.254 D/        (  841): Pixel Format : GGL_PIXEL_FORMAT_RGBA_8888
02-28 17:50:17.254 I/        (  841): Requested context : GLES 2.0
02-28 17:50:17.404 D/        (  841): droid_create_context : config id = 1 conf->NativeVisualID=1
02-28 17:50:17.404 D/        (  841): Pixel Format : GGL_PIXEL_FORMAT_RGBA_8888
02-28 17:50:17.404 I/        (  841): Requested context : GLES 2.0
02-28 17:50:17.564 D/        (  841): droid_create_context : config id = 1 conf->NativeVisualID=1
02-28 17:50:17.564 D/        (  841): Pixel Format : GGL_PIXEL_FORMAT_RGBA_8888
02-28 17:50:17.564 I/        (  841): Requested context : GLES 2.0
02-28 17:50:17.734 D/        (  841): droid_create_context : config id = 1 conf->NativeVisualID=1
02-28 17:50:17.734 D/        (  841): Pixel Format : GGL_PIXEL_FORMAT_RGBA_8888
02-28 17:50:17.734 I/        (  841): Requested context : GLES 2.0
02-28 17:50:17.894 D/        (  841): droid_create_context : config id = 1 conf->NativeVisualID=1
02-28 17:50:17.894 D/        (  841): Pixel Format : GGL_PIXEL_FORMAT_RGBA_8888
02-28 17:50:17.894 I/        (  841): Requested context : GLES 2.0
02-28 17:50:18.054 D/        (  841): droid_create_context : config id = 1 conf->NativeVisualID=1
02-28 17:50:18.054 D/        (  841): Pixel Format : GGL_PIXEL_FORMAT_RGBA_8888
02-28 17:50:18.054 I/        (  841): Requested context : GLES 2.0
02-28 17:50:18.074 D/wpa_supplicant(  659): EAPOL: Supplicant port status: Unauthorized
02-28 17:50:18.074 D/wpa_supplicant(  659): nl80211: Set supplicant port unauthorized for 00:00:00:00:00:00
02-28 17:50:18.224 D/        (  841): droid_create_context : config id = 1 conf->NativeVisualID=1
02-28 17:50:18.224 D/        (  841): Pixel Format : GGL_PIXEL_FORMAT_RGBA_8888
02-28 17:50:18.224 I/        (  841): Requested context : GLES 2.0
02-28 17:50:18.384 D/        (  841): droid_create_context : config id = 1 conf->NativeVisualID=1
02-28 17:50:18.384 D/        (  841): Pixel Format : GGL_PIXEL_FORMAT_RGBA_8888
02-28 17:50:18.384 I/        (  841): Requested context : GLES 2.0
02-28 17:50:18.554 D/        (  841): droid_create_context : config id = 1 conf->NativeVisualID=1
02-28 17:50:18.554 D/        (  841): Pixel Format : GGL_PIXEL_FORMAT_RGBA_8888
02-28 17:50:18.554 I/        (  841): Requested context : GLES 2.0
02-28 17:50:18.714 D/        (  841): droid_create_context : config id = 1 conf->NativeVisualID=1
02-28 17:50:18.714 D/        (  841): Pixel Format : GGL_PIXEL_FORMAT_RGBA_8888
02-28 17:50:18.714 I/        (  841): Requested context : GLES 2.0
02-28 17:50:18.884 D/        (  841): droid_create_context : config id = 1 conf->NativeVisualID=1
02-28 17:50:18.884 D/        (  841): Pixel Format : GGL_PIXEL_FORMAT_RGBA_8888
02-28 17:50:18.884 I/        (  841): Requested context : GLES 2.0
02-28 17:50:19.054 D/        (  841): droid_create_context : config id = 1 conf->NativeVisualID=1
02-28 17:50:19.054 D/        (  841): Pixel Format : GGL_PIXEL_FORMAT_RGBA_8888
02-28 17:50:19.054 I/        (  841): Requested context : GLES 2.0
02-28 17:50:19.074 D/wpa_supplicant(  659): EAPOL: Supplicant port status: Unauthorized
02-28 17:50:19.074 D/wpa_supplicant(  659): nl80211: Set supplicant port unauthorized for 00:00:00:00:00:00
02-28 17:50:19.234 D/        (  841): droid_create_context : config id = 1 conf->NativeVisualID=1
02-28 17:50:19.234 D/        (  841): Pixel Format : GGL_PIXEL_FORMAT_RGBA_8888
02-28 17:50:19.234 I/        (  841): Requested context : GLES 2.0
02-28 17:50:19.424 D/        (  841): droid_create_context : config id = 1 conf->NativeVisualID=1
02-28 17:50:19.424 D/        (  841): Pixel Format : GGL_PIXEL_FORMAT_RGBA_8888
02-28 17:50:19.424 I/        (  841): Requested context : GLES 2.0
02-28 17:50:19.794 D/        (  841): droid_create_context : config id = 1 conf->NativeVisualID=1
02-28 17:50:19.794 D/        (  841): Pixel Format : GGL_PIXEL_FORMAT_RGBA_8888
02-28 17:50:19.794 I/        (  841): Requested context : GLES 2.0
02-28 17:50:20.004 D/        (  841): droid_create_context : config id = 1 conf->NativeVisualID=1
02-28 17:50:20.004 D/        (  841): Pixel Format : GGL_PIXEL_FORMAT_RGBA_8888
02-28 17:50:20.004 I/        (  841): Requested context : GLES 2.0
02-28 17:50:20.084 D/wpa_supplicant(  659): EAPOL: Supplicant port status: Unauthorized
02-28 17:50:20.084 D/wpa_supplicant(  659): nl80211: Set supplicant port unauthorized for 00:00:00:00:00:00
02-28 17:50:20.174 D/        (  841): droid_create_context : config id = 1 conf->NativeVisualID=1
02-28 17:50:20.174 D/        (  841): Pixel Format : GGL_PIXEL_FORMAT_RGBA_8888
02-28 17:50:20.174 I/        (  841): Requested context : GLES 2.0
02-28 17:50:20.344 D/        (  841): droid_create_context : config id = 1 conf->NativeVisualID=1
02-28 17:50:20.344 D/        (  841): Pixel Format : GGL_PIXEL_FORMAT_RGBA_8888
02-28 17:50:20.344 I/        (  841): Requested context : GLES 2.0
02-28 17:50:21.084 D/wpa_supplicant(  659): EAPOL: Supplicant port status: Unauthorized
02-28 17:50:21.084 D/wpa_supplicant(  659): nl80211: Set supplicant port unauthorized for 00:00:00:00:00:00
02-28 17:50:21.474 W/ufoGralloc(  172): registerBuffer() handle 0xb82265b0/58 didn't require registration
02-28 17:50:21.494 D/WindowManager(  506): adjustConfigurationLw, config:{1.0 ?mcc?mnc ?locale ?layoutDir sw600dp w600dp h888dp 213dpi lrg port ?uimode ?night finger -keyb/v/h -nav/v} mLidState:1 mHasDockFeature:false mHasKeyboardFeature:false mHasHallSensorFeature:true config.hardKeyboardHidden:2
02-28 17:50:21.494 I/ActivityManager(  506): [TopPkgCurBat]	NowPkgName[com.asus.launcher]	Battery[95]	TimeTick[1425117021507]	OldPkgName[org.xwalk.webapi_service_tests]
02-28 17:50:21.534 D/        (13282): Pixel Format : GGL_PIXEL_FORMAT_RGBA_8888
02-28 17:50:21.534 W/IInputConnectionWrapper(  841): showStatusIcon on inactive InputConnection
02-28 17:50:21.534 D/XT9IME  (13333): new subtype :zh_CN ,pinyin
02-28 17:50:21.554 D/ImageWallpaper(  570): onVisibilityChanged: mVisible, visible=false, true
02-28 17:50:21.554 D/ImageWallpaper(  570): Visibility changed to visible=true
02-28 17:50:21.554 D/ImageWallpaper(  570): Suppressed drawFrame since redraw is not needed and offsets have not changed.
02-28 17:50:21.554 D/BatteryStatsImpl(  506): noteStopWakeLocked system isFromForeground = false
02-28 17:50:21.584 D/        (  841): Surface destroy: ANDROID_NATIVE_WINDOW_MAGIC
02-28 17:50:21.584 D/        (  841): Surface destroy: ANDROID_NATIVE_WINDOW_MAGIC
02-28 17:50:21.984 D/        (  841): Pixel Format : GGL_PIXEL_FORMAT_RGBA_8888
02-28 17:50:21.984 W/SurfaceFlinger(  172): couldn't log to binary event log: overflow.
02-28 17:50:22.004 W/ScreenOrientationListener(  841): Removing an inexistent observer!
02-28 17:50:22.084 D/wpa_supplicant(  659): EAPOL: Supplicant port status: Unauthorized
02-28 17:50:22.084 D/wpa_supplicant(  659): nl80211: Set supplicant port unauthorized for 00:00:00:00:00:00
02-28 17:50:23.004 D/AndroidRuntime( 1150): 
02-28 17:50:23.004 D/AndroidRuntime( 1150): >>>>>> AndroidRuntime START com.android.internal.os.RuntimeInit <<<<<<
02-28 17:50:23.004 D/AndroidRuntime( 1150): CheckJNI is OFF
02-28 17:50:23.004 I/AndroidRuntime( 1150): Kernel Release Version: 3.10.20-gf818079
02-28 17:50:23.004 I/dalvikvm( 1150): No library specified. The standard exception handler will be used
02-28 17:50:23.004 I/dalvikvm( 1150): 
02-28 17:50:23.004 I/dalvikvm( 1150): +++++++++++++ Using PCG. +++++++++++++++++++++
02-28 17:50:23.014 D/dalvikvm( 1150): Trying to load lib libjavacore.so 0x0
02-28 17:50:23.014 D/dalvikvm( 1150): Added shared lib libjavacore.so 0x0
02-28 17:50:23.024 D/dalvikvm( 1150): Trying to load lib libnativehelper.so 0x0
02-28 17:50:23.024 D/dalvikvm( 1150): Added shared lib libnativehelper.so 0x0
02-28 17:50:23.024 D/dalvikvm( 1150): No JNI_OnLoad found in libnativehelper.so 0x0, skipping init
02-28 17:50:23.024 D/dalvikvm( 1150): Extra Options: not specified
02-28 17:50:23.034 D/dalvikvm( 1150): Note: class Landroid/app/ActivityManagerNative; has 186 unimplemented (abstract) methods
02-28 17:50:23.084 D/wpa_supplicant(  659): EAPOL: Supplicant port status: Unauthorized
02-28 17:50:23.084 D/wpa_supplicant(  659): nl80211: Set supplicant port unauthorized for 00:00:00:00:00:00
02-28 17:50:23.114 E/memtrack( 1150): Couldn't load memtrack module (No such file or directory)
02-28 17:50:23.114 E/android.os.Debug( 1150): failed to load memtrack module: -2
02-28 17:50:23.144 D/AndroidRuntime( 1150): Calling main entry com.android.commands.am.Am
02-28 17:50:23.174 I/ActivityManager(  506): Force stopping org.xwalk.webapi_service_tests appid=10350 user=0: from pid 1150
02-28 17:50:23.174 I/SecurityManagerService(  621): SMS received security event: App[STOP/org.xwalk.webapi_service_tests]
02-28 17:50:23.174 D/AndroidRuntime( 1150): Shutting down VM
02-28 17:50:23.174 D/dalvikvm( 1150): GC_CONCURRENT freed 108K, 16% free 638K/760K, paused 0ms+0ms, total 2ms
02-28 17:50:23.174 D/dalvikvm( 1150): Compiler shutdown in progress - discarding request
02-28 17:50:23.174 D/dalvikvm( 1150): Compiler shutdown in progress - discarding request
02-28 17:50:23.174 D/dalvikvm( 1150): Compiler shutdown in progress - discarding request
02-28 17:50:23.174 D/dalvikvm( 1150): Compiler shutdown in progress - discarding request
02-28 17:50:23.174 D/dalvikvm( 1150): Compiler shutdown in progress - discarding request
02-28 17:50:23.174 D/dalvikvm( 1150): Compiler shutdown in progress - discarding request
02-28 17:50:23.174 D/dalvikvm( 1150): Compiler shutdown in progress - discarding request
02-28 17:50:23.174 D/dalvikvm( 1150): Compiler shutdown in progress - discarding request
02-28 17:50:23.174 D/dalvikvm( 1150): Compiler shutdown in progress - discarding request
02-28 17:50:23.174 D/dalvikvm( 1150): Compiler shutdown in progress - discarding request
02-28 17:50:23.174 D/dalvikvm( 1150): Compiler shutdown in progress - discarding request
02-28 17:50:23.174 D/dalvikvm( 1150): Compiler shutdown in progress - discarding request
02-28 17:50:23.174 D/dalvikvm( 1150): Compiler shutdown in progress - discarding request
02-28 17:50:23.174 D/dalvikvm( 1150): Compiler shutdown in progress - discarding request
02-28 17:50:23.174 D/dalvikvm( 1150): Compiler shutdown in progress - discarding request
02-28 17:50:23.174 D/dalvikvm( 1150): Compiler shutdown in progress - discarding request
02-28 17:50:23.174 D/dalvikvm( 1150): Compiler shutdown in progress - discarding request
02-28 17:50:23.174 D/dalvikvm( 1150): Compiler shutdown in progress - discarding request
02-28 17:50:23.174 D/dalvikvm( 1150): Compiler shutdown in progress - discarding request
02-28 17:50:23.174 D/dalvikvm( 1150): Compiler shutdown in progress - discarding request
02-28 17:50:23.174 D/dalvikvm( 1150): Compiler shutdown in progress - discarding request
02-28 17:50:23.174 D/dalvikvm( 1150): Compiler shutdown in progress - discarding request
02-28 17:50:23.174 D/dalvikvm( 1150): Compiler shutdown in progress - discarding request
02-28 17:50:23.174 D/dalvikvm( 1150): Compiler shutdown in progress - discarding request
02-28 17:50:23.174 D/dalvikvm( 1150): Compiler shutdown in progress - discarding request
02-28 17:50:23.174 D/dalvikvm( 1150): Compiler shutdown in progress - discarding request
02-28 17:50:23.174 D/dalvikvm( 1150): Compiler shutdown in progress - discarding request
02-28 17:50:23.174 D/dalvikvm( 1150): Compiler shutdown in progress - discarding request
02-28 17:50:23.174 D/dalvikvm( 1150): Compiler shutdown in progress - discarding request
02-28 17:50:23.174 D/dalvikvm( 1150): Compiler shutdown in progress - discarding request
02-28 17:50:23.174 D/dalvikvm( 1150): Compiler shutdown in progress - discarding request
02-28 17:50:23.174 D/dalvikvm( 1150): Compiler shutdown in progress - discarding request
02-28 17:50:23.174 D/dalvikvm( 1150): Compiler shutdown in progress - discarding request
02-28 17:50:23.174 D/dalvikvm( 1150): Compiler shutdown in progress - discarding request
02-28 17:50:23.174 D/dalvikvm( 1150): Compiler shutdown in progress - discarding request
02-28 17:50:23.174 D/dalvikvm( 1150): Compiler shutdown in progress - discarding request
02-28 17:50:23.174 D/dalvikvm( 1150): Compiler shutdown in progress - discarding request
02-28 17:50:23.174 D/dalvikvm( 1150): Compiler shutdown in progress - discarding request
02-28 17:50:23.174 D/dalvikvm( 1150): Compiler shutdown in progress - discarding request
02-28 17:50:23.174 D/dalvikvm( 1150): Compiler shutdown in progress - discarding request
02-28 17:50:23.174 D/dalvikvm( 1150): Compiler shutdown in progress - discarding request
02-28 17:50:23.174 D/dalvikvm( 1150): Compiler shutdown in progress - discarding request
02-28 17:50:23.174 D/dalvikvm( 1150): Compiler shutdown in progress - discarding request
02-28 17:50:23.174 D/dalvikvm( 1150): Compiler shutdown in progress - discarding request
02-28 17:50:23.174 D/dalvikvm( 1150): Compiler shutdown in progress - discarding request
02-28 17:50:23.174 D/dalvikvm( 1150): Compiler shutdown in progress - discarding request
02-28 17:50:23.174 D/dalvikvm( 1150): Compiler shutdown in progress - discarding request
02-28 17:50:23.174 D/dalvikvm( 1150): Compiler shutdown in progress - discarding request
02-28 17:50:23.174 D/dalvikvm( 1150): Compiler shutdown in progress - discarding request
02-28 17:50:23.174 D/dalvikvm( 1150): Compiler shutdown in progress - discarding request
02-28 17:50:23.174 I/ActivityManager(  506): Killing 841:org.xwalk.webapi_service_tests/u0a350 (adj 9): stop org.xwalk.webapi_service_tests
--------- beginning of /dev/log/main
02-28 17:50:25.084 D/wpa_supplicant(  659): EAPOL: Supplicant port status: Unauthorized
02-28 17:50:25.084 D/wpa_supplicant(  659): nl80211: Set supplicant port unauthorized for 00:00:00:00:00:00
02-28 17:50:26.084 D/wpa_supplicant(  659): EAPOL: startWhen --> 0
02-28 17:50:26.084 D/wpa_supplicant(  659): EAPOL: disable timer tick
02-28 17:50:26.084 D/wpa_supplicant(  659): EAPOL: Supplicant port status: Unauthorized
02-28 17:50:26.084 D/wpa_supplicant(  659): nl80211: Set supplicant port unauthorized for 00:00:00:00:00:00
02-28 17:50:26.444 D/AndroidRuntime( 1174): 
02-28 17:50:26.444 D/AndroidRuntime( 1174): >>>>>> AndroidRuntime START com.android.internal.os.RuntimeInit <<<<<<
02-28 17:50:26.444 D/AndroidRuntime( 1174): CheckJNI is OFF
02-28 17:50:26.444 I/AndroidRuntime( 1174): Kernel Release Version: 3.10.20-gf818079
02-28 17:50:26.444 I/dalvikvm( 1174): No library specified. The standard exception handler will be used
02-28 17:50:26.444 I/dalvikvm( 1174): 
02-28 17:50:26.444 I/dalvikvm( 1174): +++++++++++++ Using PCG. +++++++++++++++++++++
02-28 17:50:26.454 D/dalvikvm( 1174): Trying to load lib libjavacore.so 0x0
02-28 17:50:26.454 D/dalvikvm( 1174): Added shared lib libjavacore.so 0x0
02-28 17:50:26.454 D/dalvikvm( 1174): Trying to load lib libnativehelper.so 0x0
02-28 17:50:26.454 D/dalvikvm( 1174): Added shared lib libnativehelper.so 0x0
02-28 17:50:26.454 D/dalvikvm( 1174): No JNI_OnLoad found in libnativehelper.so 0x0, skipping init
02-28 17:50:26.464 D/dalvikvm( 1174): Extra Options: not specified
02-28 17:50:26.474 D/dalvikvm( 1174): Note: class Landroid/app/ActivityManagerNative; has 186 unimplemented (abstract) methods
02-28 17:50:26.544 E/memtrack( 1174): Couldn't load memtrack module (No such file or directory)
02-28 17:50:26.544 E/android.os.Debug( 1174): failed to load memtrack module: -2
02-28 17:50:26.584 D/AndroidRuntime( 1174): Calling main entry com.android.commands.am.Am
02-28 17:50:26.604 D/AndroidRuntime( 1174): Shutting down VM
--------- beginning of /dev/log/system
02-28 17:50:26.604 I/ActivityManager(  506): Force stopping org.xwalk.webapi_service_tests appid=10350 user=0: from pid 1174
02-28 17:50:26.614 D/dalvikvm( 1174): GC_CONCURRENT freed 112K, 16% free 666K/792K, paused 0ms+0ms, total 1ms
02-28 17:50:26.614 D/dalvikvm( 1174): Compiler shutdown in progress - discarding request
02-28 17:50:26.614 D/dalvikvm( 1174): Compiler shutdown in progress - discarding request
02-28 17:50:26.614 D/dalvikvm( 1174): Compiler shutdown in progress - discarding request
02-28 17:50:26.614 D/dalvikvm( 1174): Compiler shutdown in progress - discarding request
02-28 17:50:26.614 D/dalvikvm( 1174): Compiler shutdown in progress - discarding request
02-28 17:50:26.614 D/dalvikvm( 1174): Compiler shutdown in progress - discarding request
02-28 17:50:26.614 D/dalvikvm( 1174): Compiler shutdown in progress - discarding request
02-28 17:50:26.614 D/dalvikvm( 1174): Compiler shutdown in progress - discarding request
02-28 17:50:26.614 D/dalvikvm( 1174): Compiler shutdown in progress - discarding request
02-28 17:50:26.614 D/dalvikvm( 1174): Compiler shutdown in progress - discarding request
02-28 17:50:26.614 D/dalvikvm( 1174): Compiler shutdown in progress - discarding request
02-28 17:50:26.614 D/dalvikvm( 1174): Compiler shutdown in progress - discarding request
02-28 17:50:26.614 D/dalvikvm( 1174): Compiler shutdown in progress - discarding request
02-28 17:50:26.614 D/dalvikvm( 1174): Compiler shutdown in progress - discarding request
02-28 17:50:26.614 D/dalvikvm( 1174): Compiler shutdown in progress - discarding request
02-28 17:50:26.614 D/dalvikvm( 1174): Compiler shutdown in progress - discarding request
02-28 17:50:26.614 D/dalvikvm( 1174): Compiler shutdown in progress - discarding request
02-28 17:50:26.614 D/dalvikvm( 1174): Compiler shutdown in progress - discarding request
02-28 17:50:26.614 D/dalvikvm( 1174): Compiler shutdown in progress - discarding request
02-28 17:50:26.614 D/dalvikvm( 1174): Compiler shutdown in progress - discarding request
02-28 17:50:26.614 D/dalvikvm( 1174): Compiler shutdown in progress - discarding request
02-28 17:50:26.614 D/dalvikvm( 1174): Compiler shutdown in progress - discarding request
02-28 17:50:26.614 D/dalvikvm( 1174): Compiler shutdown in progress - discarding request
02-28 17:50:26.614 D/dalvikvm( 1174): Compiler shutdown in progress - discarding request
02-28 17:50:26.614 D/dalvikvm( 1174): Compiler shutdown in progress - discarding request
02-28 17:50:26.614 D/dalvikvm( 1174): Compiler shutdown in progress - discarding request
02-28 17:50:26.614 D/dalvikvm( 1174): Compiler shutdown in progress - discarding request
02-28 17:50:26.614 D/dalvikvm( 1174): Compiler shutdown in progress - discarding request
02-28 17:50:26.614 D/dalvikvm( 1174): Compiler shutdown in progress - discarding request
02-28 17:50:26.614 D/dalvikvm( 1174): Compiler shutdown in progress - discarding request
02-28 17:50:26.614 D/dalvikvm( 1174): Compiler shutdown in progress - discarding request
02-28 17:50:26.614 D/dalvikvm( 1174): Compiler shutdown in progress - discarding request
02-28 17:50:26.614 D/dalvikvm( 1174): Compiler shutdown in progress - discarding request
02-28 17:50:26.614 D/dalvikvm( 1174): Compiler shutdown in progress - discarding request
02-28 17:50:26.614 D/dalvikvm( 1174): Compiler shutdown in progress - discarding request
02-28 17:50:26.614 D/dalvikvm( 1174): Compiler shutdown in progress - discarding request
02-28 17:50:26.614 D/dalvikvm( 1174): Compiler shutdown in progress - discarding request
02-28 17:50:26.614 D/dalvikvm( 1174): Compiler shutdown in progress - discarding request
02-28 17:50:26.614 D/dalvikvm( 1174): Compiler shutdown in progress - discarding request
02-28 17:50:26.614 D/dalvikvm( 1174): Compiler shutdown in progress - discarding request
02-28 17:50:26.614 D/dalvikvm( 1174): Compiler shutdown in progress - discarding request
02-28 17:50:26.614 D/dalvikvm( 1174): Compiler shutdown in progress - discarding request
02-28 17:50:26.614 D/dalvikvm( 1174): Compiler shutdown in progress - discarding request
02-28 17:50:26.614 D/dalvikvm( 1174): Compiler shutdown in progress - discarding request
02-28 17:50:26.614 D/dalvikvm( 1174): Compiler shutdown in progress - discarding request
02-28 17:50:26.614 D/dalvikvm( 1174): Compiler shutdown in progress - discarding request
02-28 17:50:26.614 D/dalvikvm( 1174): Compiler shutdown in progress - discarding request
02-28 17:50:26.614 D/dalvikvm( 1174): Compiler shutdown in progress - discarding request
02-28 17:50:27.234 D/AndroidRuntime( 1185): 
02-28 17:50:27.234 D/AndroidRuntime( 1185): >>>>>> AndroidRuntime START com.android.internal.os.RuntimeInit <<<<<<
02-28 17:50:27.234 D/AndroidRuntime( 1185): CheckJNI is OFF
02-28 17:50:27.234 I/AndroidRuntime( 1185): Kernel Release Version: 3.10.20-gf818079
02-28 17:50:27.234 I/dalvikvm( 1185): No library specified. The standard exception handler will be used
02-28 17:50:27.234 I/dalvikvm( 1185): 
02-28 17:50:27.234 I/dalvikvm( 1185): +++++++++++++ Using PCG. +++++++++++++++++++++
02-28 17:50:27.244 D/dalvikvm( 1185): Trying to load lib libjavacore.so 0x0
02-28 17:50:27.244 D/dalvikvm( 1185): Added shared lib libjavacore.so 0x0
02-28 17:50:27.244 D/dalvikvm( 1185): Trying to load lib libnativehelper.so 0x0
02-28 17:50:27.244 D/dalvikvm( 1185): Added shared lib libnativehelper.so 0x0
02-28 17:50:27.244 D/dalvikvm( 1185): No JNI_OnLoad found in libnativehelper.so 0x0, skipping init
02-28 17:50:27.254 D/dalvikvm( 1185): Extra Options: not specified
02-28 17:50:27.264 D/dalvikvm( 1185): Note: class Landroid/app/ActivityManagerNative; has 186 unimplemented (abstract) methods
02-28 17:50:27.334 E/memtrack( 1185): Couldn't load memtrack module (No such file or directory)
02-28 17:50:27.334 E/android.os.Debug( 1185): failed to load memtrack module: -2
02-28 17:50:27.374 D/AndroidRuntime( 1185): Calling main entry com.android.commands.am.Am
02-28 17:50:27.404 D/AndroidRuntime( 1185): Shutting down VM
02-28 17:50:27.404 D/dalvikvm( 1185): GC_CONCURRENT freed 116K, 16% free 702K/832K, paused 1ms+1ms, total 2ms
02-28 17:50:27.404 I/ActivityManager(  506): START u0 {flg=0x10000000 cmp=org.xwalk.webapi_service_tests/.webapi_service_testsActivity} from pid 1185
02-28 17:50:27.414 D/dalvikvm( 1185): Compiler shutdown in progress - discarding request
02-28 17:50:27.414 D/dalvikvm( 1185): Compiler shutdown in progress - discarding request
02-28 17:50:27.414 D/dalvikvm( 1185): Compiler shutdown in progress - discarding request
02-28 17:50:27.414 D/dalvikvm( 1185): Compiler shutdown in progress - discarding request
02-28 17:50:27.414 D/dalvikvm( 1185): Compiler shutdown in progress - discarding request
02-28 17:50:27.414 D/dalvikvm( 1185): Compiler shutdown in progress - discarding request
02-28 17:50:27.414 D/dalvikvm( 1185): Compiler shutdown in progress - discarding request
02-28 17:50:27.414 D/dalvikvm( 1185): Compiler shutdown in progress - discarding request
02-28 17:50:27.414 D/dalvikvm( 1185): Compiler shutdown in progress - discarding request
02-28 17:50:27.414 D/dalvikvm( 1185): Compiler shutdown in progress - discarding request
02-28 17:50:27.414 D/dalvikvm( 1185): Compiler shutdown in progress - discarding request
02-28 17:50:27.414 D/dalvikvm( 1185): Compiler shutdown in progress - discarding request
02-28 17:50:27.414 D/dalvikvm( 1185): Compiler shutdown in progress - discarding request
02-28 17:50:27.414 D/dalvikvm( 1185): Compiler shutdown in progress - discarding request
02-28 17:50:27.414 D/dalvikvm( 1185): Compiler shutdown in progress - discarding request
02-28 17:50:27.414 D/dalvikvm( 1185): Compiler shutdown in progress - discarding request
02-28 17:50:27.414 D/dalvikvm( 1185): Compiler shutdown in progress - discarding request
02-28 17:50:27.414 D/dalvikvm( 1185): Compiler shutdown in progress - discarding request
02-28 17:50:27.414 D/dalvikvm( 1185): Compiler shutdown in progress - discarding request
02-28 17:50:27.414 D/dalvikvm( 1185): Compiler shutdown in progress - discarding request
02-28 17:50:27.414 D/dalvikvm( 1185): Compiler shutdown in progress - discarding request
02-28 17:50:27.414 D/dalvikvm( 1185): Compiler shutdown in progress - discarding request
02-28 17:50:27.414 D/dalvikvm( 1185): Compiler shutdown in progress - discarding request
02-28 17:50:27.414 D/dalvikvm( 1185): Compiler shutdown in progress - discarding request
02-28 17:50:27.414 D/dalvikvm( 1185): Compiler shutdown in progress - discarding request
02-28 17:50:27.414 D/dalvikvm( 1185): Compiler shutdown in progress - discarding request
02-28 17:50:27.414 D/dalvikvm( 1185): Compiler shutdown in progress - discarding request
02-28 17:50:27.414 D/dalvikvm( 1185): Compiler shutdown in progress - discarding request
02-28 17:50:27.414 D/dalvikvm( 1185): Compiler shutdown in progress - discarding request
02-28 17:50:27.414 D/dalvikvm( 1185): Compiler shutdown in progress - discarding request
02-28 17:50:27.414 D/dalvikvm( 1185): Compiler shutdown in progress - discarding request
02-28 17:50:27.414 D/dalvikvm( 1185): Compiler shutdown in progress - discarding request
02-28 17:50:27.414 D/dalvikvm( 1185): Compiler shutdown in progress - discarding request
02-28 17:50:27.414 D/dalvikvm( 1185): Compiler shutdown in progress - discarding request
02-28 17:50:27.414 D/dalvikvm( 1185): Compiler shutdown in progress - discarding request
02-28 17:50:27.414 D/dalvikvm( 1185): Compiler shutdown in progress - discarding request
02-28 17:50:27.414 D/dalvikvm( 1185): Compiler shutdown in progress - discarding request
02-28 17:50:27.414 D/dalvikvm( 1185): Compiler shutdown in progress - discarding request
02-28 17:50:27.414 D/dalvikvm( 1185): Compiler shutdown in progress - discarding request
02-28 17:50:27.414 D/dalvikvm( 1185): Compiler shutdown in progress - discarding request
02-28 17:50:27.414 D/dalvikvm( 1185): Compiler shutdown in progress - discarding request
02-28 17:50:27.414 D/dalvikvm( 1185): Compiler shutdown in progress - discarding request
02-28 17:50:27.414 D/dalvikvm( 1185): Compiler shutdown in progress - discarding request
02-28 17:50:27.414 D/dalvikvm( 1185): Compiler shutdown in progress - discarding request
02-28 17:50:27.414 D/dalvikvm( 1185): Compiler shutdown in progress - discarding request
02-28 17:50:28.054 D/AndroidRuntime( 1196): 
02-28 17:50:28.054 D/AndroidRuntime( 1196): >>>>>> AndroidRuntime START com.android.internal.os.RuntimeInit <<<<<<
02-28 17:50:28.054 D/AndroidRuntime( 1196): CheckJNI is OFF
02-28 17:50:28.054 I/AndroidRuntime( 1196): Kernel Release Version: 3.10.20-gf818079
02-28 17:50:28.054 I/dalvikvm( 1196): No library specified. The standard exception handler will be used
02-28 17:50:28.054 I/dalvikvm( 1196): 
02-28 17:50:28.054 I/dalvikvm( 1196): +++++++++++++ Using PCG. +++++++++++++++++++++
02-28 17:50:28.064 D/dalvikvm( 1196): Trying to load lib libjavacore.so 0x0
02-28 17:50:28.064 D/dalvikvm( 1196): Added shared lib libjavacore.so 0x0
02-28 17:50:28.064 D/dalvikvm( 1196): Trying to load lib libnativehelper.so 0x0
02-28 17:50:28.064 D/dalvikvm( 1196): Added shared lib libnativehelper.so 0x0
02-28 17:50:28.064 D/dalvikvm( 1196): No JNI_OnLoad found in libnativehelper.so 0x0, skipping init
02-28 17:50:28.074 D/dalvikvm( 1196): Extra Options: not specified
02-28 17:50:28.084 D/dalvikvm( 1196): Note: class Landroid/app/ActivityManagerNative; has 186 unimplemented (abstract) methods
02-28 17:50:28.154 E/memtrack( 1196): Couldn't load memtrack module (No such file or directory)
02-28 17:50:28.154 E/android.os.Debug( 1196): failed to load memtrack module: -2
02-28 17:50:28.184 D/AndroidRuntime( 1196): Calling main entry com.android.commands.am.Am
02-28 17:50:28.214 I/ActivityManager(  506): START u0 {flg=0x10000000 cmp=org.xwalk.webapi_service_tests/.webapi_service_tests} from pid 1196
02-28 17:50:28.224 D/AndroidRuntime( 1196): Shutting down VM
02-28 17:50:28.224 D/dalvikvm( 1196): GC_CONCURRENT freed 116K, 16% free 702K/832K, paused 0ms+0ms, total 1ms
02-28 17:50:28.224 D/dalvikvm( 1196): Compiler shutdown in progress - discarding request
02-28 17:50:28.224 D/dalvikvm( 1196): Compiler shutdown in progress - discarding request
02-28 17:50:28.224 D/dalvikvm( 1196): Compiler shutdown in progress - discarding request
02-28 17:50:28.224 D/dalvikvm( 1196): Compiler shutdown in progress - discarding request
02-28 17:50:28.224 D/dalvikvm( 1196): Compiler shutdown in progress - discarding request
02-28 17:50:28.224 D/dalvikvm( 1196): Compiler shutdown in progress - discarding request
02-28 17:50:28.224 D/dalvikvm( 1196): Compiler shutdown in progress - discarding request
02-28 17:50:28.224 D/dalvikvm( 1196): Compiler shutdown in progress - discarding request
02-28 17:50:28.224 D/dalvikvm( 1196): Compiler shutdown in progress - discarding request
02-28 17:50:28.224 D/dalvikvm( 1196): Compiler shutdown in progress - discarding request
02-28 17:50:28.224 D/dalvikvm( 1196): Compiler shutdown in progress - discarding request
02-28 17:50:28.224 D/dalvikvm( 1196): Compiler shutdown in progress - discarding request
02-28 17:50:28.224 D/dalvikvm( 1196): Compiler shutdown in progress - discarding request
02-28 17:50:28.224 D/dalvikvm( 1196): Compiler shutdown in progress - discarding request
02-28 17:50:28.224 D/dalvikvm( 1196): Compiler shutdown in progress - discarding request
02-28 17:50:28.224 D/dalvikvm( 1196): Compiler shutdown in progress - discarding request
02-28 17:50:28.224 D/dalvikvm( 1196): Compiler shutdown in progress - discarding request
02-28 17:50:28.224 D/dalvikvm( 1196): Compiler shutdown in progress - discarding request
02-28 17:50:28.224 D/dalvikvm( 1196): Compiler shutdown in progress - discarding request
02-28 17:50:28.224 D/dalvikvm( 1196): Compiler shutdown in progress - discarding request
02-28 17:50:28.224 D/dalvikvm( 1196): Compiler shutdown in progress - discarding request
02-28 17:50:28.224 D/dalvikvm( 1196): Compiler shutdown in progress - discarding request
02-28 17:50:28.224 D/dalvikvm( 1196): Compiler shutdown in progress - discarding request
02-28 17:50:28.224 D/dalvikvm( 1196): Compiler shutdown in progress - discarding request
02-28 17:50:28.224 D/dalvikvm( 1196): Compiler shutdown in progress - discarding request
02-28 17:50:28.224 D/dalvikvm( 1196): Compiler shutdown in progress - discarding request
02-28 17:50:28.224 D/dalvikvm( 1196): Compiler shutdown in progress - discarding request
02-28 17:50:28.224 D/dalvikvm( 1196): Compiler shutdown in progress - discarding request
02-28 17:50:28.224 D/dalvikvm( 1196): Compiler shutdown in progress - discarding request
02-28 17:50:28.224 D/dalvikvm( 1196): Compiler shutdown in progress - discarding request
02-28 17:50:28.224 D/dalvikvm( 1196): Compiler shutdown in progress - discarding request
02-28 17:50:28.224 D/dalvikvm( 1196): Compiler shutdown in progress - discarding request
02-28 17:50:28.224 D/dalvikvm( 1196): Compiler shutdown in progress - discarding request
02-28 17:50:28.224 D/dalvikvm( 1196): Compiler shutdown in progress - discarding request
02-28 17:50:28.224 D/dalvikvm( 1196): Compiler shutdown in progress - discarding request
02-28 17:50:28.224 D/dalvikvm( 1196): Compiler shutdown in progress - discarding request
02-28 17:50:28.224 D/dalvikvm( 1196): Compiler shutdown in progress - discarding request
02-28 17:50:28.224 D/dalvikvm( 1196): Compiler shutdown in progress - discarding request
02-28 17:50:28.224 D/dalvikvm( 1196): Compiler shutdown in progress - discarding request
02-28 17:50:28.224 D/dalvikvm( 1196): Compiler shutdown in progress - discarding request
02-28 17:50:28.224 D/dalvikvm( 1196): Compiler shutdown in progress - discarding request
02-28 17:50:28.224 D/dalvikvm( 1196): Compiler shutdown in progress - discarding request
02-28 17:50:28.224 D/dalvikvm( 1196): Compiler shutdown in progress - discarding request
02-28 17:50:28.224 D/dalvikvm( 1196): Compiler shutdown in progress - discarding request
02-28 17:50:28.224 D/dalvikvm( 1196): Compiler shutdown in progress - discarding request
02-28 17:50:28.224 D/dalvikvm( 1196): Compiler shutdown in progress - discarding request
02-28 17:50:28.854 D/AndroidRuntime( 1207): 
02-28 17:50:28.854 D/AndroidRuntime( 1207): >>>>>> AndroidRuntime START com.android.internal.os.RuntimeInit <<<<<<
02-28 17:50:28.854 D/AndroidRuntime( 1207): CheckJNI is OFF
02-28 17:50:28.854 I/AndroidRuntime( 1207): Kernel Release Version: 3.10.20-gf818079
02-28 17:50:28.854 I/dalvikvm( 1207): No library specified. The standard exception handler will be used
02-28 17:50:28.854 I/dalvikvm( 1207): 
02-28 17:50:28.854 I/dalvikvm( 1207): +++++++++++++ Using PCG. +++++++++++++++++++++
02-28 17:50:28.864 D/dalvikvm( 1207): Trying to load lib libjavacore.so 0x0
02-28 17:50:28.864 D/dalvikvm( 1207): Added shared lib libjavacore.so 0x0
02-28 17:50:28.874 D/dalvikvm( 1207): Trying to load lib libnativehelper.so 0x0
02-28 17:50:28.874 D/dalvikvm( 1207): Added shared lib libnativehelper.so 0x0
02-28 17:50:28.874 D/dalvikvm( 1207): No JNI_OnLoad found in libnativehelper.so 0x0, skipping init
02-28 17:50:28.874 D/dalvikvm( 1207): Extra Options: not specified
02-28 17:50:28.884 D/dalvikvm( 1207): Note: class Landroid/app/ActivityManagerNative; has 186 unimplemented (abstract) methods
02-28 17:50:28.964 E/memtrack( 1207): Couldn't load memtrack module (No such file or directory)
02-28 17:50:28.964 E/android.os.Debug( 1207): failed to load memtrack module: -2
02-28 17:50:29.004 D/AndroidRuntime( 1207): Calling main entry com.android.commands.am.Am
02-28 17:50:29.034 D/AndroidRuntime( 1207): Shutting down VM
02-28 17:50:29.034 I/SecurityManagerService(  621): SMS received security event: App[START/org.xwalk.webapi_service_tests]
02-28 17:50:29.034 D/dalvikvm( 1207): GC_CONCURRENT freed 114K, 16% free 701K/832K, paused 1ms+0ms, total 2ms
02-28 17:50:29.034 I/ActivityManager(  506): START u0 {flg=0x10000000 cmp=org.xwalk.webapi_service_tests/.WebapiServiceTestsActivity} from pid 1207
02-28 17:50:29.044 D/dalvikvm( 1207): Compiler shutdown in progress - discarding request
02-28 17:50:29.044 D/dalvikvm( 1207): Compiler shutdown in progress - discarding request
02-28 17:50:29.044 D/dalvikvm( 1207): Compiler shutdown in progress - discarding request
02-28 17:50:29.044 D/dalvikvm( 1207): Compiler shutdown in progress - discarding request
02-28 17:50:29.044 D/dalvikvm( 1207): Compiler shutdown in progress - discarding request
