02-28 18:03:09.944 W/chromium( 8737): [WARNING:xwalk_extension_module.cc(203)] Exception when running message listener: undefined:242:20 ReferenceError: g_promises is not defined
02-28 18:03:09.944 W/chromium( 8737):     if (_isFunction(g_promises[msgObj.asyncCallId].reject)) {
02-28 18:03:09.944 W/chromium( 8737): 
02-28 18:03:09.974 D/MmsSmsProvider(  757): getSingleAddressId: insert new canonical_address for xxxxxx, _id=17
02-28 18:03:09.974 D/MmsSmsProvider(  757): getThreadId: create new thread_id for recipients xxxxxxxx
02-28 18:03:09.974 D/MmsSmsProvider(  757): insertThread: created new thread_id 17 for recipientIds xxxxxxx
02-28 18:03:10.004 D/SmsProvider(  757): Add address=13813926794
02-28 18:03:10.014 D/SmsProvider(  757): insert content://sms/1 succeeded
02-28 18:03:10.524 W/BindingManager( 8737): Cannot call determinedVisibility() - never saw a connection for the pid: 8737
02-28 18:03:10.554 E/MessagingSmsManager( 8737): No Sim Card
02-28 18:03:10.564 W/chromium( 8737): [WARNING:xwalk_extension_module.cc(203)] Exception when running message listener: undefined:242:20 ReferenceError: g_promises is not defined
02-28 18:03:10.564 W/chromium( 8737):     if (_isFunction(g_promises[msgObj.asyncCallId].reject)) {
02-28 18:03:10.564 W/chromium( 8737): 
02-28 18:03:10.584 D/MmsSmsProvider(  757): getSingleAddressId: insert new canonical_address for xxxxxx, _id=18
02-28 18:03:10.584 D/MmsSmsProvider(  757): getThreadId: create new thread_id for recipients xxxxxxxx
02-28 18:03:10.584 D/MmsSmsProvider(  757): insertThread: created new thread_id 18 for recipientIds xxxxxxx
02-28 18:03:10.614 D/SmsProvider(  757): Add address=5556
02-28 18:03:10.624 D/SmsProvider(  757): insert content://sms/2 succeeded
02-28 18:03:11.904 D/EVENT_THREAD(  187): void CEventThread::run() POLLIN event on Fd (1)
02-28 18:03:11.904 D/EVENT_THREAD(  187): void CEventThread::run() Do poll with timeout: -1
02-28 18:03:13.274 D/EVENT_THREAD(  187): void CEventThread::run() POLLIN event on Fd (1)
02-28 18:03:13.274 D/EVENT_THREAD(  187): void CEventThread::run() Do poll with timeout: -1
02-28 18:03:13.274 D/EVENT_THREAD(  187): void CEventThread::run() POLLIN event on Fd (1)
02-28 18:03:13.274 D/EVENT_THREAD(  187): void CEventThread::run() Do poll with timeout: -1
02-28 18:03:13.284 I/upi_ug31xx(  167): (3221) update_capacity
02-28 18:03:13.284 I/[UPI]   (  167): <UG31/E>[UpiReadCapacity]: V=4153(4155), T=359(359-420), I=-316, C=-3(-3-0)
02-28 18:03:13.284 I/[UPI]   (  167): <UG31/E>[UpiReadCapacity]: (0x0000214a) 3316 (3241) / 3602 (3602) = 92
02-28 18:03:13.284 I/[UPI]   (  167): <UG31/E>[UpiReadCapacity]: (0x0000214a) 3316 (3241) / 3602 (3602) = 92
02-28 18:03:13.284 I/[UPI]   (  167): <UG31/E>[UpiReadCapacity]: (0x0000214a) 3313 (3313) / 3602 (3602) = 92
02-28 18:03:13.284 I/[UPI]   (  167): <UG31/E>[RsocFilterCountTime]: (0x0000214a) Step=3(182200), Full=1(182200), Lock=182200(1800000)
02-28 18:03:13.284 I/[UPI]   (  167): <UG31/E>[UpiReadCapacity]: (0x0000214a) 3313 (3313) / 3602 (3602) = 92 (-316--316)
02-28 18:03:13.284 I/[UPI]   (  167): <UG31/E><BATT> M:normal, P:92(92-92)%, V:4155mV, C:-302mA, T:35.9C(420), S:0x0000214a(000), R:3313mAh, F:3602mAh, Q:2684mAh, CC:3, P:30.330(286-0)s, BO:7, 97:615:0-44af-9m:B001-20140514-144301 (2)
02-28 18:03:13.284 I/upi_ug31xx(  167): (3222) backup_data 
02-28 18:03:13.284 V/upi_ug31xx(  167): state->check_backup_count = 4
02-28 18:03:13.724 W/BindingManager( 8737): Cannot call determinedVisibility() - never saw a connection for the pid: 8737
02-28 18:03:13.754 E/MessagingSmsManager( 8737): No Sim Card
02-28 18:03:13.764 W/chromium( 8737): [WARNING:xwalk_extension_module.cc(203)] Exception when running message listener: undefined:242:20 ReferenceError: g_promises is not defined
02-28 18:03:13.764 W/chromium( 8737):     if (_isFunction(g_promises[msgObj.asyncCallId].reject)) {
02-28 18:03:13.764 W/chromium( 8737): 
02-28 18:03:13.794 D/SmsProvider(  757): Add address=5556
02-28 18:03:13.804 D/SmsProvider(  757): insert content://sms/3 succeeded
02-28 18:03:16.884 W/BindingManager( 8737): Cannot call determinedVisibility() - never saw a connection for the pid: 8737
02-28 18:03:16.904 E/MessagingSmsManager( 8737): No Sim Card
02-28 18:03:16.924 W/chromium( 8737): [WARNING:xwalk_extension_module.cc(203)] Exception when running message listener: undefined:242:20 ReferenceError: g_promises is not defined
02-28 18:03:16.924 W/chromium( 8737):     if (_isFunction(g_promises[msgObj.asyncCallId].reject)) {
02-28 18:03:16.924 W/chromium( 8737): 
02-28 18:03:16.944 D/SmsProvider(  757): Add address=5556
02-28 18:03:16.954 D/SmsProvider(  757): insert content://sms/4 succeeded
02-28 18:03:17.554 W/BindingManager( 8737): Cannot call determinedVisibility() - never saw a connection for the pid: 8737
02-28 18:03:17.574 E/MessagingSmsManager( 8737): No Sim Card
02-28 18:03:17.594 W/chromium( 8737): [WARNING:xwalk_extension_module.cc(203)] Exception when running message listener: undefined:242:20 ReferenceError: g_promises is not defined
02-28 18:03:17.594 W/chromium( 8737):     if (_isFunction(g_promises[msgObj.asyncCallId].reject)) {
02-28 18:03:17.594 W/chromium( 8737): 
02-28 18:03:17.614 D/SmsProvider(  757): Add address=5556
02-28 18:03:17.644 D/SmsProvider(  757): insert content://sms/5 succeeded
02-28 18:03:20.724 W/BindingManager( 8737): Cannot call determinedVisibility() - never saw a connection for the pid: 8737
02-28 18:03:20.764 E/MessagingSmsManager( 8737): No Sim Card
02-28 18:03:20.774 W/chromium( 8737): [WARNING:xwalk_extension_module.cc(203)] Exception when running message listener: undefined:242:20 ReferenceError: g_promises is not defined
02-28 18:03:20.774 W/chromium( 8737):     if (_isFunction(g_promises[msgObj.asyncCallId].reject)) {
02-28 18:03:20.774 W/chromium( 8737): 
02-28 18:03:20.804 D/SmsProvider(  757): Add address=5556
02-28 18:03:20.814 D/SmsProvider(  757): insert content://sms/6 succeeded
02-28 18:03:23.914 W/BindingManager( 8737): Cannot call determinedVisibility() - never saw a connection for the pid: 8737
02-28 18:03:24.004 W/chromium( 8737): [WARNING:xwalk_extension_module.cc(203)] Exception when running message listener: undefined:246:20 ReferenceError: g_promises is not defined
02-28 18:03:24.004 W/chromium( 8737):     if (_isFunction(g_promises[msgObj.asyncCallId].resolve)) {
02-28 18:03:24.004 W/chromium( 8737): 
02-28 18:03:24.004 W/chromium( 8737): [WARNING:xwalk_extension_module.cc(203)] Exception when running message listener: undefined:246:20 ReferenceError: g_promises is not defined
02-28 18:03:24.004 W/chromium( 8737):     if (_isFunction(g_promises[msgObj.asyncCallId].resolve)) {
02-28 18:03:24.004 W/chromium( 8737): 
02-28 18:03:24.004 W/chromium( 8737): [WARNING:xwalk_extension_module.cc(203)] Exception when running message listener: undefined:246:20 ReferenceError: g_promises is not defined
02-28 18:03:24.004 W/chromium( 8737):     if (_isFunction(g_promises[msgObj.asyncCallId].resolve)) {
02-28 18:03:24.004 W/chromium( 8737): 
02-28 18:03:24.004 W/chromium( 8737): [WARNING:xwalk_extension_module.cc(203)] Exception when running message listener: undefined:246:20 ReferenceError: g_promises is not defined
02-28 18:03:24.004 W/chromium( 8737):     if (_isFunction(g_promises[msgObj.asyncCallId].resolve)) {
02-28 18:03:24.004 W/chromium( 8737): 
02-28 18:03:26.154 W/BindingManager( 8737): Cannot call determinedVisibility() - never saw a connection for the pid: 8737
02-28 18:03:26.174 E/MessagingSmsManager( 8737): No Sim Card
02-28 18:03:26.194 W/chromium( 8737): [WARNING:xwalk_extension_module.cc(203)] Exception when running message listener: undefined:242:20 ReferenceError: g_promises is not defined
02-28 18:03:26.194 W/chromium( 8737):     if (_isFunction(g_promises[msgObj.asyncCallId].reject)) {
02-28 18:03:26.194 W/chromium( 8737): 
02-28 18:03:26.214 D/MmsSmsProvider(  757): getSingleAddressId: insert new canonical_address for xxxxxx, _id=19
02-28 18:03:26.214 D/MmsSmsProvider(  757): getThreadId: create new thread_id for recipients xxxxxxxx
02-28 18:03:26.214 D/MmsSmsProvider(  757): insertThread: created new thread_id 19 for recipientIds xxxxxxx
02-28 18:03:26.244 D/SmsProvider(  757): Add address=5556
02-28 18:03:26.254 D/SmsProvider(  757): insert content://sms/1 succeeded
02-28 18:03:29.264 W/BindingManager( 8737): Cannot call determinedVisibility() - never saw a connection for the pid: 8737
02-28 18:03:29.354 W/chromium( 8737): [WARNING:xwalk_extension_module.cc(203)] Exception when running message listener: undefined:246:20 ReferenceError: g_promises is not defined
02-28 18:03:29.354 W/chromium( 8737):     if (_isFunction(g_promises[msgObj.asyncCallId].resolve)) {
02-28 18:03:29.354 W/chromium( 8737): 
02-28 18:03:29.354 W/chromium( 8737): [WARNING:xwalk_extension_module.cc(203)] Exception when running message listener: undefined:246:20 ReferenceError: g_promises is not defined
02-28 18:03:29.354 W/chromium( 8737):     if (_isFunction(g_promises[msgObj.asyncCallId].resolve)) {
02-28 18:03:29.354 W/chromium( 8737): 
02-28 18:03:29.354 W/chromium( 8737): [WARNING:xwalk_extension_module.cc(203)] Exception when running message listener: undefined:246:20 ReferenceError: g_promises is not defined
02-28 18:03:29.354 W/chromium( 8737):     if (_isFunction(g_promises[msgObj.asyncCallId].resolve)) {
02-28 18:03:29.354 W/chromium( 8737): 
02-28 18:03:29.354 W/chromium( 8737): [WARNING:xwalk_extension_module.cc(203)] Exception when running message listener: undefined:246:20 ReferenceError: g_promises is not defined
02-28 18:03:29.354 W/chromium( 8737):     if (_isFunction(g_promises[msgObj.asyncCallId].resolve)) {
02-28 18:03:29.354 W/chromium( 8737): 
02-28 18:03:31.424 W/BindingManager( 8737): Cannot call determinedVisibility() - never saw a connection for the pid: 8737
02-28 18:03:31.454 E/MessagingSmsManager( 8737): No Sim Card
02-28 18:03:31.474 W/chromium( 8737): [WARNING:xwalk_extension_module.cc(203)] Exception when running message listener: undefined:242:20 ReferenceError: g_promises is not defined
02-28 18:03:31.474 W/chromium( 8737):     if (_isFunction(g_promises[msgObj.asyncCallId].reject)) {
02-28 18:03:31.474 W/chromium( 8737): 
02-28 18:03:31.504 D/dalvikvm(  506): GC_EXPLICIT freed 1162K, 49% free 18685K/36368K, paused 2ms+5ms, total 47ms
02-28 18:03:31.514 W/chromium( 8737): [WARNING:xwalk_extension_module.cc(203)] Exception when running message listener: undefined:231:20 ReferenceError: g_promises is not defined
02-28 18:03:31.514 W/chromium( 8737):     if (_isFunction(g_promises[msgObj.asyncCallId].resolve)) {
02-28 18:03:31.514 W/chromium( 8737): 
02-28 18:03:31.534 D/MmsSmsProvider(  757): getSingleAddressId: insert new canonical_address for xxxxxx, _id=20
02-28 18:03:31.534 D/MmsSmsProvider(  757): getThreadId: create new thread_id for recipients xxxxxxxx
02-28 18:03:31.534 D/MmsSmsProvider(  757): insertThread: created new thread_id 20 for recipientIds xxxxxxx
02-28 18:03:31.544 W/chromium( 8737): [WARNING:xwalk_extension_module.cc(203)] Exception when running message listener: undefined:231:20 ReferenceError: g_promises is not defined
02-28 18:03:31.544 W/chromium( 8737):     if (_isFunction(g_promises[msgObj.asyncCallId].resolve)) {
02-28 18:03:31.544 W/chromium( 8737): 
02-28 18:03:31.564 D/SmsProvider(  757): Add address=5556
02-28 18:03:31.564 W/chromium( 8737): [WARNING:xwalk_extension_module.cc(203)] Exception when running message listener: undefined:231:20 ReferenceError: g_promises is not defined
02-28 18:03:31.564 W/chromium( 8737):     if (_isFunction(g_promises[msgObj.asyncCallId].resolve)) {
02-28 18:03:31.564 W/chromium( 8737): 
02-28 18:03:31.574 D/SmsProvider(  757): insert content://sms/1 succeeded
02-28 18:03:31.574 W/chromium( 8737): [WARNING:xwalk_extension_module.cc(203)] Exception when running message listener: undefined:231:20 ReferenceError: g_promises is not defined
02-28 18:03:31.574 W/chromium( 8737):     if (_isFunction(g_promises[msgObj.asyncCallId].resolve)) {
02-28 18:03:31.574 W/chromium( 8737): 
02-28 18:03:31.584 W/chromium( 8737): [WARNING:xwalk_extension_module.cc(203)] Exception when running message listener: undefined:231:20 ReferenceError: g_promises is not defined
02-28 18:03:31.584 W/chromium( 8737):     if (_isFunction(g_promises[msgObj.asyncCallId].resolve)) {
02-28 18:03:31.584 W/chromium( 8737): 
02-28 18:03:31.584 W/chromium( 8737): [WARNING:xwalk_extension_module.cc(203)] Exception when running message listener: undefined:231:20 ReferenceError: g_promises is not defined
02-28 18:03:31.584 W/chromium( 8737):     if (_isFunction(g_promises[msgObj.asyncCallId].resolve)) {
02-28 18:03:31.584 W/chromium( 8737): 
02-28 18:03:31.594 I/dalvikvm( 8737): Total arena pages for JIT: 11
02-28 18:03:31.594 I/dalvikvm( 8737): Total arena pages for JIT: 12
02-28 18:03:31.594 I/dalvikvm( 8737): Total arena pages for JIT: 13
02-28 18:03:31.594 I/dalvikvm( 8737): Total arena pages for JIT: 14
02-28 18:03:31.594 I/dalvikvm( 8737): Total arena pages for JIT: 15
02-28 18:03:31.594 W/chromium( 8737): [WARNING:xwalk_extension_module.cc(203)] Exception when running message listener: undefined:231:20 ReferenceError: g_promises is not defined
02-28 18:03:31.594 W/chromium( 8737):     if (_isFunction(g_promises[msgObj.asyncCallId].resolve)) {
02-28 18:03:31.594 W/chromium( 8737): 
02-28 18:03:31.604 W/chromium( 8737): [WARNING:xwalk_extension_module.cc(203)] Exception when running message listener: undefined:231:20 ReferenceError: g_promises is not defined
02-28 18:03:31.604 W/chromium( 8737):     if (_isFunction(g_promises[msgObj.asyncCallId].resolve)) {
02-28 18:03:31.604 W/chromium( 8737): 
02-28 18:03:31.614 W/chromium( 8737): [WARNING:xwalk_extension_module.cc(203)] Exception when running message listener: undefined:231:20 ReferenceError: g_promises is not defined
02-28 18:03:31.614 W/chromium( 8737):     if (_isFunction(g_promises[msgObj.asyncCallId].resolve)) {
02-28 18:03:31.614 W/chromium( 8737): 
02-28 18:03:31.614 W/chromium( 8737): [WARNING:xwalk_extension_module.cc(203)] Exception when running message listener: undefined:231:20 ReferenceError: g_promises is not defined
02-28 18:03:31.614 W/chromium( 8737):     if (_isFunction(g_promises[msgObj.asyncCallId].resolve)) {
02-28 18:03:31.614 W/chromium( 8737): 
02-28 18:03:31.624 W/chromium( 8737): [WARNING:xwalk_extension_module.cc(203)] Exception when running message listener: undefined:231:20 ReferenceError: g_promises is not defined
02-28 18:03:31.624 W/chromium( 8737):     if (_isFunction(g_promises[msgObj.asyncCallId].resolve)) {
02-28 18:03:31.624 W/chromium( 8737): 
02-28 18:03:31.634 W/chromium( 8737): [WARNING:xwalk_extension_module.cc(203)] Exception when running message listener: undefined:231:20 ReferenceError: g_promises is not defined
02-28 18:03:31.634 W/chromium( 8737):     if (_isFunction(g_promises[msgObj.asyncCallId].resolve)) {
02-28 18:03:31.634 W/chromium( 8737): 
02-28 18:03:31.634 W/chromium( 8737): [WARNING:xwalk_extension_module.cc(203)] Exception when running message listener: undefined:231:20 ReferenceError: g_promises is not defined
02-28 18:03:31.634 W/chromium( 8737):     if (_isFunction(g_promises[msgObj.asyncCallId].resolve)) {
02-28 18:03:31.634 W/chromium( 8737): 
02-28 18:03:31.664 D/dalvikvm(  757): GC_EXPLICIT freed 1161K, 16% free 6832K/8108K, paused 1ms+2ms, total 31ms
02-28 18:03:31.674 W/chromium( 8737): [WARNING:xwalk_extension_module.cc(203)] Exception when running message listener: undefined:231:20 ReferenceError: g_promises is not defined
02-28 18:03:31.674 W/chromium( 8737):     if (_isFunction(g_promises[msgObj.asyncCallId].resolve)) {
02-28 18:03:31.674 W/chromium( 8737): 
02-28 18:03:31.684 W/chromium( 8737): [WARNING:xwalk_extension_module.cc(203)] Exception when running message listener: undefined:231:20 ReferenceError: g_promises is not defined
02-28 18:03:31.684 W/chromium( 8737):     if (_isFunction(g_promises[msgObj.asyncCallId].resolve)) {
02-28 18:03:31.684 W/chromium( 8737): 
02-28 18:03:34.174 W/BindingManager( 8737): Cannot call determinedVisibility() - never saw a connection for the pid: 8737
02-28 18:03:34.214 E/MessagingSmsManager( 8737): No Sim Card
02-28 18:03:34.214 W/System.err( 8737): org.json.JSONException: No value for phone
02-28 18:03:34.214 W/System.err( 8737): 	at org.json.JSONObject.get(JSONObject.java:355)
02-28 18:03:34.214 W/System.err( 8737): 	at org.json.JSONObject.getString(JSONObject.java:515)
02-28 18:03:34.214 W/System.err( 8737): 	at org.xwalk.core.internal.extension.api.messaging.MessagingSmsManager.onSmsSend(MessagingSmsManager.java:82)
02-28 18:03:34.214 W/System.err( 8737): 	at org.xwalk.core.internal.extension.api.messaging.Messaging$1.runCommand(Messaging.java:45)
02-28 18:03:34.214 W/System.err( 8737): 	at org.xwalk.core.internal.extension.api.messaging.Messaging.onMessage(Messaging.java:121)
02-28 18:03:34.214 W/System.err( 8737): 	at dalvik.system.NativeStart.run(Native Method)
02-28 18:03:34.214 E/MessagingSmsManager( 8737): No Sim Card
02-28 18:03:34.214 W/System.err( 8737): org.json.JSONException: No value for message
02-28 18:03:34.214 W/System.err( 8737): 	at org.json.JSONObject.get(JSONObject.java:355)
02-28 18:03:34.214 W/System.err( 8737): 	at org.json.JSONObject.getString(JSONObject.java:515)
02-28 18:03:34.214 W/System.err( 8737): 	at org.xwalk.core.internal.extension.api.messaging.MessagingSmsManager.onSmsSend(MessagingSmsManager.java:83)
02-28 18:03:34.214 W/System.err( 8737): 	at org.xwalk.core.internal.extension.api.messaging.Messaging$1.runCommand(Messaging.java:45)
02-28 18:03:34.214 W/System.err( 8737): 	at org.xwalk.core.internal.extension.api.messaging.Messaging.onMessage(Messaging.java:121)
02-28 18:03:34.214 W/System.err( 8737): 	at dalvik.system.NativeStart.run(Native Method)
02-28 18:03:34.214 W/System.err( 8737): org.json.JSONException: No value for text
02-28 18:03:34.214 W/System.err( 8737): 	at org.json.JSONObject.get(JSONObject.java:355)
02-28 18:03:34.214 W/System.err( 8737): 	at org.json.JSONObject.getString(JSONObject.java:515)
02-28 18:03:34.214 W/System.err( 8737): 	at org.xwalk.core.internal.extension.api.messaging.MessagingSmsManager.onSmsSegmentInfo(MessagingSmsManager.java:164)
02-28 18:03:34.214 W/System.err( 8737): 	at org.xwalk.core.internal.extension.api.messaging.Messaging$3.runCommand(Messaging.java:55)
02-28 18:03:34.214 W/System.err( 8737): 	at org.xwalk.core.internal.extension.api.messaging.Messaging.onMessage(Messaging.java:121)
02-28 18:03:34.214 W/System.err( 8737): 	at dalvik.system.NativeStart.run(Native Method)
02-28 18:03:34.214 W/System.err( 8737): org.json.JSONException: No value for conversationID
02-28 18:03:34.214 W/System.err( 8737): 	at org.json.JSONObject.get(JSONObject.java:355)
02-28 18:03:34.214 W/System.err( 8737): 	at org.json.JSONObject.getString(JSONObject.java:515)
02-28 18:03:34.214 W/System.err( 8737): 	at org.xwalk.core.internal.extension.api.messaging.MessagingManager.operation(MessagingManager.java:177)
02-28 18:03:34.214 W/System.err( 8737): 	at org.xwalk.core.internal.extension.api.messaging.MessagingManager.onMsgMarkConversationRead(MessagingManager.java:66)
02-28 18:03:34.224 W/System.err( 8737): 	at org.xwalk.core.internal.extension.api.messaging.Messaging$9.runCommand(Messaging.java:85)
02-28 18:03:34.224 W/System.err( 8737): 	at org.xwalk.core.internal.extension.api.messaging.Messaging.onMessage(Messaging.java:121)
02-28 18:03:34.224 W/System.err( 8737): 	at dalvik.system.NativeStart.run(Native Method)
02-28 18:03:34.224 W/System.err( 8737): org.json.JSONException: No value for conversationID
02-28 18:03:34.224 W/System.err( 8737): 	at org.json.JSONObject.get(JSONObject.java:355)
02-28 18:03:34.224 W/System.err( 8737): 	at org.json.JSONObject.getString(JSONObject.java:515)
02-28 18:03:34.224 W/System.err( 8737): 	at org.xwalk.core.internal.extension.api.messaging.MessagingManager.operation(MessagingManager.java:177)
02-28 18:03:34.224 W/System.err( 8737): 	at org.xwalk.core.internal.extension.api.messaging.MessagingManager.onMsgDeleteConversation(MessagingManager.java:58)
02-28 18:03:34.224 W/System.err( 8737): 	at org.xwalk.core.internal.extension.api.messaging.Messaging$7.runCommand(Messaging.java:75)
02-28 18:03:34.224 W/System.err( 8737): 	at org.xwalk.core.internal.extension.api.messaging.Messaging.onMessage(Messaging.java:121)
02-28 18:03:34.224 W/System.err( 8737): 	at dalvik.system.NativeStart.run(Native Method)
02-28 18:03:34.224 W/System.err( 8737): java.lang.NullPointerException
02-28 18:03:34.224 W/System.err( 8737): 	at org.xwalk.core.internal.extension.api.messaging.MessagingHelpers.buildSqlFilterOptionString(MessagingHelpers.java:104)
02-28 18:03:34.224 W/System.err( 8737): 	at org.xwalk.core.internal.extension.api.messaging.MessagingManager.queryMessage(MessagingManager.java:119)
02-28 18:03:34.224 W/System.err( 8737): 	at org.xwalk.core.internal.extension.api.messaging.MessagingManager.onMsgFindMessages(MessagingManager.java:46)
02-28 18:03:34.224 W/System.err( 8737): 	at org.xwalk.core.internal.extension.api.messaging.Messaging$4.runCommand(Messaging.java:60)
02-28 18:03:34.224 W/System.err( 8737): 	at org.xwalk.core.internal.extension.api.messaging.Messaging.onMessage(Messaging.java:121)
02-28 18:03:34.224 W/System.err( 8737): 	at dalvik.system.NativeStart.run(Native Method)
02-28 18:03:34.224 W/System.err( 8737): org.json.JSONException: No value for conversationID
02-28 18:03:34.224 W/System.err( 8737): 	at org.json.JSONObject.get(JSONObject.java:355)
02-28 18:03:34.224 W/System.err( 8737): 	at org.json.JSONObject.getString(JSONObject.java:515)
02-28 18:03:34.224 W/System.err( 8737): 	at org.xwalk.core.internal.extension.api.messaging.MessagingManager.operation(MessagingManager.java:177)
02-28 18:03:34.224 W/System.err( 8737): 	at org.xwalk.core.internal.extension.api.messaging.MessagingManager.onMsgMarkMessageRead(MessagingManager.java:62)
02-28 18:03:34.224 W/System.err( 8737): 	at org.xwalk.core.internal.extension.api.messaging.Messaging$8.runCommand(Messaging.java:80)
02-28 18:03:34.224 W/System.err( 8737): 	at org.xwalk.core.internal.extension.api.messaging.Messaging.onMessage(Messaging.java:121)
02-28 18:03:34.224 W/System.err( 8737): 	at dalvik.system.NativeStart.run(Native Method)
02-28 18:03:34.224 W/System.err( 8737): org.json.JSONException: No value for type
02-28 18:03:34.224 W/System.err( 8737): 	at org.json.JSONObject.get(JSONObject.java:355)
02-28 18:03:34.224 W/System.err( 8737): 	at org.json.JSONObject.getString(JSONObject.java:515)
02-28 18:03:34.224 W/System.err( 8737): 	at org.xwalk.core.internal.extension.api.messaging.MessagingManager.queryMessage(MessagingManager.java:97)
02-28 18:03:34.224 W/System.err( 8737): 	at org.xwalk.core.internal.extension.api.messaging.MessagingManager.onMsgGetMessage(MessagingManager.java:50)
02-28 18:03:34.224 W/System.err( 8737): 	at org.xwalk.core.internal.extension.api.messaging.Messaging$5.runCommand(Messaging.java:65)
02-28 18:03:34.224 W/System.err( 8737): 	at org.xwalk.core.internal.extension.api.messaging.Messaging.onMessage(Messaging.java:121)
02-28 18:03:34.224 W/System.err( 8737): 	at dalvik.system.NativeStart.run(Native Method)
02-28 18:03:34.224 W/System.err( 8737): org.json.JSONException: No value for conversationID
02-28 18:03:34.224 W/System.err( 8737): 	at org.json.JSONObject.get(JSONObject.java:355)
02-28 18:03:34.224 W/System.err( 8737): 	at org.json.JSONObject.getString(JSONObject.java:515)
02-28 18:03:34.224 W/System.err( 8737): 	at org.xwalk.core.internal.extension.api.messaging.MessagingManager.operation(MessagingManager.java:177)
02-28 18:03:34.224 W/System.err( 8737): 	at org.xwalk.core.internal.extension.api.messaging.MessagingManager.onMsgDeleteMessage(MessagingManager.java:54)
02-28 18:03:34.224 W/System.err( 8737): 	at org.xwalk.core.internal.extension.api.messaging.Messaging$6.runCommand(Messaging.java:70)
02-28 18:03:34.224 W/System.err( 8737): 	at org.xwalk.core.internal.extension.api.messaging.Messaging.onMessage(Messaging.java:121)
02-28 18:03:34.224 W/System.err( 8737): 	at dalvik.system.NativeStart.run(Native Method)
02-28 18:03:34.224 E/MessagingSmsManager( 8737): No Sim Card
02-28 18:03:34.234 W/chromium( 8737): [WARNING:xwalk_extension_module.cc(203)] Exception when running message listener: undefined:242:20 ReferenceError: g_promises is not defined
02-28 18:03:34.234 W/chromium( 8737):     if (_isFunction(g_promises[msgObj.asyncCallId].reject)) {
02-28 18:03:34.234 W/chromium( 8737): 
02-28 18:03:34.254 D/MmsSmsProvider(  757): getSingleAddressId: insert new canonical_address for xxxxxx, _id=21
02-28 18:03:34.254 D/MmsSmsProvider(  757): getThreadId: create new thread_id for recipients xxxxxxxx
02-28 18:03:34.254 D/MmsSmsProvider(  757): insertThread: created new thread_id 21 for recipientIds xxxxxxx
02-28 18:03:34.284 D/SmsProvider(  757): Add address=13813926794
02-28 18:03:34.304 D/SmsProvider(  757): insert content://sms/2 succeeded
02-28 18:03:38.384 D/wpa_supplicant(  659): wlan0: Starting AP scan for wildcard SSID
02-28 18:03:38.384 D/wpa_supplicant(  659): WPS: Building WPS IE for Probe Request
02-28 18:03:38.384 D/wpa_supplicant(  659): WPS:  * Version (hardcoded 0x10)
02-28 18:03:38.384 D/wpa_supplicant(  659): WPS:  * Request Type
02-28 18:03:38.384 D/wpa_supplicant(  659): WPS:  * Config Methods (4288)
02-28 18:03:38.384 D/wpa_supplicant(  659): WPS:  * UUID-E
02-28 18:03:38.384 D/wpa_supplicant(  659): WPS:  * Primary Device Type
02-28 18:03:38.384 D/wpa_supplicant(  659): WPS:  * RF Bands (1)
02-28 18:03:38.384 D/wpa_supplicant(  659): WPS:  * Association State
02-28 18:03:38.384 D/wpa_supplicant(  659): WPS:  * Configuration Error (0)
02-28 18:03:38.384 D/wpa_supplicant(  659): WPS:  * Device Password ID (0)
02-28 18:03:38.384 D/wpa_supplicant(  659): WPS:  * Manufacturer
02-28 18:03:38.384 D/wpa_supplicant(  659): WPS:  * Model Name
02-28 18:03:38.384 D/wpa_supplicant(  659): WPS:  * Model Number
02-28 18:03:38.384 D/wpa_supplicant(  659): WPS:  * Device Name
02-28 18:03:38.384 D/wpa_supplicant(  659): WPS:  * Version2 (0x20)
02-28 18:03:38.384 D/wpa_supplicant(  659): P2P: * P2P IE header
02-28 18:03:38.384 D/wpa_supplicant(  659): P2P: * Capability dev=25 group=00
02-28 18:03:38.384 D/wpa_supplicant(  659): P2P: * Listen Channel: Regulatory Class 81 Channel 11
02-28 18:03:38.384 D/wpa_supplicant(  659): wlan0: nl80211: scan request
02-28 18:03:38.444 D/wpa_supplicant(  659): Scan requested (ret=0) - scan timeout 30 seconds
02-28 18:03:38.444 D/wpa_supplicant(  659): nl80211: Drv Event 33 (NL80211_CMD_TRIGGER_SCAN) received for wlan0
02-28 18:03:38.444 D/wpa_supplicant(  659): wlan0: nl80211: Scan trigger
02-28 18:03:38.574 D/BatteryStatsImpl(  506): noteStopWakeLocked system isFromForeground = false
02-28 18:03:38.774 W/BindingManager( 8737): Cannot call determinedVisibility() - never saw a connection for the pid: 8737
02-28 18:03:39.574 D/wpa_supplicant(  659): nl80211: Drv Event 34 (NL80211_CMD_NEW_SCAN_RESULTS) received for wlan0
02-28 18:03:39.574 D/wpa_supplicant(  659): wlan0: nl80211: New scan results available
02-28 18:03:39.574 D/wpa_supplicant(  659): wlan0: Event SCAN_RESULTS (3) received
02-28 18:03:39.574 D/wpa_supplicant(  659): nl80211: Received scan results (21 BSSes)
02-28 18:03:39.574 D/wpa_supplicant(  659): nl80211: Survey data missing
02-28 18:03:39.574 D/wpa_supplicant(  659): wlan0: BSS: Start scan result update 51
02-28 18:03:39.574 D/wpa_supplicant(  659): wlan0: BSS: Add new id 244 BSSID 2c:b0:5d:7f:f4:24 SSID 'NETGEAR38'
02-28 18:03:39.574 D/wpa_supplicant(  659): CTRL_IFACE monitor send - hexdump(len=39): 2f 64 61 74 61 2f 6d 69 73 63 2f 77 69 66 69 2f 73 6f 63 6b 65 74 73 2f 77 70 61 5f 63 74 72 6c ...
02-28 18:03:39.574 D/wpa_supplicant(  659): wlan0: BSS: Remove id 177 BSSID 6c:8b:2f:e8:38:24 SSID 'ZTE_AP_6703' due to no match in scan
02-28 18:03:39.574 D/wpa_supplicant(  659): CTRL_IFACE monitor send - hexdump(len=39): 2f 64 61 74 61 2f 6d 69 73 63 2f 77 69 66 69 2f 73 6f 63 6b 65 74 73 2f 77 70 61 5f 63 74 72 6c ...
02-28 18:03:39.574 D/wpa_supplicant(  659): wlan0: BSS: Remove id 235 BSSID c0:a0:bb:20:3b:84 SSID 'dlink-3B84' due to no match in scan
02-28 18:03:39.574 D/wpa_supplicant(  659): CTRL_IFACE monitor send - hexdump(len=39): 2f 64 61 74 61 2f 6d 69 73 63 2f 77 69 66 69 2f 73 6f 63 6b 65 74 73 2f 77 70 61 5f 63 74 72 6c ...
02-28 18:03:39.574 D/wpa_supplicant(  659): wlan0: BSS: Remove id 241 BSSID 24:05:0f:2e:8a:21 SSID 'Online_360_m' due to no match in scan
02-28 18:03:39.574 D/wpa_supplicant(  659): CTRL_IFACE monitor send - hexdump(len=39): 2f 64 61 74 61 2f 6d 69 73 63 2f 77 69 66 69 2f 73 6f 63 6b 65 74 73 2f 77 70 61 5f 63 74 72 6c ...
02-28 18:03:39.574 D/wpa_supplicant(  659): wlan0: BSS: Remove id 217 BSSID 7a:24:af:1e:df:58 SSID 'DIRECT-' due to no match in scan
02-28 18:03:39.574 D/wpa_supplicant(  659): CTRL_IFACE monitor send - hexdump(len=39): 2f 64 61 74 61 2f 6d 69 73 63 2f 77 69 66 69 2f 73 6f 63 6b 65 74 73 2f 77 70 61 5f 63 74 72 6c ...
02-28 18:03:39.574 D/wpa_supplicant(  659): BSS: last_scan_res_used=20/32 last_scan_full=0
02-28 18:03:39.574 D/wpa_supplicant(  659): wlan0: New scan results available
02-28 18:03:39.574 D/wpa_supplicant(  659): CTRL_IFACE monitor send - hexdump(len=39): 2f 64 61 74 61 2f 6d 69 73 63 2f 77 69 66 69 2f 73 6f 63 6b 65 74 73 2f 77 70 61 5f 63 74 72 6c ...
02-28 18:03:39.574 D/wpa_supplicant(  659): CTRL_IFACE monitor send - hexdump(len=39): 2f 64 61 74 61 2f 6d 69 73 63 2f 77 69 66 69 2f 73 6f 63 6b 65 74 73 2f 77 70 61 5f 63 74 72 6c ...
02-28 18:03:39.574 D/wpa_supplicant(  659): Authorize channel 1
02-28 18:03:39.574 D/wpa_supplicant(  659): Authorize channel 2
02-28 18:03:39.574 D/wpa_supplicant(  659): Authorize channel 3
02-28 18:03:39.574 D/wpa_supplicant(  659): Authorize channel 4
02-28 18:03:39.574 D/wpa_supplicant(  659): Authorize channel 5
02-28 18:03:39.574 D/wpa_supplicant(  659): Authorize channel 6
02-28 18:03:39.574 D/wpa_supplicant(  659): Authorize channel 7
02-28 18:03:39.574 D/wpa_supplicant(  659): Authorize channel 8
02-28 18:03:39.574 D/wpa_supplicant(  659): Authorize channel 9
02-28 18:03:39.574 D/wpa_supplicant(  659): Authorize channel 10
02-28 18:03:39.574 D/wpa_supplicant(  659): Authorize channel 11
02-28 18:03:39.574 D/wpa_supplicant(  659): Authorize channel 12
02-28 18:03:39.574 D/wpa_supplicant(  659): Authorize channel 13
02-28 18:03:39.574 D/wpa_supplicant(  659): Authorize channel 1
02-28 18:03:39.574 D/wpa_supplicant(  659): Authorize channel 2
02-28 18:03:39.574 D/wpa_supplicant(  659): Authorize channel 3
02-28 18:03:39.574 D/wpa_supplicant(  659): Authorize channel 4
02-28 18:03:39.574 D/wpa_supplicant(  659): Authorize channel 5
02-28 18:03:39.574 D/wpa_supplicant(  659): Authorize channel 6
02-28 18:03:39.574 D/wpa_supplicant(  659): Authorize channel 7
02-28 18:03:39.574 D/wpa_supplicant(  659): Authorize channel 8
02-28 18:03:39.574 D/wpa_supplicant(  659): Authorize channel 9
02-28 18:03:39.574 D/wpa_supplicant(  659): Authorize channel 10
02-28 18:03:39.574 D/wpa_supplicant(  659): Authorize channel 11
02-28 18:03:39.574 D/wpa_supplicant(  659): Authorize channel 12
02-28 18:03:39.574 D/wpa_supplicant(  659): Authorize channel 13
02-28 18:03:39.574 D/wpa_supplicant(  659): Add access point on channel 6
02-28 18:03:39.574 D/wpa_supplicant(  659): Add access point on channel 6
02-28 18:03:39.574 I/WifiHW  (  506): EVENT: IFNAME=wlan0 CTRL-EVENT-BSS-ADDED 244 2c:b0:5d:7f:f4:24
02-28 18:03:39.574 I/WifiHW  (  506): EVENT: IFNAME=wlan0 CTRL-EVENT-BSS-REMOVED 177 6c:8b:2f:e8:38:24
02-28 18:03:39.574 I/WifiHW  (  506): EVENT: IFNAME=wlan0 CTRL-EVENT-BSS-REMOVED 235 c0:a0:bb:20:3b:84
02-28 18:03:39.574 I/WifiHW  (  506): EVENT: IFNAME=wlan0 CTRL-EVENT-BSS-REMOVED 241 24:05:0f:2e:8a:21
02-28 18:03:39.574 D/wpa_supplicant(  659): Add access point on channel 11
02-28 18:03:39.574 D/wpa_supplicant(  659): Add access point on channel 11
02-28 18:03:39.574 D/wpa_supplicant(  659): Add access point on channel 1
02-28 18:03:39.574 D/wpa_supplicant(  659): Add access point on channel 6
02-28 18:03:39.574 D/wpa_supplicant(  659): Add access point on channel 1
02-28 18:03:39.574 D/wpa_supplicant(  659): Add access point on channel 6
02-28 18:03:39.574 D/wpa_supplicant(  659): Add access point on channel 11
02-28 18:03:39.574 D/wpa_supplicant(  659): Add access point on channel 11
02-28 18:03:39.574 D/wpa_supplicant(  659): Add access point on channel 6
02-28 18:03:39.574 D/wpa_supplicant(  659): Add access point on channel 6
02-28 18:03:39.574 D/wpa_supplicant(  659): Add access point on channel 6
02-28 18:03:39.574 D/wpa_supplicant(  659): Add access point on channel 7
02-28 18:03:39.574 D/wpa_supplicant(  659): Add access point on channel 11
02-28 18:03:39.574 D/wpa_supplicant(  659): Add access point on channel 6
02-28 18:03:39.574 D/wpa_supplicant(  659): Add access point on channel 9
02-28 18:03:39.574 D/wpa_supplicant(  659): Add access point on channel 6
02-28 18:03:39.574 D/wpa_supplicant(  659): Add access point on channel 8
02-28 18:03:39.574 D/wpa_supplicant(  659): Add access point on channel 8
02-28 18:03:39.574 D/wpa_supplicant(  659): Add access point on channel 1
02-28 18:03:39.574 D/wpa_supplicant(  659): Best Operating channel is = 1
02-28 18:03:39.574 D/wpa_supplicant(  659): WPS: AP[0] f8:d1:11:e7:99:e8 type=0 tries=0 last_attempt=-1 sec ago blacklist=0
02-28 18:03:39.574 D/wpa_supplicant(  659): WPS: AP[1] 44:94:fc:3d:da:38 type=0 tries=0 last_attempt=-1 sec ago blacklist=0
02-28 18:03:39.574 D/wpa_supplicant(  659): WPS: AP[2] cc:34:29:2b:26:4c type=0 tries=0 last_attempt=-1 sec ago blacklist=0
02-28 18:03:39.574 D/wpa_supplicant(  659): WPS: AP[3] cc:34:29:2c:fb:ec type=0 tries=0 last_attempt=-1 sec ago blacklist=0
02-28 18:03:39.574 D/wpa_supplicant(  659): WPS: AP[4] 98:fc:11:81:35:fb type=0 tries=0 last_attempt=-1 sec ago blacklist=0
02-28 18:03:39.574 D/wpa_supplicant(  659): WPS: AP[5] 14:d6:4d:28:ef:c8 type=0 tries=0 last_attempt=-1 sec ago blacklist=0
02-28 18:03:39.574 D/wpa_supplicant(  659): WPS: AP[6] c0:c1:c0:76:81:3c type=0 tries=0 last_attempt=-1 sec ago blacklist=0
02-28 18:03:39.574 D/wpa_supplicant(  659): WPS: AP[7] 10:9f:a9:dc:b1:fc type=0 tries=0 last_attempt=-1 sec ago blacklist=0
02-28 18:03:39.574 D/wpa_supplicant(  659): WPS: AP[8] 10:c3:7b:d2:e5:e0 type=0 tries=0 last_attempt=-1 sec ago blacklist=0
02-28 18:03:39.574 D/wpa_supplicant(  659): WPS: AP[9] e4:d3:32:36:2e:54 type=0 tries=0 last_attempt=-1 sec ago blacklist=0
02-28 18:03:39.574 D/wpa_supplicant(  659): WPS: AP[10] c0:a0:bb:20:3b:84 type=0 tries=0 last_attempt=-1 sec ago blacklist=0
02-28 18:03:39.574 D/wpa_supplicant(  659): WPS: AP[11] 2c:b0:5d:7f:f4:24 type=0 tries=0 last_attempt=-1 sec ago blacklist=0
02-28 18:03:39.574 D/wpa_supplicant(  659): WPS: AP[12] b0:48:7a:51:ff:cc type=0 tries=0 last_attempt=-1 sec ago blacklist=0
02-28 18:03:39.574 D/wpa_supplicant(  659): wlan0: Selecting BSS from priority group 20
02-28 18:03:39.574 D/wpa_supplicant(  659): wlan0: 0: c8:d7:19:60:62:f2 ssid='E3000-2.4G' wpa_ie_len=0 rsn_ie_len=20 caps=0x411 level=-43
02-28 18:03:39.574 D/wpa_supplicant(  659): wlan0:    skip - SSID mismatch
02-28 18:03:39.574 D/wpa_supplicant(  659): wlan0: 1: f8:d1:11:e7:99:e8 ssid='videotest' wpa_ie_len=22 rsn_ie_len=20 caps=0x531 level=-45 wps
02-28 18:03:39.574 D/wpa_supplicant(  659): wlan0:    skip - SSID mismatch
02-28 18:03:39.574 D/wpa_supplicant(  659): wlan0: 2: 44:94:fc:3d:da:38 ssid='6300' wpa_ie_len=0 rsn_ie_len=20 caps=0x411 level=-50 wps
02-28 18:03:39.574 D/wpa_supplicant(  659): wlan0:    skip - SSID mismatch
02-28 18:03:39.574 D/wpa_supplicant(  659): wlan0: 3: 10:c3:7b:d2:e5:e0 ssid='ASUS_RT-AC66U-2.4G' wpa_ie_len=0 rsn_ie_len=20 caps=0x411 level=-57 wps
02-28 18:03:39.574 D/wpa_supplicant(  659): wlan0:    skip - SSID mismatch
02-28 18:03:39.574 D/wpa_supplicant(  659): wlan0: 4: 90:94:e4:03:45:f5 ssid='DAP-2553_D' wpa_ie_len=0 rsn_ie_len=24 caps=0x431 level=-57
02-28 18:03:39.574 D/wpa_supplicant(  659): wlan0:    skip - SSID mismatch
02-28 18:03:39.574 D/wpa_supplicant(  659): wlan0: 5: cc:34:29:2b:26:4c ssid='cws-test' wpa_ie_len=0 rsn_ie_len=20 caps=0x431 level=-60 wps
02-28 18:03:39.574 D/wpa_supplicant(  659): wlan0:    skip - SSID mismatch
02-28 18:03:39.574 D/wpa_supplicant(  659): wlan0: 6: cc:34:29:2c:fb:ec ssid='linksys' wpa_ie_len=22 rsn_ie_len=20 caps=0x431 level=-61 wps
02-28 18:03:39.574 D/wpa_supplicant(  659): wlan0:    skip - SSID mismatch
02-28 18:03:39.574 D/wpa_supplicant(  659): wlan0: 7: 98:fc:11:81:35:fb ssid='E2000EE' wpa_ie_len=0 rsn_ie_len=20 caps=0x411 level=-63 wps
02-28 18:03:39.574 D/wpa_supplicant(  659): wlan0:    skip - SSID mismatch
02-28 18:03:39.574 D/wpa_supplicant(  659): wlan0: 8: c4:17:fe:3f:4f:fb ssid='cmcm' wpa_ie_len=0 rsn_ie_len=20 caps=0x511 level=-63
02-28 18:03:39.574 D/wpa_supplicant(  659): wlan0:    skip - SSID mismatch
02-28 18:03:39.574 D/wpa_supplicant(  659): wlan0: 9: 02:1a:11:f8:2f:eb ssid='io1' wpa_ie_len=0 rsn_ie_len=20 caps=0x431 level=-69
02-28 18:03:39.574 D/wpa_supplicant(  659): wlan0:    skip - SSID mismatch
02-28 18:03:39.574 D/wpa_supplicant(  659): wlan0: 10: b0:48:7a:51:ff:cc ssid='Neusoft TP' wpa_ie_len=22 rsn_ie_len=20 caps=0x431 level=-70
02-28 18:03:39.574 D/wpa_supplicant(  659): wlan0:    skip - SSID mismatch
02-28 18:03:39.574 D/wpa_supplicant(  659): wlan0: 11: cc:b2:55:e2:84:70 ssid='DLINK_APK' wpa_ie_len=22 rsn_ie_len=20 caps=0x411 level=-74
02-28 18:03:39.574 D/wpa_supplicant(  659): wlan0:    skip - SSID mismatch
02-28 18:03:39.574 D/wpa_supplicant(  659): wlan0: 12: c0:cb:38:7f:c9:09 ssid='360WiFi-7908' wpa_ie_len=0 rsn_ie_len=20 caps=0x511 level=-75
02-28 18:03:39.574 D/wpa_supplicant(  659): wlan0:    skip - SSID mismatch
02-28 18:03:39.574 D/wpa_supplicant(  659): wlan0: 13: e4:d3:32:c0:cf:a4 ssid='fast' wpa_ie_len=0 rsn_ie_len=20 caps=0x411 level=-76
02-28 18:03:39.574 D/wpa_supplicant(  659): wlan0:    skip - SSID mismatch
02-28 18:03:39.574 D/wpa_supplicant(  659): wlan0: 14: 14:d6:4d:28:ef:c8 ssid='dlink' wpa_ie_len=0 rsn_ie_len=20 caps=0x431 level=-80 wps
02-28 18:03:39.574 D/wpa_supplicant(  659): wlan0:    skip - SSID mismatch
02-28 18:03:39.574 D/wpa_supplicant(  659): wlan0: 15: 2c:b0:5d:7f:f4:24 ssid='NETGEAR38' wpa_ie_len=0 rsn_ie_len=20 caps=0x431 level=-82 wps
02-28 18:03:39.574 D/wpa_supplicant(  659): wlan0:    skip - SSID mismatch
02-28 18:03:39.574 D/wpa_supplicant(  659): wlan0: 16: 00:0f:e2:0f:9f:c1 ssid='321_WAN' wpa_ie_len=28 rsn_ie_len=24 caps=0x411 level=-82
02-28 18:03:39.574 D/wpa_supplicant(  659): wlan0:    skip - SSID mismatch
02-28 18:03:39.574 D/wpa_supplicant(  659): wlan0: 17: c0:c1:c0:76:81:3c ssid='E2000' wpa_ie_len=0 rsn_ie_len=0 caps=0x401 level=-56 wps
02-28 18:03:39.574 D/wpa_supplicant(  659): wlan0:    skip - SSID mismatch
02-28 18:03:39.574 D/wpa_supplicant(  659): wlan0: 18: 50:bd:5f:4b:29:92 ssid='Internet-2' wpa_ie_len=0 rsn_ie_len=0 caps=0x421 level=-62
02-28 18:03:39.574 D/wpa_supplicant(  659): wlan0:    skip - SSID mismatch
02-28 18:03:39.574 D/wpa_supplicant(  659): wlan0: 19: e4:d3:32:dd:18:62 ssid='Internet' wpa_ie_len=0 rsn_ie_len=0 caps=0x421 level=-75
02-28 18:03:39.574 D/wpa_supplicant(  659): wlan0:    skip - SSID mismatch
02-28 18:03:39.574 D/wpa_supplicant(  659): wlan0: Selecting BSS from priority group 19
02-28 18:03:39.574 D/wpa_supplicant(  659): wlan0: 0: c8:d7:19:60:62:f2 ssid='E3000-2.4G' wpa_ie_len=0 rsn_ie_len=20 caps=0x411 level=-43
02-28 18:03:39.574 D/wpa_supplicant(  659): wlan0:    skip - SSID mismatch
02-28 18:03:39.574 D/wpa_supplicant(  659): wlan0: 1: f8:d1:11:e7:99:e8 ssid='videotest' wpa_ie_len=22 rsn_ie_len=20 caps=0x531 level=-45 wps
02-28 18:03:39.574 D/wpa_supplicant(  659): wlan0:    skip - SSID mismatch
02-28 18:03:39.574 D/wpa_supplicant(  659): wlan0: 2: 44:94:fc:3d:da:38 ssid='6300' wpa_ie_len=0 rsn_ie_len=20 caps=0x411 level=-50 wps
02-28 18:03:39.574 D/wpa_supplicant(  659): wlan0:    skip - SSID mismatch
02-28 18:03:39.574 D/wpa_supplicant(  659): wlan0: 3: 10:c3:7b:d2:e5:e0 ssid='ASUS_RT-AC66U-2.4G' wpa_ie_len=0 rsn_ie_len=20 caps=0x411 level=-57 wps
02-28 18:03:39.574 D/wpa_supplicant(  659): wlan0:    skip - SSID mismatch
02-28 18:03:39.574 I/WifiHW  (  506): EVENT: IFNAME=wlan0 CTRL-EVENT-BSS-REMOVED 217 7a:24:af:1e:df:58
02-28 18:03:39.574 D/wpa_supplicant(  659): wlan0: 4: 90:94:e4:03:45:f5 ssid='DAP-2553_D' wpa_ie_len=0 rsn_ie_len=24 caps=0x431 level=-57
02-28 18:03:39.574 D/wpa_supplicant(  659): wlan0:    skip - SSID mismatch
02-28 18:03:39.574 D/wpa_supplicant(  659): wlan0: 5: cc:34:29:2b:26:4c ssid='cws-test' wpa_ie_len=0 rsn_ie_len=20 caps=0x431 level=-60 wps
02-28 18:03:39.574 D/wpa_supplicant(  659): wlan0:    skip - SSID mismatch
02-28 18:03:39.574 D/wpa_supplicant(  659): wlan0: 6: cc:34:29:2c:fb:ec ssid='linksys' wpa_ie_len=22 rsn_ie_len=20 caps=0x431 level=-61 wps
02-28 18:03:39.574 D/wpa_supplicant(  659): wlan0:    skip - SSID mismatch
02-28 18:03:39.574 I/WifiHW  (  506): EVENT: IFNAME=wlan0 CTRL-EVENT-SCAN-RESULTS 
02-28 18:03:39.574 D/wpa_supplicant(  659): wlan0: 7: 98:fc:11:81:35:fb ssid='E2000EE' wpa_ie_len=0 rsn_ie_len=20 caps=0x411 level=-63 wps
02-28 18:03:39.574 D/wpa_supplicant(  659): wlan0:    skip - SSID mismatch
02-28 18:03:39.574 D/wpa_supplicant(  659): wlan0: 8: c4:17:fe:3f:4f:fb ssid='cmcm' wpa_ie_len=0 rsn_ie_len=20 caps=0x511 level=-63
02-28 18:03:39.574 D/wpa_supplicant(  659): wlan0:    skip - SSID mismatch
02-28 18:03:39.574 D/wpa_supplicant(  659): wlan0: 9: 02:1a:11:f8:2f:eb ssid='io1' wpa_ie_len=0 rsn_ie_len=20 caps=0x431 level=-69
02-28 18:03:39.574 D/wpa_supplicant(  659): wlan0:    skip - SSID mismatch
02-28 18:03:39.574 D/wpa_supplicant(  659): wlan0: 10: b0:48:7a:51:ff:cc ssid='Neusoft TP' wpa_ie_len=22 rsn_ie_len=20 caps=0x431 level=-70
02-28 18:03:39.574 D/wpa_supplicant(  659): wlan0:    skip - SSID mismatch
02-28 18:03:39.574 D/wpa_supplicant(  659): wlan0: 11: cc:b2:55:e2:84:70 ssid='DLINK_APK' wpa_ie_len=22 rsn_ie_len=20 caps=0x411 level=-74
02-28 18:03:39.574 D/wpa_supplicant(  659): wlan0:    skip - SSID mismatch
02-28 18:03:39.574 I/WifiHW  (  506): EVENT: IFNAME=wlan0 WPS-AP-AVAILABLE 
02-28 18:03:39.574 D/wpa_supplicant(  659): wlan0: 12: c0:cb:38:7f:c9:09 ssid='360WiFi-7908' wpa_ie_len=0 rsn_ie_len=20 caps=0x511 level=-75
02-28 18:03:39.574 D/wpa_supplicant(  659): wlan0:    skip - SSID mismatch
02-28 18:03:39.574 D/wpa_supplicant(  659): wlan0: 13: e4:d3:32:c0:cf:a4 ssid='fast' wpa_ie_len=0 rsn_ie_len=20 caps=0x411 level=-76
02-28 18:03:39.574 D/wpa_supplicant(  659): wlan0:    skip - SSID mismatch
02-28 18:03:39.574 D/wpa_supplicant(  659): wlan0: 14: 14:d6:4d:28:ef:c8 ssid='dlink' wpa_ie_len=0 rsn_ie_len=20 caps=0x431 level=-80 wps
02-28 18:03:39.574 D/wpa_supplicant(  659): wlan0:    skip - SSID mismatch
02-28 18:03:39.574 D/wpa_supplicant(  659): wlan0: 15: 2c:b0:5d:7f:f4:24 ssid='NETGEAR38' wpa_ie_len=0 rsn_ie_len=20 caps=0x431 level=-82 wps
02-28 18:03:39.574 D/wpa_supplicant(  659): wlan0:    skip - SSID mismatch
02-28 18:03:39.574 D/wpa_supplicant(  659): wlan0: 16: 00:0f:e2:0f:9f:c1 ssid='321_WAN' wpa_ie_len=28 rsn_ie_len=24 caps=0x411 level=-82
02-28 18:03:39.574 D/wpa_supplicant(  659): wlan0:    skip - SSID mismatch
02-28 18:03:39.574 I/WifiHW  (  506): CMD: IFNAME=wlan0 BSS RANGE=0- MASK=0x21987
02-28 18:03:39.574 D/wpa_supplicant(  659): wlan0: 17: c0:c1:c0:76:81:3c ssid='E2000' wpa_ie_len=0 rsn_ie_len=0 caps=0x401 level=-56 wps
02-28 18:03:39.574 D/wpa_supplicant(  659): wlan0:    skip - SSID mismatch
02-28 18:03:39.574 D/wpa_supplicant(  659): wlan0: 18: 50:bd:5f:4b:29:92 ssid='Internet-2' wpa_ie_len=0 rsn_ie_len=0 caps=0x421 level=-62
02-28 18:03:39.574 D/wpa_supplicant(  659): wlan0:    skip - SSID mismatch
02-28 18:03:39.574 D/wpa_supplicant(  659): wlan0: 19: e4:d3:32:dd:18:62 ssid='Internet' wpa_ie_len=0 rsn_ie_len=0 caps=0x421 level=-75
02-28 18:03:39.574 D/wpa_supplicant(  659): wlan0:    skip - SSID mismatch
02-28 18:03:39.574 D/wpa_supplicant(  659): wlan0: Selecting BSS from priority group 18
02-28 18:03:39.574 D/wpa_supplicant(  659): wlan0: 0: c8:d7:19:60:62:f2 ssid='E3000-2.4G' wpa_ie_len=0 rsn_ie_len=20 caps=0x411 level=-43
02-28 18:03:39.574 D/wpa_supplicant(  659): wlan0:    skip - SSID mismatch
02-28 18:03:39.574 D/wpa_supplicant(  659): wlan0: 1: f8:d1:11:e7:99:e8 ssid='videotest' wpa_ie_len=22 rsn_ie_len=20 caps=0x531 level=-45 wps
02-28 18:03:39.574 D/wpa_supplicant(  659): wlan0:    skip - SSID mismatch
02-28 18:03:39.574 D/wpa_supplicant(  659): wlan0: 2: 44:94:fc:3d:da:38 ssid='6300' wpa_ie_len=0 rsn_ie_len=20 caps=0x411 level=-50 wps
02-28 18:03:39.574 D/wpa_supplicant(  659): wlan0:    skip - SSID mismatch
02-28 18:03:39.574 D/wpa_supplicant(  659): wlan0: 3: 10:c3:7b:d2:e5:e0 ssid='ASUS_RT-AC66U-2.4G' wpa_ie_len=0 rsn_ie_len=20 caps=0x411 level=-57 wps
02-28 18:03:39.574 D/wpa_supplicant(  659): wlan0:    skip - SSID mismatch
02-28 18:03:39.574 D/wpa_supplicant(  659): wlan0: 4: 90:94:e4:03:45:f5 ssid='DAP-2553_D' wpa_ie_len=0 rsn_ie_len=24 caps=0x431 level=-57
02-28 18:03:39.574 D/wpa_supplicant(  659): wlan0:    skip - SSID mismatch
02-28 18:03:39.574 D/wpa_supplicant(  659): wlan0: 5: cc:34:29:2b:26:4c ssid='cws-test' wpa_ie_len=0 rsn_ie_len=20 caps=0x431 level=-60 wps
02-28 18:03:39.574 D/wpa_supplicant(  659): wlan0:    skip - SSID mismatch
02-28 18:03:39.574 D/wpa_supplicant(  659): wlan0: 6: cc:34:29:2c:fb:ec ssid='linksys' wpa_ie_len=22 rsn_ie_len=20 caps=0x431 level=-61 wps
02-28 18:03:39.574 D/wpa_supplicant(  659): wlan0:    skip - SSID mismatch
02-28 18:03:39.574 D/wpa_supplicant(  659): wlan0: 7: 98:fc:11:81:35:fb ssid='E2000EE' wpa_ie_len=0 rsn_ie_len=20 caps=0x411 level=-63 wps
02-28 18:03:39.584 D/wpa_supplicant(  659): wlan0:    skip - SSID mismatch
02-28 18:03:39.584 D/wpa_supplicant(  659): wlan0: 8: c4:17:fe:3f:4f:fb ssid='cmcm' wpa_ie_len=0 rsn_ie_len=20 caps=0x511 level=-63
02-28 18:03:39.584 D/wpa_supplicant(  659): wlan0:    skip - SSID mismatch
02-28 18:03:39.584 D/wpa_supplicant(  659): wlan0: 9: 02:1a:11:f8:2f:eb ssid='io1' wpa_ie_len=0 rsn_ie_len=20 caps=0x431 level=-69
02-28 18:03:39.584 D/wpa_supplicant(  659): wlan0:    skip - SSID mismatch
02-28 18:03:39.584 D/wpa_supplicant(  659): wlan0: 10: b0:48:7a:51:ff:cc ssid='Neusoft TP' wpa_ie_len=22 rsn_ie_len=20 caps=0x431 level=-70
02-28 18:03:39.584 D/wpa_supplicant(  659): wlan0:    skip - SSID mismatch
02-28 18:03:39.584 D/wpa_supplicant(  659): wlan0: 11: cc:b2:55:e2:84:70 ssid='DLINK_APK' wpa_ie_len=22 rsn_ie_len=20 caps=0x411 level=-74
02-28 18:03:39.584 D/wpa_supplicant(  659): wlan0:    skip - SSID mismatch
02-28 18:03:39.584 D/wpa_supplicant(  659): wlan0: 12: c0:cb:38:7f:c9:09 ssid='360WiFi-7908' wpa_ie_len=0 rsn_ie_len=20 caps=0x511 level=-75
02-28 18:03:39.584 D/wpa_supplicant(  659): wlan0:    skip - SSID mismatch
02-28 18:03:39.584 D/wpa_supplicant(  659): wlan0: 13: e4:d3:32:c0:cf:a4 ssid='fast' wpa_ie_len=0 rsn_ie_len=20 caps=0x411 level=-76
02-28 18:03:39.584 D/wpa_supplicant(  659): wlan0:    skip - SSID mismatch
02-28 18:03:39.584 D/wpa_supplicant(  659): wlan0: 14: 14:d6:4d:28:ef:c8 ssid='dlink' wpa_ie_len=0 rsn_ie_len=20 caps=0x431 level=-80 wps
02-28 18:03:39.584 D/wpa_supplicant(  659): wlan0:    skip - SSID mismatch
02-28 18:03:39.584 D/wpa_supplicant(  659): wlan0: 15: 2c:b0:5d:7f:f4:24 ssid='NETGEAR38' wpa_ie_len=0 rsn_ie_len=20 caps=0x431 level=-82 wps
02-28 18:03:39.584 D/wpa_supplicant(  659): wlan0:    skip - SSID mismatch
02-28 18:03:39.584 D/wpa_supplicant(  659): wlan0: 16: 00:0f:e2:0f:9f:c1 ssid='321_WAN' wpa_ie_len=28 rsn_ie_len=24 caps=0x411 level=-82
02-28 18:03:39.584 D/wpa_supplicant(  659): wlan0:    skip - SSID mismatch
02-28 18:03:39.584 D/wpa_supplicant(  659): wlan0: 17: c0:c1:c0:76:81:3c ssid='E2000' wpa_ie_len=0 rsn_ie_len=0 caps=0x401 level=-56 wps
02-28 18:03:39.584 D/wpa_supplicant(  659): wlan0:    skip - SSID mismatch
02-28 18:03:39.584 D/wpa_supplicant(  659): wlan0: 18: 50:bd:5f:4b:29:92 ssid='Internet-2' wpa_ie_len=0 rsn_ie_len=0 caps=0x421 level=-62
02-28 18:03:39.584 D/wpa_supplicant(  659): wlan0:    skip - SSID mismatch
02-28 18:03:39.584 D/wpa_supplicant(  659): wlan0: 19: e4:d3:32:dd:18:62 ssid='Internet' wpa_ie_len=0 rsn_ie_len=0 caps=0x421 level=-75
02-28 18:03:39.584 D/wpa_supplicant(  659): wlan0:    skip - SSID mismatch
02-28 18:03:39.584 D/wpa_supplicant(  659): wlan0: Selecting BSS from priority group 17
02-28 18:03:39.584 D/wpa_supplicant(  659): wlan0: 0: c8:d7:19:60:62:f2 ssid='E3000-2.4G' wpa_ie_len=0 rsn_ie_len=20 caps=0x411 level=-43
02-28 18:03:39.584 D/wpa_supplicant(  659): wlan0:    skip - SSID mismatch
02-28 18:03:39.584 D/wpa_supplicant(  659): wlan0: 1: f8:d1:11:e7:99:e8 ssid='videotest' wpa_ie_len=22 rsn_ie_len=20 caps=0x531 level=-45 wps
02-28 18:03:39.584 D/wpa_supplicant(  659): wlan0:    skip - SSID mismatch
02-28 18:03:39.584 D/wpa_supplicant(  659): wlan0: 2: 44:94:fc:3d:da:38 ssid='6300' wpa_ie_len=0 rsn_ie_len=20 caps=0x411 level=-50 wps
02-28 18:03:39.584 D/wpa_supplicant(  659): wlan0:    skip - SSID mismatch
02-28 18:03:39.584 D/wpa_supplicant(  659): wlan0: 3: 10:c3:7b:d2:e5:e0 ssid='ASUS_RT-AC66U-2.4G' wpa_ie_len=0 rsn_ie_len=20 caps=0x411 level=-57 wps
02-28 18:03:39.584 D/wpa_supplicant(  659): wlan0:    skip - SSID mismatch
02-28 18:03:39.584 D/wpa_supplicant(  659): wlan0: 4: 90:94:e4:03:45:f5 ssid='DAP-2553_D' wpa_ie_len=0 rsn_ie_len=24 caps=0x431 level=-57
02-28 18:03:39.584 D/wpa_supplicant(  659): wlan0:    skip - SSID mismatch
02-28 18:03:39.584 D/wpa_supplicant(  659): wlan0: 5: cc:34:29:2b:26:4c ssid='cws-test' wpa_ie_len=0 rsn_ie_len=20 caps=0x431 level=-60 wps
02-28 18:03:39.584 D/wpa_supplicant(  659): wlan0:    skip - SSID mismatch
02-28 18:03:39.584 D/wpa_supplicant(  659): wlan0: 6: cc:34:29:2c:fb:ec ssid='linksys' wpa_ie_len=22 rsn_ie_len=20 caps=0x431 level=-61 wps
02-28 18:03:39.584 D/wpa_supplicant(  659): wlan0:    skip - SSID mismatch
