--------- beginning of /dev/log/main
02-28 17:58:24.104 D/AndroidRuntime( 7464): 
02-28 17:58:24.104 D/AndroidRuntime( 7464): >>>>>> AndroidRuntime START com.android.internal.os.RuntimeInit <<<<<<
02-28 17:58:24.104 D/AndroidRuntime( 7464): CheckJNI is OFF
02-28 17:58:24.104 I/AndroidRuntime( 7464): Kernel Release Version: 3.10.20-gf818079
02-28 17:58:24.104 I/dalvikvm( 7464): No library specified. The standard exception handler will be used
02-28 17:58:24.104 I/dalvikvm( 7464): 
02-28 17:58:24.104 I/dalvikvm( 7464): +++++++++++++ Using PCG. +++++++++++++++++++++
02-28 17:58:24.114 D/dalvikvm( 7464): Trying to load lib libjavacore.so 0x0
02-28 17:58:24.114 D/dalvikvm( 7464): Added shared lib libjavacore.so 0x0
02-28 17:58:24.114 D/dalvikvm( 7464): Trying to load lib libnativehelper.so 0x0
02-28 17:58:24.114 D/dalvikvm( 7464): Added shared lib libnativehelper.so 0x0
02-28 17:58:24.114 D/dalvikvm( 7464): No JNI_OnLoad found in libnativehelper.so 0x0, skipping init
02-28 17:58:24.124 D/dalvikvm( 7464): Extra Options: not specified
02-28 17:58:24.134 D/dalvikvm( 7464): Note: class Landroid/app/ActivityManagerNative; has 186 unimplemented (abstract) methods
02-28 17:58:24.204 E/memtrack( 7464): Couldn't load memtrack module (No such file or directory)
02-28 17:58:24.204 E/android.os.Debug( 7464): failed to load memtrack module: -2
02-28 17:58:24.234 D/AndroidRuntime( 7464): Calling main entry com.android.commands.am.Am
02-28 17:58:24.264 D/AndroidRuntime( 7464): Shutting down VM
02-28 17:58:24.264 D/dalvikvm( 7464): GC_CONCURRENT freed 112K, 16% free 666K/792K, paused 0ms+0ms, total 1ms
--------- beginning of /dev/log/system
02-28 17:58:24.264 I/ActivityManager(  506): Force stopping org.xwalk.webapi_service_tests appid=10350 user=0: from pid 7464
02-28 17:58:24.274 D/dalvikvm( 7464): Compiler shutdown in progress - discarding request
02-28 17:58:24.274 D/dalvikvm( 7464): Compiler shutdown in progress - discarding request
02-28 17:58:24.274 D/dalvikvm( 7464): Compiler shutdown in progress - discarding request
02-28 17:58:24.274 D/dalvikvm( 7464): Compiler shutdown in progress - discarding request
02-28 17:58:24.274 D/dalvikvm( 7464): Compiler shutdown in progress - discarding request
02-28 17:58:24.274 D/dalvikvm( 7464): Compiler shutdown in progress - discarding request
02-28 17:58:24.274 D/dalvikvm( 7464): Compiler shutdown in progress - discarding request
02-28 17:58:24.274 D/dalvikvm( 7464): Compiler shutdown in progress - discarding request
02-28 17:58:24.274 D/dalvikvm( 7464): Compiler shutdown in progress - discarding request
02-28 17:58:24.274 D/dalvikvm( 7464): Compiler shutdown in progress - discarding request
02-28 17:58:24.274 D/dalvikvm( 7464): Compiler shutdown in progress - discarding request
02-28 17:58:24.274 D/dalvikvm( 7464): Compiler shutdown in progress - discarding request
02-28 17:58:24.274 D/dalvikvm( 7464): Compiler shutdown in progress - discarding request
02-28 17:58:24.274 D/dalvikvm( 7464): Compiler shutdown in progress - discarding request
02-28 17:58:24.274 D/dalvikvm( 7464): Compiler shutdown in progress - discarding request
02-28 17:58:24.274 D/dalvikvm( 7464): Compiler shutdown in progress - discarding request
02-28 17:58:24.274 D/dalvikvm( 7464): Compiler shutdown in progress - discarding request
02-28 17:58:24.274 D/dalvikvm( 7464): Compiler shutdown in progress - discarding request
02-28 17:58:24.274 D/dalvikvm( 7464): Compiler shutdown in progress - discarding request
02-28 17:58:24.274 D/dalvikvm( 7464): Compiler shutdown in progress - discarding request
02-28 17:58:24.274 D/dalvikvm( 7464): Compiler shutdown in progress - discarding request
02-28 17:58:24.274 D/dalvikvm( 7464): Compiler shutdown in progress - discarding request
02-28 17:58:24.274 D/dalvikvm( 7464): Compiler shutdown in progress - discarding request
02-28 17:58:24.274 D/dalvikvm( 7464): Compiler shutdown in progress - discarding request
02-28 17:58:24.274 D/dalvikvm( 7464): Compiler shutdown in progress - discarding request
02-28 17:58:24.274 D/dalvikvm( 7464): Compiler shutdown in progress - discarding request
02-28 17:58:24.274 D/dalvikvm( 7464): Compiler shutdown in progress - discarding request
02-28 17:58:24.274 D/dalvikvm( 7464): Compiler shutdown in progress - discarding request
02-28 17:58:24.274 D/dalvikvm( 7464): Compiler shutdown in progress - discarding request
02-28 17:58:24.274 D/dalvikvm( 7464): Compiler shutdown in progress - discarding request
02-28 17:58:24.274 D/dalvikvm( 7464): Compiler shutdown in progress - discarding request
02-28 17:58:24.274 D/dalvikvm( 7464): Compiler shutdown in progress - discarding request
02-28 17:58:24.274 D/dalvikvm( 7464): Compiler shutdown in progress - discarding request
02-28 17:58:24.274 D/dalvikvm( 7464): Compiler shutdown in progress - discarding request
02-28 17:58:24.274 D/dalvikvm( 7464): Compiler shutdown in progress - discarding request
02-28 17:58:24.274 D/dalvikvm( 7464): Compiler shutdown in progress - discarding request
02-28 17:58:24.274 D/dalvikvm( 7464): Compiler shutdown in progress - discarding request
02-28 17:58:24.274 D/dalvikvm( 7464): Compiler shutdown in progress - discarding request
02-28 17:58:24.274 D/dalvikvm( 7464): Compiler shutdown in progress - discarding request
02-28 17:58:24.274 D/dalvikvm( 7464): Compiler shutdown in progress - discarding request
02-28 17:58:24.274 D/dalvikvm( 7464): Compiler shutdown in progress - discarding request
02-28 17:58:24.274 D/dalvikvm( 7464): Compiler shutdown in progress - discarding request
02-28 17:58:24.274 D/dalvikvm( 7464): Compiler shutdown in progress - discarding request
02-28 17:58:24.274 D/dalvikvm( 7464): Compiler shutdown in progress - discarding request
02-28 17:58:24.274 D/dalvikvm( 7464): Compiler shutdown in progress - discarding request
02-28 17:58:24.274 D/dalvikvm( 7464): Compiler shutdown in progress - discarding request
02-28 17:58:24.734 D/AndroidRuntime( 7475): 
02-28 17:58:24.734 D/AndroidRuntime( 7475): >>>>>> AndroidRuntime START com.android.internal.os.RuntimeInit <<<<<<
02-28 17:58:24.734 D/AndroidRuntime( 7475): CheckJNI is OFF
02-28 17:58:24.734 I/AndroidRuntime( 7475): Kernel Release Version: 3.10.20-gf818079
02-28 17:58:24.734 I/dalvikvm( 7475): No library specified. The standard exception handler will be used
02-28 17:58:24.734 I/dalvikvm( 7475): 
02-28 17:58:24.734 I/dalvikvm( 7475): +++++++++++++ Using PCG. +++++++++++++++++++++
02-28 17:58:24.744 D/dalvikvm( 7475): Trying to load lib libjavacore.so 0x0
02-28 17:58:24.744 D/dalvikvm( 7475): Added shared lib libjavacore.so 0x0
02-28 17:58:24.744 D/dalvikvm( 7475): Trying to load lib libnativehelper.so 0x0
02-28 17:58:24.744 D/dalvikvm( 7475): Added shared lib libnativehelper.so 0x0
02-28 17:58:24.744 D/dalvikvm( 7475): No JNI_OnLoad found in libnativehelper.so 0x0, skipping init
02-28 17:58:24.754 D/dalvikvm( 7475): Extra Options: not specified
02-28 17:58:24.764 D/dalvikvm( 7475): Note: class Landroid/app/ActivityManagerNative; has 186 unimplemented (abstract) methods
02-28 17:58:24.834 E/memtrack( 7475): Couldn't load memtrack module (No such file or directory)
02-28 17:58:24.834 E/android.os.Debug( 7475): failed to load memtrack module: -2
02-28 17:58:24.884 D/AndroidRuntime( 7475): Calling main entry com.android.commands.am.Am
02-28 17:58:24.914 D/AndroidRuntime( 7475): Shutting down VM
02-28 17:58:24.914 D/dalvikvm( 7475): GC_CONCURRENT freed 116K, 17% free 670K/800K, paused 0ms+0ms, total 1ms
02-28 17:58:24.914 D/dalvikvm( 7475): Compiler shutdown in progress - discarding request
02-28 17:58:24.914 D/dalvikvm( 7475): Compiler shutdown in progress - discarding request
02-28 17:58:24.914 D/dalvikvm( 7475): Compiler shutdown in progress - discarding request
02-28 17:58:24.914 D/dalvikvm( 7475): Compiler shutdown in progress - discarding request
02-28 17:58:24.914 D/dalvikvm( 7475): Compiler shutdown in progress - discarding request
02-28 17:58:24.914 D/dalvikvm( 7475): Compiler shutdown in progress - discarding request
02-28 17:58:24.914 D/dalvikvm( 7475): Compiler shutdown in progress - discarding request
02-28 17:58:24.914 D/dalvikvm( 7475): Compiler shutdown in progress - discarding request
02-28 17:58:24.914 D/dalvikvm( 7475): Compiler shutdown in progress - discarding request
02-28 17:58:24.914 D/dalvikvm( 7475): Compiler shutdown in progress - discarding request
02-28 17:58:24.914 D/dalvikvm( 7475): Compiler shutdown in progress - discarding request
02-28 17:58:24.914 D/dalvikvm( 7475): Compiler shutdown in progress - discarding request
02-28 17:58:24.914 D/dalvikvm( 7475): Compiler shutdown in progress - discarding request
02-28 17:58:24.914 D/dalvikvm( 7475): Compiler shutdown in progress - discarding request
02-28 17:58:24.914 D/dalvikvm( 7475): Compiler shutdown in progress - discarding request
02-28 17:58:24.914 D/dalvikvm( 7475): Compiler shutdown in progress - discarding request
02-28 17:58:24.914 D/dalvikvm( 7475): Compiler shutdown in progress - discarding request
02-28 17:58:24.914 D/dalvikvm( 7475): Compiler shutdown in progress - discarding request
02-28 17:58:24.914 D/dalvikvm( 7475): Compiler shutdown in progress - discarding request
02-28 17:58:24.914 D/dalvikvm( 7475): Compiler shutdown in progress - discarding request
02-28 17:58:24.914 D/dalvikvm( 7475): Compiler shutdown in progress - discarding request
02-28 17:58:24.914 D/dalvikvm( 7475): Compiler shutdown in progress - discarding request
02-28 17:58:24.914 D/dalvikvm( 7475): Compiler shutdown in progress - discarding request
02-28 17:58:24.914 D/dalvikvm( 7475): Compiler shutdown in progress - discarding request
02-28 17:58:24.914 D/dalvikvm( 7475): Compiler shutdown in progress - discarding request
02-28 17:58:24.914 D/dalvikvm( 7475): Compiler shutdown in progress - discarding request
02-28 17:58:24.914 D/dalvikvm( 7475): Compiler shutdown in progress - discarding request
02-28 17:58:24.914 D/dalvikvm( 7475): Compiler shutdown in progress - discarding request
02-28 17:58:24.914 D/dalvikvm( 7475): Compiler shutdown in progress - discarding request
02-28 17:58:24.914 D/dalvikvm( 7475): Compiler shutdown in progress - discarding request
02-28 17:58:24.914 D/dalvikvm( 7475): Compiler shutdown in progress - discarding request
02-28 17:58:24.914 D/dalvikvm( 7475): Compiler shutdown in progress - discarding request
02-28 17:58:24.914 D/dalvikvm( 7475): Compiler shutdown in progress - discarding request
02-28 17:58:24.914 D/dalvikvm( 7475): Compiler shutdown in progress - discarding request
02-28 17:58:24.914 D/dalvikvm( 7475): Compiler shutdown in progress - discarding request
02-28 17:58:24.914 D/dalvikvm( 7475): Compiler shutdown in progress - discarding request
02-28 17:58:24.914 D/dalvikvm( 7475): Compiler shutdown in progress - discarding request
02-28 17:58:24.914 D/dalvikvm( 7475): Compiler shutdown in progress - discarding request
02-28 17:58:24.914 D/dalvikvm( 7475): Compiler shutdown in progress - discarding request
02-28 17:58:24.914 D/dalvikvm( 7475): Compiler shutdown in progress - discarding request
02-28 17:58:24.914 D/dalvikvm( 7475): Compiler shutdown in progress - discarding request
02-28 17:58:24.914 D/dalvikvm( 7475): Compiler shutdown in progress - discarding request
02-28 17:58:24.914 D/dalvikvm( 7475): Compiler shutdown in progress - discarding request
02-28 17:58:24.914 D/dalvikvm( 7475): Compiler shutdown in progress - discarding request
02-28 17:58:24.914 D/dalvikvm( 7475): Compiler shutdown in progress - discarding request
02-28 17:58:24.914 D/dalvikvm( 7475): Compiler shutdown in progress - discarding request
02-28 17:58:24.914 D/dalvikvm( 7475): Compiler shutdown in progress - discarding request
02-28 17:58:24.914 D/dalvikvm( 7475): Compiler shutdown in progress - discarding request
02-28 17:58:24.914 I/ActivityManager(  506): START u0 {flg=0x10000000 cmp=org.xwalk.webapi_service_tests/.webapi_service_testsActivity} from pid 7475
02-28 17:58:25.544 D/AndroidRuntime( 7486): 
02-28 17:58:25.544 D/AndroidRuntime( 7486): >>>>>> AndroidRuntime START com.android.internal.os.RuntimeInit <<<<<<
02-28 17:58:25.544 D/AndroidRuntime( 7486): CheckJNI is OFF
02-28 17:58:25.544 I/AndroidRuntime( 7486): Kernel Release Version: 3.10.20-gf818079
02-28 17:58:25.544 I/dalvikvm( 7486): No library specified. The standard exception handler will be used
02-28 17:58:25.544 I/dalvikvm( 7486): 
02-28 17:58:25.544 I/dalvikvm( 7486): +++++++++++++ Using PCG. +++++++++++++++++++++
02-28 17:58:25.554 D/dalvikvm( 7486): Trying to load lib libjavacore.so 0x0
02-28 17:58:25.554 D/dalvikvm( 7486): Added shared lib libjavacore.so 0x0
02-28 17:58:25.554 D/dalvikvm( 7486): Trying to load lib libnativehelper.so 0x0
02-28 17:58:25.554 D/dalvikvm( 7486): Added shared lib libnativehelper.so 0x0
02-28 17:58:25.554 D/dalvikvm( 7486): No JNI_OnLoad found in libnativehelper.so 0x0, skipping init
02-28 17:58:25.564 D/dalvikvm( 7486): Extra Options: not specified
02-28 17:58:25.584 D/dalvikvm( 7486): Note: class Landroid/app/ActivityManagerNative; has 186 unimplemented (abstract) methods
02-28 17:58:25.654 E/memtrack( 7486): Couldn't load memtrack module (No such file or directory)
02-28 17:58:25.654 E/android.os.Debug( 7486): failed to load memtrack module: -2
02-28 17:58:25.694 D/AndroidRuntime( 7486): Calling main entry com.android.commands.am.Am
02-28 17:58:25.724 D/AndroidRuntime( 7486): Shutting down VM
02-28 17:58:25.724 D/dalvikvm( 7486): GC_CONCURRENT freed 112K, 16% free 674K/800K, paused 0ms+0ms, total 1ms
02-28 17:58:25.724 I/ActivityManager(  506): START u0 {flg=0x10000000 cmp=org.xwalk.webapi_service_tests/.webapi_service_tests} from pid 7486
02-28 17:58:25.724 D/dalvikvm( 7486): Compiler shutdown in progress - discarding request
02-28 17:58:25.724 D/dalvikvm( 7486): Compiler shutdown in progress - discarding request
02-28 17:58:25.724 D/dalvikvm( 7486): Compiler shutdown in progress - discarding request
02-28 17:58:25.724 D/dalvikvm( 7486): Compiler shutdown in progress - discarding request
02-28 17:58:25.724 D/dalvikvm( 7486): Compiler shutdown in progress - discarding request
02-28 17:58:25.724 D/dalvikvm( 7486): Compiler shutdown in progress - discarding request
02-28 17:58:25.724 D/dalvikvm( 7486): Compiler shutdown in progress - discarding request
02-28 17:58:25.724 D/dalvikvm( 7486): Compiler shutdown in progress - discarding request
02-28 17:58:25.724 D/dalvikvm( 7486): Compiler shutdown in progress - discarding request
02-28 17:58:25.724 D/dalvikvm( 7486): Compiler shutdown in progress - discarding request
02-28 17:58:25.724 D/dalvikvm( 7486): Compiler shutdown in progress - discarding request
02-28 17:58:25.724 D/dalvikvm( 7486): Compiler shutdown in progress - discarding request
02-28 17:58:25.724 D/dalvikvm( 7486): Compiler shutdown in progress - discarding request
02-28 17:58:25.724 D/dalvikvm( 7486): Compiler shutdown in progress - discarding request
02-28 17:58:25.724 D/dalvikvm( 7486): Compiler shutdown in progress - discarding request
02-28 17:58:25.724 D/dalvikvm( 7486): Compiler shutdown in progress - discarding request
02-28 17:58:25.724 D/dalvikvm( 7486): Compiler shutdown in progress - discarding request
02-28 17:58:25.724 D/dalvikvm( 7486): Compiler shutdown in progress - discarding request
02-28 17:58:25.724 D/dalvikvm( 7486): Compiler shutdown in progress - discarding request
02-28 17:58:25.724 D/dalvikvm( 7486): Compiler shutdown in progress - discarding request
02-28 17:58:25.724 D/dalvikvm( 7486): Compiler shutdown in progress - discarding request
02-28 17:58:25.724 D/dalvikvm( 7486): Compiler shutdown in progress - discarding request
02-28 17:58:25.724 D/dalvikvm( 7486): Compiler shutdown in progress - discarding request
02-28 17:58:25.724 D/dalvikvm( 7486): Compiler shutdown in progress - discarding request
02-28 17:58:25.724 D/dalvikvm( 7486): Compiler shutdown in progress - discarding request
02-28 17:58:25.724 D/dalvikvm( 7486): Compiler shutdown in progress - discarding request
02-28 17:58:25.724 D/dalvikvm( 7486): Compiler shutdown in progress - discarding request
02-28 17:58:25.724 D/dalvikvm( 7486): Compiler shutdown in progress - discarding request
02-28 17:58:25.724 D/dalvikvm( 7486): Compiler shutdown in progress - discarding request
02-28 17:58:25.724 D/dalvikvm( 7486): Compiler shutdown in progress - discarding request
02-28 17:58:25.724 D/dalvikvm( 7486): Compiler shutdown in progress - discarding request
02-28 17:58:25.724 D/dalvikvm( 7486): Compiler shutdown in progress - discarding request
02-28 17:58:25.724 D/dalvikvm( 7486): Compiler shutdown in progress - discarding request
02-28 17:58:25.724 D/dalvikvm( 7486): Compiler shutdown in progress - discarding request
02-28 17:58:25.724 D/dalvikvm( 7486): Compiler shutdown in progress - discarding request
02-28 17:58:25.724 D/dalvikvm( 7486): Compiler shutdown in progress - discarding request
02-28 17:58:25.724 D/dalvikvm( 7486): Compiler shutdown in progress - discarding request
02-28 17:58:25.724 D/dalvikvm( 7486): Compiler shutdown in progress - discarding request
02-28 17:58:25.724 D/dalvikvm( 7486): Compiler shutdown in progress - discarding request
02-28 17:58:25.724 D/dalvikvm( 7486): Compiler shutdown in progress - discarding request
02-28 17:58:25.724 D/dalvikvm( 7486): Compiler shutdown in progress - discarding request
02-28 17:58:25.724 D/dalvikvm( 7486): Compiler shutdown in progress - discarding request
02-28 17:58:25.724 D/dalvikvm( 7486): Compiler shutdown in progress - discarding request
02-28 17:58:25.724 D/dalvikvm( 7486): Compiler shutdown in progress - discarding request
02-28 17:58:25.724 D/dalvikvm( 7486): Compiler shutdown in progress - discarding request
02-28 17:58:25.724 D/dalvikvm( 7486): Compiler shutdown in progress - discarding request
02-28 17:58:25.724 D/dalvikvm( 7486): Compiler shutdown in progress - discarding request
02-28 17:58:26.354 D/AndroidRuntime( 7497): 
02-28 17:58:26.354 D/AndroidRuntime( 7497): >>>>>> AndroidRuntime START com.android.internal.os.RuntimeInit <<<<<<
02-28 17:58:26.354 D/AndroidRuntime( 7497): CheckJNI is OFF
02-28 17:58:26.354 I/AndroidRuntime( 7497): Kernel Release Version: 3.10.20-gf818079
02-28 17:58:26.354 I/dalvikvm( 7497): No library specified. The standard exception handler will be used
02-28 17:58:26.354 I/dalvikvm( 7497): 
02-28 17:58:26.354 I/dalvikvm( 7497): +++++++++++++ Using PCG. +++++++++++++++++++++
02-28 17:58:26.364 D/dalvikvm( 7497): Trying to load lib libjavacore.so 0x0
02-28 17:58:26.364 D/dalvikvm( 7497): Added shared lib libjavacore.so 0x0
02-28 17:58:26.374 D/dalvikvm( 7497): Trying to load lib libnativehelper.so 0x0
02-28 17:58:26.374 D/dalvikvm( 7497): Added shared lib libnativehelper.so 0x0
02-28 17:58:26.374 D/dalvikvm( 7497): No JNI_OnLoad found in libnativehelper.so 0x0, skipping init
02-28 17:58:26.374 D/dalvikvm( 7497): Extra Options: not specified
02-28 17:58:26.384 D/dalvikvm( 7497): Note: class Landroid/app/ActivityManagerNative; has 186 unimplemented (abstract) methods
02-28 17:58:26.464 E/memtrack( 7497): Couldn't load memtrack module (No such file or directory)
02-28 17:58:26.464 E/android.os.Debug( 7497): failed to load memtrack module: -2
02-28 17:58:26.494 D/AndroidRuntime( 7497): Calling main entry com.android.commands.am.Am
02-28 17:58:26.524 D/AndroidRuntime( 7497): Shutting down VM
02-28 17:58:26.524 I/SecurityManagerService(  621): SMS received security event: App[START/org.xwalk.webapi_service_tests]
02-28 17:58:26.524 I/ActivityManager(  506): START u0 {flg=0x10000000 cmp=org.xwalk.webapi_service_tests/.WebapiServiceTestsActivity} from pid 7497
02-28 17:58:26.534 D/dalvikvm( 7497): GC_CONCURRENT freed 110K, 16% free 673K/800K, paused 0ms+1ms, total 1ms
02-28 17:58:26.534 D/dalvikvm( 7497): Compiler shutdown in progress - discarding request
02-28 17:58:26.534 D/dalvikvm( 7497): Compiler shutdown in progress - discarding request
02-28 17:58:26.534 D/dalvikvm( 7497): Compiler shutdown in progress - discarding request
02-28 17:58:26.534 D/dalvikvm( 7497): Compiler shutdown in progress - discarding request
02-28 17:58:26.534 D/dalvikvm( 7497): Compiler shutdown in progress - discarding request
02-28 17:58:26.534 D/dalvikvm( 7497): Compiler shutdown in progress - discarding request
02-28 17:58:26.534 D/dalvikvm( 7497): Compiler shutdown in progress - discarding request
02-28 17:58:26.534 D/dalvikvm( 7497): Compiler shutdown in progress - discarding request
02-28 17:58:26.534 D/dalvikvm( 7497): Compiler shutdown in progress - discarding request
02-28 17:58:26.534 D/dalvikvm( 7497): Compiler shutdown in progress - discarding request
02-28 17:58:26.534 D/dalvikvm( 7497): Compiler shutdown in progress - discarding request
02-28 17:58:26.534 D/dalvikvm( 7497): Compiler shutdown in progress - discarding request
02-28 17:58:26.534 D/dalvikvm( 7497): Compiler shutdown in progress - discarding request
02-28 17:58:26.534 D/dalvikvm( 7497): Compiler shutdown in progress - discarding request
02-28 17:58:26.534 D/dalvikvm( 7497): Compiler shutdown in progress - discarding request
02-28 17:58:26.534 D/dalvikvm( 7497): Compiler shutdown in progress - discarding request
02-28 17:58:26.534 D/dalvikvm( 7497): Compiler shutdown in progress - discarding request
02-28 17:58:26.534 D/dalvikvm( 7497): Compiler shutdown in progress - discarding request
02-28 17:58:26.534 D/dalvikvm( 7497): Compiler shutdown in progress - discarding request
02-28 17:58:26.534 D/dalvikvm( 7497): Compiler shutdown in progress - discarding request
02-28 17:58:26.534 D/dalvikvm( 7497): Compiler shutdown in progress - discarding request
02-28 17:58:26.534 D/dalvikvm( 7497): Compiler shutdown in progress - discarding request
02-28 17:58:26.534 D/dalvikvm( 7497): Compiler shutdown in progress - discarding request
02-28 17:58:26.534 D/dalvikvm( 7497): Compiler shutdown in progress - discarding request
02-28 17:58:26.534 D/dalvikvm( 7497): Compiler shutdown in progress - discarding request
02-28 17:58:26.534 D/dalvikvm( 7497): Compiler shutdown in progress - discarding request
02-28 17:58:26.534 D/dalvikvm( 7497): Compiler shutdown in progress - discarding request
02-28 17:58:26.534 D/dalvikvm( 7497): Compiler shutdown in progress - discarding request
02-28 17:58:26.534 D/dalvikvm( 7497): Compiler shutdown in progress - discarding request
02-28 17:58:26.534 D/dalvikvm( 7497): Compiler shutdown in progress - discarding request
02-28 17:58:26.534 D/dalvikvm( 7497): Compiler shutdown in progress - discarding request
02-28 17:58:26.534 D/dalvikvm( 7497): Compiler shutdown in progress - discarding request
02-28 17:58:26.534 D/dalvikvm( 7497): Compiler shutdown in progress - discarding request
02-28 17:58:26.534 D/dalvikvm( 7497): Compiler shutdown in progress - discarding request
02-28 17:58:26.534 D/dalvikvm( 7497): Compiler shutdown in progress - discarding request
02-28 17:58:26.534 D/dalvikvm( 7497): Compiler shutdown in progress - discarding request
02-28 17:58:26.534 D/dalvikvm( 7497): Compiler shutdown in progress - discarding request
02-28 17:58:26.534 D/dalvikvm( 7497): Compiler shutdown in progress - discarding request
02-28 17:58:26.534 D/dalvikvm( 7497): Compiler shutdown in progress - discarding request
02-28 17:58:26.534 D/dalvikvm( 7497): Compiler shutdown in progress - discarding request
02-28 17:58:26.534 D/dalvikvm( 7497): Compiler shutdown in progress - discarding request
02-28 17:58:26.534 D/dalvikvm( 7497): Compiler shutdown in progress - discarding request
02-28 17:58:26.534 D/dalvikvm( 7497): Compiler shutdown in progress - discarding request
02-28 17:58:26.534 D/dalvikvm( 7497): Compiler shutdown in progress - discarding request
02-28 17:58:26.534 D/dalvikvm( 7497): Compiler shutdown in progress - discarding request
02-28 17:58:26.534 D/dalvikvm( 7497): Compiler shutdown in progress - discarding request
02-28 17:58:26.534 D/dalvikvm( 7497): Compiler shutdown in progress - discarding request
02-28 17:58:26.534 D/dalvikvm( 7508): Process 7508 nice name: org.xwalk.webapi_service_tests
02-28 17:58:26.534 D/dalvikvm( 7508): Extra Options: not specified
02-28 17:58:26.534 I/ActivityManager(  506): Start proc org.xwalk.webapi_service_tests for activity org.xwalk.webapi_service_tests/.WebapiServiceTestsActivity: pid=7508 uid=10350 gids={50350, 3003, 1028, 1015}
02-28 17:58:26.554 D/WindowManager(  506): adjustConfigurationLw, config:{1.0 ?mcc?mnc ?locale ?layoutDir sw600dp w600dp h888dp 213dpi lrg port ?uimode ?night finger -keyb/v/h -nav/v} mLidState:1 mHasDockFeature:false mHasKeyboardFeature:false mHasHallSensorFeature:true config.hardKeyboardHidden:2
02-28 17:58:26.554 D/        (13282): Surface destroy: ANDROID_NATIVE_WINDOW_MAGIC
02-28 17:58:26.554 I/ActivityManager(  506): [TopPkgCurBat]	NowPkgName[org.xwalk.webapi_service_tests]	Battery[93]	TimeTick[1425117506564]	OldPkgName[com.asus.launcher]
02-28 17:58:26.564 E/rsC++   (13282): RS Message thread exiting.
02-28 17:58:26.584 D/dalvikvm( 7508): Trying to load lib /data/app-lib/org.xwalk.webapi_service_tests-1/libxwalkcore.so 0x43d7f220
02-28 17:58:26.594 D/dalvikvm( 7508): Added shared lib /data/app-lib/org.xwalk.webapi_service_tests-1/libxwalkcore.so 0x43d7f220
02-28 17:58:26.594 I/LibraryLoader( 7508): Time to load native libraries: 11 ms (timestamps 8383-8394)
02-28 17:58:26.594 I/LibraryLoader( 7508): Expected native library version number "",actual native library version number ""
02-28 17:58:26.614 I/LibraryLoader( 7508): Expected native library version number "",actual native library version number ""
02-28 17:58:26.614 I/chromium( 7508): [INFO:library_loader_hooks.cc(112)] Chromium logging enabled: level = 0, default verbosity = 0
02-28 17:58:26.624 I/BrowserStartupController( 7508): Initializing chromium process, singleProcess=true
02-28 17:58:26.674 W/AudioManagerAndroid( 7508): Requires BLUETOOTH permission
02-28 17:58:26.684 I/ufoGralloc( 7508): Hello, this is UFO GRALLOC/Intel Corporation
02-28 17:58:26.684 D/        ( 7508): Pixel Format : GGL_PIXEL_FORMAT_RGBA_8888
02-28 17:58:26.684 D/        ( 7508): droid_create_context : config id = 1 conf->NativeVisualID=1
02-28 17:58:26.684 D/        ( 7508): Pixel Format : GGL_PIXEL_FORMAT_RGBA_8888
02-28 17:58:26.684 I/        ( 7508): Requested context : GLES 2.0
02-28 17:58:26.714 W/chromium( 7508): [WARNING:proxy_service.cc(899)] PAC support disabled because there is no system implementation
02-28 17:58:26.714 W/dalvikvm( 7508): VFY: unable to find class referenced in signature (Landroid/view/inputmethod/CursorAnchorInfo;)
02-28 17:58:26.714 I/dalvikvm( 7508): Could not find method android.view.inputmethod.InputMethodManager.updateCursorAnchorInfo, referenced from method org.chromium.content.browser.input.InputMethodManagerWrapper.updateCursorAnchorInfo
02-28 17:58:26.714 W/dalvikvm( 7508): VFY: unable to resolve virtual method 1241: Landroid/view/inputmethod/InputMethodManager;.updateCursorAnchorInfo (Landroid/view/View;Landroid/view/inputmethod/CursorAnchorInfo;)V
02-28 17:58:26.714 D/dalvikvm( 7508): VFY: replacing opcode 0x6e at 0x000a
02-28 17:58:26.754 E/cutils  (  164): Failed to mkdirat(/Removable/MicroSD): Read-only file system
02-28 17:58:26.754 W/Vold    (  164): Returning OperationFailed - no handler for errno 30
02-28 17:58:26.764 W/ContextImpl( 7508): Failed to ensure directory: /Removable/MicroSD/Android/data/org.xwalk.webapi_service_tests/cache
02-28 17:58:26.764 W/XWalkExtensionManager( 7508): Failed to read extensions-config.json
02-28 17:58:26.764 I/dalvikvm( 7508): Could not find method android.app.Activity.finishAndRemoveTask, referenced from method org.chromium.base.ApiCompatibilityUtils.finishAndRemoveTask
02-28 17:58:26.764 W/dalvikvm( 7508): VFY: unable to resolve virtual method 4: Landroid/app/Activity;.finishAndRemoveTask ()V
02-28 17:58:26.764 D/dalvikvm( 7508): VFY: replacing opcode 0x6e at 0x0006
02-28 17:58:26.764 I/dalvikvm( 7508): Could not find method android.os.PowerManager.isInteractive, referenced from method org.chromium.base.ApiCompatibilityUtils.isInteractive
02-28 17:58:26.764 W/dalvikvm( 7508): VFY: unable to resolve virtual method 768: Landroid/os/PowerManager;.isInteractive ()Z
02-28 17:58:26.764 D/dalvikvm( 7508): VFY: replacing opcode 0x6e at 0x000e
02-28 17:58:26.764 I/dalvikvm( 7508): Could not find method android.view.Window.getNavigationBarColor, referenced from method org.chromium.base.ApiCompatibilityUtils.setStatusBarColor
02-28 17:58:26.764 W/dalvikvm( 7508): VFY: unable to resolve virtual method 1144: Landroid/view/Window;.getNavigationBarColor ()I
02-28 17:58:26.764 D/dalvikvm( 7508): VFY: replacing opcode 0x6e at 0x0010
02-28 17:58:26.764 I/dalvikvm( 7508): Could not find method android.view.Window.setStatusBarColor, referenced from method org.chromium.base.ApiCompatibilityUtils.setStatusBarColor
02-28 17:58:26.764 W/dalvikvm( 7508): VFY: unable to resolve virtual method 1149: Landroid/view/Window;.setStatusBarColor (I)V
02-28 17:58:26.764 D/dalvikvm( 7508): VFY: replacing opcode 0x6e at 0x0019
02-28 17:58:26.764 E/chromium( 7508): [ERROR:unix_domain_server_socket_posix.cc(106)] Not implemented reached in virtual int net::UnixDomainServerSocket::GetLocalAddress(net::IPEndPoint*) const
02-28 17:58:26.764 E/dalvikvm( 7508): Could not find class 'android.app.ActivityManager$TaskDescription', referenced from method org.chromium.base.ApiCompatibilityUtils.setTaskDescription
02-28 17:58:26.764 W/dalvikvm( 7508): VFY: unable to resolve new-instance 11 (Landroid/app/ActivityManager$TaskDescription;) in Lorg/chromium/base/ApiCompatibilityUtils;
02-28 17:58:26.764 D/dalvikvm( 7508): VFY: replacing opcode 0x22 at 0x0006
02-28 17:58:26.764 D/dalvikvm( 7508): DexOpt: unable to opt direct call 0x001e at 0x08 in Lorg/chromium/base/ApiCompatibilityUtils;.setTaskDescription
02-28 17:58:26.774 I/chromium( 7508): [INFO:xwalk_extension_renderer_controller.cc(47)] EXTENSION PROCESS DISABLED.
02-28 17:58:26.804 D/        ( 7508): droid_create_context : config id = 5 conf->NativeVisualID=1
02-28 17:58:26.804 D/        ( 7508): Pixel Format : GGL_PIXEL_FORMAT_RGBA_8888
02-28 17:58:26.804 I/        ( 7508): Requested context : GLES 2.0
02-28 17:58:26.814 D/        ( 7508): Pixel Format : GGL_PIXEL_FORMAT_RGBA_8888
02-28 17:58:26.814 D/        ( 7508): droid_create_context : config id = 1 conf->NativeVisualID=1
02-28 17:58:26.814 D/        ( 7508): Pixel Format : GGL_PIXEL_FORMAT_RGBA_8888
02-28 17:58:26.814 I/        ( 7508): Requested context : GLES 2.0
02-28 17:58:26.824 D/        ( 7508): Pixel Format : GGL_PIXEL_FORMAT_RGBA_8888
02-28 17:58:26.834 D/OpenGLRenderer( 7508): Enabling debug mode 0
02-28 17:58:26.894 I/ActivityManager(  506): Displayed org.xwalk.webapi_service_tests/.WebapiServiceTestsActivity: +372ms
02-28 17:58:26.904 W/BindingManager( 7508): Cannot call determinedVisibility() - never saw a connection for the pid: 7508
02-28 17:58:26.904 D/XT9IME  (13333): new subtype :zh_CN ,pinyin
02-28 17:58:26.914 D/ImageWallpaper(  570): onVisibilityChanged: mVisible, visible=true, false
02-28 17:58:26.914 D/ImageWallpaper(  570): Visibility changed to visible=false
02-28 17:58:26.914 D/ImageWallpaper(  570): Suppressed drawFrame since redraw is not needed and offsets have not changed.
02-28 17:58:26.924 D/        ( 7508): Pixel Format : GGL_PIXEL_FORMAT_RGBA_8888
02-28 17:58:26.924 D/        ( 7508): droid_create_context : config id = 1 conf->NativeVisualID=1
02-28 17:58:26.924 D/        ( 7508): Pixel Format : GGL_PIXEL_FORMAT_RGBA_8888
02-28 17:58:26.924 I/        ( 7508): Requested context : GLES 2.0
02-28 17:58:26.934 D/        ( 7508): Swap interval set to = 1 value
02-28 17:58:26.934 D/BatteryStatsImpl(  506): noteStopWakeLocked system isFromForeground = false
02-28 17:58:27.084 D/        ( 7508): Pixel Format : GGL_PIXEL_FORMAT_RGBA_8888
02-28 17:58:27.084 D/        ( 7508): droid_create_context : config id = 1 conf->NativeVisualID=1
02-28 17:58:27.084 D/        ( 7508): Pixel Format : GGL_PIXEL_FORMAT_RGBA_8888
02-28 17:58:27.084 I/        ( 7508): Requested context : GLES 2.0
02-28 17:58:27.144 I/chromium( 7508): [INFO:CONSOLE(0)] "Synchronous XMLHttpRequest on the main thread is deprecated because of its detrimental effects to the end user's experience. For more help, check http://xhr.spec.whatwg.org/.", source:  (0)
02-28 17:58:29.014 W/BindingManager( 7508): Cannot call determinedVisibility() - never saw a connection for the pid: 7508
02-28 17:58:29.674 W/BindingManager( 7508): Cannot call determinedVisibility() - never saw a connection for the pid: 7508
02-28 17:58:30.354 W/BindingManager( 7508): Cannot call determinedVisibility() - never saw a connection for the pid: 7508
02-28 17:58:31.014 W/BindingManager( 7508): Cannot call determinedVisibility() - never saw a connection for the pid: 7508
02-28 17:58:31.674 W/BindingManager( 7508): Cannot call determinedVisibility() - never saw a connection for the pid: 7508
02-28 17:58:32.304 W/BindingManager( 7508): Cannot call determinedVisibility() - never saw a connection for the pid: 7508
02-28 17:58:32.964 W/BindingManager( 7508): Cannot call determinedVisibility() - never saw a connection for the pid: 7508
02-28 17:58:33.634 W/BindingManager( 7508): Cannot call determinedVisibility() - never saw a connection for the pid: 7508
02-28 17:58:34.304 W/BindingManager( 7508): Cannot call determinedVisibility() - never saw a connection for the pid: 7508
02-28 17:58:35.144 W/BindingManager( 7508): Cannot call determinedVisibility() - never saw a connection for the pid: 7508
02-28 17:58:35.784 W/BindingManager( 7508): Cannot call determinedVisibility() - never saw a connection for the pid: 7508
02-28 17:58:36.434 W/BindingManager( 7508): Cannot call determinedVisibility() - never saw a connection for the pid: 7508
02-28 17:58:36.654 D/        ( 7508): Pixel Format : GGL_PIXEL_FORMAT_RGBA_8888
02-28 17:58:40.154 D/EVENT_THREAD(  187): void CEventThread::run() POLLIN event on Fd (1)
02-28 17:58:40.154 D/EVENT_THREAD(  187): void CEventThread::run() Do poll with timeout: -1
02-28 17:58:40.154 I/upi_ug31xx(  167): (3203) update_capacity
02-28 17:58:40.154 I/[UPI]   (  167): <UG31/E>[UpiReadCapacity]: V=4147(4144), T=357(359-427), I=-394, C=-3(-3-0)
02-28 17:58:40.154 I/[UPI]   (  167): <UG31/E>[UpiReadCapacity]: (0x0000214a) 3339 (3241) / 3602 (3602) = 93
02-28 17:58:40.154 I/[UPI]   (  167): <UG31/E>[UpiReadCapacity]: (0x0000214a) 3339 (3241) / 3602 (3602) = 93
02-28 17:58:40.154 I/[UPI]   (  167): <UG31/E>[UpiReadCapacity]: (0x0000214a) 3336 (3336) / 3602 (3602) = 93
02-28 17:58:40.154 I/[UPI]   (  167): <UG31/E>[RsocFilterCountTime]: (0x0000214a) Step=3(212120), Full=1(212120), Lock=212120(1800000)
02-28 17:58:40.154 I/[UPI]   (  167): <UG31/E>[UpiReadCapacity]: (0x0000214a) 3336 (3336) / 3602 (3602) = 93 (-394--394)
02-28 17:58:40.154 I/[UPI]   (  167): <UG31/E><BATT> M:normal, P:93(93-93)%, V:4144mV, C:-226mA, T:35.9C(427), S:0x0000214a(000), R:3336mAh, F:3602mAh, Q:2707mAh, CC:3, P:30.330(263-0)s, BO:7, 97:615:0-44af-9m:B001-20140514-144301 (2)
02-28 17:58:40.154 D/EVENT_THREAD(  187): void CEventThread::run() POLLIN event on Fd (1)
02-28 17:58:40.154 D/EVENT_THREAD(  187): void CEventThread::run() Do poll with timeout: -1
02-28 17:58:40.194 I/upi_ug31xx(  167): (3204) backup_data 
02-28 17:58:40.194 V/upi_ug31xx(  167): state->check_backup_count = 5
02-28 17:58:46.694 W/BindingManager( 7508): Cannot call determinedVisibility() - never saw a connection for the pid: 7508
02-28 17:58:47.674 W/BindingManager( 7508): Cannot call determinedVisibility() - never saw a connection for the pid: 7508
02-28 17:58:48.334 W/BindingManager( 7508): Cannot call determinedVisibility() - never saw a connection for the pid: 7508
02-28 17:58:48.984 W/BindingManager( 7508): Cannot call determinedVisibility() - never saw a connection for the pid: 7508
02-28 17:58:49.604 W/BindingManager( 7508): Cannot call determinedVisibility() - never saw a connection for the pid: 7508
02-28 17:58:49.894 D/wpa_supplicant(  659): wlan0: Starting AP scan for wildcard SSID
02-28 17:58:49.894 D/wpa_supplicant(  659): WPS: Building WPS IE for Probe Request
02-28 17:58:49.894 D/wpa_supplicant(  659): WPS:  * Version (hardcoded 0x10)
02-28 17:58:49.894 D/wpa_supplicant(  659): WPS:  * Request Type
02-28 17:58:49.894 D/wpa_supplicant(  659): WPS:  * Config Methods (4288)
02-28 17:58:49.894 D/wpa_supplicant(  659): WPS:  * UUID-E
02-28 17:58:49.894 D/wpa_supplicant(  659): WPS:  * Primary Device Type
02-28 17:58:49.894 D/wpa_supplicant(  659): WPS:  * RF Bands (1)
02-28 17:58:49.894 D/wpa_supplicant(  659): WPS:  * Association State
02-28 17:58:49.894 D/wpa_supplicant(  659): WPS:  * Configuration Error (0)
02-28 17:58:49.894 D/wpa_supplicant(  659): WPS:  * Device Password ID (0)
02-28 17:58:49.894 D/wpa_supplicant(  659): WPS:  * Manufacturer
02-28 17:58:49.894 D/wpa_supplicant(  659): WPS:  * Model Name
02-28 17:58:49.894 D/wpa_supplicant(  659): WPS:  * Model Number
02-28 17:58:49.894 D/wpa_supplicant(  659): WPS:  * Device Name
02-28 17:58:49.894 D/wpa_supplicant(  659): WPS:  * Version2 (0x20)
02-28 17:58:49.894 D/wpa_supplicant(  659): P2P: * P2P IE header
02-28 17:58:49.894 D/wpa_supplicant(  659): P2P: * Capability dev=25 group=00
02-28 17:58:49.894 D/wpa_supplicant(  659): P2P: * Listen Channel: Regulatory Class 81 Channel 11
02-28 17:58:49.894 D/wpa_supplicant(  659): wlan0: nl80211: scan request
02-28 17:58:49.954 D/wpa_supplicant(  659): Scan requested (ret=0) - scan timeout 30 seconds
02-28 17:58:49.954 D/wpa_supplicant(  659): nl80211: Drv Event 33 (NL80211_CMD_TRIGGER_SCAN) received for wlan0
02-28 17:58:49.954 D/wpa_supplicant(  659): wlan0: nl80211: Scan trigger
02-28 17:58:50.264 W/BindingManager( 7508): Cannot call determinedVisibility() - never saw a connection for the pid: 7508
02-28 17:58:50.914 W/BindingManager( 7508): Cannot call determinedVisibility() - never saw a connection for the pid: 7508
02-28 17:58:51.074 D/wpa_supplicant(  659): nl80211: Drv Event 34 (NL80211_CMD_NEW_SCAN_RESULTS) received for wlan0
02-28 17:58:51.074 D/wpa_supplicant(  659): wlan0: nl80211: New scan results available
02-28 17:58:51.074 D/wpa_supplicant(  659): wlan0: Event SCAN_RESULTS (3) received
02-28 17:58:51.074 D/wpa_supplicant(  659): nl80211: Received scan results (18 BSSes)
02-28 17:58:51.074 D/wpa_supplicant(  659): nl80211: Survey data missing
02-28 17:58:51.074 D/wpa_supplicant(  659): wlan0: BSS: Start scan result update 44
02-28 17:58:51.074 D/wpa_supplicant(  659): wlan0: BSS: Remove id 221 BSSID 00:0f:e2:0f:9f:c1 SSID '321_WAN' due to no match in scan
02-28 17:58:51.074 D/wpa_supplicant(  659): CTRL_IFACE monitor send - hexdump(len=39): 2f 64 61 74 61 2f 6d 69 73 63 2f 77 69 66 69 2f 73 6f 63 6b 65 74 73 2f 77 70 61 5f 63 74 72 6c ...
02-28 17:58:51.074 D/wpa_supplicant(  659): wlan0: BSS: Remove id 219 BSSID e4:d3:32:db:f6:03 SSID 'adddda' due to no match in scan
02-28 17:58:51.074 D/wpa_supplicant(  659): CTRL_IFACE monitor send - hexdump(len=39): 2f 64 61 74 61 2f 6d 69 73 63 2f 77 69 66 69 2f 73 6f 63 6b 65 74 73 2f 77 70 61 5f 63 74 72 6c ...
02-28 17:58:51.074 D/wpa_supplicant(  659): BSS: last_scan_res_used=17/32 last_scan_full=0
02-28 17:58:51.074 D/wpa_supplicant(  659): wlan0: New scan results available
02-28 17:58:51.074 D/wpa_supplicant(  659): CTRL_IFACE monitor send - hexdump(len=39): 2f 64 61 74 61 2f 6d 69 73 63 2f 77 69 66 69 2f 73 6f 63 6b 65 74 73 2f 77 70 61 5f 63 74 72 6c ...
02-28 17:58:51.074 I/WifiHW  (  506): EVENT: IFNAME=wlan0 CTRL-EVENT-BSS-REMOVED 221 00:0f:e2:0f:9f:c1
02-28 17:58:51.074 I/WifiHW  (  506): EVENT: IFNAME=wlan0 CTRL-EVENT-BSS-REMOVED 219 e4:d3:32:db:f6:03
02-28 17:58:51.074 D/wpa_supplicant(  659): CTRL_IFACE monitor send - hexdump(len=39): 2f 64 61 74 61 2f 6d 69 73 63 2f 77 69 66 69 2f 73 6f 63 6b 65 74 73 2f 77 70 61 5f 63 74 72 6c ...
02-28 17:58:51.074 D/wpa_supplicant(  659): Authorize channel 1
02-28 17:58:51.074 D/wpa_supplicant(  659): Authorize channel 2
02-28 17:58:51.074 I/WifiHW  (  506): EVENT: IFNAME=wlan0 CTRL-EVENT-SCAN-RESULTS 
02-28 17:58:51.074 D/wpa_supplicant(  659): Authorize channel 3
02-28 17:58:51.074 D/wpa_supplicant(  659): Authorize channel 4
02-28 17:58:51.074 D/wpa_supplicant(  659): Authorize channel 5
02-28 17:58:51.074 D/wpa_supplicant(  659): Authorize channel 6
02-28 17:58:51.074 D/wpa_supplicant(  659): Authorize channel 7
02-28 17:58:51.074 D/wpa_supplicant(  659): Authorize channel 8
02-28 17:58:51.074 I/WifiHW  (  506): EVENT: IFNAME=wlan0 WPS-AP-AVAILABLE 
02-28 17:58:51.074 I/WifiHW  (  506): CMD: IFNAME=wlan0 BSS RANGE=0- MASK=0x21987
02-28 17:58:51.074 D/wpa_supplicant(  659): Authorize channel 9
02-28 17:58:51.074 D/wpa_supplicant(  659): Authorize channel 10
02-28 17:58:51.074 D/wpa_supplicant(  659): Authorize channel 11
02-28 17:58:51.074 D/wpa_supplicant(  659): Authorize channel 12
02-28 17:58:51.074 D/wpa_supplicant(  659): Authorize channel 13
02-28 17:58:51.074 D/wpa_supplicant(  659): Authorize channel 1
02-28 17:58:51.074 D/wpa_supplicant(  659): Authorize channel 2
02-28 17:58:51.074 D/wpa_supplicant(  659): Authorize channel 3
02-28 17:58:51.074 D/wpa_supplicant(  659): Authorize channel 4
02-28 17:58:51.074 D/wpa_supplicant(  659): Authorize channel 5
02-28 17:58:51.074 D/wpa_supplicant(  659): Authorize channel 6
02-28 17:58:51.074 D/wpa_supplicant(  659): Authorize channel 7
02-28 17:58:51.074 D/wpa_supplicant(  659): Authorize channel 8
02-28 17:58:51.074 D/wpa_supplicant(  659): Authorize channel 9
02-28 17:58:51.074 D/wpa_supplicant(  659): Authorize channel 10
02-28 17:58:51.074 D/wpa_supplicant(  659): Authorize channel 11
02-28 17:58:51.074 D/wpa_supplicant(  659): Authorize channel 12
02-28 17:58:51.074 D/wpa_supplicant(  659): Authorize channel 13
02-28 17:58:51.074 D/wpa_supplicant(  659): Add access point on channel 6
02-28 17:58:51.074 D/wpa_supplicant(  659): Add access point on channel 6
02-28 17:58:51.074 D/wpa_supplicant(  659): Add access point on channel 6
02-28 17:58:51.074 D/wpa_supplicant(  659): Add access point on channel 11
02-28 17:58:51.074 D/wpa_supplicant(  659): Add access point on channel 11
02-28 17:58:51.074 D/wpa_supplicant(  659): Add access point on channel 1
02-28 17:58:51.074 D/wpa_supplicant(  659): Add access point on channel 6
02-28 17:58:51.074 D/wpa_supplicant(  659): Add access point on channel 1
02-28 17:58:51.074 D/wpa_supplicant(  659): Add access point on channel 6
02-28 17:58:51.074 D/wpa_supplicant(  659): Add access point on channel 11
02-28 17:58:51.074 D/wpa_supplicant(  659): Add access point on channel 11
02-28 17:58:51.074 D/wpa_supplicant(  659): Add access point on channel 6
02-28 17:58:51.074 D/wpa_supplicant(  659): Add access point on channel 6
02-28 17:58:51.074 D/wpa_supplicant(  659): Add access point on channel 6
02-28 17:58:51.084 D/wpa_supplicant(  659): Add access point on channel 9
02-28 17:58:51.084 D/wpa_supplicant(  659): Add access point on channel 1
02-28 17:58:51.084 D/wpa_supplicant(  659): Add access point on channel 6
02-28 17:58:51.084 D/wpa_supplicant(  659): Add access point on channel 6
02-28 17:58:51.084 D/wpa_supplicant(  659): Add access point on channel 6
02-28 17:58:51.084 D/wpa_supplicant(  659): Add access point on channel 13
02-28 17:58:51.084 D/wpa_supplicant(  659): Add access point on channel 2
02-28 17:58:51.084 D/wpa_supplicant(  659): Add access point on channel 7
02-28 17:58:51.084 D/wpa_supplicant(  659): Best Operating channel is = 1
02-28 17:58:51.084 D/wpa_supplicant(  659): WPS: AP[0] f8:d1:11:e7:99:e8 type=0 tries=0 last_attempt=-1 sec ago blacklist=0
02-28 17:58:51.084 D/wpa_supplicant(  659): WPS: AP[1] 44:94:fc:3d:da:38 type=0 tries=0 last_attempt=-1 sec ago blacklist=0
02-28 17:58:51.084 D/wpa_supplicant(  659): WPS: AP[2] cc:34:29:2b:26:4c type=0 tries=0 last_attempt=-1 sec ago blacklist=0
02-28 17:58:51.084 D/wpa_supplicant(  659): WPS: AP[3] cc:34:29:2c:fb:ec type=0 tries=0 last_attempt=-1 sec ago blacklist=0
02-28 17:58:51.084 D/wpa_supplicant(  659): WPS: AP[4] 98:fc:11:81:35:fb type=0 tries=0 last_attempt=-1 sec ago blacklist=0
02-28 17:58:51.084 D/wpa_supplicant(  659): WPS: AP[5] 14:d6:4d:28:ef:c8 type=0 tries=0 last_attempt=-1 sec ago blacklist=0
02-28 17:58:51.084 D/wpa_supplicant(  659): WPS: AP[6] c0:c1:c0:76:81:3c type=0 tries=0 last_attempt=-1 sec ago blacklist=0
02-28 17:58:51.084 D/wpa_supplicant(  659): WPS: AP[7] 10:9f:a9:dc:b1:fc type=0 tries=0 last_attempt=-1 sec ago blacklist=0
02-28 17:58:51.084 D/wpa_supplicant(  659): WPS: AP[8] 10:c3:7b:d2:e5:e0 type=0 tries=0 last_attempt=-1 sec ago blacklist=0
02-28 17:58:51.084 D/wpa_supplicant(  659): WPS: AP[9] e4:d3:32:36:2e:54 type=0 tries=0 last_attempt=-1 sec ago blacklist=0
02-28 17:58:51.084 D/wpa_supplicant(  659): WPS: AP[10] c0:a0:bb:20:3b:84 type=0 tries=0 last_attempt=-1 sec ago blacklist=0
02-28 17:58:51.084 D/wpa_supplicant(  659): WPS: AP[11] 2c:b0:5d:7f:f4:24 type=0 tries=0 last_attempt=-1 sec ago blacklist=0
02-28 17:58:51.084 D/wpa_supplicant(  659): WPS: AP[12] b0:48:7a:51:ff:cc type=0 tries=0 last_attempt=-1 sec ago blacklist=0
02-28 17:58:51.084 D/wpa_supplicant(  659): wlan0: Selecting BSS from priority group 20
02-28 17:58:51.084 D/wpa_supplicant(  659): wlan0: 0: c8:d7:19:60:62:f2 ssid='E3000-2.4G' wpa_ie_len=0 rsn_ie_len=20 caps=0x411 level=-41
02-28 17:58:51.084 D/wpa_supplicant(  659): wlan0:    skip - SSID mismatch
02-28 17:58:51.084 D/wpa_supplicant(  659): wlan0: 1: f8:d1:11:e7:99:e8 ssid='videotest' wpa_ie_len=22 rsn_ie_len=20 caps=0x531 level=-49 wps
02-28 17:58:51.084 D/wpa_supplicant(  659): wlan0:    skip - SSID mismatch
02-28 17:58:51.084 D/wpa_supplicant(  659): wlan0: 2: 44:94:fc:3d:da:38 ssid='6300' wpa_ie_len=0 rsn_ie_len=20 caps=0x411 level=-49 wps
02-28 17:58:51.084 D/wpa_supplicant(  659): wlan0:    skip - SSID mismatch
02-28 17:58:51.084 D/wpa_supplicant(  659): wlan0: 3: 6c:8b:2f:e8:38:24 ssid='ZTE_AP_6703' wpa_ie_len=0 rsn_ie_len=20 caps=0x511 level=-56
02-28 17:58:51.084 D/wpa_supplicant(  659): wlan0:    skip - SSID mismatch
02-28 17:58:51.084 D/wpa_supplicant(  659): wlan0: 4: 10:c3:7b:d2:e5:e0 ssid='ASUS_RT-AC66U-2.4G' wpa_ie_len=0 rsn_ie_len=20 caps=0x411 level=-58 wps
02-28 17:58:51.084 D/wpa_supplicant(  659): wlan0:    skip - SSID mismatch
02-28 17:58:51.084 D/wpa_supplicant(  659): wlan0: 5: cc:34:29:2b:26:4c ssid='cws-test' wpa_ie_len=0 rsn_ie_len=20 caps=0x431 level=-62 wps
02-28 17:58:51.084 D/wpa_supplicant(  659): wlan0:    skip - SSID mismatch
02-28 17:58:51.084 D/wpa_supplicant(  659): wlan0: 6: cc:34:29:2c:fb:ec ssid='linksys' wpa_ie_len=22 rsn_ie_len=20 caps=0x431 level=-67 wps
02-28 17:58:51.084 D/wpa_supplicant(  659): wlan0:    skip - SSID mismatch
02-28 17:58:51.084 D/wpa_supplicant(  659): wlan0: 7: b0:48:7a:51:ff:cc ssid='Neusoft TP' wpa_ie_len=22 rsn_ie_len=20 caps=0x431 level=-68 wps
02-28 17:58:51.084 D/wpa_supplicant(  659): wlan0:    skip - SSID mismatch
02-28 17:58:51.084 D/wpa_supplicant(  659): wlan0: 8: c4:17:fe:3f:4f:fb ssid='cmcm' wpa_ie_len=0 rsn_ie_len=20 caps=0x511 level=-68
02-28 17:58:51.084 D/wpa_supplicant(  659): wlan0:    skip - SSID mismatch
02-28 17:58:51.084 D/wpa_supplicant(  659): wlan0: 9: c0:cb:38:7f:c9:09 ssid='360WiFi-7908' wpa_ie_len=0 rsn_ie_len=20 caps=0x511 level=-73
02-28 17:58:51.084 D/wpa_supplicant(  659): wlan0:    skip - SSID mismatch
02-28 17:58:51.084 D/wpa_supplicant(  659): wlan0: 10: 14:d6:4d:28:ef:c8 ssid='dlink' wpa_ie_len=0 rsn_ie_len=20 caps=0x31 level=-74 wps
02-28 17:58:51.084 D/wpa_supplicant(  659): wlan0:    skip - SSID mismatch
02-28 17:58:51.084 D/wpa_supplicant(  659): wlan0: 11: c0:a0:bb:20:3b:84 ssid='dlink-3B84' wpa_ie_len=26 rsn_ie_len=24 caps=0x411 level=-78 wps
02-28 17:58:51.084 D/wpa_supplicant(  659): wlan0:    skip - SSID mismatch
02-28 17:58:51.084 D/wpa_supplicant(  659): wlan0: 12: 02:1a:11:f8:2f:eb ssid='io1' wpa_ie_len=0 rsn_ie_len=20 caps=0x431 level=-78
02-28 17:58:51.084 D/wpa_supplicant(  659): wlan0:    skip - SSID mismatch
02-28 17:58:51.084 D/wpa_supplicant(  659): wlan0: 13: 98:fc:11:81:35:fb ssid='E2000EE' wpa_ie_len=0 rsn_ie_len=20 caps=0x411 level=-95 wps
02-28 17:58:51.084 D/wpa_supplicant(  659): wlan0:    skip - SSID mismatch
02-28 17:58:51.084 D/wpa_supplicant(  659): wlan0: 14: 7a:24:af:1e:df:58 ssid='DIRECT-' wpa_ie_len=0 rsn_ie_len=0 caps=0x410 level=-51
02-28 17:58:51.084 D/wpa_supplicant(  659): wlan0:    skip - SSID mismatch
02-28 17:58:51.084 D/wpa_supplicant(  659): wlan0: 15: c0:c1:c0:76:81:3c ssid='E2000' wpa_ie_len=0 rsn_ie_len=0 caps=0x401 level=-59 wps
02-28 17:58:51.084 D/wpa_supplicant(  659): wlan0:    skip - SSID mismatch
02-28 17:58:51.084 D/wpa_supplicant(  659): wlan0: 16: 50:bd:5f:4b:29:92 ssid='Internet-2' wpa_ie_len=0 rsn_ie_len=0 caps=0x421 level=-69
02-28 17:58:51.084 D/wpa_supplicant(  659): wlan0:    skip - SSID mismatch
02-28 17:58:51.084 D/wpa_supplicant(  659): wlan0: Selecting BSS from priority group 19
02-28 17:58:51.084 D/wpa_supplicant(  659): wlan0: 0: c8:d7:19:60:62:f2 ssid='E3000-2.4G' wpa_ie_len=0 rsn_ie_len=20 caps=0x411 level=-41
02-28 17:58:51.084 D/wpa_supplicant(  659): wlan0:    skip - SSID mismatch
02-28 17:58:51.084 D/wpa_supplicant(  659): wlan0: 1: f8:d1:11:e7:99:e8 ssid='videotest' wpa_ie_len=22 rsn_ie_len=20 caps=0x531 level=-49 wps
02-28 17:58:51.084 D/wpa_supplicant(  659): wlan0:    skip - SSID mismatch
02-28 17:58:51.084 D/wpa_supplicant(  659): wlan0: 2: 44:94:fc:3d:da:38 ssid='6300' wpa_ie_len=0 rsn_ie_len=20 caps=0x411 level=-49 wps
02-28 17:58:51.084 D/wpa_supplicant(  659): wlan0:    skip - SSID mismatch
02-28 17:58:51.084 D/wpa_supplicant(  659): wlan0: 3: 6c:8b:2f:e8:38:24 ssid='ZTE_AP_6703' wpa_ie_len=0 rsn_ie_len=20 caps=0x511 level=-56
02-28 17:58:51.084 D/wpa_supplicant(  659): wlan0:    skip - SSID mismatch
02-28 17:58:51.084 D/wpa_supplicant(  659): wlan0: 4: 10:c3:7b:d2:e5:e0 ssid='ASUS_RT-AC66U-2.4G' wpa_ie_len=0 rsn_ie_len=20 caps=0x411 level=-58 wps
02-28 17:58:51.084 D/wpa_supplicant(  659): wlan0:    skip - SSID mismatch
02-28 17:58:51.084 D/wpa_supplicant(  659): wlan0: 5: cc:34:29:2b:26:4c ssid='cws-test' wpa_ie_len=0 rsn_ie_len=20 caps=0x431 level=-62 wps
02-28 17:58:51.084 D/wpa_supplicant(  659): wlan0:    skip - SSID mismatch
