02-28 17:30:22.464 I/DEBUG   (  171):     #01  pc 00000005  <unknown>
02-28 17:30:22.464 I/DEBUG   (  171): 
02-28 17:30:22.464 I/DEBUG   (  171): stack:
02-28 17:30:22.464 I/DEBUG   (  171):          bfa8c4c0  b73467e0  
02-28 17:30:22.464 I/DEBUG   (  171):          bfa8c4c4  00000079  
02-28 17:30:22.464 I/DEBUG   (  171):          bfa8c4c8  00a8c578  
02-28 17:30:22.464 I/DEBUG   (  171):          bfa8c4cc  b73a9711  /system/bin/glgps (GetHalPlatf()+17)
02-28 17:30:22.464 I/DEBUG   (  171):          bfa8c4d0  00000000  
02-28 17:30:22.464 I/DEBUG   (  171):          bfa8c4d4  00000000  
02-28 17:30:22.464 I/DEBUG   (  171):          bfa8c4d8  00000000  
02-28 17:30:22.464 I/DEBUG   (  171):          bfa8c4dc  00000000  
02-28 17:30:22.464 I/DEBUG   (  171):          bfa8c4e0  00000000  
02-28 17:30:22.464 I/DEBUG   (  171):          bfa8c4e4  00000000  
02-28 17:30:22.464 I/DEBUG   (  171):          bfa8c4e8  00000000  
02-28 17:30:22.464 I/DEBUG   (  171):          bfa8c4ec  00000000  
02-28 17:30:22.464 I/DEBUG   (  171):          bfa8c4f0  00000000  
02-28 17:30:22.464 I/DEBUG   (  171):          bfa8c4f4  00000000  
02-28 17:30:22.464 I/DEBUG   (  171):          bfa8c4f8  00000000  
02-28 17:30:22.464 I/DEBUG   (  171):          bfa8c4fc  00000000  
02-28 17:30:22.464 I/DEBUG   (  171):     #00  bfa8c500  00000006  
02-28 17:30:22.464 I/DEBUG   (  171):          bfa8c504  b779ccac  /system/bin/glgps
02-28 17:30:22.464 I/DEBUG   (  171):          bfa8c508  000077d4  
02-28 17:30:22.464 I/DEBUG   (  171):          bfa8c50c  b72a8fba  /system/lib/libc.so (pthread_kill+90)
02-28 17:30:22.464 I/DEBUG   (  171):          bfa8c510  000077d4  
02-28 17:30:22.464 I/DEBUG   (  171):          bfa8c514  000077d4  
02-28 17:30:22.464 I/DEBUG   (  171):          bfa8c518  00000006  
02-28 17:30:22.464 I/DEBUG   (  171):          bfa8c51c  bfa8c56c  [stack]
02-28 17:30:22.464 I/DEBUG   (  171):          bfa8c520  bfa8c5bc  [stack]
02-28 17:30:22.464 I/DEBUG   (  171):          bfa8c524  bfa8c56c  [stack]
02-28 17:30:22.464 I/DEBUG   (  171):          bfa8c528  bfa8c5bc  [stack]
02-28 17:30:22.464 I/DEBUG   (  171):          bfa8c52c  b72a930a  /system/lib/libc.so (raise+26)
02-28 17:30:22.464 I/DEBUG   (  171):          bfa8c530  b7391040  
02-28 17:30:22.464 I/DEBUG   (  171):          bfa8c534  00000006  
02-28 17:30:22.464 I/DEBUG   (  171):          bfa8c538  ffff0208  
02-28 17:30:22.464 I/DEBUG   (  171):          bfa8c53c  b73b73d8  /system/bin/glgps (broadcom::BrcmGpsHalGpioSysfs::ClearNstdbyPin()+8)
02-28 17:30:22.484 I/BootReceiver(  506): Copying /data/tombstones/tombstone_07 to DropBox (SYSTEM_TOMBSTONE)
02-28 17:30:22.494 D/gpslogd (  506): IPC Connection closed by peer (GpsInterface)
02-28 17:30:22.774 W/BindingManager(29939): Cannot call determinedVisibility() - never saw a connection for the pid: 29939
02-28 17:30:22.804 W/CsmClient(  506): Calling start while there is no modem.
02-28 17:30:22.804 E/GpsLocationProvider(  506): CsmClient.startClient failed in startNavigating() 
02-28 17:30:22.804 E/GpsLocationProvider(  506): com.intel.cws.cwsservicemanager.CsmException: No modem.
02-28 17:30:22.804 E/GpsLocationProvider(  506): 	at com.intel.cws.cwsservicemanagerclient.CsmClient.start(CsmClient.java:244)
02-28 17:30:22.804 E/GpsLocationProvider(  506): 	at com.intel.cws.cwsservicemanagerclient.CsmClient.startAsync(CsmClient.java:314)
02-28 17:30:22.804 E/GpsLocationProvider(  506): 	at com.android.server.location.GpsLocationProvider.startNavigating(GpsLocationProvider.java:1221)
02-28 17:30:22.804 E/GpsLocationProvider(  506): 	at com.android.server.location.GpsLocationProvider.handleSetRequest(GpsLocationProvider.java:1043)
02-28 17:30:22.804 E/GpsLocationProvider(  506): 	at com.android.server.location.GpsLocationProvider.access$2800(GpsLocationProvider.java:110)
02-28 17:30:22.804 E/GpsLocationProvider(  506): 	at com.android.server.location.GpsLocationProvider$ProviderHandler.handleMessage(GpsLocationProvider.java:1942)
02-28 17:30:22.804 E/GpsLocationProvider(  506): 	at android.os.Handler.dispatchMessage(Handler.java:102)
02-28 17:30:22.804 E/GpsLocationProvider(  506): 	at android.os.Looper.loop(Looper.java:149)
02-28 17:30:22.804 E/GpsLocationProvider(  506): 	at android.os.HandlerThread.run(HandlerThread.java:61)
02-28 17:30:22.804 D/gpslogd (  506): gps_set_position_mode: Waiting for IPC connection...
02-28 17:30:23.814 D/gpslogd (  506): gps_set_position_mode: Waiting for IPC connection - timeout
02-28 17:30:23.814 E/gpslogd (  506): LIBGPS: Cannot communicate (write) with a GPSD
02-28 17:30:23.814 E/gpslogd (  506): IPC Communication Error, /tmp/12894738_192204/customers/Asustek/ME176Candroid/../../../proprietary/deliverables/android/gps_interface/../gps_interface/gpsi_client/GpsiClient.cpp:931 gps_set_position_mode
02-28 17:30:23.814 E/GpsLocationProvider(  506): set_position_mode failed in startNavigating()
02-28 17:30:23.814 W/CsmClient(  506): Calling start while there is no modem.
02-28 17:30:23.824 E/GpsLocationProvider(  506): CsmClient.startClient failed in startNavigating() 
02-28 17:30:23.824 E/GpsLocationProvider(  506): com.intel.cws.cwsservicemanager.CsmException: No modem.
02-28 17:30:23.824 E/GpsLocationProvider(  506): 	at com.intel.cws.cwsservicemanagerclient.CsmClient.start(CsmClient.java:244)
02-28 17:30:23.824 E/GpsLocationProvider(  506): 	at com.intel.cws.cwsservicemanagerclient.CsmClient.startAsync(CsmClient.java:314)
02-28 17:30:23.824 E/GpsLocationProvider(  506): 	at com.android.server.location.GpsLocationProvider.startNavigating(GpsLocationProvider.java:1221)
02-28 17:30:23.824 E/GpsLocationProvider(  506): 	at com.android.server.location.GpsLocationProvider.handleSetRequest(GpsLocationProvider.java:1043)
02-28 17:30:23.824 E/GpsLocationProvider(  506): 	at com.android.server.location.GpsLocationProvider.access$2800(GpsLocationProvider.java:110)
02-28 17:30:23.824 E/GpsLocationProvider(  506): 	at com.android.server.location.GpsLocationProvider$ProviderHandler.handleMessage(GpsLocationProvider.java:1942)
02-28 17:30:23.824 E/GpsLocationProvider(  506): 	at android.os.Handler.dispatchMessage(Handler.java:102)
02-28 17:30:23.824 E/GpsLocationProvider(  506): 	at android.os.Looper.loop(Looper.java:149)
02-28 17:30:23.824 E/GpsLocationProvider(  506): 	at android.os.HandlerThread.run(HandlerThread.java:61)
02-28 17:30:23.824 D/gpslogd (  506): gps_set_position_mode: Waiting for IPC connection...
02-28 17:30:24.754 I/WifiHW  (  506): CMD: IFNAME=wlan0 SIGNAL_POLL
02-28 17:30:24.754 D/wpa_supplicant(  659): RX ctrl_iface - hexdump(len=11): 53 49 47 4e 41 4c 5f 50 4f 4c 4c
02-28 17:30:24.754 D/wpa_supplicant(  659): wlan0: Control interface command 'SIGNAL_POLL'
02-28 17:30:24.784 D/wpa_supplicant(  659): nl80211: survey data missing!
02-28 17:30:24.784 I/WifiHW  (  506): REPLY: RSSI=-58
02-28 17:30:24.784 I/WifiHW  (  506): REPLY: LINKSPEED=26
02-28 17:30:24.784 I/WifiHW  (  506): REPLY: NOISE=9999
02-28 17:30:24.784 I/WifiHW  (  506): REPLY: FREQUENCY=2437
02-28 17:30:24.834 D/gpslogd (  506): gps_set_position_mode: Waiting for IPC connection - timeout
02-28 17:30:24.834 E/gpslogd (  506): LIBGPS: Cannot communicate (write) with a GPSD
02-28 17:30:24.834 E/gpslogd (  506): IPC Communication Error, /tmp/12894738_192204/customers/Asustek/ME176Candroid/../../../proprietary/deliverables/android/gps_interface/../gps_interface/gpsi_client/GpsiClient.cpp:931 gps_set_position_mode
02-28 17:30:24.834 E/GpsLocationProvider(  506): set_position_mode failed in startNavigating()
02-28 17:30:24.834 D/BatteryStatsImpl(  506): noteStopWakeLocked system isFromForeground = false
02-28 17:30:26.514 D/gpsd    (30686): main()
02-28 17:30:26.514 D/gpsd    (30686): argv[0] = '/system/bin/glgps'
02-28 17:30:26.514 D/gpsd    (30686): argv[1] = '-c'
02-28 17:30:26.514 D/gpsd    (30686): argv[2] = '/system/etc/gpsconfig.xml'
02-28 17:30:26.524 D/gpslogd (  506): Restore last known position mode: 1, 0, 1000, 0, 0
02-28 17:30:26.524 D/GpsLocationProvider(  506): set_capabilities_callback: 6u
02-28 17:30:27.794 I/WifiHW  (  506): CMD: IFNAME=wlan0 SIGNAL_POLL
02-28 17:30:27.794 D/wpa_supplicant(  659): RX ctrl_iface - hexdump(len=11): 53 49 47 4e 41 4c 5f 50 4f 4c 4c
02-28 17:30:27.794 D/wpa_supplicant(  659): wlan0: Control interface command 'SIGNAL_POLL'
02-28 17:30:27.824 D/wpa_supplicant(  659): nl80211: survey data missing!
02-28 17:30:27.824 I/WifiHW  (  506): REPLY: RSSI=-58
02-28 17:30:27.824 I/WifiHW  (  506): REPLY: LINKSPEED=26
02-28 17:30:27.824 I/WifiHW  (  506): REPLY: NOISE=9999
02-28 17:30:27.824 I/WifiHW  (  506): REPLY: FREQUENCY=2437
02-28 17:30:28.024 D/dalvikvm(30498): GC_CONCURRENT freed 3201K, 27% free 9308K/12616K, paused 1ms+1ms, total 11ms
02-28 17:30:30.834 I/WifiHW  (  506): CMD: IFNAME=wlan0 SIGNAL_POLL
02-28 17:30:30.834 D/wpa_supplicant(  659): RX ctrl_iface - hexdump(len=11): 53 49 47 4e 41 4c 5f 50 4f 4c 4c
02-28 17:30:30.834 D/wpa_supplicant(  659): wlan0: Control interface command 'SIGNAL_POLL'
02-28 17:30:30.864 D/wpa_supplicant(  659): nl80211: survey data missing!
02-28 17:30:30.864 I/WifiHW  (  506): REPLY: RSSI=-58
02-28 17:30:30.864 I/WifiHW  (  506): REPLY: LINKSPEED=26
02-28 17:30:30.864 I/WifiHW  (  506): REPLY: NOISE=9999
02-28 17:30:30.864 I/WifiHW  (  506): REPLY: FREQUENCY=2437
02-28 17:30:33.874 I/WifiHW  (  506): CMD: IFNAME=wlan0 SIGNAL_POLL
02-28 17:30:33.874 D/wpa_supplicant(  659): RX ctrl_iface - hexdump(len=11): 53 49 47 4e 41 4c 5f 50 4f 4c 4c
02-28 17:30:33.874 D/wpa_supplicant(  659): wlan0: Control interface command 'SIGNAL_POLL'
02-28 17:30:33.894 D/wpa_supplicant(  659): nl80211: survey data missing!
02-28 17:30:33.894 I/WifiHW  (  506): REPLY: RSSI=-58
02-28 17:30:33.894 I/WifiHW  (  506): REPLY: LINKSPEED=26
02-28 17:30:33.894 I/WifiHW  (  506): REPLY: NOISE=9999
02-28 17:30:33.894 I/WifiHW  (  506): REPLY: FREQUENCY=2437
02-28 17:30:34.944 D/BatteryStatsImpl(  506): noteStopWakeLocked system isFromForeground = false
02-28 17:30:34.954 W/BindingManager(29939): Cannot call determinedVisibility() - never saw a connection for the pid: 29939
02-28 17:30:35.184 W/CsmClient(  506): Calling start while there is no modem.
02-28 17:30:35.184 E/GpsLocationProvider(  506): CsmClient.startClient failed in startNavigating() 
02-28 17:30:35.184 E/GpsLocationProvider(  506): com.intel.cws.cwsservicemanager.CsmException: No modem.
02-28 17:30:35.184 E/GpsLocationProvider(  506): 	at com.intel.cws.cwsservicemanagerclient.CsmClient.start(CsmClient.java:244)
02-28 17:30:35.184 E/GpsLocationProvider(  506): 	at com.intel.cws.cwsservicemanagerclient.CsmClient.startAsync(CsmClient.java:314)
02-28 17:30:35.184 E/GpsLocationProvider(  506): 	at com.android.server.location.GpsLocationProvider.startNavigating(GpsLocationProvider.java:1221)
02-28 17:30:35.184 E/GpsLocationProvider(  506): 	at com.android.server.location.GpsLocationProvider.handleSetRequest(GpsLocationProvider.java:1043)
02-28 17:30:35.184 E/GpsLocationProvider(  506): 	at com.android.server.location.GpsLocationProvider.access$2800(GpsLocationProvider.java:110)
02-28 17:30:35.184 E/GpsLocationProvider(  506): 	at com.android.server.location.GpsLocationProvider$ProviderHandler.handleMessage(GpsLocationProvider.java:1942)
02-28 17:30:35.184 E/GpsLocationProvider(  506): 	at android.os.Handler.dispatchMessage(Handler.java:102)
02-28 17:30:35.184 E/GpsLocationProvider(  506): 	at android.os.Looper.loop(Looper.java:149)
02-28 17:30:35.184 E/GpsLocationProvider(  506): 	at android.os.HandlerThread.run(HandlerThread.java:61)
02-28 17:30:35.184 V/CsmClient(  506): [2] csmStop called
02-28 17:30:35.184 W/CsmClient(  506): Calling start while there is no modem.
02-28 17:30:35.184 E/GpsLocationProvider(  506): CsmClient.startClient failed in startNavigating() 
02-28 17:30:35.184 E/GpsLocationProvider(  506): com.intel.cws.cwsservicemanager.CsmException: No modem.
02-28 17:30:35.184 E/GpsLocationProvider(  506): 	at com.intel.cws.cwsservicemanagerclient.CsmClient.start(CsmClient.java:244)
02-28 17:30:35.184 E/GpsLocationProvider(  506): 	at com.intel.cws.cwsservicemanagerclient.CsmClient.startAsync(CsmClient.java:314)
02-28 17:30:35.184 E/GpsLocationProvider(  506): 	at com.android.server.location.GpsLocationProvider.startNavigating(GpsLocationProvider.java:1221)
02-28 17:30:35.184 E/GpsLocationProvider(  506): 	at com.android.server.location.GpsLocationProvider.handleSetRequest(GpsLocationProvider.java:1043)
02-28 17:30:35.184 E/GpsLocationProvider(  506): 	at com.android.server.location.GpsLocationProvider.access$2800(GpsLocationProvider.java:110)
02-28 17:30:35.184 E/GpsLocationProvider(  506): 	at com.android.server.location.GpsLocationProvider$ProviderHandler.handleMessage(GpsLocationProvider.java:1942)
02-28 17:30:35.184 E/GpsLocationProvider(  506): 	at android.os.Handler.dispatchMessage(Handler.java:102)
02-28 17:30:35.184 E/GpsLocationProvider(  506): 	at android.os.Looper.loop(Looper.java:149)
02-28 17:30:35.184 E/GpsLocationProvider(  506): 	at android.os.HandlerThread.run(HandlerThread.java:61)
02-28 17:30:35.184 D/BatteryStatsImpl(  506): noteStopWakeLocked system isFromForeground = false
02-28 17:30:35.304 D/gpslogd (30686): CALL_SENTRY: GlEngine::OnStart took 121 ms (from28556988 to 28557109) (log=0,0,0), start: 17:30:35.197
02-28 17:30:35.304 E/gpslogd (30686): ASSERT in /tmp/12894738_192204/customers/Asustek/ME176Candroid/../../../proprietary/deliverables/android/gps_interface/../gpsd/common/GlGpsdInterface.cpp:868: GL_STOP_HW_PANIC
02-28 17:30:35.314 F/libc    (30686): Fatal signal 6 (SIGABRT), thread 30686 (glgps)
02-28 17:30:35.364 I/DEBUG   (  171): *** *** *** *** *** *** *** *** *** *** *** *** *** *** *** ***
02-28 17:30:35.364 I/DEBUG   (  171): Build fingerprint: 'asus/CN_K011/K011:4.4.2/KOT49H/CN_user_3.0.23.150_20140626:user/release-keys'
02-28 17:30:35.364 I/DEBUG   (  171): Revision: '0'
02-28 17:30:35.364 I/DEBUG   (  171): pid: 30686, tid: 30686, name: glgps  >>> /system/bin/glgps <<<
02-28 17:30:35.364 I/DEBUG   (  171): AM write failure (32 / Broken pipe)
02-28 17:30:35.364 I/DEBUG   (  171): signal 6 (SIGABRT), code -6 (SI_TKILL), fault addr --------
02-28 17:30:35.364 W/NativeCrashListener(  506): Couldn't find ProcessRecord for pid 30686
02-28 17:30:35.394 I/DEBUG   (  171):     eax 00000000  ebx 000077de  ecx 000077de  edx 00000006
02-28 17:30:35.394 I/DEBUG   (  171):     esi 0000006f  edi b7709be8
02-28 17:30:35.394 I/DEBUG   (  171):     xcs 00000073  xds 0000007b  xes 0000007b  xfs 00000000  xss 0000007b
02-28 17:30:35.394 I/DEBUG   (  171):     eip b72e2ae6  ebp b76f9110  esp bfe0bf50  flags 00000207
02-28 17:30:35.394 I/DEBUG   (  171): 
02-28 17:30:35.394 I/DEBUG   (  171): backtrace:
02-28 17:30:35.394 I/DEBUG   (  171):     #00  pc 00048ae6  /system/lib/libc.so (tgkill+22)
02-28 17:30:35.394 I/DEBUG   (  171):     #01  pc 00000005  <unknown>
02-28 17:30:35.394 I/DEBUG   (  171): 
02-28 17:30:35.394 I/DEBUG   (  171): stack:
02-28 17:30:35.394 I/DEBUG   (  171):          bfe0bf10  00000000  
02-28 17:30:35.394 I/DEBUG   (  171):          bfe0bf14  00000000  
02-28 17:30:35.394 I/DEBUG   (  171):          bfe0bf18  00000000  
02-28 17:30:35.394 I/DEBUG   (  171):          bfe0bf1c  00000000  
02-28 17:30:35.394 I/DEBUG   (  171):          bfe0bf20  00000000  
02-28 17:30:35.394 I/DEBUG   (  171):          bfe0bf24  00000000  
02-28 17:30:35.394 I/DEBUG   (  171):          bfe0bf28  00000000  
02-28 17:30:35.394 I/DEBUG   (  171):          bfe0bf2c  00000000  
02-28 17:30:35.394 I/DEBUG   (  171):          bfe0bf30  00000000  
02-28 17:30:35.394 I/DEBUG   (  171):          bfe0bf34  00000000  
02-28 17:30:35.394 I/DEBUG   (  171):          bfe0bf38  00000000  
02-28 17:30:35.394 I/DEBUG   (  171):          bfe0bf3c  00000000  
02-28 17:30:35.394 I/DEBUG   (  171):          bfe0bf40  b735c208  /system/lib/libc.so
02-28 17:30:35.394 I/DEBUG   (  171):          bfe0bf44  00000000  
02-28 17:30:35.394 I/DEBUG   (  171):          bfe0bf48  00000000  
02-28 17:30:35.394 I/DEBUG   (  171):          bfe0bf4c  000077de  
02-28 17:30:35.394 I/DEBUG   (  171):     #00  bfe0bf50  00000006  
02-28 17:30:35.394 I/DEBUG   (  171):          bfe0bf54  b77b6cac  /system/bin/glgps
02-28 17:30:35.394 I/DEBUG   (  171):          bfe0bf58  000077de  
02-28 17:30:35.394 I/DEBUG   (  171):          bfe0bf5c  b72c2fba  /system/lib/libc.so (pthread_kill+90)
02-28 17:30:35.394 I/DEBUG   (  171):          bfe0bf60  000077de  
02-28 17:30:35.394 I/DEBUG   (  171):          bfe0bf64  000077de  
02-28 17:30:35.394 I/DEBUG   (  171):          bfe0bf68  00000006  
02-28 17:30:35.394 I/DEBUG   (  171):          bfe0bf6c  bfe0bfbc  [stack]
02-28 17:30:35.394 I/DEBUG   (  171):          bfe0bf70  bfe0c00c  [stack]
02-28 17:30:35.394 I/DEBUG   (  171):          bfe0bf74  bfe0bfbc  [stack]
02-28 17:30:35.394 I/DEBUG   (  171):          bfe0bf78  bfe0c00c  [stack]
02-28 17:30:35.394 I/DEBUG   (  171):          bfe0bf7c  b72c330a  /system/lib/libc.so (raise+26)
02-28 17:30:35.394 I/DEBUG   (  171):          bfe0bf80  b73ab040  
02-28 17:30:35.394 I/DEBUG   (  171):          bfe0bf84  00000006  
02-28 17:30:35.394 I/DEBUG   (  171):          bfe0bf88  ffff0208  
02-28 17:30:35.394 I/DEBUG   (  171):          bfe0bf8c  b73d13d8  /system/bin/glgps (broadcom::BrcmGpsHalGpioSysfs::ClearNstdbyPin()+8)
02-28 17:30:35.404 D/gpslogd (  506): IPC Connection closed by peer (GpsInterface)
02-28 17:30:35.404 I/BootReceiver(  506): Copying /data/tombstones/tombstone_08 to DropBox (SYSTEM_TOMBSTONE)
02-28 17:30:35.414 D/gpsd    (30703): main()
02-28 17:30:35.414 D/gpsd    (30703): argv[0] = '/system/bin/glgps'
02-28 17:30:35.414 D/gpsd    (30703): argv[1] = '-c'
02-28 17:30:35.414 D/gpsd    (30703): argv[2] = '/system/etc/gpsconfig.xml'
02-28 17:30:35.414 D/gpslogd (  506): Restore last known position mode: 1, 0, 1000, 0, 0
02-28 17:30:35.414 D/gpslogd (  506): Restore last known GPS state: GPS ON
02-28 17:30:35.534 D/gpslogd (30703): CALL_SENTRY: GlEngine::OnStart took 121 ms (from28557215 to 28557336) (log=0,0,0), start: 17:30:35.424
02-28 17:30:35.534 E/gpslogd (30703): ASSERT in /tmp/12894738_192204/customers/Asustek/ME176Candroid/../../../proprietary/deliverables/android/gps_interface/../gpsd/common/GlGpsdInterface.cpp:868: GL_STOP_HW_PANIC
02-28 17:30:35.534 F/libc    (30703): Fatal signal 6 (SIGABRT), thread 30703 (glgps)
02-28 17:30:35.634 I/DEBUG   (  171): *** *** *** *** *** *** *** *** *** *** *** *** *** *** *** ***
02-28 17:30:35.634 I/DEBUG   (  171): Build fingerprint: 'asus/CN_K011/K011:4.4.2/KOT49H/CN_user_3.0.23.150_20140626:user/release-keys'
02-28 17:30:35.634 I/DEBUG   (  171): Revision: '0'
02-28 17:30:35.634 I/DEBUG   (  171): pid: 30703, tid: 30703, name: glgps  >>> /system/bin/glgps <<<
02-28 17:30:35.644 I/DEBUG   (  171): signal 6 (SIGABRT), code -6 (SI_TKILL), fault addr --------
02-28 17:30:35.644 W/NativeCrashListener(  506): Couldn't find ProcessRecord for pid 30703
02-28 17:30:35.674 I/DEBUG   (  171):     eax 00000000  ebx 000077ef  ecx 000077ef  edx 00000006
02-28 17:30:35.674 I/DEBUG   (  171): AM write failure (32 / Broken pipe)
02-28 17:30:35.674 I/DEBUG   (  171):     esi 0000006f  edi b7667be8
02-28 17:30:35.674 I/DEBUG   (  171):     xcs 00000073  xds 0000007b  xes 0000007b  xfs 00000000  xss 0000007b
02-28 17:30:35.674 I/DEBUG   (  171):     eip b7240ae6  ebp b7657110  esp bf993110  flags 00000207
02-28 17:30:35.674 I/DEBUG   (  171): 
02-28 17:30:35.674 I/DEBUG   (  171): backtrace:
02-28 17:30:35.674 I/DEBUG   (  171):     #00  pc 00048ae6  /system/lib/libc.so (tgkill+22)
02-28 17:30:35.674 I/DEBUG   (  171):     #01  pc 00000005  <unknown>
02-28 17:30:35.674 I/DEBUG   (  171): 
02-28 17:30:35.674 I/DEBUG   (  171): stack:
02-28 17:30:35.674 I/DEBUG   (  171):          bf9930d0  00000000  
02-28 17:30:35.674 I/DEBUG   (  171):          bf9930d4  00000000  
02-28 17:30:35.674 I/DEBUG   (  171):          bf9930d8  00000000  
02-28 17:30:35.674 I/DEBUG   (  171):          bf9930dc  00000000  
02-28 17:30:35.674 I/DEBUG   (  171):          bf9930e0  00000000  
02-28 17:30:35.674 I/DEBUG   (  171):          bf9930e4  00000000  
02-28 17:30:35.674 I/DEBUG   (  171):          bf9930e8  00000000  
02-28 17:30:35.674 I/DEBUG   (  171):          bf9930ec  00000000  
02-28 17:30:35.674 I/DEBUG   (  171):          bf9930f0  00000000  
02-28 17:30:35.674 I/DEBUG   (  171):          bf9930f4  00000000  
02-28 17:30:35.674 I/DEBUG   (  171):          bf9930f8  00000000  
02-28 17:30:35.674 I/DEBUG   (  171):          bf9930fc  00000000  
02-28 17:30:35.674 I/DEBUG   (  171):          bf993100  b72ba208  /system/lib/libc.so
02-28 17:30:35.674 I/DEBUG   (  171):          bf993104  00000000  
02-28 17:30:35.674 I/DEBUG   (  171):          bf993108  00000000  
02-28 17:30:35.674 I/DEBUG   (  171):          bf99310c  000077ef  
02-28 17:30:35.674 I/DEBUG   (  171):     #00  bf993110  00000006  
02-28 17:30:35.674 I/DEBUG   (  171):          bf993114  b7714cac  /system/bin/glgps
02-28 17:30:35.674 I/DEBUG   (  171):          bf993118  000077ef  
02-28 17:30:35.674 I/DEBUG   (  171):          bf99311c  b7220fba  /system/lib/libc.so (pthread_kill+90)
02-28 17:30:35.674 I/DEBUG   (  171):          bf993120  000077ef  
02-28 17:30:35.674 I/DEBUG   (  171):          bf993124  000077ef  
02-28 17:30:35.674 I/DEBUG   (  171):          bf993128  00000006  
02-28 17:30:35.674 I/DEBUG   (  171):          bf99312c  bf99317c  [stack]
02-28 17:30:35.674 I/DEBUG   (  171):          bf993130  bf9931cc  [stack]
02-28 17:30:35.674 I/DEBUG   (  171):          bf993134  bf99317c  [stack]
02-28 17:30:35.674 I/DEBUG   (  171):          bf993138  bf9931cc  [stack]
02-28 17:30:35.674 I/DEBUG   (  171):          bf99313c  b722130a  /system/lib/libc.so (raise+26)
02-28 17:30:35.674 I/DEBUG   (  171):          bf993140  b7309040  
02-28 17:30:35.674 I/DEBUG   (  171):          bf993144  00000006  
02-28 17:30:35.674 I/DEBUG   (  171):          bf993148  ffff0208  
02-28 17:30:35.674 I/DEBUG   (  171):          bf99314c  b732f3d8  /system/bin/glgps (broadcom::BrcmGpsHalGpioSysfs::ClearNstdbyPin()+8)
02-28 17:30:35.684 D/gpslogd (  506): IPC Connection closed by peer (GpsInterface)
02-28 17:30:35.684 I/BootReceiver(  506): Copying /data/tombstones/tombstone_00 to DropBox (SYSTEM_TOMBSTONE)
02-28 17:30:36.904 I/WifiHW  (  506): CMD: IFNAME=wlan0 SIGNAL_POLL
02-28 17:30:36.904 D/wpa_supplicant(  659): RX ctrl_iface - hexdump(len=11): 53 49 47 4e 41 4c 5f 50 4f 4c 4c
02-28 17:30:36.904 D/wpa_supplicant(  659): wlan0: Control interface command 'SIGNAL_POLL'
02-28 17:30:36.934 D/wpa_supplicant(  659): nl80211: survey data missing!
02-28 17:30:36.934 I/WifiHW  (  506): REPLY: RSSI=-55
02-28 17:30:36.934 I/WifiHW  (  506): REPLY: LINKSPEED=26
02-28 17:30:36.934 I/WifiHW  (  506): REPLY: NOISE=9999
02-28 17:30:36.934 I/WifiHW  (  506): REPLY: FREQUENCY=2437
02-28 17:30:39.944 I/WifiHW  (  506): CMD: IFNAME=wlan0 SIGNAL_POLL
02-28 17:30:39.944 D/wpa_supplicant(  659): RX ctrl_iface - hexdump(len=11): 53 49 47 4e 41 4c 5f 50 4f 4c 4c
02-28 17:30:39.944 D/wpa_supplicant(  659): wlan0: Control interface command 'SIGNAL_POLL'
02-28 17:30:39.974 D/wpa_supplicant(  659): nl80211: survey data missing!
02-28 17:30:39.974 I/WifiHW  (  506): REPLY: RSSI=-56
02-28 17:30:39.974 I/WifiHW  (  506): REPLY: LINKSPEED=26
02-28 17:30:39.974 I/WifiHW  (  506): REPLY: NOISE=9999
02-28 17:30:39.974 I/WifiHW  (  506): REPLY: FREQUENCY=2437
02-28 17:30:40.714 D/gpsd    (30710): main()
02-28 17:30:40.714 D/gpsd    (30710): argv[0] = '/system/bin/glgps'
02-28 17:30:40.714 D/gpsd    (30710): argv[1] = '-c'
02-28 17:30:40.714 D/gpsd    (30710): argv[2] = '/system/etc/gpsconfig.xml'
02-28 17:30:40.714 D/gpslogd (  506): Restore last known position mode: 1, 0, 1000, 0, 0
02-28 17:30:40.714 D/gpslogd (  506): Restore last known GPS state: GPS ON
02-28 17:30:40.714 D/GpsLocationProvider(  506): set_capabilities_callback: 6u
02-28 17:30:40.844 D/gpslogd (30710): CALL_SENTRY: GlEngine::OnStart took 121 ms (from28562520 to 28562641) (log=0,0,0), start: 17:30:40.729
02-28 17:30:40.844 E/gpslogd (30710): ASSERT in /tmp/12894738_192204/customers/Asustek/ME176Candroid/../../../proprietary/deliverables/android/gps_interface/../gpsd/common/GlGpsdInterface.cpp:868: GL_STOP_HW_PANIC
02-28 17:30:40.844 F/libc    (30710): Fatal signal 6 (SIGABRT), thread 30710 (glgps)
02-28 17:30:40.944 I/DEBUG   (  171): *** *** *** *** *** *** *** *** *** *** *** *** *** *** *** ***
02-28 17:30:40.944 I/DEBUG   (  171): Build fingerprint: 'asus/CN_K011/K011:4.4.2/KOT49H/CN_user_3.0.23.150_20140626:user/release-keys'
02-28 17:30:40.944 I/DEBUG   (  171): Revision: '0'
02-28 17:30:40.944 I/DEBUG   (  171): pid: 30710, tid: 30710, name: glgps  >>> /system/bin/glgps <<<
02-28 17:30:40.944 I/DEBUG   (  171): AM write failure (32 / Broken pipe)
02-28 17:30:40.944 I/DEBUG   (  171): signal 6 (SIGABRT), code -6 (SI_TKILL), fault addr --------
02-28 17:30:40.944 W/NativeCrashListener(  506): Couldn't find ProcessRecord for pid 30710
02-28 17:30:40.974 I/DEBUG   (  171):     eax 00000000  ebx 000077f6  ecx 000077f6  edx 00000006
02-28 17:30:40.974 I/DEBUG   (  171):     esi 0000006f  edi b76c5be8
02-28 17:30:40.974 I/DEBUG   (  171):     xcs 00000073  xds 0000007b  xes 0000007b  xfs 00000000  xss 0000007b
02-28 17:30:40.974 I/DEBUG   (  171):     eip b729eae6  ebp b76b5110  esp bff9fa70  flags 00000207
02-28 17:30:40.974 I/DEBUG   (  171): 
02-28 17:30:40.974 I/DEBUG   (  171): backtrace:
02-28 17:30:40.974 I/DEBUG   (  171):     #00  pc 00048ae6  /system/lib/libc.so (tgkill+22)
02-28 17:30:40.974 I/DEBUG   (  171):     #01  pc 00000005  <unknown>
02-28 17:30:40.974 I/DEBUG   (  171): 
02-28 17:30:40.974 I/DEBUG   (  171): stack:
02-28 17:30:40.974 I/DEBUG   (  171):          bff9fa30  00000000  
02-28 17:30:40.974 I/DEBUG   (  171):          bff9fa34  00000000  
02-28 17:30:40.974 I/DEBUG   (  171):          bff9fa38  00000000  
02-28 17:30:40.974 I/DEBUG   (  171):          bff9fa3c  00000000  
02-28 17:30:40.974 I/DEBUG   (  171):          bff9fa40  00001000  
02-28 17:30:40.974 I/DEBUG   (  171):          bff9fa44  b7772cac  /system/bin/glgps
02-28 17:30:40.974 I/DEBUG   (  171):          bff9fa48  00000053  
02-28 17:30:40.974 I/DEBUG   (  171):          bff9fa4c  b72c3459  /system/lib/libc.so (__sflush+73)
02-28 17:30:40.974 I/DEBUG   (  171):          bff9fa50  00000001  
02-28 17:30:40.974 I/DEBUG   (  171):          bff9fa54  b8e1c080  [heap]
02-28 17:30:40.974 I/DEBUG   (  171):          bff9fa58  00000053  
02-28 17:30:40.974 I/DEBUG   (  171):          bff9fa5c  b7772cac  /system/bin/glgps
02-28 17:30:40.974 I/DEBUG   (  171):          bff9fa60  b7318208  /system/lib/libc.so
02-28 17:30:40.974 I/DEBUG   (  171):          bff9fa64  00000000  
02-28 17:30:40.974 I/DEBUG   (  171):          bff9fa68  00000000  
02-28 17:30:40.974 I/DEBUG   (  171):          bff9fa6c  000077f6  
02-28 17:30:40.974 I/DEBUG   (  171):     #00  bff9fa70  00000006  
02-28 17:30:40.974 I/DEBUG   (  171):          bff9fa74  b7772cac  /system/bin/glgps
02-28 17:30:40.974 I/DEBUG   (  171):          bff9fa78  000077f6  
02-28 17:30:40.974 I/DEBUG   (  171):          bff9fa7c  b727efba  /system/lib/libc.so (pthread_kill+90)
02-28 17:30:40.974 I/DEBUG   (  171):          bff9fa80  000077f6  
02-28 17:30:40.974 I/DEBUG   (  171):          bff9fa84  000077f6  
02-28 17:30:40.974 I/DEBUG   (  171):          bff9fa88  00000006  
02-28 17:30:40.974 I/DEBUG   (  171):          bff9fa8c  bff9fadc  [stack]
02-28 17:30:40.974 I/DEBUG   (  171):          bff9fa90  bff9fb2c  [stack]
02-28 17:30:40.974 I/DEBUG   (  171):          bff9fa94  bff9fadc  [stack]
02-28 17:30:40.974 I/DEBUG   (  171):          bff9fa98  bff9fb2c  [stack]
02-28 17:30:40.974 I/DEBUG   (  171):          bff9fa9c  b727f30a  /system/lib/libc.so (raise+26)
02-28 17:30:40.974 I/DEBUG   (  171):          bff9faa0  b7367040  
02-28 17:30:40.974 I/DEBUG   (  171):          bff9faa4  00000006  
02-28 17:30:40.974 I/DEBUG   (  171):          bff9faa8  ffff0208  
02-28 17:30:40.974 I/DEBUG   (  171):          bff9faac  b738d3d8  /system/bin/glgps (broadcom::BrcmGpsHalGpioSysfs::ClearNstdbyPin()+8)
02-28 17:30:40.984 D/gpslogd (  506): IPC Connection closed by peer (GpsInterface)
02-28 17:30:40.984 I/BootReceiver(  506): Copying /data/tombstones/tombstone_09 to DropBox (SYSTEM_TOMBSTONE)
02-28 17:30:42.984 I/WifiHW  (  506): CMD: IFNAME=wlan0 SIGNAL_POLL
02-28 17:30:42.984 D/wpa_supplicant(  659): RX ctrl_iface - hexdump(len=11): 53 49 47 4e 41 4c 5f 50 4f 4c 4c
02-28 17:30:42.984 D/wpa_supplicant(  659): wlan0: Control interface command 'SIGNAL_POLL'
02-28 17:30:43.014 D/wpa_supplicant(  659): nl80211: survey data missing!
02-28 17:30:43.014 I/WifiHW  (  506): REPLY: RSSI=-55
02-28 17:30:43.014 I/WifiHW  (  506): REPLY: LINKSPEED=26
02-28 17:30:43.014 I/WifiHW  (  506): REPLY: NOISE=9999
02-28 17:30:43.014 I/WifiHW  (  506): REPLY: FREQUENCY=2437
02-28 17:30:44.564 D/wpa_supplicant(  659): wlan0: RX EAPOL from 02:1a:11:f7:8e:9f
02-28 17:30:44.564 D/wpa_supplicant(  659): wlan0: IEEE 802.1X RX: version=2 type=3 length=127
02-28 17:30:44.564 D/wpa_supplicant(  659): wlan0:   EAPOL-Key type=2
02-28 17:30:44.564 D/wpa_supplicant(  659): wlan0:   key_info 0x1382 (ver=2 keyidx=0 rsvd=0 Group Ack MIC Secure Encr)
02-28 17:30:44.564 D/wpa_supplicant(  659): wlan0:   key_length=16 key_data_length=32
02-28 17:30:44.564 D/wpa_supplicant(  659):   replay_counter - hexdump(len=8): 00 00 00 00 00 00 00 14
02-28 17:30:44.564 D/wpa_supplicant(  659):   key_nonce - hexdump(len=32): b8 59 18 6a b0 f6 a8 c8 79 61 e5 d4 ee 4f e3 21 58 ec 11 52 fb 1c c5 7c 89 e7 c5 d4 74 be d1 77
02-28 17:30:44.564 D/wpa_supplicant(  659):   key_iv - hexdump(len=16): 00 00 00 00 00 00 00 00 00 00 00 00 00 00 00 00
02-28 17:30:44.564 D/wpa_supplicant(  659):   key_rsc - hexdump(len=8): 00 00 00 00 00 00 00 00
02-28 17:30:44.564 D/wpa_supplicant(  659):   key_id (reserved) - hexdump(len=8): 00 00 00 00 00 00 00 00
02-28 17:30:44.564 D/wpa_supplicant(  659):   key_mic - hexdump(len=16): e6 cb 28 ce 43 47 29 95 8e 8d bd 52 b4 aa 11 6b
02-28 17:30:44.564 D/wpa_supplicant(  659): RSN: encrypted key data - hexdump(len=32): 6a 63 82 c4 42 dc 7a 93 69 ab c2 e2 d3 ec cd a3 23 e6 78 54 40 71 89 38 f6 dc 1c f9 37 4e b1 83
02-28 17:30:44.564 D/wpa_supplicant(  659): WPA: decrypted EAPOL-Key key data - hexdump(len=24): [REMOVED]
02-28 17:30:44.564 D/wpa_supplicant(  659): wlan0: WPA: RX message 1 of Group Key Handshake from 02:1a:11:f7:8e:9f (ver=2)
02-28 17:30:44.564 D/wpa_supplicant(  659): RSN: msg 1/2 key data - hexdump(len=24): dd 16 00 0f ac 01 01 00 4f 8f 1c ca 16 d6 ec 29 8c 0b eb 01 8d c3 6f 2c
02-28 17:30:44.564 D/wpa_supplicant(  659): WPA: GTK in EAPOL-Key - hexdump(len=24): [REMOVED]
02-28 17:30:44.564 D/wpa_supplicant(  659): RSN: received GTK in group key handshake - hexdump(len=18): 01 00 4f 8f 1c ca 16 d6 ec 29 8c 0b eb 01 8d c3 6f 2c
02-28 17:30:44.564 D/wpa_supplicant(  659): wlan0: State: COMPLETED -> GROUP_HANDSHAKE
02-28 17:30:44.564 D/wpa_supplicant(  659): CTRL_IFACE monitor send - hexdump(len=39): 2f 64 61 74 61 2f 6d 69 73 63 2f 77 69 66 69 2f 73 6f 63 6b 65 74 73 2f 77 70 61 5f 63 74 72 6c ...
02-28 17:30:44.564 D/wpa_supplicant(  659): WPA: Group Key - hexdump(len=16): [REMOVED]
02-28 17:30:44.564 D/wpa_supplicant(  659): wlan0: WPA: Installing GTK to the driver (keyidx=1 tx=0 len=16)
02-28 17:30:44.564 D/wpa_supplicant(  659): WPA: RSC - hexdump(len=6): 00 00 00 00 00 00
02-28 17:30:44.564 I/WifiHW  (  506): EVENT: IFNAME=wlan0 CTRL-EVENT-STATE-CHANGE id=5 state=8 BSSID=02:1a:11:f7:8e:9f SSID=Android
02-28 17:30:44.564 D/wpa_supplicant(  659): wpa_driver_nl80211_set_key: ifindex=3 (wlan0) alg=3 addr=0xb769e0c3 key_idx=1 set_tx=0 seq_len=6 key_len=16
02-28 17:30:44.564 D/wpa_supplicant(  659):    broadcast key
02-28 17:30:44.574 D/wpa_supplicant(  659): wlan0: WPA: Sending EAPOL-Key 2/2
02-28 17:30:44.574 D/wpa_supplicant(  659): WPA: KCK - hexdump(len=16): [REMOVED]
02-28 17:30:44.574 D/wpa_supplicant(  659): WPA: Derived Key MIC - hexdump(len=16): a7 be 3c ec 5e 24 b6 2f 98 c4 18 b2 c0 61 da 5d
02-28 17:30:44.574 I/wpa_supplicant(  659): wlan0: WPA: Group rekeying completed with 02:1a:11:f7:8e:9f [GTK=CCMP]
02-28 17:30:44.574 D/wpa_supplicant(  659): CTRL_IFACE monitor send - hexdump(len=39): 2f 64 61 74 61 2f 6d 69 73 63 2f 77 69 66 69 2f 73 6f 63 6b 65 74 73 2f 77 70 61 5f 63 74 72 6c ...
02-28 17:30:44.574 D/wpa_supplicant(  659): wlan0: Cancelling authentication timeout
02-28 17:30:44.574 D/wpa_supplicant(  659): wlan0: State: GROUP_HANDSHAKE -> COMPLETED
02-28 17:30:44.574 D/wpa_supplicant(  659): CTRL_IFACE monitor send - hexdump(len=39): 2f 64 61 74 61 2f 6d 69 73 63 2f 77 69 66 69 2f 73 6f 63 6b 65 74 73 2f 77 70 61 5f 63 74 72 6c ...
02-28 17:30:44.574 I/WifiHW  (  506): EVENT: IFNAME=wlan0 WPA: Group rekeying completed with 02:1a:11:f7:8e:9f [GTK=CCMP]
02-28 17:30:44.574 I/WifiHW  (  506): EVENT: IFNAME=wlan0 CTRL-EVENT-STATE-CHANGE id=5 state=9 BSSID=02:1a:11:f7:8e:9f SSID=Android
02-28 17:30:46.014 D/gpsd    (30716): main()
02-28 17:30:46.014 D/gpsd    (30716): argv[0] = '/system/bin/glgps'
02-28 17:30:46.014 D/gpsd    (30716): argv[1] = '-c'
02-28 17:30:46.014 D/gpsd    (30716): argv[2] = '/system/etc/gpsconfig.xml'
02-28 17:30:46.014 D/gpslogd (  506): Restore last known position mode: 1, 0, 1000, 0, 0
02-28 17:30:46.014 D/gpslogd (  506): Restore last known GPS state: GPS ON
02-28 17:30:46.014 D/GpsLocationProvider(  506): set_capabilities_callback: 6u
02-28 17:30:46.024 I/WifiHW  (  506): CMD: IFNAME=wlan0 SIGNAL_POLL
02-28 17:30:46.024 D/wpa_supplicant(  659): RX ctrl_iface - hexdump(len=11): 53 49 47 4e 41 4c 5f 50 4f 4c 4c
02-28 17:30:46.024 D/wpa_supplicant(  659): wlan0: Control interface command 'SIGNAL_POLL'
02-28 17:30:46.044 D/wpa_supplicant(  659): nl80211: survey data missing!
02-28 17:30:46.044 I/WifiHW  (  506): REPLY: RSSI=-54
02-28 17:30:46.044 I/WifiHW  (  506): REPLY: LINKSPEED=26
02-28 17:30:46.044 I/WifiHW  (  506): REPLY: NOISE=9999
02-28 17:30:46.044 I/WifiHW  (  506): REPLY: FREQUENCY=2437
02-28 17:30:46.144 D/gpslogd (30716): CALL_SENTRY: GlEngine::OnStart took 121 ms (from28567821 to 28567942) (log=0,0,0), start: 17:30:46.030
02-28 17:30:46.144 E/gpslogd (30716): ASSERT in /tmp/12894738_192204/customers/Asustek/ME176Candroid/../../../proprietary/deliverables/android/gps_interface/../gpsd/common/GlGpsdInterface.cpp:868: GL_STOP_HW_PANIC
02-28 17:30:46.144 F/libc    (30716): Fatal signal 6 (SIGABRT), thread 30716 (glgps)
02-28 17:30:46.214 I/DEBUG   (  171): *** *** *** *** *** *** *** *** *** *** *** *** *** *** *** ***
02-28 17:30:46.214 I/DEBUG   (  171): Build fingerprint: 'asus/CN_K011/K011:4.4.2/KOT49H/CN_user_3.0.23.150_20140626:user/release-keys'
02-28 17:30:46.214 I/DEBUG   (  171): AM write failure (32 / Broken pipe)
02-28 17:30:46.214 I/DEBUG   (  171): Revision: '0'
02-28 17:30:46.214 I/DEBUG   (  171): pid: 30716, tid: 30716, name: glgps  >>> /system/bin/glgps <<<
02-28 17:30:46.214 I/DEBUG   (  171): signal 6 (SIGABRT), code -6 (SI_TKILL), fault addr --------
02-28 17:30:46.214 W/NativeCrashListener(  506): Couldn't find ProcessRecord for pid 30716
02-28 17:30:46.254 I/DEBUG   (  171):     eax 00000000  ebx 000077fc  ecx 000077fc  edx 00000006
02-28 17:30:46.254 I/DEBUG   (  171):     esi 0000006f  edi b76e2be8
02-28 17:30:46.254 I/DEBUG   (  171):     xcs 00000073  xds 0000007b  xes 0000007b  xfs 00000000  xss 0000007b
02-28 17:30:46.254 I/DEBUG   (  171):     eip b72bbae6  ebp b76d2110  esp bffc54a0  flags 00000203
02-28 17:30:46.254 I/DEBUG   (  171): 
02-28 17:30:46.254 I/DEBUG   (  171): backtrace:
02-28 17:30:46.254 I/DEBUG   (  171):     #00  pc 00048ae6  /system/lib/libc.so (tgkill+22)
02-28 17:30:46.254 I/DEBUG   (  171):     #01  pc 00000005  <unknown>
02-28 17:30:46.254 I/DEBUG   (  171): 
02-28 17:30:46.254 I/DEBUG   (  171): stack:
02-28 17:30:46.254 I/DEBUG   (  171):          bffc5460  00000000  
02-28 17:30:46.254 I/DEBUG   (  171):          bffc5464  00000000  
02-28 17:30:46.254 I/DEBUG   (  171):          bffc5468  00000000  
02-28 17:30:46.254 I/DEBUG   (  171):          bffc546c  00000000  
02-28 17:30:46.254 I/DEBUG   (  171):          bffc5470  00000000  
02-28 17:30:46.254 I/DEBUG   (  171):          bffc5474  00000000  
02-28 17:30:46.254 I/DEBUG   (  171):          bffc5478  00000000  
02-28 17:30:46.254 I/DEBUG   (  171):          bffc547c  00000000  
02-28 17:30:46.254 I/DEBUG   (  171):          bffc5480  00000001  
02-28 17:30:46.254 I/DEBUG   (  171):          bffc5484  b92fb080  [heap]
02-28 17:30:46.254 I/DEBUG   (  171):          bffc5488  00000053  
02-28 17:30:46.254 I/DEBUG   (  171):          bffc548c  b778fcac  /system/bin/glgps
02-28 17:30:46.254 I/DEBUG   (  171):          bffc5490  b7335208  /system/lib/libc.so
02-28 17:30:46.254 I/DEBUG   (  171):          bffc5494  00000000  
02-28 17:30:46.254 I/DEBUG   (  171):          bffc5498  00000000  
02-28 17:30:46.254 I/DEBUG   (  171):          bffc549c  000077fc  
02-28 17:30:46.254 I/DEBUG   (  171):     #00  bffc54a0  00000006  
02-28 17:30:46.254 I/DEBUG   (  171):          bffc54a4  b778fcac  /system/bin/glgps
02-28 17:30:46.254 I/DEBUG   (  171):          bffc54a8  000077fc  
02-28 17:30:46.254 I/DEBUG   (  171):          bffc54ac  b729bfba  /system/lib/libc.so (pthread_kill+90)
02-28 17:30:46.254 I/DEBUG   (  171):          bffc54b0  000077fc  
02-28 17:30:46.254 I/DEBUG   (  171):          bffc54b4  000077fc  
02-28 17:30:46.254 I/DEBUG   (  171):          bffc54b8  00000006  
02-28 17:30:46.254 I/DEBUG   (  171):          bffc54bc  bffc550c  [stack]
02-28 17:30:46.254 I/DEBUG   (  171):          bffc54c0  bffc555c  [stack]
02-28 17:30:46.254 I/DEBUG   (  171):          bffc54c4  bffc550c  [stack]
02-28 17:30:46.254 I/DEBUG   (  171):          bffc54c8  bffc555c  [stack]
02-28 17:30:46.254 I/DEBUG   (  171):          bffc54cc  b729c30a  /system/lib/libc.so (raise+26)
02-28 17:30:46.254 I/DEBUG   (  171):          bffc54d0  b7384040  
02-28 17:30:46.254 I/DEBUG   (  171):          bffc54d4  00000006  
02-28 17:30:46.254 I/DEBUG   (  171):          bffc54d8  ffff0208  
02-28 17:30:46.254 I/DEBUG   (  171):          bffc54dc  b73aa3d8  /system/bin/glgps (broadcom::BrcmGpsHalGpioSysfs::ClearNstdbyPin()+8)
02-28 17:30:46.254 D/gpslogd (  506): IPC Connection closed by peer (GpsInterface)
02-28 17:30:46.254 I/BootReceiver(  506): Copying /data/tombstones/tombstone_01 to DropBox (SYSTEM_TOMBSTONE)
02-28 17:30:47.294 D/gpslogd (  506): gps_stop: Waiting for IPC connection...
02-28 17:30:47.324 W/BindingManager(29939): Cannot call determinedVisibility() - never saw a connection for the pid: 29939
02-28 17:30:48.314 D/gpslogd (  506): gps_stop: Waiting for IPC connection - timeout
02-28 17:30:48.314 E/gpslogd (  506): LIBGPS: Cannot communicate (write) with a GPSD
02-28 17:30:48.314 E/gpslogd (  506): IPC Communication Error, /tmp/12894738_192204/customers/Asustek/ME176Candroid/../../../proprietary/deliverables/android/gps_interface/../gps_interface/gpsi_client/GpsiClient.cpp:789 gps_stop
02-28 17:30:48.314 V/CsmClient(  506): [2] csmStop called
02-28 17:30:48.314 W/CsmClient(  506): Calling start while there is no modem.
02-28 17:30:48.314 E/GpsLocationProvider(  506): CsmClient.startClient failed in startNavigating() 
02-28 17:30:48.314 E/GpsLocationProvider(  506): com.intel.cws.cwsservicemanager.CsmException: No modem.
02-28 17:30:48.314 E/GpsLocationProvider(  506): 	at com.intel.cws.cwsservicemanagerclient.CsmClient.start(CsmClient.java:244)
02-28 17:30:48.314 E/GpsLocationProvider(  506): 	at com.intel.cws.cwsservicemanagerclient.CsmClient.startAsync(CsmClient.java:314)
02-28 17:30:48.314 E/GpsLocationProvider(  506): 	at com.android.server.location.GpsLocationProvider.startNavigating(GpsLocationProvider.java:1221)
02-28 17:30:48.314 E/GpsLocationProvider(  506): 	at com.android.server.location.GpsLocationProvider.handleSetRequest(GpsLocationProvider.java:1043)
02-28 17:30:48.314 E/GpsLocationProvider(  506): 	at com.android.server.location.GpsLocationProvider.access$2800(GpsLocationProvider.java:110)
02-28 17:30:48.314 E/GpsLocationProvider(  506): 	at com.android.server.location.GpsLocationProvider$ProviderHandler.handleMessage(GpsLocationProvider.java:1942)
02-28 17:30:48.314 E/GpsLocationProvider(  506): 	at android.os.Handler.dispatchMessage(Handler.java:102)
02-28 17:30:48.314 E/GpsLocationProvider(  506): 	at android.os.Looper.loop(Looper.java:149)
02-28 17:30:48.314 E/GpsLocationProvider(  506): 	at android.os.HandlerThread.run(HandlerThread.java:61)
02-28 17:30:48.314 D/gpslogd (  506): gps_set_position_mode: Waiting for IPC connection...
02-28 17:30:49.054 I/WifiHW  (  506): CMD: IFNAME=wlan0 SIGNAL_POLL
02-28 17:30:49.054 D/wpa_supplicant(  659): RX ctrl_iface - hexdump(len=11): 53 49 47 4e 41 4c 5f 50 4f 4c 4c
02-28 17:30:49.054 D/wpa_supplicant(  659): wlan0: Control interface command 'SIGNAL_POLL'
02-28 17:30:49.064 D/wpa_supplicant(  659): nl80211: survey data missing!
02-28 17:30:49.064 I/WifiHW  (  506): REPLY: RSSI=-53
02-28 17:30:49.064 I/WifiHW  (  506): REPLY: LINKSPEED=26
02-28 17:30:49.064 I/WifiHW  (  506): REPLY: NOISE=9999
02-28 17:30:49.064 I/WifiHW  (  506): REPLY: FREQUENCY=2437
02-28 17:30:49.324 D/gpslogd (  506): gps_set_position_mode: Waiting for IPC connection - timeout
02-28 17:30:49.324 E/gpslogd (  506): LIBGPS: Cannot communicate (write) with a GPSD
02-28 17:30:49.324 E/gpslogd (  506): IPC Communication Error, /tmp/12894738_192204/customers/Asustek/ME176Candroid/../../../proprietary/deliverables/android/gps_interface/../gps_interface/gpsi_client/GpsiClient.cpp:931 gps_set_position_mode
02-28 17:30:49.324 E/GpsLocationProvider(  506): set_position_mode failed in startNavigating()
02-28 17:30:49.324 W/CsmClient(  506): Calling start while there is no modem.
02-28 17:30:49.334 E/GpsLocationProvider(  506): CsmClient.startClient failed in startNavigating() 
02-28 17:30:49.334 E/GpsLocationProvider(  506): com.intel.cws.cwsservicemanager.CsmException: No modem.
02-28 17:30:49.334 E/GpsLocationProvider(  506): 	at com.intel.cws.cwsservicemanagerclient.CsmClient.start(CsmClient.java:244)
02-28 17:30:49.334 E/GpsLocationProvider(  506): 	at com.intel.cws.cwsservicemanagerclient.CsmClient.startAsync(CsmClient.java:314)
02-28 17:30:49.334 E/GpsLocationProvider(  506): 	at com.android.server.location.GpsLocationProvider.startNavigating(GpsLocationProvider.java:1221)
02-28 17:30:49.334 E/GpsLocationProvider(  506): 	at com.android.server.location.GpsLocationProvider.handleSetRequest(GpsLocationProvider.java:1043)
02-28 17:30:49.334 E/GpsLocationProvider(  506): 	at com.android.server.location.GpsLocationProvider.access$2800(GpsLocationProvider.java:110)
02-28 17:30:49.334 E/GpsLocationProvider(  506): 	at com.android.server.location.GpsLocationProvider$ProviderHandler.handleMessage(GpsLocationProvider.java:1942)
02-28 17:30:49.334 E/GpsLocationProvider(  506): 	at android.os.Handler.dispatchMessage(Handler.java:102)
02-28 17:30:49.334 E/GpsLocationProvider(  506): 	at android.os.Looper.loop(Looper.java:149)
02-28 17:30:49.334 E/GpsLocationProvider(  506): 	at android.os.HandlerThread.run(HandlerThread.java:61)
02-28 17:30:49.334 D/gpslogd (  506): gps_set_position_mode: Waiting for IPC connection...
02-28 17:30:50.284 D/gpsd    (30725): main()
02-28 17:30:50.284 D/gpsd    (30725): argv[0] = '/system/bin/glgps'
02-28 17:30:50.284 D/gpsd    (30725): argv[1] = '-c'
02-28 17:30:50.284 D/gpsd    (30725): argv[2] = '/system/etc/gpsconfig.xml'
02-28 17:30:50.284 D/gpslogd (  506): Restore last known position mode: 1, 0, 1000, 0, 0
02-28 17:30:50.284 D/GpsLocationProvider(  506): set_capabilities_callback: 6u
02-28 17:30:50.294 D/BatteryStatsImpl(  506): noteStopWakeLocked system isFromForeground = false
02-28 17:30:50.414 D/gpslogd (30725): CALL_SENTRY: GlEngine::OnStart took 121 ms (from28572093 to 28572214) (log=0,0,0), start: 17:30:50.302
02-28 17:30:50.414 E/gpslogd (30725): ASSERT in /tmp/12894738_192204/customers/Asustek/ME176Candroid/../../../proprietary/deliverables/android/gps_interface/../gpsd/common/GlGpsdInterface.cpp:868: GL_STOP_HW_PANIC
02-28 17:30:50.414 F/libc    (30725): Fatal signal 6 (SIGABRT), thread 30725 (glgps)
02-28 17:30:50.514 I/DEBUG   (  171): *** *** *** *** *** *** *** *** *** *** *** *** *** *** *** ***
02-28 17:30:50.514 I/DEBUG   (  171): Build fingerprint: 'asus/CN_K011/K011:4.4.2/KOT49H/CN_user_3.0.23.150_20140626:user/release-keys'
02-28 17:30:50.514 I/DEBUG   (  171): Revision: '0'
02-28 17:30:50.514 I/DEBUG   (  171): pid: 30725, tid: 30725, name: glgps  >>> /system/bin/glgps <<<
02-28 17:30:50.514 I/DEBUG   (  171): signal 6 (SIGABRT), code -6 (SI_TKILL), fault addr --------
02-28 17:30:50.514 W/NativeCrashListener(  506): Couldn't find ProcessRecord for pid 30725
02-28 17:30:50.564 I/DEBUG   (  171):     eax 00000000  ebx 00007805  ecx 00007805  edx 00000006
02-28 17:30:50.564 I/DEBUG   (  171): AM write failure (32 / Broken pipe)
02-28 17:30:50.564 I/DEBUG   (  171):     esi 0000006f  edi b768ebe8
02-28 17:30:50.564 I/DEBUG   (  171):     xcs 00000073  xds 0000007b  xes 0000007b  xfs 00000000  xss 0000007b
02-28 17:30:50.564 I/DEBUG   (  171):     eip b7267ae6  ebp b767e110  esp bf9c59f0  flags 00000203
02-28 17:30:50.564 I/DEBUG   (  171): 
02-28 17:30:50.564 I/DEBUG   (  171): backtrace:
02-28 17:30:50.564 I/DEBUG   (  171):     #00  pc 00048ae6  /system/lib/libc.so (tgkill+22)
02-28 17:30:50.564 I/DEBUG   (  171):     #01  pc 00000005  <unknown>
02-28 17:30:50.564 I/DEBUG   (  171): 
02-28 17:30:50.564 I/DEBUG   (  171): stack:
02-28 17:30:50.564 I/DEBUG   (  171):          bf9c59b0  00000000  
02-28 17:30:50.564 I/DEBUG   (  171):          bf9c59b4  00000000  
02-28 17:30:50.564 I/DEBUG   (  171):          bf9c59b8  00000000  
02-28 17:30:50.564 I/DEBUG   (  171):          bf9c59bc  00000000  
02-28 17:30:50.564 I/DEBUG   (  171):          bf9c59c0  00001000  
02-28 17:30:50.564 I/DEBUG   (  171):          bf9c59c4  b773bcac  /system/bin/glgps
02-28 17:30:50.564 I/DEBUG   (  171):          bf9c59c8  00000053  
02-28 17:30:50.564 I/DEBUG   (  171):          bf9c59cc  b728c459  /system/lib/libc.so (__sflush+73)
02-28 17:30:50.564 I/DEBUG   (  171):          bf9c59d0  00000001  
02-28 17:30:50.564 I/DEBUG   (  171):          bf9c59d4  b8f49080  [heap]
02-28 17:30:50.564 I/DEBUG   (  171):          bf9c59d8  00000053  
02-28 17:30:50.564 I/DEBUG   (  171):          bf9c59dc  b773bcac  /system/bin/glgps
02-28 17:30:50.564 I/DEBUG   (  171):          bf9c59e0  b72e1208  /system/lib/libc.so
02-28 17:30:50.564 I/DEBUG   (  171):          bf9c59e4  00000000  
02-28 17:30:50.564 I/DEBUG   (  171):          bf9c59e8  00000000  
02-28 17:30:50.564 I/DEBUG   (  171):          bf9c59ec  00007805  
02-28 17:30:50.564 I/DEBUG   (  171):     #00  bf9c59f0  00000006  
02-28 17:30:50.564 I/DEBUG   (  171):          bf9c59f4  b773bcac  /system/bin/glgps
02-28 17:30:50.564 I/DEBUG   (  171):          bf9c59f8  00007805  
02-28 17:30:50.564 I/DEBUG   (  171):          bf9c59fc  b7247fba  /system/lib/libc.so (pthread_kill+90)
02-28 17:30:50.564 I/DEBUG   (  171):          bf9c5a00  00007805  
02-28 17:30:50.564 I/DEBUG   (  171):          bf9c5a04  00007805  
02-28 17:30:50.564 I/DEBUG   (  171):          bf9c5a08  00000006  
02-28 17:30:50.564 I/DEBUG   (  171):          bf9c5a0c  bf9c5a5c  [stack]
02-28 17:30:50.564 I/DEBUG   (  171):          bf9c5a10  bf9c5aac  [stack]
02-28 17:30:50.564 I/DEBUG   (  171):          bf9c5a14  bf9c5a5c  [stack]
02-28 17:30:50.564 I/DEBUG   (  171):          bf9c5a18  bf9c5aac  [stack]
02-28 17:30:50.564 I/DEBUG   (  171):          bf9c5a1c  b724830a  /system/lib/libc.so (raise+26)
02-28 17:30:50.564 I/DEBUG   (  171):          bf9c5a20  b7330040  
02-28 17:30:50.564 I/DEBUG   (  171):          bf9c5a24  00000006  
02-28 17:30:50.564 I/DEBUG   (  171):          bf9c5a28  ffff0208  
02-28 17:30:50.564 I/DEBUG   (  171):          bf9c5a2c  b73563d8  /system/bin/glgps (broadcom::BrcmGpsHalGpioSysfs::ClearNstdbyPin()+8)
02-28 17:30:50.574 D/gpslogd (  506): IPC Connection closed by peer (GpsInterface)
02-28 17:30:50.574 I/BootReceiver(  506): Copying /data/tombstones/tombstone_02 to DropBox (SYSTEM_TOMBSTONE)
02-28 17:30:52.064 D/EVENT_THREAD(  187): void CEventThread::run() POLLIN event on Fd (1)
02-28 17:30:52.064 D/EVENT_THREAD(  187): void CEventThread::run() Do poll with timeout: -1
02-28 17:30:52.074 I/upi_ug31xx(  167): (3093) update_capacity
02-28 17:30:52.074 I/[UPI]   (  167): <UG31/E>[UpiReadCapacity]: V=4221(4220), T=331(334-399), I=-313, C=-3(-3-0)
02-28 17:30:52.074 I/[UPI]   (  167): <UG31/E>[UpiReadCapacity]: (0x00800d5a) 3727 (3669) / 3822 (3822) = 98
02-28 17:30:52.074 I/[UPI]   (  167): <UG31/E>[UpiReadCapacity]: (0x00800d5a) 3727 (3669) / 3822 (3822) = 98
02-28 17:30:52.074 I/[UPI]   (  167): <UG31/E>[UpiReadCapacity]: (0x00800d5a) 3724 (3724) / 3822 (3822) = 97
02-28 17:30:52.074 I/[UPI]   (  167): <UG31/E>[RsocFilterCountTime]: (0x00800d5a) Step=0(30340), Full=8(1031200), Lock=30340(1800000)
02-28 17:30:52.074 I/[UPI]   (  167): <UG31/E>[UpiReadCapacity]: (0x00800d5a) 3727 (3724) / 3822 (3822) = 98 (-313--313)
02-28 17:30:52.074 I/[UPI]   (  167): <UG31/E><BATT> M:normal, P:98(98-97)%, V:4220mV, C:-303mA, T:33.4C(399), S:0x00800d5a(100), R:3727mAh, F:3822mAh, Q:2879mAh, CC:3, P:30.340(91-0)s, BO:7, 97:615:0-44af-9m:B001-20140514-144301 (1)
02-28 17:30:52.074 D/EVENT_THREAD(  187): void CEventThread::run() POLLIN event on Fd (1)
02-28 17:30:52.074 I/WifiHW  (  506): CMD: IFNAME=wlan0 SIGNAL_POLL
02-28 17:30:52.074 D/EVENT_THREAD(  187): void CEventThread::run() Do poll with timeout: -1
02-28 17:30:52.074 D/wpa_supplicant(  659): RX ctrl_iface - hexdump(len=11): 53 49 47 4e 41 4c 5f 50 4f 4c 4c
02-28 17:30:52.074 D/wpa_supplicant(  659): wlan0: Control interface command 'SIGNAL_POLL'
02-28 17:30:52.074 I/upi_ug31xx(  167): (3094) backup_data 
