03-02 13:20:53.104 I/ActivityManager(  506): Process com.asus.powersaver:main (pid 978) has died.
03-02 13:20:53.114 I/SecurityManagerService(  621): SMS received security event: App[STOP/com.asus.powersaver]
03-02 13:20:53.154 I/ActivityManager(  506): Process org.xwalk.webapi_noneservice_tests (pid 21044) has died.
03-02 13:20:53.154 W/ActivityManager(  506): Force removing ActivityRecord{22843fd0 u0 org.xwalk.webapi_noneservice_tests/.WebapiNoneserviceTestsActivity t146}: app died, no saved state
03-02 13:20:53.154 I/WindowState(  506): WIN DEATH: Window{21eeaa18 u0 org.xwalk.webapi_noneservice_tests/org.xwalk.webapi_noneservice_tests.WebapiNoneserviceTestsActivity}
03-02 13:20:53.174 W/WindowManager(  506): Force-removing child win Window{21fdb1b0 u0 SurfaceView} from container Window{21eeaa18 u0 org.xwalk.webapi_noneservice_tests/org.xwalk.webapi_noneservice_tests.WebapiNoneserviceTestsActivity}
03-02 13:20:53.244 W/WindowManager(  506): Failed looking up window
03-02 13:20:53.244 W/WindowManager(  506): java.lang.IllegalArgumentException: Requested window android.os.BinderProxy@2249c018 does not exist
03-02 13:20:53.244 W/WindowManager(  506): 	at com.android.server.wm.WindowManagerService.windowForClientLocked(WindowManagerService.java:8056)
03-02 13:20:53.244 W/WindowManager(  506): 	at com.android.server.wm.WindowManagerService.windowForClientLocked(WindowManagerService.java:8047)
03-02 13:20:53.244 W/WindowManager(  506): 	at com.android.server.wm.WindowState$DeathRecipient.binderDied(WindowState.java:1087)
03-02 13:20:53.244 W/WindowManager(  506): 	at android.os.BinderProxy.sendDeathNotice(Binder.java:493)
03-02 13:20:53.244 W/WindowManager(  506): 	at dalvik.system.NativeStart.run(Native Method)
03-02 13:20:53.244 I/WindowState(  506): WIN DEATH: null
03-02 13:20:53.274 W/SurfaceFlinger(  172): couldn't log to binary event log: overflow.
03-02 13:20:53.284 I/SecurityManagerService(  621): SMS received security event: App[STOP/org.xwalk.webapi_noneservice_tests]
03-02 13:20:53.284 I/SecurityManagerService(  621): SMS received security event: App[START/com.chrome.beta]
03-02 13:20:53.374 D/dalvikvm(21702): Process 21702 nice name: com.chrome.beta
03-02 13:20:53.374 D/dalvikvm(21702): Extra Options: not specified
03-02 13:20:53.374 I/ActivityManager(  506): Start proc com.chrome.beta for activity com.chrome.beta/com.google.android.apps.chrome.ChromeTabbedActivity: pid=21702 uid=10207 gids={50207, 3003, 1028, 1015}
03-02 13:20:53.444 D/WindowManager(  506): adjustConfigurationLw, config:{1.0 ?mcc?mnc ?locale ?layoutDir sw600dp w600dp h888dp 213dpi lrg port ?uimode ?night finger -keyb/v/h -nav/v} mLidState:1 mHasDockFeature:false mHasKeyboardFeature:false mHasHallSensorFeature:true config.hardKeyboardHidden:2
03-02 13:20:53.444 I/ActivityManager(  506): [TopPkgCurBat]	NowPkgName[com.chrome.beta]	Battery[63]	TimeTick[1425273653453]	OldPkgName[org.xwalk.webapi_noneservice_tests]
03-02 13:20:53.704 I/dalvikvm(21702): Could not find method android.app.Activity.finishAfterTransition, referenced from method android.support.v4.app.k.supportFinishAfterTransition
03-02 13:20:53.704 W/dalvikvm(21702): VFY: unable to resolve virtual method 72: Landroid/app/Activity;.finishAfterTransition ()V
03-02 13:20:53.704 D/dalvikvm(21702): VFY: replacing opcode 0x6e at 0x0006
03-02 13:20:53.784 D/TextView(21702): Constructor - Got Res id for appearance for textColorPrimaryInverse
03-02 13:20:53.784 W/ResourceType(21702): Skipping entry 0x7f0a00a9 in package table 0 because it is not complex!
03-02 13:20:53.784 D/TextView(21702): Constructor - Got appearance for textColorPrimaryInverse
03-02 13:20:53.784 D/TextView(21702): Constructor -- Got mEditTextBackgroundColor
03-02 13:20:53.794 I/dalvikvm(21702): Could not find method android.app.Activity.finishAndRemoveTask, referenced from method org.chromium.base.ApiCompatibilityUtils.finishAndRemoveTask
03-02 13:20:53.794 W/dalvikvm(21702): VFY: unable to resolve virtual method 73: Landroid/app/Activity;.finishAndRemoveTask ()V
03-02 13:20:53.794 D/dalvikvm(21702): VFY: replacing opcode 0x6e at 0x0006
03-02 13:20:53.794 I/dalvikvm(21702): Could not find method android.os.PowerManager.isInteractive, referenced from method org.chromium.base.ApiCompatibilityUtils.isInteractive
03-02 13:20:53.794 W/dalvikvm(21702): VFY: unable to resolve virtual method 1585: Landroid/os/PowerManager;.isInteractive ()Z
03-02 13:20:53.794 D/dalvikvm(21702): VFY: replacing opcode 0x6e at 0x000f
03-02 13:20:53.794 I/dalvikvm(21702): Could not find method android.view.Window.getNavigationBarColor, referenced from method org.chromium.base.ApiCompatibilityUtils.setStatusBarColor
03-02 13:20:53.794 W/dalvikvm(21702): VFY: unable to resolve virtual method 8399: Landroid/view/Window;.getNavigationBarColor ()I
03-02 13:20:53.794 D/dalvikvm(21702): VFY: replacing opcode 0x6e at 0x0010
03-02 13:20:53.794 I/dalvikvm(21702): Could not find method android.view.Window.setStatusBarColor, referenced from method org.chromium.base.ApiCompatibilityUtils.setStatusBarColor
03-02 13:20:53.794 W/dalvikvm(21702): VFY: unable to resolve virtual method 8412: Landroid/view/Window;.setStatusBarColor (I)V
03-02 13:20:53.794 D/dalvikvm(21702): VFY: replacing opcode 0x6e at 0x0019
03-02 13:20:53.794 E/dalvikvm(21702): Could not find class 'android.app.ActivityManager$TaskDescription', referenced from method org.chromium.base.ApiCompatibilityUtils.setTaskDescription
03-02 13:20:53.794 W/dalvikvm(21702): VFY: unable to resolve new-instance 30 (Landroid/app/ActivityManager$TaskDescription;) in Lorg/chromium/base/ApiCompatibilityUtils;
03-02 13:20:53.794 D/dalvikvm(21702): VFY: replacing opcode 0x22 at 0x0006
03-02 13:20:53.794 D/dalvikvm(21702): DexOpt: unable to opt direct call 0x0085 at 0x08 in Lorg/chromium/base/ApiCompatibilityUtils;.setTaskDescription
03-02 13:20:53.814 D/dalvikvm(21702): Trying to load lib /data/app-lib/com.chrome.beta-1/libchromium_android_linker.so 0x43d801b0
03-02 13:20:53.814 D/dalvikvm(21702): Added shared lib /data/app-lib/com.chrome.beta-1/libchromium_android_linker.so 0x43d801b0
03-02 13:20:53.824 I/LibraryLoader(21702): Loading chrome
03-02 13:20:53.834 E/TabPersistentStore(21702): Failed to create state folder: /data/data/com.chrome.beta/app_tabs/0
03-02 13:20:53.964 I/LibraryLoader(21702): Time to load native libraries: 157 ms (timestamps 3059-3216)
03-02 13:20:53.964 I/LibraryLoader(21702): Expected native library version number "41.0.2272.34",actual native library version number "41.0.2272.34"
03-02 13:20:53.974 I/LibraryLoaderHelper(21702): Deleting obsolete libraries in /data/data/com.chrome.beta/app_fallback
03-02 13:20:53.974 I/LibraryLoaderHelper(21702): Deleted /data/data/com.chrome.beta/app_fallback
03-02 13:20:54.054 I/chromium(21702): [INFO:library_loader_hooks.cc(112)] Chromium logging enabled: level = 0, default verbosity = 0
03-02 13:20:54.074 D/ChildProcessLauncher(21702): Allocator allocated a connection, sandbox: true, slot: 0
03-02 13:20:54.084 I/SecurityManagerService(  621): SMS received security event: App[START/com.chrome.beta]
03-02 13:20:54.094 I/ufoGralloc(21702): Hello, this is UFO GRALLOC/Intel Corporation
03-02 13:20:54.094 D/        (21702): droid_create_context : config id = 5 conf->NativeVisualID=1
03-02 13:20:54.094 D/        (21702): Pixel Format : GGL_PIXEL_FORMAT_RGBA_8888
03-02 13:20:54.094 I/        (21702): Requested context : GLES 2.0
03-02 13:20:54.094 D/dalvikvm(21721): Process 21721 nice name: com.chrome.beta:sandboxed_process0
03-02 13:20:54.094 D/dalvikvm(21721): Extra Options: not specified
03-02 13:20:54.094 I/ActivityManager(  506): Start proc com.chrome.beta:sandboxed_process0 for service com.chrome.beta/org.chromium.content.app.SandboxedProcessService0: pid=21721 uid=99007 gids={}
03-02 13:20:54.114 I/ChildProcessService(21721): Creating new ChildProcessService pid=21721
03-02 13:20:54.154 D/        (21702): Pixel Format : GGL_PIXEL_FORMAT_RGBA_8888
03-02 13:20:54.154 D/OpenGLRenderer(21702): Enabling debug mode 0
03-02 13:20:54.234 I/ActivityManager(  506): Displayed com.chrome.beta/com.google.android.apps.chrome.ChromeTabbedActivity: +957ms
03-02 13:20:54.254 I/SecurityManagerService(  621): SMS received security event: App[START/com.asus.ime]
03-02 13:20:54.254 W/InputMethodManagerService(  506): Got RemoteException sending setActive(false) notification to pid 21044 uid 10343
03-02 13:20:54.274 I/ActivityManager(  506): Start proc com.asus.ime for service com.asus.ime/.IME: pid=21734 uid=10083 gids={50083, 3003}
03-02 13:20:54.274 I/BrowserStartupController(21702): Initializing chromium process, singleProcess=false
03-02 13:20:54.274 D/dalvikvm(21734): Process 21734 nice name: com.asus.ime
03-02 13:20:54.274 D/dalvikvm(21734): Extra Options: not specified
03-02 13:20:54.274 V/InputMethodManagerService(  506): Adding window token: android.os.Binder@2248c840
03-02 13:20:54.404 W/AudioManagerAndroid(21702): Requires BLUETOOTH permission
03-02 13:20:54.664 D/XT9IME  (21734): [Unbundle] ro.config.hasemoji=YES
03-02 13:20:54.664 D/XT9IME  (21734): [Unbundle] ro.config.hwrlib=T9_*
03-02 13:20:54.664 D/XT9IME  (21734): [Unbundle] Number of Emoji subtypes = 1
03-02 13:20:54.664 D/XT9IME  (21734): [Unbundle] Number of Handwriting subtypes = 6
03-02 13:20:54.664 D/XT9IME  (21734): [Unbundle] Number of burmeseSubTypeCount subtypes = 1
03-02 13:20:54.674 D/        (21702): Pixel Format : GGL_PIXEL_FORMAT_RGBA_8888
03-02 13:20:54.674 D/        (21702): droid_create_context : config id = 1 conf->NativeVisualID=1
03-02 13:20:54.674 D/        (21702): Pixel Format : GGL_PIXEL_FORMAT_RGBA_8888
03-02 13:20:54.674 I/        (21702): Requested context : GLES 2.0
03-02 13:20:54.744 W/chromium(21702): [WARNING:data_reduction_proxy_settings.cc(345)] SPDY proxy OFF at startup
03-02 13:20:54.744 I/ChromeMobileApplication(21702): Removing session cookies.
03-02 13:20:54.764 E/TabPersistentStore(21702): Failed to create state folder: /data/data/com.chrome.beta/app_tabs/0
03-02 13:20:54.764 E/TabPersistentStore(21702): Failed to create state folder: /data/data/com.chrome.beta/app_tabs/0
03-02 13:20:54.774 E/TabPersistentStore(21702): Failed to create state folder: /data/data/com.chrome.beta/app_tabs/0
03-02 13:20:54.774 E/TabPersistentStore(21702): Failed to create state folder: /data/data/com.chrome.beta/app_tabs/0
03-02 13:20:54.774 E/TabPersistentStore(21702): Failed to create state folder: /data/data/com.chrome.beta/app_tabs/0
03-02 13:20:54.944 D/ChildProcessLauncher(21702): Setting up connection to process: slot=0
03-02 13:20:54.954 D/ChildProcessLauncher(21702): on connect callback, pid=21721 context=1759230336
03-02 13:20:54.954 D/dalvikvm(21721): Trying to load lib /data/app-lib/com.chrome.beta-1/libchromium_android_linker.so 0x43d7f360
03-02 13:20:54.954 D/ChildProcessLauncher(21702): Allocator allocated a connection, sandbox: false, slot: 0
03-02 13:20:54.954 D/dalvikvm(21721): Added shared lib /data/app-lib/com.chrome.beta-1/libchromium_android_linker.so 0x43d7f360
03-02 13:20:54.964 I/SecurityManagerService(  621): SMS received security event: App[START/com.chrome.beta]
03-02 13:20:54.964 I/LibraryLoader(21721): Loading chrome
03-02 13:20:54.964 E/chromium_android_linker(21721): Open: Could not open libchrome.so: Could not map at 0x63033000 requested, backing out
03-02 13:20:54.964 E/chromium_android_linker(21721): Unable to load library: libchrome.so
03-02 13:20:54.964 W/ChildProcessService(21721): Failed to load native library with shared RELRO, retrying without
03-02 13:20:54.964 I/LibraryLoader(21721): Loading chrome
03-02 13:20:54.964 E/TabPersistentStore(21702): Failed to create state folder: /data/data/com.chrome.beta/app_tabs/0
03-02 13:20:54.974 D/dalvikvm(21774): Process 21774 nice name: com.chrome.beta:privileged_process0
03-02 13:20:54.974 D/dalvikvm(21774): Extra Options: not specified
03-02 13:20:54.974 I/ActivityManager(  506): Start proc com.chrome.beta:privileged_process0 for service com.chrome.beta/org.chromium.content.app.PrivilegedProcessService0: pid=21774 uid=10207 gids={50207, 3003, 1028, 1015}
03-02 13:20:54.984 D/ChildProcessLauncher(21702): Setting up connection to process: slot=0
03-02 13:20:54.984 E/TabPersistentStore(21702): Failed to create state folder: /data/data/com.chrome.beta/app_tabs/0
03-02 13:20:54.994 I/LibraryLoader(21721): Time to load native libraries: 26 ms (timestamps 4215-4241)
03-02 13:20:54.994 I/LibraryLoader(21721): Expected native library version number "41.0.2272.34",actual native library version number "41.0.2272.34"
03-02 13:20:54.994 I/chromium(21721): [INFO:library_loader_hooks.cc(112)] Chromium logging enabled: level = 0, default verbosity = 0
03-02 13:20:55.004 I/ChildProcessService(21774): Creating new ChildProcessService pid=21774
03-02 13:20:55.024 D/dalvikvm(21774): Trying to load lib /data/app-lib/com.chrome.beta-1/libchromium_android_linker.so 0x43d81dd0
03-02 13:20:55.024 D/dalvikvm(21774): Added shared lib /data/app-lib/com.chrome.beta-1/libchromium_android_linker.so 0x43d81dd0
03-02 13:20:55.034 I/LibraryLoader(21774): Loading chrome
03-02 13:20:55.034 E/chromium_android_linker(21774): Open: Could not open libchrome.so: Could not map at 0x63033000 requested, backing out
03-02 13:20:55.034 E/chromium_android_linker(21774): Unable to load library: libchrome.so
03-02 13:20:55.034 W/ChildProcessService(21774): Failed to load native library with shared RELRO, retrying without
03-02 13:20:55.034 I/LibraryLoader(21774): Loading chrome
03-02 13:20:55.044 I/LibraryLoader(21774): Time to load native libraries: 15 ms (timestamps 4283-4298)
03-02 13:20:55.044 I/LibraryLoader(21774): Expected native library version number "41.0.2272.34",actual native library version number "41.0.2272.34"
03-02 13:20:55.044 I/chromium(21774): [INFO:library_loader_hooks.cc(112)] Chromium logging enabled: level = 0, default verbosity = 0
03-02 13:20:55.174 D/XT9IME  (21734): IME onCreate put pkg = org.xwalk.usecase_webapi_xwalk_tests subtype = 
03-02 13:20:55.174 I/XT9IME  (21734): sDeviceTotalRAM = 918667264
03-02 13:20:55.184 W/KnoxSettingsProvider(21702): Permission to read device policy denied.
03-02 13:20:55.184 D/XT9IME  (21734): new subtype :en_US ,keyboard
03-02 13:20:55.184 W/KnoxSettingsProvider(21702): Device policy content provider not found.
03-02 13:20:55.204 E/TabPersistentStore(21702): Failed to create state folder: /data/data/com.chrome.beta/app_tabs/0
03-02 13:20:55.214 D/ChildProcessLauncher(21702): on connect callback, pid=21774 context=1760112512
03-02 13:20:55.234 I/ufoGralloc(21774): Hello, this is UFO GRALLOC/Intel Corporation
03-02 13:20:55.234 D/        (21774): Pixel Format : GGL_PIXEL_FORMAT_RGBA_8888
03-02 13:20:55.234 D/        (21774): droid_create_context : config id = 1 conf->NativeVisualID=1
03-02 13:20:55.234 D/        (21774): Pixel Format : GGL_PIXEL_FORMAT_RGBA_8888
03-02 13:20:55.234 I/        (21774): Requested context : GLES 2.0
03-02 13:20:55.234 I/dalvikvm(21702): Total arena pages for JIT: 11
03-02 13:20:55.234 I/dalvikvm(21702): Total arena pages for JIT: 12
03-02 13:20:55.234 I/dalvikvm(21702): Total arena pages for JIT: 13
03-02 13:20:55.234 I/dalvikvm(21702): Total arena pages for JIT: 14
03-02 13:20:55.264 D/        (21774): Pixel Format : GGL_PIXEL_FORMAT_RGBA_8888
03-02 13:20:55.264 D/        (21774): droid_create_context : config id = 1 conf->NativeVisualID=1
03-02 13:20:55.264 D/        (21774): Pixel Format : GGL_PIXEL_FORMAT_RGBA_8888
03-02 13:20:55.264 I/        (21774): Requested context : GLES 2.0
03-02 13:20:55.264 E/TabPersistentStore(21702): Failed to create state folder: /data/data/com.chrome.beta/app_tabs/0
03-02 13:20:55.274 D/        (21774): Pixel Format : GGL_PIXEL_FORMAT_RGBA_8888
03-02 13:20:55.274 D/        (21774): droid_create_context : config id = 1 conf->NativeVisualID=1
03-02 13:20:55.274 D/        (21774): Pixel Format : GGL_PIXEL_FORMAT_RGBA_8888
03-02 13:20:55.274 I/        (21774): Requested context : GLES 2.0
03-02 13:20:55.284 D/        (21774): Swap interval set to = 1 value
03-02 13:20:55.334 E/TabPersistentStore(21702): Failed to create state folder: /data/data/com.chrome.beta/app_tabs/0
03-02 13:20:55.354 E/TabPersistentStore(21702): Failed to create state folder: /data/data/com.chrome.beta/app_tabs/0
03-02 13:20:55.434 E/TabPersistentStore(21702): Failed to create state folder: /data/data/com.chrome.beta/app_tabs/0
03-02 13:20:55.434 I/chromium(21702): [INFO:CONSOLE(9)] "Uncaught TypeError: Cannot read property 'step' of undefined", source: http://127.0.0.1:8080/opt/tct-websocket-w3c-tests/websocket/w3c/unload-a-document/001-1.html (9)
03-02 13:20:55.444 E/TabPersistentStore(21702): Failed to create state folder: /data/data/com.chrome.beta/app_tabs/0
03-02 13:20:55.454 E/TabPersistentStore(21702): Failed to create state folder: /data/data/com.chrome.beta/app_tabs/0
03-02 13:20:55.464 D/dalvikvm(21702): GC_FOR_ALLOC freed 1997K, 22% free 7524K/9564K, paused 5ms, total 5ms
03-02 13:20:55.464 E/TabPersistentStore(21702): Failed to create state folder: /data/data/com.chrome.beta/app_tabs/0
03-02 13:20:55.484 E/TabPersistentStore(21702): Failed to create state folder: /data/data/com.chrome.beta/app_tabs/0
03-02 13:20:55.494 E/TabPersistentStore(21702): Failed to create state folder: /data/data/com.chrome.beta/app_tabs/0
03-02 13:20:56.444 W/GooglePlayServicesUtil(21702): Google Play services is missing.
03-02 13:20:56.444 D/ExternalAuthUtils(21702): Failed to use first party Google Play Services: SERVICE_MISSING
03-02 13:20:56.454 V/GoogleServicesManager(21702): Ignoring pref change because user is not signed in to Chrome
03-02 13:20:56.454 D/DelegatedPKCS11Manager(21702): initialize
03-02 13:20:56.464 W/GooglePlayServicesUtil(21702): Google Play services is missing.
03-02 13:20:56.464 D/ExternalAuthUtils(21702): Failed to use first party Google Play Services: SERVICE_MISSING
03-02 13:20:56.464 V/NFC     (21702): this device does not have NFC support
03-02 13:20:56.464 I/MinidumpUploadService(21702): Attempting to upload accumulated crash dumps.
03-02 13:21:00.014 I/SecurityManagerService(  621): SMS received security event: App[START/com.asus.sitd.whatsnext]
03-02 13:21:00.044 D/dalvikvm(21804): Process 21804 nice name: com.asus.sitd.whatsnext
03-02 13:21:00.044 D/dalvikvm(21804): Extra Options: not specified
03-02 13:21:00.044 I/ActivityManager(  506): Start proc com.asus.sitd.whatsnext for service com.asus.sitd.whatsnext/.service.WhatsNextService: pid=21804 uid=10082 gids={50082, 3003, 1028, 1015}
03-02 13:21:00.054 D/Clock   (  570): ACTION_TIME_TICK
03-02 13:21:00.064 D/Clock   (  570): update clock:1:21
03-02 13:21:00.074 D/xmlCheckExt(21804): <neon>
03-02 13:21:00.074 D/xmlCheckExt(21804):  pkgName = air.eti.uzzu.unalis
03-02 13:21:00.074 D/xmlCheckExt(21804): <arch>
03-02 13:21:00.074 D/xmlCheckExt(21804):  pkgName = com.evy.guessword
03-02 13:21:00.074 D/xmlCheckExt(21804): <arch>
03-02 13:21:00.074 D/xmlCheckExt(21804):  pkgName = com.bpiotor.lot
03-02 13:21:00.074 D/xmlCheckExt(21804): <arch>
03-02 13:21:00.074 D/xmlCheckExt(21804):  pkgName = com.goodstudent.app
03-02 13:21:00.074 D/xmlCheckExt(21804): <arch>
03-02 13:21:00.084 D/xmlCheckExt(21804):  pkgName = com.flyfish.supermario
03-02 13:21:00.084 D/xmlCheckExt(21804): <arch>
03-02 13:21:00.084 D/xmlCheckExt(21804):  pkgName = excel.sgs
03-02 13:21:00.084 D/xmlCheckExt(21804): <arch>
03-02 13:21:00.084 D/xmlCheckExt(21804):  pkgName = com.gamevil.doz.global
03-02 13:21:00.084 D/xmlCheckExt(21804): <arch>
03-02 13:21:00.084 D/xmlCheckExt(21804):  pkgName = com.tblin.HandsetGuardant
03-02 13:21:00.084 D/xmlCheckExt(21804): <arch>
03-02 13:21:00.084 D/xmlCheckExt(21804):  pkgName = com.baoliei.lmotuolijhhe
03-02 13:21:00.084 D/xmlCheckExt(21804): <arch>
03-02 13:21:00.084 D/xmlCheckExt(21804):  pkgName = com.bpiotor.fingerprint
03-02 13:21:00.084 D/xmlCheckExt(21804): <arch>
03-02 13:21:00.084 D/xmlCheckExt(21804):  pkgName = com.philzhu.www.ddz
03-02 13:21:00.084 D/xmlCheckExt(21804): <arch>
03-02 13:21:00.084 D/xmlCheckExt(21804):  pkgName = hh.root
03-02 13:21:00.084 D/xmlCheckExt(21804): <arch>
03-02 13:21:00.084 D/xmlCheckExt(21804):  pkgName = com.rao.love.yy.zjhmuti
03-02 13:21:00.084 D/xmlCheckExt(21804): <arch>
03-02 13:21:00.084 D/xmlCheckExt(21804):  pkgName = com.rao.flyfish.huntfish
03-02 13:21:00.084 D/xmlCheckExt(21804): <arch>
03-02 13:21:00.084 D/xmlCheckExt(21804):  pkgName = com.yucai.escape.tow
03-02 13:21:00.084 D/xmlCheckExt(21804): <white>
03-02 13:21:00.094 D/xmlCheckExt(21804):  pkgName = com.eembc.coremark
03-02 13:21:00.094 D/Zygote  (21804): Setting os.arch
03-02 13:21:00.094 I/dalvikvm(21804): Enabling JNI app bug workarounds for target SDK version 13...
03-02 13:21:00.094 D/BatteryStatsImpl(  506): noteStopWakeLocked system isFromForeground = false
03-02 13:21:00.164 E/dalvikvm(21804): Could not find class 'org.joda.time.tz.ZoneInfoProvider', referenced from method org.joda.time.DateTimeZone.getDefaultProvider
03-02 13:21:00.164 W/dalvikvm(21804): VFY: unable to resolve new-instance 2988 (Lorg/joda/time/tz/ZoneInfoProvider;) in Lorg/joda/time/DateTimeZone;
03-02 13:21:00.164 D/dalvikvm(21804): VFY: replacing opcode 0x22 at 0x0016
03-02 13:21:00.174 D/dalvikvm(21804): DexOpt: unable to opt direct call 0x52e8 at 0x1a in Lorg/joda/time/DateTimeZone;.getDefaultProvider
03-02 13:21:00.184 D/WhatsNext(21804): >> WhatsNext enable: false
03-02 13:21:00.194 D/DelayedSyncController(21702): No delayed sync.
03-02 13:21:00.204 D/AlarmManager(  506): Added alarm Alarm{21f73e60 type 2 com.wandoujia.phoenix2} type:ELAPSED_REALTIME_WAKEUP when: After 0h:16m:2.0s
03-02 13:21:00.244 V/ActivityManager(  506): Remove bg service from mStartingBackground ,r=ServiceRecord{21fd9480 u0 com.asus.sitd.whatsnext/.widget.WhatsNextWidgetProvider$UpdateService},r used time=43,left r count=1
03-02 13:21:00.244 D/AlarmManager(  506): Added alarm Alarm{21f6bdf0 type 0 com.android.providers.calendar} type:RTC_WAKEUP when: At 15-3-3 3:50
03-02 13:21:00.254 V/ExponentialBackoffScheduler(21702): now(Mon Mar 02 13:21:00 GMT+08:00 2015) refiringAt(Mon Mar 02 14:05:05 GMT+08:00 2015)
03-02 13:21:00.254 V/ActivityManager(  506): Remove bg service from mStartingBackground ,r=ServiceRecord{21fae8a0 u0 com.asus.sitd.whatsnext/.widget.LockScreenWidgetProvider$UpdateService},r used time=50,left r count=0
03-02 13:21:00.254 D/AlarmManager(  506): Added alarm Alarm{21f2dd00 type 2 com.wandoujia.phoenix2} type:ELAPSED_REALTIME_WAKEUP when: After 0h:16m:2.0s
03-02 13:21:00.254 D/AlarmManager(  506): Added alarm Alarm{21f2c6e8 type 0 android} type:RTC_WAKEUP when: At 15-3-2 1:30 repeatInterval: 0h:30m:0.0s
03-02 13:21:00.264 D/AlarmManager(  506): Added alarm Alarm{223712a8 type 0 com.android.providers.calendar} type:RTC_WAKEUP when: At 15-3-3 3:50
03-02 13:21:01.754 W/SocketClient(  170): write error (Broken pipe)
03-02 13:21:01.754 W/SocketClient(  170): write error (Broken pipe)
03-02 13:21:04.424 D/EVENT_THREAD(  187): void CEventThread::run() POLLIN event on Fd (1)
03-02 13:21:04.424 D/EVENT_THREAD(  187): void CEventThread::run() Do poll with timeout: -1
03-02 13:21:05.094 D/EVENT_THREAD(  187): void CEventThread::run() POLLIN event on Fd (1)
03-02 13:21:05.094 D/EVENT_THREAD(  187): void CEventThread::run() Do poll with timeout: -1
03-02 13:21:05.104 D/EVENT_THREAD(  187): void CEventThread::run() POLLIN event on Fd (1)
03-02 13:21:05.104 D/EVENT_THREAD(  187): void CEventThread::run() Do poll with timeout: -1
03-02 13:21:05.104 I/upi_ug31xx(  167): (6338) update_capacity
03-02 13:21:05.104 I/[UPI]   (  167): <UG31/E>[UpiReadCapacity]: V=3829(3824), T=332(333-402), I=-331, C=-4(-4-0)
03-02 13:21:05.104 I/[UPI]   (  167): <UG31/E>[UpiReadCapacity]: (0x0000254a) 2273 (2160) / 3602 (3984) = 63
03-02 13:21:05.104 I/[UPI]   (  167): <UG31/E>[UpiReadCapacity]: (0x0000254a) 2273 (2160) / 3602 (3984) = 63
03-02 13:21:05.104 I/[UPI]   (  167): <UG31/E>[UpiReadCapacity]: (0x0000254a) 2269 (2269) / 3602 (3984) = 63
03-02 13:21:05.104 I/[UPI]   (  167): <UG31/E>[RsocFilterCountTime]: (0x0000254a) Step=2(121280), Full=2(121280), Lock=121280(1800000)
03-02 13:21:05.104 I/[UPI]   (  167): <UG31/E>[UpiReadCapacity]: (0x0000254a) 2269 (2269) / 3602 (3984) = 63 (-331--331)
03-02 13:21:05.104 I/[UPI]   (  167): <UG31/E><BATT> M:normal, P:63(63-63)%, V:3825mV, C:-327mA, T:33.3C(402), S:0x0000254a(000), R:2269mAh, F:3602mAh, Q:1632mAh, CC:3, P:30.340(1344-0)s, BO:7, 97:615:0-44af-9m:B001-20140514-144301 (16)
03-02 13:21:05.104 I/upi_ug31xx(  167): (6339) backup_data 
03-02 13:21:05.104 V/upi_ug31xx(  167): state->check_backup_count = 2
03-02 13:21:09.694 D/dalvikvm(  757): GC_EXPLICIT freed 1089K, 18% free 6728K/8108K, paused 2ms+2ms, total 31ms
03-02 13:21:13.994 D/AndroidRuntime(21826): 
03-02 13:21:13.994 D/AndroidRuntime(21826): >>>>>> AndroidRuntime START com.android.internal.os.RuntimeInit <<<<<<
03-02 13:21:13.994 D/AndroidRuntime(21826): CheckJNI is OFF
03-02 13:21:13.994 I/AndroidRuntime(21826): Kernel Release Version: 3.10.20-gf818079
03-02 13:21:14.004 I/dalvikvm(21826): No library specified. The standard exception handler will be used
03-02 13:21:14.014 I/dalvikvm(21826): 
03-02 13:21:14.014 I/dalvikvm(21826): +++++++++++++ Using PCG. +++++++++++++++++++++
03-02 13:21:14.064 D/dalvikvm(21826): Trying to load lib libjavacore.so 0x0
03-02 13:21:14.064 D/dalvikvm(21826): Added shared lib libjavacore.so 0x0
03-02 13:21:14.064 D/dalvikvm(21826): Trying to load lib libnativehelper.so 0x0
03-02 13:21:14.064 D/dalvikvm(21826): Added shared lib libnativehelper.so 0x0
03-02 13:21:14.064 D/dalvikvm(21826): No JNI_OnLoad found in libnativehelper.so 0x0, skipping init
03-02 13:21:14.074 D/dalvikvm(21826): Extra Options: not specified
03-02 13:21:14.084 D/dalvikvm(21826): Note: class Landroid/app/ActivityManagerNative; has 186 unimplemented (abstract) methods
03-02 13:21:14.154 E/memtrack(21826): Couldn't load memtrack module (No such file or directory)
03-02 13:21:14.154 E/android.os.Debug(21826): failed to load memtrack module: -2
03-02 13:21:14.204 D/AndroidRuntime(21826): Calling main entry com.android.commands.am.Am
03-02 13:21:14.224 D/AndroidRuntime(21826): Shutting down VM
03-02 13:21:14.224 I/ActivityManager(  506): Force stopping org.xwalk.webapi_noneservice_tests appid=10343 user=0: from pid 21826
03-02 13:21:14.234 D/dalvikvm(21826): GC_CONCURRENT freed 112K, 16% free 666K/792K, paused 0ms+0ms, total 1ms
03-02 13:21:14.234 D/dalvikvm(21826): Compiler shutdown in progress - discarding request
03-02 13:21:14.234 D/dalvikvm(21826): Compiler shutdown in progress - discarding request
03-02 13:21:14.234 D/dalvikvm(21826): Compiler shutdown in progress - discarding request
03-02 13:21:14.234 D/dalvikvm(21826): Compiler shutdown in progress - discarding request
03-02 13:21:14.234 D/dalvikvm(21826): Compiler shutdown in progress - discarding request
03-02 13:21:14.234 D/dalvikvm(21826): Compiler shutdown in progress - discarding request
03-02 13:21:14.234 D/dalvikvm(21826): Compiler shutdown in progress - discarding request
03-02 13:21:14.234 D/dalvikvm(21826): Compiler shutdown in progress - discarding request
03-02 13:21:14.234 D/dalvikvm(21826): Compiler shutdown in progress - discarding request
03-02 13:21:14.234 D/dalvikvm(21826): Compiler shutdown in progress - discarding request
03-02 13:21:14.234 D/dalvikvm(21826): Compiler shutdown in progress - discarding request
03-02 13:21:14.234 D/dalvikvm(21826): Compiler shutdown in progress - discarding request
03-02 13:21:14.234 D/dalvikvm(21826): Compiler shutdown in progress - discarding request
03-02 13:21:14.234 D/dalvikvm(21826): Compiler shutdown in progress - discarding request
03-02 13:21:14.234 D/dalvikvm(21826): Compiler shutdown in progress - discarding request
03-02 13:21:14.234 D/dalvikvm(21826): Compiler shutdown in progress - discarding request
03-02 13:21:14.234 D/dalvikvm(21826): Compiler shutdown in progress - discarding request
03-02 13:21:14.234 D/dalvikvm(21826): Compiler shutdown in progress - discarding request
03-02 13:21:14.234 D/dalvikvm(21826): Compiler shutdown in progress - discarding request
03-02 13:21:14.234 D/dalvikvm(21826): Compiler shutdown in progress - discarding request
03-02 13:21:14.234 D/dalvikvm(21826): Compiler shutdown in progress - discarding request
03-02 13:21:14.234 D/dalvikvm(21826): Compiler shutdown in progress - discarding request
03-02 13:21:14.234 D/dalvikvm(21826): Compiler shutdown in progress - discarding request
03-02 13:21:14.234 D/dalvikvm(21826): Compiler shutdown in progress - discarding request
03-02 13:21:14.234 D/dalvikvm(21826): Compiler shutdown in progress - discarding request
03-02 13:21:14.234 D/dalvikvm(21826): Compiler shutdown in progress - discarding request
03-02 13:21:14.234 D/dalvikvm(21826): Compiler shutdown in progress - discarding request
03-02 13:21:14.234 D/dalvikvm(21826): Compiler shutdown in progress - discarding request
03-02 13:21:14.234 D/dalvikvm(21826): Compiler shutdown in progress - discarding request
03-02 13:21:14.234 D/dalvikvm(21826): Compiler shutdown in progress - discarding request
03-02 13:21:14.234 D/dalvikvm(21826): Compiler shutdown in progress - discarding request
03-02 13:21:14.234 D/dalvikvm(21826): Compiler shutdown in progress - discarding request
03-02 13:21:14.234 D/dalvikvm(21826): Compiler shutdown in progress - discarding request
03-02 13:21:14.234 D/dalvikvm(21826): Compiler shutdown in progress - discarding request
03-02 13:21:14.234 D/dalvikvm(21826): Compiler shutdown in progress - discarding request
03-02 13:21:14.234 D/dalvikvm(21826): Compiler shutdown in progress - discarding request
03-02 13:21:14.234 D/dalvikvm(21826): Compiler shutdown in progress - discarding request
03-02 13:21:14.234 D/dalvikvm(21826): Compiler shutdown in progress - discarding request
03-02 13:21:14.234 D/dalvikvm(21826): Compiler shutdown in progress - discarding request
03-02 13:21:14.234 D/dalvikvm(21826): Compiler shutdown in progress - discarding request
03-02 13:21:14.234 D/dalvikvm(21826): Compiler shutdown in progress - discarding request
03-02 13:21:14.234 D/dalvikvm(21826): Compiler shutdown in progress - discarding request
03-02 13:21:14.714 D/AndroidRuntime(21837): 
03-02 13:21:14.714 D/AndroidRuntime(21837): >>>>>> AndroidRuntime START com.android.internal.os.RuntimeInit <<<<<<
03-02 13:21:14.714 D/AndroidRuntime(21837): CheckJNI is OFF
03-02 13:21:14.714 I/AndroidRuntime(21837): Kernel Release Version: 3.10.20-gf818079
03-02 13:21:14.714 I/dalvikvm(21837): No library specified. The standard exception handler will be used
03-02 13:21:14.714 I/dalvikvm(21837): 
03-02 13:21:14.714 I/dalvikvm(21837): +++++++++++++ Using PCG. +++++++++++++++++++++
03-02 13:21:14.724 D/dalvikvm(21837): Trying to load lib libjavacore.so 0x0
03-02 13:21:14.724 D/dalvikvm(21837): Added shared lib libjavacore.so 0x0
03-02 13:21:14.724 D/dalvikvm(21837): Trying to load lib libnativehelper.so 0x0
03-02 13:21:14.724 D/dalvikvm(21837): Added shared lib libnativehelper.so 0x0
03-02 13:21:14.724 D/dalvikvm(21837): No JNI_OnLoad found in libnativehelper.so 0x0, skipping init
03-02 13:21:14.734 D/dalvikvm(21837): Extra Options: not specified
03-02 13:21:14.744 D/dalvikvm(21837): Note: class Landroid/app/ActivityManagerNative; has 186 unimplemented (abstract) methods
03-02 13:21:14.814 E/memtrack(21837): Couldn't load memtrack module (No such file or directory)
03-02 13:21:14.814 E/android.os.Debug(21837): failed to load memtrack module: -2
03-02 13:21:14.854 D/AndroidRuntime(21837): Calling main entry com.android.commands.am.Am
03-02 13:21:14.874 I/ActivityManager(  506): Force stopping testkit.stub appid=10273 user=0: from pid 21837
03-02 13:21:14.884 D/AndroidRuntime(21837): Shutting down VM
03-02 13:21:14.884 D/dalvikvm(21837): GC_CONCURRENT freed 108K, 16% free 638K/760K, paused 1ms+0ms, total 2ms
03-02 13:21:14.884 D/dalvikvm(21837): Compiler shutdown in progress - discarding request
03-02 13:21:14.884 D/dalvikvm(21837): Compiler shutdown in progress - discarding request
03-02 13:21:14.884 D/dalvikvm(21837): Compiler shutdown in progress - discarding request
03-02 13:21:14.884 D/dalvikvm(21837): Compiler shutdown in progress - discarding request
03-02 13:21:14.884 D/dalvikvm(21837): Compiler shutdown in progress - discarding request
03-02 13:21:14.884 D/dalvikvm(21837): Compiler shutdown in progress - discarding request
03-02 13:21:14.884 D/dalvikvm(21837): Compiler shutdown in progress - discarding request
03-02 13:21:14.884 D/dalvikvm(21837): Compiler shutdown in progress - discarding request
03-02 13:21:14.884 D/dalvikvm(21837): Compiler shutdown in progress - discarding request
03-02 13:21:14.884 D/dalvikvm(21837): Compiler shutdown in progress - discarding request
03-02 13:21:14.884 D/dalvikvm(21837): Compiler shutdown in progress - discarding request
03-02 13:21:14.884 D/dalvikvm(21837): Compiler shutdown in progress - discarding request
03-02 13:21:14.884 D/dalvikvm(21837): Compiler shutdown in progress - discarding request
03-02 13:21:14.884 D/dalvikvm(21837): Compiler shutdown in progress - discarding request
03-02 13:21:14.884 D/dalvikvm(21837): Compiler shutdown in progress - discarding request
03-02 13:21:14.884 D/dalvikvm(21837): Compiler shutdown in progress - discarding request
03-02 13:21:14.884 D/dalvikvm(21837): Compiler shutdown in progress - discarding request
03-02 13:21:14.884 D/dalvikvm(21837): Compiler shutdown in progress - discarding request
03-02 13:21:14.884 D/dalvikvm(21837): Compiler shutdown in progress - discarding request
03-02 13:21:14.884 D/dalvikvm(21837): Compiler shutdown in progress - discarding request
03-02 13:21:14.884 D/dalvikvm(21837): Compiler shutdown in progress - discarding request
03-02 13:21:14.884 D/dalvikvm(21837): Compiler shutdown in progress - discarding request
03-02 13:21:14.884 D/dalvikvm(21837): Compiler shutdown in progress - discarding request
03-02 13:21:14.884 D/dalvikvm(21837): Compiler shutdown in progress - discarding request
03-02 13:21:14.884 D/dalvikvm(21837): Compiler shutdown in progress - discarding request
03-02 13:21:14.884 D/dalvikvm(21837): Compiler shutdown in progress - discarding request
03-02 13:21:14.884 D/dalvikvm(21837): Compiler shutdown in progress - discarding request
03-02 13:21:14.884 D/dalvikvm(21837): Compiler shutdown in progress - discarding request
03-02 13:21:14.884 D/dalvikvm(21837): Compiler shutdown in progress - discarding request
03-02 13:21:14.884 D/dalvikvm(21837): Compiler shutdown in progress - discarding request
03-02 13:21:14.884 D/dalvikvm(21837): Compiler shutdown in progress - discarding request
03-02 13:21:14.884 D/dalvikvm(21837): Compiler shutdown in progress - discarding request
03-02 13:21:14.884 D/dalvikvm(21837): Compiler shutdown in progress - discarding request
03-02 13:21:14.884 D/dalvikvm(21837): Compiler shutdown in progress - discarding request
03-02 13:21:14.884 D/dalvikvm(21837): Compiler shutdown in progress - discarding request
03-02 13:21:14.884 D/dalvikvm(21837): Compiler shutdown in progress - discarding request
03-02 13:21:14.884 D/dalvikvm(21837): Compiler shutdown in progress - discarding request
03-02 13:21:14.884 D/dalvikvm(21837): Compiler shutdown in progress - discarding request
03-02 13:21:14.884 D/dalvikvm(21837): Compiler shutdown in progress - discarding request
03-02 13:21:14.884 D/dalvikvm(21837): Compiler shutdown in progress - discarding request
03-02 13:21:14.884 D/dalvikvm(21837): Compiler shutdown in progress - discarding request
03-02 13:21:14.884 D/dalvikvm(21837): Compiler shutdown in progress - discarding request
03-02 13:21:14.884 D/dalvikvm(21837): Compiler shutdown in progress - discarding request
03-02 13:21:14.884 D/dalvikvm(21837): Compiler shutdown in progress - discarding request
03-02 13:21:14.884 D/dalvikvm(21837): Compiler shutdown in progress - discarding request
03-02 13:21:14.884 D/dalvikvm(21837): Compiler shutdown in progress - discarding request
03-02 13:21:14.884 D/dalvikvm(21837): Compiler shutdown in progress - discarding request
--------- beginning of /dev/log/main
03-02 13:23:32.754 D/AndroidRuntime(21898): 
03-02 13:23:32.754 D/AndroidRuntime(21898): >>>>>> AndroidRuntime START com.android.internal.os.RuntimeInit <<<<<<
03-02 13:23:32.754 D/AndroidRuntime(21898): CheckJNI is OFF
03-02 13:23:32.754 I/AndroidRuntime(21898): Kernel Release Version: 3.10.20-gf818079
03-02 13:23:32.754 I/dalvikvm(21898): No library specified. The standard exception handler will be used
03-02 13:23:32.764 I/dalvikvm(21898): 
03-02 13:23:32.764 I/dalvikvm(21898): +++++++++++++ Using PCG. +++++++++++++++++++++
03-02 13:23:32.774 D/dalvikvm(21898): Trying to load lib libjavacore.so 0x0
03-02 13:23:32.774 D/dalvikvm(21898): Added shared lib libjavacore.so 0x0
03-02 13:23:32.774 D/dalvikvm(21898): Trying to load lib libnativehelper.so 0x0
03-02 13:23:32.774 D/dalvikvm(21898): Added shared lib libnativehelper.so 0x0
03-02 13:23:32.774 D/dalvikvm(21898): No JNI_OnLoad found in libnativehelper.so 0x0, skipping init
03-02 13:23:32.784 D/dalvikvm(21898): Extra Options: not specified
03-02 13:23:32.794 D/dalvikvm(21898): Note: class Landroid/app/ActivityManagerNative; has 186 unimplemented (abstract) methods
03-02 13:23:32.864 E/memtrack(21898): Couldn't load memtrack module (No such file or directory)
03-02 13:23:32.864 E/android.os.Debug(21898): failed to load memtrack module: -2
03-02 13:23:32.904 D/AndroidRuntime(21898): Calling main entry com.android.commands.am.Am
--------- beginning of /dev/log/system
03-02 13:23:32.924 I/ActivityManager(  506): Force stopping org.xwalk.webapi_noneservice_tests appid=10343 user=0: from pid 21898
03-02 13:23:32.934 D/AndroidRuntime(21898): Shutting down VM
03-02 13:23:32.934 D/dalvikvm(21898): GC_CONCURRENT freed 112K, 16% free 666K/792K, paused 2ms+0ms, total 3ms
03-02 13:23:32.934 D/dalvikvm(21898): Compiler shutdown in progress - discarding request
03-02 13:23:32.934 D/dalvikvm(21898): Compiler shutdown in progress - discarding request
03-02 13:23:32.934 D/dalvikvm(21898): Compiler shutdown in progress - discarding request
03-02 13:23:32.934 D/dalvikvm(21898): Compiler shutdown in progress - discarding request
03-02 13:23:32.934 D/dalvikvm(21898): Compiler shutdown in progress - discarding request
03-02 13:23:32.934 D/dalvikvm(21898): Compiler shutdown in progress - discarding request
03-02 13:23:32.934 D/dalvikvm(21898): Compiler shutdown in progress - discarding request
03-02 13:23:32.934 D/dalvikvm(21898): Compiler shutdown in progress - discarding request
03-02 13:23:32.934 D/dalvikvm(21898): Compiler shutdown in progress - discarding request
03-02 13:23:32.934 D/dalvikvm(21898): Compiler shutdown in progress - discarding request
03-02 13:23:32.934 D/dalvikvm(21898): Compiler shutdown in progress - discarding request
03-02 13:23:32.934 D/dalvikvm(21898): Compiler shutdown in progress - discarding request
03-02 13:23:32.934 D/dalvikvm(21898): Compiler shutdown in progress - discarding request
03-02 13:23:32.934 D/dalvikvm(21898): Compiler shutdown in progress - discarding request
03-02 13:23:32.934 D/dalvikvm(21898): Compiler shutdown in progress - discarding request
03-02 13:23:32.934 D/dalvikvm(21898): Compiler shutdown in progress - discarding request
03-02 13:23:32.934 D/dalvikvm(21898): Compiler shutdown in progress - discarding request
03-02 13:23:32.934 D/dalvikvm(21898): Compiler shutdown in progress - discarding request
03-02 13:23:32.934 D/dalvikvm(21898): Compiler shutdown in progress - discarding request
03-02 13:23:32.934 D/dalvikvm(21898): Compiler shutdown in progress - discarding request
03-02 13:23:32.934 D/dalvikvm(21898): Compiler shutdown in progress - discarding request
03-02 13:23:32.934 D/dalvikvm(21898): Compiler shutdown in progress - discarding request
03-02 13:23:32.934 D/dalvikvm(21898): Compiler shutdown in progress - discarding request
03-02 13:23:32.934 D/dalvikvm(21898): Compiler shutdown in progress - discarding request
03-02 13:23:32.934 D/dalvikvm(21898): Compiler shutdown in progress - discarding request
03-02 13:23:32.934 D/dalvikvm(21898): Compiler shutdown in progress - discarding request
03-02 13:23:32.934 D/dalvikvm(21898): Compiler shutdown in progress - discarding request
03-02 13:23:32.934 D/dalvikvm(21898): Compiler shutdown in progress - discarding request
03-02 13:23:32.934 D/dalvikvm(21898): Compiler shutdown in progress - discarding request
03-02 13:23:32.934 D/dalvikvm(21898): Compiler shutdown in progress - discarding request
03-02 13:23:32.934 D/dalvikvm(21898): Compiler shutdown in progress - discarding request
03-02 13:23:32.934 D/dalvikvm(21898): Compiler shutdown in progress - discarding request
03-02 13:23:32.934 D/dalvikvm(21898): Compiler shutdown in progress - discarding request
03-02 13:23:32.934 D/dalvikvm(21898): Compiler shutdown in progress - discarding request
03-02 13:23:32.934 D/dalvikvm(21898): Compiler shutdown in progress - discarding request
03-02 13:23:32.934 D/dalvikvm(21898): Compiler shutdown in progress - discarding request
03-02 13:23:32.934 D/dalvikvm(21898): Compiler shutdown in progress - discarding request
03-02 13:23:32.934 D/dalvikvm(21898): Compiler shutdown in progress - discarding request
03-02 13:23:32.934 D/dalvikvm(21898): Compiler shutdown in progress - discarding request
03-02 13:23:32.934 D/dalvikvm(21898): Compiler shutdown in progress - discarding request
03-02 13:23:32.934 D/dalvikvm(21898): Compiler shutdown in progress - discarding request
03-02 13:23:32.934 D/dalvikvm(21898): Compiler shutdown in progress - discarding request
03-02 13:23:32.934 D/dalvikvm(21898): Compiler shutdown in progress - discarding request
03-02 13:23:32.934 D/dalvikvm(21898): Compiler shutdown in progress - discarding request
03-02 13:23:32.934 D/dalvikvm(21898): Compiler shutdown in progress - discarding request
03-02 13:23:33.354 D/AndroidRuntime(21909): 
03-02 13:23:33.354 D/AndroidRuntime(21909): >>>>>> AndroidRuntime START com.android.internal.os.RuntimeInit <<<<<<
03-02 13:23:33.354 D/AndroidRuntime(21909): CheckJNI is OFF
03-02 13:23:33.354 I/AndroidRuntime(21909): Kernel Release Version: 3.10.20-gf818079
03-02 13:23:33.354 I/dalvikvm(21909): No library specified. The standard exception handler will be used
03-02 13:23:33.354 I/dalvikvm(21909): 
03-02 13:23:33.354 I/dalvikvm(21909): +++++++++++++ Using PCG. +++++++++++++++++++++
03-02 13:23:33.364 D/dalvikvm(21909): Trying to load lib libjavacore.so 0x0
03-02 13:23:33.364 D/dalvikvm(21909): Added shared lib libjavacore.so 0x0
03-02 13:23:33.374 D/dalvikvm(21909): Trying to load lib libnativehelper.so 0x0
03-02 13:23:33.374 D/dalvikvm(21909): Added shared lib libnativehelper.so 0x0
03-02 13:23:33.374 D/dalvikvm(21909): No JNI_OnLoad found in libnativehelper.so 0x0, skipping init
03-02 13:23:33.374 D/dalvikvm(21909): Extra Options: not specified
03-02 13:23:33.384 D/dalvikvm(21909): Note: class Landroid/app/ActivityManagerNative; has 186 unimplemented (abstract) methods
03-02 13:23:33.464 E/memtrack(21909): Couldn't load memtrack module (No such file or directory)
03-02 13:23:33.464 E/android.os.Debug(21909): failed to load memtrack module: -2
03-02 13:23:33.494 D/AndroidRuntime(21909): Calling main entry com.android.commands.am.Am
03-02 13:23:33.544 D/AndroidRuntime(21909): Shutting down VM
03-02 13:23:33.544 D/dalvikvm(21909): GC_CONCURRENT freed 117K, 16% free 702K/832K, paused 0ms+0ms, total 1ms
03-02 13:23:33.544 I/ActivityManager(  506): START u0 {flg=0x10000000 cmp=org.xwalk.webapi_noneservice_tests/.webapi_noneservice_testsActivity} from pid 21909
03-02 13:23:33.554 D/dalvikvm(21909): Compiler shutdown in progress - discarding request
03-02 13:23:33.554 D/dalvikvm(21909): Compiler shutdown in progress - discarding request
03-02 13:23:33.554 D/dalvikvm(21909): Compiler shutdown in progress - discarding request
03-02 13:23:33.554 D/dalvikvm(21909): Compiler shutdown in progress - discarding request
03-02 13:23:33.554 D/dalvikvm(21909): Compiler shutdown in progress - discarding request
03-02 13:23:33.554 D/dalvikvm(21909): Compiler shutdown in progress - discarding request
03-02 13:23:33.554 D/dalvikvm(21909): Compiler shutdown in progress - discarding request
03-02 13:23:33.554 D/dalvikvm(21909): Compiler shutdown in progress - discarding request
03-02 13:23:33.554 D/dalvikvm(21909): Compiler shutdown in progress - discarding request
03-02 13:23:33.554 D/dalvikvm(21909): Compiler shutdown in progress - discarding request
03-02 13:23:33.554 D/dalvikvm(21909): Compiler shutdown in progress - discarding request
03-02 13:23:33.554 D/dalvikvm(21909): Compiler shutdown in progress - discarding request
03-02 13:23:33.554 D/dalvikvm(21909): Compiler shutdown in progress - discarding request
03-02 13:23:33.554 D/dalvikvm(21909): Compiler shutdown in progress - discarding request
03-02 13:23:33.554 D/dalvikvm(21909): Compiler shutdown in progress - discarding request
03-02 13:23:33.554 D/dalvikvm(21909): Compiler shutdown in progress - discarding request
03-02 13:23:33.554 D/dalvikvm(21909): Compiler shutdown in progress - discarding request
03-02 13:23:33.554 D/dalvikvm(21909): Compiler shutdown in progress - discarding request
03-02 13:23:33.554 D/dalvikvm(21909): Compiler shutdown in progress - discarding request
03-02 13:23:33.554 D/dalvikvm(21909): Compiler shutdown in progress - discarding request
03-02 13:23:33.554 D/dalvikvm(21909): Compiler shutdown in progress - discarding request
03-02 13:23:33.554 D/dalvikvm(21909): Compiler shutdown in progress - discarding request
03-02 13:23:33.554 D/dalvikvm(21909): Compiler shutdown in progress - discarding request
03-02 13:23:33.554 D/dalvikvm(21909): Compiler shutdown in progress - discarding request
03-02 13:23:33.554 D/dalvikvm(21909): Compiler shutdown in progress - discarding request
03-02 13:23:33.554 D/dalvikvm(21909): Compiler shutdown in progress - discarding request
03-02 13:23:33.554 D/dalvikvm(21909): Compiler shutdown in progress - discarding request
03-02 13:23:33.554 D/dalvikvm(21909): Compiler shutdown in progress - discarding request
03-02 13:23:33.554 D/dalvikvm(21909): Compiler shutdown in progress - discarding request
03-02 13:23:33.554 D/dalvikvm(21909): Compiler shutdown in progress - discarding request
03-02 13:23:33.554 D/dalvikvm(21909): Compiler shutdown in progress - discarding request
03-02 13:23:33.554 D/dalvikvm(21909): Compiler shutdown in progress - discarding request
03-02 13:23:33.554 D/dalvikvm(21909): Compiler shutdown in progress - discarding request
03-02 13:23:33.554 D/dalvikvm(21909): Compiler shutdown in progress - discarding request
03-02 13:23:33.554 D/dalvikvm(21909): Compiler shutdown in progress - discarding request
03-02 13:23:33.554 D/dalvikvm(21909): Compiler shutdown in progress - discarding request
03-02 13:23:33.554 D/dalvikvm(21909): Compiler shutdown in progress - discarding request
03-02 13:23:33.554 D/dalvikvm(21909): Compiler shutdown in progress - discarding request
03-02 13:23:33.554 D/dalvikvm(21909): Compiler shutdown in progress - discarding request
03-02 13:23:33.554 D/dalvikvm(21909): Compiler shutdown in progress - discarding request
03-02 13:23:33.554 D/dalvikvm(21909): Compiler shutdown in progress - discarding request
03-02 13:23:33.554 D/dalvikvm(21909): Compiler shutdown in progress - discarding request
03-02 13:23:33.554 D/dalvikvm(21909): Compiler shutdown in progress - discarding request
03-02 13:23:33.554 D/dalvikvm(21909): Compiler shutdown in progress - discarding request
03-02 13:23:33.554 D/dalvikvm(21909): Compiler shutdown in progress - discarding request
03-02 13:23:33.554 D/dalvikvm(21909): Compiler shutdown in progress - discarding request
03-02 13:23:33.554 D/dalvikvm(21909): Compiler shutdown in progress - discarding request
03-02 13:23:33.554 D/dalvikvm(21909): Compiler shutdown in progress - discarding request
03-02 13:23:33.554 D/dalvikvm(21909): Compiler shutdown in progress - discarding request
03-02 13:23:34.224 D/AndroidRuntime(21920): 
03-02 13:23:34.224 D/AndroidRuntime(21920): >>>>>> AndroidRuntime START com.android.internal.os.RuntimeInit <<<<<<
03-02 13:23:34.224 D/AndroidRuntime(21920): CheckJNI is OFF
03-02 13:23:34.224 I/AndroidRuntime(21920): Kernel Release Version: 3.10.20-gf818079
03-02 13:23:34.224 I/dalvikvm(21920): No library specified. The standard exception handler will be used
03-02 13:23:34.234 I/dalvikvm(21920): 
03-02 13:23:34.234 I/dalvikvm(21920): +++++++++++++ Using PCG. +++++++++++++++++++++
03-02 13:23:34.234 D/dalvikvm(21920): Trying to load lib libjavacore.so 0x0
03-02 13:23:34.244 D/dalvikvm(21920): Added shared lib libjavacore.so 0x0
03-02 13:23:34.244 D/dalvikvm(21920): Trying to load lib libnativehelper.so 0x0
03-02 13:23:34.244 D/dalvikvm(21920): Added shared lib libnativehelper.so 0x0
03-02 13:23:34.244 D/dalvikvm(21920): No JNI_OnLoad found in libnativehelper.so 0x0, skipping init
03-02 13:23:34.244 D/dalvikvm(21920): Extra Options: not specified
03-02 13:23:34.264 D/dalvikvm(21920): Note: class Landroid/app/ActivityManagerNative; has 186 unimplemented (abstract) methods
03-02 13:23:34.334 E/memtrack(21920): Couldn't load memtrack module (No such file or directory)
03-02 13:23:34.334 E/android.os.Debug(21920): failed to load memtrack module: -2
03-02 13:23:34.364 D/AndroidRuntime(21920): Calling main entry com.android.commands.am.Am
03-02 13:23:34.404 D/AndroidRuntime(21920): Shutting down VM
03-02 13:23:34.404 D/dalvikvm(21920): GC_CONCURRENT freed 117K, 16% free 702K/832K, paused 1ms+0ms, total 2ms
03-02 13:23:34.404 I/ActivityManager(  506): START u0 {flg=0x10000000 cmp=org.xwalk.webapi_noneservice_tests/.webapi_noneservice_tests} from pid 21920
03-02 13:23:34.414 D/dalvikvm(21920): Compiler shutdown in progress - discarding request
03-02 13:23:34.414 D/dalvikvm(21920): Compiler shutdown in progress - discarding request
03-02 13:23:34.414 D/dalvikvm(21920): Compiler shutdown in progress - discarding request
03-02 13:23:34.414 D/dalvikvm(21920): Compiler shutdown in progress - discarding request
