--------- beginning of /dev/log/main
03-02 10:14:36.114 D/AndroidRuntime(14642): 
03-02 10:14:36.114 D/AndroidRuntime(14642): >>>>>> AndroidRuntime START com.android.internal.os.RuntimeInit <<<<<<
03-02 10:14:36.114 D/AndroidRuntime(14642): CheckJNI is OFF
03-02 10:14:36.114 I/AndroidRuntime(14642): Kernel Release Version: 3.10.20-gf818079
03-02 10:14:36.114 I/dalvikvm(14642): No library specified. The standard exception handler will be used
03-02 10:14:36.114 I/dalvikvm(14642): 
03-02 10:14:36.114 I/dalvikvm(14642): +++++++++++++ Using PCG. +++++++++++++++++++++
03-02 10:14:36.124 D/dalvikvm(14642): Trying to load lib libjavacore.so 0x0
03-02 10:14:36.124 D/dalvikvm(14642): Added shared lib libjavacore.so 0x0
03-02 10:14:36.124 D/dalvikvm(14642): Trying to load lib libnativehelper.so 0x0
03-02 10:14:36.124 D/dalvikvm(14642): Added shared lib libnativehelper.so 0x0
03-02 10:14:36.124 D/dalvikvm(14642): No JNI_OnLoad found in libnativehelper.so 0x0, skipping init
03-02 10:14:36.134 D/dalvikvm(14642): Extra Options: not specified
03-02 10:14:36.144 D/dalvikvm(14642): Note: class Landroid/app/ActivityManagerNative; has 186 unimplemented (abstract) methods
03-02 10:14:36.214 E/memtrack(14642): Couldn't load memtrack module (No such file or directory)
03-02 10:14:36.214 E/android.os.Debug(14642): failed to load memtrack module: -2
03-02 10:14:36.244 D/AndroidRuntime(14642): Calling main entry com.android.commands.am.Am
--------- beginning of /dev/log/system
03-02 10:14:36.274 I/ActivityManager(  506): Force stopping org.xwalk.webapi_noneservice_tests appid=10343 user=0: from pid 14642
03-02 10:14:36.274 D/AndroidRuntime(14642): Shutting down VM
03-02 10:14:36.284 D/dalvikvm(14642): GC_CONCURRENT freed 112K, 17% free 634K/760K, paused 0ms+0ms, total 1ms
03-02 10:14:36.294 D/dalvikvm(14642): Compiler shutdown in progress - discarding request
03-02 10:14:36.294 D/dalvikvm(14642): Compiler shutdown in progress - discarding request
03-02 10:14:36.294 D/dalvikvm(14642): Compiler shutdown in progress - discarding request
03-02 10:14:36.294 D/dalvikvm(14642): Compiler shutdown in progress - discarding request
03-02 10:14:36.294 D/dalvikvm(14642): Compiler shutdown in progress - discarding request
03-02 10:14:36.294 D/dalvikvm(14642): Compiler shutdown in progress - discarding request
03-02 10:14:36.294 D/dalvikvm(14642): Compiler shutdown in progress - discarding request
03-02 10:14:36.294 D/dalvikvm(14642): Compiler shutdown in progress - discarding request
03-02 10:14:36.294 D/dalvikvm(14642): Compiler shutdown in progress - discarding request
03-02 10:14:36.294 D/dalvikvm(14642): Compiler shutdown in progress - discarding request
03-02 10:14:36.294 D/dalvikvm(14642): Compiler shutdown in progress - discarding request
03-02 10:14:36.294 D/dalvikvm(14642): Compiler shutdown in progress - discarding request
03-02 10:14:36.294 D/dalvikvm(14642): Compiler shutdown in progress - discarding request
03-02 10:14:36.294 D/dalvikvm(14642): Compiler shutdown in progress - discarding request
03-02 10:14:36.294 D/dalvikvm(14642): Compiler shutdown in progress - discarding request
03-02 10:14:36.294 D/dalvikvm(14642): Compiler shutdown in progress - discarding request
03-02 10:14:36.294 D/dalvikvm(14642): Compiler shutdown in progress - discarding request
03-02 10:14:36.294 D/dalvikvm(14642): Compiler shutdown in progress - discarding request
03-02 10:14:36.294 D/dalvikvm(14642): Compiler shutdown in progress - discarding request
03-02 10:14:36.294 D/dalvikvm(14642): Compiler shutdown in progress - discarding request
03-02 10:14:36.294 D/dalvikvm(14642): Compiler shutdown in progress - discarding request
03-02 10:14:36.294 D/dalvikvm(14642): Compiler shutdown in progress - discarding request
03-02 10:14:36.294 D/dalvikvm(14642): Compiler shutdown in progress - discarding request
03-02 10:14:36.294 D/dalvikvm(14642): Compiler shutdown in progress - discarding request
03-02 10:14:36.294 D/dalvikvm(14642): Compiler shutdown in progress - discarding request
03-02 10:14:36.294 D/dalvikvm(14642): Compiler shutdown in progress - discarding request
03-02 10:14:36.294 D/dalvikvm(14642): Compiler shutdown in progress - discarding request
03-02 10:14:36.294 D/dalvikvm(14642): Compiler shutdown in progress - discarding request
03-02 10:14:36.294 D/dalvikvm(14642): Compiler shutdown in progress - discarding request
03-02 10:14:36.294 D/dalvikvm(14642): Compiler shutdown in progress - discarding request
03-02 10:14:36.294 D/dalvikvm(14642): Compiler shutdown in progress - discarding request
03-02 10:14:36.294 D/dalvikvm(14642): Compiler shutdown in progress - discarding request
03-02 10:14:36.294 D/dalvikvm(14642): Compiler shutdown in progress - discarding request
03-02 10:14:36.294 D/dalvikvm(14642): Compiler shutdown in progress - discarding request
03-02 10:14:36.294 D/dalvikvm(14642): Compiler shutdown in progress - discarding request
03-02 10:14:36.294 D/dalvikvm(14642): Compiler shutdown in progress - discarding request
03-02 10:14:36.294 D/dalvikvm(14642): Compiler shutdown in progress - discarding request
03-02 10:14:36.294 D/dalvikvm(14642): Compiler shutdown in progress - discarding request
03-02 10:14:36.294 D/dalvikvm(14642): Compiler shutdown in progress - discarding request
03-02 10:14:36.294 D/dalvikvm(14642): Compiler shutdown in progress - discarding request
03-02 10:14:36.294 D/dalvikvm(14642): Compiler shutdown in progress - discarding request
03-02 10:14:36.294 D/dalvikvm(14642): Compiler shutdown in progress - discarding request
03-02 10:14:36.294 D/dalvikvm(14642): Compiler shutdown in progress - discarding request
03-02 10:14:36.964 D/AndroidRuntime(14653): 
03-02 10:14:36.964 D/AndroidRuntime(14653): >>>>>> AndroidRuntime START com.android.internal.os.RuntimeInit <<<<<<
03-02 10:14:36.964 D/AndroidRuntime(14653): CheckJNI is OFF
03-02 10:14:36.964 I/AndroidRuntime(14653): Kernel Release Version: 3.10.20-gf818079
03-02 10:14:36.964 I/dalvikvm(14653): No library specified. The standard exception handler will be used
03-02 10:14:36.964 I/dalvikvm(14653): 
03-02 10:14:36.964 I/dalvikvm(14653): +++++++++++++ Using PCG. +++++++++++++++++++++
03-02 10:14:36.974 D/dalvikvm(14653): Trying to load lib libjavacore.so 0x0
03-02 10:14:36.974 D/dalvikvm(14653): Added shared lib libjavacore.so 0x0
03-02 10:14:36.974 D/dalvikvm(14653): Trying to load lib libnativehelper.so 0x0
03-02 10:14:36.974 D/dalvikvm(14653): Added shared lib libnativehelper.so 0x0
03-02 10:14:36.974 D/dalvikvm(14653): No JNI_OnLoad found in libnativehelper.so 0x0, skipping init
03-02 10:14:36.984 D/dalvikvm(14653): Extra Options: not specified
03-02 10:14:36.994 D/dalvikvm(14653): Note: class Landroid/app/ActivityManagerNative; has 186 unimplemented (abstract) methods
03-02 10:14:37.064 E/memtrack(14653): Couldn't load memtrack module (No such file or directory)
03-02 10:14:37.064 E/android.os.Debug(14653): failed to load memtrack module: -2
03-02 10:14:37.104 D/AndroidRuntime(14653): Calling main entry com.android.commands.am.Am
03-02 10:14:37.134 I/ActivityManager(  506): START u0 {flg=0x10000000 cmp=org.xwalk.webapi_noneservice_tests/.webapi_noneservice_testsActivity} from pid 14653
03-02 10:14:37.144 D/AndroidRuntime(14653): Shutting down VM
03-02 10:14:37.144 D/dalvikvm(14653): GC_CONCURRENT freed 113K, 16% free 674K/800K, paused 0ms+0ms, total 1ms
03-02 10:14:37.144 D/dalvikvm(14653): Compiler shutdown in progress - discarding request
03-02 10:14:37.144 D/dalvikvm(14653): Compiler shutdown in progress - discarding request
03-02 10:14:37.144 D/dalvikvm(14653): Compiler shutdown in progress - discarding request
03-02 10:14:37.144 D/dalvikvm(14653): Compiler shutdown in progress - discarding request
03-02 10:14:37.144 D/dalvikvm(14653): Compiler shutdown in progress - discarding request
03-02 10:14:37.144 D/dalvikvm(14653): Compiler shutdown in progress - discarding request
03-02 10:14:37.144 D/dalvikvm(14653): Compiler shutdown in progress - discarding request
03-02 10:14:37.144 D/dalvikvm(14653): Compiler shutdown in progress - discarding request
03-02 10:14:37.144 D/dalvikvm(14653): Compiler shutdown in progress - discarding request
03-02 10:14:37.144 D/dalvikvm(14653): Compiler shutdown in progress - discarding request
03-02 10:14:37.144 D/dalvikvm(14653): Compiler shutdown in progress - discarding request
03-02 10:14:37.144 D/dalvikvm(14653): Compiler shutdown in progress - discarding request
03-02 10:14:37.144 D/dalvikvm(14653): Compiler shutdown in progress - discarding request
03-02 10:14:37.144 D/dalvikvm(14653): Compiler shutdown in progress - discarding request
03-02 10:14:37.144 D/dalvikvm(14653): Compiler shutdown in progress - discarding request
03-02 10:14:37.144 D/dalvikvm(14653): Compiler shutdown in progress - discarding request
03-02 10:14:37.144 D/dalvikvm(14653): Compiler shutdown in progress - discarding request
03-02 10:14:37.144 D/dalvikvm(14653): Compiler shutdown in progress - discarding request
03-02 10:14:37.144 D/dalvikvm(14653): Compiler shutdown in progress - discarding request
03-02 10:14:37.144 D/dalvikvm(14653): Compiler shutdown in progress - discarding request
03-02 10:14:37.144 D/dalvikvm(14653): Compiler shutdown in progress - discarding request
03-02 10:14:37.144 D/dalvikvm(14653): Compiler shutdown in progress - discarding request
03-02 10:14:37.144 D/dalvikvm(14653): Compiler shutdown in progress - discarding request
03-02 10:14:37.144 D/dalvikvm(14653): Compiler shutdown in progress - discarding request
03-02 10:14:37.144 D/dalvikvm(14653): Compiler shutdown in progress - discarding request
03-02 10:14:37.144 D/dalvikvm(14653): Compiler shutdown in progress - discarding request
03-02 10:14:37.144 D/dalvikvm(14653): Compiler shutdown in progress - discarding request
03-02 10:14:37.144 D/dalvikvm(14653): Compiler shutdown in progress - discarding request
03-02 10:14:37.144 D/dalvikvm(14653): Compiler shutdown in progress - discarding request
03-02 10:14:37.144 D/dalvikvm(14653): Compiler shutdown in progress - discarding request
03-02 10:14:37.144 D/dalvikvm(14653): Compiler shutdown in progress - discarding request
03-02 10:14:37.144 D/dalvikvm(14653): Compiler shutdown in progress - discarding request
03-02 10:14:37.154 D/dalvikvm(14653): Compiler shutdown in progress - discarding request
03-02 10:14:37.154 D/dalvikvm(14653): Compiler shutdown in progress - discarding request
03-02 10:14:37.154 D/dalvikvm(14653): Compiler shutdown in progress - discarding request
03-02 10:14:37.154 D/dalvikvm(14653): Compiler shutdown in progress - discarding request
03-02 10:14:37.154 D/dalvikvm(14653): Compiler shutdown in progress - discarding request
03-02 10:14:37.154 D/dalvikvm(14653): Compiler shutdown in progress - discarding request
03-02 10:14:37.154 D/dalvikvm(14653): Compiler shutdown in progress - discarding request
03-02 10:14:37.154 D/dalvikvm(14653): Compiler shutdown in progress - discarding request
03-02 10:14:37.744 D/AndroidRuntime(14664): 
03-02 10:14:37.744 D/AndroidRuntime(14664): >>>>>> AndroidRuntime START com.android.internal.os.RuntimeInit <<<<<<
03-02 10:14:37.744 D/AndroidRuntime(14664): CheckJNI is OFF
03-02 10:14:37.744 I/AndroidRuntime(14664): Kernel Release Version: 3.10.20-gf818079
03-02 10:14:37.754 I/dalvikvm(14664): No library specified. The standard exception handler will be used
03-02 10:14:37.754 I/dalvikvm(14664): 
03-02 10:14:37.754 I/dalvikvm(14664): +++++++++++++ Using PCG. +++++++++++++++++++++
03-02 10:14:37.764 D/dalvikvm(14664): Trying to load lib libjavacore.so 0x0
03-02 10:14:37.764 D/dalvikvm(14664): Added shared lib libjavacore.so 0x0
03-02 10:14:37.764 D/dalvikvm(14664): Trying to load lib libnativehelper.so 0x0
03-02 10:14:37.764 D/dalvikvm(14664): Added shared lib libnativehelper.so 0x0
03-02 10:14:37.764 D/dalvikvm(14664): No JNI_OnLoad found in libnativehelper.so 0x0, skipping init
03-02 10:14:37.774 D/dalvikvm(14664): Extra Options: not specified
03-02 10:14:37.784 D/dalvikvm(14664): Note: class Landroid/app/ActivityManagerNative; has 186 unimplemented (abstract) methods
03-02 10:14:37.854 E/memtrack(14664): Couldn't load memtrack module (No such file or directory)
03-02 10:14:37.854 E/android.os.Debug(14664): failed to load memtrack module: -2
03-02 10:14:37.894 D/AndroidRuntime(14664): Calling main entry com.android.commands.am.Am
03-02 10:14:37.934 I/ActivityManager(  506): START u0 {flg=0x10000000 cmp=org.xwalk.webapi_noneservice_tests/.webapi_noneservice_tests} from pid 14664
03-02 10:14:37.944 D/AndroidRuntime(14664): Shutting down VM
03-02 10:14:37.944 D/dalvikvm(14664): GC_CONCURRENT freed 125K, 19% free 678K/832K, paused 0ms+0ms, total 1ms
03-02 10:14:37.944 D/dalvikvm(14664): Compiler shutdown in progress - discarding request
03-02 10:14:37.944 D/dalvikvm(14664): Compiler shutdown in progress - discarding request
03-02 10:14:37.944 D/dalvikvm(14664): Compiler shutdown in progress - discarding request
03-02 10:14:37.944 D/dalvikvm(14664): Compiler shutdown in progress - discarding request
03-02 10:14:37.944 D/dalvikvm(14664): Compiler shutdown in progress - discarding request
03-02 10:14:37.944 D/dalvikvm(14664): Compiler shutdown in progress - discarding request
03-02 10:14:37.944 D/dalvikvm(14664): Compiler shutdown in progress - discarding request
03-02 10:14:37.944 D/dalvikvm(14664): Compiler shutdown in progress - discarding request
03-02 10:14:37.944 D/dalvikvm(14664): Compiler shutdown in progress - discarding request
03-02 10:14:37.944 D/dalvikvm(14664): Compiler shutdown in progress - discarding request
03-02 10:14:37.944 D/dalvikvm(14664): Compiler shutdown in progress - discarding request
03-02 10:14:37.944 D/dalvikvm(14664): Compiler shutdown in progress - discarding request
03-02 10:14:37.944 D/dalvikvm(14664): Compiler shutdown in progress - discarding request
03-02 10:14:37.944 D/dalvikvm(14664): Compiler shutdown in progress - discarding request
03-02 10:14:37.944 D/dalvikvm(14664): Compiler shutdown in progress - discarding request
03-02 10:14:37.944 D/dalvikvm(14664): Compiler shutdown in progress - discarding request
03-02 10:14:37.944 D/dalvikvm(14664): Compiler shutdown in progress - discarding request
03-02 10:14:37.944 D/dalvikvm(14664): Compiler shutdown in progress - discarding request
03-02 10:14:37.944 D/dalvikvm(14664): Compiler shutdown in progress - discarding request
03-02 10:14:37.944 D/dalvikvm(14664): Compiler shutdown in progress - discarding request
03-02 10:14:37.944 D/dalvikvm(14664): Compiler shutdown in progress - discarding request
03-02 10:14:37.944 D/dalvikvm(14664): Compiler shutdown in progress - discarding request
03-02 10:14:37.944 D/dalvikvm(14664): Compiler shutdown in progress - discarding request
03-02 10:14:37.944 D/dalvikvm(14664): Compiler shutdown in progress - discarding request
03-02 10:14:37.944 D/dalvikvm(14664): Compiler shutdown in progress - discarding request
03-02 10:14:37.944 D/dalvikvm(14664): Compiler shutdown in progress - discarding request
03-02 10:14:37.944 D/dalvikvm(14664): Compiler shutdown in progress - discarding request
03-02 10:14:37.944 D/dalvikvm(14664): Compiler shutdown in progress - discarding request
03-02 10:14:37.944 D/dalvikvm(14664): Compiler shutdown in progress - discarding request
03-02 10:14:37.944 D/dalvikvm(14664): Compiler shutdown in progress - discarding request
03-02 10:14:37.944 D/dalvikvm(14664): Compiler shutdown in progress - discarding request
03-02 10:14:37.944 D/dalvikvm(14664): Compiler shutdown in progress - discarding request
03-02 10:14:37.944 D/dalvikvm(14664): Compiler shutdown in progress - discarding request
03-02 10:14:37.944 D/dalvikvm(14664): Compiler shutdown in progress - discarding request
03-02 10:14:37.944 D/dalvikvm(14664): Compiler shutdown in progress - discarding request
03-02 10:14:37.944 D/dalvikvm(14664): Compiler shutdown in progress - discarding request
03-02 10:14:37.944 D/dalvikvm(14664): Compiler shutdown in progress - discarding request
03-02 10:14:37.944 D/dalvikvm(14664): Compiler shutdown in progress - discarding request
03-02 10:14:37.944 D/dalvikvm(14664): Compiler shutdown in progress - discarding request
03-02 10:14:37.944 D/dalvikvm(14664): Compiler shutdown in progress - discarding request
03-02 10:14:37.944 D/dalvikvm(14664): Compiler shutdown in progress - discarding request
03-02 10:14:37.944 D/dalvikvm(14664): Compiler shutdown in progress - discarding request
03-02 10:14:37.944 D/dalvikvm(14664): Compiler shutdown in progress - discarding request
03-02 10:14:37.944 D/dalvikvm(14664): Compiler shutdown in progress - discarding request
03-02 10:14:37.944 D/dalvikvm(14664): Compiler shutdown in progress - discarding request
03-02 10:14:37.944 D/dalvikvm(14664): Compiler shutdown in progress - discarding request
03-02 10:14:37.944 D/dalvikvm(14664): Compiler shutdown in progress - discarding request
03-02 10:14:37.944 D/dalvikvm(14664): Compiler shutdown in progress - discarding request
03-02 10:14:38.554 D/AndroidRuntime(14676): 
03-02 10:14:38.554 D/AndroidRuntime(14676): >>>>>> AndroidRuntime START com.android.internal.os.RuntimeInit <<<<<<
03-02 10:14:38.554 D/AndroidRuntime(14676): CheckJNI is OFF
03-02 10:14:38.554 I/AndroidRuntime(14676): Kernel Release Version: 3.10.20-gf818079
03-02 10:14:38.554 I/dalvikvm(14676): No library specified. The standard exception handler will be used
03-02 10:14:38.554 I/dalvikvm(14676): 
03-02 10:14:38.554 I/dalvikvm(14676): +++++++++++++ Using PCG. +++++++++++++++++++++
03-02 10:14:38.564 D/dalvikvm(14676): Trying to load lib libjavacore.so 0x0
03-02 10:14:38.564 D/dalvikvm(14676): Added shared lib libjavacore.so 0x0
03-02 10:14:38.574 D/dalvikvm(14676): Trying to load lib libnativehelper.so 0x0
03-02 10:14:38.574 D/dalvikvm(14676): Added shared lib libnativehelper.so 0x0
03-02 10:14:38.574 D/dalvikvm(14676): No JNI_OnLoad found in libnativehelper.so 0x0, skipping init
03-02 10:14:38.574 D/dalvikvm(14676): Extra Options: not specified
03-02 10:14:38.584 D/dalvikvm(14676): Note: class Landroid/app/ActivityManagerNative; has 186 unimplemented (abstract) methods
03-02 10:14:38.664 E/memtrack(14676): Couldn't load memtrack module (No such file or directory)
03-02 10:14:38.664 E/android.os.Debug(14676): failed to load memtrack module: -2
03-02 10:14:38.694 D/AndroidRuntime(14676): Calling main entry com.android.commands.am.Am
03-02 10:14:38.724 I/ActivityManager(  506): START u0 {flg=0x10000000 cmp=org.xwalk.webapi_noneservice_tests/.WebapiNoneserviceTestsActivity} from pid 14676
03-02 10:14:38.734 D/AndroidRuntime(14676): Shutting down VM
03-02 10:14:38.734 I/SecurityManagerService(  621): SMS received security event: App[START/org.xwalk.webapi_noneservice_tests]
03-02 10:14:38.734 D/dalvikvm(14676): GC_CONCURRENT freed 114K, 16% free 701K/832K, paused 0ms+0ms, total 1ms
03-02 10:14:38.744 D/dalvikvm(14676): Compiler shutdown in progress - discarding request
03-02 10:14:38.744 D/dalvikvm(14676): Compiler shutdown in progress - discarding request
03-02 10:14:38.744 D/dalvikvm(14676): Compiler shutdown in progress - discarding request
03-02 10:14:38.744 D/dalvikvm(14676): Compiler shutdown in progress - discarding request
03-02 10:14:38.744 D/dalvikvm(14676): Compiler shutdown in progress - discarding request
03-02 10:14:38.744 D/dalvikvm(14676): Compiler shutdown in progress - discarding request
03-02 10:14:38.744 D/dalvikvm(14676): Compiler shutdown in progress - discarding request
03-02 10:14:38.744 D/dalvikvm(14676): Compiler shutdown in progress - discarding request
03-02 10:14:38.744 D/dalvikvm(14676): Compiler shutdown in progress - discarding request
03-02 10:14:38.744 D/dalvikvm(14676): Compiler shutdown in progress - discarding request
03-02 10:14:38.744 D/dalvikvm(14676): Compiler shutdown in progress - discarding request
03-02 10:14:38.744 D/dalvikvm(14676): Compiler shutdown in progress - discarding request
03-02 10:14:38.744 D/dalvikvm(14676): Compiler shutdown in progress - discarding request
03-02 10:14:38.744 D/dalvikvm(14676): Compiler shutdown in progress - discarding request
03-02 10:14:38.744 D/dalvikvm(14676): Compiler shutdown in progress - discarding request
03-02 10:14:38.744 D/dalvikvm(14676): Compiler shutdown in progress - discarding request
03-02 10:14:38.744 D/dalvikvm(14676): Compiler shutdown in progress - discarding request
03-02 10:14:38.744 D/dalvikvm(14676): Compiler shutdown in progress - discarding request
03-02 10:14:38.744 D/dalvikvm(14676): Compiler shutdown in progress - discarding request
03-02 10:14:38.744 D/dalvikvm(14676): Compiler shutdown in progress - discarding request
03-02 10:14:38.744 D/dalvikvm(14676): Compiler shutdown in progress - discarding request
03-02 10:14:38.744 D/dalvikvm(14676): Compiler shutdown in progress - discarding request
03-02 10:14:38.744 D/dalvikvm(14676): Compiler shutdown in progress - discarding request
03-02 10:14:38.744 D/dalvikvm(14676): Compiler shutdown in progress - discarding request
03-02 10:14:38.744 D/dalvikvm(14676): Compiler shutdown in progress - discarding request
03-02 10:14:38.744 D/dalvikvm(14676): Compiler shutdown in progress - discarding request
03-02 10:14:38.744 D/dalvikvm(14676): Compiler shutdown in progress - discarding request
03-02 10:14:38.744 D/dalvikvm(14676): Compiler shutdown in progress - discarding request
03-02 10:14:38.744 D/dalvikvm(14676): Compiler shutdown in progress - discarding request
03-02 10:14:38.744 D/dalvikvm(14676): Compiler shutdown in progress - discarding request
03-02 10:14:38.744 D/dalvikvm(14676): Compiler shutdown in progress - discarding request
03-02 10:14:38.744 D/dalvikvm(14676): Compiler shutdown in progress - discarding request
03-02 10:14:38.744 D/dalvikvm(14676): Compiler shutdown in progress - discarding request
03-02 10:14:38.744 D/dalvikvm(14676): Compiler shutdown in progress - discarding request
03-02 10:14:38.744 D/dalvikvm(14676): Compiler shutdown in progress - discarding request
03-02 10:14:38.744 D/dalvikvm(14676): Compiler shutdown in progress - discarding request
03-02 10:14:38.744 D/dalvikvm(14676): Compiler shutdown in progress - discarding request
03-02 10:14:38.744 D/dalvikvm(14676): Compiler shutdown in progress - discarding request
03-02 10:14:38.744 D/dalvikvm(14676): Compiler shutdown in progress - discarding request
03-02 10:14:38.744 D/dalvikvm(14676): Compiler shutdown in progress - discarding request
03-02 10:14:38.744 D/dalvikvm(14676): Compiler shutdown in progress - discarding request
03-02 10:14:38.744 D/dalvikvm(14676): Compiler shutdown in progress - discarding request
03-02 10:14:38.744 D/dalvikvm(14676): Compiler shutdown in progress - discarding request
03-02 10:14:38.744 D/dalvikvm(14676): Compiler shutdown in progress - discarding request
03-02 10:14:38.744 D/dalvikvm(14676): Compiler shutdown in progress - discarding request
03-02 10:14:38.744 D/dalvikvm(14676): Compiler shutdown in progress - discarding request
03-02 10:14:38.744 D/dalvikvm(14676): Compiler shutdown in progress - discarding request
03-02 10:14:38.744 D/dalvikvm(14676): Compiler shutdown in progress - discarding request
03-02 10:14:38.744 D/dalvikvm(14676): Compiler shutdown in progress - discarding request
03-02 10:14:38.744 D/dalvikvm(14676): Compiler shutdown in progress - discarding request
03-02 10:14:38.744 D/dalvikvm(14687): Process 14687 nice name: org.xwalk.webapi_noneservice_tests
03-02 10:14:38.744 D/dalvikvm(14687): Extra Options: not specified
03-02 10:14:38.744 I/ActivityManager(  506): Start proc org.xwalk.webapi_noneservice_tests for activity org.xwalk.webapi_noneservice_tests/.WebapiNoneserviceTestsActivity: pid=14687 uid=10343 gids={50343, 3003, 1028, 1015}
03-02 10:14:38.764 D/WindowManager(  506): adjustConfigurationLw, config:{1.0 ?mcc?mnc ?locale ?layoutDir sw600dp w600dp h888dp 213dpi lrg port ?uimode ?night finger -keyb/v/h -nav/v} mLidState:1 mHasDockFeature:false mHasKeyboardFeature:false mHasHallSensorFeature:true config.hardKeyboardHidden:2
03-02 10:14:38.764 I/ActivityManager(  506): [TopPkgCurBat]	NowPkgName[org.xwalk.webapi_noneservice_tests]	Battery[59]	TimeTick[1425262478776]	OldPkgName[com.intel.tinywebtestservice]
03-02 10:14:38.774 D/        (20159): Surface destroy: ANDROID_NATIVE_WINDOW_MAGIC
03-02 10:14:38.784 D/dalvikvm(14687): Trying to load lib /data/app-lib/org.xwalk.webapi_noneservice_tests-1/libxwalkcore.so 0x43d82790
03-02 10:14:38.794 D/dalvikvm(14687): Added shared lib /data/app-lib/org.xwalk.webapi_noneservice_tests-1/libxwalkcore.so 0x43d82790
03-02 10:14:38.794 I/LibraryLoader(14687): Time to load native libraries: 11 ms (timestamps 8038-8049)
03-02 10:14:38.794 I/LibraryLoader(14687): Expected native library version number "",actual native library version number ""
03-02 10:14:38.814 I/LibraryLoader(14687): Expected native library version number "",actual native library version number ""
03-02 10:14:38.814 I/chromium(14687): [INFO:library_loader_hooks.cc(112)] Chromium logging enabled: level = 0, default verbosity = 0
03-02 10:14:38.824 I/BrowserStartupController(14687): Initializing chromium process, singleProcess=true
03-02 10:14:39.224 W/AudioManagerAndroid(14687): Requires BLUETOOTH permission
03-02 10:14:39.224 I/ufoGralloc(14687): Hello, this is UFO GRALLOC/Intel Corporation
03-02 10:14:39.234 D/        (14687): Pixel Format : GGL_PIXEL_FORMAT_RGBA_8888
03-02 10:14:39.234 D/        (14687): droid_create_context : config id = 1 conf->NativeVisualID=1
03-02 10:14:39.234 D/        (14687): Pixel Format : GGL_PIXEL_FORMAT_RGBA_8888
03-02 10:14:39.234 I/        (14687): Requested context : GLES 2.0
03-02 10:14:39.254 W/chromium(14687): [WARNING:proxy_service.cc(899)] PAC support disabled because there is no system implementation
03-02 10:14:39.254 W/dalvikvm(14687): VFY: unable to find class referenced in signature (Landroid/view/inputmethod/CursorAnchorInfo;)
03-02 10:14:39.254 I/dalvikvm(14687): Could not find method android.view.inputmethod.InputMethodManager.updateCursorAnchorInfo, referenced from method org.chromium.content.browser.input.InputMethodManagerWrapper.updateCursorAnchorInfo
03-02 10:14:39.254 W/dalvikvm(14687): VFY: unable to resolve virtual method 1241: Landroid/view/inputmethod/InputMethodManager;.updateCursorAnchorInfo (Landroid/view/View;Landroid/view/inputmethod/CursorAnchorInfo;)V
03-02 10:14:39.254 D/dalvikvm(14687): VFY: replacing opcode 0x6e at 0x000a
03-02 10:14:39.294 E/cutils  (  164): Failed to mkdirat(/Removable/MicroSD): Read-only file system
03-02 10:14:39.294 W/ContextImpl(14687): Failed to ensure directory: /Removable/MicroSD/Android/data/org.xwalk.webapi_noneservice_tests/cache
03-02 10:14:39.294 W/XWalkExtensionManager(14687): Failed to read extensions-config.json
03-02 10:14:39.294 E/chromium(14687): [ERROR:unix_domain_server_socket_posix.cc(106)] Not implemented reached in virtual int net::UnixDomainServerSocket::GetLocalAddress(net::IPEndPoint*) const
03-02 10:14:39.294 I/dalvikvm(14687): Could not find method android.app.Activity.finishAndRemoveTask, referenced from method org.chromium.base.ApiCompatibilityUtils.finishAndRemoveTask
03-02 10:14:39.294 W/dalvikvm(14687): VFY: unable to resolve virtual method 4: Landroid/app/Activity;.finishAndRemoveTask ()V
03-02 10:14:39.294 D/dalvikvm(14687): VFY: replacing opcode 0x6e at 0x0006
03-02 10:14:39.294 I/dalvikvm(14687): Could not find method android.os.PowerManager.isInteractive, referenced from method org.chromium.base.ApiCompatibilityUtils.isInteractive
03-02 10:14:39.294 W/dalvikvm(14687): VFY: unable to resolve virtual method 768: Landroid/os/PowerManager;.isInteractive ()Z
03-02 10:14:39.294 D/dalvikvm(14687): VFY: replacing opcode 0x6e at 0x000e
03-02 10:14:39.294 I/dalvikvm(14687): Could not find method android.view.Window.getNavigationBarColor, referenced from method org.chromium.base.ApiCompatibilityUtils.setStatusBarColor
03-02 10:14:39.294 W/dalvikvm(14687): VFY: unable to resolve virtual method 1144: Landroid/view/Window;.getNavigationBarColor ()I
03-02 10:14:39.294 D/dalvikvm(14687): VFY: replacing opcode 0x6e at 0x0010
03-02 10:14:39.294 I/dalvikvm(14687): Could not find method android.view.Window.setStatusBarColor, referenced from method org.chromium.base.ApiCompatibilityUtils.setStatusBarColor
03-02 10:14:39.294 W/dalvikvm(14687): VFY: unable to resolve virtual method 1149: Landroid/view/Window;.setStatusBarColor (I)V
03-02 10:14:39.294 D/dalvikvm(14687): VFY: replacing opcode 0x6e at 0x0019
03-02 10:14:39.294 E/dalvikvm(14687): Could not find class 'android.app.ActivityManager$TaskDescription', referenced from method org.chromium.base.ApiCompatibilityUtils.setTaskDescription
03-02 10:14:39.294 W/dalvikvm(14687): VFY: unable to resolve new-instance 11 (Landroid/app/ActivityManager$TaskDescription;) in Lorg/chromium/base/ApiCompatibilityUtils;
03-02 10:14:39.294 D/dalvikvm(14687): VFY: replacing opcode 0x22 at 0x0006
03-02 10:14:39.294 W/Vold    (  164): Returning OperationFailed - no handler for errno 30
03-02 10:14:39.304 D/dalvikvm(14687): DexOpt: unable to opt direct call 0x001e at 0x08 in Lorg/chromium/base/ApiCompatibilityUtils;.setTaskDescription
03-02 10:14:39.304 I/chromium(14687): [INFO:xwalk_extension_renderer_controller.cc(47)] EXTENSION PROCESS DISABLED.
03-02 10:14:39.344 D/        (14687): Pixel Format : GGL_PIXEL_FORMAT_RGBA_8888
03-02 10:14:39.344 D/        (14687): droid_create_context : config id = 1 conf->NativeVisualID=1
03-02 10:14:39.344 D/        (14687): Pixel Format : GGL_PIXEL_FORMAT_RGBA_8888
03-02 10:14:39.344 I/        (14687): Requested context : GLES 2.0
03-02 10:14:39.364 D/        (14687): droid_create_context : config id = 5 conf->NativeVisualID=1
03-02 10:14:39.364 D/        (14687): Pixel Format : GGL_PIXEL_FORMAT_RGBA_8888
03-02 10:14:39.364 I/        (14687): Requested context : GLES 2.0
03-02 10:14:39.374 D/        (14687): Pixel Format : GGL_PIXEL_FORMAT_RGBA_8888
03-02 10:14:39.374 D/OpenGLRenderer(14687): Enabling debug mode 0
03-02 10:14:39.514 D/BatteryStatsImpl(  506): noteStopWakeLocked system isFromForeground = false
03-02 10:14:39.534 W/BindingManager(14687): Cannot call determinedVisibility() - never saw a connection for the pid: 14687
03-02 10:14:39.544 D/        (14687): Pixel Format : GGL_PIXEL_FORMAT_RGBA_8888
03-02 10:14:39.544 D/        (14687): droid_create_context : config id = 1 conf->NativeVisualID=1
03-02 10:14:39.544 D/        (14687): Pixel Format : GGL_PIXEL_FORMAT_RGBA_8888
03-02 10:14:39.544 I/        (14687): Requested context : GLES 2.0
03-02 10:14:39.544 D/XT9IME  (13333): new subtype :en_US ,keyboard
03-02 10:14:39.544 I/ActivityManager(  506): Displayed org.xwalk.webapi_noneservice_tests/.WebapiNoneserviceTestsActivity: +816ms
03-02 10:14:39.554 D/        (14687): Swap interval set to = 1 value
03-02 10:14:39.574 D/BatteryStatsImpl(  506): noteStopWakeLocked system isFromForeground = false
03-02 10:14:40.374 W/BindingManager(14687): Cannot call determinedVisibility() - never saw a connection for the pid: 14687
03-02 10:14:40.684 I/chromium(14687): [INFO:CONSOLE(0)] "Synchronous XMLHttpRequest on the main thread is deprecated because of its detrimental effects to the end user's experience. For more help, check http://xhr.spec.whatwg.org/.", source:  (0)
03-02 10:14:40.744 D/        (14687): Pixel Format : GGL_PIXEL_FORMAT_RGBA_8888
03-02 10:14:40.744 D/        (14687): droid_create_context : config id = 1 conf->NativeVisualID=1
03-02 10:14:40.744 D/        (14687): Pixel Format : GGL_PIXEL_FORMAT_RGBA_8888
03-02 10:14:40.744 I/        (14687): Requested context : GLES 2.0
03-02 10:14:42.024 D/        (14687): droid_create_context : config id = 1 conf->NativeVisualID=1
03-02 10:14:42.024 D/        (14687): Pixel Format : GGL_PIXEL_FORMAT_RGBA_8888
03-02 10:14:42.024 I/        (14687): Requested context : GLES 2.0
03-02 10:14:42.104 E/MediaResourceGetter(14687): File does not exist.
03-02 10:14:42.104 E/MediaResourceGetter(14687): Unable to configure metadata extractor
03-02 10:14:42.104 E/chromium(14687): [ERROR:webmediaplayer_android.cc(449)] Not implemented reached in virtual void content::WebMediaPlayerAndroid::setRate(double)
03-02 10:14:42.114 I/MediaFocusControl(  506):  AudioFocus  requestAudioFocus() from android.media.AudioManager@21efb618org.chromium.media.MediaPlayerListener@21f80220
03-02 10:14:42.164 I/SoftOMXPlugin(  187): Created OMXPlugin : OMX.Intel.mp3.decoder
03-02 10:14:42.174 E/MediaPlayer(14687): Should have subtitle controller already set
03-02 10:14:42.174 D/MediaPlayer(14687): getMetadata
03-02 10:14:42.734 I/MediaFocusControl(  506):  AudioFocus  abandonAudioFocus() from android.media.AudioManager@21efb618org.chromium.media.MediaPlayerListener@21f80220
03-02 10:14:42.764 W/BindingManager(14687): Cannot call determinedVisibility() - never saw a connection for the pid: 14687
03-02 10:14:43.054 E/AndroidProtocolHandler(14687): Unable to open asset URL: file:///android_asset/www//opt/tct-audio-html5-tests/audio/w3c/foo
03-02 10:14:43.174 E/MediaResourceGetter(14687): File does not exist.
03-02 10:14:43.174 E/MediaResourceGetter(14687): Unable to configure metadata extractor
03-02 10:14:43.184 E/chromium(14687): [ERROR:webmediaplayer_android.cc(449)] Not implemented reached in virtual void content::WebMediaPlayerAndroid::setRate(double)
03-02 10:14:43.184 I/MediaFocusControl(  506):  AudioFocus  requestAudioFocus() from android.media.AudioManager@21efb618org.chromium.media.MediaPlayerListener@21f8dbb8
03-02 10:14:43.194 I/SoftOMXPlugin(  187): Created OMXPlugin : OMX.Intel.mp3.decoder
03-02 10:14:43.204 E/MediaPlayer(14687): Should have subtitle controller already set
03-02 10:14:43.214 I/AudioPolicyManagerBase(  187): APM: getOutput
03-02 10:14:43.214 I/AudioPolicyManagerBase(  187): APM: getOutput
03-02 10:14:43.214 I/AudioPolicyManagerBase(  187): APM: getOutput
03-02 10:14:43.214 I/AudioPolicyManagerBase(  187): APM: getOutput
03-02 10:14:43.214 D/AudioPolicyManagerALSA(  187): startOutput() output 2, stream type 3, session 200
03-02 10:14:43.224 D/AudioHardwareALSA(  187): setStreamParameters: key value pair routing=2;stream_flags=2
03-02 10:14:43.224 D/RouteManager(  187): setOutputFlags: output flags = 0x2 (Prev Flags=0x2)
03-02 10:14:43.224 D/RouteManager(  187): setDevices: 0x2
03-02 10:14:43.224 D/RouteManager(  187): setDevices: 0x2
03-02 10:14:43.224 D/RouteManager(  187): setDevices: set device = IHF to output stream
03-02 10:14:43.224 D/RouteManager(  187): setStreamParameters: identical Platform State, do not reconsider routing
03-02 10:14:43.224 D/MediaPlayer(14687): getMetadata
03-02 10:14:43.244 D/AudioResamplerIA(  187): Create AudioResamplerIA Resampler: Input rate 22050, output rate 48000
03-02 10:14:43.244 D/PROPERTY(  187): get media.dump_output.befconv: 0
03-02 10:14:43.244 D/PROPERTY(  187): get media.dump_output.aftconv: 0
03-02 10:14:43.244 D/RouteManager(  187): startStream: {+++ RECONSIDER ROUTING +++} due to output stream start event
03-02 10:14:43.244 D/RouteManager(  187): reconsiderRouting
03-02 10:14:43.244 D/EVENT_THREAD(  187): void CEventThread::trig(uint16_t): in
03-02 10:14:43.244 D/EVENT_THREAD(  187): void CEventThread::trig(uint16_t): out
03-02 10:14:43.244 D/RouteManager(  187): doReconsiderRouting:       Platform State:
03-02 10:14:43.244 D/RouteManager(  187): doReconsiderRouting:          -Modem Alive = 0 
03-02 10:14:43.244 D/RouteManager(  187): doReconsiderRouting:          -Modem Call Active = 0 
03-02 10:14:43.244 D/RouteManager(  187): doReconsiderRouting:          -Is Shared I2S glitch free=1 
03-02 10:14:43.244 D/RouteManager(  187): doReconsiderRouting:          -Android Telephony Mode = Normal 
03-02 10:14:43.244 D/RouteManager(  187): doReconsiderRouting:          -RTE MGR HW Mode = Normal 
03-02 10:14:43.244 D/RouteManager(  187): doReconsiderRouting:          -BT Enabled = 1 
03-02 10:14:43.244 D/RouteManager(  187): doReconsiderRouting:          -BT NREC = 0 
03-02 10:14:43.244 D/RouteManager(  187): doReconsiderRouting:          -BT Band = NB 
03-02 10:14:43.244 D/RouteManager(  187): doReconsiderRouting:          -Platform output device = IHF 
03-02 10:14:43.244 D/RouteManager(  187): doReconsiderRouting:          -Platform input device = <none> 
03-02 10:14:43.244 D/RouteManager(  187): doReconsiderRouting:          -Platform input source = None 
03-02 10:14:43.244 D/RouteManager(  187): doReconsiderRouting:          -Platform Band type = NB 
03-02 10:14:43.244 D/RouteManager(  187): doReconsiderRouting:          -Platform Has Direct Stream = no 
03-02 10:14:43.244 D/RouteManager(  187): doReconsiderRouting:          -Platform TTY direction = <none> 
03-02 10:14:43.244 D/RouteManager(  187): doReconsiderRouting:          -Platform HAC Mode = Off 
03-02 10:14:43.244 D/RouteManager(  187): doReconsiderRouting:          -Platform Screen State = On 
03-02 10:14:43.244 D/RouteManager(  187): doReconsiderRouting:          -Platform Context Awareness = false 
03-02 10:14:43.244 D/RouteManager(  187): doReconsiderRouting:          -Platform Always Listening = false 
03-02 10:14:43.244 D/RouteManager(  187): doReconsiderRouting:          -Platform FM State = Off 
03-02 10:14:43.244 D/RouteManager(  187): doReconsiderRouting:          -Platform Bypass Non Linear PP State = Off 
03-02 10:14:43.244 D/RouteManager(  187): doReconsiderRouting:          -Platform Bypass Linear PP State = Off 
03-02 10:14:43.244 D/RouteManager(  187): doReconsiderRouting:          -Platform MicMute = Off 
03-02 10:14:43.244 D/RouteManager(  187): doReconsiderRouting:      Route state:
03-02 10:14:43.244 D/RouteManager(  187): doReconsiderRouting:          -Previously Enabled Route in Input = <none>
03-02 10:14:43.244 D/RouteManager(  187): doReconsiderRouting:          -Previously Enabled Route in Output = <none>
03-02 10:14:43.244 D/RouteManager(  187): doReconsiderRouting:          -Selected Route in Input = <none>
03-02 10:14:43.244 D/RouteManager(  187): doReconsiderRouting:          -Selected Route in Output = Media|HwCodecMedia
03-02 10:14:43.244 D/RouteManager(  187): doReconsiderRouting:          -Route that need reconfiguration in Input = <none>
03-02 10:14:43.244 D/RouteManager(  187): doReconsiderRouting:          -Route that need reconfiguration in Output = <none>
03-02 10:14:43.244 D/RouteManager(  187): executeMuteStage: --------------- Routing Stage = Mute ---------------
03-02 10:14:43.244 D/RouteManager(  187): parameter-framework: Selection criterion changed event: Criterion name: RoutageState, current state: Flow
03-02 10:14:43.244 D/RouteManager(  187): parameter-framework: Configuration application request {
03-02 10:14:43.244 D/RouteManager(  187): parameter-framework:     Applying configurations {
03-02 10:14:43.244 D/RouteManager(  187): parameter-framework:     } Applying configurations
03-02 10:14:43.244 D/RouteManager(  187): parameter-framework: } Configuration application request
03-02 10:14:43.244 D/RouteManager(  187): executeDisableStage: --------------- Routing Stage = Disable ---------------
03-02 10:14:43.244 D/RouteManager(  187): parameter-framework: Selection criterion changed event: Criterion name: RoutageState, current state: Path
03-02 10:14:43.244 D/RouteManager(  187): parameter-framework: Configuration application request {
03-02 10:14:43.244 D/RouteManager(  187): parameter-framework:     Applying configurations {
03-02 10:14:43.244 D/RouteManager(  187): parameter-framework:     } Applying configurations
03-02 10:14:43.244 D/RouteManager(  187): parameter-framework: } Configuration application request
03-02 10:14:43.244 D/RouteManager(  187): executeConfigureStage: --------------- Routing Stage = Configure ---------------
03-02 10:14:43.244 D/RouteManager(  187): parameter-framework: Selection criterion changed event: Criterion name: RoutageState, current state: Configure
03-02 10:14:43.244 D/RouteManager(  187): parameter-framework: Selection criterion changed event: Criterion name: OpenedPlaybackRoutes, current state: Media|HwCodecMedia
03-02 10:14:43.244 D/RouteManager(  187): parameter-framework: Configuration application request {
03-02 10:14:43.244 D/RouteManager(  187): parameter-framework:     Applying configurations {
03-02 10:14:43.244 D/RouteManager(  187): parameter-framework:         Applying configuration "Activated" from domain "Routing.Configure.LPE_Mixer.IHF"
03-02 10:14:43.274 D/RouteManager(  187): parameter-framework:     } Applying configurations
03-02 10:14:43.274 D/RouteManager(  187): parameter-framework: } Configuration application request
03-02 10:14:43.274 D/RouteManager(  187): executeEnableStage: --------------- Routing Stage = Enable ---------------
03-02 10:14:43.274 D/RouteManager(  187): parameter-framework: Selection criterion changed event: Criterion name: RoutageState, current state: Path|Configure
03-02 10:14:43.274 D/RouteManager(  187): doEnableRoutes: Routes to be enabled(routed) in Output = Media|HwCodecMedia
03-02 10:14:43.274 D/RouteManager(  187): parameter-framework: Configuration application request {
03-02 10:14:43.274 D/RouteManager(  187): parameter-framework:     Applying configurations {
03-02 10:14:43.274 D/RouteManager(  187): parameter-framework:         Applying configuration "Enable" from domain "Routing.Enable.HWCodec.Playback.IHF"
03-02 10:14:43.274 D/RouteManager(  187): parameter-framework:         Applying configuration "Enable" from domain "Routing.Enable.HWCodec.Playback.Multimedia.IHF"
03-02 10:14:43.274 D/RouteManager(  187): parameter-framework:         Applying configuration "Enable" from domain "Routing.Enable.HWCodec.Playback.Multimedia.Playback"
03-02 10:14:43.284 D/RouteManager(  187): parameter-framework:     } Applying configurations
03-02 10:14:43.284 D/RouteManager(  187): parameter-framework: } Configuration application request
03-02 10:14:43.284 D/RouteManager(  187): doEnableRoutes: Routes to be enabled(routed) in Output = Media|HwCodecMedia
03-02 10:14:43.284 D/RouteManager/StreamRoute(  187): openPcmDevice called for card (baytrailaudio,0)
03-02 10:14:43.284 D/RouteManager/StreamRoute(  187): openPcmDevice		 config=rate(48000), format(0), channels(2))
03-02 10:14:43.284 D/RouteManager/StreamRoute(  187): openPcmDevice		 period_size=1152, period_count=4
03-02 10:14:43.284 D/RouteManager/StreamRoute(  187): openPcmDevice		 startTh=4607, stop Th=4608 silence Th=0
03-02 10:14:43.374 D/ALSAStreamOps(  187): attachRouteL output stream
03-02 10:14:43.374 D/AudioConversion(  187): configure: no convertion required
03-02 10:14:43.374 D/RouteManager(  187): executeUnmuteStage: --------------- Routing Stage = Unmute ---------------
03-02 10:14:43.374 D/RouteManager(  187): parameter-framework: Selection criterion changed event: Criterion name: RoutageState, current state: Flow|Path|Configure
03-02 10:14:43.374 D/RouteManager(  187): parameter-framework: Configuration application request {
03-02 10:14:43.374 D/RouteManager(  187): parameter-framework:     Applying configurations {
03-02 10:14:43.384 D/RouteManager(  187): parameter-framework:     } Applying configurations
03-02 10:14:43.384 D/RouteManager(  187): parameter-framework: } Configuration application request
03-02 10:14:43.384 D/RouteManager(  187): reconsiderRouting: DONE
03-02 10:14:43.384 D/EVENT_THREAD(  187): void CEventThread::run() Do poll with timeout: -1
03-02 10:14:43.754 I/MediaFocusControl(  506):  AudioFocus  abandonAudioFocus() from android.media.AudioManager@21efb618org.chromium.media.MediaPlayerListener@21f8dbb8
03-02 10:14:43.774 W/BindingManager(14687): Cannot call determinedVisibility() - never saw a connection for the pid: 14687
03-02 10:14:44.014 E/MediaResourceGetter(14687): File does not exist.
03-02 10:14:44.014 E/MediaResourceGetter(14687): Unable to configure metadata extractor
03-02 10:14:44.024 E/chromium(14687): [ERROR:webmediaplayer_android.cc(449)] Not implemented reached in virtual void content::WebMediaPlayerAndroid::setRate(double)
03-02 10:14:44.034 I/MediaFocusControl(  506):  AudioFocus  requestAudioFocus() from android.media.AudioManager@21efb618org.chromium.media.MediaPlayerListener@21f8c7e8
03-02 10:14:44.044 I/SoftOMXPlugin(  187): Created OMXPlugin : OMX.Intel.mp3.decoder
03-02 10:14:44.044 E/MediaPlayer(14687): Should have subtitle controller already set
03-02 10:14:44.044 I/AudioPolicyManagerBase(  187): APM: getOutput
03-02 10:14:44.044 I/AudioPolicyManagerBase(  187): APM: getOutput
03-02 10:14:44.044 I/AudioPolicyManagerBase(  187): APM: getOutput
03-02 10:14:44.044 I/AudioPolicyManagerBase(  187): APM: getOutput
03-02 10:14:44.044 D/AudioPolicyManagerALSA(  187): startOutput() output 2, stream type 3, session 201
03-02 10:14:44.054 D/AudioHardwareALSA(  187): setStreamParameters: key value pair routing=2;stream_flags=2
03-02 10:14:44.054 D/RouteManager(  187): setOutputFlags: output flags = 0x2 (Prev Flags=0x2)
03-02 10:14:44.054 D/RouteManager(  187): setDevices: 0x2
03-02 10:14:44.054 D/RouteManager(  187): setDevices: 0x2
03-02 10:14:44.054 D/RouteManager(  187): setDevices: set device = IHF to output stream
03-02 10:14:44.054 D/RouteManager(  187): setStreamParameters: identical Platform State, do not reconsider routing
03-02 10:14:44.054 D/MediaPlayer(14687): getMetadata
03-02 10:14:44.064 D/AudioResamplerIA(  187): Create AudioResamplerIA Resampler: Input rate 22050, output rate 48000
03-02 10:14:44.644 I/MediaFocusControl(  506):  AudioFocus  abandonAudioFocus() from android.media.AudioManager@21efb618org.chromium.media.MediaPlayerListener@21f8c7e8
03-02 10:14:44.664 W/BindingManager(14687): Cannot call determinedVisibility() - never saw a connection for the pid: 14687
03-02 10:14:44.694 E/MediaResourceGetter(14687): File does not exist.
03-02 10:14:44.694 E/MediaResourceGetter(14687): Unable to configure metadata extractor
03-02 10:14:44.704 E/chromium(14687): [ERROR:webmediaplayer_android.cc(449)] Not implemented reached in virtual void content::WebMediaPlayerAndroid::setRate(double)
03-02 10:14:44.704 I/MediaFocusControl(  506):  AudioFocus  requestAudioFocus() from android.media.AudioManager@21efb618org.chromium.media.MediaPlayerListener@21f9ad08
03-02 10:14:44.714 I/SoftOMXPlugin(  187): Created OMXPlugin : OMX.Intel.mp3.decoder
03-02 10:14:44.714 E/MediaPlayer(14687): Should have subtitle controller already set
03-02 10:14:44.714 I/AudioPolicyManagerBase(  187): APM: getOutput
03-02 10:14:44.714 I/AudioPolicyManagerBase(  187): APM: getOutput
03-02 10:14:44.714 I/AudioPolicyManagerBase(  187): APM: getOutput
03-02 10:14:44.714 I/AudioPolicyManagerBase(  187): APM: getOutput
03-02 10:14:44.714 D/AudioPolicyManagerALSA(  187): startOutput() output 2, stream type 3, session 202
03-02 10:14:44.724 D/AudioHardwareALSA(  187): setStreamParameters: key value pair routing=2;stream_flags=2
03-02 10:14:44.724 D/RouteManager(  187): setOutputFlags: output flags = 0x2 (Prev Flags=0x2)
03-02 10:14:44.724 D/RouteManager(  187): setDevices: 0x2
03-02 10:14:44.724 D/RouteManager(  187): setDevices: 0x2
03-02 10:14:44.724 D/RouteManager(  187): setDevices: set device = IHF to output stream
03-02 10:14:44.724 D/RouteManager(  187): setStreamParameters: identical Platform State, do not reconsider routing
03-02 10:14:44.724 D/MediaPlayer(14687): getMetadata
03-02 10:14:44.734 D/AudioResamplerIA(  187): Create AudioResamplerIA Resampler: Input rate 22050, output rate 48000
03-02 10:14:47.804 I/MediaFocusControl(  506):  AudioFocus  abandonAudioFocus() from android.media.AudioManager@21efb618org.chromium.media.MediaPlayerListener@21f9ad08
03-02 10:14:47.844 W/BindingManager(14687): Cannot call determinedVisibility() - never saw a connection for the pid: 14687
03-02 10:14:47.874 E/MediaResourceGetter(14687): File does not exist.
03-02 10:14:47.874 E/MediaResourceGetter(14687): Unable to configure metadata extractor
03-02 10:14:47.894 E/chromium(14687): [ERROR:webmediaplayer_android.cc(449)] Not implemented reached in virtual void content::WebMediaPlayerAndroid::setRate(double)
03-02 10:14:47.894 I/MediaFocusControl(  506):  AudioFocus  requestAudioFocus() from android.media.AudioManager@21efb618org.chromium.media.MediaPlayerListener@21f9f8e0
03-02 10:14:47.904 I/SoftOMXPlugin(  187): Created OMXPlugin : OMX.Intel.mp3.decoder
03-02 10:14:47.904 E/MediaPlayer(14687): Should have subtitle controller already set
03-02 10:14:47.904 I/AudioPolicyManagerBase(  187): APM: getOutput
03-02 10:14:47.904 I/AudioPolicyManagerBase(  187): APM: getOutput
03-02 10:14:47.904 I/AudioPolicyManagerBase(  187): APM: getOutput
03-02 10:14:47.904 I/AudioPolicyManagerBase(  187): APM: getOutput
03-02 10:14:47.904 D/AudioPolicyManagerALSA(  187): startOutput() output 2, stream type 3, session 203
03-02 10:14:47.904 D/MediaPlayer(14687): getMetadata
03-02 10:14:47.904 D/AudioResamplerIA(  187): Create AudioResamplerIA Resampler: Input rate 22050, output rate 48000
03-02 10:14:48.474 I/MediaFocusControl(  506):  AudioFocus  abandonAudioFocus() from android.media.AudioManager@21efb618org.chromium.media.MediaPlayerListener@21f9f8e0
03-02 10:14:48.514 W/BindingManager(14687): Cannot call determinedVisibility() - never saw a connection for the pid: 14687
03-02 10:14:48.554 E/MediaResourceGetter(14687): File does not exist.
03-02 10:14:48.554 E/MediaResourceGetter(14687): Unable to configure metadata extractor
03-02 10:14:48.684 E/MediaResourceGetter(14687): File does not exist.
03-02 10:14:48.684 E/MediaResourceGetter(14687): Unable to configure metadata extractor
03-02 10:14:48.694 E/chromium(14687): [ERROR:webmediaplayer_android.cc(449)] Not implemented reached in virtual void content::WebMediaPlayerAndroid::setRate(double)
03-02 10:14:48.694 I/MediaFocusControl(  506):  AudioFocus  requestAudioFocus() from android.media.AudioManager@21efb618org.chromium.media.MediaPlayerListener@21fa8048
03-02 10:14:48.704 I/SoftOMXPlugin(  187): Created OMXPlugin : OMX.Intel.mp3.decoder
03-02 10:14:48.704 E/MediaPlayer(14687): Should have subtitle controller already set
03-02 10:14:48.704 I/AudioPolicyManagerBase(  187): APM: getOutput
03-02 10:14:48.704 I/AudioPolicyManagerBase(  187): APM: getOutput
