03-02 13:20:11.604 D/wpa_supplicant(  659): wlan0: 22: c0:c1:c0:76:81:3c ssid='E2000' wpa_ie_len=0 rsn_ie_len=0 caps=0x401 level=-57 wps
03-02 13:20:11.604 D/wpa_supplicant(  659): wlan0:    skip - SSID mismatch
03-02 13:20:11.604 D/wpa_supplicant(  659): wlan0: 23: 50:bd:5f:4b:29:92 ssid='Internet-2' wpa_ie_len=0 rsn_ie_len=0 caps=0x421 level=-65
03-02 13:20:11.604 D/wpa_supplicant(  659): wlan0:    skip - SSID mismatch
03-02 13:20:11.604 D/wpa_supplicant(  659): wlan0: 24: e4:d3:32:dd:18:62 ssid='Internet' wpa_ie_len=0 rsn_ie_len=0 caps=0x421 level=-74
03-02 13:20:11.604 D/wpa_supplicant(  659): wlan0:    skip - SSID mismatch
03-02 13:20:11.604 D/wpa_supplicant(  659): wlan0: 25: 00:25:86:5c:5e:30 ssid='internet' wpa_ie_len=0 rsn_ie_len=0 caps=0x421 level=-81
03-02 13:20:11.604 D/wpa_supplicant(  659): wlan0:    skip - SSID mismatch
03-02 13:20:11.604 D/wpa_supplicant(  659): wlan0: No suitable network found
03-02 13:20:11.604 D/wpa_supplicant(  659): wlan0: Setting scan request: 40 sec 0 usec
03-02 13:20:11.604 D/wpa_supplicant(  659): wlan0: Checking for other virtual interfaces sharing same radio (phy0) in event_scan_results
03-02 13:20:11.604 D/wpa_supplicant(  659): p2p-dev-wlan0: Updating scan results from sibling
03-02 13:20:11.604 D/wpa_supplicant(  659): nl80211: Received scan results (27 BSSes)
03-02 13:20:11.604 D/wpa_supplicant(  659): nl80211: Survey data missing
03-02 13:20:11.604 D/wpa_supplicant(  659): p2p-dev-wlan0: BSS: Start scan result update 446
03-02 13:20:11.604 D/wpa_supplicant(  659): BSS: No P2P IE - skipping BSS 44:94:fc:3d:da:38 update for P2P interface
03-02 13:20:11.604 D/wpa_supplicant(  659): BSS: No P2P IE - skipping BSS c8:d7:19:60:62:f2 update for P2P interface
03-02 13:20:11.604 D/wpa_supplicant(  659): BSS: No P2P IE - skipping BSS cc:34:29:2b:26:4c update for P2P interface
03-02 13:20:11.604 D/wpa_supplicant(  659): BSS: No P2P IE - skipping BSS f8:d1:11:e7:99:e8 update for P2P interface
03-02 13:20:11.604 D/wpa_supplicant(  659): BSS: No P2P IE - skipping BSS 10:c3:7b:d2:e5:e0 update for P2P interface
03-02 13:20:11.604 D/wpa_supplicant(  659): BSS: No P2P IE - skipping BSS 90:94:e4:03:45:f5 update for P2P interface
03-02 13:20:11.604 D/wpa_supplicant(  659): BSS: No P2P IE - skipping BSS cc:b2:55:e2:84:70 update for P2P interface
03-02 13:20:11.604 D/wpa_supplicant(  659): BSS: No P2P IE - skipping BSS c4:17:fe:3f:4f:fb update for P2P interface
03-02 13:20:11.604 D/wpa_supplicant(  659): BSS: No P2P IE - skipping BSS 98:fc:11:81:35:fb update for P2P interface
03-02 13:20:11.604 D/wpa_supplicant(  659): BSS: No P2P IE - skipping BSS cc:34:29:2c:fb:ec update for P2P interface
03-02 13:20:11.604 D/wpa_supplicant(  659): BSS: No P2P IE - skipping BSS e4:d3:32:c0:cf:a4 update for P2P interface
03-02 13:20:11.604 D/wpa_supplicant(  659): BSS: No P2P IE - skipping BSS 14:d6:4d:28:ef:c8 update for P2P interface
03-02 13:20:11.604 D/wpa_supplicant(  659): BSS: No P2P IE - skipping BSS e4:d3:32:36:2e:54 update for P2P interface
03-02 13:20:11.604 D/wpa_supplicant(  659): BSS: No P2P IE - skipping BSS 1c:65:9d:e8:79:44 update for P2P interface
03-02 13:20:11.604 D/wpa_supplicant(  659): BSS: No P2P IE - skipping BSS 22:48:9a:ac:31:7f update for P2P interface
03-02 13:20:11.604 D/wpa_supplicant(  659): BSS: No P2P IE - skipping BSS 02:1a:11:f3:82:d3 update for P2P interface
03-02 13:20:11.604 D/wpa_supplicant(  659): BSS: No P2P IE - skipping BSS c0:a0:bb:20:3b:84 update for P2P interface
03-02 13:20:11.604 D/wpa_supplicant(  659): BSS: No P2P IE - skipping BSS 18:dc:56:b2:b6:3d update for P2P interface
03-02 13:20:11.604 D/wpa_supplicant(  659): BSS: No P2P IE - skipping BSS e4:d3:32:db:f6:03 update for P2P interface
03-02 13:20:11.604 D/wpa_supplicant(  659): BSS: No P2P IE - skipping BSS 2c:b0:5d:7f:f4:24 update for P2P interface
03-02 13:20:11.604 D/wpa_supplicant(  659): BSS: No P2P IE - skipping BSS 8c:be:be:1e:65:2a update for P2P interface
03-02 13:20:11.604 D/wpa_supplicant(  659): BSS: No P2P IE - skipping BSS 7a:24:af:24:0f:48 update for P2P interface
03-02 13:20:11.604 D/wpa_supplicant(  659): BSS: No P2P IE - skipping BSS c0:c1:c0:76:81:3c update for P2P interface
03-02 13:20:11.604 D/wpa_supplicant(  659): BSS: No P2P IE - skipping BSS 50:bd:5f:4b:29:92 update for P2P interface
03-02 13:20:11.604 D/wpa_supplicant(  659): BSS: No P2P IE - skipping BSS e4:d3:32:dd:18:62 update for P2P interface
03-02 13:20:11.604 D/wpa_supplicant(  659): BSS: No P2P IE - skipping BSS 00:25:86:5c:5e:30 update for P2P interface
03-02 13:20:11.604 D/wpa_supplicant(  659): BSS: last_scan_res_used=0/32 last_scan_full=0
03-02 13:20:11.604 D/wpa_supplicant(  659): p2p-dev-wlan0: New scan results available
03-02 13:20:11.604 D/wpa_supplicant(  659): CTRL_IFACE monitor send - hexdump(len=39): 2f 64 61 74 61 2f 6d 69 73 63 2f 77 69 66 69 2f 73 6f 63 6b 65 74 73 2f 77 70 61 5f 63 74 72 6c ...
03-02 13:20:11.604 D/wpa_supplicant(  659): WPS: AP[0] c8:d7:19:60:62:f2 type=0 tries=0 last_attempt=-1 sec ago blacklist=0
03-02 13:20:11.604 D/wpa_supplicant(  659): WPS: AP[1] f8:d1:11:e7:99:e8 type=0 tries=0 last_attempt=-1 sec ago blacklist=0
03-02 13:20:11.604 I/WifiHW  (  506): EVENT: IFNAME=p2p-dev-wlan0 CTRL-EVENT-SCAN-RESULTS 
03-02 13:20:11.604 D/wpa_supplicant(  659): WPS: AP[2] cc:34:29:2c:fb:ec type=0 tries=0 last_attempt=-1 sec ago blacklist=0
03-02 13:20:11.604 D/wpa_supplicant(  659): WPS: AP[3] 10:c3:7b:d2:e5:e0 type=0 tries=0 last_attempt=-1 sec ago blacklist=0
03-02 13:20:11.604 D/wpa_supplicant(  659): WPS: AP[4] cc:34:29:2b:26:4c type=0 tries=0 last_attempt=-1 sec ago blacklist=0
03-02 13:20:11.604 D/wpa_supplicant(  659): WPS: AP[5] 44:94:fc:3d:da:38 type=0 tries=0 last_attempt=-1 sec ago blacklist=0
03-02 13:20:11.604 D/wpa_supplicant(  659): WPS: AP[6] b0:48:7a:51:ff:cc type=0 tries=0 last_attempt=-1 sec ago blacklist=0
03-02 13:20:11.604 D/wpa_supplicant(  659): WPS: AP[7] c0:c1:c0:76:81:3c type=0 tries=0 last_attempt=-1 sec ago blacklist=0
03-02 13:20:11.604 D/wpa_supplicant(  659): WPS: AP[8] 10:9f:a9:dc:b1:fc type=0 tries=0 last_attempt=-1 sec ago blacklist=0
03-02 13:20:11.604 D/wpa_supplicant(  659): WPS: AP[9] 98:fc:11:81:35:fb type=0 tries=0 last_attempt=-1 sec ago blacklist=0
03-02 13:20:11.604 D/wpa_supplicant(  659): WPS: AP[10] e4:d3:32:36:2e:54 type=0 tries=0 last_attempt=-1 sec ago blacklist=0
03-02 13:20:11.604 D/wpa_supplicant(  659): WPS: AP[11] c0:a0:bb:20:3b:84 type=0 tries=0 last_attempt=-1 sec ago blacklist=0
03-02 13:20:11.604 D/wpa_supplicant(  659): WPS: AP[12] 14:d6:4d:28:ef:c8 type=0 tries=0 last_attempt=-1 sec ago blacklist=0
03-02 13:20:11.604 D/wpa_supplicant(  659): WPS: AP[13] 2c:b0:5d:7f:f4:24 type=0 tries=0 last_attempt=-1 sec ago blacklist=0
03-02 13:20:11.604 D/wpa_supplicant(  659): WPS: AP[14] 9c:21:6a:0d:eb:72 type=0 tries=0 last_attempt=-1 sec ago blacklist=0
03-02 13:20:11.604 D/wpa_supplicant(  659): WPS: AP[15] 28:2c:b2:44:e4:00 type=0 tries=0 last_attempt=-1 sec ago blacklist=0
03-02 13:20:11.604 D/wpa_supplicant(  659): WPS: AP[16] 78:a1:06:55:fe:30 type=0 tries=0 last_attempt=-1 sec ago blacklist=0
03-02 13:20:11.604 D/wpa_supplicant(  659): WPS: AP[17] c0:61:18:21:8c:ce type=0 tries=0 last_attempt=-1 sec ago blacklist=0
03-02 13:20:11.604 D/wpa_supplicant(  659): WPS: AP[18] 78:54:2e:f5:fb:9e type=0 tries=0 last_attempt=-1 sec ago blacklist=0
03-02 13:20:11.604 D/wpa_supplicant(  659): WPS: AP[19] a8:15:4d:13:9a:08 type=0 tries=0 last_attempt=-1 sec ago blacklist=0
03-02 13:20:11.604 D/wpa_supplicant(  659): WPS: AP[20] 20:dc:e6:3f:eb:f2 type=0 tries=0 last_attempt=-1 sec ago blacklist=0
03-02 13:20:11.604 D/wpa_supplicant(  659): WPS: AP[21] 6c:e8:73:29:30:22 type=0 tries=0 last_attempt=-1 sec ago blacklist=0
03-02 13:20:11.604 D/wpa_supplicant(  659): WPS: AP[22] 14:e6:e4:b8:85:76 type=0 tries=0 last_attempt=-1 sec ago blacklist=0
03-02 13:20:11.604 D/wpa_supplicant(  659): WPS: AP[23] 64:09:80:1e:91:78 type=0 tries=0 last_attempt=-1 sec ago blacklist=0
03-02 13:20:11.604 D/wpa_supplicant(  659): WPS: AP[24] ec:88:8f:6a:0c:a8 type=0 tries=0 last_attempt=-1 sec ago blacklist=0
03-02 13:20:11.604 D/wpa_supplicant(  659): WPS: AP[25] d0:15:4a:15:5d:1a type=0 tries=0 last_attempt=-1 sec ago blacklist=0
03-02 13:20:11.604 D/wpa_supplicant(  659): WPS: AP[26] 1c:fa:68:11:5a:b6 type=0 tries=0 last_attempt=-1 sec ago blacklist=0
03-02 13:20:11.604 D/wpa_supplicant(  659): WPS: AP[27] 8c:be:be:26:4b:8b type=0 tries=0 last_attempt=-1 sec ago blacklist=0
03-02 13:20:11.604 D/wpa_supplicant(  659): WPS: AP[28] 64:09:80:15:31:84 type=0 tries=0 last_attempt=-1 sec ago blacklist=0
03-02 13:20:11.604 D/wpa_supplicant(  659): WPS: AP[29] bc:d1:77:f3:0b:28 type=0 tries=0 last_attempt=-1 sec ago blacklist=0
03-02 13:20:11.604 D/wpa_supplicant(  659): WPS: AP[30] c0:61:18:4e:07:fc type=0 tries=0 last_attempt=-1 sec ago blacklist=0
03-02 13:20:11.604 D/wpa_supplicant(  659): WPS: AP[31] f4:ec:38:6d:cf:d6 type=0 tries=0 last_attempt=-1 sec ago blacklist=0
03-02 13:20:11.604 D/wpa_supplicant(  659): WPS: AP[32] e4:d3:32:0a:fb:34 type=0 tries=0 last_attempt=-1 sec ago blacklist=0
03-02 13:20:11.604 D/wpa_supplicant(  659): WPS: AP[33] 8c:be:be:28:2d:f8 type=0 tries=0 last_attempt=-1 sec ago blacklist=0
03-02 13:20:11.604 D/wpa_supplicant(  659): WPS: AP[34] d8:15:0d:c4:57:de type=0 tries=0 last_attempt=-1 sec ago blacklist=0
03-02 13:20:11.604 D/wpa_supplicant(  659): WPS: AP[35] 40:16:9f:9b:64:fa type=0 tries=0 last_attempt=-1 sec ago blacklist=0
03-02 13:20:11.604 D/wpa_supplicant(  659): WPS: AP[36] ec:1a:59:0b:f4:8c type=0 tries=0 last_attempt=-1 sec ago blacklist=0
03-02 13:20:11.604 D/wpa_supplicant(  659): WPS: AP[37] 66:09:80:d9:a2:5d type=0 tries=0 last_attempt=-1 sec ago blacklist=0
03-02 13:20:11.604 D/wpa_supplicant(  659): WPS: AP[38] 7a:ff:57:00:13:8e type=0 tries=0 last_attempt=-1 sec ago blacklist=0
03-02 13:20:11.604 D/wpa_supplicant(  659): p2p-dev-wlan0: No suitable network found
03-02 13:20:11.604 D/wpa_supplicant(  659): p2p-dev-wlan0: Short-circuit new scan request since there are no enabled networks
03-02 13:20:11.604 D/wpa_supplicant(  659): p2p-dev-wlan0: State: INACTIVE -> INACTIVE
03-02 13:20:11.604 D/wpa_supplicant(  659): wlan0: P2P: Station mode scan operation not pending anymore (sta_scan_pending=0 p2p_cb_on_scan_complete=0)
03-02 13:20:11.604 D/wpa_supplicant(  659): RTM_NEWLINK: operstate=0 ifi_flags=0x11003 ([UP][LOWER_UP])
03-02 13:20:11.604 D/wpa_supplicant(  659): RTM_NEWLINK, IFLA_IFNAME: Interface 'wlan0' added
03-02 13:20:11.604 D/wpa_supplicant(  659): nl80211: if_removed already cleared - ignore event
03-02 13:20:11.614 I/WifiHW  (  506): CMD: IFNAME=wlan0 BSS RANGE=0- MASK=0x21987
03-02 13:20:11.614 D/wpa_supplicant(  659): RX ctrl_iface - hexdump(len=25): 42 53 53 20 52 41 4e 47 45 3d 30 2d 20 4d 41 53 4b 3d 30 78 32 31 39 38 37
03-02 13:20:11.614 D/wpa_supplicant(  659): wlan0: Control interface command 'BSS RANGE=0- MASK=0x21987'
03-02 13:20:11.614 I/WifiHW  (  506): REPLY: id=1255
03-02 13:20:11.614 I/WifiHW  (  506): REPLY: bssid=c8:d7:19:60:62:f2
03-02 13:20:11.614 I/WifiHW  (  506): REPLY: freq=2437
03-02 13:20:11.614 I/WifiHW  (  506): REPLY: level=-51
03-02 13:20:11.614 I/WifiHW  (  506): REPLY: tsf=0000186333401619
03-02 13:20:11.614 I/WifiHW  (  506): REPLY: flags=[WPA2-EAP-CCMP-preauth][ESS]
03-02 13:20:11.614 I/WifiHW  (  506): REPLY: ssid=E3000-2.4G
03-02 13:20:11.614 I/WifiHW  (  506): REPLY: ====
03-02 13:20:11.614 I/WifiHW  (  506): REPLY: id=1256
03-02 13:20:11.614 I/WifiHW  (  506): REPLY: bssid=44:94:fc:3d:da:38
03-02 13:20:11.614 I/WifiHW  (  506): REPLY: freq=2462
03-02 13:20:11.614 I/WifiHW  (  506): REPLY: level=-44
03-02 13:20:11.614 I/WifiHW  (  506): REPLY: tsf=0000186333401661
03-02 13:20:11.614 I/WifiHW  (  506): REPLY: flags=[WPA2-EAP-CCMP-preauth][WPS][ESS]
03-02 13:20:11.614 I/WifiHW  (  506): REPLY: ssid=6300
03-02 13:20:11.614 I/WifiHW  (  506): REPLY: ====
03-02 13:20:11.614 I/WifiHW  (  506): REPLY: id=1257
03-02 13:20:11.614 I/WifiHW  (  506): REPLY: bssid=f8:d1:11:e7:99:e8
03-02 13:20:11.614 I/WifiHW  (  506): REPLY: freq=2437
03-02 13:20:11.614 I/WifiHW  (  506): REPLY: level=-53
03-02 13:20:11.614 I/WifiHW  (  506): REPLY: tsf=0000186333401629
03-02 13:20:11.614 I/WifiHW  (  506): REPLY: flags=[WPA-PSK-CCMP][WPA2-PSK-CCMP][WPS][ESS]
03-02 13:20:11.614 I/WifiHW  (  506): REPLY: ssid=videotest
03-02 13:20:11.614 I/WifiHW  (  506): REPLY: ====
03-02 13:20:11.614 I/WifiHW  (  506): REPLY: id=1258
03-02 13:20:11.614 I/WifiHW  (  506): REPLY: bssid=10:c3:7b:d2:e5:e0
03-02 13:20:11.614 I/WifiHW  (  506): REPLY: freq=2462
03-02 13:20:11.614 I/WifiHW  (  506): REPLY: level=-55
03-02 13:20:11.614 I/WifiHW  (  506): REPLY: tsf=0000186333401663
03-02 13:20:11.614 I/WifiHW  (  506): REPLY: flags=[WPA2-PSK-CCMP][WPS][ESS]
03-02 13:20:11.614 I/WifiHW  (  506): REPLY: ssid=ASUS_RT-AC66U-2.4G
03-02 13:20:11.614 I/WifiHW  (  506): REPLY: ====
03-02 13:20:11.614 I/WifiHW  (  506): REPLY: id=1259
03-02 13:20:11.614 I/WifiHW  (  506): REPLY: bssid=cc:34:29:2c:fb:ec
03-02 13:20:11.614 I/WifiHW  (  506): REPLY: freq=2412
03-02 13:20:11.614 I/WifiHW  (  506): REPLY: level=-66
03-02 13:20:11.614 I/WifiHW  (  506): REPLY: tsf=0000186333401601
03-02 13:20:11.614 I/WifiHW  (  506): REPLY: flags=[WPA-PSK-CCMP][WPA2-PSK-CCMP][WPS][ESS]
03-02 13:20:11.614 I/WifiHW  (  506): REPLY: ssid=linksys
03-02 13:20:11.614 I/WifiHW  (  506): REPLY: ====
03-02 13:20:11.614 I/WifiHW  (  506): REPLY: id=1260
03-02 13:20:11.614 I/WifiHW  (  506): REPLY: bssid=98:fc:11:81:35:fb
03-02 13:20:11.614 I/WifiHW  (  506): REPLY: freq=2412
03-02 13:20:11.614 I/WifiHW  (  506): REPLY: level=-65
03-02 13:20:11.614 I/WifiHW  (  506): REPLY: tsf=0000186333401604
03-02 13:20:11.614 I/WifiHW  (  506): REPLY: flags=[WPA2-PSK-CCMP][WPS][ESS]
03-02 13:20:11.614 I/WifiHW  (  506): REPLY: ssid=E2000EE
03-02 13:20:11.614 I/WifiHW  (  506): REPLY: ====
03-02 13:20:11.614 I/WifiHW  (  506): REPLY: id=1261
03-02 13:20:11.614 I/WifiHW  (  506): REPLY: bssid=c4:17:fe:3f:4f:fb
03-02 13:20:11.614 I/WifiHW  (  506): REPLY: freq=2437
03-02 13:20:11.614 I/WifiHW  (  506): REPLY: level=-62
03-02 13:20:11.614 I/WifiHW  (  506): REPLY: tsf=0000186333401614
03-02 13:20:11.614 I/WifiHW  (  506): REPLY: flags=[WPA2-PSK-CCMP][ESS]
03-02 13:20:11.614 I/WifiHW  (  506): REPLY: ssid=cmcm
03-02 13:20:11.614 I/WifiHW  (  506): REPLY: ====
03-02 13:20:11.614 I/WifiHW  (  506): REPLY: id=1262
03-02 13:20:11.614 I/WifiHW  (  506): REPLY: bssid=cc:34:29:2b:26:4c
03-02 13:20:11.614 I/WifiHW  (  506): REPLY: freq=2462
03-02 13:20:11.614 I/WifiHW  (  506): REPLY: level=-52
03-02 13:20:11.614 I/WifiHW  (  506): REPLY: tsf=0000186333401670
03-02 13:20:11.614 I/WifiHW  (  506): REPLY: flags=[WPA2-PSK-CCMP][WPS][ESS]
03-02 13:20:11.614 I/WifiHW  (  506): REPLY: ssid=cws-test
03-02 13:20:11.614 I/WifiHW  (  506): REPLY: ====
03-02 13:20:11.614 I/WifiHW  (  506): REPLY: id=1265
03-02 13:20:11.614 I/WifiHW  (  506): REPLY: bssid=14:d6:4d:28:ef:c8
03-02 13:20:11.614 I/WifiHW  (  506): REPLY: freq=2437
03-02 13:20:11.614 I/WifiHW  (  506): REPLY: level=-69
03-02 13:20:11.614 I/WifiHW  (  506): REPLY: tsf=0000186333401648
03-02 13:20:11.614 I/WifiHW  (  506): REPLY: flags=[WPA2-PSK-CCMP][WPS][ESS]
03-02 13:20:11.614 I/WifiHW  (  506): REPLY: ssid=dlink
03-02 13:20:11.614 I/WifiHW  (  506): REPLY: ====
03-02 13:20:11.614 I/WifiHW  (  506): REPLY: id=1272
03-02 13:20:11.614 I/WifiHW  (  506): REPLY: bssid=7a:24:af:24:0f:48
03-02 13:20:11.614 I/WifiHW  (  506): REPLY: freq=2412
03-02 13:20:11.614 I/WifiHW  (  506): REPLY: level=-52
03-02 13:20:11.614 I/WifiHW  (  506): REPLY: tsf=0000186333401658
03-02 13:20:11.614 I/WifiHW  (  506): REPLY: flags=[WEP]
03-02 13:20:11.614 I/WifiHW  (  506): REPLY: ssid=DIRECT-
03-02 13:20:11.614 I/WifiHW  (  506): REPLY: ====
03-02 13:20:11.614 I/WifiHW  (  506): REPLY: id=1274
03-02 13:20:11.614 I/WifiHW  (  506): REPLY: bssid=c0:c1:c0:76:81:3c
03-02 13:20:11.614 I/WifiHW  (  506): REPLY: freq=2462
03-02 13:20:11.614 I/WifiHW  (  506): REPLY: level=-57
03-02 13:20:11.614 I/WifiHW  (  506): REPLY: tsf=0000186333401653
03-02 13:20:11.614 I/WifiHW  (  506): REPLY: flags=[WPS][ESS]
03-02 13:20:11.614 I/WifiHW  (  506): REPLY: ssid=E2000
03-02 13:20:11.614 I/WifiHW  (  506): REPLY: ====
03-02 13:20:11.614 I/WifiHW  (  506): REPLY: id=1275
03-02 13:20:11.614 I/WifiHW  (  506): REPLY: bssid=50:bd:5f:4b:29:92
03-02 13:20:11.614 I/WifiHW  (  506): REPLY: freq=2437
03-02 13:20:11.614 I/WifiHW  (  506): REPLY: level=-65
03-02 13:20:11.614 I/WifiHW  (  506): REPLY: tsf=0000186333401635
03-02 13:20:11.614 I/WifiHW  (  506): REPLY: flags=[ESS]
03-02 13:20:11.614 I/WifiHW  (  506): REPLY: ssid=Internet-2
03-02 13:20:11.614 I/WifiHW  (  506): REPLY: ====
03-02 13:20:11.614 I/WifiHW  (  506): REPLY: id=1277
03-02 13:20:11.614 I/WifiHW  (  506): REPLY: bssid=90:94:e4:03:45:f5
03-02 13:20:11.614 I/WifiHW  (  506): REPLY: freq=2442
03-02 13:20:11.614 I/WifiHW  (  506): REPLY: level=-58
03-02 13:20:11.614 I/WifiHW  (  506): REPLY: tsf=0000186333401624
03-02 13:20:11.614 I/WifiHW  (  506): REPLY: flags=[WPA2-PSK-CCMP+TKIP][ESS]
03-02 13:20:11.614 I/WifiHW  (  506): REPLY: ssid=DAP-2553_D
03-02 13:20:11.614 I/WifiHW  (  506): REPLY: ====
03-02 13:20:11.614 I/WifiHW  (  506): REPLY: id=1299
03-02 13:20:11.614 I/WifiHW  (  506): REPLY: bssid=e4:d3:32:36:2e:54
03-02 13:20:11.614 I/WifiHW  (  506): REPLY: freq=2472
03-02 13:20:11.614 I/WifiHW  (  506): REPLY: level=-70
03-02 13:20:11.614 I/WifiHW  (  506): REPLY: tsf=0000186333401673
03-02 13:20:11.614 I/WifiHW  (  506): REPLY: flags=[WPA-PSK-CCMP+TKIP][WPA2-PSK-CCMP+TKIP][WPS][ESS]
03-02 13:20:11.614 I/WifiHW  (  506): REPLY: ssid=otc
03-02 13:20:11.614 I/WifiHW  (  506): REPLY: ====
03-02 13:20:11.614 I/WifiHW  (  506): REPLY: id=1304
03-02 13:20:11.614 I/WifiHW  (  506): REPLY: bssid=e4:d3:32:c0:cf:a4
03-02 13:20:11.614 I/WifiHW  (  506): REPLY: freq=2437
03-02 13:20:11.614 I/WifiHW  (  506): REPLY: level=-69
03-02 13:20:11.614 I/WifiHW  (  506): REPLY: tsf=0000186333401617
03-02 13:20:11.614 I/WifiHW  (  506): REPLY: flags=[WPA2-PSK-CCMP][ESS]
03-02 13:20:11.614 I/WifiHW  (  506): REPLY: ssid=fast
03-02 13:20:11.614 I/WifiHW  (  506): REPLY: ====
03-02 13:20:11.614 I/WifiHW  (  506): REPLY: id=1326
03-02 13:20:11.614 I/WifiHW  (  506): REPLY: bssid=22:48:9a:ac:31:5b
03-02 13:20:11.614 I/WifiHW  (  506): REPLY: freq=2437
03-02 13:20:11.614 I/WifiHW  (  506): REPLY: level=-69
03-02 13:20:11.614 I/WifiHW  (  506): REPLY: tsf=0000186292164743
03-02 13:20:11.614 I/WifiHW  (  506): REPLY: flags=[WPA2-PSK-CCMP][ESS]
03-02 13:20:11.614 I/WifiHW  (  506): REPLY: ssid=dean1
03-02 13:20:11.614 I/WifiHW  (  506): REPLY: ====
03-02 13:20:11.614 I/WifiHW  (  506): REPLY: id=1329
03-02 13:20:11.614 I/WifiHW  (  506): REPLY: bssid=02:1a:11:f3:82:d3
03-02 13:20:11.614 I/WifiHW  (  506): REPLY: freq=2437
03-02 13:20:11.614 I/WifiHW  (  506): REPLY: level=-76
03-02 13:20:11.614 I/WifiHW  (  506): REPLY: tsf=0000186333401622
03-02 13:20:11.614 I/WifiHW  (  506): REPLY: flags=[WPA2-PSK-CCMP][ESS]
03-02 13:20:11.614 I/WifiHW  (  506): REPLY: ssid=io1
03-02 13:20:11.614 I/WifiHW  (  506): REPLY: ====
03-02 13:20:11.614 I/WifiHW  (  506): REPLY: id=1332
03-02 13:20:11.614 I/WifiHW  (  506): REPLY: bssid=2c:b0:5d:7f:f4:24
03-02 13:20:11.614 I/WifiHW  (  506): REPLY: freq=2412
03-02 13:20:11.614 I/WifiHW  (  506): REPLY: level=-92
03-02 13:20:11.614 I/WifiHW  (  506): REPLY: tsf=0000186333401608
03-02 13:20:11.614 I/WifiHW  (  506): REPLY: flags=[WPA2-PSK-CCMP][WPS][ESS]
03-02 13:20:11.614 I/WifiHW  (  506): REPLY: ssid=NETGEAR38
03-02 13:20:11.614 I/WifiHW  (  506): REPLY: ====
03-02 13:20:11.614 I/WifiHW  (  506): REPLY: id=1334
03-02 13:20:11.614 I/WifiHW  (  506): REPLY: bssid=00:25:86:5c:5e:30
03-02 13:20:11.614 I/WifiHW  (  506): REPLY: freq=2437
03-02 13:20:11.614 I/WifiHW  (  506): REPLY: level=-81
03-02 13:20:11.614 I/WifiHW  (  506): REPLY: tsf=0000186333401641
03-02 13:20:11.614 I/WifiHW  (  506): REPLY: flags=[ESS]
03-02 13:20:11.614 I/WifiHW  (  506): REPLY: ssid=internet
03-02 13:20:11.614 I/WifiHW  (  506): REPLY: ====
03-02 13:20:11.614 I/WifiHW  (  506): REPLY: id=1336
03-02 13:20:11.614 I/WifiHW  (  506): REPLY: bssid=22:48:9a:ac:31:7f
03-02 13:20:11.614 I/WifiHW  (  506): REPLY: freq=2437
03-02 13:20:11.614 I/WifiHW  (  506): REPLY: level=-76
03-02 13:20:11.614 I/WifiHW  (  506): REPLY: tsf=0000186333401627
03-02 13:20:11.614 I/WifiHW  (  506): REPLY: flags=[WPA2-PSK-CCMP][ESS]
03-02 13:20:11.614 I/WifiHW  (  506): REPLY: ssid=WiFi874
03-02 13:20:11.614 I/WifiHW  (  506): REPLY: ====
03-02 13:20:11.614 I/WifiHW  (  506): REPLY: id=1337
03-02 13:20:11.614 I/WifiHW  (  506): REPLY: bssid=cc:b2:55:e2:84:70
03-02 13:20:11.614 I/WifiHW  (  506): REPLY: freq=2447
03-02 13:20:11.614 I/WifiHW  (  506): REPLY: level=-62
03-02 13:20:11.614 I/WifiHW  (  506): REPLY: tsf=0000186333401650
03-02 13:20:11.614 I/WifiHW  (  506): REPLY: flags=[WPA-PSK-TKIP][WPA2-PSK-TKIP][ESS]
03-02 13:20:11.614 I/WifiHW  (  506): REPLY: ssid=DLINK_APK
03-02 13:20:11.614 I/WifiHW  (  506): REPLY: ====
03-02 13:20:11.614 I/WifiHW  (  506): REPLY: id=1338
03-02 13:20:11.614 I/WifiHW  (  506): REPLY: bssid=1c:65:9d:e8:79:44
03-02 13:20:11.614 I/WifiHW  (  506): REPLY: freq=2437
03-02 13:20:11.614 I/WifiHW  (  506): REPLY: level=-72
03-02 13:20:11.614 I/WifiHW  (  506): REPLY: tsf=0000186292164838
03-02 13:20:11.614 I/WifiHW  (  506): REPLY: flags=[WPA2-PSK-CCMP][ESS]
03-02 13:20:11.614 I/WifiHW  (  506): REPLY: ssid=Connectify-me
03-02 13:20:11.614 I/WifiHW  (  506): REPLY: ====
03-02 13:20:11.614 I/WifiHW  (  506): REPLY: id=1339
03-02 13:20:11.614 I/WifiHW  (  506): REPLY: bssid=e4:d3:32:db:f6:03
03-02 13:20:11.614 I/WifiHW  (  506): REPLY: freq=2447
03-02 13:20:11.614 I/WifiHW  (  506): REPLY: level=-77
03-02 13:20:11.614 I/WifiHW  (  506): REPLY: tsf=0000186333401655
03-02 13:20:11.614 I/WifiHW  (  506): REPLY: flags=[WPA2-PSK-TKIP][ESS]
03-02 13:20:11.614 I/WifiHW  (  506): REPLY: ssid=adddda
03-02 13:20:11.614 I/WifiHW  (  506): REPLY: ====
03-02 13:20:11.614 I/WifiHW  (  506): REPLY: id=1340
03-02 13:20:11.614 I/WifiHW  (  506): REPLY: bssid=e4:d3:32:dd:18:62
03-02 13:20:11.614 I/WifiHW  (  506): REPLY: freq=2437
03-02 13:20:11.614 I/WifiHW  (  506): REPLY: level=-74
03-02 13:20:11.614 I/WifiHW  (  506): REPLY: tsf=0000186333401632
03-02 13:20:11.614 I/WifiHW  (  506): REPLY: flags=[ESS]
03-02 13:20:11.614 I/WifiHW  (  506): REPLY: ssid=Internet
03-02 13:20:11.614 I/WifiHW  (  506): REPLY: ====
03-02 13:20:11.614 I/WifiHW  (  506): REPLY: id=1341
03-02 13:20:11.614 I/WifiHW  (  506): REPLY: bssid=1c:65:9d:e8:79:44
03-02 13:20:11.614 I/WifiHW  (  506): REPLY: freq=2437
03-02 13:20:11.614 I/WifiHW  (  506): REPLY: level=-71
03-02 13:20:11.614 I/WifiHW  (  506): REPLY: tsf=0000186333401637
03-02 13:20:11.614 I/WifiHW  (  506): REPLY: flags=[WPA2-PSK-CCMP][ESS]
03-02 13:20:11.614 I/WifiHW  (  506): REPLY: ssid=WiFi
03-02 13:20:11.614 I/WifiHW  (  506): REPLY: ====
03-02 13:20:11.614 I/WifiHW  (  506): REPLY: id=1342
03-02 13:20:11.614 I/WifiHW  (  506): REPLY: bssid=c0:a0:bb:20:3b:84
03-02 13:20:11.614 I/WifiHW  (  506): REPLY: freq=2417
03-02 13:20:11.614 I/WifiHW  (  506): REPLY: level=-78
03-02 13:20:11.614 I/WifiHW  (  506): REPLY: tsf=0000186333401611
03-02 13:20:11.614 I/WifiHW  (  506): REPLY: flags=[WPA-PSK-CCMP+TKIP][WPA2-PSK-CCMP+TKIP][WPS][ESS]
03-02 13:20:11.614 I/WifiHW  (  506): REPLY: ssid=dlink-3B84
03-02 13:20:11.614 I/WifiHW  (  506): REPLY: ====
03-02 13:20:11.614 I/WifiHW  (  506): REPLY: id=1343
03-02 13:20:11.614 I/WifiHW  (  506): REPLY: bssid=18:dc:56:b2:b6:3d
03-02 13:20:11.614 I/WifiHW  (  506): REPLY: freq=2437
03-02 13:20:11.614 I/WifiHW  (  506): REPLY: level=-80
03-02 13:20:11.614 I/WifiHW  (  506): REPLY: tsf=0000186333401645
03-02 13:20:11.614 I/WifiHW  (  506): REPLY: flags=[WPA2-PSK-CCMP][ESS]
03-02 13:20:11.614 I/WifiHW  (  506): REPLY: ssid=AP_7620L-B63D
03-02 13:20:11.614 I/WifiHW  (  506): REPLY: ====
03-02 13:20:11.614 I/WifiHW  (  506): REPLY: id=1344
03-02 13:20:11.614 I/WifiHW  (  506): REPLY: bssid=8c:be:be:1e:65:2a
03-02 13:20:11.614 I/WifiHW  (  506): REPLY: freq=2412
03-02 13:20:11.614 I/WifiHW  (  506): REPLY: level=-93
03-02 13:20:11.614 I/WifiHW  (  506): REPLY: tsf=0000186333401599
03-02 13:20:11.614 I/WifiHW  (  506): REPLY: flags=[WPA2-PSK-CCMP][ESS]
03-02 13:20:11.614 I/WifiHW  (  506): REPLY: ssid=Mi_WiFi
03-02 13:20:11.614 I/WifiHW  (  506): REPLY: ####
03-02 13:20:14.034 I/SecurityManagerService(  621): SMS received security event: App[STOP/com.asus.UpdateLauncher]
03-02 13:20:14.034 I/ActivityManager(  506): Process com.asus.UpdateLauncher (pid 17939) has died.
03-02 13:20:14.064 I/ActivityManager(  506): Process com.android.externalstorage (pid 20540) has died.
03-02 13:20:14.074 I/SecurityManagerService(  621): SMS received security event: App[STOP/com.android.externalstorage]
03-02 13:20:14.134 D/ImageWallpaper(  570): trimMemory
03-02 13:20:14.144 D/        (21044): Pixel Format : GGL_PIXEL_FORMAT_RGBA_8888
03-02 13:20:14.334 W/ManagedEGLContext(16090): doTerminate failed: EGL count is 2 but managed count is 1
03-02 13:20:16.414 I/ActivityManager(  506): Process com.chrome.beta:sandboxed_process4 (pid 18932) has died.
03-02 13:20:16.424 I/SecurityManagerService(  621): SMS received security event: App[STOP/com.chrome.beta]
03-02 13:20:16.424 I/SecurityManagerService(  621): SMS received security event: App[STOP/com.asus.sitd.whatsnext]
03-02 13:20:16.424 I/ActivityManager(  506): Process com.asus.sitd.whatsnext (pid 20135) has died.
03-02 13:20:16.424 I/ActivityManager(  506): Process com.intel.tinywebtestservice (pid 20159) has died.
03-02 13:20:16.464 W/InputDispatcher(  506): channel '21fba968 com.intel.tinywebtestservice/com.intel.tinywebtestservice.FullscreenActivity (server)' ~ Consumer closed input channel or an error occurred.  events=0x9
03-02 13:20:16.464 E/InputDispatcher(  506): channel '21fba968 com.intel.tinywebtestservice/com.intel.tinywebtestservice.FullscreenActivity (server)' ~ Channel is unrecoverably broken and will be disposed!
03-02 13:20:16.464 I/WindowState(  506): WIN DEATH: Window{21fba968 u0 com.intel.tinywebtestservice/com.intel.tinywebtestservice.FullscreenActivity}
03-02 13:20:16.474 I/SecurityManagerService(  621): SMS received security event: App[STOP/com.intel.tinywebtestservice]
03-02 13:20:16.484 W/ChildProcessConnection(16090): onServiceDisconnected (crash or killed by oom): pid=18932
03-02 13:20:16.494 W/InputDispatcher(  506): Attempted to unregister already unregistered input channel '21fba968 com.intel.tinywebtestservice/com.intel.tinywebtestservice.FullscreenActivity (server)'
03-02 13:20:16.504 I/ActivityManager(  506): Process com.asus.photoframe (pid 20528) has died.
03-02 13:20:16.514 I/SecurityManagerService(  621): SMS received security event: App[STOP/com.asus.photoframe]
03-02 13:20:16.514 I/SecurityManagerService(  621): SMS received security event: App[STOP/com.android.defcontainer]
03-02 13:20:16.514 I/ActivityManager(  506): Process com.android.defcontainer (pid 14129) has died.
03-02 13:20:16.524 D/ChildProcessLauncher(16090): stopping child connection: pid=18932
03-02 13:20:16.524 E/rsC++   (13282): RS Message thread exiting.
03-02 13:20:16.534 D/ChildProcessLauncher(16090): Allocator freed a connection, sandbox: true, slot: 4
03-02 13:20:16.684 I/ChromeTab(16090): renderProcessGone() for tab id: 20, oom protected: false, already needs reload: false
03-02 13:20:16.724 D/MinidumpUploadService(16090): Could not find any crash dumps to upload
03-02 13:20:16.734 V/ActivityManager(  506): Remove bg service from mStartingBackground ,r=ServiceRecord{229d2be8 u0 com.chrome.beta/com.google.android.apps.chrome.crash.MinidumpUploadService},r used time=38,left r count=0
03-02 13:20:21.654 D/dalvikvm(  506): GC_EXPLICIT freed 403K, 47% free 19548K/36368K, paused 1ms+5ms, total 93ms
03-02 13:20:22.914 I/ActivityManager(  506): Process com.chrome.beta (pid 16090) has died.
03-02 13:20:22.914 I/SecurityManagerService(  621): SMS received security event: App[STOP/com.chrome.beta]
03-02 13:20:22.914 I/ActivityManager(  506): Killing 20147:com.chrome.beta:sandboxed_process5/u0a207i6 (adj 0): isolated not needed
03-02 13:20:22.934 I/SecurityManagerService(  621): SMS received security event: App[STOP/com.chrome.beta]
03-02 13:20:22.934 I/SecurityManagerService(  621): SMS received security event: App[STOP/com.asus.launcher]
03-02 13:20:22.934 E/InputDispatcher(  506): Received spurious receive callback for unknown input channel.  fd=237, events=0x9
03-02 13:20:22.934 W/InputDispatcher(  506): channel '22086128 com.asus.launcher/com.android.launcher3.Launcher (server)' ~ Consumer closed input channel or an error occurred.  events=0x9
03-02 13:20:22.934 E/InputDispatcher(  506): channel '22086128 com.asus.launcher/com.android.launcher3.Launcher (server)' ~ Channel is unrecoverably broken and will be disposed!
03-02 13:20:22.934 I/ActivityManager(  506): Process com.asus.launcher (pid 13282) has died.
03-02 13:20:22.934 I/WindowState(  506): WIN DEATH: Window{21f7dd38 u0 SurfaceView}
03-02 13:20:22.934 I/WindowState(  506): WIN DEATH: Window{21f191d0 u0 com.chrome.beta/com.google.android.apps.chrome.ChromeTabbedActivity}
03-02 13:20:22.944 W/InputDispatcher(  506): Attempted to unregister already unregistered input channel '22086128 com.asus.launcher/com.android.launcher3.Launcher (server)'
03-02 13:20:22.944 I/WindowState(  506): WIN DEATH: Window{22086128 u0 com.asus.launcher/com.android.launcher3.Launcher}
03-02 13:20:23.004 I/ActivityManager(  506): Process com.chrome.beta:privileged_process1 (pid 17796) has died.
03-02 13:20:23.004 I/SecurityManagerService(  621): SMS received security event: App[STOP/com.chrome.beta]
03-02 13:20:28.054 D/dalvikvm(  587): GC_EXPLICIT freed 1695K, 39% free 6775K/11028K, paused 0ms+4ms, total 40ms
03-02 13:20:33.044 D/dalvikvm(  621): GC_EXPLICIT freed 1156K, 30% free 5900K/8416K, paused 1ms+2ms, total 27ms
03-02 13:20:34.744 D/EVENT_THREAD(  187): void CEventThread::run() POLLIN event on Fd (1)
03-02 13:20:34.744 D/EVENT_THREAD(  187): void CEventThread::run() Do poll with timeout: -1
03-02 13:20:34.744 D/EVENT_THREAD(  187): void CEventThread::run() POLLIN event on Fd (1)
03-02 13:20:34.744 D/EVENT_THREAD(  187): void CEventThread::run() Do poll with timeout: -1
03-02 13:20:34.744 I/upi_ug31xx(  167): (6336) update_capacity
03-02 13:20:34.744 I/[UPI]   (  167): <UG31/E>[UpiReadCapacity]: V=3832(3826), T=332(334-398), I=-627, C=-6(-6-0)
03-02 13:20:34.744 I/[UPI]   (  167): <UG31/E>[UpiReadCapacity]: (0x0000254a) 2279 (2196) / 3602 (3989) = 63
03-02 13:20:34.744 I/[UPI]   (  167): <UG31/E>[UpiReadCapacity]: (0x0000254a) 2279 (2196) / 3602 (3989) = 63
03-02 13:20:34.744 I/[UPI]   (  167): <UG31/E>[UpiReadCapacity]: (0x0000254a) 2273 (2273) / 3602 (3989) = 63
03-02 13:20:34.744 I/[UPI]   (  167): <UG31/E>[RsocFilterCountTime]: (0x0000254a) Step=1(90940), Full=1(90940), Lock=90940(1800000)
03-02 13:20:34.744 I/[UPI]   (  167): <UG31/E>[UpiReadCapacity]: (0x0000254a) 2273 (2273) / 3602 (3989) = 63 (-627--627)
03-02 13:20:34.744 I/[UPI]   (  167): <UG31/E><BATT> M:normal, P:63(63-63)%, V:3822mV, C:-671mA, T:33.4C(398), S:0x0000254a(000), R:2273mAh, F:3602mAh, Q:1636mAh, CC:3, P:30.300(1340-0)s, BO:7, 97:615:0-44af-9m:B001-20140514-144301 (16)
03-02 13:20:34.744 I/upi_ug31xx(  167): (6337) backup_data 
03-02 13:20:34.744 V/upi_ug31xx(  167): state->check_backup_count = 1
03-02 13:20:35.154 W/InputDispatcher(  506): channel '2218a398 InputMethod (server)' ~ Consumer closed input channel or an error occurred.  events=0x9
03-02 13:20:35.154 E/InputDispatcher(  506): channel '2218a398 InputMethod (server)' ~ Channel is unrecoverably broken and will be disposed!
03-02 13:20:35.154 W/InputDispatcher(  506): Attempted to unregister already unregistered input channel '2218a398 InputMethod (server)'
03-02 13:20:35.154 I/WindowState(  506): WIN DEATH: Window{2218a398 u0 InputMethod}
03-02 13:20:35.154 I/ActivityManager(  506): Process com.asus.ime (pid 13333) has died.
03-02 13:20:35.154 I/SecurityManagerService(  621): SMS received security event: App[STOP/com.asus.ime]
03-02 13:20:35.234 W/InputMethodManagerService(  506): Session failed to close due to remote exception
03-02 13:20:35.234 W/InputMethodManagerService(  506): android.os.DeadObjectException
03-02 13:20:35.234 W/InputMethodManagerService(  506): 	at android.os.BinderProxy.transact(Native Method)
03-02 13:20:35.234 W/InputMethodManagerService(  506): 	at com.android.internal.view.IInputMethodSession$Stub$Proxy.finishSession(IInputMethodSession.java:292)
03-02 13:20:35.234 W/InputMethodManagerService(  506): 	at com.android.server.InputMethodManagerService.finishSessionLocked(InputMethodManagerService.java:1370)
03-02 13:20:35.234 W/InputMethodManagerService(  506): 	at com.android.server.InputMethodManagerService.clearClientSessionLocked(InputMethodManagerService.java:1361)
03-02 13:20:35.234 W/InputMethodManagerService(  506): 	at com.android.server.InputMethodManagerService.clearCurMethodLocked(InputMethodManagerService.java:1387)
03-02 13:20:35.234 W/InputMethodManagerService(  506): 	at com.android.server.InputMethodManagerService.onServiceDisconnected(InputMethodManagerService.java:1406)
03-02 13:20:35.234 W/InputMethodManagerService(  506): 	at android.app.LoadedApk$ServiceDispatcher.doDeath(LoadedApk.java:1115)
03-02 13:20:35.234 W/InputMethodManagerService(  506): 	at android.app.LoadedApk$ServiceDispatcher$RunConnection.run(LoadedApk.java:1129)
03-02 13:20:35.234 W/InputMethodManagerService(  506): 	at android.os.Handler.handleCallback(Handler.java:733)
03-02 13:20:35.234 W/InputMethodManagerService(  506): 	at android.os.Handler.dispatchMessage(Handler.java:95)
03-02 13:20:35.234 W/InputMethodManagerService(  506): 	at android.os.Looper.loop(Looper.java:149)
03-02 13:20:35.234 W/InputMethodManagerService(  506): 	at com.android.server.ServerThread.initAndLoop(SystemServer.java:1245)
03-02 13:20:35.234 W/InputMethodManagerService(  506): 	at com.android.server.SystemServer.main(SystemServer.java:1349)
03-02 13:20:35.234 W/InputMethodManagerService(  506): 	at java.lang.reflect.Method.invokeNative(Native Method)
03-02 13:20:35.234 W/InputMethodManagerService(  506): 	at java.lang.reflect.Method.invoke(Method.java:515)
03-02 13:20:35.234 W/InputMethodManagerService(  506): 	at com.android.internal.os.ZygoteInit$MethodAndArgsCaller.run(ZygoteInit.java:788)
03-02 13:20:35.234 W/InputMethodManagerService(  506): 	at com.android.internal.os.ZygoteInit.main(ZygoteInit.java:604)
03-02 13:20:35.234 W/InputMethodManagerService(  506): 	at dalvik.system.NativeStart.main(Native Method)
03-02 13:20:39.514 I/ActivityManager(  506): Process com.asus.contacts (pid 16633) has died.
03-02 13:20:39.514 I/SecurityManagerService(  621): SMS received security event: App[STOP/com.asus.contacts]
03-02 13:20:44.634 D/dalvikvm(21044): GC_EXPLICIT freed 487K, 36% free 6326K/9816K, paused 1ms+1ms, total 24ms
03-02 13:20:49.724 D/dalvikvm(  570): GC_EXPLICIT freed 8597K, 44% free 19145K/33784K, paused 1ms+5ms, total 61ms
03-02 13:20:51.624 D/wpa_supplicant(  659): wlan0: Starting AP scan for wildcard SSID
03-02 13:20:51.634 D/wpa_supplicant(  659): WPS: Building WPS IE for Probe Request
03-02 13:20:51.634 D/wpa_supplicant(  659): WPS:  * Version (hardcoded 0x10)
03-02 13:20:51.634 D/wpa_supplicant(  659): WPS:  * Request Type
03-02 13:20:51.634 D/wpa_supplicant(  659): WPS:  * Config Methods (4288)
03-02 13:20:51.634 D/wpa_supplicant(  659): WPS:  * UUID-E
03-02 13:20:51.634 D/wpa_supplicant(  659): WPS:  * Primary Device Type
03-02 13:20:51.634 D/wpa_supplicant(  659): WPS:  * RF Bands (1)
03-02 13:20:51.634 D/wpa_supplicant(  659): WPS:  * Association State
03-02 13:20:51.634 D/wpa_supplicant(  659): WPS:  * Configuration Error (0)
03-02 13:20:51.634 D/wpa_supplicant(  659): WPS:  * Device Password ID (0)
03-02 13:20:51.634 D/wpa_supplicant(  659): WPS:  * Manufacturer
03-02 13:20:51.634 D/wpa_supplicant(  659): WPS:  * Model Name
03-02 13:20:51.634 D/wpa_supplicant(  659): WPS:  * Model Number
03-02 13:20:51.634 D/wpa_supplicant(  659): WPS:  * Device Name
03-02 13:20:51.634 D/wpa_supplicant(  659): WPS:  * Version2 (0x20)
03-02 13:20:51.634 D/wpa_supplicant(  659): P2P: * P2P IE header
03-02 13:20:51.634 D/wpa_supplicant(  659): P2P: * Capability dev=25 group=00
03-02 13:20:51.634 D/wpa_supplicant(  659): P2P: * Listen Channel: Regulatory Class 81 Channel 11
03-02 13:20:51.634 D/wpa_supplicant(  659): wlan0: nl80211: scan request
03-02 13:20:51.734 D/wpa_supplicant(  659): Scan requested (ret=0) - scan timeout 30 seconds
03-02 13:20:51.734 D/wpa_supplicant(  659): nl80211: Drv Event 33 (NL80211_CMD_TRIGGER_SCAN) received for wlan0
03-02 13:20:51.734 D/wpa_supplicant(  659): wlan0: nl80211: Scan trigger
03-02 13:20:52.844 D/wpa_supplicant(  659): nl80211: Drv Event 34 (NL80211_CMD_NEW_SCAN_RESULTS) received for wlan0
03-02 13:20:52.844 D/wpa_supplicant(  659): wlan0: nl80211: New scan results available
03-02 13:20:52.844 D/wpa_supplicant(  659): wlan0: Event SCAN_RESULTS (3) received
03-02 13:20:52.844 D/wpa_supplicant(  659): nl80211: Received scan results (23 BSSes)
03-02 13:20:52.844 D/wpa_supplicant(  659): nl80211: Survey data missing
03-02 13:20:52.844 D/wpa_supplicant(  659): wlan0: BSS: Start scan result update 511
03-02 13:20:52.844 D/wpa_supplicant(  659): wlan0: BSS: Add new id 1345 BSSID b0:48:7a:51:ff:cc SSID 'Neusoft TP'
03-02 13:20:52.844 D/wpa_supplicant(  659): CTRL_IFACE monitor send - hexdump(len=39): 2f 64 61 74 61 2f 6d 69 73 63 2f 77 69 66 69 2f 73 6f 63 6b 65 74 73 2f 77 70 61 5f 63 74 72 6c ...
03-02 13:20:52.844 D/wpa_supplicant(  659): wlan0: BSS: Add new id 1346 BSSID 7e:7a:91:dc:83:0e SSID 'Donny'
03-02 13:20:52.844 D/wpa_supplicant(  659): CTRL_IFACE monitor send - hexdump(len=39): 2f 64 61 74 61 2f 6d 69 73 63 2f 77 69 66 69 2f 73 6f 63 6b 65 74 73 2f 77 70 61 5f 63 74 72 6c ...
03-02 13:20:52.844 D/wpa_supplicant(  659): wlan0: BSS: Remove id 1338 BSSID 1c:65:9d:e8:79:44 SSID 'Connectify-me' due to no match in scan
03-02 13:20:52.844 D/wpa_supplicant(  659): CTRL_IFACE monitor send - hexdump(len=39): 2f 64 61 74 61 2f 6d 69 73 63 2f 77 69 66 69 2f 73 6f 63 6b 65 74 73 2f 77 70 61 5f 63 74 72 6c ...
03-02 13:20:52.844 D/wpa_supplicant(  659): BSS: last_scan_res_used=22/32 last_scan_full=0
03-02 13:20:52.884 I/WifiHW  (  506): EVENT: IFNAME=wlan0 CTRL-EVENT-BSS-ADDED 1345 b0:48:7a:51:ff:cc
03-02 13:20:52.894 D/wpa_supplicant(  659): wlan0: New scan results available
03-02 13:20:52.894 D/wpa_supplicant(  659): CTRL_IFACE monitor send - hexdump(len=39): 2f 64 61 74 61 2f 6d 69 73 63 2f 77 69 66 69 2f 73 6f 63 6b 65 74 73 2f 77 70 61 5f 63 74 72 6c ...
03-02 13:20:52.894 D/wpa_supplicant(  659): CTRL_IFACE monitor send - hexdump(len=39): 2f 64 61 74 61 2f 6d 69 73 63 2f 77 69 66 69 2f 73 6f 63 6b 65 74 73 2f 77 70 61 5f 63 74 72 6c ...
03-02 13:20:52.894 D/wpa_supplicant(  659): Authorize channel 1
03-02 13:20:52.894 D/wpa_supplicant(  659): Authorize channel 2
03-02 13:20:52.894 D/wpa_supplicant(  659): Authorize channel 3
03-02 13:20:52.894 D/wpa_supplicant(  659): Authorize channel 4
03-02 13:20:52.894 D/wpa_supplicant(  659): Authorize channel 5
03-02 13:20:52.894 D/wpa_supplicant(  659): Authorize channel 6
03-02 13:20:52.894 D/wpa_supplicant(  659): Authorize channel 7
03-02 13:20:52.894 D/wpa_supplicant(  659): Authorize channel 8
03-02 13:20:52.894 D/wpa_supplicant(  659): Authorize channel 9
03-02 13:20:52.894 D/wpa_supplicant(  659): Authorize channel 10
03-02 13:20:52.894 D/wpa_supplicant(  659): Authorize channel 11
03-02 13:20:52.894 D/wpa_supplicant(  659): Authorize channel 12
03-02 13:20:52.894 D/wpa_supplicant(  659): Authorize channel 13
03-02 13:20:52.894 D/wpa_supplicant(  659): Authorize channel 1
03-02 13:20:52.894 D/wpa_supplicant(  659): Authorize channel 2
03-02 13:20:52.894 D/wpa_supplicant(  659): Authorize channel 3
03-02 13:20:52.894 D/wpa_supplicant(  659): Authorize channel 4
03-02 13:20:52.894 D/wpa_supplicant(  659): Authorize channel 5
03-02 13:20:52.894 D/wpa_supplicant(  659): Authorize channel 6
03-02 13:20:52.894 D/wpa_supplicant(  659): Authorize channel 7
03-02 13:20:52.894 D/wpa_supplicant(  659): Authorize channel 8
03-02 13:20:52.894 D/wpa_supplicant(  659): Authorize channel 9
03-02 13:20:52.894 D/wpa_supplicant(  659): Authorize channel 10
03-02 13:20:52.894 D/wpa_supplicant(  659): Authorize channel 11
03-02 13:20:52.894 D/wpa_supplicant(  659): Authorize channel 12
03-02 13:20:52.894 D/wpa_supplicant(  659): Authorize channel 13
03-02 13:20:52.894 D/wpa_supplicant(  659): Add access point on channel 6
03-02 13:20:52.894 D/wpa_supplicant(  659): Add access point on channel 11
03-02 13:20:52.894 D/wpa_supplicant(  659): Add access point on channel 6
03-02 13:20:52.894 D/wpa_supplicant(  659): Add access point on channel 11
03-02 13:20:52.894 D/wpa_supplicant(  659): Add access point on channel 1
03-02 13:20:52.894 D/wpa_supplicant(  659): Add access point on channel 1
03-02 13:20:52.894 D/wpa_supplicant(  659): Add access point on channel 6
03-02 13:20:52.894 D/wpa_supplicant(  659): Add access point on channel 11
03-02 13:20:52.894 D/wpa_supplicant(  659): Add access point on channel 6
03-02 13:20:52.894 D/wpa_supplicant(  659): Add access point on channel 1
03-02 13:20:52.894 D/wpa_supplicant(  659): Add access point on channel 11
03-02 13:20:52.894 D/wpa_supplicant(  659): Add access point on channel 6
03-02 13:20:52.894 D/wpa_supplicant(  659): Add access point on channel 7
03-02 13:20:52.894 D/wpa_supplicant(  659): Add access point on channel 13
03-02 13:20:52.894 D/wpa_supplicant(  659): Add access point on channel 6
03-02 13:20:52.894 D/wpa_supplicant(  659): Add access point on channel 6
03-02 13:20:52.894 D/wpa_supplicant(  659): Add access point on channel 6
03-02 13:20:52.894 D/wpa_supplicant(  659): Add access point on channel 1
03-02 13:20:52.894 D/wpa_supplicant(  659): Add access point on channel 6
03-02 13:20:52.894 D/wpa_supplicant(  659): Add access point on channel 6
03-02 13:20:52.894 D/wpa_supplicant(  659): Add access point on channel 8
03-02 13:20:52.894 D/wpa_supplicant(  659): Add access point on channel 8
03-02 13:20:52.894 D/wpa_supplicant(  659): Add access point on channel 6
03-02 13:20:52.894 D/wpa_supplicant(  659): Add access point on channel 6
03-02 13:20:52.894 D/wpa_supplicant(  659): Add access point on channel 2
03-02 13:20:52.894 D/wpa_supplicant(  659): Add access point on channel 6
03-02 13:20:52.894 D/wpa_supplicant(  659): Add access point on channel 1
03-02 13:20:52.894 D/wpa_supplicant(  659): Add access point on channel 9
03-02 13:20:52.894 D/wpa_supplicant(  659): Add access point on channel 6
03-02 13:20:52.894 D/wpa_supplicant(  659): Best Operating channel is = 11
03-02 13:20:52.894 D/wpa_supplicant(  659): WPS: AP[0] 28:2c:b2:44:e4:00 type=0 tries=0 last_attempt=-1 sec ago blacklist=0
03-02 13:20:52.894 D/wpa_supplicant(  659): WPS: AP[1] 14:e6:e4:b8:85:76 type=0 tries=0 last_attempt=-1 sec ago blacklist=0
03-02 13:20:52.894 D/wpa_supplicant(  659): WPS: AP[2] 78:a1:06:55:fe:30 type=0 tries=0 last_attempt=-1 sec ago blacklist=0
03-02 13:20:52.894 D/wpa_supplicant(  659): WPS: AP[3] a8:15:4d:13:9a:08 type=0 tries=0 last_attempt=-1 sec ago blacklist=0
03-02 13:20:52.894 D/wpa_supplicant(  659): WPS: AP[4] 78:54:2e:f5:fb:9e type=0 tries=0 last_attempt=-1 sec ago blacklist=0
03-02 13:20:52.894 D/wpa_supplicant(  659): WPS: AP[5] 20:dc:e6:3f:eb:f2 type=0 tries=0 last_attempt=-1 sec ago blacklist=0
03-02 13:20:52.894 D/wpa_supplicant(  659): WPS: AP[6] 64:09:80:1e:91:78 type=0 tries=0 last_attempt=-1 sec ago blacklist=0
03-02 13:20:52.894 D/wpa_supplicant(  659): WPS: AP[7] ec:88:8f:6a:0c:a8 type=0 tries=0 last_attempt=-1 sec ago blacklist=0
03-02 13:20:52.894 D/wpa_supplicant(  659): WPS: AP[8] d0:15:4a:15:5d:1a type=0 tries=0 last_attempt=-1 sec ago blacklist=0
03-02 13:20:52.894 D/wpa_supplicant(  659): WPS: AP[9] 1c:fa:68:11:5a:b6 type=0 tries=0 last_attempt=-1 sec ago blacklist=0
03-02 13:20:52.894 D/wpa_supplicant(  659): WPS: AP[10] 8c:be:be:26:4b:8b type=0 tries=0 last_attempt=-1 sec ago blacklist=0
03-02 13:20:52.894 D/wpa_supplicant(  659): WPS: AP[11] 64:09:80:15:31:84 type=0 tries=0 last_attempt=-1 sec ago blacklist=0
03-02 13:20:52.894 D/wpa_supplicant(  659): WPS: AP[12] bc:d1:77:f3:0b:28 type=0 tries=0 last_attempt=-1 sec ago blacklist=0
03-02 13:20:52.894 D/wpa_supplicant(  659): WPS: AP[13] c0:61:18:4e:07:fc type=0 tries=0 last_attempt=-1 sec ago blacklist=0
03-02 13:20:52.894 D/wpa_supplicant(  659): WPS: AP[14] f4:ec:38:6d:cf:d6 type=0 tries=0 last_attempt=-1 sec ago blacklist=0
03-02 13:20:52.894 D/wpa_supplicant(  659): WPS: AP[15] e4:d3:32:0a:fb:34 type=0 tries=0 last_attempt=-1 sec ago blacklist=0
03-02 13:20:52.894 D/wpa_supplicant(  659): WPS: AP[16] 8c:be:be:28:2d:f8 type=0 tries=0 last_attempt=-1 sec ago blacklist=0
03-02 13:20:52.894 D/wpa_supplicant(  659): WPS: AP[17] d8:15:0d:c4:57:de type=0 tries=0 last_attempt=-1 sec ago blacklist=0
03-02 13:20:52.894 D/wpa_supplicant(  659): WPS: AP[18] 40:16:9f:9b:64:fa type=0 tries=0 last_attempt=-1 sec ago blacklist=0
03-02 13:20:52.894 D/wpa_supplicant(  659): WPS: AP[19] ec:1a:59:0b:f4:8c type=0 tries=0 last_attempt=-1 sec ago blacklist=0
03-02 13:20:52.894 D/wpa_supplicant(  659): WPS: AP[20] 10:c3:7b:d2:e5:e0 type=0 tries=0 last_attempt=-1 sec ago blacklist=0
03-02 13:20:52.894 D/wpa_supplicant(  659): WPS: AP[21] 44:94:fc:3d:da:38 type=0 tries=0 last_attempt=-1 sec ago blacklist=0
03-02 13:20:52.894 D/wpa_supplicant(  659): WPS: AP[22] f8:d1:11:e7:99:e8 type=0 tries=0 last_attempt=-1 sec ago blacklist=0
03-02 13:20:52.894 D/wpa_supplicant(  659): WPS: AP[23] cc:34:29:2b:26:4c type=0 tries=0 last_attempt=-1 sec ago blacklist=0
03-02 13:20:52.894 D/wpa_supplicant(  659): WPS: AP[24] cc:34:29:2c:fb:ec type=0 tries=0 last_attempt=-1 sec ago blacklist=0
03-02 13:20:52.894 D/wpa_supplicant(  659): WPS: AP[25] 98:fc:11:81:35:fb type=0 tries=0 last_attempt=-1 sec ago blacklist=0
03-02 13:20:52.894 D/wpa_supplicant(  659): WPS: AP[26] c0:c1:c0:76:81:3c type=0 tries=0 last_attempt=-1 sec ago blacklist=0
03-02 13:20:52.894 D/wpa_supplicant(  659): WPS: AP[27] 10:9f:a9:dc:b1:fc type=0 tries=0 last_attempt=-1 sec ago blacklist=0
03-02 13:20:52.894 D/wpa_supplicant(  659): WPS: AP[28] b0:48:7a:51:ff:cc type=0 tries=0 last_attempt=-1 sec ago blacklist=0
03-02 13:20:52.894 D/wpa_supplicant(  659): WPS: AP[29] e4:d3:32:36:2e:54 type=0 tries=0 last_attempt=-1 sec ago blacklist=0
03-02 13:20:52.894 D/wpa_supplicant(  659): WPS: AP[30] 14:d6:4d:28:ef:c8 type=0 tries=0 last_attempt=-1 sec ago blacklist=0
03-02 13:20:52.894 D/wpa_supplicant(  659): WPS: AP[31] c0:a0:bb:20:3b:84 type=0 tries=0 last_attempt=-1 sec ago blacklist=0
03-02 13:20:52.894 D/wpa_supplicant(  659): WPS: AP[32] 2c:b0:5d:7f:f4:24 type=0 tries=0 last_attempt=-1 sec ago blacklist=0
03-02 13:20:52.894 D/wpa_supplicant(  659): WPS: AP[33] 9c:21:6a:0d:eb:72 type=0 tries=0 last_attempt=-1 sec ago blacklist=0
03-02 13:20:52.894 D/wpa_supplicant(  659): WPS: AP[34] 66:09:80:d9:a2:5d type=0 tries=0 last_attempt=-1 sec ago blacklist=0
03-02 13:20:52.894 D/wpa_supplicant(  659): WPS: AP[35] 7a:ff:57:00:13:8e type=0 tries=0 last_attempt=-1 sec ago blacklist=0
03-02 13:20:52.894 D/wpa_supplicant(  659): wlan0: Selecting BSS from priority group 20
03-02 13:20:52.894 D/wpa_supplicant(  659): wlan0: 0: 44:94:fc:3d:da:38 ssid='6300' wpa_ie_len=0 rsn_ie_len=20 caps=0x411 level=-44 wps
03-02 13:20:52.894 D/wpa_supplicant(  659): wlan0:    skip - SSID mismatch
03-02 13:20:52.894 D/wpa_supplicant(  659): wlan0: 1: c8:d7:19:60:62:f2 ssid='E3000-2.4G' wpa_ie_len=0 rsn_ie_len=20 caps=0x411 level=-44
03-02 13:20:52.894 D/wpa_supplicant(  659): wlan0:    skip - SSID mismatch
03-02 13:20:52.894 D/wpa_supplicant(  659): wlan0: 2: cc:34:29:2b:26:4c ssid='cws-test' wpa_ie_len=0 rsn_ie_len=20 caps=0x431 level=-55 wps
03-02 13:20:52.894 D/wpa_supplicant(  659): wlan0:    skip - SSID mismatch
03-02 13:20:52.894 D/wpa_supplicant(  659): wlan0: 3: 10:c3:7b:d2:e5:e0 ssid='ASUS_RT-AC66U-2.4G' wpa_ie_len=0 rsn_ie_len=20 caps=0x411 level=-56 wps
03-02 13:20:52.894 D/wpa_supplicant(  659): wlan0:    skip - SSID mismatch
03-02 13:20:52.894 D/wpa_supplicant(  659): wlan0: 4: f8:d1:11:e7:99:e8 ssid='videotest' wpa_ie_len=22 rsn_ie_len=20 caps=0x531 level=-57 wps
03-02 13:20:52.894 D/wpa_supplicant(  659): wlan0:    skip - SSID mismatch
03-02 13:20:52.894 D/wpa_supplicant(  659): wlan0: 5: 90:94:e4:03:45:f5 ssid='DAP-2553_D' wpa_ie_len=0 rsn_ie_len=24 caps=0x431 level=-57
03-02 13:20:52.894 D/wpa_supplicant(  659): wlan0:    skip - SSID mismatch
03-02 13:20:52.894 D/wpa_supplicant(  659): wlan0: 6: cc:b2:55:e2:84:70 ssid='DLINK_APK' wpa_ie_len=22 rsn_ie_len=20 caps=0x411 level=-61
03-02 13:20:52.894 D/wpa_supplicant(  659): wlan0:    skip - SSID mismatch
03-02 13:20:52.894 D/wpa_supplicant(  659): wlan0: 7: c4:17:fe:3f:4f:fb ssid='cmcm' wpa_ie_len=0 rsn_ie_len=20 caps=0x511 level=-64
03-02 13:20:52.894 D/wpa_supplicant(  659): wlan0:    skip - SSID mismatch
03-02 13:20:52.894 D/wpa_supplicant(  659): wlan0: 8: 98:fc:11:81:35:fb ssid='E2000EE' wpa_ie_len=0 rsn_ie_len=20 caps=0x411 level=-66 wps
03-02 13:20:52.894 D/wpa_supplicant(  659): wlan0:    skip - SSID mismatch
03-02 13:20:52.894 D/wpa_supplicant(  659): wlan0: 9: cc:34:29:2c:fb:ec ssid='linksys' wpa_ie_len=22 rsn_ie_len=20 caps=0x431 level=-66 wps
03-02 13:20:52.894 D/wpa_supplicant(  659): wlan0:    skip - SSID mismatch
03-02 13:20:52.894 D/wpa_supplicant(  659): wlan0: 10: 14:d6:4d:28:ef:c8 ssid='dlink' wpa_ie_len=0 rsn_ie_len=20 caps=0x431 level=-69 wps
03-02 13:20:52.894 D/wpa_supplicant(  659): wlan0:    skip - SSID mismatch
03-02 13:20:52.894 D/wpa_supplicant(  659): wlan0: 11: 02:1a:11:f3:82:d3 ssid='io1' wpa_ie_len=0 rsn_ie_len=20 caps=0x431 level=-70
03-02 13:20:52.894 D/wpa_supplicant(  659): wlan0:    skip - SSID mismatch
