02-28 18:02:58.364 D/wpa_supplicant(  659): wlan0: 18: 50:bd:5f:4b:29:92 ssid='Internet-2' wpa_ie_len=0 rsn_ie_len=0 caps=0x421 level=-64
02-28 18:02:58.364 D/wpa_supplicant(  659): wlan0:    skip - SSID mismatch
02-28 18:02:58.364 D/wpa_supplicant(  659): wlan0: 19: e4:d3:32:dd:18:62 ssid='Internet' wpa_ie_len=0 rsn_ie_len=0 caps=0x421 level=-81
02-28 18:02:58.364 D/wpa_supplicant(  659): wlan0:    skip - SSID mismatch
02-28 18:02:58.364 D/wpa_supplicant(  659): wlan0: Selecting BSS from priority group 19
02-28 18:02:58.364 D/wpa_supplicant(  659): wlan0: 0: c8:d7:19:60:62:f2 ssid='E3000-2.4G' wpa_ie_len=0 rsn_ie_len=20 caps=0x411 level=-43
02-28 18:02:58.364 D/wpa_supplicant(  659): wlan0:    skip - SSID mismatch
02-28 18:02:58.364 D/wpa_supplicant(  659): wlan0: 1: f8:d1:11:e7:99:e8 ssid='videotest' wpa_ie_len=22 rsn_ie_len=20 caps=0x531 level=-44 wps
02-28 18:02:58.364 D/wpa_supplicant(  659): wlan0:    skip - SSID mismatch
02-28 18:02:58.364 D/wpa_supplicant(  659): wlan0: 2: 44:94:fc:3d:da:38 ssid='6300' wpa_ie_len=0 rsn_ie_len=20 caps=0x411 level=-50 wps
02-28 18:02:58.364 D/wpa_supplicant(  659): wlan0:    skip - SSID mismatch
02-28 18:02:58.364 D/wpa_supplicant(  659): wlan0: 3: 90:94:e4:03:45:f5 ssid='DAP-2553_D' wpa_ie_len=0 rsn_ie_len=24 caps=0x431 level=-55
02-28 18:02:58.364 D/wpa_supplicant(  659): wlan0:    skip - SSID mismatch
02-28 18:02:58.364 D/wpa_supplicant(  659): wlan0: 4: 10:c3:7b:d2:e5:e0 ssid='ASUS_RT-AC66U-2.4G' wpa_ie_len=0 rsn_ie_len=20 caps=0x411 level=-58 wps
02-28 18:02:58.364 D/wpa_supplicant(  659): wlan0:    skip - SSID mismatch
02-28 18:02:58.364 D/wpa_supplicant(  659): wlan0: 5: c4:17:fe:3f:4f:fb ssid='cmcm' wpa_ie_len=0 rsn_ie_len=20 caps=0x511 level=-61
02-28 18:02:58.364 D/wpa_supplicant(  659): wlan0:    skip - SSID mismatch
02-28 18:02:58.364 D/wpa_supplicant(  659): wlan0: 6: cc:34:29:2b:26:4c ssid='cws-test' wpa_ie_len=0 rsn_ie_len=20 caps=0x431 level=-61 wps
02-28 18:02:58.364 D/wpa_supplicant(  659): wlan0:    skip - SSID mismatch
02-28 18:02:58.364 D/wpa_supplicant(  659): wlan0: 7: cc:34:29:2c:fb:ec ssid='linksys' wpa_ie_len=22 rsn_ie_len=20 caps=0x431 level=-62 wps
02-28 18:02:58.364 D/wpa_supplicant(  659): wlan0:    skip - SSID mismatch
02-28 18:02:58.364 D/wpa_supplicant(  659): wlan0: 8: 98:fc:11:81:35:fb ssid='E2000EE' wpa_ie_len=0 rsn_ie_len=20 caps=0x411 level=-63 wps
02-28 18:02:58.364 D/wpa_supplicant(  659): wlan0:    skip - SSID mismatch
02-28 18:02:58.364 D/wpa_supplicant(  659): wlan0: 9: e4:d3:32:c0:cf:a4 ssid='fast' wpa_ie_len=0 rsn_ie_len=20 caps=0x411 level=-70
02-28 18:02:58.364 D/wpa_supplicant(  659): wlan0:    skip - SSID mismatch
02-28 18:02:58.364 D/wpa_supplicant(  659): wlan0: 10: b0:48:7a:51:ff:cc ssid='Neusoft TP' wpa_ie_len=22 rsn_ie_len=20 caps=0x431 level=-71 wps
02-28 18:02:58.364 D/wpa_supplicant(  659): wlan0:    skip - SSID mismatch
02-28 18:02:58.364 D/wpa_supplicant(  659): wlan0: 11: 02:1a:11:f8:2f:eb ssid='io1' wpa_ie_len=0 rsn_ie_len=20 caps=0x431 level=-71
02-28 18:02:58.364 D/wpa_supplicant(  659): wlan0:    skip - SSID mismatch
02-28 18:02:58.364 D/wpa_supplicant(  659): wlan0: 12: cc:b2:55:e2:84:70 ssid='DLINK_APK' wpa_ie_len=22 rsn_ie_len=20 caps=0x411 level=-74
02-28 18:02:58.364 D/wpa_supplicant(  659): wlan0:    skip - SSID mismatch
02-28 18:02:58.364 D/wpa_supplicant(  659): wlan0: 13: 14:d6:4d:28:ef:c8 ssid='dlink' wpa_ie_len=0 rsn_ie_len=20 caps=0x431 level=-79 wps
02-28 18:02:58.364 D/wpa_supplicant(  659): wlan0:    skip - SSID mismatch
02-28 18:02:58.364 D/wpa_supplicant(  659): wlan0: 14: 00:0f:e2:0f:9f:c1 ssid='321_WAN' wpa_ie_len=28 rsn_ie_len=24 caps=0x411 level=-79
02-28 18:02:58.364 D/wpa_supplicant(  659): wlan0:    skip - SSID mismatch
02-28 18:02:58.364 D/wpa_supplicant(  659): wlan0: 15: e4:d3:32:db:f6:03 ssid='adddda' wpa_ie_len=0 rsn_ie_len=20 caps=0x31 level=-76
02-28 18:02:58.364 D/wpa_supplicant(  659): wlan0:    skip - SSID mismatch
02-28 18:02:58.364 D/wpa_supplicant(  659): wlan0: 16: c0:cb:38:7f:c9:09 ssid='360WiFi-7908' wpa_ie_len=0 rsn_ie_len=20 caps=0x511 level=-83
02-28 18:02:58.364 D/wpa_supplicant(  659): wlan0:    skip - SSID mismatch
02-28 18:02:58.364 D/wpa_supplicant(  659): wlan0: 17: c0:c1:c0:76:81:3c ssid='E2000' wpa_ie_len=0 rsn_ie_len=0 caps=0x401 level=-61 wps
02-28 18:02:58.364 D/wpa_supplicant(  659): wlan0:    skip - SSID mismatch
02-28 18:02:58.364 D/wpa_supplicant(  659): wlan0: 18: 50:bd:5f:4b:29:92 ssid='Internet-2' wpa_ie_len=0 rsn_ie_len=0 caps=0x421 level=-64
02-28 18:02:58.364 D/wpa_supplicant(  659): wlan0:    skip - SSID mismatch
02-28 18:02:58.364 D/wpa_supplicant(  659): wlan0: 19: e4:d3:32:dd:18:62 ssid='Internet' wpa_ie_len=0 rsn_ie_len=0 caps=0x421 level=-81
02-28 18:02:58.364 D/wpa_supplicant(  659): wlan0:    skip - SSID mismatch
02-28 18:02:58.364 D/wpa_supplicant(  659): wlan0: Selecting BSS from priority group 18
02-28 18:02:58.364 D/wpa_supplicant(  659): wlan0: 0: c8:d7:19:60:62:f2 ssid='E3000-2.4G' wpa_ie_len=0 rsn_ie_len=20 caps=0x411 level=-43
02-28 18:02:58.364 D/wpa_supplicant(  659): wlan0:    skip - SSID mismatch
02-28 18:02:58.364 D/wpa_supplicant(  659): wlan0: 1: f8:d1:11:e7:99:e8 ssid='videotest' wpa_ie_len=22 rsn_ie_len=20 caps=0x531 level=-44 wps
02-28 18:02:58.364 D/wpa_supplicant(  659): wlan0:    skip - SSID mismatch
02-28 18:02:58.364 D/wpa_supplicant(  659): wlan0: 2: 44:94:fc:3d:da:38 ssid='6300' wpa_ie_len=0 rsn_ie_len=20 caps=0x411 level=-50 wps
02-28 18:02:58.364 D/wpa_supplicant(  659): wlan0:    skip - SSID mismatch
02-28 18:02:58.364 D/wpa_supplicant(  659): wlan0: 3: 90:94:e4:03:45:f5 ssid='DAP-2553_D' wpa_ie_len=0 rsn_ie_len=24 caps=0x431 level=-55
02-28 18:02:58.364 D/wpa_supplicant(  659): wlan0:    skip - SSID mismatch
02-28 18:02:58.364 D/wpa_supplicant(  659): wlan0: 4: 10:c3:7b:d2:e5:e0 ssid='ASUS_RT-AC66U-2.4G' wpa_ie_len=0 rsn_ie_len=20 caps=0x411 level=-58 wps
02-28 18:02:58.364 D/wpa_supplicant(  659): wlan0:    skip - SSID mismatch
02-28 18:02:58.364 D/wpa_supplicant(  659): wlan0: 5: c4:17:fe:3f:4f:fb ssid='cmcm' wpa_ie_len=0 rsn_ie_len=20 caps=0x511 level=-61
02-28 18:02:58.364 D/wpa_supplicant(  659): wlan0:    skip - SSID mismatch
02-28 18:02:58.364 D/wpa_supplicant(  659): wlan0: 6: cc:34:29:2b:26:4c ssid='cws-test' wpa_ie_len=0 rsn_ie_len=20 caps=0x431 level=-61 wps
02-28 18:02:58.364 D/wpa_supplicant(  659): wlan0:    skip - SSID mismatch
02-28 18:02:58.364 D/wpa_supplicant(  659): wlan0: 7: cc:34:29:2c:fb:ec ssid='linksys' wpa_ie_len=22 rsn_ie_len=20 caps=0x431 level=-62 wps
02-28 18:02:58.364 D/wpa_supplicant(  659): wlan0:    skip - SSID mismatch
02-28 18:02:58.364 D/wpa_supplicant(  659): wlan0: 8: 98:fc:11:81:35:fb ssid='E2000EE' wpa_ie_len=0 rsn_ie_len=20 caps=0x411 level=-63 wps
02-28 18:02:58.364 D/wpa_supplicant(  659): wlan0:    skip - SSID mismatch
02-28 18:02:58.364 D/wpa_supplicant(  659): wlan0: 9: e4:d3:32:c0:cf:a4 ssid='fast' wpa_ie_len=0 rsn_ie_len=20 caps=0x411 level=-70
02-28 18:02:58.364 D/wpa_supplicant(  659): wlan0:    skip - SSID mismatch
02-28 18:02:58.364 D/wpa_supplicant(  659): wlan0: 10: b0:48:7a:51:ff:cc ssid='Neusoft TP' wpa_ie_len=22 rsn_ie_len=20 caps=0x431 level=-71 wps
02-28 18:02:58.364 D/wpa_supplicant(  659): wlan0:    skip - SSID mismatch
02-28 18:02:58.364 D/wpa_supplicant(  659): wlan0: 11: 02:1a:11:f8:2f:eb ssid='io1' wpa_ie_len=0 rsn_ie_len=20 caps=0x431 level=-71
02-28 18:02:58.364 D/wpa_supplicant(  659): wlan0:    skip - SSID mismatch
02-28 18:02:58.364 D/wpa_supplicant(  659): wlan0: 12: cc:b2:55:e2:84:70 ssid='DLINK_APK' wpa_ie_len=22 rsn_ie_len=20 caps=0x411 level=-74
02-28 18:02:58.364 D/wpa_supplicant(  659): wlan0:    skip - SSID mismatch
02-28 18:02:58.364 D/wpa_supplicant(  659): wlan0: 13: 14:d6:4d:28:ef:c8 ssid='dlink' wpa_ie_len=0 rsn_ie_len=20 caps=0x431 level=-79 wps
02-28 18:02:58.364 D/wpa_supplicant(  659): wlan0:    skip - SSID mismatch
02-28 18:02:58.364 D/wpa_supplicant(  659): wlan0: 14: 00:0f:e2:0f:9f:c1 ssid='321_WAN' wpa_ie_len=28 rsn_ie_len=24 caps=0x411 level=-79
02-28 18:02:58.364 D/wpa_supplicant(  659): wlan0:    skip - SSID mismatch
02-28 18:02:58.364 D/wpa_supplicant(  659): wlan0: 15: e4:d3:32:db:f6:03 ssid='adddda' wpa_ie_len=0 rsn_ie_len=20 caps=0x31 level=-76
02-28 18:02:58.364 D/wpa_supplicant(  659): wlan0:    skip - SSID mismatch
02-28 18:02:58.364 D/wpa_supplicant(  659): wlan0: 16: c0:cb:38:7f:c9:09 ssid='360WiFi-7908' wpa_ie_len=0 rsn_ie_len=20 caps=0x511 level=-83
02-28 18:02:58.364 D/wpa_supplicant(  659): wlan0:    skip - SSID mismatch
02-28 18:02:58.364 D/wpa_supplicant(  659): wlan0: 17: c0:c1:c0:76:81:3c ssid='E2000' wpa_ie_len=0 rsn_ie_len=0 caps=0x401 level=-61 wps
02-28 18:02:58.364 D/wpa_supplicant(  659): wlan0:    skip - SSID mismatch
02-28 18:02:58.364 D/wpa_supplicant(  659): wlan0: 18: 50:bd:5f:4b:29:92 ssid='Internet-2' wpa_ie_len=0 rsn_ie_len=0 caps=0x421 level=-64
02-28 18:02:58.364 D/wpa_supplicant(  659): wlan0:    skip - SSID mismatch
02-28 18:02:58.364 D/wpa_supplicant(  659): wlan0: 19: e4:d3:32:dd:18:62 ssid='Internet' wpa_ie_len=0 rsn_ie_len=0 caps=0x421 level=-81
02-28 18:02:58.364 D/wpa_supplicant(  659): wlan0:    skip - SSID mismatch
02-28 18:02:58.364 D/wpa_supplicant(  659): wlan0: Selecting BSS from priority group 17
02-28 18:02:58.364 D/wpa_supplicant(  659): wlan0: 0: c8:d7:19:60:62:f2 ssid='E3000-2.4G' wpa_ie_len=0 rsn_ie_len=20 caps=0x411 level=-43
02-28 18:02:58.364 D/wpa_supplicant(  659): wlan0:    skip - SSID mismatch
02-28 18:02:58.364 D/wpa_supplicant(  659): wlan0: 1: f8:d1:11:e7:99:e8 ssid='videotest' wpa_ie_len=22 rsn_ie_len=20 caps=0x531 level=-44 wps
02-28 18:02:58.364 D/wpa_supplicant(  659): wlan0:    skip - SSID mismatch
02-28 18:02:58.364 D/wpa_supplicant(  659): wlan0: 2: 44:94:fc:3d:da:38 ssid='6300' wpa_ie_len=0 rsn_ie_len=20 caps=0x411 level=-50 wps
02-28 18:02:58.364 D/wpa_supplicant(  659): wlan0:    skip - SSID mismatch
02-28 18:02:58.364 D/wpa_supplicant(  659): wlan0: 3: 90:94:e4:03:45:f5 ssid='DAP-2553_D' wpa_ie_len=0 rsn_ie_len=24 caps=0x431 level=-55
02-28 18:02:58.364 D/wpa_supplicant(  659): wlan0:    skip - SSID mismatch
02-28 18:02:58.364 D/wpa_supplicant(  659): wlan0: 4: 10:c3:7b:d2:e5:e0 ssid='ASUS_RT-AC66U-2.4G' wpa_ie_len=0 rsn_ie_len=20 caps=0x411 level=-58 wps
02-28 18:02:58.364 D/wpa_supplicant(  659): wlan0:    skip - SSID mismatch
02-28 18:02:58.364 D/wpa_supplicant(  659): wlan0: 5: c4:17:fe:3f:4f:fb ssid='cmcm' wpa_ie_len=0 rsn_ie_len=20 caps=0x511 level=-61
02-28 18:02:58.364 D/wpa_supplicant(  659): wlan0:    skip - SSID mismatch
02-28 18:02:58.364 D/wpa_supplicant(  659): wlan0: 6: cc:34:29:2b:26:4c ssid='cws-test' wpa_ie_len=0 rsn_ie_len=20 caps=0x431 level=-61 wps
02-28 18:02:58.364 D/wpa_supplicant(  659): wlan0:    skip - SSID mismatch
02-28 18:02:58.364 D/wpa_supplicant(  659): wlan0: 7: cc:34:29:2c:fb:ec ssid='linksys' wpa_ie_len=22 rsn_ie_len=20 caps=0x431 level=-62 wps
02-28 18:02:58.364 D/wpa_supplicant(  659): wlan0:    skip - SSID mismatch
02-28 18:02:58.364 D/wpa_supplicant(  659): wlan0: 8: 98:fc:11:81:35:fb ssid='E2000EE' wpa_ie_len=0 rsn_ie_len=20 caps=0x411 level=-63 wps
02-28 18:02:58.364 D/wpa_supplicant(  659): wlan0:    skip - SSID mismatch
02-28 18:02:58.364 D/wpa_supplicant(  659): wlan0: 9: e4:d3:32:c0:cf:a4 ssid='fast' wpa_ie_len=0 rsn_ie_len=20 caps=0x411 level=-70
02-28 18:02:58.364 D/wpa_supplicant(  659): wlan0:    skip - SSID mismatch
02-28 18:02:58.364 D/wpa_supplicant(  659): wlan0: 10: b0:48:7a:51:ff:cc ssid='Neusoft TP' wpa_ie_len=22 rsn_ie_len=20 caps=0x431 level=-71 wps
02-28 18:02:58.364 D/wpa_supplicant(  659): wlan0:    skip - SSID mismatch
02-28 18:02:58.364 D/wpa_supplicant(  659): wlan0: 11: 02:1a:11:f8:2f:eb ssid='io1' wpa_ie_len=0 rsn_ie_len=20 caps=0x431 level=-71
02-28 18:02:58.374 D/wpa_supplicant(  659): wlan0:    skip - SSID mismatch
02-28 18:02:58.374 D/wpa_supplicant(  659): wlan0: 12: cc:b2:55:e2:84:70 ssid='DLINK_APK' wpa_ie_len=22 rsn_ie_len=20 caps=0x411 level=-74
02-28 18:02:58.374 D/wpa_supplicant(  659): wlan0:    skip - SSID mismatch
02-28 18:02:58.374 D/wpa_supplicant(  659): wlan0: 13: 14:d6:4d:28:ef:c8 ssid='dlink' wpa_ie_len=0 rsn_ie_len=20 caps=0x431 level=-79 wps
02-28 18:02:58.374 D/wpa_supplicant(  659): wlan0:    skip - SSID mismatch
02-28 18:02:58.374 D/wpa_supplicant(  659): wlan0: 14: 00:0f:e2:0f:9f:c1 ssid='321_WAN' wpa_ie_len=28 rsn_ie_len=24 caps=0x411 level=-79
02-28 18:02:58.374 D/wpa_supplicant(  659): wlan0:    skip - SSID mismatch
02-28 18:02:58.374 D/wpa_supplicant(  659): wlan0: 15: e4:d3:32:db:f6:03 ssid='adddda' wpa_ie_len=0 rsn_ie_len=20 caps=0x31 level=-76
02-28 18:02:58.374 D/wpa_supplicant(  659): wlan0:    skip - SSID mismatch
02-28 18:02:58.374 D/wpa_supplicant(  659): wlan0: 16: c0:cb:38:7f:c9:09 ssid='360WiFi-7908' wpa_ie_len=0 rsn_ie_len=20 caps=0x511 level=-83
02-28 18:02:58.374 D/wpa_supplicant(  659): wlan0:    skip - SSID mismatch
02-28 18:02:58.374 D/wpa_supplicant(  659): wlan0: 17: c0:c1:c0:76:81:3c ssid='E2000' wpa_ie_len=0 rsn_ie_len=0 caps=0x401 level=-61 wps
02-28 18:02:58.374 D/wpa_supplicant(  659): wlan0:    skip - SSID mismatch
02-28 18:02:58.374 D/wpa_supplicant(  659): wlan0: 18: 50:bd:5f:4b:29:92 ssid='Internet-2' wpa_ie_len=0 rsn_ie_len=0 caps=0x421 level=-64
02-28 18:02:58.374 D/wpa_supplicant(  659): wlan0:    skip - SSID mismatch
02-28 18:02:58.374 D/wpa_supplicant(  659): wlan0: 19: e4:d3:32:dd:18:62 ssid='Internet' wpa_ie_len=0 rsn_ie_len=0 caps=0x421 level=-81
02-28 18:02:58.374 D/wpa_supplicant(  659): wlan0:    skip - SSID mismatch
02-28 18:02:58.374 D/wpa_supplicant(  659): wlan0: Selecting BSS from priority group 15
02-28 18:02:58.374 D/wpa_supplicant(  659): wlan0: 0: c8:d7:19:60:62:f2 ssid='E3000-2.4G' wpa_ie_len=0 rsn_ie_len=20 caps=0x411 level=-43
02-28 18:02:58.374 D/wpa_supplicant(  659): wlan0:    skip - SSID mismatch
02-28 18:02:58.374 D/wpa_supplicant(  659): wlan0: 1: f8:d1:11:e7:99:e8 ssid='videotest' wpa_ie_len=22 rsn_ie_len=20 caps=0x531 level=-44 wps
02-28 18:02:58.374 D/wpa_supplicant(  659): wlan0:    skip - SSID mismatch
02-28 18:02:58.374 D/wpa_supplicant(  659): wlan0: 2: 44:94:fc:3d:da:38 ssid='6300' wpa_ie_len=0 rsn_ie_len=20 caps=0x411 level=-50 wps
02-28 18:02:58.374 D/wpa_supplicant(  659): wlan0:    skip - SSID mismatch
02-28 18:02:58.374 D/wpa_supplicant(  659): wlan0: 3: 90:94:e4:03:45:f5 ssid='DAP-2553_D' wpa_ie_len=0 rsn_ie_len=24 caps=0x431 level=-55
02-28 18:02:58.374 D/wpa_supplicant(  659): wlan0:    skip - SSID mismatch
02-28 18:02:58.374 D/wpa_supplicant(  659): wlan0: 4: 10:c3:7b:d2:e5:e0 ssid='ASUS_RT-AC66U-2.4G' wpa_ie_len=0 rsn_ie_len=20 caps=0x411 level=-58 wps
02-28 18:02:58.374 D/wpa_supplicant(  659): wlan0:    skip - SSID mismatch
02-28 18:02:58.374 D/wpa_supplicant(  659): wlan0: 5: c4:17:fe:3f:4f:fb ssid='cmcm' wpa_ie_len=0 rsn_ie_len=20 caps=0x511 level=-61
02-28 18:02:58.374 D/wpa_supplicant(  659): wlan0:    skip - SSID mismatch
02-28 18:02:58.374 D/wpa_supplicant(  659): wlan0: 6: cc:34:29:2b:26:4c ssid='cws-test' wpa_ie_len=0 rsn_ie_len=20 caps=0x431 level=-61 wps
02-28 18:02:58.374 D/wpa_supplicant(  659): wlan0:    skip - SSID mismatch
02-28 18:02:58.374 D/wpa_supplicant(  659): wlan0: 7: cc:34:29:2c:fb:ec ssid='linksys' wpa_ie_len=22 rsn_ie_len=20 caps=0x431 level=-62 wps
02-28 18:02:58.374 D/wpa_supplicant(  659): wlan0:    skip - SSID mismatch
02-28 18:02:58.374 D/wpa_supplicant(  659): wlan0: 8: 98:fc:11:81:35:fb ssid='E2000EE' wpa_ie_len=0 rsn_ie_len=20 caps=0x411 level=-63 wps
02-28 18:02:58.374 D/wpa_supplicant(  659): wlan0:    skip - SSID mismatch
02-28 18:02:58.374 D/wpa_supplicant(  659): wlan0: 9: e4:d3:32:c0:cf:a4 ssid='fast' wpa_ie_len=0 rsn_ie_len=20 caps=0x411 level=-70
02-28 18:02:58.374 D/wpa_supplicant(  659): wlan0:    skip - SSID mismatch
02-28 18:02:58.374 D/wpa_supplicant(  659): wlan0: 10: b0:48:7a:51:ff:cc ssid='Neusoft TP' wpa_ie_len=22 rsn_ie_len=20 caps=0x431 level=-71 wps
02-28 18:02:58.374 D/wpa_supplicant(  659): wlan0:    skip - SSID mismatch
02-28 18:02:58.374 D/wpa_supplicant(  659): wlan0: 11: 02:1a:11:f8:2f:eb ssid='io1' wpa_ie_len=0 rsn_ie_len=20 caps=0x431 level=-71
02-28 18:02:58.374 D/wpa_supplicant(  659): wlan0:    skip - SSID mismatch
02-28 18:02:58.374 D/wpa_supplicant(  659): wlan0: 12: cc:b2:55:e2:84:70 ssid='DLINK_APK' wpa_ie_len=22 rsn_ie_len=20 caps=0x411 level=-74
02-28 18:02:58.374 D/wpa_supplicant(  659): wlan0:    skip - SSID mismatch
02-28 18:02:58.374 D/wpa_supplicant(  659): wlan0: 13: 14:d6:4d:28:ef:c8 ssid='dlink' wpa_ie_len=0 rsn_ie_len=20 caps=0x431 level=-79 wps
02-28 18:02:58.374 D/wpa_supplicant(  659): wlan0:    skip - SSID mismatch
02-28 18:02:58.374 D/wpa_supplicant(  659): wlan0: 14: 00:0f:e2:0f:9f:c1 ssid='321_WAN' wpa_ie_len=28 rsn_ie_len=24 caps=0x411 level=-79
02-28 18:02:58.374 D/wpa_supplicant(  659): wlan0:    skip - SSID mismatch
02-28 18:02:58.374 D/wpa_supplicant(  659): wlan0: 15: e4:d3:32:db:f6:03 ssid='adddda' wpa_ie_len=0 rsn_ie_len=20 caps=0x31 level=-76
02-28 18:02:58.374 D/wpa_supplicant(  659): wlan0:    skip - SSID mismatch
02-28 18:02:58.374 D/wpa_supplicant(  659): wlan0: 16: c0:cb:38:7f:c9:09 ssid='360WiFi-7908' wpa_ie_len=0 rsn_ie_len=20 caps=0x511 level=-83
02-28 18:02:58.374 D/wpa_supplicant(  659): wlan0:    skip - SSID mismatch
02-28 18:02:58.374 D/wpa_supplicant(  659): wlan0: 17: c0:c1:c0:76:81:3c ssid='E2000' wpa_ie_len=0 rsn_ie_len=0 caps=0x401 level=-61 wps
02-28 18:02:58.374 D/wpa_supplicant(  659): wlan0:    skip - SSID mismatch
02-28 18:02:58.374 D/wpa_supplicant(  659): wlan0: 18: 50:bd:5f:4b:29:92 ssid='Internet-2' wpa_ie_len=0 rsn_ie_len=0 caps=0x421 level=-64
02-28 18:02:58.374 D/wpa_supplicant(  659): wlan0:    skip - SSID mismatch
02-28 18:02:58.374 D/wpa_supplicant(  659): wlan0: 19: e4:d3:32:dd:18:62 ssid='Internet' wpa_ie_len=0 rsn_ie_len=0 caps=0x421 level=-81
02-28 18:02:58.374 D/wpa_supplicant(  659): wlan0:    skip - SSID mismatch
02-28 18:02:58.374 D/wpa_supplicant(  659): wlan0: Selecting BSS from priority group 4
02-28 18:02:58.374 D/wpa_supplicant(  659): wlan0: 0: c8:d7:19:60:62:f2 ssid='E3000-2.4G' wpa_ie_len=0 rsn_ie_len=20 caps=0x411 level=-43
02-28 18:02:58.374 D/wpa_supplicant(  659): wlan0:    skip - disabled
02-28 18:02:58.374 D/wpa_supplicant(  659): wlan0: 1: f8:d1:11:e7:99:e8 ssid='videotest' wpa_ie_len=22 rsn_ie_len=20 caps=0x531 level=-44 wps
02-28 18:02:58.374 D/wpa_supplicant(  659): wlan0:    skip - disabled
02-28 18:02:58.374 D/wpa_supplicant(  659): wlan0: 2: 44:94:fc:3d:da:38 ssid='6300' wpa_ie_len=0 rsn_ie_len=20 caps=0x411 level=-50 wps
02-28 18:02:58.374 D/wpa_supplicant(  659): wlan0:    skip - disabled
02-28 18:02:58.374 D/wpa_supplicant(  659): wlan0: 3: 90:94:e4:03:45:f5 ssid='DAP-2553_D' wpa_ie_len=0 rsn_ie_len=24 caps=0x431 level=-55
02-28 18:02:58.374 D/wpa_supplicant(  659): wlan0:    skip - disabled
02-28 18:02:58.374 D/wpa_supplicant(  659): wlan0: 4: 10:c3:7b:d2:e5:e0 ssid='ASUS_RT-AC66U-2.4G' wpa_ie_len=0 rsn_ie_len=20 caps=0x411 level=-58 wps
02-28 18:02:58.374 D/wpa_supplicant(  659): wlan0:    skip - disabled
02-28 18:02:58.374 D/wpa_supplicant(  659): wlan0: 5: c4:17:fe:3f:4f:fb ssid='cmcm' wpa_ie_len=0 rsn_ie_len=20 caps=0x511 level=-61
02-28 18:02:58.374 D/wpa_supplicant(  659): wlan0:    skip - disabled
02-28 18:02:58.374 D/wpa_supplicant(  659): wlan0: 6: cc:34:29:2b:26:4c ssid='cws-test' wpa_ie_len=0 rsn_ie_len=20 caps=0x431 level=-61 wps
02-28 18:02:58.374 D/wpa_supplicant(  659): wlan0:    skip - disabled
02-28 18:02:58.374 D/wpa_supplicant(  659): wlan0: 7: cc:34:29:2c:fb:ec ssid='linksys' wpa_ie_len=22 rsn_ie_len=20 caps=0x431 level=-62 wps
02-28 18:02:58.374 D/wpa_supplicant(  659): wlan0:    skip - disabled
02-28 18:02:58.374 D/wpa_supplicant(  659): wlan0: 8: 98:fc:11:81:35:fb ssid='E2000EE' wpa_ie_len=0 rsn_ie_len=20 caps=0x411 level=-63 wps
02-28 18:02:58.374 D/wpa_supplicant(  659): wlan0:    skip - disabled
02-28 18:02:58.374 D/wpa_supplicant(  659): wlan0: 9: e4:d3:32:c0:cf:a4 ssid='fast' wpa_ie_len=0 rsn_ie_len=20 caps=0x411 level=-70
02-28 18:02:58.374 D/wpa_supplicant(  659): wlan0:    skip - disabled
02-28 18:02:58.374 D/wpa_supplicant(  659): wlan0: 10: b0:48:7a:51:ff:cc ssid='Neusoft TP' wpa_ie_len=22 rsn_ie_len=20 caps=0x431 level=-71 wps
02-28 18:02:58.374 D/wpa_supplicant(  659): wlan0:    skip - disabled
02-28 18:02:58.374 D/wpa_supplicant(  659): wlan0: 11: 02:1a:11:f8:2f:eb ssid='io1' wpa_ie_len=0 rsn_ie_len=20 caps=0x431 level=-71
02-28 18:02:58.374 D/wpa_supplicant(  659): wlan0:    skip - disabled
02-28 18:02:58.374 D/wpa_supplicant(  659): wlan0: 12: cc:b2:55:e2:84:70 ssid='DLINK_APK' wpa_ie_len=22 rsn_ie_len=20 caps=0x411 level=-74
02-28 18:02:58.374 D/wpa_supplicant(  659): wlan0:    skip - disabled
02-28 18:02:58.374 D/wpa_supplicant(  659): wlan0: 13: 14:d6:4d:28:ef:c8 ssid='dlink' wpa_ie_len=0 rsn_ie_len=20 caps=0x431 level=-79 wps
02-28 18:02:58.374 D/wpa_supplicant(  659): wlan0:    skip - disabled
02-28 18:02:58.374 D/wpa_supplicant(  659): wlan0: 14: 00:0f:e2:0f:9f:c1 ssid='321_WAN' wpa_ie_len=28 rsn_ie_len=24 caps=0x411 level=-79
02-28 18:02:58.374 D/wpa_supplicant(  659): wlan0:    skip - disabled
02-28 18:02:58.374 D/wpa_supplicant(  659): wlan0: 15: e4:d3:32:db:f6:03 ssid='adddda' wpa_ie_len=0 rsn_ie_len=20 caps=0x31 level=-76
02-28 18:02:58.374 D/wpa_supplicant(  659): wlan0:    skip - disabled
02-28 18:02:58.374 D/wpa_supplicant(  659): wlan0: 16: c0:cb:38:7f:c9:09 ssid='360WiFi-7908' wpa_ie_len=0 rsn_ie_len=20 caps=0x511 level=-83
02-28 18:02:58.374 D/wpa_supplicant(  659): wlan0:    skip - disabled
02-28 18:02:58.374 D/wpa_supplicant(  659): wlan0: 17: c0:c1:c0:76:81:3c ssid='E2000' wpa_ie_len=0 rsn_ie_len=0 caps=0x401 level=-61 wps
02-28 18:02:58.374 D/wpa_supplicant(  659): wlan0:    skip - disabled
02-28 18:02:58.374 D/wpa_supplicant(  659): wlan0: 18: 50:bd:5f:4b:29:92 ssid='Internet-2' wpa_ie_len=0 rsn_ie_len=0 caps=0x421 level=-64
02-28 18:02:58.374 D/wpa_supplicant(  659): wlan0:    skip - disabled
02-28 18:02:58.374 D/wpa_supplicant(  659): wlan0: 19: e4:d3:32:dd:18:62 ssid='Internet' wpa_ie_len=0 rsn_ie_len=0 caps=0x421 level=-81
02-28 18:02:58.374 D/wpa_supplicant(  659): wlan0:    skip - disabled
02-28 18:02:58.374 D/wpa_supplicant(  659): wlan0: No suitable network found
02-28 18:02:58.374 D/wpa_supplicant(  659): wlan0: Setting scan request: 40 sec 0 usec
02-28 18:02:58.374 D/wpa_supplicant(  659): wlan0: Checking for other virtual interfaces sharing same radio (phy0) in event_scan_results
02-28 18:02:58.374 D/wpa_supplicant(  659): p2p-dev-wlan0: Updating scan results from sibling
02-28 18:02:58.384 D/wpa_supplicant(  659): nl80211: Received scan results (21 BSSes)
02-28 18:02:58.384 D/wpa_supplicant(  659): nl80211: Survey data missing
02-28 18:02:58.384 D/wpa_supplicant(  659): p2p-dev-wlan0: BSS: Start scan result update 21
02-28 18:02:58.384 D/wpa_supplicant(  659): BSS: No P2P IE - skipping BSS c8:d7:19:60:62:f2 update for P2P interface
02-28 18:02:58.384 D/wpa_supplicant(  659): BSS: No P2P IE - skipping BSS f8:d1:11:e7:99:e8 update for P2P interface
02-28 18:02:58.384 D/wpa_supplicant(  659): BSS: No P2P IE - skipping BSS 44:94:fc:3d:da:38 update for P2P interface
02-28 18:02:58.384 D/wpa_supplicant(  659): BSS: No P2P IE - skipping BSS 90:94:e4:03:45:f5 update for P2P interface
02-28 18:02:58.384 D/wpa_supplicant(  659): BSS: No P2P IE - skipping BSS 10:c3:7b:d2:e5:e0 update for P2P interface
02-28 18:02:58.384 D/wpa_supplicant(  659): BSS: No P2P IE - skipping BSS c4:17:fe:3f:4f:fb update for P2P interface
02-28 18:02:58.384 D/wpa_supplicant(  659): BSS: No P2P IE - skipping BSS cc:34:29:2b:26:4c update for P2P interface
02-28 18:02:58.384 D/wpa_supplicant(  659): BSS: No P2P IE - skipping BSS cc:34:29:2c:fb:ec update for P2P interface
02-28 18:02:58.384 D/wpa_supplicant(  659): BSS: No P2P IE - skipping BSS 98:fc:11:81:35:fb update for P2P interface
02-28 18:02:58.384 D/wpa_supplicant(  659): BSS: No P2P IE - skipping BSS e4:d3:32:c0:cf:a4 update for P2P interface
02-28 18:02:58.384 D/wpa_supplicant(  659): BSS: No P2P IE - skipping BSS b0:48:7a:51:ff:cc update for P2P interface
02-28 18:02:58.384 D/wpa_supplicant(  659): BSS: No P2P IE - skipping BSS 02:1a:11:f8:2f:eb update for P2P interface
02-28 18:02:58.384 D/wpa_supplicant(  659): BSS: No P2P IE - skipping BSS cc:b2:55:e2:84:70 update for P2P interface
02-28 18:02:58.384 D/wpa_supplicant(  659): BSS: No P2P IE - skipping BSS 14:d6:4d:28:ef:c8 update for P2P interface
02-28 18:02:58.384 D/wpa_supplicant(  659): BSS: No P2P IE - skipping BSS 00:0f:e2:0f:9f:c1 update for P2P interface
02-28 18:02:58.384 D/wpa_supplicant(  659): BSS: No P2P IE - skipping BSS e4:d3:32:db:f6:03 update for P2P interface
02-28 18:02:58.384 D/wpa_supplicant(  659): BSS: No P2P IE - skipping BSS c0:cb:38:7f:c9:09 update for P2P interface
02-28 18:02:58.384 D/wpa_supplicant(  659): BSS: No P2P IE - skipping BSS c0:c1:c0:76:81:3c update for P2P interface
02-28 18:02:58.384 D/wpa_supplicant(  659): BSS: No P2P IE - skipping BSS 50:bd:5f:4b:29:92 update for P2P interface
02-28 18:02:58.384 D/wpa_supplicant(  659): BSS: No P2P IE - skipping BSS e4:d3:32:dd:18:62 update for P2P interface
02-28 18:02:58.384 D/wpa_supplicant(  659): BSS: last_scan_res_used=0/0 last_scan_full=0
02-28 18:02:58.384 D/wpa_supplicant(  659): p2p-dev-wlan0: New scan results available
02-28 18:02:58.384 D/wpa_supplicant(  659): CTRL_IFACE monitor send - hexdump(len=39): 2f 64 61 74 61 2f 6d 69 73 63 2f 77 69 66 69 2f 73 6f 63 6b 65 74 73 2f 77 70 61 5f 63 74 72 6c ...
02-28 18:02:58.384 I/WifiHW  (  506): EVENT: IFNAME=p2p-dev-wlan0 CTRL-EVENT-SCAN-RESULTS 
02-28 18:02:58.384 D/wpa_supplicant(  659): WPS: AP[0] c8:d7:19:60:62:f2 type=0 tries=0 last_attempt=-1 sec ago blacklist=0
02-28 18:02:58.384 D/wpa_supplicant(  659): WPS: AP[1] f8:d1:11:e7:99:e8 type=0 tries=0 last_attempt=-1 sec ago blacklist=0
02-28 18:02:58.384 D/wpa_supplicant(  659): WPS: AP[2] cc:34:29:2c:fb:ec type=0 tries=0 last_attempt=-1 sec ago blacklist=0
02-28 18:02:58.384 D/wpa_supplicant(  659): WPS: AP[3] 10:c3:7b:d2:e5:e0 type=0 tries=0 last_attempt=-1 sec ago blacklist=0
02-28 18:02:58.384 D/wpa_supplicant(  659): WPS: AP[4] cc:34:29:2b:26:4c type=0 tries=0 last_attempt=-1 sec ago blacklist=0
02-28 18:02:58.384 D/wpa_supplicant(  659): WPS: AP[5] 44:94:fc:3d:da:38 type=0 tries=0 last_attempt=-1 sec ago blacklist=0
02-28 18:02:58.384 D/wpa_supplicant(  659): WPS: AP[6] b0:48:7a:51:ff:cc type=0 tries=0 last_attempt=-1 sec ago blacklist=0
02-28 18:02:58.384 D/wpa_supplicant(  659): WPS: AP[7] c0:c1:c0:76:81:3c type=0 tries=0 last_attempt=-1 sec ago blacklist=0
02-28 18:02:58.384 D/wpa_supplicant(  659): WPS: AP[8] 10:9f:a9:dc:b1:fc type=0 tries=0 last_attempt=-1 sec ago blacklist=0
02-28 18:02:58.384 D/wpa_supplicant(  659): WPS: AP[9] 98:fc:11:81:35:fb type=0 tries=0 last_attempt=-1 sec ago blacklist=0
02-28 18:02:58.384 D/wpa_supplicant(  659): WPS: AP[10] e4:d3:32:36:2e:54 type=0 tries=0 last_attempt=-1 sec ago blacklist=0
02-28 18:02:58.384 D/wpa_supplicant(  659): WPS: AP[11] c0:a0:bb:20:3b:84 type=0 tries=0 last_attempt=-1 sec ago blacklist=0
02-28 18:02:58.384 D/wpa_supplicant(  659): WPS: AP[12] 14:d6:4d:28:ef:c8 type=0 tries=0 last_attempt=-1 sec ago blacklist=0
02-28 18:02:58.384 D/wpa_supplicant(  659): WPS: AP[13] 2c:b0:5d:7f:f4:24 type=0 tries=0 last_attempt=-1 sec ago blacklist=0
02-28 18:02:58.384 D/wpa_supplicant(  659): p2p-dev-wlan0: No suitable network found
02-28 18:02:58.384 D/wpa_supplicant(  659): p2p-dev-wlan0: Short-circuit new scan request since there are no enabled networks
02-28 18:02:58.384 D/wpa_supplicant(  659): p2p-dev-wlan0: State: INACTIVE -> INACTIVE
02-28 18:02:58.384 D/wpa_supplicant(  659): wlan0: P2P: Station mode scan operation not pending anymore (sta_scan_pending=0 p2p_cb_on_scan_complete=0)
02-28 18:02:58.384 D/wpa_supplicant(  659): RX ctrl_iface - hexdump(len=25): 42 53 53 20 52 41 4e 47 45 3d 30 2d 20 4d 41 53 4b 3d 30 78 32 31 39 38 37
02-28 18:02:58.384 D/wpa_supplicant(  659): wlan0: Control interface command 'BSS RANGE=0- MASK=0x21987'
02-28 18:02:58.384 I/WifiHW  (  506): REPLY: id=175
02-28 18:02:58.384 I/WifiHW  (  506): REPLY: bssid=f8:d1:11:e7:99:e8
02-28 18:02:58.384 I/WifiHW  (  506): REPLY: freq=2437
02-28 18:02:58.384 I/WifiHW  (  506): REPLY: level=-44
02-28 18:02:58.384 I/WifiHW  (  506): REPLY: tsf=0000030500154776
02-28 18:02:58.384 I/WifiHW  (  506): REPLY: flags=[WPA-PSK-CCMP][WPA2-PSK-CCMP][WPS][ESS]
02-28 18:02:58.384 I/WifiHW  (  506): REPLY: ssid=videotest
02-28 18:02:58.384 I/WifiHW  (  506): REPLY: ====
02-28 18:02:58.384 I/WifiHW  (  506): REPLY: id=176
02-28 18:02:58.384 I/WifiHW  (  506): REPLY: bssid=c8:d7:19:60:62:f2
02-28 18:02:58.384 I/WifiHW  (  506): REPLY: freq=2437
02-28 18:02:58.384 I/WifiHW  (  506): REPLY: level=-43
02-28 18:02:58.384 I/WifiHW  (  506): REPLY: tsf=0000030500154741
02-28 18:02:58.384 I/WifiHW  (  506): REPLY: flags=[WPA2-EAP-CCMP-preauth][ESS]
02-28 18:02:58.384 I/WifiHW  (  506): REPLY: ssid=E3000-2.4G
02-28 18:02:58.384 I/WifiHW  (  506): REPLY: ====
02-28 18:02:58.384 I/WifiHW  (  506): REPLY: id=177
02-28 18:02:58.384 I/WifiHW  (  506): REPLY: bssid=6c:8b:2f:e8:38:24
02-28 18:02:58.384 I/WifiHW  (  506): REPLY: freq=2437
02-28 18:02:58.384 I/WifiHW  (  506): REPLY: level=-52
02-28 18:02:58.384 I/WifiHW  (  506): REPLY: tsf=0000030458922842
02-28 18:02:58.384 I/WifiHW  (  506): REPLY: flags=[WPA2-PSK-CCMP][ESS]
02-28 18:02:58.384 I/WifiHW  (  506): REPLY: ssid=ZTE_AP_6703
02-28 18:02:58.384 I/WifiHW  (  506): REPLY: ====
02-28 18:02:58.384 I/WifiHW  (  506): REPLY: id=178
02-28 18:02:58.384 I/WifiHW  (  506): REPLY: bssid=44:94:fc:3d:da:38
02-28 18:02:58.384 I/WifiHW  (  506): REPLY: freq=2462
02-28 18:02:58.384 I/WifiHW  (  506): REPLY: level=-50
02-28 18:02:58.384 I/WifiHW  (  506): REPLY: tsf=0000030500154881
02-28 18:02:58.384 I/WifiHW  (  506): REPLY: flags=[WPA2-EAP-CCMP-preauth][WPS][ESS]
02-28 18:02:58.384 I/WifiHW  (  506): REPLY: ssid=6300
02-28 18:02:58.384 I/WifiHW  (  506): REPLY: ====
02-28 18:02:58.384 I/WifiHW  (  506): REPLY: id=179
02-28 18:02:58.384 I/WifiHW  (  506): REPLY: bssid=cc:34:29:2b:26:4c
02-28 18:02:58.384 I/WifiHW  (  506): REPLY: freq=2462
02-28 18:02:58.384 I/WifiHW  (  506): REPLY: level=-61
02-28 18:02:58.384 I/WifiHW  (  506): REPLY: tsf=0000030500154891
02-28 18:02:58.384 I/WifiHW  (  506): REPLY: flags=[WPA2-PSK-CCMP][WPS][ESS]
02-28 18:02:58.384 I/WifiHW  (  506): REPLY: ssid=cws-test
02-28 18:02:58.384 I/WifiHW  (  506): REPLY: ====
02-28 18:02:58.384 I/WifiHW  (  506): REPLY: id=181
02-28 18:02:58.384 I/WifiHW  (  506): REPLY: bssid=cc:34:29:2c:fb:ec
02-28 18:02:58.384 I/WifiHW  (  506): REPLY: freq=2412
02-28 18:02:58.384 I/WifiHW  (  506): REPLY: level=-62
02-28 18:02:58.384 I/WifiHW  (  506): REPLY: tsf=0000030500154731
02-28 18:02:58.384 I/WifiHW  (  506): REPLY: flags=[WPA-PSK-CCMP][WPA2-PSK-CCMP][WPS][ESS]
02-28 18:02:58.384 I/WifiHW  (  506): REPLY: ssid=linksys
02-28 18:02:58.384 I/WifiHW  (  506): REPLY: ====
02-28 18:02:58.384 I/WifiHW  (  506): REPLY: id=182
02-28 18:02:58.384 I/WifiHW  (  506): REPLY: bssid=c4:17:fe:3f:4f:fb
02-28 18:02:58.384 I/WifiHW  (  506): REPLY: freq=2437
02-28 18:02:58.384 I/WifiHW  (  506): REPLY: level=-61
02-28 18:02:58.384 I/WifiHW  (  506): REPLY: tsf=0000030500154786
02-28 18:02:58.384 I/WifiHW  (  506): REPLY: flags=[WPA2-PSK-CCMP][ESS]
02-28 18:02:58.384 I/WifiHW  (  506): REPLY: ssid=cmcm
02-28 18:02:58.384 I/WifiHW  (  506): REPLY: ====
02-28 18:02:58.384 I/WifiHW  (  506): REPLY: id=183
02-28 18:02:58.384 I/WifiHW  (  506): REPLY: bssid=98:fc:11:81:35:fb
02-28 18:02:58.384 I/WifiHW  (  506): REPLY: freq=2412
02-28 18:02:58.384 I/WifiHW  (  506): REPLY: level=-63
02-28 18:02:58.384 I/WifiHW  (  506): REPLY: tsf=0000030500154722
02-28 18:02:58.384 I/WifiHW  (  506): REPLY: flags=[WPA2-PSK-CCMP][WPS][ESS]
02-28 18:02:58.384 I/WifiHW  (  506): REPLY: ssid=E2000EE
02-28 18:02:58.384 I/WifiHW  (  506): REPLY: ====
02-28 18:02:58.384 I/WifiHW  (  506): REPLY: id=187
02-28 18:02:58.384 I/WifiHW  (  506): REPLY: bssid=c0:cb:38:7f:c9:09
02-28 18:02:58.384 I/WifiHW  (  506): REPLY: freq=2437
02-28 18:02:58.384 I/WifiHW  (  506): REPLY: level=-83
02-28 18:02:58.384 I/WifiHW  (  506): REPLY: tsf=0000030500154766
02-28 18:02:58.384 I/WifiHW  (  506): REPLY: flags=[WPA2-PSK-CCMP][ESS]
02-28 18:02:58.384 I/WifiHW  (  506): REPLY: ssid=360WiFi-7908
02-28 18:02:58.384 I/WifiHW  (  506): REPLY: ====
02-28 18:02:58.384 I/WifiHW  (  506): REPLY: id=190
02-28 18:02:58.384 I/WifiHW  (  506): REPLY: bssid=c0:c1:c0:76:81:3c
02-28 18:02:58.384 I/WifiHW  (  506): REPLY: freq=2462
02-28 18:02:58.384 I/WifiHW  (  506): REPLY: level=-61
02-28 18:02:58.384 I/WifiHW  (  506): REPLY: tsf=0000030500154920
02-28 18:02:58.384 I/WifiHW  (  506): REPLY: flags=[WPS][ESS]
02-28 18:02:58.384 I/WifiHW  (  506): REPLY: ssid=E2000
02-28 18:02:58.384 I/WifiHW  (  506): REPLY: ====
02-28 18:02:58.384 I/WifiHW  (  506): REPLY: id=193
02-28 18:02:58.384 I/WifiHW  (  506): REPLY: bssid=10:c3:7b:d2:e5:e0
02-28 18:02:58.384 I/WifiHW  (  506): REPLY: freq=2462
02-28 18:02:58.384 I/WifiHW  (  506): REPLY: level=-58
02-28 18:02:58.384 I/WifiHW  (  506): REPLY: tsf=0000030500154871
02-28 18:02:58.384 I/WifiHW  (  506): REPLY: flags=[WPA2-PSK-CCMP][WPS][ESS]
02-28 18:02:58.384 I/WifiHW  (  506): REPLY: ssid=ASUS_RT-AC66U-2.4G
02-28 18:02:58.384 I/WifiHW  (  506): REPLY: ====
02-28 18:02:58.384 I/WifiHW  (  506): REPLY: id=205
02-28 18:02:58.384 I/WifiHW  (  506): REPLY: bssid=50:bd:5f:4b:29:92
02-28 18:02:58.384 I/WifiHW  (  506): REPLY: freq=2437
02-28 18:02:58.384 I/WifiHW  (  506): REPLY: level=-64
02-28 18:02:58.384 I/WifiHW  (  506): REPLY: tsf=0000030500154749
02-28 18:02:58.384 I/WifiHW  (  506): REPLY: flags=[ESS]
02-28 18:02:58.384 I/WifiHW  (  506): REPLY: ssid=Internet-2
02-28 18:02:58.384 I/WifiHW  (  506): REPLY: ====
02-28 18:02:58.384 I/WifiHW  (  506): REPLY: id=207
02-28 18:02:58.384 I/WifiHW  (  506): REPLY: bssid=e4:d3:32:c0:cf:a4
02-28 18:02:58.384 I/WifiHW  (  506): REPLY: freq=2437
02-28 18:02:58.384 I/WifiHW  (  506): REPLY: level=-70
02-28 18:02:58.384 I/WifiHW  (  506): REPLY: tsf=0000030500154758
02-28 18:02:58.384 I/WifiHW  (  506): REPLY: flags=[WPA2-PSK-CCMP][ESS]
02-28 18:02:58.384 I/WifiHW  (  506): REPLY: ssid=fast
02-28 18:02:58.384 I/WifiHW  (  506): REPLY: ====
02-28 18:02:58.384 I/WifiHW  (  506): REPLY: id=217
02-28 18:02:58.384 I/WifiHW  (  506): REPLY: bssid=7a:24:af:1e:df:58
02-28 18:02:58.384 I/WifiHW  (  506): REPLY: freq=2412
02-28 18:02:58.384 I/WifiHW  (  506): REPLY: level=-50
02-28 18:02:58.384 I/WifiHW  (  506): REPLY: tsf=0000030458922954
02-28 18:02:58.384 I/WifiHW  (  506): REPLY: flags=[WEP]
02-28 18:02:58.384 I/WifiHW  (  506): REPLY: ssid=DIRECT-
02-28 18:02:58.384 I/WifiHW  (  506): REPLY: ====
02-28 18:02:58.384 I/WifiHW  (  506): REPLY: id=218
02-28 18:02:58.384 I/WifiHW  (  506): REPLY: bssid=02:1a:11:f8:2f:eb
02-28 18:02:58.384 I/WifiHW  (  506): REPLY: freq=2437
02-28 18:02:58.384 I/WifiHW  (  506): REPLY: level=-71
02-28 18:02:58.384 I/WifiHW  (  506): REPLY: tsf=0000030500154794
02-28 18:02:58.384 I/WifiHW  (  506): REPLY: flags=[WPA2-PSK-CCMP][ESS]
02-28 18:02:58.384 I/WifiHW  (  506): REPLY: ssid=io1
02-28 18:02:58.384 I/WifiHW  (  506): REPLY: ====
02-28 18:02:58.384 I/WifiHW  (  506): REPLY: id=229
02-28 18:02:58.384 I/WifiHW  (  506): REPLY: bssid=90:94:e4:03:45:f5
02-28 18:02:58.384 I/WifiHW  (  506): REPLY: freq=2442
02-28 18:02:58.384 I/WifiHW  (  506): REPLY: level=-55
02-28 18:02:58.384 I/WifiHW  (  506): REPLY: tsf=0000030500154812
02-28 18:02:58.384 I/WifiHW  (  506): REPLY: flags=[WPA2-PSK-CCMP+TKIP][ESS]
02-28 18:02:58.384 I/WifiHW  (  506): REPLY: ssid=DAP-2553_D
02-28 18:02:58.384 I/WifiHW  (  506): REPLY: ====
02-28 18:02:58.384 I/WifiHW  (  506): REPLY: id=231
02-28 18:02:58.384 I/WifiHW  (  506): REPLY: bssid=00:0f:e2:0f:9f:c1
02-28 18:02:58.384 I/WifiHW  (  506): REPLY: freq=2462
02-28 18:02:58.384 I/WifiHW  (  506): REPLY: level=-79
02-28 18:02:58.384 I/WifiHW  (  506): REPLY: tsf=0000030500154902
02-28 18:02:58.384 I/WifiHW  (  506): REPLY: flags=[WPA-PSK-CCMP+TKIP][WPA2-PSK-CCMP+TKIP][ESS]
02-28 18:02:58.384 I/WifiHW  (  506): REPLY: ssid=321_WAN
02-28 18:02:58.384 I/WifiHW  (  506): REPLY: ====
02-28 18:02:58.384 I/WifiHW  (  506): REPLY: id=232
02-28 18:02:58.384 I/WifiHW  (  506): REPLY: bssid=e4:d3:32:dd:18:62
02-28 18:02:58.384 I/WifiHW  (  506): REPLY: freq=2437
02-28 18:02:58.384 I/WifiHW  (  506): REPLY: level=-81
02-28 18:02:58.384 I/WifiHW  (  506): REPLY: tsf=0000030500154821
02-28 18:02:58.384 I/WifiHW  (  506): REPLY: flags=[ESS]
02-28 18:02:58.384 I/WifiHW  (  506): REPLY: ssid=Internet
02-28 18:02:58.384 I/WifiHW  (  506): REPLY: ====
02-28 18:02:58.384 I/WifiHW  (  506): REPLY: id=235
02-28 18:02:58.384 I/WifiHW  (  506): REPLY: bssid=c0:a0:bb:20:3b:84
02-28 18:02:58.384 I/WifiHW  (  506): REPLY: freq=2417
02-28 18:02:58.384 I/WifiHW  (  506): REPLY: level=-78
02-28 18:02:58.384 I/WifiHW  (  506): REPLY: tsf=0000030458922834
02-28 18:02:58.384 I/WifiHW  (  506): REPLY: flags=[WPA-PSK-CCMP+TKIP][WPA2-PSK-CCMP+TKIP][WPS][ESS]
02-28 18:02:58.384 I/WifiHW  (  506): REPLY: ssid=dlink-3B84
02-28 18:02:58.384 I/WifiHW  (  506): REPLY: ====
02-28 18:02:58.384 I/WifiHW  (  506): REPLY: id=239
02-28 18:02:58.384 I/WifiHW  (  506): REPLY: bssid=b0:48:7a:51:ff:cc
02-28 18:02:58.384 I/WifiHW  (  506): REPLY: freq=2452
02-28 18:02:58.384 I/WifiHW  (  506): REPLY: level=-71
02-28 18:02:58.384 I/WifiHW  (  506): REPLY: tsf=0000030500154858
02-28 18:02:58.384 I/WifiHW  (  506): REPLY: flags=[WPA-PSK-CCMP][WPA2-PSK-CCMP][WPS][ESS]
02-28 18:02:58.384 I/WifiHW  (  506): REPLY: ssid=Neusoft TP
02-28 18:02:58.384 I/WifiHW  (  506): REPLY: ====
02-28 18:02:58.384 I/WifiHW  (  506): REPLY: id=240
02-28 18:02:58.384 I/WifiHW  (  506): REPLY: bssid=14:d6:4d:28:ef:c8
02-28 18:02:58.384 I/WifiHW  (  506): REPLY: freq=2437
02-28 18:02:58.384 I/WifiHW  (  506): REPLY: level=-79
02-28 18:02:58.384 I/WifiHW  (  506): REPLY: tsf=0000030500154803
02-28 18:02:58.384 I/WifiHW  (  506): REPLY: flags=[WPA2-PSK-CCMP][WPS][ESS]
02-28 18:02:58.384 I/WifiHW  (  506): REPLY: ssid=dlink
02-28 18:02:58.384 I/WifiHW  (  506): REPLY: ====
02-28 18:02:58.384 I/WifiHW  (  506): REPLY: id=241
02-28 18:02:58.384 I/WifiHW  (  506): REPLY: bssid=24:05:0f:2e:8a:21
02-28 18:02:58.384 I/WifiHW  (  506): REPLY: freq=2462
02-28 18:02:58.384 I/WifiHW  (  506): REPLY: level=-87
02-28 18:02:58.384 I/WifiHW  (  506): REPLY: tsf=0000030458923010
02-28 18:02:58.384 I/WifiHW  (  506): REPLY: flags=[WPA-PSK-CCMP][WPA2-PSK-CCMP][ESS]
02-28 18:02:58.384 I/WifiHW  (  506): REPLY: ssid=Online_360_m
02-28 18:02:58.384 I/WifiHW  (  506): REPLY: ====
02-28 18:02:58.384 I/WifiHW  (  506): REPLY: id=242
02-28 18:02:58.384 I/WifiHW  (  506): REPLY: bssid=cc:b2:55:e2:84:70
02-28 18:02:58.384 I/WifiHW  (  506): REPLY: freq=2447
02-28 18:02:58.384 I/WifiHW  (  506): REPLY: level=-74
02-28 18:02:58.384 I/WifiHW  (  506): REPLY: tsf=0000030500154849
02-28 18:02:58.384 I/WifiHW  (  506): REPLY: flags=[WPA-PSK-TKIP][WPA2-PSK-TKIP][ESS]
02-28 18:02:58.384 I/WifiHW  (  506): REPLY: ssid=DLINK_APK
02-28 18:02:58.384 I/WifiHW  (  506): REPLY: ====
02-28 18:02:58.384 I/WifiHW  (  506): REPLY: id=243
02-28 18:02:58.384 I/WifiHW  (  506): REPLY: bssid=e4:d3:32:db:f6:03
02-28 18:02:58.384 I/WifiHW  (  506): REPLY: freq=2447
02-28 18:02:58.384 I/WifiHW  (  506): REPLY: level=-76
02-28 18:02:58.384 I/WifiHW  (  506): REPLY: tsf=0000030500154839
02-28 18:02:58.384 I/WifiHW  (  506): REPLY: flags=[WPA2-PSK-TKIP][ESS]
02-28 18:02:58.384 I/WifiHW  (  506): REPLY: ssid=adddda
02-28 18:02:58.384 I/WifiHW  (  506): REPLY: ####
02-28 18:02:59.184 W/BindingManager( 8737): Cannot call determinedVisibility() - never saw a connection for the pid: 8737
02-28 18:02:59.214 E/MessagingManager( 8737): Invalidate message type: 0123456
02-28 18:02:59.224 W/System.err( 8737): org.json.JSONException: No value for conversationID
02-28 18:02:59.224 W/System.err( 8737): 	at org.json.JSONObject.get(JSONObject.java:355)
02-28 18:02:59.224 W/System.err( 8737): 	at org.json.JSONObject.getString(JSONObject.java:515)
02-28 18:02:59.224 W/System.err( 8737): 	at org.xwalk.core.internal.extension.api.messaging.MessagingManager.operation(MessagingManager.java:177)
02-28 18:02:59.224 W/System.err( 8737): 	at org.xwalk.core.internal.extension.api.messaging.MessagingManager.onMsgDeleteMessage(MessagingManager.java:54)
02-28 18:02:59.224 W/System.err( 8737): 	at org.xwalk.core.internal.extension.api.messaging.Messaging$6.runCommand(Messaging.java:70)
02-28 18:02:59.224 W/System.err( 8737): 	at org.xwalk.core.internal.extension.api.messaging.Messaging.onMessage(Messaging.java:121)
02-28 18:02:59.224 W/System.err( 8737): 	at dalvik.system.NativeStart.run(Native Method)
02-28 18:02:59.234 W/chromium( 8737): [WARNING:xwalk_extension_module.cc(203)] Exception when running message listener: undefined:231:20 ReferenceError: g_promises is not defined
02-28 18:02:59.234 W/chromium( 8737):     if (_isFunction(g_promises[msgObj.asyncCallId].resolve)) {
02-28 18:02:59.234 W/chromium( 8737): 
02-28 18:02:59.234 W/chromium( 8737): [WARNING:xwalk_extension_module.cc(203)] Exception when running message listener: undefined:246:20 ReferenceError: g_promises is not defined
02-28 18:02:59.234 W/chromium( 8737):     if (_isFunction(g_promises[msgObj.asyncCallId].resolve)) {
02-28 18:02:59.234 W/chromium( 8737): 
02-28 18:02:59.234 W/chromium( 8737): [WARNING:xwalk_extension_module.cc(203)] Exception when running message listener: undefined:246:20 ReferenceError: g_promises is not defined
02-28 18:02:59.234 W/chromium( 8737):     if (_isFunction(g_promises[msgObj.asyncCallId].resolve)) {
02-28 18:02:59.234 W/chromium( 8737): 
02-28 18:03:00.004 D/Clock   (  570): ACTION_TIME_TICK
02-28 18:03:00.004 D/Clock   (  570): update clock:6:03
02-28 18:03:00.034 D/BatteryStatsImpl(  506): noteStopWakeLocked system isFromForeground = false
02-28 18:03:03.454 W/BindingManager( 8737): Cannot call determinedVisibility() - never saw a connection for the pid: 8737
02-28 18:03:05.074 V/MmsProvider(  757): Query uri=content://mms, match=0
02-28 18:03:05.084 V/MmsProvider(  757): Query uri=content://mms, match=0
02-28 18:03:05.084 V/MmsProvider(  757): Query uri=content://mms, match=0
02-28 18:03:05.094 V/MmsProvider(  757): Query uri=content://mms, match=0
02-28 18:03:05.104 V/MmsProvider(  757): Query uri=content://mms, match=0
02-28 18:03:05.104 W/chromium( 8737): [WARNING:xwalk_extension_module.cc(203)] Exception when running message listener: undefined:231:20 ReferenceError: g_promises is not defined
02-28 18:03:05.104 W/chromium( 8737):     if (_isFunction(g_promises[msgObj.asyncCallId].resolve)) {
02-28 18:03:05.104 W/chromium( 8737): 
02-28 18:03:05.104 W/chromium( 8737): [WARNING:xwalk_extension_module.cc(203)] Exception when running message listener: undefined:231:20 ReferenceError: g_promises is not defined
02-28 18:03:05.104 W/chromium( 8737):     if (_isFunction(g_promises[msgObj.asyncCallId].resolve)) {
02-28 18:03:05.104 W/chromium( 8737): 
02-28 18:03:05.104 W/chromium( 8737): [WARNING:xwalk_extension_module.cc(203)] Exception when running message listener: undefined:231:20 ReferenceError: g_promises is not defined
02-28 18:03:05.104 W/chromium( 8737):     if (_isFunction(g_promises[msgObj.asyncCallId].resolve)) {
02-28 18:03:05.104 W/chromium( 8737): 
02-28 18:03:05.104 W/chromium( 8737): [WARNING:xwalk_extension_module.cc(203)] Exception when running message listener: undefined:231:20 ReferenceError: g_promises is not defined
02-28 18:03:05.104 W/chromium( 8737):     if (_isFunction(g_promises[msgObj.asyncCallId].resolve)) {
02-28 18:03:05.104 W/chromium( 8737): 
02-28 18:03:05.114 W/chromium( 8737): [WARNING:xwalk_extension_module.cc(203)] Exception when running message listener: undefined:231:20 ReferenceError: g_promises is not defined
02-28 18:03:05.114 W/chromium( 8737):     if (_isFunction(g_promises[msgObj.asyncCallId].resolve)) {
02-28 18:03:05.114 W/chromium( 8737): 
02-28 18:03:05.114 V/MmsProvider(  757): Query uri=content://mms, match=0
02-28 18:03:05.114 W/chromium( 8737): [WARNING:xwalk_extension_module.cc(203)] Exception when running message listener: undefined:231:20 ReferenceError: g_promises is not defined
02-28 18:03:05.114 W/chromium( 8737):     if (_isFunction(g_promises[msgObj.asyncCallId].resolve)) {
02-28 18:03:05.114 W/chromium( 8737): 
02-28 18:03:05.124 V/MmsProvider(  757): Query uri=content://mms, match=0
02-28 18:03:05.124 W/chromium( 8737): [WARNING:xwalk_extension_module.cc(203)] Exception when running message listener: undefined:231:20 ReferenceError: g_promises is not defined
02-28 18:03:05.124 W/chromium( 8737):     if (_isFunction(g_promises[msgObj.asyncCallId].resolve)) {
02-28 18:03:05.124 W/chromium( 8737): 
02-28 18:03:05.124 V/MmsProvider(  757): Query uri=content://mms, match=0
02-28 18:03:05.134 W/chromium( 8737): [WARNING:xwalk_extension_module.cc(203)] Exception when running message listener: undefined:231:20 ReferenceError: g_promises is not defined
02-28 18:03:05.134 W/chromium( 8737):     if (_isFunction(g_promises[msgObj.asyncCallId].resolve)) {
02-28 18:03:05.134 W/chromium( 8737): 
02-28 18:03:05.134 V/MmsProvider(  757): Query uri=content://mms, match=0
02-28 18:03:05.134 W/chromium( 8737): [WARNING:xwalk_extension_module.cc(203)] Exception when running message listener: undefined:231:20 ReferenceError: g_promises is not defined
02-28 18:03:05.134 W/chromium( 8737):     if (_isFunction(g_promises[msgObj.asyncCallId].resolve)) {
02-28 18:03:05.134 W/chromium( 8737): 
02-28 18:03:05.134 V/MmsProvider(  757): Query uri=content://mms, match=0
02-28 18:03:05.144 W/chromium( 8737): [WARNING:xwalk_extension_module.cc(203)] Exception when running message listener: undefined:231:20 ReferenceError: g_promises is not defined
02-28 18:03:05.144 W/chromium( 8737):     if (_isFunction(g_promises[msgObj.asyncCallId].resolve)) {
02-28 18:03:05.144 W/chromium( 8737): 
02-28 18:03:05.144 V/MmsProvider(  757): Query uri=content://mms, match=0
02-28 18:03:05.144 W/chromium( 8737): [WARNING:xwalk_extension_module.cc(203)] Exception when running message listener: undefined:231:20 ReferenceError: g_promises is not defined
02-28 18:03:05.144 W/chromium( 8737):     if (_isFunction(g_promises[msgObj.asyncCallId].resolve)) {
02-28 18:03:05.144 W/chromium( 8737): 
02-28 18:03:05.144 V/MmsProvider(  757): Query uri=content://mms, match=0
02-28 18:03:05.154 W/chromium( 8737): [WARNING:xwalk_extension_module.cc(203)] Exception when running message listener: undefined:231:20 ReferenceError: g_promises is not defined
02-28 18:03:05.154 W/chromium( 8737):     if (_isFunction(g_promises[msgObj.asyncCallId].resolve)) {
02-28 18:03:05.154 W/chromium( 8737): 
02-28 18:03:05.154 V/MmsProvider(  757): Query uri=content://mms, match=0
02-28 18:03:05.154 W/chromium( 8737): [WARNING:xwalk_extension_module.cc(203)] Exception when running message listener: undefined:231:20 ReferenceError: g_promises is not defined
02-28 18:03:05.154 W/chromium( 8737):     if (_isFunction(g_promises[msgObj.asyncCallId].resolve)) {
02-28 18:03:05.154 W/chromium( 8737): 
02-28 18:03:05.154 V/MmsProvider(  757): Query uri=content://mms, match=0
02-28 18:03:05.164 W/chromium( 8737): [WARNING:xwalk_extension_module.cc(203)] Exception when running message listener: undefined:231:20 ReferenceError: g_promises is not defined
02-28 18:03:05.164 W/chromium( 8737):     if (_isFunction(g_promises[msgObj.asyncCallId].resolve)) {
02-28 18:03:05.164 W/chromium( 8737): 
02-28 18:03:05.164 V/MmsProvider(  757): Query uri=content://mms, match=0
02-28 18:03:05.174 W/chromium( 8737): [WARNING:xwalk_extension_module.cc(203)] Exception when running message listener: undefined:231:20 ReferenceError: g_promises is not defined
02-28 18:03:05.174 W/chromium( 8737):     if (_isFunction(g_promises[msgObj.asyncCallId].resolve)) {
02-28 18:03:05.174 W/chromium( 8737): 
02-28 18:03:05.174 V/MmsProvider(  757): Query uri=content://mms, match=0
02-28 18:03:05.174 W/chromium( 8737): [WARNING:xwalk_extension_module.cc(203)] Exception when running message listener: undefined:231:20 ReferenceError: g_promises is not defined
02-28 18:03:05.174 W/chromium( 8737):     if (_isFunction(g_promises[msgObj.asyncCallId].resolve)) {
02-28 18:03:05.174 W/chromium( 8737): 
02-28 18:03:07.694 W/BindingManager( 8737): Cannot call determinedVisibility() - never saw a connection for the pid: 8737
02-28 18:03:07.804 W/chromium( 8737): [WARNING:xwalk_extension_module.cc(203)] Exception when running message listener: undefined:246:20 ReferenceError: g_promises is not defined
02-28 18:03:07.804 W/chromium( 8737):     if (_isFunction(g_promises[msgObj.asyncCallId].resolve)) {
02-28 18:03:07.804 W/chromium( 8737): 
02-28 18:03:07.804 W/chromium( 8737): [WARNING:xwalk_extension_module.cc(203)] Exception when running message listener: undefined:246:20 ReferenceError: g_promises is not defined
02-28 18:03:07.804 W/chromium( 8737):     if (_isFunction(g_promises[msgObj.asyncCallId].resolve)) {
02-28 18:03:07.804 W/chromium( 8737): 
02-28 18:03:07.804 W/chromium( 8737): [WARNING:xwalk_extension_module.cc(203)] Exception when running message listener: undefined:246:20 ReferenceError: g_promises is not defined
02-28 18:03:07.804 W/chromium( 8737):     if (_isFunction(g_promises[msgObj.asyncCallId].resolve)) {
02-28 18:03:07.804 W/chromium( 8737): 
02-28 18:03:07.804 W/chromium( 8737): [WARNING:xwalk_extension_module.cc(203)] Exception when running message listener: undefined:246:20 ReferenceError: g_promises is not defined
02-28 18:03:07.804 W/chromium( 8737):     if (_isFunction(g_promises[msgObj.asyncCallId].resolve)) {
02-28 18:03:07.804 W/chromium( 8737): 
02-28 18:03:09.904 W/BindingManager( 8737): Cannot call determinedVisibility() - never saw a connection for the pid: 8737
02-28 18:03:09.934 E/MessagingSmsManager( 8737): No Sim Card
