02-28 17:29:32.284 I/DEBUG   (  171):          bfb0cbc4  b778fcac  /system/bin/glgps
02-28 17:29:32.284 I/DEBUG   (  171):          bfb0cbc8  00000053  
02-28 17:29:32.284 I/DEBUG   (  171):          bfb0cbcc  b72e0459  /system/lib/libc.so (__sflush+73)
02-28 17:29:32.284 I/DEBUG   (  171):          bfb0cbd0  00000001  
02-28 17:29:32.284 I/DEBUG   (  171):          bfb0cbd4  b7fb5080  [heap]
02-28 17:29:32.284 I/DEBUG   (  171):          bfb0cbd8  00000053  
02-28 17:29:32.284 I/DEBUG   (  171):          bfb0cbdc  b778fcac  /system/bin/glgps
02-28 17:29:32.284 I/DEBUG   (  171):          bfb0cbe0  b7335208  /system/lib/libc.so
02-28 17:29:32.284 I/DEBUG   (  171):          bfb0cbe4  00000000  
02-28 17:29:32.284 I/DEBUG   (  171):          bfb0cbe8  00000000  
02-28 17:29:32.284 I/DEBUG   (  171):          bfb0cbec  000000bc  
02-28 17:29:32.284 I/DEBUG   (  171):     #00  bfb0cbf0  00000006  
02-28 17:29:32.284 I/DEBUG   (  171):          bfb0cbf4  b778fcac  /system/bin/glgps
02-28 17:29:32.284 I/DEBUG   (  171):          bfb0cbf8  000000bc  
02-28 17:29:32.284 I/DEBUG   (  171):          bfb0cbfc  b729bfba  /system/lib/libc.so (pthread_kill+90)
02-28 17:29:32.284 I/DEBUG   (  171):          bfb0cc00  000000bc  
02-28 17:29:32.284 I/DEBUG   (  171):          bfb0cc04  000000bc  
02-28 17:29:32.284 I/DEBUG   (  171):          bfb0cc08  00000006  
02-28 17:29:32.284 I/DEBUG   (  171):          bfb0cc0c  bfb0cc5c  [stack]
02-28 17:29:32.284 I/DEBUG   (  171):          bfb0cc10  bfb0ccac  [stack]
02-28 17:29:32.284 I/DEBUG   (  171):          bfb0cc14  bfb0cc5c  [stack]
02-28 17:29:32.284 I/DEBUG   (  171):          bfb0cc18  bfb0ccac  [stack]
02-28 17:29:32.284 I/DEBUG   (  171):          bfb0cc1c  b729c30a  /system/lib/libc.so (raise+26)
02-28 17:29:32.284 I/DEBUG   (  171):          bfb0cc20  b7384040  
02-28 17:29:32.284 I/DEBUG   (  171):          bfb0cc24  00000006  
02-28 17:29:32.284 I/DEBUG   (  171):          bfb0cc28  ffff0208  
02-28 17:29:32.284 I/DEBUG   (  171):          bfb0cc2c  b73aa3d8  /system/bin/glgps (broadcom::BrcmGpsHalGpioSysfs::ClearNstdbyPin()+8)
02-28 17:29:32.294 I/BootReceiver(  506): Copying /data/tombstones/tombstone_07 to DropBox (SYSTEM_TOMBSTONE)
02-28 17:29:32.304 D/gpslogd (  506): IPC Connection closed by peer (GpsInterface)
02-28 17:29:32.314 D/gpsd    (30381): main()
02-28 17:29:32.314 D/gpsd    (30381): argv[0] = '/system/bin/glgps'
02-28 17:29:32.314 D/gpsd    (30381): argv[1] = '-c'
02-28 17:29:32.314 D/gpsd    (30381): argv[2] = '/system/etc/gpsconfig.xml'
02-28 17:29:32.324 D/gpslogd (  506): Restore last known position mode: 1, 0, 1000, 0, 0
02-28 17:29:32.324 D/gpslogd (  506): Restore last known GPS state: GPS ON
02-28 17:29:32.334 D/GpsLocationProvider(  506): set_capabilities_callback: 6u
02-28 17:29:32.454 D/gpslogd (30381): CALL_SENTRY: GlEngine::OnStart took 120 ms (from28494133 to 28494253) (log=0,0,0), start: 17:29:32.342
02-28 17:29:32.454 E/gpslogd (30381): ASSERT in /tmp/12894738_192204/customers/Asustek/ME176Candroid/../../../proprietary/deliverables/android/gps_interface/../gpsd/common/GlGpsdInterface.cpp:868: GL_STOP_HW_PANIC
02-28 17:29:32.454 F/libc    (30381): Fatal signal 6 (SIGABRT), thread 30381 (glgps)
02-28 17:29:32.504 I/DEBUG   (  171): *** *** *** *** *** *** *** *** *** *** *** *** *** *** *** ***
02-28 17:29:32.504 I/DEBUG   (  171): Build fingerprint: 'asus/CN_K011/K011:4.4.2/KOT49H/CN_user_3.0.23.150_20140626:user/release-keys'
02-28 17:29:32.504 I/DEBUG   (  171): Revision: '0'
02-28 17:29:32.504 I/DEBUG   (  171): pid: 30381, tid: 30381, name: glgps  >>> /system/bin/glgps <<<
02-28 17:29:32.504 I/DEBUG   (  171): AM write failure (32 / Broken pipe)
02-28 17:29:32.504 I/DEBUG   (  171): signal 6 (SIGABRT), code -6 (SI_TKILL), fault addr --------
02-28 17:29:32.504 W/NativeCrashListener(  506): Couldn't find ProcessRecord for pid 30381
02-28 17:29:32.544 I/DEBUG   (  171):     eax 00000000  ebx 000076ad  ecx 000076ad  edx 00000006
02-28 17:29:32.544 I/DEBUG   (  171):     esi 0000006f  edi b769cbe8
02-28 17:29:32.544 I/DEBUG   (  171):     xcs 00000073  xds 0000007b  xes 0000007b  xfs 00000000  xss 0000007b
02-28 17:29:32.544 I/DEBUG   (  171):     eip b7275ae6  ebp b768c110  esp bfdfbd00  flags 00000207
02-28 17:29:32.544 I/DEBUG   (  171): 
02-28 17:29:32.544 I/DEBUG   (  171): backtrace:
02-28 17:29:32.544 I/DEBUG   (  171):     #00  pc 00048ae6  /system/lib/libc.so (tgkill+22)
02-28 17:29:32.544 I/DEBUG   (  171):     #01  pc 00000005  <unknown>
02-28 17:29:32.544 I/DEBUG   (  171): 
02-28 17:29:32.544 I/DEBUG   (  171): stack:
02-28 17:29:32.544 I/DEBUG   (  171):          bfdfbcc0  b72f37e0  
02-28 17:29:32.544 I/DEBUG   (  171):          bfdfbcc4  00000078  
02-28 17:29:32.544 I/DEBUG   (  171):          bfdfbcc8  00dfbd78  
02-28 17:29:32.544 I/DEBUG   (  171):          bfdfbccc  b7356711  /system/bin/glgps (GetHalPlatf()+17)
02-28 17:29:32.544 I/DEBUG   (  171):          bfdfbcd0  00000000  
02-28 17:29:32.544 I/DEBUG   (  171):          bfdfbcd4  00000000  
02-28 17:29:32.544 I/DEBUG   (  171):          bfdfbcd8  00000000  
02-28 17:29:32.544 I/DEBUG   (  171):          bfdfbcdc  00000000  
02-28 17:29:32.544 I/DEBUG   (  171):          bfdfbce0  00000000  
02-28 17:29:32.544 I/DEBUG   (  171):          bfdfbce4  00000000  
02-28 17:29:32.544 I/DEBUG   (  171):          bfdfbce8  00000000  
02-28 17:29:32.544 I/DEBUG   (  171):          bfdfbcec  00000000  
02-28 17:29:32.544 I/DEBUG   (  171):          bfdfbcf0  00000000  
02-28 17:29:32.544 I/DEBUG   (  171):          bfdfbcf4  00000000  
02-28 17:29:32.544 I/DEBUG   (  171):          bfdfbcf8  00000000  
02-28 17:29:32.544 I/DEBUG   (  171):          bfdfbcfc  00000000  
02-28 17:29:32.544 I/DEBUG   (  171):     #00  bfdfbd00  00000006  
02-28 17:29:32.544 I/DEBUG   (  171):          bfdfbd04  b7749cac  /system/bin/glgps
02-28 17:29:32.544 I/DEBUG   (  171):          bfdfbd08  000076ad  
02-28 17:29:32.544 I/DEBUG   (  171):          bfdfbd0c  b7255fba  /system/lib/libc.so (pthread_kill+90)
02-28 17:29:32.544 I/DEBUG   (  171):          bfdfbd10  000076ad  
02-28 17:29:32.544 I/DEBUG   (  171):          bfdfbd14  000076ad  
02-28 17:29:32.544 I/DEBUG   (  171):          bfdfbd18  00000006  
02-28 17:29:32.544 I/DEBUG   (  171):          bfdfbd1c  bfdfbd6c  [stack]
02-28 17:29:32.544 I/DEBUG   (  171):          bfdfbd20  bfdfbdbc  [stack]
02-28 17:29:32.544 I/DEBUG   (  171):          bfdfbd24  bfdfbd6c  [stack]
02-28 17:29:32.544 I/DEBUG   (  171):          bfdfbd28  bfdfbdbc  [stack]
02-28 17:29:32.544 I/DEBUG   (  171):          bfdfbd2c  b725630a  /system/lib/libc.so (raise+26)
02-28 17:29:32.544 I/DEBUG   (  171):          bfdfbd30  b733e040  
02-28 17:29:32.544 I/DEBUG   (  171):          bfdfbd34  00000006  
02-28 17:29:32.544 I/DEBUG   (  171):          bfdfbd38  ffff0208  
02-28 17:29:32.544 I/DEBUG   (  171):          bfdfbd3c  b73643d8  /system/bin/glgps (broadcom::BrcmGpsHalGpioSysfs::ClearNstdbyPin()+8)
02-28 17:29:32.554 D/gpslogd (  506): IPC Connection closed by peer (GpsInterface)
02-28 17:29:32.554 I/BootReceiver(  506): Copying /data/tombstones/tombstone_08 to DropBox (SYSTEM_TOMBSTONE)
02-28 17:29:33.194 I/WifiHW  (  506): CMD: IFNAME=wlan0 SIGNAL_POLL
02-28 17:29:33.194 D/wpa_supplicant(  659): RX ctrl_iface - hexdump(len=11): 53 49 47 4e 41 4c 5f 50 4f 4c 4c
02-28 17:29:33.194 D/wpa_supplicant(  659): wlan0: Control interface command 'SIGNAL_POLL'
02-28 17:29:33.224 D/wpa_supplicant(  659): nl80211: survey data missing!
02-28 17:29:33.224 I/WifiHW  (  506): REPLY: RSSI=-55
02-28 17:29:33.224 I/WifiHW  (  506): REPLY: LINKSPEED=65
02-28 17:29:33.224 I/WifiHW  (  506): REPLY: NOISE=9999
02-28 17:29:33.224 I/WifiHW  (  506): REPLY: FREQUENCY=2437
02-28 17:29:36.234 I/WifiHW  (  506): CMD: IFNAME=wlan0 SIGNAL_POLL
02-28 17:29:36.234 D/wpa_supplicant(  659): RX ctrl_iface - hexdump(len=11): 53 49 47 4e 41 4c 5f 50 4f 4c 4c
02-28 17:29:36.234 D/wpa_supplicant(  659): wlan0: Control interface command 'SIGNAL_POLL'
02-28 17:29:36.264 D/wpa_supplicant(  659): nl80211: survey data missing!
02-28 17:29:36.264 I/WifiHW  (  506): REPLY: RSSI=-55
02-28 17:29:36.264 I/WifiHW  (  506): REPLY: LINKSPEED=65
02-28 17:29:36.264 I/WifiHW  (  506): REPLY: NOISE=9999
02-28 17:29:36.264 I/WifiHW  (  506): REPLY: FREQUENCY=2437
02-28 17:29:37.584 D/gpsd    (30387): main()
02-28 17:29:37.584 D/gpsd    (30387): argv[0] = '/system/bin/glgps'
02-28 17:29:37.584 D/gpsd    (30387): argv[1] = '-c'
02-28 17:29:37.584 D/gpsd    (30387): argv[2] = '/system/etc/gpsconfig.xml'
02-28 17:29:37.584 D/gpslogd (  506): Restore last known position mode: 1, 0, 1000, 0, 0
02-28 17:29:37.584 D/gpslogd (  506): Restore last known GPS state: GPS ON
02-28 17:29:37.584 D/GpsLocationProvider(  506): set_capabilities_callback: 6u
02-28 17:29:37.714 D/gpslogd (30387): CALL_SENTRY: GlEngine::OnStart took 121 ms (from28499389 to 28499510) (log=0,0,0), start: 17:29:37.598
02-28 17:29:37.714 E/gpslogd (30387): ASSERT in /tmp/12894738_192204/customers/Asustek/ME176Candroid/../../../proprietary/deliverables/android/gps_interface/../gpsd/common/GlGpsdInterface.cpp:868: GL_STOP_HW_PANIC
02-28 17:29:37.714 F/libc    (30387): Fatal signal 6 (SIGABRT), thread 30387 (glgps)
02-28 17:29:37.764 I/DEBUG   (  171): *** *** *** *** *** *** *** *** *** *** *** *** *** *** *** ***
02-28 17:29:37.764 I/DEBUG   (  171): Build fingerprint: 'asus/CN_K011/K011:4.4.2/KOT49H/CN_user_3.0.23.150_20140626:user/release-keys'
02-28 17:29:37.764 I/DEBUG   (  171): Revision: '0'
02-28 17:29:37.764 I/DEBUG   (  171): pid: 30387, tid: 30387, name: glgps  >>> /system/bin/glgps <<<
02-28 17:29:37.764 I/DEBUG   (  171): AM write failure (32 / Broken pipe)
02-28 17:29:37.764 I/DEBUG   (  171): signal 6 (SIGABRT), code -6 (SI_TKILL), fault addr --------
02-28 17:29:37.764 W/NativeCrashListener(  506): Couldn't find ProcessRecord for pid 30387
02-28 17:29:37.814 I/DEBUG   (  171):     eax 00000000  ebx 000076b3  ecx 000076b3  edx 00000006
02-28 17:29:37.814 I/DEBUG   (  171):     esi 0000006f  edi b769cbe8
02-28 17:29:37.814 I/DEBUG   (  171):     xcs 00000073  xds 0000007b  xes 0000007b  xfs 00000000  xss 0000007b
02-28 17:29:37.814 I/DEBUG   (  171):     eip b7275ae6  ebp b768c110  esp bfe18f10  flags 00000207
02-28 17:29:37.814 I/DEBUG   (  171): 
02-28 17:29:37.814 I/DEBUG   (  171): backtrace:
02-28 17:29:37.814 I/DEBUG   (  171):     #00  pc 00048ae6  /system/lib/libc.so (tgkill+22)
02-28 17:29:37.814 I/DEBUG   (  171):     #01  pc 00000005  <unknown>
02-28 17:29:37.814 I/DEBUG   (  171): 
02-28 17:29:37.814 I/DEBUG   (  171): stack:
02-28 17:29:37.814 I/DEBUG   (  171):          bfe18ed0  00000000  
02-28 17:29:37.814 I/DEBUG   (  171):          bfe18ed4  00000000  
02-28 17:29:37.814 I/DEBUG   (  171):          bfe18ed8  00000000  
02-28 17:29:37.814 I/DEBUG   (  171):          bfe18edc  00000000  
02-28 17:29:37.814 I/DEBUG   (  171):          bfe18ee0  00000000  
02-28 17:29:37.814 I/DEBUG   (  171):          bfe18ee4  00000000  
02-28 17:29:37.814 I/DEBUG   (  171):          bfe18ee8  00000000  
02-28 17:29:37.814 I/DEBUG   (  171):          bfe18eec  00000000  
02-28 17:29:37.814 I/DEBUG   (  171):          bfe18ef0  00000000  
02-28 17:29:37.814 I/DEBUG   (  171):          bfe18ef4  00000000  
02-28 17:29:37.814 I/DEBUG   (  171):          bfe18ef8  00000000  
02-28 17:29:37.814 I/DEBUG   (  171):          bfe18efc  00000000  
02-28 17:29:37.814 I/DEBUG   (  171):          bfe18f00  b72ef208  /system/lib/libc.so
02-28 17:29:37.814 I/DEBUG   (  171):          bfe18f04  00000000  
02-28 17:29:37.814 I/DEBUG   (  171):          bfe18f08  00000000  
02-28 17:29:37.814 I/DEBUG   (  171):          bfe18f0c  000076b3  
02-28 17:29:37.814 I/DEBUG   (  171):     #00  bfe18f10  00000006  
02-28 17:29:37.814 I/DEBUG   (  171):          bfe18f14  b7749cac  /system/bin/glgps
02-28 17:29:37.814 I/DEBUG   (  171):          bfe18f18  000076b3  
02-28 17:29:37.814 I/DEBUG   (  171):          bfe18f1c  b7255fba  /system/lib/libc.so (pthread_kill+90)
02-28 17:29:37.814 I/DEBUG   (  171):          bfe18f20  000076b3  
02-28 17:29:37.814 I/DEBUG   (  171):          bfe18f24  000076b3  
02-28 17:29:37.814 I/DEBUG   (  171):          bfe18f28  00000006  
02-28 17:29:37.814 I/DEBUG   (  171):          bfe18f2c  bfe18f7c  [stack]
02-28 17:29:37.814 I/DEBUG   (  171):          bfe18f30  bfe18fcc  [stack]
02-28 17:29:37.814 I/DEBUG   (  171):          bfe18f34  bfe18f7c  [stack]
02-28 17:29:37.814 I/DEBUG   (  171):          bfe18f38  bfe18fcc  [stack]
02-28 17:29:37.814 I/DEBUG   (  171):          bfe18f3c  b725630a  /system/lib/libc.so (raise+26)
02-28 17:29:37.814 I/DEBUG   (  171):          bfe18f40  b733e040  
02-28 17:29:37.814 I/DEBUG   (  171):          bfe18f44  00000006  
02-28 17:29:37.814 I/DEBUG   (  171):          bfe18f48  ffff0208  
02-28 17:29:37.814 I/DEBUG   (  171):          bfe18f4c  b73643d8  /system/bin/glgps (broadcom::BrcmGpsHalGpioSysfs::ClearNstdbyPin()+8)
02-28 17:29:37.824 D/gpslogd (  506): IPC Connection closed by peer (GpsInterface)
02-28 17:29:37.824 I/BootReceiver(  506): Copying /data/tombstones/tombstone_00 to DropBox (SYSTEM_TOMBSTONE)
02-28 17:29:39.274 I/WifiHW  (  506): CMD: IFNAME=wlan0 SIGNAL_POLL
02-28 17:29:39.274 D/wpa_supplicant(  659): RX ctrl_iface - hexdump(len=11): 53 49 47 4e 41 4c 5f 50 4f 4c 4c
02-28 17:29:39.274 D/wpa_supplicant(  659): wlan0: Control interface command 'SIGNAL_POLL'
02-28 17:29:39.304 D/wpa_supplicant(  659): nl80211: survey data missing!
02-28 17:29:39.304 I/WifiHW  (  506): REPLY: RSSI=-55
02-28 17:29:39.304 I/WifiHW  (  506): REPLY: LINKSPEED=65
02-28 17:29:39.304 I/WifiHW  (  506): REPLY: NOISE=9999
02-28 17:29:39.304 I/WifiHW  (  506): REPLY: FREQUENCY=2437
02-28 17:29:42.314 I/WifiHW  (  506): CMD: IFNAME=wlan0 SIGNAL_POLL
02-28 17:29:42.314 D/wpa_supplicant(  659): RX ctrl_iface - hexdump(len=11): 53 49 47 4e 41 4c 5f 50 4f 4c 4c
02-28 17:29:42.314 D/wpa_supplicant(  659): wlan0: Control interface command 'SIGNAL_POLL'
02-28 17:29:42.344 D/wpa_supplicant(  659): nl80211: survey data missing!
02-28 17:29:42.344 I/WifiHW  (  506): REPLY: RSSI=-54
02-28 17:29:42.344 I/WifiHW  (  506): REPLY: LINKSPEED=65
02-28 17:29:42.344 I/WifiHW  (  506): REPLY: NOISE=9999
02-28 17:29:42.344 I/WifiHW  (  506): REPLY: FREQUENCY=2437
02-28 17:29:42.844 D/gpsd    (30394): main()
02-28 17:29:42.844 D/gpsd    (30394): argv[0] = '/system/bin/glgps'
02-28 17:29:42.844 D/gpsd    (30394): argv[1] = '-c'
02-28 17:29:42.854 D/gpsd    (30394): argv[2] = '/system/etc/gpsconfig.xml'
02-28 17:29:42.854 D/gpslogd (  506): Restore last known position mode: 1, 0, 1000, 0, 0
02-28 17:29:42.854 D/gpslogd (  506): Restore last known GPS state: GPS ON
02-28 17:29:42.854 D/GpsLocationProvider(  506): set_capabilities_callback: 6u
02-28 17:29:42.974 D/gpslogd (30394): CALL_SENTRY: GlEngine::OnStart took 120 ms (from28504658 to 28504778) (log=0,0,0), start: 17:29:42.867
02-28 17:29:42.974 E/gpslogd (30394): ASSERT in /tmp/12894738_192204/customers/Asustek/ME176Candroid/../../../proprietary/deliverables/android/gps_interface/../gpsd/common/GlGpsdInterface.cpp:868: GL_STOP_HW_PANIC
02-28 17:29:42.974 F/libc    (30394): Fatal signal 6 (SIGABRT), thread 30394 (glgps)
02-28 17:29:43.084 I/DEBUG   (  171): *** *** *** *** *** *** *** *** *** *** *** *** *** *** *** ***
02-28 17:29:43.084 I/DEBUG   (  171): Build fingerprint: 'asus/CN_K011/K011:4.4.2/KOT49H/CN_user_3.0.23.150_20140626:user/release-keys'
02-28 17:29:43.084 I/DEBUG   (  171): Revision: '0'
02-28 17:29:43.084 I/DEBUG   (  171): pid: 30394, tid: 30394, name: glgps  >>> /system/bin/glgps <<<
02-28 17:29:43.084 I/DEBUG   (  171): signal 6 (SIGABRT), code -6 (SI_TKILL), fault addr --------
02-28 17:29:43.084 I/DEBUG   (  171): AM write failure (32 / Broken pipe)
02-28 17:29:43.084 W/NativeCrashListener(  506): Couldn't find ProcessRecord for pid 30394
02-28 17:29:43.134 I/DEBUG   (  171):     eax 00000000  ebx 000076ba  ecx 000076ba  edx 00000006
02-28 17:29:43.134 I/DEBUG   (  171):     esi 0000006f  edi b76d6be8
02-28 17:29:43.134 I/DEBUG   (  171):     xcs 00000073  xds 0000007b  xes 0000007b  xfs 00000000  xss 0000007b
02-28 17:29:43.134 I/DEBUG   (  171):     eip b72afae6  ebp b76c6110  esp bffebc40  flags 00000203
02-28 17:29:43.134 I/DEBUG   (  171): 
02-28 17:29:43.134 I/DEBUG   (  171): backtrace:
02-28 17:29:43.134 I/DEBUG   (  171):     #00  pc 00048ae6  /system/lib/libc.so (tgkill+22)
02-28 17:29:43.134 I/DEBUG   (  171):     #01  pc 00000005  <unknown>
02-28 17:29:43.134 I/DEBUG   (  171): 
02-28 17:29:43.134 I/DEBUG   (  171): stack:
02-28 17:29:43.134 I/DEBUG   (  171):          bffebc00  00000000  
02-28 17:29:43.134 I/DEBUG   (  171):          bffebc04  00000000  
02-28 17:29:43.134 I/DEBUG   (  171):          bffebc08  00000000  
02-28 17:29:43.134 I/DEBUG   (  171):          bffebc0c  00000000  
02-28 17:29:43.134 I/DEBUG   (  171):          bffebc10  00000000  
02-28 17:29:43.134 I/DEBUG   (  171):          bffebc14  00000000  
02-28 17:29:43.134 I/DEBUG   (  171):          bffebc18  00000000  
02-28 17:29:43.134 I/DEBUG   (  171):          bffebc1c  00000000  
02-28 17:29:43.134 I/DEBUG   (  171):          bffebc20  00000000  
02-28 17:29:43.134 I/DEBUG   (  171):          bffebc24  00000000  
02-28 17:29:43.134 I/DEBUG   (  171):          bffebc28  00000000  
02-28 17:29:43.134 I/DEBUG   (  171):          bffebc2c  00000000  
02-28 17:29:43.134 I/DEBUG   (  171):          bffebc30  00000000  
02-28 17:29:43.134 I/DEBUG   (  171):          bffebc34  00000000  
02-28 17:29:43.134 I/DEBUG   (  171):          bffebc38  00000000  
02-28 17:29:43.134 I/DEBUG   (  171):          bffebc3c  00000000  
02-28 17:29:43.134 I/DEBUG   (  171):     #00  bffebc40  00000006  
02-28 17:29:43.134 I/DEBUG   (  171):          bffebc44  b7783cac  /system/bin/glgps
02-28 17:29:43.134 I/DEBUG   (  171):          bffebc48  000076ba  
02-28 17:29:43.134 I/DEBUG   (  171):          bffebc4c  b728ffba  /system/lib/libc.so (pthread_kill+90)
02-28 17:29:43.134 I/DEBUG   (  171):          bffebc50  000076ba  
02-28 17:29:43.134 I/DEBUG   (  171):          bffebc54  000076ba  
02-28 17:29:43.134 I/DEBUG   (  171):          bffebc58  00000006  
02-28 17:29:43.134 I/DEBUG   (  171):          bffebc5c  bffebcac  [stack]
02-28 17:29:43.134 I/DEBUG   (  171):          bffebc60  bffebcfc  [stack]
02-28 17:29:43.134 I/DEBUG   (  171):          bffebc64  bffebcac  [stack]
02-28 17:29:43.134 I/DEBUG   (  171):          bffebc68  bffebcfc  [stack]
02-28 17:29:43.134 I/DEBUG   (  171):          bffebc6c  b729030a  /system/lib/libc.so (raise+26)
02-28 17:29:43.134 I/DEBUG   (  171):          bffebc70  b7378040  
02-28 17:29:43.134 I/DEBUG   (  171):          bffebc74  00000006  
02-28 17:29:43.134 I/DEBUG   (  171):          bffebc78  ffff0208  
02-28 17:29:43.134 I/DEBUG   (  171):          bffebc7c  b739e3d8  /system/bin/glgps (broadcom::BrcmGpsHalGpioSysfs::ClearNstdbyPin()+8)
02-28 17:29:43.144 D/gpslogd (  506): IPC Connection closed by peer (GpsInterface)
02-28 17:29:43.144 I/BootReceiver(  506): Copying /data/tombstones/tombstone_09 to DropBox (SYSTEM_TOMBSTONE)
02-28 17:29:44.064 D/gpslogd (  506): gps_stop: Waiting for IPC connection...
02-28 17:29:44.094 W/BindingManager(29939): Cannot call determinedVisibility() - never saw a connection for the pid: 29939
02-28 17:29:45.074 D/gpslogd (  506): gps_stop: Waiting for IPC connection - timeout
02-28 17:29:45.074 E/gpslogd (  506): LIBGPS: Cannot communicate (write) with a GPSD
02-28 17:29:45.074 E/gpslogd (  506): IPC Communication Error, /tmp/12894738_192204/customers/Asustek/ME176Candroid/../../../proprietary/deliverables/android/gps_interface/../gps_interface/gpsi_client/GpsiClient.cpp:789 gps_stop
02-28 17:29:45.074 V/CsmClient(  506): [2] csmStop called
02-28 17:29:45.084 W/CsmClient(  506): Calling start while there is no modem.
02-28 17:29:45.084 E/GpsLocationProvider(  506): CsmClient.startClient failed in startNavigating() 
02-28 17:29:45.084 E/GpsLocationProvider(  506): com.intel.cws.cwsservicemanager.CsmException: No modem.
02-28 17:29:45.084 E/GpsLocationProvider(  506): 	at com.intel.cws.cwsservicemanagerclient.CsmClient.start(CsmClient.java:244)
02-28 17:29:45.084 E/GpsLocationProvider(  506): 	at com.intel.cws.cwsservicemanagerclient.CsmClient.startAsync(CsmClient.java:314)
02-28 17:29:45.084 E/GpsLocationProvider(  506): 	at com.android.server.location.GpsLocationProvider.startNavigating(GpsLocationProvider.java:1221)
02-28 17:29:45.084 E/GpsLocationProvider(  506): 	at com.android.server.location.GpsLocationProvider.handleSetRequest(GpsLocationProvider.java:1043)
02-28 17:29:45.084 E/GpsLocationProvider(  506): 	at com.android.server.location.GpsLocationProvider.access$2800(GpsLocationProvider.java:110)
02-28 17:29:45.084 E/GpsLocationProvider(  506): 	at com.android.server.location.GpsLocationProvider$ProviderHandler.handleMessage(GpsLocationProvider.java:1942)
02-28 17:29:45.084 E/GpsLocationProvider(  506): 	at android.os.Handler.dispatchMessage(Handler.java:102)
02-28 17:29:45.084 E/GpsLocationProvider(  506): 	at android.os.Looper.loop(Looper.java:149)
02-28 17:29:45.084 E/GpsLocationProvider(  506): 	at android.os.HandlerThread.run(HandlerThread.java:61)
02-28 17:29:45.084 D/gpslogd (  506): gps_set_position_mode: Waiting for IPC connection...
02-28 17:29:45.354 I/WifiHW  (  506): CMD: IFNAME=wlan0 SIGNAL_POLL
02-28 17:29:45.354 D/wpa_supplicant(  659): RX ctrl_iface - hexdump(len=11): 53 49 47 4e 41 4c 5f 50 4f 4c 4c
02-28 17:29:45.354 D/wpa_supplicant(  659): wlan0: Control interface command 'SIGNAL_POLL'
02-28 17:29:45.384 D/wpa_supplicant(  659): nl80211: survey data missing!
02-28 17:29:45.384 I/WifiHW  (  506): REPLY: RSSI=-54
02-28 17:29:45.384 I/WifiHW  (  506): REPLY: LINKSPEED=65
02-28 17:29:45.384 I/WifiHW  (  506): REPLY: NOISE=9999
02-28 17:29:45.384 I/WifiHW  (  506): REPLY: FREQUENCY=2437
02-28 17:29:46.094 D/gpslogd (  506): gps_set_position_mode: Waiting for IPC connection - timeout
02-28 17:29:46.094 E/gpslogd (  506): LIBGPS: Cannot communicate (write) with a GPSD
02-28 17:29:46.094 E/gpslogd (  506): IPC Communication Error, /tmp/12894738_192204/customers/Asustek/ME176Candroid/../../../proprietary/deliverables/android/gps_interface/../gps_interface/gpsi_client/GpsiClient.cpp:931 gps_set_position_mode
02-28 17:29:46.094 E/GpsLocationProvider(  506): set_position_mode failed in startNavigating()
02-28 17:29:46.104 W/CsmClient(  506): Calling start while there is no modem.
02-28 17:29:46.124 E/GpsLocationProvider(  506): CsmClient.startClient failed in startNavigating() 
02-28 17:29:46.124 E/GpsLocationProvider(  506): com.intel.cws.cwsservicemanager.CsmException: No modem.
02-28 17:29:46.124 E/GpsLocationProvider(  506): 	at com.intel.cws.cwsservicemanagerclient.CsmClient.start(CsmClient.java:244)
02-28 17:29:46.124 E/GpsLocationProvider(  506): 	at com.intel.cws.cwsservicemanagerclient.CsmClient.startAsync(CsmClient.java:314)
02-28 17:29:46.124 E/GpsLocationProvider(  506): 	at com.android.server.location.GpsLocationProvider.startNavigating(GpsLocationProvider.java:1221)
02-28 17:29:46.124 E/GpsLocationProvider(  506): 	at com.android.server.location.GpsLocationProvider.handleSetRequest(GpsLocationProvider.java:1043)
02-28 17:29:46.124 E/GpsLocationProvider(  506): 	at com.android.server.location.GpsLocationProvider.access$2800(GpsLocationProvider.java:110)
02-28 17:29:46.124 E/GpsLocationProvider(  506): 	at com.android.server.location.GpsLocationProvider$ProviderHandler.handleMessage(GpsLocationProvider.java:1942)
02-28 17:29:46.124 E/GpsLocationProvider(  506): 	at android.os.Handler.dispatchMessage(Handler.java:102)
02-28 17:29:46.124 E/GpsLocationProvider(  506): 	at android.os.Looper.loop(Looper.java:149)
02-28 17:29:46.124 E/GpsLocationProvider(  506): 	at android.os.HandlerThread.run(HandlerThread.java:61)
02-28 17:29:46.124 D/gpslogd (  506): gps_set_position_mode: Waiting for IPC connection...
02-28 17:29:47.134 D/gpslogd (  506): gps_set_position_mode: Waiting for IPC connection - timeout
02-28 17:29:47.134 E/gpslogd (  506): LIBGPS: Cannot communicate (write) with a GPSD
02-28 17:29:47.134 E/gpslogd (  506): IPC Communication Error, /tmp/12894738_192204/customers/Asustek/ME176Candroid/../../../proprietary/deliverables/android/gps_interface/../gps_interface/gpsi_client/GpsiClient.cpp:931 gps_set_position_mode
02-28 17:29:47.134 E/GpsLocationProvider(  506): set_position_mode failed in startNavigating()
02-28 17:29:47.134 D/BatteryStatsImpl(  506): noteStopWakeLocked system isFromForeground = false
02-28 17:29:48.174 D/gpsd    (30404): main()
02-28 17:29:48.174 D/gpsd    (30404): argv[0] = '/system/bin/glgps'
02-28 17:29:48.174 D/gpsd    (30404): argv[1] = '-c'
02-28 17:29:48.174 D/gpsd    (30404): argv[2] = '/system/etc/gpsconfig.xml'
02-28 17:29:48.174 D/gpslogd (  506): Restore last known position mode: 1, 0, 1000, 0, 0
02-28 17:29:48.174 D/GpsLocationProvider(  506): set_capabilities_callback: 6u
02-28 17:29:48.394 I/WifiHW  (  506): CMD: IFNAME=wlan0 SIGNAL_POLL
02-28 17:29:48.394 D/wpa_supplicant(  659): RX ctrl_iface - hexdump(len=11): 53 49 47 4e 41 4c 5f 50 4f 4c 4c
02-28 17:29:48.394 D/wpa_supplicant(  659): wlan0: Control interface command 'SIGNAL_POLL'
02-28 17:29:48.424 D/wpa_supplicant(  659): nl80211: survey data missing!
02-28 17:29:48.424 I/WifiHW  (  506): REPLY: RSSI=-56
02-28 17:29:48.424 I/WifiHW  (  506): REPLY: LINKSPEED=65
02-28 17:29:48.424 I/WifiHW  (  506): REPLY: NOISE=9999
02-28 17:29:48.424 I/WifiHW  (  506): REPLY: FREQUENCY=2437
02-28 17:29:50.224 D/AlarmManager(  506): Triggered Alarm 21fab220 ELAPSED_REALTIME_WAKEUP IntentSender{21f4c3f8: PendingIntentRecord{21f7dac8 android broadcastIntent}}
02-28 17:29:50.224 D/AlarmManager(  506): Triggered Alarm 21fa9718 ELAPSED_REALTIME_WAKEUP IntentSender{21f4c338: PendingIntentRecord{22241a90 android broadcastIntent}}
02-28 17:29:50.224 D/ConnectivityService(  506): Sampling interval elapsed, updating statistics ..
02-28 17:29:50.224 D/AlarmManager(  506): Triggered Alarm 21fb9838 RTC_WAKEUP IntentSender{21f4c278: PendingIntentRecord{22ac0138 com.baidu.BaiduMap startService}}
02-28 17:29:50.224 D/ConnectivityService(  506): Done.
02-28 17:29:50.224 D/ConnectivityService(  506): Setting timer for 720seconds
02-28 17:29:50.234 D/PushService(16512): -- onStartCommand -- Intent { flg=0x4 cmp=com.baidu.BaiduMap/com.baidu.android.pushservice.PushService (has extras) }
02-28 17:29:50.234 D/PushSDK (16512): handleOnStart intent action = null
02-28 17:29:50.234 I/PushSDK (16512): -- handleOnStart -- Intent { flg=0x4 cmp=com.baidu.BaiduMap/com.baidu.android.pushservice.PushService (has extras) }
02-28 17:29:50.234 D/PushSDK (16512): heartbeat networkConnected :true
02-28 17:29:50.234 I/MessageHandler(16512): sendHeartbeatMessage 
02-28 17:29:50.234 I/WifiHW  (  506): CMD: IFNAME=wlan0 DRIVER BTCOEXMODE 1
02-28 17:29:50.234 D/wpa_supplicant(  659): RX ctrl_iface - hexdump(len=19): 44 52 49 56 45 52 20 42 54 43 4f 45 58 4d 4f 44 45 20 31
02-28 17:29:50.234 D/wpa_supplicant(  659): wlan0: Control interface command 'DRIVER BTCOEXMODE 1'
02-28 17:29:50.234 I/PushConnection(16512): sendHeartbeatMessage
02-28 17:29:50.234 D/PushConnection(16512): SendThread send msg :id : 0, version: 0, needReply: true
02-28 17:29:50.234 D/RegistrationService(16512): RegistrationSerice handleIntent : Intent { act=com.baidu.android.pushservice.action.METHOD cmp=com.baidu.BaiduMap/com.baidu.android.pushservice.PushService (has extras) }
02-28 17:29:50.234 D/BatteryStatsImpl(  506): noteStopWakeLocked system isFromForeground = false
02-28 17:29:50.354 D/wpa_supplicant(  659): bcm_wpa_driver_nl80211_driver_cmd OK len = 0, 2
02-28 17:29:50.354 I/WifiHW  (  506): REPLY: OK
02-28 17:29:50.374 I/WifiHW  (  506): CMD: IFNAME=wlan0 SET ps 0
02-28 17:29:50.374 D/wpa_supplicant(  659): RX ctrl_iface - hexdump(len=8): 53 45 54 20 70 73 20 30
02-28 17:29:50.374 D/wpa_supplicant(  659): wlan0: Control interface command 'SET ps 0'
02-28 17:29:50.374 D/wpa_supplicant(  659): CTRL_IFACE SET 'ps'='0'
02-28 17:29:50.374 D/wpa_supplicant(  659): nl80211: set_p2p_powersave (legacy_ps=0 opp_ps=-1 ctwindow=-1)
02-28 17:29:50.374 I/WifiHW  (  506): REPLY: OK
02-28 17:29:50.374 I/WifiHW  (  506): CMD: IFNAME=wlan0 DRIVER WLS_BATCHING GET
02-28 17:29:50.374 D/wpa_supplicant(  659): RX ctrl_iface - hexdump(len=23): 44 52 49 56 45 52 20 57 4c 53 5f 42 41 54 43 48 49 4e 47 20 47 45 54
02-28 17:29:50.374 D/wpa_supplicant(  659): wlan0: Control interface command 'DRIVER WLS_BATCHING GET'
02-28 17:29:50.374 E/wpa_supplicant(  659): bcm_wpa_driver_nl80211_driver_cmd: failed to issue private commands
02-28 17:29:50.374 I/WifiHW  (  506): REPLY: FAIL
02-28 17:29:50.374 E/WifiStateMachine(  506): Unexpected BatchedScanResults :null
02-28 17:29:50.374 I/WifiHW  (  506): CMD: IFNAME=wlan0 DRIVER WLS_BATCHING STOP
02-28 17:29:50.374 D/wpa_supplicant(  659): RX ctrl_iface - hexdump(len=24): 44 52 49 56 45 52 20 57 4c 53 5f 42 41 54 43 48 49 4e 47 20 53 54 4f 50
02-28 17:29:50.374 D/wpa_supplicant(  659): wlan0: Control interface command 'DRIVER WLS_BATCHING STOP'
02-28 17:29:50.374 E/wpa_supplicant(  659): bcm_wpa_driver_nl80211_driver_cmd: failed to issue private commands
02-28 17:29:50.374 I/WifiHW  (  506): REPLY: FAIL
02-28 17:29:50.414 I/socket  (16512): msgid:5
02-28 17:29:50.414 D/PushConnection(16512): RTC stat update from 300 to 300
02-28 17:29:50.414 I/MessageHandler(16512): readMessage tiny heart beat from server, msgId:5
02-28 17:29:50.414 D/PushConnection(16512): ReadThread receive msg :id : 5, version: 0, needReply: false
02-28 17:29:50.414 I/MessageHandler(16512): handleMessage MSG_ID_TIMY_HEARTBEAT_CLIENT
02-28 17:29:50.984 D/BatteryStatsImpl(  506): noteStopWakeLocked system isFromForeground = false
02-28 17:29:50.984 I/WifiHW  (  506): CMD: IFNAME=wlan0 SET ps 1
02-28 17:29:50.984 D/wpa_supplicant(  659): RX ctrl_iface - hexdump(len=8): 53 45 54 20 70 73 20 31
02-28 17:29:50.984 D/wpa_supplicant(  659): wlan0: Control interface command 'SET ps 1'
02-28 17:29:50.984 D/wpa_supplicant(  659): CTRL_IFACE SET 'ps'='1'
02-28 17:29:50.984 D/wpa_supplicant(  659): nl80211: set_p2p_powersave (legacy_ps=1 opp_ps=-1 ctwindow=-1)
02-28 17:29:50.984 I/WifiHW  (  506): REPLY: OK
02-28 17:29:50.984 I/WifiHW  (  506): CMD: IFNAME=wlan0 DRIVER BTCOEXMODE 2
02-28 17:29:50.984 D/wpa_supplicant(  659): RX ctrl_iface - hexdump(len=19): 44 52 49 56 45 52 20 42 54 43 4f 45 58 4d 4f 44 45 20 32
02-28 17:29:50.984 D/wpa_supplicant(  659): wlan0: Control interface command 'DRIVER BTCOEXMODE 2'
02-28 17:29:50.994 D/wpa_supplicant(  659): bcm_wpa_driver_nl80211_driver_cmd OK len = 0, 2
02-28 17:29:50.994 I/WifiHW  (  506): REPLY: OK
02-28 17:29:50.994 D/WifiStateMachine(  506): VerifyingLinkState enter
02-28 17:29:50.994 D/WifiStateMachine(  506): CaptivePortalCheckState enter
02-28 17:29:50.994 D/ConnectivityService(  506): Captive portal check NetworkInfo: type: WIFI[], state: CONNECTING/CAPTIVE_PORTAL_CHECK, reason: (unspecified), extra: "Android", roaming: false, failover: false, isAvailable: true, isConnectedToProvisioningNetwork: false
02-28 17:29:50.994 D/ConnectivityService(  506): handleCaptivePortalTrackerCheck: call captivePortalCheckComplete ni=NetworkInfo: type: WIFI[], state: CONNECTING/CAPTIVE_PORTAL_CHECK, reason: (unspecified), extra: "Android", roaming: false, failover: false, isAvailable: true, isConnectedToProvisioningNetwork: false
02-28 17:29:51.004 D/WifiStateMachine(  506): CaptivePortalCheckState CMD_CAPTIVE_CHECK_COMPLETE
02-28 17:29:51.024 D/ConnectivityService(  506): ConnectivityChange for WIFI: CONNECTED/CONNECTED
02-28 17:29:51.024 E/ConnectivityService(  506): Unexpected mtu value: android.net.wifi.WifiStateTracker@21f74d88
02-28 17:29:51.104 D/ConnectivityService(  506): handleConnectivityChange: address are the same reset per doReset linkProperty[1]: resetMask=0
02-28 17:29:51.104 D/Nat464Xlat(  506): requiresClat: netType=1, hasIPv4Address=true
02-28 17:29:51.194 D/BatteryStatsImpl(  506): noteStopWakeLocked system isFromForeground = false
02-28 17:29:51.414 D/EVENT_THREAD(  187): void CEventThread::run() POLLIN event on Fd (1)
02-28 17:29:51.414 D/EVENT_THREAD(  187): void CEventThread::run() Do poll with timeout: -1
02-28 17:29:51.414 D/EVENT_THREAD(  187): void CEventThread::run() POLLIN event on Fd (1)
02-28 17:29:51.414 D/EVENT_THREAD(  187): void CEventThread::run() Do poll with timeout: -1
02-28 17:29:51.414 I/upi_ug31xx(  167): (3089) update_capacity
02-28 17:29:51.414 I/[UPI]   (  167): <UG31/E>[UpiReadCapacity]: V=4224(4222), T=330(332-398), I=-356, C=-3(-3-0)
02-28 17:29:51.414 I/[UPI]   (  167): <UG31/E>[UpiReadCapacity]: (0x00800d5a) 3727 (3669) / 3822 (3822) = 98
02-28 17:29:51.414 I/[UPI]   (  167): <UG31/E>[UpiReadCapacity]: (0x00800d5a) 3727 (3669) / 3822 (3822) = 98
02-28 17:29:51.414 I/[UPI]   (  167): <UG31/E>[UpiReadCapacity]: (0x00800d5a) 3724 (3724) / 3822 (3822) = 97
02-28 17:29:51.414 I/[UPI]   (  167): <UG31/E>[RsocFilterCountTime]: (0x00800d5a) Step=0(30310), Full=8(970550), Lock=30310(1800000)
02-28 17:29:51.414 I/[UPI]   (  167): <UG31/E>[UpiReadCapacity]: (0x00800d5a) 3727 (3724) / 3822 (3822) = 98 (-356--356)
02-28 17:29:51.414 I/[UPI]   (  167): <UG31/E><BATT> M:normal, P:98(98-97)%, V:4220mV, C:-403mA, T:33.2C(398), S:0x00800d5a(100), R:3727mAh, F:3822mAh, Q:2885mAh, CC:3, P:30.310(85-0)s, BO:7, 97:615:0-44af-9m:B001-20140514-144301 (1)
02-28 17:29:51.414 I/upi_ug31xx(  167): (3090) backup_data 
02-28 17:29:51.414 V/upi_ug31xx(  167): state->check_backup_count = 9
02-28 17:29:51.424 I/WifiHW  (  506): CMD: IFNAME=wlan0 SIGNAL_POLL
02-28 17:29:51.434 D/wpa_supplicant(  659): RX ctrl_iface - hexdump(len=11): 53 49 47 4e 41 4c 5f 50 4f 4c 4c
02-28 17:29:51.434 D/wpa_supplicant(  659): wlan0: Control interface command 'SIGNAL_POLL'
02-28 17:29:51.444 D/wpa_supplicant(  659): nl80211: survey data missing!
02-28 17:29:51.444 I/WifiHW  (  506): REPLY: RSSI=-58
02-28 17:29:51.444 I/WifiHW  (  506): REPLY: LINKSPEED=65
02-28 17:29:51.444 I/WifiHW  (  506): REPLY: NOISE=9999
02-28 17:29:51.444 I/WifiHW  (  506): REPLY: FREQUENCY=2437
02-28 17:29:52.024 D/BatteryStatsImpl(  506): noteStopWakeLocked system isFromForeground = false
02-28 17:29:52.024 D/ConnectivityService(  506): NetTransition Wakelock for ConnectedState released by timeout
02-28 17:29:54.114 D/Tethering(  506): MasterInitialState.processMessage what=3
02-28 17:29:54.144 D/AlarmManager(  506): Added alarm Alarm{21fe77d0 type 0 android} type:RTC_WAKEUP when: At 15-2-28 下午5:30 repeatInterval: 0h:30m:0.0s
02-28 17:29:54.154 D/BatteryStatsImpl(  506): noteStopWakeLocked system isFromForeground = false
02-28 17:29:54.164 I/SecurityManagerService(  621): SMS received security event: App[START/com.ecareme.asuswebstorage]
02-28 17:29:54.174 D/dalvikvm(30484): Process 30484 nice name: com.ecareme.asuswebstorage
02-28 17:29:54.174 D/dalvikvm(30484): Extra Options: not specified
02-28 17:29:54.184 I/ActivityManager(  506): Start proc com.ecareme.asuswebstorage for broadcast com.ecareme.asuswebstorage/net.yostore.utility.ConnectionChangeReceiver: pid=30484 uid=10028 gids={50028, 3003, 1028, 1015}
02-28 17:29:54.214 D/BatteryStatsImpl(  506): noteStopWakeLocked system isFromForeground = false
02-28 17:29:54.404 E/ConnectionChange(30484): connect change
02-28 17:29:54.414 I/SecurityManagerService(  621): SMS received security event: App[START/com.wandoujia.phoenix2]
02-28 17:29:54.424 D/dalvikvm(30498): Process 30498 nice name: com.wandoujia.phoenix2
02-28 17:29:54.424 D/dalvikvm(30498): Extra Options: not specified
02-28 17:29:54.424 I/ActivityManager(  506): Start proc com.wandoujia.phoenix2 for broadcast com.wandoujia.phoenix2/com.wandoujia.phoenix4.receiver.ConnectivityChangedReceiver: pid=30498 uid=10029 gids={50029, 3003, 1028, 1015}
02-28 17:29:54.454 I/WifiHW  (  506): CMD: IFNAME=wlan0 SIGNAL_POLL
02-28 17:29:54.454 D/wpa_supplicant(  659): RX ctrl_iface - hexdump(len=11): 53 49 47 4e 41 4c 5f 50 4f 4c 4c
02-28 17:29:54.454 D/wpa_supplicant(  659): wlan0: Control interface command 'SIGNAL_POLL'
02-28 17:29:54.474 D/wpa_supplicant(  659): nl80211: survey data missing!
02-28 17:29:54.474 I/WifiHW  (  506): REPLY: RSSI=-56
02-28 17:29:54.474 I/WifiHW  (  506): REPLY: LINKSPEED=65
02-28 17:29:54.474 I/WifiHW  (  506): REPLY: NOISE=9999
02-28 17:29:54.474 I/WifiHW  (  506): REPLY: FREQUENCY=2437
02-28 17:29:54.564 D/AlarmManager(  506): Removed alarm Alarm{221cf8d8 type 0 com.wandoujia.phoenix2} type:RTC_WAKEUP
02-28 17:29:54.584 D/AlarmManager(  506): Added alarm Alarm{224c9770 type 0 android} type:RTC_WAKEUP when: At 15-2-28 下午5:30 repeatInterval: 0h:30m:0.0s
02-28 17:29:54.624 D/AlarmManager(  506): Added alarm Alarm{2280ba68 type 0 android} type:RTC_WAKEUP when: At 15-2-28 下午5:30 repeatInterval: 0h:30m:0.0s
02-28 17:29:54.694 D/AlarmManager(  506): Added alarm Alarm{224c1778 type 0 com.wandoujia.phoenix2} type:RTC_WAKEUP when: At 15-3-1 下午4:24
02-28 17:29:54.704 D/AlarmManager(  506): Added alarm Alarm{2248f488 type 0 android} type:RTC_WAKEUP when: At 15-2-28 下午5:30 repeatInterval: 0h:30m:0.0s
02-28 17:29:54.714 D/AlarmManager(  506): Added alarm Alarm{21f7cc88 type 0 com.android.providers.calendar} type:RTC_WAKEUP when: At 15-3-1 上午7:36
02-28 17:29:54.814 V/ActivityManager(  506): Remove bg service from mStartingBackground ,r=ServiceRecord{2228c630 u0 com.wandoujia.phoenix2/.services.BackgroundService},r used time=174,left r count=0
02-28 17:29:54.814 I/ActivityManager(  506): Killing 19682:com.asus.livedemo/u0a34 (adj 15): empty #9
02-28 17:29:54.834 I/PushServiceReceiver(16367): start PushSerevice for ACTION_BOOT_COMPLETED or CONNECTIVITY_ACTION
02-28 17:29:54.834 D/Constants(16367): start service: com.baidu.android.pushservice.PushService
02-28 17:29:54.834 D/PushService(16367): onCreate from : com.baidu.searchbox
02-28 17:29:54.834 D/PushSDK (16367): Create PushSDK from : com.baidu.searchbox
02-28 17:29:54.834 D/Utility (16367): updateServiceInfo2  isForce =false
02-28 17:29:54.834 I/Utility (16367): --- isDisableService : true
02-28 17:29:54.834 D/PushSDK (16367): onCreate shouldStopSelf
02-28 17:29:54.834 D/PushService(16367): stopSelf : exitOnDestroy=true --- immediate=true
02-28 17:29:54.834 V/ActivityManager(  506): Remove bg service from mStartingBackground ,r=ServiceRecord{2221c340 u0 com.baidu.searchbox/com.baidu.android.pushservice.PushService},r used time=6,left r count=0
02-28 17:29:54.844 D/PushService(16367): -- onStartCommand -- Intent { act=com.baidu.pushservice.action.START cmp=com.baidu.searchbox/com.baidu.android.pushservice.PushService }
02-28 17:29:54.844 D/PushSDK (16367): handleOnStart intent action = com.baidu.pushservice.action.START
02-28 17:29:54.844 D/PushService(16367): stopSelf : exitOnDestroy=true --- immediate=true
02-28 17:29:54.844 I/PushService(16367): onDestroy
02-28 17:29:54.844 D/PushSDK (16367): destory
02-28 17:29:54.854 I/PushServiceReceiver(16512): start PushSerevice for ACTION_BOOT_COMPLETED or CONNECTIVITY_ACTION
02-28 17:29:54.854 D/Constants(16512): start service: com.baidu.android.pushservice.PushService
02-28 17:29:54.864 D/PushService(16512): -- onStartCommand -- Intent { act=com.baidu.pushservice.action.START cmp=com.baidu.BaiduMap/com.baidu.android.pushservice.PushService }
02-28 17:29:54.864 D/PushSDK (16512): handleOnStart intent action = com.baidu.pushservice.action.START
02-28 17:29:54.864 I/PushSDK (16512): -- handleOnStart -- Intent { act=com.baidu.pushservice.action.START cmp=com.baidu.BaiduMap/com.baidu.android.pushservice.PushService }
02-28 17:29:54.864 D/RegistrationService(16512): RegistrationSerice handleIntent : Intent { act=com.baidu.pushservice.action.START cmp=com.baidu.BaiduMap/com.baidu.android.pushservice.PushService }
02-28 17:29:54.864 D/PushSDK (16512): tryConnect networkConnected :true
02-28 17:29:54.864 I/SecurityManagerService(  621): SMS received security event: App[START/com.baidu.BaiduMap]
02-28 17:29:54.864 D/dalvikvm(30548): Process 30548 nice name: com.baidu.BaiduMap
02-28 17:29:54.864 D/dalvikvm(30548): Extra Options: not specified
02-28 17:29:54.864 I/ActivityManager(  506): Start proc com.baidu.BaiduMap for broadcast com.baidu.BaiduMap/com.baidu.navi.statistics.LBSRouteStatisticsNetworkListener: pid=30548 uid=10040 gids={50040, 1028, 1015, 3003, 3002, 3001}
02-28 17:29:54.874 I/SecurityManagerService(  621): SMS received security event: App[STOP/com.asus.livedemo]
02-28 17:29:54.874 D/dalvikvm(  621): GC_CONCURRENT freed 4014K, 45% free 5998K/10892K, paused 4ms+2ms, total 12ms
02-28 17:29:54.934 D/dalvikvm(30498): GC_CONCURRENT freed 1919K, 20% free 7903K/9824K, paused 1ms+2ms, total 8ms
02-28 17:29:55.074 D/Camera_HAL(  187): ATOM_GetCameraInfo
02-28 17:29:55.074 D/Camera_HAL(  187): ATOM_GetCameraInfo
02-28 17:29:55.094 I/SecurityManagerService(  621): SMS received security event: App[START/com.asus.cm]
02-28 17:29:55.114 D/dalvikvm(30576): Process 30576 nice name: com.asus.cm
02-28 17:29:55.114 D/dalvikvm(30576): Extra Options: not specified
02-28 17:29:55.114 I/ActivityManager(  506): Start proc com.asus.cm for broadcast com.asus.cm/.push.PushControlReceiver: pid=30576 uid=1000 gids={41000, 3003, 1028, 1015, 3002, 3001, 1023}
02-28 17:29:55.114 I/ActivityManager(  506): Killing 19715:com.asus.photoframe/u0a68 (adj 15): empty #9
02-28 17:29:55.124 D/dalvikvm(  173): GC_EXPLICIT freed 45K, 2% free 5801K/5892K, paused 1ms+1ms, total 14ms
02-28 17:29:55.134 D/dalvikvm(  173): GC_EXPLICIT freed <1K, 2% free 5801K/5892K, paused 0ms+1ms, total 12ms
02-28 17:29:55.154 D/dalvikvm(  173): GC_EXPLICIT freed <1K, 2% free 5801K/5892K, paused 0ms+1ms, total 12ms
02-28 17:29:55.154 D/CMC->CMConfig(30576): CMConfig.init()
02-28 17:29:55.154 D/CMC->CMConfig(30576): mFumoHandlerName=DefaultFumoHandler
02-28 17:29:55.154 D/CMC->CMConfig(30576): allowShowMoreInfoOnError=false
02-28 17:29:55.154 D/CMC->CMConfig(30576): allowFotaPolling=true
02-28 17:29:55.164 D/CMC->PushUtil(30576): State.CONNECTED
02-28 17:29:55.194 D/CMC->UniqueId(30576): get cached uniqueID
02-28 17:29:55.194 D/CMC->PushService(  587): ============== PushService.onStartCommand() ==============
02-28 17:29:55.194 D/CMC->UniqueId(  587): get cached uniqueID
02-28 17:29:55.194 W/ContextImpl(30576): Calling a method in the system process without a qualified user: android.app.ContextImpl.startService:1547 android.content.ContextWrapper.startService:495 android.content.ContextWrapper.startService:495 com.asus.cm.push.PushUtil.startPushService:27 com.asus.cm.push.PushControlReceiver.onReceive:40 
02-28 17:29:55.194 I/ActivityManager(  506): Killing 20089:com.tencent.mm/u0a88 (adj 15): empty #9
02-28 17:29:55.204 I/WeatherTimeReceiver(13348): Connectivity is changed!
02-28 17:29:55.204 V/WeatherTimeReceiver(13348): Network Type = WIFI
02-28 17:29:55.204 I/WeatherTimeReceiver(13348): Register alarm manager again!
02-28 17:29:55.214 D/AlarmManager(  506): Added alarm Alarm{21f79d30 type 0 android} type:RTC_WAKEUP when: At 15-2-28 下午5:30 repeatInterval: 0h:30m:0.0s
02-28 17:29:55.224 I/SecurityManagerService(  621): SMS received security event: App[STOP/com.asus.photoframe]
02-28 17:29:55.234 I/WeatherTimeReceiver(13348): Alarm manager is canceled successfully!
02-28 17:29:55.254 I/WeatherTimeReceiver(13348): Alarm manager is canceled successfully!
02-28 17:29:55.254 I/WeatherTimeReceiver(13348): registerAlarmManager
02-28 17:29:55.264 V/WeatherTimeReceiver(13348): iWidgetTimeZone = 8;iCurrentTimeZone = 8; equal = true
02-28 17:29:55.264 I/WeatherTimeReceiver(13348): register alarm
02-28 17:29:55.264 W/FileUtils(30498): Failed to chmod(/storage/emulated/0/wandoujia/.fileInfo.db): libcore.io.ErrnoException: chmod failed: EPERM (Operation not permitted)
02-28 17:29:55.304 I/SecurityManagerService(  621): SMS received security event: App[STOP/com.tencent.mm]
02-28 17:29:55.304 I/WeatherTimeReceiver(13348): WidgetID1at contextandroid.app.ReceiverRestrictedContext@21ecc498Set Period14400000
02-28 17:29:55.304 V/WeatherTimeReceiver(13348): iWidgetTimeZone = 8;iCurrentTimeZone = 8; equal = true
02-28 17:29:55.364 D/dalvikvm(  506): GC_EXPLICIT freed 1031K, 51% free 18249K/36936K, paused 1ms+9ms, total 53ms
02-28 17:29:55.364 I/WeatherTimeReceiver(13348): register alarm
02-28 17:29:55.364 I/WeatherTimeReceiver(13348): WidgetID661at contextandroid.app.ReceiverRestrictedContext@21ecc498Set Period14400000
02-28 17:29:55.364 V/WeatherTimeProvider(13348): Network Type = WIFI
02-28 17:29:55.374 V/WeatherTimeProvider(13348): city id = 66971
02-28 17:29:55.404 I/dalvikvm(30498): Total arena pages for JIT: 11
02-28 17:29:55.404 I/dalvikvm(30498): Total arena pages for JIT: 12
02-28 17:29:55.404 I/dalvikvm(30498): Total arena pages for JIT: 13
02-28 17:29:55.404 I/SecurityManagerService(  621): SMS received security event: App[START/com.tencent.mm]
02-28 17:29:55.414 I/dalvikvm(30498): Total arena pages for JIT: 14
02-28 17:29:55.414 I/dalvikvm(30498): Total arena pages for JIT: 15
02-28 17:29:55.414 D/dalvikvm(30593): Process 30593 nice name: com.tencent.mm:push
02-28 17:29:55.414 D/dalvikvm(30593): Extra Options: not specified
02-28 17:29:55.414 D/xmlCheckExt(30593): <neon>
02-28 17:29:55.414 D/xmlCheckExt(30593):  pkgName = air.eti.uzzu.unalis
02-28 17:29:55.414 D/xmlCheckExt(30593): <arch>
02-28 17:29:55.414 D/xmlCheckExt(30593):  pkgName = com.evy.guessword
02-28 17:29:55.414 D/xmlCheckExt(30593): <arch>
02-28 17:29:55.414 D/xmlCheckExt(30593):  pkgName = com.bpiotor.lot
02-28 17:29:55.414 D/xmlCheckExt(30593): <arch>
02-28 17:29:55.414 D/xmlCheckExt(30593):  pkgName = com.goodstudent.app
02-28 17:29:55.414 D/xmlCheckExt(30593): <arch>
02-28 17:29:55.414 D/xmlCheckExt(30593):  pkgName = com.flyfish.supermario
02-28 17:29:55.414 D/xmlCheckExt(30593): <arch>
02-28 17:29:55.414 D/xmlCheckExt(30593):  pkgName = excel.sgs
02-28 17:29:55.414 D/xmlCheckExt(30593): <arch>
02-28 17:29:55.424 D/xmlCheckExt(30593):  pkgName = com.gamevil.doz.global
02-28 17:29:55.424 D/xmlCheckExt(30593): <arch>
02-28 17:29:55.424 D/xmlCheckExt(30593):  pkgName = com.tblin.HandsetGuardant
02-28 17:29:55.424 D/xmlCheckExt(30593): <arch>
02-28 17:29:55.424 D/xmlCheckExt(30593):  pkgName = com.baoliei.lmotuolijhhe
02-28 17:29:55.424 D/xmlCheckExt(30593): <arch>
02-28 17:29:55.424 D/xmlCheckExt(30593):  pkgName = com.bpiotor.fingerprint
02-28 17:29:55.424 D/xmlCheckExt(30593): <arch>
02-28 17:29:55.424 D/xmlCheckExt(30593):  pkgName = com.philzhu.www.ddz
02-28 17:29:55.424 D/xmlCheckExt(30593): <arch>
02-28 17:29:55.424 D/xmlCheckExt(30593):  pkgName = hh.root
02-28 17:29:55.424 D/xmlCheckExt(30593): <arch>
02-28 17:29:55.424 D/xmlCheckExt(30593):  pkgName = com.rao.love.yy.zjhmuti
02-28 17:29:55.424 D/xmlCheckExt(30593): <arch>
02-28 17:29:55.424 D/xmlCheckExt(30593):  pkgName = com.rao.flyfish.huntfish
02-28 17:29:55.424 D/xmlCheckExt(30593): <arch>
02-28 17:29:55.424 D/xmlCheckExt(30593):  pkgName = com.yucai.escape.tow
02-28 17:29:55.424 D/xmlCheckExt(30593): <white>
02-28 17:29:55.424 D/xmlCheckExt(30593):  pkgName = com.eembc.coremark
02-28 17:29:55.424 D/Zygote  (30593): Setting os.arch
02-28 17:29:55.424 I/ActivityManager(  506): Start proc com.tencent.mm:push for broadcast com.tencent.mm/.booter.MMReceivers$ConnectionReceiver: pid=30593 uid=10088 gids={50088, 3003, 1028, 1015, 3002, 3001}
02-28 17:29:55.534 D/dalvikvm(30593): Trying to load lib /data/app-lib/com.tencent.mm-1/libstlport_shared.so 0x43d87a50
02-28 17:29:55.544 D/houdini (30593): [30593] Loading library(version: 4.0.2.44380 RELEASE)... successfully.
02-28 17:29:55.564 D/dalvikvm(30593): Added shared lib /data/app-lib/com.tencent.mm-1/libstlport_shared.so 0x43d87a50
02-28 17:29:55.564 D/dalvikvm(30593): No JNI_OnLoad found in /data/app-lib/com.tencent.mm-1/libstlport_shared.so 0x43d87a50, skipping init
02-28 17:29:55.574 D/dalvikvm(30593): Trying to load lib /data/app-lib/com.tencent.mm-1/libwechatxlog.so 0x43d87a50
02-28 17:29:55.574 E/ActivityThread(30593): Failed to find provider info for com.tencent.mm.coolassist.debugprovider
02-28 17:29:55.594 D/dalvikvm(30593): Added shared lib /data/app-lib/com.tencent.mm-1/libwechatxlog.so 0x43d87a50
02-28 17:29:55.594 W/MicroMsg.xlogger(30593): JNI_Xlog_onCreate
02-28 17:29:55.664 D/dalvikvm(30593): Trying to load lib /data/app-lib/com.tencent.mm-1/libMMProtocalJni.so 0x43d87a50
02-28 17:29:55.684 D/dalvikvm(30593): Added shared lib /data/app-lib/com.tencent.mm-1/libMMProtocalJni.so 0x43d87a50
02-28 17:29:55.684 D/dalvikvm(30593): No JNI_OnLoad found in /data/app-lib/com.tencent.mm-1/libMMProtocalJni.so 0x43d87a50, skipping init
02-28 17:29:55.784 D/dalvikvm(30593): Trying to load lib /data/app-lib/com.tencent.mm-1/libwechatCrashForJni.so 0x43d87a50
02-28 17:29:55.794 D/dalvikvm(30593): Added shared lib /data/app-lib/com.tencent.mm-1/libwechatCrashForJni.so 0x43d87a50
02-28 17:29:55.794 W/jni crash monitor(30593): JNI_OnLoad
02-28 17:29:55.854 I/WeatherTimeReceiver(13348): P.UPDATE_WIDGET_PERIOD:Receive, widgetId = 1
02-28 17:29:55.854 I/ActivityManager(  506): Killing 20061:android.process.acore/u0a4 (adj 15): empty #9
02-28 17:29:55.864 V/WeatherTimeCurrentLocation(13348): bIsWiFiEnabled = true; bIsGPSEnabled = true
02-28 17:29:55.864 V/WeatherTimeCurrentLocation(13348): Auto update current location:LocationManager.NETWORK_PROVIDER
02-28 17:29:55.864 I/SecurityManagerService(  621): SMS received security event: App[STOP/com.android.providers.contacts]
02-28 17:29:55.864 I/WeatherTimeReceiver(13348): P.UPDATE_WIDGET_PERIOD:Receive, widgetId = 661
02-28 17:29:55.864 V/WeatherTimeCurrentLocation(13348): mlocationListener != null
02-28 17:29:55.864 D/BatteryStatsImpl(  506): noteStopWakeLocked system isFromForeground = false
02-28 17:29:56.264 D/BatteryStatsImpl(  506): noteStopWakeLocked system isFromForeground = false
02-28 17:29:56.304 W/BindingManager(29939): Cannot call determinedVisibility() - never saw a connection for the pid: 29939
