02-28 17:59:57.714 D/AudioPolicyManagerALSA(  187): startOutput() output 2, stream type 1, session 160
02-28 17:59:57.714 W/InputMethodManagerService(  506): Window already focused, ignoring focus gain of: com.android.internal.view.IInputMethodClient$Stub$Proxy@221638c8 attribute=null, token = android.os.BinderProxy@221b4788
02-28 17:59:57.714 D/AudioResamplerIA(  187): Create AudioResamplerIA Resampler: Input rate 44100, output rate 48000
02-28 17:59:57.844 W/BindingManager( 7508): Cannot call determinedVisibility() - never saw a connection for the pid: 7508
02-28 17:59:58.514 W/BindingManager( 7508): Cannot call determinedVisibility() - never saw a connection for the pid: 7508
02-28 17:59:59.214 W/BindingManager( 7508): Cannot call determinedVisibility() - never saw a connection for the pid: 7508
02-28 17:59:59.874 W/BindingManager( 7508): Cannot call determinedVisibility() - never saw a connection for the pid: 7508
02-28 17:59:59.994 D/Clock   (  570): ACTION_TIME_TICK
02-28 17:59:59.994 D/Clock   (  570): update clock:6:00
02-28 18:00:00.014 D/BatteryStatsImpl(  506): noteStopWakeLocked system isFromForeground = false
02-28 18:00:00.534 W/BindingManager( 7508): Cannot call determinedVisibility() - never saw a connection for the pid: 7508
02-28 18:00:00.554 I/chromium( 7508): [INFO:CONSOLE(0)] "WebSocket connection to 'ws://127.0.0.1:8081/echo' failed: WebSocket is closed before the connection is established.", source: http://127.0.0.1:8080/opt/tct-websocket-w3c-tests/websocket/w3c/Create-valid-url-protocol-empty.htm (0)
02-28 18:00:01.344 W/BindingManager( 7508): Cannot call determinedVisibility() - never saw a connection for the pid: 7508
02-28 18:00:01.704 D/PROPERTY(  187): get media.dump_output.befconv: 0
02-28 18:00:01.704 D/PROPERTY(  187): get media.dump_output.aftconv: 0
02-28 18:00:01.704 D/RouteManager(  187): stopStream: {+++ RECONSIDER ROUTING +++} due to output stream stop event
02-28 18:00:01.704 D/RouteManager(  187): reconsiderRouting
02-28 18:00:01.704 D/EVENT_THREAD(  187): void CEventThread::trig(uint16_t): in
02-28 18:00:01.704 D/EVENT_THREAD(  187): void CEventThread::trig(uint16_t): out
02-28 18:00:01.704 D/RouteManager(  187): doReconsiderRouting:       Platform State:
02-28 18:00:01.704 D/RouteManager(  187): doReconsiderRouting:          -Modem Alive = 0 
02-28 18:00:01.704 D/RouteManager(  187): doReconsiderRouting:          -Modem Call Active = 0 
02-28 18:00:01.704 D/RouteManager(  187): doReconsiderRouting:          -Is Shared I2S glitch free=1 
02-28 18:00:01.704 D/RouteManager(  187): doReconsiderRouting:          -Android Telephony Mode = Normal 
02-28 18:00:01.704 D/RouteManager(  187): doReconsiderRouting:          -RTE MGR HW Mode = Normal 
02-28 18:00:01.704 D/RouteManager(  187): doReconsiderRouting:          -BT Enabled = 1 
02-28 18:00:01.704 D/RouteManager(  187): doReconsiderRouting:          -BT NREC = 0 
02-28 18:00:01.704 D/RouteManager(  187): doReconsiderRouting:          -BT Band = NB 
02-28 18:00:01.704 D/RouteManager(  187): doReconsiderRouting:          -Platform output device = IHF 
02-28 18:00:01.704 D/RouteManager(  187): doReconsiderRouting:          -Platform input device = <none> 
02-28 18:00:01.704 D/RouteManager(  187): doReconsiderRouting:          -Platform input source = None 
02-28 18:00:01.704 D/RouteManager(  187): doReconsiderRouting:          -Platform Band type = NB 
02-28 18:00:01.704 D/RouteManager(  187): doReconsiderRouting:          -Platform Has Direct Stream = no 
02-28 18:00:01.704 D/RouteManager(  187): doReconsiderRouting:          -Platform TTY direction = <none> 
02-28 18:00:01.704 D/RouteManager(  187): doReconsiderRouting:          -Platform HAC Mode = Off 
02-28 18:00:01.704 D/RouteManager(  187): doReconsiderRouting:          -Platform Screen State = On 
02-28 18:00:01.704 D/RouteManager(  187): doReconsiderRouting:          -Platform Context Awareness = false 
02-28 18:00:01.704 D/RouteManager(  187): doReconsiderRouting:          -Platform Always Listening = false 
02-28 18:00:01.704 D/RouteManager(  187): doReconsiderRouting:          -Platform FM State = Off 
02-28 18:00:01.704 D/RouteManager(  187): doReconsiderRouting:          -Platform Bypass Non Linear PP State = Off 
02-28 18:00:01.704 D/RouteManager(  187): doReconsiderRouting:          -Platform Bypass Linear PP State = Off 
02-28 18:00:01.704 D/RouteManager(  187): doReconsiderRouting:          -Platform MicMute = Off 
02-28 18:00:01.704 D/RouteManager(  187): doReconsiderRouting:      Route state:
02-28 18:00:01.704 D/RouteManager(  187): doReconsiderRouting:          -Previously Enabled Route in Input = <none>
02-28 18:00:01.704 D/RouteManager(  187): doReconsiderRouting:          -Previously Enabled Route in Output = Media|HwCodecMedia
02-28 18:00:01.704 D/RouteManager(  187): doReconsiderRouting:          -Selected Route in Input = <none>
02-28 18:00:01.704 D/RouteManager(  187): doReconsiderRouting:          -Selected Route in Output = <none>
02-28 18:00:01.704 D/RouteManager(  187): doReconsiderRouting:          -Route that need reconfiguration in Input = <none>
02-28 18:00:01.704 D/RouteManager(  187): doReconsiderRouting:          -Route that need reconfiguration in Output = <none>
02-28 18:00:01.704 D/RouteManager(  187): executeMuteStage: --------------- Routing Stage = Mute ---------------
02-28 18:00:01.704 D/RouteManager(  187): parameter-framework: Selection criterion changed event: Criterion name: RoutageState, current state: Flow
02-28 18:00:01.704 D/RouteManager(  187): muteRoutes: Expected Routes to be muted in Output = Media|HwCodecMedia
02-28 18:00:01.704 D/RouteManager(  187): parameter-framework: Selection criterion changed event: Criterion name: ClosingPlaybackRoutes, current state: Media|HwCodecMedia
02-28 18:00:01.704 D/RouteManager(  187): parameter-framework: Selection criterion changed event: Criterion name: OpenedPlaybackRoutes, current state: <none>
02-28 18:00:01.704 D/RouteManager(  187): parameter-framework: Configuration application request {
02-28 18:00:01.704 D/RouteManager(  187): parameter-framework:     Applying configurations {
02-28 18:00:01.704 D/RouteManager(  187): parameter-framework:     } Applying configurations
02-28 18:00:01.704 D/RouteManager(  187): parameter-framework: } Configuration application request
02-28 18:00:01.704 D/RouteManager(  187): executeDisableStage: --------------- Routing Stage = Disable ---------------
02-28 18:00:01.704 D/RouteManager(  187): parameter-framework: Selection criterion changed event: Criterion name: RoutageState, current state: Path
02-28 18:00:01.704 D/RouteManager(  187): prepareDisableRoutes: Routes to be disabled(unrouted) in Output = Media|HwCodecMedia
02-28 18:00:01.704 D/ALSAStreamOps(  187): detachRouteL output stream
02-28 18:00:01.704 D/RouteManager/StreamRoute(  187): closePcmDevice called for card (baytrailaudio,0)
02-28 18:00:01.734 D/RouteManager(  187): parameter-framework: Configuration application request {
02-28 18:00:01.734 D/RouteManager(  187): parameter-framework:     Applying configurations {
02-28 18:00:01.734 D/RouteManager(  187): parameter-framework:         Applying configuration "Disable" from domain "Routing.Enable.HWCodec.Playback.IHF"
02-28 18:00:01.734 D/RouteManager(  187): parameter-framework:         Applying configuration "Disable" from domain "Routing.Enable.HWCodec.Playback.Multimedia.IHF"
02-28 18:00:01.734 D/RouteManager(  187): parameter-framework:         Applying configuration "Disable" from domain "Routing.Enable.HWCodec.Playback.Multimedia.Playback"
02-28 18:00:01.754 D/RouteManager(  187): parameter-framework:     } Applying configurations
02-28 18:00:01.754 D/RouteManager(  187): parameter-framework: } Configuration application request
02-28 18:00:01.754 D/RouteManager(  187): executeConfigureStage: --------------- Routing Stage = Configure ---------------
02-28 18:00:01.754 D/RouteManager(  187): parameter-framework: Selection criterion changed event: Criterion name: RoutageState, current state: Configure
02-28 18:00:01.754 D/RouteManager(  187): parameter-framework: Selection criterion changed event: Criterion name: ClosingPlaybackRoutes, current state: <none>
02-28 18:00:01.754 D/RouteManager(  187): parameter-framework: Configuration application request {
02-28 18:00:01.754 D/RouteManager(  187): parameter-framework:     Applying configurations {
02-28 18:00:01.754 D/RouteManager(  187): parameter-framework:         Applying configuration "Deactivated" from domain "Routing.Configure.LPE_Mixer.IHF"
02-28 18:00:01.754 D/RouteManager(  187): parameter-framework:     } Applying configurations
02-28 18:00:01.754 D/RouteManager(  187): parameter-framework: } Configuration application request
02-28 18:00:01.754 D/RouteManager(  187): executeEnableStage: --------------- Routing Stage = Enable ---------------
02-28 18:00:01.754 D/RouteManager(  187): parameter-framework: Selection criterion changed event: Criterion name: RoutageState, current state: Path|Configure
02-28 18:00:01.754 D/RouteManager(  187): parameter-framework: Configuration application request {
02-28 18:00:01.754 D/RouteManager(  187): parameter-framework:     Applying configurations {
02-28 18:00:01.754 D/RouteManager(  187): parameter-framework:     } Applying configurations
02-28 18:00:01.754 D/RouteManager(  187): parameter-framework: } Configuration application request
02-28 18:00:01.754 D/RouteManager(  187): executeUnmuteStage: --------------- Routing Stage = Unmute ---------------
02-28 18:00:01.754 D/RouteManager(  187): parameter-framework: Selection criterion changed event: Criterion name: RoutageState, current state: Flow|Path|Configure
02-28 18:00:01.754 D/RouteManager(  187): parameter-framework: Configuration application request {
02-28 18:00:01.754 D/RouteManager(  187): parameter-framework:     Applying configurations {
02-28 18:00:01.754 D/RouteManager(  187): parameter-framework:     } Applying configurations
02-28 18:00:01.754 D/RouteManager(  187): parameter-framework: } Configuration application request
02-28 18:00:01.754 D/EVENT_THREAD(  187): void CEventThread::run() Do poll with timeout: -1
02-28 18:00:01.754 D/RouteManager(  187): reconsiderRouting: DONE
02-28 18:00:01.984 W/BindingManager( 7508): Cannot call determinedVisibility() - never saw a connection for the pid: 7508
02-28 18:00:02.664 W/BindingManager( 7508): Cannot call determinedVisibility() - never saw a connection for the pid: 7508
02-28 18:00:03.384 W/BindingManager( 7508): Cannot call determinedVisibility() - never saw a connection for the pid: 7508
02-28 18:00:03.964 D/BatteryStatsImpl(  506): noteStopWakeLocked system isFromForeground = false
02-28 18:00:03.994 W/BindingManager( 7508): Cannot call determinedVisibility() - never saw a connection for the pid: 7508
02-28 18:00:04.624 W/BindingManager( 7508): Cannot call determinedVisibility() - never saw a connection for the pid: 7508
02-28 18:00:05.294 W/BindingManager( 7508): Cannot call determinedVisibility() - never saw a connection for the pid: 7508
02-28 18:00:05.964 W/BindingManager( 7508): Cannot call determinedVisibility() - never saw a connection for the pid: 7508
02-28 18:00:06.634 W/BindingManager( 7508): Cannot call determinedVisibility() - never saw a connection for the pid: 7508
02-28 18:00:07.294 W/BindingManager( 7508): Cannot call determinedVisibility() - never saw a connection for the pid: 7508
02-28 18:00:07.944 W/BindingManager( 7508): Cannot call determinedVisibility() - never saw a connection for the pid: 7508
02-28 18:00:08.594 W/BindingManager( 7508): Cannot call determinedVisibility() - never saw a connection for the pid: 7508
02-28 18:00:09.124 D/EVENT_THREAD(  187): void CEventThread::run() POLLIN event on Fd (1)
02-28 18:00:09.124 D/EVENT_THREAD(  187): void CEventThread::run() Do poll with timeout: -1
02-28 18:00:09.264 W/BindingManager( 7508): Cannot call determinedVisibility() - never saw a connection for the pid: 7508
02-28 18:00:09.894 W/BindingManager( 7508): Cannot call determinedVisibility() - never saw a connection for the pid: 7508
02-28 18:00:10.594 W/BindingManager( 7508): Cannot call determinedVisibility() - never saw a connection for the pid: 7508
02-28 18:00:10.624 I/chromium( 7508): [INFO:CONSOLE(0)] "WebSocket connection to 'wss://html5labs-interop.cloudapp.net/echo' failed: WebSocket is closed before the connection is established.", source: http://127.0.0.1:8080/opt/tct-websocket-w3c-tests/websocket/w3c/Create-Secure-verify-url-set-default-port.htm (0)
02-28 18:00:10.814 I/chromium( 7508): [INFO:CONSOLE(14)] "WebSocket connection to 'wss://127.0.0.1:8444/echo' failed: Error in connection establishment: net::ERR_CONNECTION_REFUSED", source: http://127.0.0.1:8080/opt/tct-websocket-w3c-tests/websocket/w3c/Create-Secure-verify-url-set-non-default-port.htm (14)
02-28 18:00:10.864 I/chromium( 7508): [INFO:CONSOLE(0)] "WebSocket connection to 'ws://html5labs-interop.cloudapp.net/echo' failed: WebSocket is closed before the connection is established.", source: http://127.0.0.1:8080/opt/tct-websocket-w3c-tests/websocket/w3c/Create-verify-url-set-default-port.htm (0)
02-28 18:00:11.074 D/EVENT_THREAD(  187): void CEventThread::run() POLLIN event on Fd (1)
02-28 18:00:11.074 D/EVENT_THREAD(  187): void CEventThread::run() Do poll with timeout: -1
02-28 18:00:11.074 D/EVENT_THREAD(  187): void CEventThread::run() POLLIN event on Fd (1)
02-28 18:00:11.074 D/EVENT_THREAD(  187): void CEventThread::run() Do poll with timeout: -1
02-28 18:00:11.074 I/upi_ug31xx(  167): (3209) update_capacity
02-28 18:00:11.074 I/[UPI]   (  167): <UG31/E>[UpiReadCapacity]: V=4153(4159), T=359(361-422), I=-461, C=-3(-3-0)
02-28 18:00:11.074 I/[UPI]   (  167): <UG31/E>[UpiReadCapacity]: (0x0000214a) 3334 (3241) / 3602 (3602) = 93
02-28 18:00:11.074 I/[UPI]   (  167): <UG31/E>[UpiReadCapacity]: (0x0000214a) 3334 (3241) / 3602 (3602) = 93
02-28 18:00:11.074 I/[UPI]   (  167): <UG31/E>[UpiReadCapacity]: (0x0000214a) 3331 (3331) / 3602 (3602) = 92
02-28 18:00:11.074 I/[UPI]   (  167): <UG31/E>[RsocFilterCountTime]: (0x0000214a) Step=5(303040), Full=2(303040), Lock=303040(1800000)
02-28 18:00:11.074 I/[UPI]   (  167): <UG31/E>[UpiReadCapacity]: (0x0000214a) 3331 (3331) / 3602 (3602) = 92 (-461--461)
02-28 18:00:11.074 I/[UPI]   (  167): <UG31/E><BATT> M:normal, P:92(92-92)%, V:4160mV, C:-597mA, T:36.1C(422), S:0x0000214a(000), R:3331mAh, F:3602mAh, Q:2702mAh, CC:3, P:30.320(268-0)s, BO:7, 97:615:0-44af-9m:B001-20140514-144301 (2)
02-28 18:00:11.074 I/upi_ug31xx(  167): (3210) backup_data 
02-28 18:00:11.074 V/upi_ug31xx(  167): state->check_backup_count = 8
02-28 18:00:11.344 D/EVENT_THREAD(  187): void CEventThread::run() POLLIN event on Fd (1)
02-28 18:00:11.344 D/EVENT_THREAD(  187): void CEventThread::run() Do poll with timeout: -1
02-28 18:00:11.704 W/BindingManager( 7508): Cannot call determinedVisibility() - never saw a connection for the pid: 7508
02-28 18:00:12.324 D/wpa_supplicant(  659): wlan0: Starting AP scan for wildcard SSID
02-28 18:00:12.324 D/wpa_supplicant(  659): WPS: Building WPS IE for Probe Request
02-28 18:00:12.324 D/wpa_supplicant(  659): WPS:  * Version (hardcoded 0x10)
02-28 18:00:12.324 D/wpa_supplicant(  659): WPS:  * Request Type
02-28 18:00:12.324 D/wpa_supplicant(  659): WPS:  * Config Methods (4288)
02-28 18:00:12.324 D/wpa_supplicant(  659): WPS:  * UUID-E
02-28 18:00:12.324 D/wpa_supplicant(  659): WPS:  * Primary Device Type
02-28 18:00:12.324 D/wpa_supplicant(  659): WPS:  * RF Bands (1)
02-28 18:00:12.324 D/wpa_supplicant(  659): WPS:  * Association State
02-28 18:00:12.324 D/wpa_supplicant(  659): WPS:  * Configuration Error (0)
02-28 18:00:12.324 D/wpa_supplicant(  659): WPS:  * Device Password ID (0)
02-28 18:00:12.324 D/wpa_supplicant(  659): WPS:  * Manufacturer
02-28 18:00:12.324 D/wpa_supplicant(  659): WPS:  * Model Name
02-28 18:00:12.324 D/wpa_supplicant(  659): WPS:  * Model Number
02-28 18:00:12.324 D/wpa_supplicant(  659): WPS:  * Device Name
02-28 18:00:12.324 D/wpa_supplicant(  659): WPS:  * Version2 (0x20)
02-28 18:00:12.324 D/wpa_supplicant(  659): P2P: * P2P IE header
02-28 18:00:12.324 D/wpa_supplicant(  659): P2P: * Capability dev=25 group=00
02-28 18:00:12.324 D/wpa_supplicant(  659): P2P: * Listen Channel: Regulatory Class 81 Channel 11
02-28 18:00:12.324 D/wpa_supplicant(  659): wlan0: nl80211: scan request
02-28 18:00:12.374 D/wpa_supplicant(  659): Scan requested (ret=0) - scan timeout 30 seconds
02-28 18:00:12.374 D/wpa_supplicant(  659): nl80211: Drv Event 33 (NL80211_CMD_TRIGGER_SCAN) received for wlan0
02-28 18:00:12.374 D/wpa_supplicant(  659): wlan0: nl80211: Scan trigger
02-28 18:00:12.404 W/BindingManager( 7508): Cannot call determinedVisibility() - never saw a connection for the pid: 7508
02-28 18:00:13.044 W/BindingManager( 7508): Cannot call determinedVisibility() - never saw a connection for the pid: 7508
02-28 18:00:13.494 D/wpa_supplicant(  659): nl80211: Drv Event 34 (NL80211_CMD_NEW_SCAN_RESULTS) received for wlan0
02-28 18:00:13.494 D/wpa_supplicant(  659): wlan0: nl80211: New scan results available
02-28 18:00:13.494 D/wpa_supplicant(  659): wlan0: Event SCAN_RESULTS (3) received
02-28 18:00:13.504 D/wpa_supplicant(  659): nl80211: Received scan results (20 BSSes)
02-28 18:00:13.504 D/wpa_supplicant(  659): nl80211: Survey data missing
02-28 18:00:13.504 D/wpa_supplicant(  659): wlan0: BSS: Start scan result update 46
02-28 18:00:13.504 D/wpa_supplicant(  659): wlan0: BSS: Add new id 231 BSSID 00:0f:e2:0f:9f:c1 SSID '321_WAN'
02-28 18:00:13.504 D/wpa_supplicant(  659): CTRL_IFACE monitor send - hexdump(len=39): 2f 64 61 74 61 2f 6d 69 73 63 2f 77 69 66 69 2f 73 6f 63 6b 65 74 73 2f 77 70 61 5f 63 74 72 6c ...
02-28 18:00:13.504 D/wpa_supplicant(  659): wlan0: BSS: Add new id 232 BSSID e4:d3:32:dd:18:62 SSID 'Internet'
02-28 18:00:13.504 D/wpa_supplicant(  659): CTRL_IFACE monitor send - hexdump(len=39): 2f 64 61 74 61 2f 6d 69 73 63 2f 77 69 66 69 2f 73 6f 63 6b 65 74 73 2f 77 70 61 5f 63 74 72 6c ...
02-28 18:00:13.504 D/wpa_supplicant(  659): wlan0: BSS: Remove id 227 BSSID c0:a0:bb:20:3b:84 SSID 'dlink-3B84' due to no match in scan
02-28 18:00:13.504 D/wpa_supplicant(  659): CTRL_IFACE monitor send - hexdump(len=39): 2f 64 61 74 61 2f 6d 69 73 63 2f 77 69 66 69 2f 73 6f 63 6b 65 74 73 2f 77 70 61 5f 63 74 72 6c ...
02-28 18:00:13.504 I/WifiHW  (  506): EVENT: IFNAME=wlan0 CTRL-EVENT-BSS-ADDED 231 00:0f:e2:0f:9f:c1
02-28 18:00:13.504 D/wpa_supplicant(  659): BSS: last_scan_res_used=19/32 last_scan_full=0
02-28 18:00:13.504 D/wpa_supplicant(  659): wlan0: New scan results available
02-28 18:00:13.504 D/wpa_supplicant(  659): CTRL_IFACE monitor send - hexdump(len=39): 2f 64 61 74 61 2f 6d 69 73 63 2f 77 69 66 69 2f 73 6f 63 6b 65 74 73 2f 77 70 61 5f 63 74 72 6c ...
02-28 18:00:13.504 D/wpa_supplicant(  659): CTRL_IFACE monitor send - hexdump(len=39): 2f 64 61 74 61 2f 6d 69 73 63 2f 77 69 66 69 2f 73 6f 63 6b 65 74 73 2f 77 70 61 5f 63 74 72 6c ...
02-28 18:00:13.504 D/wpa_supplicant(  659): Authorize channel 1
02-28 18:00:13.504 D/wpa_supplicant(  659): Authorize channel 2
02-28 18:00:13.504 D/wpa_supplicant(  659): Authorize channel 3
02-28 18:00:13.504 D/wpa_supplicant(  659): Authorize channel 4
02-28 18:00:13.504 D/wpa_supplicant(  659): Authorize channel 5
02-28 18:00:13.504 D/wpa_supplicant(  659): Authorize channel 6
02-28 18:00:13.504 D/wpa_supplicant(  659): Authorize channel 7
02-28 18:00:13.504 D/wpa_supplicant(  659): Authorize channel 8
02-28 18:00:13.504 D/wpa_supplicant(  659): Authorize channel 9
02-28 18:00:13.504 D/wpa_supplicant(  659): Authorize channel 10
02-28 18:00:13.504 D/wpa_supplicant(  659): Authorize channel 11
02-28 18:00:13.504 D/wpa_supplicant(  659): Authorize channel 12
02-28 18:00:13.504 D/wpa_supplicant(  659): Authorize channel 13
02-28 18:00:13.504 D/wpa_supplicant(  659): Authorize channel 1
02-28 18:00:13.504 D/wpa_supplicant(  659): Authorize channel 2
02-28 18:00:13.504 D/wpa_supplicant(  659): Authorize channel 3
02-28 18:00:13.504 D/wpa_supplicant(  659): Authorize channel 4
02-28 18:00:13.504 D/wpa_supplicant(  659): Authorize channel 5
02-28 18:00:13.504 D/wpa_supplicant(  659): Authorize channel 6
02-28 18:00:13.504 D/wpa_supplicant(  659): Authorize channel 7
02-28 18:00:13.504 D/wpa_supplicant(  659): Authorize channel 8
02-28 18:00:13.504 D/wpa_supplicant(  659): Authorize channel 9
02-28 18:00:13.504 D/wpa_supplicant(  659): Authorize channel 10
02-28 18:00:13.504 D/wpa_supplicant(  659): Authorize channel 11
02-28 18:00:13.504 D/wpa_supplicant(  659): Authorize channel 12
02-28 18:00:13.504 D/wpa_supplicant(  659): Authorize channel 13
02-28 18:00:13.504 D/wpa_supplicant(  659): Add access point on channel 6
02-28 18:00:13.504 D/wpa_supplicant(  659): Add access point on channel 6
02-28 18:00:13.504 D/wpa_supplicant(  659): Add access point on channel 6
02-28 18:00:13.504 I/WifiHW  (  506): EVENT: IFNAME=wlan0 CTRL-EVENT-BSS-ADDED 232 e4:d3:32:dd:18:62
02-28 18:00:13.504 I/WifiHW  (  506): EVENT: IFNAME=wlan0 CTRL-EVENT-BSS-REMOVED 227 c0:a0:bb:20:3b:84
02-28 18:00:13.504 I/WifiHW  (  506): EVENT: IFNAME=wlan0 CTRL-EVENT-SCAN-RESULTS 
02-28 18:00:13.504 I/WifiHW  (  506): EVENT: IFNAME=wlan0 WPS-AP-AVAILABLE 
02-28 18:00:13.504 I/WifiHW  (  506): CMD: IFNAME=wlan0 BSS RANGE=0- MASK=0x21987
02-28 18:00:13.504 D/wpa_supplicant(  659): Add access point on channel 11
02-28 18:00:13.504 D/wpa_supplicant(  659): Add access point on channel 11
02-28 18:00:13.504 D/wpa_supplicant(  659): Add access point on channel 1
02-28 18:00:13.504 D/wpa_supplicant(  659): Add access point on channel 6
02-28 18:00:13.504 D/wpa_supplicant(  659): Add access point on channel 1
02-28 18:00:13.504 D/wpa_supplicant(  659): Add access point on channel 6
02-28 18:00:13.504 D/wpa_supplicant(  659): Add access point on channel 11
02-28 18:00:13.504 D/wpa_supplicant(  659): Add access point on channel 11
02-28 18:00:13.504 D/wpa_supplicant(  659): Add access point on channel 6
02-28 18:00:13.504 D/wpa_supplicant(  659): Add access point on channel 6
02-28 18:00:13.504 D/wpa_supplicant(  659): Add access point on channel 6
02-28 18:00:13.504 D/wpa_supplicant(  659): Add access point on channel 9
02-28 18:00:13.504 D/wpa_supplicant(  659): Add access point on channel 1
02-28 18:00:13.504 D/wpa_supplicant(  659): Add access point on channel 6
02-28 18:00:13.504 D/wpa_supplicant(  659): Add access point on channel 13
02-28 18:00:13.504 D/wpa_supplicant(  659): Add access point on channel 7
02-28 18:00:13.504 D/wpa_supplicant(  659): Add access point on channel 1
02-28 18:00:13.504 D/wpa_supplicant(  659): Add access point on channel 11
02-28 18:00:13.504 D/wpa_supplicant(  659): Add access point on channel 6
02-28 18:00:13.504 D/wpa_supplicant(  659): Best Operating channel is = 1
02-28 18:00:13.504 D/wpa_supplicant(  659): WPS: AP[0] f8:d1:11:e7:99:e8 type=0 tries=0 last_attempt=-1 sec ago blacklist=0
02-28 18:00:13.504 D/wpa_supplicant(  659): WPS: AP[1] 44:94:fc:3d:da:38 type=0 tries=0 last_attempt=-1 sec ago blacklist=0
02-28 18:00:13.504 D/wpa_supplicant(  659): WPS: AP[2] cc:34:29:2b:26:4c type=0 tries=0 last_attempt=-1 sec ago blacklist=0
02-28 18:00:13.504 D/wpa_supplicant(  659): WPS: AP[3] cc:34:29:2c:fb:ec type=0 tries=0 last_attempt=-1 sec ago blacklist=0
02-28 18:00:13.504 D/wpa_supplicant(  659): WPS: AP[4] 98:fc:11:81:35:fb type=0 tries=0 last_attempt=-1 sec ago blacklist=0
02-28 18:00:13.504 D/wpa_supplicant(  659): WPS: AP[5] 14:d6:4d:28:ef:c8 type=0 tries=0 last_attempt=-1 sec ago blacklist=0
02-28 18:00:13.504 D/wpa_supplicant(  659): WPS: AP[6] c0:c1:c0:76:81:3c type=0 tries=0 last_attempt=-1 sec ago blacklist=0
02-28 18:00:13.504 D/wpa_supplicant(  659): WPS: AP[7] 10:9f:a9:dc:b1:fc type=0 tries=0 last_attempt=-1 sec ago blacklist=0
02-28 18:00:13.504 D/wpa_supplicant(  659): WPS: AP[8] 10:c3:7b:d2:e5:e0 type=0 tries=0 last_attempt=-1 sec ago blacklist=0
02-28 18:00:13.504 D/wpa_supplicant(  659): WPS: AP[9] e4:d3:32:36:2e:54 type=0 tries=0 last_attempt=-1 sec ago blacklist=0
02-28 18:00:13.504 D/wpa_supplicant(  659): WPS: AP[10] c0:a0:bb:20:3b:84 type=0 tries=0 last_attempt=-1 sec ago blacklist=0
02-28 18:00:13.504 D/wpa_supplicant(  659): WPS: AP[11] 2c:b0:5d:7f:f4:24 type=0 tries=0 last_attempt=-1 sec ago blacklist=0
02-28 18:00:13.504 D/wpa_supplicant(  659): WPS: AP[12] b0:48:7a:51:ff:cc type=0 tries=0 last_attempt=-1 sec ago blacklist=0
02-28 18:00:13.504 D/wpa_supplicant(  659): wlan0: Selecting BSS from priority group 20
02-28 18:00:13.504 D/wpa_supplicant(  659): wlan0: 0: f8:d1:11:e7:99:e8 ssid='videotest' wpa_ie_len=22 rsn_ie_len=20 caps=0x531 level=-47 wps
02-28 18:00:13.504 D/wpa_supplicant(  659): wlan0:    skip - SSID mismatch
02-28 18:00:13.504 D/wpa_supplicant(  659): wlan0: 1: c8:d7:19:60:62:f2 ssid='E3000-2.4G' wpa_ie_len=0 rsn_ie_len=20 caps=0x411 level=-48
02-28 18:00:13.504 D/wpa_supplicant(  659): wlan0:    skip - SSID mismatch
02-28 18:00:13.504 D/wpa_supplicant(  659): wlan0: 2: 44:94:fc:3d:da:38 ssid='6300' wpa_ie_len=0 rsn_ie_len=20 caps=0x411 level=-49 wps
02-28 18:00:13.504 D/wpa_supplicant(  659): wlan0:    skip - SSID mismatch
02-28 18:00:13.504 D/wpa_supplicant(  659): wlan0: 3: 6c:8b:2f:e8:38:24 ssid='ZTE_AP_6703' wpa_ie_len=0 rsn_ie_len=20 caps=0x511 level=-50
02-28 18:00:13.504 D/wpa_supplicant(  659): wlan0:    skip - SSID mismatch
02-28 18:00:13.504 D/wpa_supplicant(  659): wlan0: 4: 10:c3:7b:d2:e5:e0 ssid='ASUS_RT-AC66U-2.4G' wpa_ie_len=0 rsn_ie_len=20 caps=0x411 level=-56 wps
02-28 18:00:13.504 D/wpa_supplicant(  659): wlan0:    skip - SSID mismatch
02-28 18:00:13.504 D/wpa_supplicant(  659): wlan0: 5: cc:34:29:2c:fb:ec ssid='linksys' wpa_ie_len=22 rsn_ie_len=20 caps=0x431 level=-59 wps
02-28 18:00:13.504 D/wpa_supplicant(  659): wlan0:    skip - SSID mismatch
02-28 18:00:13.504 D/wpa_supplicant(  659): wlan0: 6: 90:94:e4:03:45:f5 ssid='DAP-2553_D' wpa_ie_len=0 rsn_ie_len=24 caps=0x431 level=-61
02-28 18:00:13.504 D/wpa_supplicant(  659): wlan0:    skip - SSID mismatch
02-28 18:00:13.504 D/wpa_supplicant(  659): wlan0: 7: 98:fc:11:81:35:fb ssid='E2000EE' wpa_ie_len=0 rsn_ie_len=20 caps=0x411 level=-63 wps
02-28 18:00:13.504 D/wpa_supplicant(  659): wlan0:    skip - SSID mismatch
02-28 18:00:13.504 D/wpa_supplicant(  659): wlan0: 8: b0:48:7a:51:ff:cc ssid='Neusoft TP' wpa_ie_len=22 rsn_ie_len=20 caps=0x431 level=-64 wps
02-28 18:00:13.504 D/wpa_supplicant(  659): wlan0:    skip - SSID mismatch
02-28 18:00:13.504 D/wpa_supplicant(  659): wlan0: 9: cc:34:29:2b:26:4c ssid='cws-test' wpa_ie_len=0 rsn_ie_len=20 caps=0x431 level=-64 wps
02-28 18:00:13.504 D/wpa_supplicant(  659): wlan0:    skip - SSID mismatch
02-28 18:00:13.504 D/wpa_supplicant(  659): wlan0: 10: c4:17:fe:3f:4f:fb ssid='cmcm' wpa_ie_len=0 rsn_ie_len=20 caps=0x511 level=-68
02-28 18:00:13.504 D/wpa_supplicant(  659): wlan0:    skip - SSID mismatch
02-28 18:00:13.504 D/wpa_supplicant(  659): wlan0: 11: 02:1a:11:f8:2f:eb ssid='io1' wpa_ie_len=0 rsn_ie_len=20 caps=0x431 level=-69
02-28 18:00:13.504 D/wpa_supplicant(  659): wlan0:    skip - SSID mismatch
02-28 18:00:13.504 D/wpa_supplicant(  659): wlan0: 12: c0:cb:38:7f:c9:09 ssid='360WiFi-7908' wpa_ie_len=0 rsn_ie_len=20 caps=0x511 level=-72
02-28 18:00:13.504 D/wpa_supplicant(  659): wlan0:    skip - SSID mismatch
02-28 18:00:13.504 D/wpa_supplicant(  659): wlan0: 13: 14:d6:4d:28:ef:c8 ssid='dlink' wpa_ie_len=0 rsn_ie_len=20 caps=0x31 level=-78 wps
02-28 18:00:13.504 D/wpa_supplicant(  659): wlan0:    skip - SSID mismatch
02-28 18:00:13.504 D/wpa_supplicant(  659): wlan0: 14: 00:0f:e2:0f:9f:c1 ssid='321_WAN' wpa_ie_len=28 rsn_ie_len=24 caps=0x411 level=-78
02-28 18:00:13.504 D/wpa_supplicant(  659): wlan0:    skip - SSID mismatch
02-28 18:00:13.504 D/wpa_supplicant(  659): wlan0: 15: 7a:24:af:1e:df:58 ssid='DIRECT-' wpa_ie_len=0 rsn_ie_len=0 caps=0x410 level=-47
02-28 18:00:13.504 D/wpa_supplicant(  659): wlan0:    skip - SSID mismatch
02-28 18:00:13.504 D/wpa_supplicant(  659): wlan0: 16: c0:c1:c0:76:81:3c ssid='E2000' wpa_ie_len=0 rsn_ie_len=0 caps=0x401 level=-59 wps
02-28 18:00:13.504 D/wpa_supplicant(  659): wlan0:    skip - SSID mismatch
02-28 18:00:13.504 D/wpa_supplicant(  659): wlan0: 17: 50:bd:5f:4b:29:92 ssid='Internet-2' wpa_ie_len=0 rsn_ie_len=0 caps=0x421 level=-64
02-28 18:00:13.504 D/wpa_supplicant(  659): wlan0:    skip - SSID mismatch
02-28 18:00:13.504 D/wpa_supplicant(  659): wlan0: 18: e4:d3:32:dd:18:62 ssid='Internet' wpa_ie_len=0 rsn_ie_len=0 caps=0x421 level=-72
02-28 18:00:13.504 D/wpa_supplicant(  659): wlan0:    skip - SSID mismatch
02-28 18:00:13.504 D/wpa_supplicant(  659): wlan0: Selecting BSS from priority group 19
02-28 18:00:13.504 D/wpa_supplicant(  659): wlan0: 0: f8:d1:11:e7:99:e8 ssid='videotest' wpa_ie_len=22 rsn_ie_len=20 caps=0x531 level=-47 wps
02-28 18:00:13.504 D/wpa_supplicant(  659): wlan0:    skip - SSID mismatch
02-28 18:00:13.504 D/wpa_supplicant(  659): wlan0: 1: c8:d7:19:60:62:f2 ssid='E3000-2.4G' wpa_ie_len=0 rsn_ie_len=20 caps=0x411 level=-48
02-28 18:00:13.514 D/wpa_supplicant(  659): wlan0:    skip - SSID mismatch
02-28 18:00:13.514 D/wpa_supplicant(  659): wlan0: 2: 44:94:fc:3d:da:38 ssid='6300' wpa_ie_len=0 rsn_ie_len=20 caps=0x411 level=-49 wps
02-28 18:00:13.514 D/wpa_supplicant(  659): wlan0:    skip - SSID mismatch
02-28 18:00:13.514 D/wpa_supplicant(  659): wlan0: 3: 6c:8b:2f:e8:38:24 ssid='ZTE_AP_6703' wpa_ie_len=0 rsn_ie_len=20 caps=0x511 level=-50
02-28 18:00:13.514 D/wpa_supplicant(  659): wlan0:    skip - SSID mismatch
02-28 18:00:13.514 D/wpa_supplicant(  659): wlan0: 4: 10:c3:7b:d2:e5:e0 ssid='ASUS_RT-AC66U-2.4G' wpa_ie_len=0 rsn_ie_len=20 caps=0x411 level=-56 wps
02-28 18:00:13.514 D/wpa_supplicant(  659): wlan0:    skip - SSID mismatch
02-28 18:00:13.514 D/wpa_supplicant(  659): wlan0: 5: cc:34:29:2c:fb:ec ssid='linksys' wpa_ie_len=22 rsn_ie_len=20 caps=0x431 level=-59 wps
02-28 18:00:13.514 D/wpa_supplicant(  659): wlan0:    skip - SSID mismatch
02-28 18:00:13.514 D/wpa_supplicant(  659): wlan0: 6: 90:94:e4:03:45:f5 ssid='DAP-2553_D' wpa_ie_len=0 rsn_ie_len=24 caps=0x431 level=-61
02-28 18:00:13.514 D/wpa_supplicant(  659): wlan0:    skip - SSID mismatch
02-28 18:00:13.514 D/wpa_supplicant(  659): wlan0: 7: 98:fc:11:81:35:fb ssid='E2000EE' wpa_ie_len=0 rsn_ie_len=20 caps=0x411 level=-63 wps
02-28 18:00:13.514 D/wpa_supplicant(  659): wlan0:    skip - SSID mismatch
02-28 18:00:13.514 D/wpa_supplicant(  659): wlan0: 8: b0:48:7a:51:ff:cc ssid='Neusoft TP' wpa_ie_len=22 rsn_ie_len=20 caps=0x431 level=-64 wps
02-28 18:00:13.514 D/wpa_supplicant(  659): wlan0:    skip - SSID mismatch
02-28 18:00:13.514 D/wpa_supplicant(  659): wlan0: 9: cc:34:29:2b:26:4c ssid='cws-test' wpa_ie_len=0 rsn_ie_len=20 caps=0x431 level=-64 wps
02-28 18:00:13.514 D/wpa_supplicant(  659): wlan0:    skip - SSID mismatch
02-28 18:00:13.514 D/wpa_supplicant(  659): wlan0: 10: c4:17:fe:3f:4f:fb ssid='cmcm' wpa_ie_len=0 rsn_ie_len=20 caps=0x511 level=-68
02-28 18:00:13.514 D/wpa_supplicant(  659): wlan0:    skip - SSID mismatch
02-28 18:00:13.514 D/wpa_supplicant(  659): wlan0: 11: 02:1a:11:f8:2f:eb ssid='io1' wpa_ie_len=0 rsn_ie_len=20 caps=0x431 level=-69
02-28 18:00:13.514 D/wpa_supplicant(  659): wlan0:    skip - SSID mismatch
02-28 18:00:13.514 D/wpa_supplicant(  659): wlan0: 12: c0:cb:38:7f:c9:09 ssid='360WiFi-7908' wpa_ie_len=0 rsn_ie_len=20 caps=0x511 level=-72
02-28 18:00:13.514 D/wpa_supplicant(  659): wlan0:    skip - SSID mismatch
02-28 18:00:13.514 D/wpa_supplicant(  659): wlan0: 13: 14:d6:4d:28:ef:c8 ssid='dlink' wpa_ie_len=0 rsn_ie_len=20 caps=0x31 level=-78 wps
02-28 18:00:13.514 D/wpa_supplicant(  659): wlan0:    skip - SSID mismatch
02-28 18:00:13.514 D/wpa_supplicant(  659): wlan0: 14: 00:0f:e2:0f:9f:c1 ssid='321_WAN' wpa_ie_len=28 rsn_ie_len=24 caps=0x411 level=-78
02-28 18:00:13.514 D/wpa_supplicant(  659): wlan0:    skip - SSID mismatch
02-28 18:00:13.514 D/wpa_supplicant(  659): wlan0: 15: 7a:24:af:1e:df:58 ssid='DIRECT-' wpa_ie_len=0 rsn_ie_len=0 caps=0x410 level=-47
02-28 18:00:13.514 D/wpa_supplicant(  659): wlan0:    skip - SSID mismatch
02-28 18:00:13.514 D/wpa_supplicant(  659): wlan0: 16: c0:c1:c0:76:81:3c ssid='E2000' wpa_ie_len=0 rsn_ie_len=0 caps=0x401 level=-59 wps
02-28 18:00:13.514 D/wpa_supplicant(  659): wlan0:    skip - SSID mismatch
02-28 18:00:13.514 D/wpa_supplicant(  659): wlan0: 17: 50:bd:5f:4b:29:92 ssid='Internet-2' wpa_ie_len=0 rsn_ie_len=0 caps=0x421 level=-64
02-28 18:00:13.514 D/wpa_supplicant(  659): wlan0:    skip - SSID mismatch
02-28 18:00:13.514 D/wpa_supplicant(  659): wlan0: 18: e4:d3:32:dd:18:62 ssid='Internet' wpa_ie_len=0 rsn_ie_len=0 caps=0x421 level=-72
02-28 18:00:13.514 D/wpa_supplicant(  659): wlan0:    skip - SSID mismatch
02-28 18:00:13.514 D/wpa_supplicant(  659): wlan0: Selecting BSS from priority group 18
02-28 18:00:13.514 D/wpa_supplicant(  659): wlan0: 0: f8:d1:11:e7:99:e8 ssid='videotest' wpa_ie_len=22 rsn_ie_len=20 caps=0x531 level=-47 wps
02-28 18:00:13.514 D/wpa_supplicant(  659): wlan0:    skip - SSID mismatch
02-28 18:00:13.514 D/wpa_supplicant(  659): wlan0: 1: c8:d7:19:60:62:f2 ssid='E3000-2.4G' wpa_ie_len=0 rsn_ie_len=20 caps=0x411 level=-48
02-28 18:00:13.514 D/wpa_supplicant(  659): wlan0:    skip - SSID mismatch
02-28 18:00:13.514 D/wpa_supplicant(  659): wlan0: 2: 44:94:fc:3d:da:38 ssid='6300' wpa_ie_len=0 rsn_ie_len=20 caps=0x411 level=-49 wps
02-28 18:00:13.514 D/wpa_supplicant(  659): wlan0:    skip - SSID mismatch
02-28 18:00:13.514 D/wpa_supplicant(  659): wlan0: 3: 6c:8b:2f:e8:38:24 ssid='ZTE_AP_6703' wpa_ie_len=0 rsn_ie_len=20 caps=0x511 level=-50
02-28 18:00:13.514 D/wpa_supplicant(  659): wlan0:    skip - SSID mismatch
02-28 18:00:13.514 D/wpa_supplicant(  659): wlan0: 4: 10:c3:7b:d2:e5:e0 ssid='ASUS_RT-AC66U-2.4G' wpa_ie_len=0 rsn_ie_len=20 caps=0x411 level=-56 wps
02-28 18:00:13.514 D/wpa_supplicant(  659): wlan0:    skip - SSID mismatch
02-28 18:00:13.514 D/wpa_supplicant(  659): wlan0: 5: cc:34:29:2c:fb:ec ssid='linksys' wpa_ie_len=22 rsn_ie_len=20 caps=0x431 level=-59 wps
02-28 18:00:13.514 D/wpa_supplicant(  659): wlan0:    skip - SSID mismatch
02-28 18:00:13.514 D/wpa_supplicant(  659): wlan0: 6: 90:94:e4:03:45:f5 ssid='DAP-2553_D' wpa_ie_len=0 rsn_ie_len=24 caps=0x431 level=-61
02-28 18:00:13.514 D/wpa_supplicant(  659): wlan0:    skip - SSID mismatch
02-28 18:00:13.514 D/wpa_supplicant(  659): wlan0: 7: 98:fc:11:81:35:fb ssid='E2000EE' wpa_ie_len=0 rsn_ie_len=20 caps=0x411 level=-63 wps
02-28 18:00:13.514 D/wpa_supplicant(  659): wlan0:    skip - SSID mismatch
02-28 18:00:13.514 D/wpa_supplicant(  659): wlan0: 8: b0:48:7a:51:ff:cc ssid='Neusoft TP' wpa_ie_len=22 rsn_ie_len=20 caps=0x431 level=-64 wps
02-28 18:00:13.514 D/wpa_supplicant(  659): wlan0:    skip - SSID mismatch
02-28 18:00:13.514 D/wpa_supplicant(  659): wlan0: 9: cc:34:29:2b:26:4c ssid='cws-test' wpa_ie_len=0 rsn_ie_len=20 caps=0x431 level=-64 wps
02-28 18:00:13.514 D/wpa_supplicant(  659): wlan0:    skip - SSID mismatch
02-28 18:00:13.514 D/wpa_supplicant(  659): wlan0: 10: c4:17:fe:3f:4f:fb ssid='cmcm' wpa_ie_len=0 rsn_ie_len=20 caps=0x511 level=-68
02-28 18:00:13.514 D/wpa_supplicant(  659): wlan0:    skip - SSID mismatch
02-28 18:00:13.514 D/wpa_supplicant(  659): wlan0: 11: 02:1a:11:f8:2f:eb ssid='io1' wpa_ie_len=0 rsn_ie_len=20 caps=0x431 level=-69
02-28 18:00:13.514 D/wpa_supplicant(  659): wlan0:    skip - SSID mismatch
02-28 18:00:13.514 D/wpa_supplicant(  659): wlan0: 12: c0:cb:38:7f:c9:09 ssid='360WiFi-7908' wpa_ie_len=0 rsn_ie_len=20 caps=0x511 level=-72
02-28 18:00:13.514 D/wpa_supplicant(  659): wlan0:    skip - SSID mismatch
02-28 18:00:13.514 D/wpa_supplicant(  659): wlan0: 13: 14:d6:4d:28:ef:c8 ssid='dlink' wpa_ie_len=0 rsn_ie_len=20 caps=0x31 level=-78 wps
02-28 18:00:13.514 D/wpa_supplicant(  659): wlan0:    skip - SSID mismatch
02-28 18:00:13.514 D/wpa_supplicant(  659): wlan0: 14: 00:0f:e2:0f:9f:c1 ssid='321_WAN' wpa_ie_len=28 rsn_ie_len=24 caps=0x411 level=-78
02-28 18:00:13.514 D/wpa_supplicant(  659): wlan0:    skip - SSID mismatch
02-28 18:00:13.514 D/wpa_supplicant(  659): wlan0: 15: 7a:24:af:1e:df:58 ssid='DIRECT-' wpa_ie_len=0 rsn_ie_len=0 caps=0x410 level=-47
02-28 18:00:13.514 D/wpa_supplicant(  659): wlan0:    skip - SSID mismatch
02-28 18:00:13.514 D/wpa_supplicant(  659): wlan0: 16: c0:c1:c0:76:81:3c ssid='E2000' wpa_ie_len=0 rsn_ie_len=0 caps=0x401 level=-59 wps
02-28 18:00:13.514 D/wpa_supplicant(  659): wlan0:    skip - SSID mismatch
02-28 18:00:13.514 D/wpa_supplicant(  659): wlan0: 17: 50:bd:5f:4b:29:92 ssid='Internet-2' wpa_ie_len=0 rsn_ie_len=0 caps=0x421 level=-64
02-28 18:00:13.514 D/wpa_supplicant(  659): wlan0:    skip - SSID mismatch
02-28 18:00:13.514 D/wpa_supplicant(  659): wlan0: 18: e4:d3:32:dd:18:62 ssid='Internet' wpa_ie_len=0 rsn_ie_len=0 caps=0x421 level=-72
02-28 18:00:13.514 D/wpa_supplicant(  659): wlan0:    skip - SSID mismatch
02-28 18:00:13.514 D/wpa_supplicant(  659): wlan0: Selecting BSS from priority group 17
02-28 18:00:13.514 D/wpa_supplicant(  659): wlan0: 0: f8:d1:11:e7:99:e8 ssid='videotest' wpa_ie_len=22 rsn_ie_len=20 caps=0x531 level=-47 wps
02-28 18:00:13.514 D/wpa_supplicant(  659): wlan0:    skip - SSID mismatch
02-28 18:00:13.514 D/wpa_supplicant(  659): wlan0: 1: c8:d7:19:60:62:f2 ssid='E3000-2.4G' wpa_ie_len=0 rsn_ie_len=20 caps=0x411 level=-48
02-28 18:00:13.514 D/wpa_supplicant(  659): wlan0:    skip - SSID mismatch
02-28 18:00:13.514 D/wpa_supplicant(  659): wlan0: 2: 44:94:fc:3d:da:38 ssid='6300' wpa_ie_len=0 rsn_ie_len=20 caps=0x411 level=-49 wps
02-28 18:00:13.514 D/wpa_supplicant(  659): wlan0:    skip - SSID mismatch
02-28 18:00:13.514 D/wpa_supplicant(  659): wlan0: 3: 6c:8b:2f:e8:38:24 ssid='ZTE_AP_6703' wpa_ie_len=0 rsn_ie_len=20 caps=0x511 level=-50
02-28 18:00:13.514 D/wpa_supplicant(  659): wlan0:    skip - SSID mismatch
02-28 18:00:13.514 D/wpa_supplicant(  659): wlan0: 4: 10:c3:7b:d2:e5:e0 ssid='ASUS_RT-AC66U-2.4G' wpa_ie_len=0 rsn_ie_len=20 caps=0x411 level=-56 wps
02-28 18:00:13.514 D/wpa_supplicant(  659): wlan0:    skip - SSID mismatch
02-28 18:00:13.514 D/wpa_supplicant(  659): wlan0: 5: cc:34:29:2c:fb:ec ssid='linksys' wpa_ie_len=22 rsn_ie_len=20 caps=0x431 level=-59 wps
02-28 18:00:13.514 D/wpa_supplicant(  659): wlan0:    skip - SSID mismatch
02-28 18:00:13.514 D/wpa_supplicant(  659): wlan0: 6: 90:94:e4:03:45:f5 ssid='DAP-2553_D' wpa_ie_len=0 rsn_ie_len=24 caps=0x431 level=-61
02-28 18:00:13.514 D/wpa_supplicant(  659): wlan0:    skip - SSID mismatch
02-28 18:00:13.514 D/wpa_supplicant(  659): wlan0: 7: 98:fc:11:81:35:fb ssid='E2000EE' wpa_ie_len=0 rsn_ie_len=20 caps=0x411 level=-63 wps
02-28 18:00:13.514 D/wpa_supplicant(  659): wlan0:    skip - SSID mismatch
02-28 18:00:13.514 D/wpa_supplicant(  659): wlan0: 8: b0:48:7a:51:ff:cc ssid='Neusoft TP' wpa_ie_len=22 rsn_ie_len=20 caps=0x431 level=-64 wps
02-28 18:00:13.514 D/wpa_supplicant(  659): wlan0:    skip - SSID mismatch
02-28 18:00:13.514 D/wpa_supplicant(  659): wlan0: 9: cc:34:29:2b:26:4c ssid='cws-test' wpa_ie_len=0 rsn_ie_len=20 caps=0x431 level=-64 wps
02-28 18:00:13.514 D/wpa_supplicant(  659): wlan0:    skip - SSID mismatch
02-28 18:00:13.514 D/wpa_supplicant(  659): wlan0: 10: c4:17:fe:3f:4f:fb ssid='cmcm' wpa_ie_len=0 rsn_ie_len=20 caps=0x511 level=-68
02-28 18:00:13.514 D/wpa_supplicant(  659): wlan0:    skip - SSID mismatch
02-28 18:00:13.514 D/wpa_supplicant(  659): wlan0: 11: 02:1a:11:f8:2f:eb ssid='io1' wpa_ie_len=0 rsn_ie_len=20 caps=0x431 level=-69
02-28 18:00:13.514 D/wpa_supplicant(  659): wlan0:    skip - SSID mismatch
02-28 18:00:13.514 D/wpa_supplicant(  659): wlan0: 12: c0:cb:38:7f:c9:09 ssid='360WiFi-7908' wpa_ie_len=0 rsn_ie_len=20 caps=0x511 level=-72
02-28 18:00:13.514 D/wpa_supplicant(  659): wlan0:    skip - SSID mismatch
02-28 18:00:13.514 D/wpa_supplicant(  659): wlan0: 13: 14:d6:4d:28:ef:c8 ssid='dlink' wpa_ie_len=0 rsn_ie_len=20 caps=0x31 level=-78 wps
02-28 18:00:13.514 D/wpa_supplicant(  659): wlan0:    skip - SSID mismatch
02-28 18:00:13.514 D/wpa_supplicant(  659): wlan0: 14: 00:0f:e2:0f:9f:c1 ssid='321_WAN' wpa_ie_len=28 rsn_ie_len=24 caps=0x411 level=-78
02-28 18:00:13.514 D/wpa_supplicant(  659): wlan0:    skip - SSID mismatch
02-28 18:00:13.514 D/wpa_supplicant(  659): wlan0: 15: 7a:24:af:1e:df:58 ssid='DIRECT-' wpa_ie_len=0 rsn_ie_len=0 caps=0x410 level=-47
02-28 18:00:13.514 D/wpa_supplicant(  659): wlan0:    skip - SSID mismatch
02-28 18:00:13.514 D/wpa_supplicant(  659): wlan0: 16: c0:c1:c0:76:81:3c ssid='E2000' wpa_ie_len=0 rsn_ie_len=0 caps=0x401 level=-59 wps
02-28 18:00:13.514 D/wpa_supplicant(  659): wlan0:    skip - SSID mismatch
02-28 18:00:13.514 D/wpa_supplicant(  659): wlan0: 17: 50:bd:5f:4b:29:92 ssid='Internet-2' wpa_ie_len=0 rsn_ie_len=0 caps=0x421 level=-64
02-28 18:00:13.514 D/wpa_supplicant(  659): wlan0:    skip - SSID mismatch
02-28 18:00:13.514 D/wpa_supplicant(  659): wlan0: 18: e4:d3:32:dd:18:62 ssid='Internet' wpa_ie_len=0 rsn_ie_len=0 caps=0x421 level=-72
02-28 18:00:13.514 D/wpa_supplicant(  659): wlan0:    skip - SSID mismatch
02-28 18:00:13.514 D/wpa_supplicant(  659): wlan0: Selecting BSS from priority group 15
02-28 18:00:13.514 D/wpa_supplicant(  659): wlan0: 0: f8:d1:11:e7:99:e8 ssid='videotest' wpa_ie_len=22 rsn_ie_len=20 caps=0x531 level=-47 wps
02-28 18:00:13.514 D/wpa_supplicant(  659): wlan0:    skip - SSID mismatch
02-28 18:00:13.514 D/wpa_supplicant(  659): wlan0: 1: c8:d7:19:60:62:f2 ssid='E3000-2.4G' wpa_ie_len=0 rsn_ie_len=20 caps=0x411 level=-48
02-28 18:00:13.514 D/wpa_supplicant(  659): wlan0:    skip - SSID mismatch
02-28 18:00:13.514 D/wpa_supplicant(  659): wlan0: 2: 44:94:fc:3d:da:38 ssid='6300' wpa_ie_len=0 rsn_ie_len=20 caps=0x411 level=-49 wps
02-28 18:00:13.514 D/wpa_supplicant(  659): wlan0:    skip - SSID mismatch
02-28 18:00:13.514 D/wpa_supplicant(  659): wlan0: 3: 6c:8b:2f:e8:38:24 ssid='ZTE_AP_6703' wpa_ie_len=0 rsn_ie_len=20 caps=0x511 level=-50
02-28 18:00:13.514 D/wpa_supplicant(  659): wlan0:    skip - SSID mismatch
02-28 18:00:13.514 D/wpa_supplicant(  659): wlan0: 4: 10:c3:7b:d2:e5:e0 ssid='ASUS_RT-AC66U-2.4G' wpa_ie_len=0 rsn_ie_len=20 caps=0x411 level=-56 wps
02-28 18:00:13.514 D/wpa_supplicant(  659): wlan0:    skip - SSID mismatch
02-28 18:00:13.514 D/wpa_supplicant(  659): wlan0: 5: cc:34:29:2c:fb:ec ssid='linksys' wpa_ie_len=22 rsn_ie_len=20 caps=0x431 level=-59 wps
02-28 18:00:13.514 D/wpa_supplicant(  659): wlan0:    skip - SSID mismatch
02-28 18:00:13.514 D/wpa_supplicant(  659): wlan0: 6: 90:94:e4:03:45:f5 ssid='DAP-2553_D' wpa_ie_len=0 rsn_ie_len=24 caps=0x431 level=-61
02-28 18:00:13.514 D/wpa_supplicant(  659): wlan0:    skip - SSID mismatch
02-28 18:00:13.514 D/wpa_supplicant(  659): wlan0: 7: 98:fc:11:81:35:fb ssid='E2000EE' wpa_ie_len=0 rsn_ie_len=20 caps=0x411 level=-63 wps
02-28 18:00:13.514 D/wpa_supplicant(  659): wlan0:    skip - SSID mismatch
02-28 18:00:13.514 D/wpa_supplicant(  659): wlan0: 8: b0:48:7a:51:ff:cc ssid='Neusoft TP' wpa_ie_len=22 rsn_ie_len=20 caps=0x431 level=-64 wps
02-28 18:00:13.514 D/wpa_supplicant(  659): wlan0:    skip - SSID mismatch
02-28 18:00:13.514 D/wpa_supplicant(  659): wlan0: 9: cc:34:29:2b:26:4c ssid='cws-test' wpa_ie_len=0 rsn_ie_len=20 caps=0x431 level=-64 wps
02-28 18:00:13.514 D/wpa_supplicant(  659): wlan0:    skip - SSID mismatch
02-28 18:00:13.514 D/wpa_supplicant(  659): wlan0: 10: c4:17:fe:3f:4f:fb ssid='cmcm' wpa_ie_len=0 rsn_ie_len=20 caps=0x511 level=-68
02-28 18:00:13.514 D/wpa_supplicant(  659): wlan0:    skip - SSID mismatch
02-28 18:00:13.514 D/wpa_supplicant(  659): wlan0: 11: 02:1a:11:f8:2f:eb ssid='io1' wpa_ie_len=0 rsn_ie_len=20 caps=0x431 level=-69
02-28 18:00:13.514 D/wpa_supplicant(  659): wlan0:    skip - SSID mismatch
02-28 18:00:13.514 D/wpa_supplicant(  659): wlan0: 12: c0:cb:38:7f:c9:09 ssid='360WiFi-7908' wpa_ie_len=0 rsn_ie_len=20 caps=0x511 level=-72
02-28 18:00:13.514 D/wpa_supplicant(  659): wlan0:    skip - SSID mismatch
02-28 18:00:13.514 D/wpa_supplicant(  659): wlan0: 13: 14:d6:4d:28:ef:c8 ssid='dlink' wpa_ie_len=0 rsn_ie_len=20 caps=0x31 level=-78 wps
02-28 18:00:13.514 D/wpa_supplicant(  659): wlan0:    skip - SSID mismatch
02-28 18:00:13.514 D/wpa_supplicant(  659): wlan0: 14: 00:0f:e2:0f:9f:c1 ssid='321_WAN' wpa_ie_len=28 rsn_ie_len=24 caps=0x411 level=-78
02-28 18:00:13.514 D/wpa_supplicant(  659): wlan0:    skip - SSID mismatch
02-28 18:00:13.514 D/wpa_supplicant(  659): wlan0: 15: 7a:24:af:1e:df:58 ssid='DIRECT-' wpa_ie_len=0 rsn_ie_len=0 caps=0x410 level=-47
02-28 18:00:13.514 D/wpa_supplicant(  659): wlan0:    skip - SSID mismatch
02-28 18:00:13.514 D/wpa_supplicant(  659): wlan0: 16: c0:c1:c0:76:81:3c ssid='E2000' wpa_ie_len=0 rsn_ie_len=0 caps=0x401 level=-59 wps
02-28 18:00:13.514 D/wpa_supplicant(  659): wlan0:    skip - SSID mismatch
02-28 18:00:13.514 D/wpa_supplicant(  659): wlan0: 17: 50:bd:5f:4b:29:92 ssid='Internet-2' wpa_ie_len=0 rsn_ie_len=0 caps=0x421 level=-64
02-28 18:00:13.514 D/wpa_supplicant(  659): wlan0:    skip - SSID mismatch
02-28 18:00:13.514 D/wpa_supplicant(  659): wlan0: 18: e4:d3:32:dd:18:62 ssid='Internet' wpa_ie_len=0 rsn_ie_len=0 caps=0x421 level=-72
02-28 18:00:13.514 D/wpa_supplicant(  659): wlan0:    skip - SSID mismatch
02-28 18:00:13.514 D/wpa_supplicant(  659): wlan0: Selecting BSS from priority group 4
02-28 18:00:13.514 D/wpa_supplicant(  659): wlan0: 0: f8:d1:11:e7:99:e8 ssid='videotest' wpa_ie_len=22 rsn_ie_len=20 caps=0x531 level=-47 wps
02-28 18:00:13.514 D/wpa_supplicant(  659): wlan0:    skip - disabled
02-28 18:00:13.514 D/wpa_supplicant(  659): wlan0: 1: c8:d7:19:60:62:f2 ssid='E3000-2.4G' wpa_ie_len=0 rsn_ie_len=20 caps=0x411 level=-48
02-28 18:00:13.514 D/wpa_supplicant(  659): wlan0:    skip - disabled
02-28 18:00:13.514 D/wpa_supplicant(  659): wlan0: 2: 44:94:fc:3d:da:38 ssid='6300' wpa_ie_len=0 rsn_ie_len=20 caps=0x411 level=-49 wps
02-28 18:00:13.514 D/wpa_supplicant(  659): wlan0:    skip - disabled
02-28 18:00:13.514 D/wpa_supplicant(  659): wlan0: 3: 6c:8b:2f:e8:38:24 ssid='ZTE_AP_6703' wpa_ie_len=0 rsn_ie_len=20 caps=0x511 level=-50
02-28 18:00:13.514 D/wpa_supplicant(  659): wlan0:    skip - disabled
02-28 18:00:13.514 D/wpa_supplicant(  659): wlan0: 4: 10:c3:7b:d2:e5:e0 ssid='ASUS_RT-AC66U-2.4G' wpa_ie_len=0 rsn_ie_len=20 caps=0x411 level=-56 wps
02-28 18:00:13.514 D/wpa_supplicant(  659): wlan0:    skip - disabled
02-28 18:00:13.514 D/wpa_supplicant(  659): wlan0: 5: cc:34:29:2c:fb:ec ssid='linksys' wpa_ie_len=22 rsn_ie_len=20 caps=0x431 level=-59 wps
02-28 18:00:13.514 D/wpa_supplicant(  659): wlan0:    skip - disabled
02-28 18:00:13.514 D/wpa_supplicant(  659): wlan0: 6: 90:94:e4:03:45:f5 ssid='DAP-2553_D' wpa_ie_len=0 rsn_ie_len=24 caps=0x431 level=-61
02-28 18:00:13.514 D/wpa_supplicant(  659): wlan0:    skip - disabled
02-28 18:00:13.514 D/wpa_supplicant(  659): wlan0: 7: 98:fc:11:81:35:fb ssid='E2000EE' wpa_ie_len=0 rsn_ie_len=20 caps=0x411 level=-63 wps
02-28 18:00:13.514 D/wpa_supplicant(  659): wlan0:    skip - disabled
02-28 18:00:13.514 D/wpa_supplicant(  659): wlan0: 8: b0:48:7a:51:ff:cc ssid='Neusoft TP' wpa_ie_len=22 rsn_ie_len=20 caps=0x431 level=-64 wps
02-28 18:00:13.514 D/wpa_supplicant(  659): wlan0:    skip - disabled
02-28 18:00:13.514 D/wpa_supplicant(  659): wlan0: 9: cc:34:29:2b:26:4c ssid='cws-test' wpa_ie_len=0 rsn_ie_len=20 caps=0x431 level=-64 wps
02-28 18:00:13.514 D/wpa_supplicant(  659): wlan0:    skip - disabled
02-28 18:00:13.514 D/wpa_supplicant(  659): wlan0: 10: c4:17:fe:3f:4f:fb ssid='cmcm' wpa_ie_len=0 rsn_ie_len=20 caps=0x511 level=-68
02-28 18:00:13.514 D/wpa_supplicant(  659): wlan0:    skip - disabled
02-28 18:00:13.514 D/wpa_supplicant(  659): wlan0: 11: 02:1a:11:f8:2f:eb ssid='io1' wpa_ie_len=0 rsn_ie_len=20 caps=0x431 level=-69
02-28 18:00:13.514 D/wpa_supplicant(  659): wlan0:    skip - disabled
02-28 18:00:13.514 D/wpa_supplicant(  659): wlan0: 12: c0:cb:38:7f:c9:09 ssid='360WiFi-7908' wpa_ie_len=0 rsn_ie_len=20 caps=0x511 level=-72
02-28 18:00:13.514 D/wpa_supplicant(  659): wlan0:    skip - disabled
02-28 18:00:13.514 D/wpa_supplicant(  659): wlan0: 13: 14:d6:4d:28:ef:c8 ssid='dlink' wpa_ie_len=0 rsn_ie_len=20 caps=0x31 level=-78 wps
02-28 18:00:13.514 D/wpa_supplicant(  659): wlan0:    skip - disabled
02-28 18:00:13.514 D/wpa_supplicant(  659): wlan0: 14: 00:0f:e2:0f:9f:c1 ssid='321_WAN' wpa_ie_len=28 rsn_ie_len=24 caps=0x411 level=-78
02-28 18:00:13.514 D/wpa_supplicant(  659): wlan0:    skip - disabled
02-28 18:00:13.514 D/wpa_supplicant(  659): wlan0: 15: 7a:24:af:1e:df:58 ssid='DIRECT-' wpa_ie_len=0 rsn_ie_len=0 caps=0x410 level=-47
02-28 18:00:13.514 D/wpa_supplicant(  659): wlan0:    skip - disabled
02-28 18:00:13.514 D/wpa_supplicant(  659): wlan0: 16: c0:c1:c0:76:81:3c ssid='E2000' wpa_ie_len=0 rsn_ie_len=0 caps=0x401 level=-59 wps
02-28 18:00:13.514 D/wpa_supplicant(  659): wlan0:    skip - disabled
02-28 18:00:13.514 D/wpa_supplicant(  659): wlan0: 17: 50:bd:5f:4b:29:92 ssid='Internet-2' wpa_ie_len=0 rsn_ie_len=0 caps=0x421 level=-64
02-28 18:00:13.514 D/wpa_supplicant(  659): wlan0:    skip - disabled
02-28 18:00:13.514 D/wpa_supplicant(  659): wlan0: 18: e4:d3:32:dd:18:62 ssid='Internet' wpa_ie_len=0 rsn_ie_len=0 caps=0x421 level=-72
02-28 18:00:13.514 D/wpa_supplicant(  659): wlan0:    skip - disabled
02-28 18:00:13.514 D/wpa_supplicant(  659): wlan0: No suitable network found
02-28 18:00:13.514 D/wpa_supplicant(  659): wlan0: Setting scan request: 40 sec 0 usec
02-28 18:00:13.514 D/wpa_supplicant(  659): wlan0: Checking for other virtual interfaces sharing same radio (phy0) in event_scan_results
02-28 18:00:13.514 D/wpa_supplicant(  659): p2p-dev-wlan0: Updating scan results from sibling
02-28 18:00:13.524 D/wpa_supplicant(  659): nl80211: Received scan results (20 BSSes)
02-28 18:00:13.524 D/wpa_supplicant(  659): nl80211: Survey data missing
02-28 18:00:13.524 D/wpa_supplicant(  659): p2p-dev-wlan0: BSS: Start scan result update 17
02-28 18:00:13.524 D/wpa_supplicant(  659): BSS: No P2P IE - skipping BSS f8:d1:11:e7:99:e8 update for P2P interface
