03-02 10:15:06.184 D/wpa_supplicant(  659): wlan0: P2P: Station mode scan operation not pending anymore (sta_scan_pending=0 p2p_cb_on_scan_complete=0)
03-02 10:15:06.184 D/wpa_supplicant(  659): RTM_NEWLINK: operstate=0 ifi_flags=0x11003 ([UP][LOWER_UP])
03-02 10:15:06.184 D/wpa_supplicant(  659): RTM_NEWLINK, IFLA_IFNAME: Interface 'wlan0' added
03-02 10:15:06.184 D/wpa_supplicant(  659): nl80211: if_removed already cleared - ignore event
03-02 10:15:06.184 I/WifiHW  (  506): EVENT: IFNAME=wlan0 CTRL-EVENT-BSS-ADDED 897 3c:46:d8:15:09:a6
03-02 10:15:06.194 I/WifiHW  (  506): EVENT: IFNAME=wlan0 CTRL-EVENT-BSS-ADDED 898 8c:be:be:1e:65:2a
03-02 10:15:06.194 I/WifiHW  (  506): EVENT: IFNAME=wlan0 CTRL-EVENT-BSS-REMOVED 889 e4:d3:32:c0:cf:a4
03-02 10:15:06.204 I/WifiHW  (  506): EVENT: IFNAME=wlan0 CTRL-EVENT-SCAN-RESULTS 
03-02 10:15:06.204 I/WifiHW  (  506): CMD: IFNAME=wlan0 BSS RANGE=0- MASK=0x21987
03-02 10:15:06.204 D/wpa_supplicant(  659): RX ctrl_iface - hexdump(len=25): 42 53 53 20 52 41 4e 47 45 3d 30 2d 20 4d 41 53 4b 3d 30 78 32 31 39 38 37
03-02 10:15:06.204 D/wpa_supplicant(  659): wlan0: Control interface command 'BSS RANGE=0- MASK=0x21987'
03-02 10:15:06.204 I/WifiHW  (  506): REPLY: id=813
03-02 10:15:06.204 I/WifiHW  (  506): REPLY: bssid=f8:d1:11:e7:99:e8
03-02 10:15:06.204 I/WifiHW  (  506): REPLY: freq=2437
03-02 10:15:06.204 I/WifiHW  (  506): REPLY: level=-46
03-02 10:15:06.204 I/WifiHW  (  506): REPLY: tsf=0000175227977142
03-02 10:15:06.204 I/WifiHW  (  506): REPLY: flags=[WPA-PSK-CCMP][WPA2-PSK-CCMP][WPS][ESS]
03-02 10:15:06.204 I/WifiHW  (  506): REPLY: ssid=videotest
03-02 10:15:06.204 I/WifiHW  (  506): REPLY: ====
03-02 10:15:06.204 I/WifiHW  (  506): REPLY: id=814
03-02 10:15:06.204 I/WifiHW  (  506): REPLY: bssid=44:94:fc:3d:da:38
03-02 10:15:06.204 I/WifiHW  (  506): REPLY: freq=2462
03-02 10:15:06.204 I/WifiHW  (  506): REPLY: level=-63
03-02 10:15:06.204 I/WifiHW  (  506): REPLY: tsf=0000175227977239
03-02 10:15:06.204 I/WifiHW  (  506): REPLY: flags=[WPA2-EAP-CCMP-preauth][WPS][ESS]
03-02 10:15:06.204 I/WifiHW  (  506): REPLY: ssid=6300
03-02 10:15:06.204 I/WifiHW  (  506): REPLY: ====
03-02 10:15:06.204 I/WifiHW  (  506): REPLY: id=815
03-02 10:15:06.204 I/WifiHW  (  506): REPLY: bssid=98:fc:11:81:35:fb
03-02 10:15:06.204 I/WifiHW  (  506): REPLY: freq=2412
03-02 10:15:06.204 I/WifiHW  (  506): EVENT: IFNAME=wlan0 WPS-AP-AVAILABLE 
03-02 10:15:06.204 I/WifiHW  (  506): EVENT: IFNAME=p2p-dev-wlan0 CTRL-EVENT-SCAN-RESULTS 
03-02 10:15:06.204 I/WifiHW  (  506): REPLY: level=-60
03-02 10:15:06.204 I/WifiHW  (  506): REPLY: tsf=0000175227977113
03-02 10:15:06.204 I/WifiHW  (  506): REPLY: flags=[WPA2-PSK-CCMP][WPS][ESS]
03-02 10:15:06.204 I/WifiHW  (  506): REPLY: ssid=E2000EE
03-02 10:15:06.204 I/WifiHW  (  506): REPLY: ====
03-02 10:15:06.204 I/WifiHW  (  506): REPLY: id=816
03-02 10:15:06.204 I/WifiHW  (  506): REPLY: bssid=c8:d7:19:60:62:f2
03-02 10:15:06.204 I/WifiHW  (  506): REPLY: freq=2437
03-02 10:15:06.204 I/WifiHW  (  506): REPLY: level=-57
03-02 10:15:06.204 I/WifiHW  (  506): REPLY: tsf=0000175227977151
03-02 10:15:06.204 I/WifiHW  (  506): REPLY: flags=[WPA2-EAP-CCMP-preauth][ESS]
03-02 10:15:06.204 I/WifiHW  (  506): REPLY: ssid=E3000-2.4G
03-02 10:15:06.204 I/WifiHW  (  506): REPLY: ====
03-02 10:15:06.204 I/WifiHW  (  506): REPLY: id=817
03-02 10:15:06.204 I/WifiHW  (  506): REPLY: bssid=cc:34:29:2b:26:4c
03-02 10:15:06.204 I/WifiHW  (  506): REPLY: freq=2462
03-02 10:15:06.204 I/WifiHW  (  506): REPLY: level=-62
03-02 10:15:06.204 I/WifiHW  (  506): REPLY: tsf=0000175227977257
03-02 10:15:06.204 I/WifiHW  (  506): REPLY: flags=[WPA2-PSK-CCMP][WPS][ESS]
03-02 10:15:06.204 I/WifiHW  (  506): REPLY: ssid=cws-test
03-02 10:15:06.204 I/WifiHW  (  506): REPLY: ====
03-02 10:15:06.204 I/WifiHW  (  506): REPLY: id=818
03-02 10:15:06.204 I/WifiHW  (  506): REPLY: bssid=10:c3:7b:d2:e5:e0
03-02 10:15:06.204 I/WifiHW  (  506): REPLY: freq=2462
03-02 10:15:06.204 I/WifiHW  (  506): REPLY: level=-57
03-02 10:15:06.204 I/WifiHW  (  506): REPLY: tsf=0000175227977248
03-02 10:15:06.204 I/WifiHW  (  506): REPLY: flags=[WPA2-PSK-CCMP][WPS][ESS]
03-02 10:15:06.204 I/WifiHW  (  506): REPLY: ssid=ASUS_RT-AC66U-2.4G
03-02 10:15:06.204 I/WifiHW  (  506): REPLY: ====
03-02 10:15:06.204 I/WifiHW  (  506): REPLY: id=819
03-02 10:15:06.204 I/WifiHW  (  506): REPLY: bssid=90:94:e4:03:45:f5
03-02 10:15:06.204 I/WifiHW  (  506): REPLY: freq=2442
03-02 10:15:06.204 I/WifiHW  (  506): REPLY: level=-55
03-02 10:15:06.204 I/WifiHW  (  506): REPLY: tsf=0000175227977203
03-02 10:15:06.204 I/WifiHW  (  506): REPLY: flags=[WPA2-PSK-CCMP+TKIP][ESS]
03-02 10:15:06.204 I/WifiHW  (  506): REPLY: ssid=DAP-2553_D
03-02 10:15:06.204 I/WifiHW  (  506): REPLY: ====
03-02 10:15:06.204 I/WifiHW  (  506): REPLY: id=820
03-02 10:15:06.204 I/WifiHW  (  506): REPLY: bssid=cc:34:29:2c:fb:ec
03-02 10:15:06.204 I/WifiHW  (  506): REPLY: freq=2412
03-02 10:15:06.204 I/WifiHW  (  506): REPLY: level=-67
03-02 10:15:06.204 I/WifiHW  (  506): REPLY: tsf=0000175227977103
03-02 10:15:06.204 I/WifiHW  (  506): REPLY: flags=[WPA-PSK-CCMP][WPA2-PSK-CCMP][WPS][ESS]
03-02 10:15:06.204 I/WifiHW  (  506): REPLY: ssid=linksys
03-02 10:15:06.204 I/WifiHW  (  506): REPLY: ====
03-02 10:15:06.204 I/WifiHW  (  506): REPLY: id=826
03-02 10:15:06.204 I/WifiHW  (  506): REPLY: bssid=00:0f:e2:0f:9f:c1
03-02 10:15:06.204 I/WifiHW  (  506): REPLY: freq=2462
03-02 10:15:06.204 I/WifiHW  (  506): REPLY: level=-75
03-02 10:15:06.204 I/WifiHW  (  506): REPLY: tsf=0000175227977266
03-02 10:15:06.204 I/WifiHW  (  506): REPLY: flags=[WPA-PSK-CCMP+TKIP][WPA2-PSK-CCMP+TKIP][ESS]
03-02 10:15:06.204 I/WifiHW  (  506): REPLY: ssid=321_WAN
03-02 10:15:06.204 I/WifiHW  (  506): REPLY: ====
03-02 10:15:06.204 I/WifiHW  (  506): REPLY: id=827
03-02 10:15:06.204 I/WifiHW  (  506): REPLY: bssid=1c:65:9d:e8:79:44
03-02 10:15:06.204 I/WifiHW  (  506): REPLY: freq=2437
03-02 10:15:06.204 I/WifiHW  (  506): REPLY: level=-67
03-02 10:15:06.204 I/WifiHW  (  506): REPLY: tsf=0000175227977179
03-02 10:15:06.204 I/WifiHW  (  506): REPLY: flags=[WPA2-PSK-CCMP][ESS]
03-02 10:15:06.204 I/WifiHW  (  506): REPLY: ssid=WiFi
03-02 10:15:06.204 I/WifiHW  (  506): REPLY: ====
03-02 10:15:06.204 I/WifiHW  (  506): REPLY: id=833
03-02 10:15:06.204 I/WifiHW  (  506): REPLY: bssid=c0:c1:c0:76:81:3c
03-02 10:15:06.204 I/WifiHW  (  506): REPLY: freq=2462
03-02 10:15:06.204 I/WifiHW  (  506): REPLY: level=-64
03-02 10:15:06.204 I/WifiHW  (  506): REPLY: tsf=0000175227977274
03-02 10:15:06.204 I/WifiHW  (  506): REPLY: flags=[WPS][ESS]
03-02 10:15:06.204 I/WifiHW  (  506): REPLY: ssid=E2000
03-02 10:15:06.204 I/WifiHW  (  506): REPLY: ====
03-02 10:15:06.204 I/WifiHW  (  506): REPLY: id=834
03-02 10:15:06.204 I/WifiHW  (  506): REPLY: bssid=50:bd:5f:4b:29:92
03-02 10:15:06.204 I/WifiHW  (  506): REPLY: freq=2437
03-02 10:15:06.204 I/WifiHW  (  506): REPLY: level=-62
03-02 10:15:06.204 I/WifiHW  (  506): REPLY: tsf=0000175227977195
03-02 10:15:06.204 I/WifiHW  (  506): REPLY: flags=[ESS]
03-02 10:15:06.204 I/WifiHW  (  506): REPLY: ssid=Internet-2
03-02 10:15:06.204 I/WifiHW  (  506): REPLY: ====
03-02 10:15:06.204 I/WifiHW  (  506): REPLY: id=840
03-02 10:15:06.204 I/WifiHW  (  506): REPLY: bssid=02:1a:11:f3:82:d3
03-02 10:15:06.204 I/WifiHW  (  506): REPLY: freq=2437
03-02 10:15:06.204 I/WifiHW  (  506): REPLY: level=-76
03-02 10:15:06.204 I/WifiHW  (  506): REPLY: tsf=0000175227977212
03-02 10:15:06.204 I/WifiHW  (  506): REPLY: flags=[WPA2-PSK-CCMP][ESS]
03-02 10:15:06.204 I/WifiHW  (  506): REPLY: ssid=io1
03-02 10:15:06.204 I/WifiHW  (  506): REPLY: ====
03-02 10:15:06.204 I/WifiHW  (  506): REPLY: id=869
03-02 10:15:06.204 I/WifiHW  (  506): REPLY: bssid=e4:d3:32:36:2e:54
03-02 10:15:06.204 I/WifiHW  (  506): REPLY: freq=2472
03-02 10:15:06.204 I/WifiHW  (  506): REPLY: level=-64
03-02 10:15:06.204 I/WifiHW  (  506): REPLY: tsf=0000175186736748
03-02 10:15:06.204 I/WifiHW  (  506): REPLY: flags=[WPA-PSK-CCMP+TKIP][WPA2-PSK-CCMP+TKIP][WPS][ESS]
03-02 10:15:06.204 I/WifiHW  (  506): REPLY: ssid=otc
03-02 10:15:06.204 I/WifiHW  (  506): REPLY: ====
03-02 10:15:06.204 I/WifiHW  (  506): REPLY: id=875
03-02 10:15:06.204 I/WifiHW  (  506): REPLY: bssid=c0:a0:bb:20:3b:84
03-02 10:15:06.204 I/WifiHW  (  506): REPLY: freq=2417
03-02 10:15:06.204 I/WifiHW  (  506): REPLY: level=-76
03-02 10:15:06.204 I/WifiHW  (  506): REPLY: tsf=0000175227977132
03-02 10:15:06.204 I/WifiHW  (  506): REPLY: flags=[WPA-PSK-CCMP+TKIP][WPA2-PSK-CCMP+TKIP][WPS][ESS]
03-02 10:15:06.204 I/WifiHW  (  506): REPLY: ssid=dlink-3B84
03-02 10:15:06.204 I/WifiHW  (  506): REPLY: ====
03-02 10:15:06.204 I/WifiHW  (  506): REPLY: id=881
03-02 10:15:06.204 I/WifiHW  (  506): REPLY: bssid=b0:48:7a:51:ff:cc
03-02 10:15:06.204 I/WifiHW  (  506): REPLY: freq=2452
03-02 10:15:06.204 I/WifiHW  (  506): REPLY: level=-68
03-02 10:15:06.204 I/WifiHW  (  506): REPLY: tsf=0000175227977230
03-02 10:15:06.204 I/WifiHW  (  506): REPLY: flags=[WPA-PSK-CCMP][WPA2-PSK-CCMP][WPS][ESS]
03-02 10:15:06.204 I/WifiHW  (  506): REPLY: ssid=Neusoft TP
03-02 10:15:06.204 I/WifiHW  (  506): REPLY: ====
03-02 10:15:06.204 I/WifiHW  (  506): REPLY: id=882
03-02 10:15:06.204 I/WifiHW  (  506): REPLY: bssid=14:d6:4d:28:ef:c8
03-02 10:15:06.204 I/WifiHW  (  506): REPLY: freq=2437
03-02 10:15:06.204 I/WifiHW  (  506): REPLY: level=-77
03-02 10:15:06.204 I/WifiHW  (  506): REPLY: tsf=0000175186736661
03-02 10:15:06.204 I/WifiHW  (  506): REPLY: flags=[WPA2-PSK-CCMP][WPS][ESS]
03-02 10:15:06.204 I/WifiHW  (  506): REPLY: ssid=dlink
03-02 10:15:06.204 I/WifiHW  (  506): REPLY: ====
03-02 10:15:06.204 I/WifiHW  (  506): REPLY: id=885
03-02 10:15:06.204 I/WifiHW  (  506): REPLY: bssid=7a:24:af:24:0f:48
03-02 10:15:06.204 I/WifiHW  (  506): REPLY: freq=2412
03-02 10:15:06.204 I/WifiHW  (  506): REPLY: level=-45
03-02 10:15:06.204 I/WifiHW  (  506): REPLY: tsf=0000175186736730
03-02 10:15:06.204 I/WifiHW  (  506): REPLY: flags=[WEP]
03-02 10:15:06.204 I/WifiHW  (  506): REPLY: ssid=DIRECT-
03-02 10:15:06.204 I/WifiHW  (  506): REPLY: ====
03-02 10:15:06.204 I/WifiHW  (  506): REPLY: id=887
03-02 10:15:06.204 I/WifiHW  (  506): REPLY: bssid=cc:b2:55:e2:84:70
03-02 10:15:06.204 I/WifiHW  (  506): REPLY: freq=2447
03-02 10:15:06.204 I/WifiHW  (  506): REPLY: level=-70
03-02 10:15:06.204 I/WifiHW  (  506): REPLY: tsf=0000175186736670
03-02 10:15:06.204 I/WifiHW  (  506): REPLY: flags=[WPA-PSK-TKIP][WPA2-PSK-TKIP][ESS]
03-02 10:15:06.204 I/WifiHW  (  506): REPLY: ssid=DLINK_APK
03-02 10:15:06.204 I/WifiHW  (  506): REPLY: ====
03-02 10:15:06.204 I/WifiHW  (  506): REPLY: id=890
03-02 10:15:06.204 I/WifiHW  (  506): REPLY: bssid=7e:7a:91:dc:83:0e
03-02 10:15:06.204 I/WifiHW  (  506): REPLY: freq=2437
03-02 10:15:06.204 I/WifiHW  (  506): REPLY: level=-71
03-02 10:15:06.204 I/WifiHW  (  506): REPLY: tsf=0000175227977160
03-02 10:15:06.204 I/WifiHW  (  506): REPLY: flags=[WPA2-PSK-CCMP][ESS]
03-02 10:15:06.204 I/WifiHW  (  506): REPLY: ssid=Donny
03-02 10:15:06.204 I/WifiHW  (  506): REPLY: ====
03-02 10:15:06.204 I/WifiHW  (  506): REPLY: id=893
03-02 10:15:06.204 I/WifiHW  (  506): REPLY: bssid=2c:b0:5d:7f:f4:24
03-02 10:15:06.204 I/WifiHW  (  506): REPLY: freq=2412
03-02 10:15:06.204 I/WifiHW  (  506): REPLY: level=-88
03-02 10:15:06.204 I/WifiHW  (  506): REPLY: tsf=0000175186736557
03-02 10:15:06.204 I/WifiHW  (  506): REPLY: flags=[WPA2-PSK-CCMP][WPS][ESS]
03-02 10:15:06.204 I/WifiHW  (  506): REPLY: ssid=NETGEAR38
03-02 10:15:06.204 I/WifiHW  (  506): REPLY: ====
03-02 10:15:06.204 I/WifiHW  (  506): REPLY: id=894
03-02 10:15:06.204 I/WifiHW  (  506): REPLY: bssid=22:48:9a:ac:31:5b
03-02 10:15:06.204 I/WifiHW  (  506): REPLY: freq=2437
03-02 10:15:06.204 I/WifiHW  (  506): REPLY: level=-71
03-02 10:15:06.204 I/WifiHW  (  506): REPLY: tsf=0000175227977170
03-02 10:15:06.204 I/WifiHW  (  506): REPLY: flags=[WPA2-PSK-CCMP][ESS]
03-02 10:15:06.204 I/WifiHW  (  506): REPLY: ssid=dean1
03-02 10:15:06.204 I/WifiHW  (  506): REPLY: ====
03-02 10:15:06.204 I/WifiHW  (  506): REPLY: id=895
03-02 10:15:06.204 I/WifiHW  (  506): REPLY: bssid=e4:d3:32:db:f6:03
03-02 10:15:06.204 I/WifiHW  (  506): REPLY: freq=2447
03-02 10:15:06.204 I/WifiHW  (  506): REPLY: level=-77
03-02 10:15:06.204 I/WifiHW  (  506): REPLY: tsf=0000175227977221
03-02 10:15:06.204 I/WifiHW  (  506): REPLY: flags=[WPA2-PSK-TKIP][ESS]
03-02 10:15:06.204 I/WifiHW  (  506): REPLY: ssid=adddda
03-02 10:15:06.204 I/WifiHW  (  506): REPLY: ====
03-02 10:15:06.204 I/WifiHW  (  506): REPLY: id=896
03-02 10:15:06.204 I/WifiHW  (  506): REPLY: bssid=66:09:80:d9:a2:5d
03-02 10:15:06.204 I/WifiHW  (  506): REPLY: freq=2412
03-02 10:15:06.204 I/WifiHW  (  506): REPLY: level=-89
03-02 10:15:06.204 I/WifiHW  (  506): REPLY: tsf=0000175186736566
03-02 10:15:06.204 I/WifiHW  (  506): REPLY: flags=[WPA2-PSK-CCMP][WPS][ESS]
03-02 10:15:06.204 I/WifiHW  (  506): REPLY: ssid=xiaocq
03-02 10:15:06.204 I/WifiHW  (  506): REPLY: ====
03-02 10:15:06.204 I/WifiHW  (  506): REPLY: id=897
03-02 10:15:06.204 I/WifiHW  (  506): REPLY: bssid=3c:46:d8:15:09:a6
03-02 10:15:06.204 I/WifiHW  (  506): REPLY: freq=2437
03-02 10:15:06.204 I/WifiHW  (  506): REPLY: level=-71
03-02 10:15:06.204 I/WifiHW  (  506): REPLY: tsf=0000175227977187
03-02 10:15:06.204 I/WifiHW  (  506): REPLY: flags=[WPA2-PSK-CCMP][ESS]
03-02 10:15:06.204 I/WifiHW  (  506): REPLY: ssid=Test01
03-02 10:15:06.204 I/WifiHW  (  506): REPLY: ====
03-02 10:15:06.204 I/WifiHW  (  506): REPLY: id=898
03-02 10:15:06.204 I/WifiHW  (  506): REPLY: bssid=8c:be:be:1e:65:2a
03-02 10:15:06.204 I/WifiHW  (  506): REPLY: freq=2412
03-02 10:15:06.204 I/WifiHW  (  506): REPLY: level=-89
03-02 10:15:06.204 I/WifiHW  (  506): REPLY: tsf=0000175227977123
03-02 10:15:06.204 I/WifiHW  (  506): REPLY: flags=[WPA2-PSK-CCMP][ESS]
03-02 10:15:06.204 I/WifiHW  (  506): REPLY: ssid=Mi_WiFi
03-02 10:15:06.204 I/WifiHW  (  506): REPLY: ####
03-02 10:15:07.184 E/AudioSink(  187): received unknown event type: 1 inside CallbackWrapper !
03-02 10:15:12.494 E/AudioSink(  187): received unknown event type: 1 inside CallbackWrapper !
03-02 10:15:13.054 I/MediaFocusControl(  506):  AudioFocus  abandonAudioFocus() from android.media.AudioManager@21efb618org.chromium.media.MediaPlayerListener@22030dc8
03-02 10:15:13.084 W/BindingManager(14687): Cannot call determinedVisibility() - never saw a connection for the pid: 14687
03-02 10:15:14.344 W/BindingManager(14687): Cannot call determinedVisibility() - never saw a connection for the pid: 14687
03-02 10:15:15.284 W/BindingManager(14687): Cannot call determinedVisibility() - never saw a connection for the pid: 14687
03-02 10:15:15.314 E/MediaResourceGetter(14687): File does not exist.
03-02 10:15:15.314 E/MediaResourceGetter(14687): Unable to configure metadata extractor
03-02 10:15:15.344 E/chromium(14687): [ERROR:webmediaplayer_android.cc(449)] Not implemented reached in virtual void content::WebMediaPlayerAndroid::setRate(double)
03-02 10:15:15.344 I/MediaFocusControl(  506):  AudioFocus  requestAudioFocus() from android.media.AudioManager@21efb618org.chromium.media.MediaPlayerListener@220427d8
03-02 10:15:15.364 I/SoftOMXPlugin(  187): Created OMXPlugin : OMX.Intel.mp3.decoder
03-02 10:15:15.364 E/MediaPlayer(14687): Should have subtitle controller already set
03-02 10:15:15.364 I/AudioPolicyManagerBase(  187): APM: getOutput
03-02 10:15:15.364 I/AudioPolicyManagerBase(  187): APM: getOutput
03-02 10:15:15.364 I/AudioPolicyManagerBase(  187): APM: getOutput
03-02 10:15:15.364 I/AudioPolicyManagerBase(  187): APM: getOutput
03-02 10:15:15.364 D/AudioPolicyManagerALSA(  187): startOutput() output 2, stream type 3, session 212
03-02 10:15:15.374 D/AudioHardwareALSA(  187): setStreamParameters: key value pair routing=2;stream_flags=2
03-02 10:15:15.374 D/RouteManager(  187): setOutputFlags: output flags = 0x2 (Prev Flags=0x2)
03-02 10:15:15.374 D/RouteManager(  187): setDevices: 0x2
03-02 10:15:15.374 D/RouteManager(  187): setDevices: 0x2
03-02 10:15:15.374 D/RouteManager(  187): setDevices: set device = IHF to output stream
03-02 10:15:15.374 D/RouteManager(  187): setStreamParameters: identical Platform State, do not reconsider routing
03-02 10:15:15.374 D/MediaPlayer(14687): getMetadata
03-02 10:15:15.384 D/AudioResamplerIA(  187): Create AudioResamplerIA Resampler: Input rate 22050, output rate 48000
03-02 10:15:15.944 I/MediaFocusControl(  506):  AudioFocus  abandonAudioFocus() from android.media.AudioManager@21efb618org.chromium.media.MediaPlayerListener@220427d8
03-02 10:15:15.974 W/BindingManager(14687): Cannot call determinedVisibility() - never saw a connection for the pid: 14687
03-02 10:15:16.004 E/MediaResourceGetter(14687): File does not exist.
03-02 10:15:16.004 E/MediaResourceGetter(14687): Unable to configure metadata extractor
03-02 10:15:16.024 E/chromium(14687): [ERROR:webmediaplayer_android.cc(449)] Not implemented reached in virtual void content::WebMediaPlayerAndroid::setRate(double)
03-02 10:15:16.024 I/MediaFocusControl(  506):  AudioFocus  requestAudioFocus() from android.media.AudioManager@21efb618org.chromium.media.MediaPlayerListener@22046ae0
03-02 10:15:16.034 I/SoftOMXPlugin(  187): Created OMXPlugin : OMX.Intel.mp3.decoder
03-02 10:15:16.034 E/MediaPlayer(14687): Should have subtitle controller already set
03-02 10:15:16.034 I/AudioPolicyManagerBase(  187): APM: getOutput
03-02 10:15:16.034 I/AudioPolicyManagerBase(  187): APM: getOutput
03-02 10:15:16.034 I/AudioPolicyManagerBase(  187): APM: getOutput
03-02 10:15:16.034 I/AudioPolicyManagerBase(  187): APM: getOutput
03-02 10:15:16.034 D/AudioPolicyManagerALSA(  187): startOutput() output 2, stream type 3, session 213
03-02 10:15:16.044 D/AudioHardwareALSA(  187): setStreamParameters: key value pair routing=2;stream_flags=2
03-02 10:15:16.044 D/RouteManager(  187): setOutputFlags: output flags = 0x2 (Prev Flags=0x2)
03-02 10:15:16.044 D/RouteManager(  187): setDevices: 0x2
03-02 10:15:16.044 D/RouteManager(  187): setDevices: 0x2
03-02 10:15:16.044 D/RouteManager(  187): setDevices: set device = IHF to output stream
03-02 10:15:16.044 D/RouteManager(  187): setStreamParameters: identical Platform State, do not reconsider routing
03-02 10:15:16.044 D/MediaPlayer(14687): getMetadata
03-02 10:15:16.064 D/AudioResamplerIA(  187): Create AudioResamplerIA Resampler: Input rate 22050, output rate 48000
03-02 10:15:16.604 I/MediaFocusControl(  506):  AudioFocus  abandonAudioFocus() from android.media.AudioManager@21efb618org.chromium.media.MediaPlayerListener@22046ae0
03-02 10:15:16.654 W/BindingManager(14687): Cannot call determinedVisibility() - never saw a connection for the pid: 14687
03-02 10:15:16.684 E/MediaResourceGetter(14687): File does not exist.
03-02 10:15:16.684 E/MediaResourceGetter(14687): Unable to configure metadata extractor
03-02 10:15:16.694 E/chromium(14687): [ERROR:webmediaplayer_android.cc(449)] Not implemented reached in virtual void content::WebMediaPlayerAndroid::setRate(double)
03-02 10:15:16.694 I/MediaFocusControl(  506):  AudioFocus  requestAudioFocus() from android.media.AudioManager@21efb618org.chromium.media.MediaPlayerListener@2204af38
03-02 10:15:16.704 I/SoftOMXPlugin(  187): Created OMXPlugin : OMX.Intel.mp3.decoder
03-02 10:15:16.704 E/MediaPlayer(14687): Should have subtitle controller already set
03-02 10:15:16.704 I/AudioPolicyManagerBase(  187): APM: getOutput
03-02 10:15:16.704 I/AudioPolicyManagerBase(  187): APM: getOutput
03-02 10:15:16.704 I/AudioPolicyManagerBase(  187): APM: getOutput
03-02 10:15:16.704 I/AudioPolicyManagerBase(  187): APM: getOutput
03-02 10:15:16.704 D/AudioPolicyManagerALSA(  187): startOutput() output 2, stream type 3, session 214
03-02 10:15:16.704 D/AudioHardwareALSA(  187): setStreamParameters: key value pair routing=2;stream_flags=2
03-02 10:15:16.704 D/RouteManager(  187): setOutputFlags: output flags = 0x2 (Prev Flags=0x2)
03-02 10:15:16.704 D/RouteManager(  187): setDevices: 0x2
03-02 10:15:16.704 D/RouteManager(  187): setDevices: 0x2
03-02 10:15:16.704 D/RouteManager(  187): setDevices: set device = IHF to output stream
03-02 10:15:16.704 D/RouteManager(  187): setStreamParameters: identical Platform State, do not reconsider routing
03-02 10:15:16.704 D/MediaPlayer(14687): getMetadata
03-02 10:15:16.724 D/AudioResamplerIA(  187): Create AudioResamplerIA Resampler: Input rate 22050, output rate 48000
03-02 10:15:17.274 I/MediaFocusControl(  506):  AudioFocus  abandonAudioFocus() from android.media.AudioManager@21efb618org.chromium.media.MediaPlayerListener@2204af38
03-02 10:15:17.294 W/BindingManager(14687): Cannot call determinedVisibility() - never saw a connection for the pid: 14687
03-02 10:15:17.334 E/MediaResourceGetter(14687): File does not exist.
03-02 10:15:17.334 E/MediaResourceGetter(14687): Unable to configure metadata extractor
03-02 10:15:17.464 E/MediaResourceGetter(14687): File does not exist.
03-02 10:15:17.464 E/MediaResourceGetter(14687): Unable to configure metadata extractor
03-02 10:15:17.474 E/chromium(14687): [ERROR:webmediaplayer_android.cc(449)] Not implemented reached in virtual void content::WebMediaPlayerAndroid::setRate(double)
03-02 10:15:17.474 I/MediaFocusControl(  506):  AudioFocus  requestAudioFocus() from android.media.AudioManager@21efb618org.chromium.media.MediaPlayerListener@22055180
03-02 10:15:17.484 I/SoftOMXPlugin(  187): Created OMXPlugin : OMX.Intel.mp3.decoder
03-02 10:15:17.494 E/MediaPlayer(14687): Should have subtitle controller already set
03-02 10:15:17.494 I/AudioPolicyManagerBase(  187): APM: getOutput
03-02 10:15:17.494 I/AudioPolicyManagerBase(  187): APM: getOutput
03-02 10:15:17.494 I/AudioPolicyManagerBase(  187): APM: getOutput
03-02 10:15:17.494 I/AudioPolicyManagerBase(  187): APM: getOutput
03-02 10:15:17.494 D/AudioPolicyManagerALSA(  187): startOutput() output 2, stream type 3, session 215
03-02 10:15:17.504 D/AudioHardwareALSA(  187): setStreamParameters: key value pair routing=2;stream_flags=2
03-02 10:15:17.504 D/RouteManager(  187): setOutputFlags: output flags = 0x2 (Prev Flags=0x2)
03-02 10:15:17.504 D/RouteManager(  187): setDevices: 0x2
03-02 10:15:17.504 D/RouteManager(  187): setDevices: 0x2
03-02 10:15:17.504 D/RouteManager(  187): setDevices: set device = IHF to output stream
03-02 10:15:17.504 D/RouteManager(  187): setStreamParameters: identical Platform State, do not reconsider routing
03-02 10:15:17.504 D/MediaPlayer(14687): getMetadata
03-02 10:15:17.514 D/AudioResamplerIA(  187): Create AudioResamplerIA Resampler: Input rate 22050, output rate 48000
03-02 10:15:18.064 I/MediaFocusControl(  506):  AudioFocus  abandonAudioFocus() from android.media.AudioManager@21efb618org.chromium.media.MediaPlayerListener@22055180
03-02 10:15:18.104 W/BindingManager(14687): Cannot call determinedVisibility() - never saw a connection for the pid: 14687
03-02 10:15:18.134 E/MediaResourceGetter(14687): File does not exist.
03-02 10:15:18.134 E/MediaResourceGetter(14687): Unable to configure metadata extractor
03-02 10:15:18.154 E/chromium(14687): [ERROR:webmediaplayer_android.cc(449)] Not implemented reached in virtual void content::WebMediaPlayerAndroid::setRate(double)
03-02 10:15:18.154 I/MediaFocusControl(  506):  AudioFocus  requestAudioFocus() from android.media.AudioManager@21efb618org.chromium.media.MediaPlayerListener@220595d8
03-02 10:15:18.174 I/SoftOMXPlugin(  187): Created OMXPlugin : OMX.Intel.mp3.decoder
03-02 10:15:18.174 E/MediaPlayer(14687): Should have subtitle controller already set
03-02 10:15:18.174 I/AudioPolicyManagerBase(  187): APM: getOutput
03-02 10:15:18.174 I/AudioPolicyManagerBase(  187): APM: getOutput
03-02 10:15:18.174 I/AudioPolicyManagerBase(  187): APM: getOutput
03-02 10:15:18.174 I/AudioPolicyManagerBase(  187): APM: getOutput
03-02 10:15:18.174 D/AudioPolicyManagerALSA(  187): startOutput() output 2, stream type 3, session 216
03-02 10:15:18.184 D/AudioHardwareALSA(  187): setStreamParameters: key value pair routing=2;stream_flags=2
03-02 10:15:18.184 D/RouteManager(  187): setOutputFlags: output flags = 0x2 (Prev Flags=0x2)
03-02 10:15:18.184 D/RouteManager(  187): setDevices: 0x2
03-02 10:15:18.184 D/RouteManager(  187): setDevices: 0x2
03-02 10:15:18.184 D/RouteManager(  187): setDevices: set device = IHF to output stream
03-02 10:15:18.184 D/RouteManager(  187): setStreamParameters: identical Platform State, do not reconsider routing
03-02 10:15:18.184 D/MediaPlayer(14687): getMetadata
03-02 10:15:18.194 D/AudioResamplerIA(  187): Create AudioResamplerIA Resampler: Input rate 22050, output rate 48000
03-02 10:15:21.294 I/MediaFocusControl(  506):  AudioFocus  abandonAudioFocus() from android.media.AudioManager@21efb618org.chromium.media.MediaPlayerListener@220595d8
03-02 10:15:21.344 W/BindingManager(14687): Cannot call determinedVisibility() - never saw a connection for the pid: 14687
03-02 10:15:24.294 D/PROPERTY(  187): get media.dump_output.befconv: 0
03-02 10:15:24.294 D/PROPERTY(  187): get media.dump_output.aftconv: 0
03-02 10:15:24.294 D/RouteManager(  187): stopStream: {+++ RECONSIDER ROUTING +++} due to output stream stop event
03-02 10:15:24.294 D/RouteManager(  187): reconsiderRouting
03-02 10:15:24.294 D/EVENT_THREAD(  187): void CEventThread::trig(uint16_t): in
03-02 10:15:24.294 D/EVENT_THREAD(  187): void CEventThread::trig(uint16_t): out
03-02 10:15:24.294 D/RouteManager(  187): doReconsiderRouting:       Platform State:
03-02 10:15:24.294 D/RouteManager(  187): doReconsiderRouting:          -Modem Alive = 0 
03-02 10:15:24.294 D/RouteManager(  187): doReconsiderRouting:          -Modem Call Active = 0 
03-02 10:15:24.294 D/RouteManager(  187): doReconsiderRouting:          -Is Shared I2S glitch free=1 
03-02 10:15:24.294 D/RouteManager(  187): doReconsiderRouting:          -Android Telephony Mode = Normal 
03-02 10:15:24.294 D/RouteManager(  187): doReconsiderRouting:          -RTE MGR HW Mode = Normal 
03-02 10:15:24.294 D/RouteManager(  187): doReconsiderRouting:          -BT Enabled = 1 
03-02 10:15:24.294 D/RouteManager(  187): doReconsiderRouting:          -BT NREC = 0 
03-02 10:15:24.294 D/RouteManager(  187): doReconsiderRouting:          -BT Band = NB 
03-02 10:15:24.294 D/RouteManager(  187): doReconsiderRouting:          -Platform output device = IHF 
03-02 10:15:24.294 D/RouteManager(  187): doReconsiderRouting:          -Platform input device = <none> 
03-02 10:15:24.294 D/RouteManager(  187): doReconsiderRouting:          -Platform input source = None 
03-02 10:15:24.294 D/RouteManager(  187): doReconsiderRouting:          -Platform Band type = NB 
03-02 10:15:24.294 D/RouteManager(  187): doReconsiderRouting:          -Platform Has Direct Stream = no 
03-02 10:15:24.294 D/RouteManager(  187): doReconsiderRouting:          -Platform TTY direction = <none> 
03-02 10:15:24.294 D/RouteManager(  187): doReconsiderRouting:          -Platform HAC Mode = Off 
03-02 10:15:24.294 D/RouteManager(  187): doReconsiderRouting:          -Platform Screen State = On 
03-02 10:15:24.294 D/RouteManager(  187): doReconsiderRouting:          -Platform Context Awareness = false 
03-02 10:15:24.294 D/RouteManager(  187): doReconsiderRouting:          -Platform Always Listening = false 
03-02 10:15:24.294 D/RouteManager(  187): doReconsiderRouting:          -Platform FM State = Off 
03-02 10:15:24.294 D/RouteManager(  187): doReconsiderRouting:          -Platform Bypass Non Linear PP State = Off 
03-02 10:15:24.294 D/RouteManager(  187): doReconsiderRouting:          -Platform Bypass Linear PP State = Off 
03-02 10:15:24.294 D/RouteManager(  187): doReconsiderRouting:          -Platform MicMute = Off 
03-02 10:15:24.294 D/RouteManager(  187): doReconsiderRouting:      Route state:
03-02 10:15:24.294 D/RouteManager(  187): doReconsiderRouting:          -Previously Enabled Route in Input = <none>
03-02 10:15:24.294 D/RouteManager(  187): doReconsiderRouting:          -Previously Enabled Route in Output = Media|HwCodecMedia
03-02 10:15:24.294 D/RouteManager(  187): doReconsiderRouting:          -Selected Route in Input = <none>
03-02 10:15:24.294 D/RouteManager(  187): doReconsiderRouting:          -Selected Route in Output = <none>
03-02 10:15:24.294 D/RouteManager(  187): doReconsiderRouting:          -Route that need reconfiguration in Input = <none>
03-02 10:15:24.294 D/RouteManager(  187): doReconsiderRouting:          -Route that need reconfiguration in Output = <none>
03-02 10:15:24.294 D/RouteManager(  187): executeMuteStage: --------------- Routing Stage = Mute ---------------
03-02 10:15:24.294 D/RouteManager(  187): parameter-framework: Selection criterion changed event: Criterion name: RoutageState, current state: Flow
03-02 10:15:24.294 D/RouteManager(  187): muteRoutes: Expected Routes to be muted in Output = Media|HwCodecMedia
03-02 10:15:24.294 D/RouteManager(  187): parameter-framework: Selection criterion changed event: Criterion name: ClosingPlaybackRoutes, current state: Media|HwCodecMedia
03-02 10:15:24.294 D/RouteManager(  187): parameter-framework: Selection criterion changed event: Criterion name: OpenedPlaybackRoutes, current state: <none>
03-02 10:15:24.294 D/RouteManager(  187): parameter-framework: Configuration application request {
03-02 10:15:24.294 D/RouteManager(  187): parameter-framework:     Applying configurations {
03-02 10:15:24.294 D/RouteManager(  187): parameter-framework:     } Applying configurations
03-02 10:15:24.294 D/RouteManager(  187): parameter-framework: } Configuration application request
03-02 10:15:24.294 D/RouteManager(  187): executeDisableStage: --------------- Routing Stage = Disable ---------------
03-02 10:15:24.294 D/RouteManager(  187): parameter-framework: Selection criterion changed event: Criterion name: RoutageState, current state: Path
03-02 10:15:24.294 D/RouteManager(  187): prepareDisableRoutes: Routes to be disabled(unrouted) in Output = Media|HwCodecMedia
03-02 10:15:24.294 D/ALSAStreamOps(  187): detachRouteL output stream
03-02 10:15:24.294 D/RouteManager/StreamRoute(  187): closePcmDevice called for card (baytrailaudio,0)
03-02 10:15:24.314 D/RouteManager(  187): parameter-framework: Configuration application request {
03-02 10:15:24.314 D/RouteManager(  187): parameter-framework:     Applying configurations {
03-02 10:15:24.314 D/RouteManager(  187): parameter-framework:         Applying configuration "Disable" from domain "Routing.Enable.HWCodec.Playback.IHF"
03-02 10:15:24.314 D/RouteManager(  187): parameter-framework:         Applying configuration "Disable" from domain "Routing.Enable.HWCodec.Playback.Multimedia.IHF"
03-02 10:15:24.314 D/RouteManager(  187): parameter-framework:         Applying configuration "Disable" from domain "Routing.Enable.HWCodec.Playback.Multimedia.Playback"
03-02 10:15:24.324 D/RouteManager(  187): parameter-framework:     } Applying configurations
03-02 10:15:24.324 D/RouteManager(  187): parameter-framework: } Configuration application request
03-02 10:15:24.324 D/RouteManager(  187): executeConfigureStage: --------------- Routing Stage = Configure ---------------
03-02 10:15:24.324 D/RouteManager(  187): parameter-framework: Selection criterion changed event: Criterion name: RoutageState, current state: Configure
03-02 10:15:24.324 D/RouteManager(  187): parameter-framework: Selection criterion changed event: Criterion name: ClosingPlaybackRoutes, current state: <none>
03-02 10:15:24.324 D/RouteManager(  187): parameter-framework: Configuration application request {
03-02 10:15:24.324 D/RouteManager(  187): parameter-framework:     Applying configurations {
03-02 10:15:24.324 D/RouteManager(  187): parameter-framework:         Applying configuration "Deactivated" from domain "Routing.Configure.LPE_Mixer.IHF"
03-02 10:15:24.324 D/RouteManager(  187): parameter-framework:     } Applying configurations
03-02 10:15:24.324 D/RouteManager(  187): parameter-framework: } Configuration application request
03-02 10:15:24.324 D/RouteManager(  187): executeEnableStage: --------------- Routing Stage = Enable ---------------
03-02 10:15:24.324 D/RouteManager(  187): parameter-framework: Selection criterion changed event: Criterion name: RoutageState, current state: Path|Configure
03-02 10:15:24.324 D/RouteManager(  187): parameter-framework: Configuration application request {
03-02 10:15:24.324 D/RouteManager(  187): parameter-framework:     Applying configurations {
03-02 10:15:24.324 D/RouteManager(  187): parameter-framework:     } Applying configurations
03-02 10:15:24.324 D/RouteManager(  187): parameter-framework: } Configuration application request
03-02 10:15:24.324 D/RouteManager(  187): executeUnmuteStage: --------------- Routing Stage = Unmute ---------------
03-02 10:15:24.324 D/RouteManager(  187): parameter-framework: Selection criterion changed event: Criterion name: RoutageState, current state: Flow|Path|Configure
03-02 10:15:24.324 D/RouteManager(  187): parameter-framework: Configuration application request {
03-02 10:15:24.324 D/RouteManager(  187): parameter-framework:     Applying configurations {
03-02 10:15:24.324 D/RouteManager(  187): parameter-framework:     } Applying configurations
03-02 10:15:24.324 D/RouteManager(  187): parameter-framework: } Configuration application request
03-02 10:15:24.324 D/EVENT_THREAD(  187): void CEventThread::run() Do poll with timeout: -1
03-02 10:15:24.324 D/RouteManager(  187): reconsiderRouting: DONE
03-02 10:15:24.454 E/MediaResourceGetter(14687): File does not exist.
03-02 10:15:24.454 E/MediaResourceGetter(14687): Unable to configure metadata extractor
03-02 10:15:24.504 I/MediaFocusControl(  506):  AudioFocus  requestAudioFocus() from android.media.AudioManager@21efb618org.chromium.media.MediaPlayerListener@22067f98
03-02 10:15:24.514 D/MediaPlayer(14687): Couldn't open file on client side, trying server side
03-02 10:15:24.524 I/AwesomePlayer(  187): setDataSource_l(URL suppressed)
03-02 10:15:24.524 E/FileSource(  187): Failed to open file 'app://org.xwalk.webapi_noneservice_tests//opt/tct-audio-html5-tests/audio/media/movie_5.ogv'. (No such file or directory)
03-02 10:15:24.524 I/MediaFocusControl(  506):  AudioFocus  abandonAudioFocus() from android.media.AudioManager@21efb618org.chromium.media.MediaPlayerListener@22067f98
03-02 10:15:24.574 E/MediaResourceGetter(14687): File does not exist.
03-02 10:15:24.574 E/MediaResourceGetter(14687): Unable to configure metadata extractor
03-02 10:15:24.624 E/chromium(14687): [ERROR:webmediaplayer_android.cc(449)] Not implemented reached in virtual void content::WebMediaPlayerAndroid::setRate(double)
03-02 10:15:24.624 I/MediaFocusControl(  506):  AudioFocus  requestAudioFocus() from android.media.AudioManager@21efb618org.chromium.media.MediaPlayerListener@2206c9e0
03-02 10:15:24.624 D/MediaPlayer(14687): Couldn't open file on client side, trying server side
03-02 10:15:24.624 I/AwesomePlayer(  187): setDataSource_l(URL suppressed)
03-02 10:15:24.624 E/FileSource(  187): Failed to open file 'app://org.xwalk.webapi_noneservice_tests//opt/tct-audio-html5-tests/audio/media/movie_5.ogv'. (No such file or directory)
03-02 10:15:24.624 E/MediaPlayer(14687): error (1, -2147483648)
03-02 10:15:24.624 E/MediaPlayer(14687): Error (1,-2147483648)
03-02 10:15:24.634 I/MediaFocusControl(  506):  AudioFocus  abandonAudioFocus() from android.media.AudioManager@21efb618org.chromium.media.MediaPlayerListener@2206c9e0
03-02 10:15:24.684 E/MediaResourceGetter(14687): File does not exist.
03-02 10:15:24.684 E/MediaResourceGetter(14687): Unable to configure metadata extractor
03-02 10:15:25.244 E/MediaResourceGetter(14687): File does not exist.
03-02 10:15:25.244 E/MediaResourceGetter(14687): Unable to configure metadata extractor
03-02 10:15:25.364 E/MediaResourceGetter(14687): File does not exist.
03-02 10:15:25.364 E/MediaResourceGetter(14687): Unable to configure metadata extractor
03-02 10:15:25.514 E/MediaResourceGetter(14687): File does not exist.
03-02 10:15:25.514 E/MediaResourceGetter(14687): Unable to configure metadata extractor
03-02 10:15:25.654 E/MediaResourceGetter(14687): File does not exist.
03-02 10:15:25.654 E/MediaResourceGetter(14687): Unable to configure metadata extractor
03-02 10:15:25.664 E/chromium(14687): [ERROR:webmediaplayer_android.cc(449)] Not implemented reached in virtual void content::WebMediaPlayerAndroid::setRate(double)
03-02 10:15:25.664 I/MediaFocusControl(  506):  AudioFocus  requestAudioFocus() from android.media.AudioManager@21efb618org.chromium.media.MediaPlayerListener@2208a148
03-02 10:15:25.674 D/MediaPlayer(14687): Couldn't open file on client side, trying server side
03-02 10:15:25.674 I/AwesomePlayer(  187): setDataSource_l(URL suppressed)
03-02 10:15:25.674 E/FileSource(  187): Failed to open file 'app://org.xwalk.webapi_noneservice_tests//opt/tct-audio-html5-tests/audio/media/movie_5.ogv'. (No such file or directory)
03-02 10:15:25.674 E/MediaPlayer(14687): error (1, -2147483648)
03-02 10:15:25.694 E/MediaPlayer(14687): Error (1,-2147483648)
03-02 10:15:27.664 D/EVENT_THREAD(  187): void CEventThread::run() POLLIN event on Fd (1)
03-02 10:15:27.664 D/EVENT_THREAD(  187): void CEventThread::run() Do poll with timeout: -1
03-02 10:15:28.804 I/MediaFocusControl(  506):  AudioFocus  abandonAudioFocus() from android.media.AudioManager@21efb618org.chromium.media.MediaPlayerListener@2208a148
03-02 10:15:28.814 D/BatteryStatsImpl(  506): noteStopWakeLocked system isFromForeground = false
03-02 10:15:28.834 W/BindingManager(14687): Cannot call determinedVisibility() - never saw a connection for the pid: 14687
03-02 10:15:28.864 E/MediaResourceGetter(14687): File does not exist.
03-02 10:15:28.864 E/MediaResourceGetter(14687): Unable to configure metadata extractor
03-02 10:15:28.884 E/chromium(14687): [ERROR:webmediaplayer_android.cc(449)] Not implemented reached in virtual void content::WebMediaPlayerAndroid::setRate(double)
03-02 10:15:28.884 I/MediaFocusControl(  506):  AudioFocus  requestAudioFocus() from android.media.AudioManager@21efb618org.chromium.media.MediaPlayerListener@2208cdf0
03-02 10:15:28.924 I/SoftOMXPlugin(  187): Created OMXPlugin : OMX.google.raw.decoder
03-02 10:15:28.924 E/MediaPlayer(14687): Should have subtitle controller already set
03-02 10:15:28.924 I/AudioPolicyManagerBase(  187): APM: getOutput
03-02 10:15:28.924 I/AudioPolicyManagerBase(  187): APM: getOutput
03-02 10:15:28.924 I/AudioPolicyManagerBase(  187): APM: getOutput
03-02 10:15:28.934 I/AudioPolicyManagerBase(  187): APM: getOutput
03-02 10:15:28.934 D/AudioPolicyManagerALSA(  187): startOutput() output 2, stream type 3, session 220
03-02 10:15:28.934 D/AudioHardwareALSA(  187): setStreamParameters: key value pair routing=2;stream_flags=2
03-02 10:15:28.934 D/RouteManager(  187): setOutputFlags: output flags = 0x2 (Prev Flags=0x2)
03-02 10:15:28.934 D/RouteManager(  187): setDevices: 0x2
03-02 10:15:28.934 D/RouteManager(  187): setDevices: 0x2
03-02 10:15:28.934 D/RouteManager(  187): setDevices: set device = IHF to output stream
03-02 10:15:28.934 D/RouteManager(  187): setStreamParameters: identical Platform State, do not reconsider routing
03-02 10:15:28.934 D/MediaPlayer(14687): getMetadata
03-02 10:15:28.944 D/AudioResamplerIA(  187): Create AudioResamplerIA Resampler: Input rate 22050, output rate 48000
03-02 10:15:28.944 D/PROPERTY(  187): get media.dump_output.befconv: 0
03-02 10:15:28.944 D/PROPERTY(  187): get media.dump_output.aftconv: 0
03-02 10:15:28.944 D/RouteManager(  187): startStream: {+++ RECONSIDER ROUTING +++} due to output stream start event
03-02 10:15:28.944 D/RouteManager(  187): reconsiderRouting
03-02 10:15:28.944 D/EVENT_THREAD(  187): void CEventThread::trig(uint16_t): in
03-02 10:15:28.944 D/EVENT_THREAD(  187): void CEventThread::trig(uint16_t): out
03-02 10:15:28.944 D/RouteManager(  187): doReconsiderRouting:       Platform State:
03-02 10:15:28.944 D/RouteManager(  187): doReconsiderRouting:          -Modem Alive = 0 
03-02 10:15:28.944 D/RouteManager(  187): doReconsiderRouting:          -Modem Call Active = 0 
03-02 10:15:28.944 D/RouteManager(  187): doReconsiderRouting:          -Is Shared I2S glitch free=1 
03-02 10:15:28.944 D/RouteManager(  187): doReconsiderRouting:          -Android Telephony Mode = Normal 
03-02 10:15:28.944 D/RouteManager(  187): doReconsiderRouting:          -RTE MGR HW Mode = Normal 
03-02 10:15:28.944 D/RouteManager(  187): doReconsiderRouting:          -BT Enabled = 1 
03-02 10:15:28.944 D/RouteManager(  187): doReconsiderRouting:          -BT NREC = 0 
03-02 10:15:28.944 D/RouteManager(  187): doReconsiderRouting:          -BT Band = NB 
03-02 10:15:28.944 D/RouteManager(  187): doReconsiderRouting:          -Platform output device = IHF 
03-02 10:15:28.944 D/RouteManager(  187): doReconsiderRouting:          -Platform input device = <none> 
03-02 10:15:28.944 D/RouteManager(  187): doReconsiderRouting:          -Platform input source = None 
03-02 10:15:28.944 D/RouteManager(  187): doReconsiderRouting:          -Platform Band type = NB 
03-02 10:15:28.944 D/RouteManager(  187): doReconsiderRouting:          -Platform Has Direct Stream = no 
03-02 10:15:28.944 D/RouteManager(  187): doReconsiderRouting:          -Platform TTY direction = <none> 
03-02 10:15:28.944 D/RouteManager(  187): doReconsiderRouting:          -Platform HAC Mode = Off 
03-02 10:15:28.944 D/RouteManager(  187): doReconsiderRouting:          -Platform Screen State = On 
03-02 10:15:28.944 D/RouteManager(  187): doReconsiderRouting:          -Platform Context Awareness = false 
03-02 10:15:28.944 D/RouteManager(  187): doReconsiderRouting:          -Platform Always Listening = false 
03-02 10:15:28.944 D/RouteManager(  187): doReconsiderRouting:          -Platform FM State = Off 
03-02 10:15:28.944 D/RouteManager(  187): doReconsiderRouting:          -Platform Bypass Non Linear PP State = Off 
03-02 10:15:28.944 D/RouteManager(  187): doReconsiderRouting:          -Platform Bypass Linear PP State = Off 
03-02 10:15:28.944 D/RouteManager(  187): doReconsiderRouting:          -Platform MicMute = Off 
03-02 10:15:28.944 D/RouteManager(  187): doReconsiderRouting:      Route state:
03-02 10:15:28.944 D/RouteManager(  187): doReconsiderRouting:          -Previously Enabled Route in Input = <none>
03-02 10:15:28.944 D/RouteManager(  187): doReconsiderRouting:          -Previously Enabled Route in Output = <none>
03-02 10:15:28.944 D/RouteManager(  187): doReconsiderRouting:          -Selected Route in Input = <none>
03-02 10:15:28.944 D/RouteManager(  187): doReconsiderRouting:          -Selected Route in Output = Media|HwCodecMedia
03-02 10:15:28.944 D/RouteManager(  187): doReconsiderRouting:          -Route that need reconfiguration in Input = <none>
03-02 10:15:28.944 D/RouteManager(  187): doReconsiderRouting:          -Route that need reconfiguration in Output = <none>
03-02 10:15:28.944 D/RouteManager(  187): executeMuteStage: --------------- Routing Stage = Mute ---------------
03-02 10:15:28.944 D/RouteManager(  187): parameter-framework: Selection criterion changed event: Criterion name: RoutageState, current state: Flow
03-02 10:15:28.944 D/RouteManager(  187): parameter-framework: Configuration application request {
03-02 10:15:28.944 D/RouteManager(  187): parameter-framework:     Applying configurations {
03-02 10:15:28.944 D/RouteManager(  187): parameter-framework:     } Applying configurations
03-02 10:15:28.944 D/RouteManager(  187): parameter-framework: } Configuration application request
03-02 10:15:28.944 D/RouteManager(  187): executeDisableStage: --------------- Routing Stage = Disable ---------------
03-02 10:15:28.944 D/RouteManager(  187): parameter-framework: Selection criterion changed event: Criterion name: RoutageState, current state: Path
03-02 10:15:28.944 D/RouteManager(  187): parameter-framework: Configuration application request {
03-02 10:15:28.944 D/RouteManager(  187): parameter-framework:     Applying configurations {
03-02 10:15:28.944 D/RouteManager(  187): parameter-framework:     } Applying configurations
03-02 10:15:28.944 D/RouteManager(  187): parameter-framework: } Configuration application request
03-02 10:15:28.944 D/RouteManager(  187): executeConfigureStage: --------------- Routing Stage = Configure ---------------
03-02 10:15:28.944 D/RouteManager(  187): parameter-framework: Selection criterion changed event: Criterion name: RoutageState, current state: Configure
03-02 10:15:28.944 D/RouteManager(  187): parameter-framework: Selection criterion changed event: Criterion name: OpenedPlaybackRoutes, current state: Media|HwCodecMedia
03-02 10:15:28.944 D/RouteManager(  187): parameter-framework: Configuration application request {
03-02 10:15:28.944 D/RouteManager(  187): parameter-framework:     Applying configurations {
03-02 10:15:28.944 D/RouteManager(  187): parameter-framework:         Applying configuration "Activated" from domain "Routing.Configure.LPE_Mixer.IHF"
03-02 10:15:28.974 D/RouteManager(  187): parameter-framework:     } Applying configurations
03-02 10:15:28.974 D/RouteManager(  187): parameter-framework: } Configuration application request
03-02 10:15:28.974 D/RouteManager(  187): executeEnableStage: --------------- Routing Stage = Enable ---------------
03-02 10:15:28.974 D/RouteManager(  187): parameter-framework: Selection criterion changed event: Criterion name: RoutageState, current state: Path|Configure
03-02 10:15:28.974 D/RouteManager(  187): doEnableRoutes: Routes to be enabled(routed) in Output = Media|HwCodecMedia
03-02 10:15:28.974 D/RouteManager(  187): parameter-framework: Configuration application request {
03-02 10:15:28.974 D/RouteManager(  187): parameter-framework:     Applying configurations {
03-02 10:15:28.974 D/RouteManager(  187): parameter-framework:         Applying configuration "Enable" from domain "Routing.Enable.HWCodec.Playback.IHF"
03-02 10:15:28.974 D/RouteManager(  187): parameter-framework:         Applying configuration "Enable" from domain "Routing.Enable.HWCodec.Playback.Multimedia.IHF"
03-02 10:15:28.974 D/RouteManager(  187): parameter-framework:         Applying configuration "Enable" from domain "Routing.Enable.HWCodec.Playback.Multimedia.Playback"
03-02 10:15:28.984 D/RouteManager(  187): parameter-framework:     } Applying configurations
03-02 10:15:28.984 D/RouteManager(  187): parameter-framework: } Configuration application request
03-02 10:15:28.984 D/RouteManager(  187): doEnableRoutes: Routes to be enabled(routed) in Output = Media|HwCodecMedia
03-02 10:15:28.984 D/RouteManager/StreamRoute(  187): openPcmDevice called for card (baytrailaudio,0)
03-02 10:15:28.984 D/RouteManager/StreamRoute(  187): openPcmDevice		 config=rate(48000), format(0), channels(2))
03-02 10:15:28.984 D/RouteManager/StreamRoute(  187): openPcmDevice		 period_size=1152, period_count=4
03-02 10:15:28.984 D/RouteManager/StreamRoute(  187): openPcmDevice		 startTh=4607, stop Th=4608 silence Th=0
03-02 10:15:29.074 D/ALSAStreamOps(  187): attachRouteL output stream
03-02 10:15:29.074 D/AudioConversion(  187): configure: no convertion required
03-02 10:15:29.074 D/RouteManager(  187): executeUnmuteStage: --------------- Routing Stage = Unmute ---------------
03-02 10:15:29.074 D/RouteManager(  187): parameter-framework: Selection criterion changed event: Criterion name: RoutageState, current state: Flow|Path|Configure
03-02 10:15:29.074 D/RouteManager(  187): parameter-framework: Configuration application request {
03-02 10:15:29.074 D/RouteManager(  187): parameter-framework:     Applying configurations {
03-02 10:15:29.074 D/RouteManager(  187): parameter-framework:     } Applying configurations
03-02 10:15:29.074 D/RouteManager(  187): parameter-framework: } Configuration application request
03-02 10:15:29.074 D/RouteManager(  187): reconsiderRouting: DONE
03-02 10:15:29.074 D/EVENT_THREAD(  187): void CEventThread::run() Do poll with timeout: -1
03-02 10:15:31.974 I/MediaFocusControl(  506):  AudioFocus  abandonAudioFocus() from android.media.AudioManager@21efb618org.chromium.media.MediaPlayerListener@2208cdf0
03-02 10:15:32.014 W/BindingManager(14687): Cannot call determinedVisibility() - never saw a connection for the pid: 14687
03-02 10:15:32.064 E/MediaResourceGetter(14687): File does not exist.
03-02 10:15:32.064 E/MediaResourceGetter(14687): Unable to configure metadata extractor
03-02 10:15:32.074 E/chromium(14687): [ERROR:webmediaplayer_android.cc(449)] Not implemented reached in virtual void content::WebMediaPlayerAndroid::setRate(double)
03-02 10:15:32.074 I/MediaFocusControl(  506):  AudioFocus  requestAudioFocus() from android.media.AudioManager@21efb618org.chromium.media.MediaPlayerListener@22091708
03-02 10:15:32.074 D/MediaPlayer(14687): Couldn't open file on client side, trying server side
03-02 10:15:32.084 I/AwesomePlayer(  187): setDataSource_l(URL suppressed)
03-02 10:15:32.084 E/FileSource(  187): Failed to open file 'app://org.xwalk.webapi_noneservice_tests//opt/tct-audio-html5-tests/audio/media/movie_5.webm'. (No such file or directory)
03-02 10:15:32.084 E/MediaPlayer(14687): error (1, -2147483648)
03-02 10:15:32.094 E/MediaPlayer(14687): Error (1,-2147483648)
03-02 10:15:32.404 D/EVENT_THREAD(  187): void CEventThread::run() POLLIN event on Fd (1)
03-02 10:15:32.404 D/EVENT_THREAD(  187): void CEventThread::run() Do poll with timeout: -1
03-02 10:15:32.404 I/upi_ug31xx(  167): (5588) update_capacity
03-02 10:15:32.404 I/[UPI]   (  167): <UG31/E>[UpiReadCapacity]: V=3812(3812), T=310(312-374), I=-293, C=-3(-3-0)
03-02 10:15:32.404 I/[UPI]   (  167): <UG31/E>[UpiReadCapacity]: (0x0000254a) 2112 (2042) / 3602 (3982) = 59
03-02 10:15:32.404 I/[UPI]   (  167): <UG31/E>[UpiReadCapacity]: (0x0000254a) 2112 (2042) / 3602 (3982) = 59
03-02 10:15:32.404 I/[UPI]   (  167): <UG31/E>[UpiReadCapacity]: (0x0000254a) 2109 (2109) / 3602 (3982) = 59
