03-02 10:14:48.704 I/AudioPolicyManagerBase(  187): APM: getOutput
03-02 10:14:48.704 I/AudioPolicyManagerBase(  187): APM: getOutput
03-02 10:14:48.704 D/AudioPolicyManagerALSA(  187): startOutput() output 2, stream type 3, session 204
03-02 10:14:48.714 D/AudioHardwareALSA(  187): setStreamParameters: key value pair routing=2;stream_flags=2
03-02 10:14:48.714 D/RouteManager(  187): setOutputFlags: output flags = 0x2 (Prev Flags=0x2)
03-02 10:14:48.714 D/RouteManager(  187): setDevices: 0x2
03-02 10:14:48.714 D/RouteManager(  187): setDevices: 0x2
03-02 10:14:48.714 D/RouteManager(  187): setDevices: set device = IHF to output stream
03-02 10:14:48.714 D/RouteManager(  187): setStreamParameters: identical Platform State, do not reconsider routing
03-02 10:14:48.714 D/MediaPlayer(14687): getMetadata
03-02 10:14:48.724 D/AudioResamplerIA(  187): Create AudioResamplerIA Resampler: Input rate 22050, output rate 48000
03-02 10:14:49.294 I/MediaFocusControl(  506):  AudioFocus  abandonAudioFocus() from android.media.AudioManager@21efb618org.chromium.media.MediaPlayerListener@21fa8048
03-02 10:14:49.324 W/BindingManager(14687): Cannot call determinedVisibility() - never saw a connection for the pid: 14687
03-02 10:14:49.354 E/MediaResourceGetter(14687): File does not exist.
03-02 10:14:49.354 E/MediaResourceGetter(14687): Unable to configure metadata extractor
03-02 10:14:49.364 E/chromium(14687): [ERROR:webmediaplayer_android.cc(449)] Not implemented reached in virtual void content::WebMediaPlayerAndroid::setRate(double)
03-02 10:14:49.364 I/MediaFocusControl(  506):  AudioFocus  requestAudioFocus() from android.media.AudioManager@21efb618org.chromium.media.MediaPlayerListener@21f98ef8
03-02 10:14:49.374 I/SoftOMXPlugin(  187): Created OMXPlugin : OMX.Intel.mp3.decoder
03-02 10:14:49.374 E/MediaPlayer(14687): Should have subtitle controller already set
03-02 10:14:49.374 I/AudioPolicyManagerBase(  187): APM: getOutput
03-02 10:14:49.374 I/AudioPolicyManagerBase(  187): APM: getOutput
03-02 10:14:49.374 I/AudioPolicyManagerBase(  187): APM: getOutput
03-02 10:14:49.374 I/AudioPolicyManagerBase(  187): APM: getOutput
03-02 10:14:49.374 D/AudioPolicyManagerALSA(  187): startOutput() output 2, stream type 3, session 205
03-02 10:14:49.384 D/AudioHardwareALSA(  187): setStreamParameters: key value pair routing=2;stream_flags=2
03-02 10:14:49.384 D/RouteManager(  187): setOutputFlags: output flags = 0x2 (Prev Flags=0x2)
03-02 10:14:49.384 D/RouteManager(  187): setDevices: 0x2
03-02 10:14:49.384 D/RouteManager(  187): setDevices: 0x2
03-02 10:14:49.384 D/RouteManager(  187): setDevices: set device = IHF to output stream
03-02 10:14:49.384 D/RouteManager(  187): setStreamParameters: identical Platform State, do not reconsider routing
03-02 10:14:49.384 D/MediaPlayer(14687): getMetadata
03-02 10:14:49.394 D/AudioResamplerIA(  187): Create AudioResamplerIA Resampler: Input rate 22050, output rate 48000
03-02 10:14:49.954 I/MediaFocusControl(  506):  AudioFocus  abandonAudioFocus() from android.media.AudioManager@21efb618org.chromium.media.MediaPlayerListener@21f98ef8
03-02 10:14:50.004 W/BindingManager(14687): Cannot call determinedVisibility() - never saw a connection for the pid: 14687
03-02 10:14:52.404 D/PROPERTY(  187): get media.dump_output.befconv: 0
03-02 10:14:52.404 D/PROPERTY(  187): get media.dump_output.aftconv: 0
03-02 10:14:52.404 D/RouteManager(  187): stopStream: {+++ RECONSIDER ROUTING +++} due to output stream stop event
03-02 10:14:52.404 D/RouteManager(  187): reconsiderRouting
03-02 10:14:52.404 D/EVENT_THREAD(  187): void CEventThread::trig(uint16_t): in
03-02 10:14:52.404 D/EVENT_THREAD(  187): void CEventThread::trig(uint16_t): out
03-02 10:14:52.404 D/RouteManager(  187): doReconsiderRouting:       Platform State:
03-02 10:14:52.404 D/RouteManager(  187): doReconsiderRouting:          -Modem Alive = 0 
03-02 10:14:52.404 D/RouteManager(  187): doReconsiderRouting:          -Modem Call Active = 0 
03-02 10:14:52.404 D/RouteManager(  187): doReconsiderRouting:          -Is Shared I2S glitch free=1 
03-02 10:14:52.404 D/RouteManager(  187): doReconsiderRouting:          -Android Telephony Mode = Normal 
03-02 10:14:52.404 D/RouteManager(  187): doReconsiderRouting:          -RTE MGR HW Mode = Normal 
03-02 10:14:52.404 D/RouteManager(  187): doReconsiderRouting:          -BT Enabled = 1 
03-02 10:14:52.404 D/RouteManager(  187): doReconsiderRouting:          -BT NREC = 0 
03-02 10:14:52.404 D/RouteManager(  187): doReconsiderRouting:          -BT Band = NB 
03-02 10:14:52.404 D/RouteManager(  187): doReconsiderRouting:          -Platform output device = IHF 
03-02 10:14:52.404 D/RouteManager(  187): doReconsiderRouting:          -Platform input device = <none> 
03-02 10:14:52.404 D/RouteManager(  187): doReconsiderRouting:          -Platform input source = None 
03-02 10:14:52.404 D/RouteManager(  187): doReconsiderRouting:          -Platform Band type = NB 
03-02 10:14:52.404 D/RouteManager(  187): doReconsiderRouting:          -Platform Has Direct Stream = no 
03-02 10:14:52.404 D/RouteManager(  187): doReconsiderRouting:          -Platform TTY direction = <none> 
03-02 10:14:52.404 D/RouteManager(  187): doReconsiderRouting:          -Platform HAC Mode = Off 
03-02 10:14:52.404 D/RouteManager(  187): doReconsiderRouting:          -Platform Screen State = On 
03-02 10:14:52.404 D/RouteManager(  187): doReconsiderRouting:          -Platform Context Awareness = false 
03-02 10:14:52.404 D/RouteManager(  187): doReconsiderRouting:          -Platform Always Listening = false 
03-02 10:14:52.404 D/RouteManager(  187): doReconsiderRouting:          -Platform FM State = Off 
03-02 10:14:52.404 D/RouteManager(  187): doReconsiderRouting:          -Platform Bypass Non Linear PP State = Off 
03-02 10:14:52.404 D/RouteManager(  187): doReconsiderRouting:          -Platform Bypass Linear PP State = Off 
03-02 10:14:52.404 D/RouteManager(  187): doReconsiderRouting:          -Platform MicMute = Off 
03-02 10:14:52.404 D/RouteManager(  187): doReconsiderRouting:      Route state:
03-02 10:14:52.404 D/RouteManager(  187): doReconsiderRouting:          -Previously Enabled Route in Input = <none>
03-02 10:14:52.404 D/RouteManager(  187): doReconsiderRouting:          -Previously Enabled Route in Output = Media|HwCodecMedia
03-02 10:14:52.404 D/RouteManager(  187): doReconsiderRouting:          -Selected Route in Input = <none>
03-02 10:14:52.404 D/RouteManager(  187): doReconsiderRouting:          -Selected Route in Output = <none>
03-02 10:14:52.404 D/RouteManager(  187): doReconsiderRouting:          -Route that need reconfiguration in Input = <none>
03-02 10:14:52.404 D/RouteManager(  187): doReconsiderRouting:          -Route that need reconfiguration in Output = <none>
03-02 10:14:52.404 D/RouteManager(  187): executeMuteStage: --------------- Routing Stage = Mute ---------------
03-02 10:14:52.404 D/RouteManager(  187): parameter-framework: Selection criterion changed event: Criterion name: RoutageState, current state: Flow
03-02 10:14:52.404 D/RouteManager(  187): muteRoutes: Expected Routes to be muted in Output = Media|HwCodecMedia
03-02 10:14:52.404 D/RouteManager(  187): parameter-framework: Selection criterion changed event: Criterion name: ClosingPlaybackRoutes, current state: Media|HwCodecMedia
03-02 10:14:52.404 D/RouteManager(  187): parameter-framework: Selection criterion changed event: Criterion name: OpenedPlaybackRoutes, current state: <none>
03-02 10:14:52.404 D/RouteManager(  187): parameter-framework: Configuration application request {
03-02 10:14:52.404 D/RouteManager(  187): parameter-framework:     Applying configurations {
03-02 10:14:52.404 D/RouteManager(  187): parameter-framework:     } Applying configurations
03-02 10:14:52.404 D/RouteManager(  187): parameter-framework: } Configuration application request
03-02 10:14:52.404 D/RouteManager(  187): executeDisableStage: --------------- Routing Stage = Disable ---------------
03-02 10:14:52.404 D/RouteManager(  187): parameter-framework: Selection criterion changed event: Criterion name: RoutageState, current state: Path
03-02 10:14:52.404 D/RouteManager(  187): prepareDisableRoutes: Routes to be disabled(unrouted) in Output = Media|HwCodecMedia
03-02 10:14:52.404 D/ALSAStreamOps(  187): detachRouteL output stream
03-02 10:14:52.404 D/RouteManager/StreamRoute(  187): closePcmDevice called for card (baytrailaudio,0)
03-02 10:14:52.434 D/RouteManager(  187): parameter-framework: Configuration application request {
03-02 10:14:52.434 D/RouteManager(  187): parameter-framework:     Applying configurations {
03-02 10:14:52.434 D/RouteManager(  187): parameter-framework:         Applying configuration "Disable" from domain "Routing.Enable.HWCodec.Playback.IHF"
03-02 10:14:52.434 D/RouteManager(  187): parameter-framework:         Applying configuration "Disable" from domain "Routing.Enable.HWCodec.Playback.Multimedia.IHF"
03-02 10:14:52.434 D/RouteManager(  187): parameter-framework:         Applying configuration "Disable" from domain "Routing.Enable.HWCodec.Playback.Multimedia.Playback"
03-02 10:14:52.434 D/RouteManager(  187): parameter-framework:     } Applying configurations
03-02 10:14:52.434 D/RouteManager(  187): parameter-framework: } Configuration application request
03-02 10:14:52.434 D/RouteManager(  187): executeConfigureStage: --------------- Routing Stage = Configure ---------------
03-02 10:14:52.434 D/RouteManager(  187): parameter-framework: Selection criterion changed event: Criterion name: RoutageState, current state: Configure
03-02 10:14:52.434 D/RouteManager(  187): parameter-framework: Selection criterion changed event: Criterion name: ClosingPlaybackRoutes, current state: <none>
03-02 10:14:52.434 D/RouteManager(  187): parameter-framework: Configuration application request {
03-02 10:14:52.434 D/RouteManager(  187): parameter-framework:     Applying configurations {
03-02 10:14:52.434 D/RouteManager(  187): parameter-framework:         Applying configuration "Deactivated" from domain "Routing.Configure.LPE_Mixer.IHF"
03-02 10:14:52.434 D/RouteManager(  187): parameter-framework:     } Applying configurations
03-02 10:14:52.434 D/RouteManager(  187): parameter-framework: } Configuration application request
03-02 10:14:52.434 D/RouteManager(  187): executeEnableStage: --------------- Routing Stage = Enable ---------------
03-02 10:14:52.434 D/RouteManager(  187): parameter-framework: Selection criterion changed event: Criterion name: RoutageState, current state: Path|Configure
03-02 10:14:52.434 D/RouteManager(  187): parameter-framework: Configuration application request {
03-02 10:14:52.434 D/RouteManager(  187): parameter-framework:     Applying configurations {
03-02 10:14:52.434 D/RouteManager(  187): parameter-framework:     } Applying configurations
03-02 10:14:52.434 D/RouteManager(  187): parameter-framework: } Configuration application request
03-02 10:14:52.434 D/RouteManager(  187): executeUnmuteStage: --------------- Routing Stage = Unmute ---------------
03-02 10:14:52.434 D/RouteManager(  187): parameter-framework: Selection criterion changed event: Criterion name: RoutageState, current state: Flow|Path|Configure
03-02 10:14:52.434 D/RouteManager(  187): parameter-framework: Configuration application request {
03-02 10:14:52.434 D/RouteManager(  187): parameter-framework:     Applying configurations {
03-02 10:14:52.434 D/RouteManager(  187): parameter-framework:     } Applying configurations
03-02 10:14:52.434 D/RouteManager(  187): parameter-framework: } Configuration application request
03-02 10:14:52.434 D/EVENT_THREAD(  187): void CEventThread::run() Do poll with timeout: -1
03-02 10:14:52.434 D/RouteManager(  187): reconsiderRouting: DONE
03-02 10:14:54.104 E/MediaResourceGetter(14687): File does not exist.
03-02 10:14:54.104 E/MediaResourceGetter(14687): Unable to configure metadata extractor
03-02 10:14:54.114 E/chromium(14687): [ERROR:webmediaplayer_android.cc(449)] Not implemented reached in virtual void content::WebMediaPlayerAndroid::setRate(double)
03-02 10:14:54.114 I/MediaFocusControl(  506):  AudioFocus  requestAudioFocus() from android.media.AudioManager@21efb618org.chromium.media.MediaPlayerListener@21ff3890
03-02 10:14:54.124 I/SoftOMXPlugin(  187): Created OMXPlugin : OMX.Intel.mp3.decoder
03-02 10:14:54.134 E/MediaPlayer(14687): Should have subtitle controller already set
03-02 10:14:54.134 I/AudioPolicyManagerBase(  187): APM: getOutput
03-02 10:14:54.134 I/AudioPolicyManagerBase(  187): APM: getOutput
03-02 10:14:54.134 I/AudioPolicyManagerBase(  187): APM: getOutput
03-02 10:14:54.134 I/AudioPolicyManagerBase(  187): APM: getOutput
03-02 10:14:54.134 D/AudioPolicyManagerALSA(  187): startOutput() output 2, stream type 3, session 206
03-02 10:14:54.184 D/dalvikvm(  506): GC_EXPLICIT freed 2203K, 48% free 19107K/36368K, paused 1ms+6ms, total 54ms
03-02 10:14:54.184 D/AudioHardwareALSA(  187): setStreamParameters: key value pair routing=2;stream_flags=2
03-02 10:14:54.184 D/RouteManager(  187): setOutputFlags: output flags = 0x2 (Prev Flags=0x2)
03-02 10:14:54.184 D/RouteManager(  187): setDevices: 0x2
03-02 10:14:54.184 D/RouteManager(  187): setDevices: 0x2
03-02 10:14:54.184 D/RouteManager(  187): setDevices: set device = IHF to output stream
03-02 10:14:54.184 D/RouteManager(  187): setStreamParameters: identical Platform State, do not reconsider routing
03-02 10:14:54.194 D/MediaPlayer(14687): getMetadata
03-02 10:14:54.204 D/AudioResamplerIA(  187): Create AudioResamplerIA Resampler: Input rate 22050, output rate 48000
03-02 10:14:54.204 D/PROPERTY(  187): get media.dump_output.befconv: 0
03-02 10:14:54.204 D/PROPERTY(  187): get media.dump_output.aftconv: 0
03-02 10:14:54.204 D/RouteManager(  187): startStream: {+++ RECONSIDER ROUTING +++} due to output stream start event
03-02 10:14:54.204 D/RouteManager(  187): reconsiderRouting
03-02 10:14:54.204 D/EVENT_THREAD(  187): void CEventThread::trig(uint16_t): in
03-02 10:14:54.204 D/EVENT_THREAD(  187): void CEventThread::trig(uint16_t): out
03-02 10:14:54.204 D/RouteManager(  187): doReconsiderRouting:       Platform State:
03-02 10:14:54.204 D/RouteManager(  187): doReconsiderRouting:          -Modem Alive = 0 
03-02 10:14:54.204 D/RouteManager(  187): doReconsiderRouting:          -Modem Call Active = 0 
03-02 10:14:54.204 D/RouteManager(  187): doReconsiderRouting:          -Is Shared I2S glitch free=1 
03-02 10:14:54.204 D/RouteManager(  187): doReconsiderRouting:          -Android Telephony Mode = Normal 
03-02 10:14:54.204 D/RouteManager(  187): doReconsiderRouting:          -RTE MGR HW Mode = Normal 
03-02 10:14:54.204 D/RouteManager(  187): doReconsiderRouting:          -BT Enabled = 1 
03-02 10:14:54.204 D/RouteManager(  187): doReconsiderRouting:          -BT NREC = 0 
03-02 10:14:54.204 D/RouteManager(  187): doReconsiderRouting:          -BT Band = NB 
03-02 10:14:54.204 D/RouteManager(  187): doReconsiderRouting:          -Platform output device = IHF 
03-02 10:14:54.204 D/RouteManager(  187): doReconsiderRouting:          -Platform input device = <none> 
03-02 10:14:54.204 D/RouteManager(  187): doReconsiderRouting:          -Platform input source = None 
03-02 10:14:54.204 D/RouteManager(  187): doReconsiderRouting:          -Platform Band type = NB 
03-02 10:14:54.204 D/RouteManager(  187): doReconsiderRouting:          -Platform Has Direct Stream = no 
03-02 10:14:54.204 D/RouteManager(  187): doReconsiderRouting:          -Platform TTY direction = <none> 
03-02 10:14:54.204 D/RouteManager(  187): doReconsiderRouting:          -Platform HAC Mode = Off 
03-02 10:14:54.204 D/RouteManager(  187): doReconsiderRouting:          -Platform Screen State = On 
03-02 10:14:54.204 D/RouteManager(  187): doReconsiderRouting:          -Platform Context Awareness = false 
03-02 10:14:54.204 D/RouteManager(  187): doReconsiderRouting:          -Platform Always Listening = false 
03-02 10:14:54.204 D/RouteManager(  187): doReconsiderRouting:          -Platform FM State = Off 
03-02 10:14:54.204 D/RouteManager(  187): doReconsiderRouting:          -Platform Bypass Non Linear PP State = Off 
03-02 10:14:54.204 D/RouteManager(  187): doReconsiderRouting:          -Platform Bypass Linear PP State = Off 
03-02 10:14:54.204 D/RouteManager(  187): doReconsiderRouting:          -Platform MicMute = Off 
03-02 10:14:54.204 D/RouteManager(  187): doReconsiderRouting:      Route state:
03-02 10:14:54.204 D/RouteManager(  187): doReconsiderRouting:          -Previously Enabled Route in Input = <none>
03-02 10:14:54.204 D/RouteManager(  187): doReconsiderRouting:          -Previously Enabled Route in Output = <none>
03-02 10:14:54.204 D/RouteManager(  187): doReconsiderRouting:          -Selected Route in Input = <none>
03-02 10:14:54.204 D/RouteManager(  187): doReconsiderRouting:          -Selected Route in Output = Media|HwCodecMedia
03-02 10:14:54.204 D/RouteManager(  187): doReconsiderRouting:          -Route that need reconfiguration in Input = <none>
03-02 10:14:54.204 D/RouteManager(  187): doReconsiderRouting:          -Route that need reconfiguration in Output = <none>
03-02 10:14:54.204 D/RouteManager(  187): executeMuteStage: --------------- Routing Stage = Mute ---------------
03-02 10:14:54.204 D/RouteManager(  187): parameter-framework: Selection criterion changed event: Criterion name: RoutageState, current state: Flow
03-02 10:14:54.204 D/RouteManager(  187): parameter-framework: Configuration application request {
03-02 10:14:54.204 D/RouteManager(  187): parameter-framework:     Applying configurations {
03-02 10:14:54.204 D/RouteManager(  187): parameter-framework:     } Applying configurations
03-02 10:14:54.204 D/RouteManager(  187): parameter-framework: } Configuration application request
03-02 10:14:54.204 D/RouteManager(  187): executeDisableStage: --------------- Routing Stage = Disable ---------------
03-02 10:14:54.204 D/RouteManager(  187): parameter-framework: Selection criterion changed event: Criterion name: RoutageState, current state: Path
03-02 10:14:54.204 D/RouteManager(  187): parameter-framework: Configuration application request {
03-02 10:14:54.204 D/RouteManager(  187): parameter-framework:     Applying configurations {
03-02 10:14:54.204 D/RouteManager(  187): parameter-framework:     } Applying configurations
03-02 10:14:54.204 D/RouteManager(  187): parameter-framework: } Configuration application request
03-02 10:14:54.204 D/RouteManager(  187): executeConfigureStage: --------------- Routing Stage = Configure ---------------
03-02 10:14:54.204 D/RouteManager(  187): parameter-framework: Selection criterion changed event: Criterion name: RoutageState, current state: Configure
03-02 10:14:54.204 D/RouteManager(  187): parameter-framework: Selection criterion changed event: Criterion name: OpenedPlaybackRoutes, current state: Media|HwCodecMedia
03-02 10:14:54.204 D/RouteManager(  187): parameter-framework: Configuration application request {
03-02 10:14:54.204 D/RouteManager(  187): parameter-framework:     Applying configurations {
03-02 10:14:54.204 D/RouteManager(  187): parameter-framework:         Applying configuration "Activated" from domain "Routing.Configure.LPE_Mixer.IHF"
03-02 10:14:54.204 D/RouteManager(  187): parameter-framework:     } Applying configurations
03-02 10:14:54.204 D/RouteManager(  187): parameter-framework: } Configuration application request
03-02 10:14:54.204 D/RouteManager(  187): executeEnableStage: --------------- Routing Stage = Enable ---------------
03-02 10:14:54.204 D/RouteManager(  187): parameter-framework: Selection criterion changed event: Criterion name: RoutageState, current state: Path|Configure
03-02 10:14:54.204 D/RouteManager(  187): doEnableRoutes: Routes to be enabled(routed) in Output = Media|HwCodecMedia
03-02 10:14:54.204 D/RouteManager(  187): parameter-framework: Configuration application request {
03-02 10:14:54.204 D/RouteManager(  187): parameter-framework:     Applying configurations {
03-02 10:14:54.204 D/RouteManager(  187): parameter-framework:         Applying configuration "Enable" from domain "Routing.Enable.HWCodec.Playback.IHF"
03-02 10:14:54.204 D/RouteManager(  187): parameter-framework:         Applying configuration "Enable" from domain "Routing.Enable.HWCodec.Playback.Multimedia.IHF"
03-02 10:14:54.204 D/RouteManager(  187): parameter-framework:         Applying configuration "Enable" from domain "Routing.Enable.HWCodec.Playback.Multimedia.Playback"
03-02 10:14:54.214 D/RouteManager(  187): parameter-framework:     } Applying configurations
03-02 10:14:54.214 D/RouteManager(  187): parameter-framework: } Configuration application request
03-02 10:14:54.214 D/RouteManager(  187): doEnableRoutes: Routes to be enabled(routed) in Output = Media|HwCodecMedia
03-02 10:14:54.214 D/RouteManager/StreamRoute(  187): openPcmDevice called for card (baytrailaudio,0)
03-02 10:14:54.214 D/RouteManager/StreamRoute(  187): openPcmDevice		 config=rate(48000), format(0), channels(2))
03-02 10:14:54.214 D/RouteManager/StreamRoute(  187): openPcmDevice		 period_size=1152, period_count=4
03-02 10:14:54.214 D/RouteManager/StreamRoute(  187): openPcmDevice		 startTh=4607, stop Th=4608 silence Th=0
03-02 10:14:54.294 D/ALSAStreamOps(  187): attachRouteL output stream
03-02 10:14:54.294 D/AudioConversion(  187): configure: no convertion required
03-02 10:14:54.294 D/RouteManager(  187): executeUnmuteStage: --------------- Routing Stage = Unmute ---------------
03-02 10:14:54.294 D/RouteManager(  187): parameter-framework: Selection criterion changed event: Criterion name: RoutageState, current state: Flow|Path|Configure
03-02 10:14:54.294 D/RouteManager(  187): parameter-framework: Configuration application request {
03-02 10:14:54.294 D/RouteManager(  187): parameter-framework:     Applying configurations {
03-02 10:14:54.294 D/RouteManager(  187): parameter-framework:     } Applying configurations
03-02 10:14:54.294 D/RouteManager(  187): parameter-framework: } Configuration application request
03-02 10:14:54.294 D/EVENT_THREAD(  187): void CEventThread::run() Do poll with timeout: -1
03-02 10:14:54.294 D/RouteManager(  187): reconsiderRouting: DONE
03-02 10:14:54.714 I/MediaFocusControl(  506):  AudioFocus  abandonAudioFocus() from android.media.AudioManager@21efb618org.chromium.media.MediaPlayerListener@21ff3890
03-02 10:14:54.744 W/BindingManager(14687): Cannot call determinedVisibility() - never saw a connection for the pid: 14687
03-02 10:14:54.774 E/MediaResourceGetter(14687): File does not exist.
03-02 10:14:54.774 E/MediaResourceGetter(14687): Unable to configure metadata extractor
03-02 10:14:54.784 E/chromium(14687): [ERROR:webmediaplayer_android.cc(449)] Not implemented reached in virtual void content::WebMediaPlayerAndroid::setRate(double)
03-02 10:14:54.784 I/MediaFocusControl(  506):  AudioFocus  requestAudioFocus() from android.media.AudioManager@21efb618org.chromium.media.MediaPlayerListener@21ff7ba8
03-02 10:14:54.794 I/SoftOMXPlugin(  187): Created OMXPlugin : OMX.Intel.mp3.decoder
03-02 10:14:54.794 E/MediaPlayer(14687): Should have subtitle controller already set
03-02 10:14:54.794 I/AudioPolicyManagerBase(  187): APM: getOutput
03-02 10:14:54.794 I/AudioPolicyManagerBase(  187): APM: getOutput
03-02 10:14:54.794 I/AudioPolicyManagerBase(  187): APM: getOutput
03-02 10:14:54.794 I/AudioPolicyManagerBase(  187): APM: getOutput
03-02 10:14:54.794 D/AudioPolicyManagerALSA(  187): startOutput() output 2, stream type 3, session 207
03-02 10:14:54.804 D/AudioHardwareALSA(  187): setStreamParameters: key value pair routing=2;stream_flags=2
03-02 10:14:54.804 D/RouteManager(  187): setOutputFlags: output flags = 0x2 (Prev Flags=0x2)
03-02 10:14:54.804 D/RouteManager(  187): setDevices: 0x2
03-02 10:14:54.804 D/RouteManager(  187): setDevices: 0x2
03-02 10:14:54.804 D/RouteManager(  187): setDevices: set device = IHF to output stream
03-02 10:14:54.804 D/RouteManager(  187): setStreamParameters: identical Platform State, do not reconsider routing
03-02 10:14:54.804 D/MediaPlayer(14687): getMetadata
03-02 10:14:54.814 D/AudioResamplerIA(  187): Create AudioResamplerIA Resampler: Input rate 22050, output rate 48000
03-02 10:14:55.374 I/MediaFocusControl(  506):  AudioFocus  abandonAudioFocus() from android.media.AudioManager@21efb618org.chromium.media.MediaPlayerListener@21ff7ba8
03-02 10:14:55.394 W/BindingManager(14687): Cannot call determinedVisibility() - never saw a connection for the pid: 14687
03-02 10:14:55.434 E/MediaResourceGetter(14687): File does not exist.
03-02 10:14:55.434 E/MediaResourceGetter(14687): Unable to configure metadata extractor
03-02 10:14:55.444 E/chromium(14687): [ERROR:webmediaplayer_android.cc(449)] Not implemented reached in virtual void content::WebMediaPlayerAndroid::setRate(double)
03-02 10:14:55.444 I/MediaFocusControl(  506):  AudioFocus  requestAudioFocus() from android.media.AudioManager@21efb618org.chromium.media.MediaPlayerListener@21ffff40
03-02 10:14:55.454 I/SoftOMXPlugin(  187): Created OMXPlugin : OMX.Intel.mp3.decoder
03-02 10:14:55.454 E/MediaPlayer(14687): Should have subtitle controller already set
03-02 10:14:55.464 I/AudioPolicyManagerBase(  187): APM: getOutput
03-02 10:14:55.464 I/AudioPolicyManagerBase(  187): APM: getOutput
03-02 10:14:55.464 I/AudioPolicyManagerBase(  187): APM: getOutput
03-02 10:14:55.464 I/AudioPolicyManagerBase(  187): APM: getOutput
03-02 10:14:55.464 D/AudioPolicyManagerALSA(  187): startOutput() output 2, stream type 3, session 208
03-02 10:14:55.464 D/AudioHardwareALSA(  187): setStreamParameters: key value pair routing=2;stream_flags=2
03-02 10:14:55.464 D/RouteManager(  187): setOutputFlags: output flags = 0x2 (Prev Flags=0x2)
03-02 10:14:55.464 D/RouteManager(  187): setDevices: 0x2
03-02 10:14:55.464 D/RouteManager(  187): setDevices: 0x2
03-02 10:14:55.464 D/RouteManager(  187): setDevices: set device = IHF to output stream
03-02 10:14:55.464 D/RouteManager(  187): setStreamParameters: identical Platform State, do not reconsider routing
03-02 10:14:55.464 D/MediaPlayer(14687): getMetadata
03-02 10:14:55.474 D/AudioResamplerIA(  187): Create AudioResamplerIA Resampler: Input rate 22050, output rate 48000
03-02 10:14:56.034 I/MediaFocusControl(  506):  AudioFocus  abandonAudioFocus() from android.media.AudioManager@21efb618org.chromium.media.MediaPlayerListener@21ffff40
03-02 10:14:56.074 W/BindingManager(14687): Cannot call determinedVisibility() - never saw a connection for the pid: 14687
03-02 10:14:56.414 E/MediaResourceGetter(14687): File does not exist.
03-02 10:14:56.414 E/MediaResourceGetter(14687): Unable to configure metadata extractor
03-02 10:14:56.424 E/chromium(14687): [ERROR:webmediaplayer_android.cc(449)] Not implemented reached in virtual void content::WebMediaPlayerAndroid::setRate(double)
03-02 10:14:56.424 I/MediaFocusControl(  506):  AudioFocus  requestAudioFocus() from android.media.AudioManager@21efb618org.chromium.media.MediaPlayerListener@22008370
03-02 10:14:56.434 I/SoftOMXPlugin(  187): Created OMXPlugin : OMX.Intel.mp3.decoder
03-02 10:14:56.434 E/MediaPlayer(14687): Should have subtitle controller already set
03-02 10:14:56.434 I/AudioPolicyManagerBase(  187): APM: getOutput
03-02 10:14:56.434 I/AudioPolicyManagerBase(  187): APM: getOutput
03-02 10:14:56.434 I/AudioPolicyManagerBase(  187): APM: getOutput
03-02 10:14:56.434 I/AudioPolicyManagerBase(  187): APM: getOutput
03-02 10:14:56.434 D/AudioPolicyManagerALSA(  187): startOutput() output 2, stream type 3, session 209
03-02 10:14:56.454 D/AudioHardwareALSA(  187): setStreamParameters: key value pair routing=2;stream_flags=2
03-02 10:14:56.454 D/RouteManager(  187): setOutputFlags: output flags = 0x2 (Prev Flags=0x2)
03-02 10:14:56.454 D/RouteManager(  187): setDevices: 0x2
03-02 10:14:56.454 D/RouteManager(  187): setDevices: 0x2
03-02 10:14:56.454 D/RouteManager(  187): setDevices: set device = IHF to output stream
03-02 10:14:56.454 D/RouteManager(  187): setStreamParameters: identical Platform State, do not reconsider routing
03-02 10:14:56.454 D/MediaPlayer(14687): getMetadata
03-02 10:14:56.464 D/AudioResamplerIA(  187): Create AudioResamplerIA Resampler: Input rate 22050, output rate 48000
03-02 10:14:57.024 I/MediaFocusControl(  506):  AudioFocus  abandonAudioFocus() from android.media.AudioManager@21efb618org.chromium.media.MediaPlayerListener@22008370
03-02 10:14:57.044 W/BindingManager(14687): Cannot call determinedVisibility() - never saw a connection for the pid: 14687
03-02 10:14:57.304 E/AndroidProtocolHandler(14687): Unable to open asset URL: file:///android_asset/www//opt/tct-audio-html5-tests/audio/w3c/
03-02 10:14:57.314 E/AndroidProtocolHandler(14687): Unable to open asset URL: file:///android_asset/www//opt/tct-audio-html5-tests/audio/w3c/
03-02 10:14:57.324 E/AndroidProtocolHandler(14687): Unable to open asset URL: file:///android_asset/www//opt/tct-audio-html5-tests/audio/w3c/
03-02 10:14:57.334 E/AndroidProtocolHandler(14687): Unable to open asset URL: file:///android_asset/www//opt/tct-audio-html5-tests/audio/w3c/
03-02 10:14:57.594 E/MediaResourceGetter(14687): File does not exist.
03-02 10:14:57.594 E/MediaResourceGetter(14687): Unable to configure metadata extractor
03-02 10:14:57.604 E/chromium(14687): [ERROR:webmediaplayer_android.cc(449)] Not implemented reached in virtual void content::WebMediaPlayerAndroid::setRate(double)
03-02 10:14:57.604 I/MediaFocusControl(  506):  AudioFocus  requestAudioFocus() from android.media.AudioManager@21efb618org.chromium.media.MediaPlayerListener@22014ce0
03-02 10:14:57.614 I/SoftOMXPlugin(  187): Created OMXPlugin : OMX.Intel.mp3.decoder
03-02 10:14:57.614 E/MediaPlayer(14687): Should have subtitle controller already set
03-02 10:14:57.614 I/AudioPolicyManagerBase(  187): APM: getOutput
03-02 10:14:57.614 I/AudioPolicyManagerBase(  187): APM: getOutput
03-02 10:14:57.614 I/AudioPolicyManagerBase(  187): APM: getOutput
03-02 10:14:57.614 I/AudioPolicyManagerBase(  187): APM: getOutput
03-02 10:14:57.614 D/AudioPolicyManagerALSA(  187): startOutput() output 2, stream type 3, session 210
03-02 10:14:57.614 D/AudioHardwareALSA(  187): setStreamParameters: key value pair routing=2;stream_flags=2
03-02 10:14:57.614 D/RouteManager(  187): setOutputFlags: output flags = 0x2 (Prev Flags=0x2)
03-02 10:14:57.614 D/RouteManager(  187): setDevices: 0x2
03-02 10:14:57.614 D/RouteManager(  187): setDevices: 0x2
03-02 10:14:57.614 D/RouteManager(  187): setDevices: set device = IHF to output stream
03-02 10:14:57.614 D/RouteManager(  187): setStreamParameters: identical Platform State, do not reconsider routing
03-02 10:14:57.614 D/MediaPlayer(14687): getMetadata
03-02 10:14:57.624 D/AudioResamplerIA(  187): Create AudioResamplerIA Resampler: Input rate 22050, output rate 48000
03-02 10:14:58.174 I/MediaFocusControl(  506):  AudioFocus  abandonAudioFocus() from android.media.AudioManager@21efb618org.chromium.media.MediaPlayerListener@22014ce0
03-02 10:14:58.214 W/BindingManager(14687): Cannot call determinedVisibility() - never saw a connection for the pid: 14687
03-02 10:14:58.254 E/AndroidProtocolHandler(14687): Unable to open asset URL: file:///android_asset/www//opt/tct-audio-html5-tests/audio/w3c/
03-02 10:14:58.254 E/AndroidProtocolHandler(14687): Unable to open asset URL: file:///android_asset/www//opt/tct-audio-html5-tests/audio/w3c/
03-02 10:14:58.264 E/AndroidProtocolHandler(14687): Unable to open asset URL: file:///android_asset/www//opt/tct-audio-html5-tests/audio/w3c/
03-02 10:14:58.264 E/AndroidProtocolHandler(14687): Unable to open asset URL: file:///android_asset/www//opt/tct-audio-html5-tests/audio/w3c/
03-02 10:14:58.914 W/BindingManager(14687): Cannot call determinedVisibility() - never saw a connection for the pid: 14687
03-02 10:14:58.954 E/MediaResourceGetter(14687): File does not exist.
03-02 10:14:58.954 E/MediaResourceGetter(14687): Unable to configure metadata extractor
03-02 10:15:00.004 D/Clock   (  570): ACTION_TIME_TICK
03-02 10:15:00.004 D/Clock   (  570): update clock:10:15
03-02 10:15:00.024 D/BatteryStatsImpl(  506): noteStopWakeLocked system isFromForeground = false
03-02 10:15:00.084 W/BindingManager(14687): Cannot call determinedVisibility() - never saw a connection for the pid: 14687
03-02 10:15:00.124 E/AndroidProtocolHandler(14687): Unable to open asset URL: file:///android_asset/www//opt/tct-audio-html5-tests/audio/w3c/
03-02 10:15:00.134 E/AndroidProtocolHandler(14687): Unable to open asset URL: file:///android_asset/www//opt/tct-audio-html5-tests/audio/w3c/
03-02 10:15:00.144 E/AndroidProtocolHandler(14687): Unable to open asset URL: file:///android_asset/www//opt/tct-audio-html5-tests/audio/w3c/
03-02 10:15:00.154 E/AndroidProtocolHandler(14687): Unable to open asset URL: file:///android_asset/www//opt/tct-audio-html5-tests/audio/w3c/
03-02 10:15:00.634 D/PROPERTY(  187): get media.dump_output.befconv: 0
03-02 10:15:00.634 D/PROPERTY(  187): get media.dump_output.aftconv: 0
03-02 10:15:00.634 D/RouteManager(  187): stopStream: {+++ RECONSIDER ROUTING +++} due to output stream stop event
03-02 10:15:00.634 D/RouteManager(  187): reconsiderRouting
03-02 10:15:00.634 D/EVENT_THREAD(  187): void CEventThread::trig(uint16_t): in
03-02 10:15:00.634 D/EVENT_THREAD(  187): void CEventThread::trig(uint16_t): out
03-02 10:15:00.634 D/RouteManager(  187): doReconsiderRouting:       Platform State:
03-02 10:15:00.634 D/RouteManager(  187): doReconsiderRouting:          -Modem Alive = 0 
03-02 10:15:00.634 D/RouteManager(  187): doReconsiderRouting:          -Modem Call Active = 0 
03-02 10:15:00.634 D/RouteManager(  187): doReconsiderRouting:          -Is Shared I2S glitch free=1 
03-02 10:15:00.634 D/RouteManager(  187): doReconsiderRouting:          -Android Telephony Mode = Normal 
03-02 10:15:00.634 D/RouteManager(  187): doReconsiderRouting:          -RTE MGR HW Mode = Normal 
03-02 10:15:00.634 D/RouteManager(  187): doReconsiderRouting:          -BT Enabled = 1 
03-02 10:15:00.634 D/RouteManager(  187): doReconsiderRouting:          -BT NREC = 0 
03-02 10:15:00.634 D/RouteManager(  187): doReconsiderRouting:          -BT Band = NB 
03-02 10:15:00.634 D/RouteManager(  187): doReconsiderRouting:          -Platform output device = IHF 
03-02 10:15:00.634 D/RouteManager(  187): doReconsiderRouting:          -Platform input device = <none> 
03-02 10:15:00.634 D/RouteManager(  187): doReconsiderRouting:          -Platform input source = None 
03-02 10:15:00.634 D/RouteManager(  187): doReconsiderRouting:          -Platform Band type = NB 
03-02 10:15:00.634 D/RouteManager(  187): doReconsiderRouting:          -Platform Has Direct Stream = no 
03-02 10:15:00.634 D/RouteManager(  187): doReconsiderRouting:          -Platform TTY direction = <none> 
03-02 10:15:00.634 D/RouteManager(  187): doReconsiderRouting:          -Platform HAC Mode = Off 
03-02 10:15:00.634 D/RouteManager(  187): doReconsiderRouting:          -Platform Screen State = On 
03-02 10:15:00.634 D/RouteManager(  187): doReconsiderRouting:          -Platform Context Awareness = false 
03-02 10:15:00.634 D/RouteManager(  187): doReconsiderRouting:          -Platform Always Listening = false 
03-02 10:15:00.634 D/RouteManager(  187): doReconsiderRouting:          -Platform FM State = Off 
03-02 10:15:00.634 D/RouteManager(  187): doReconsiderRouting:          -Platform Bypass Non Linear PP State = Off 
03-02 10:15:00.634 D/RouteManager(  187): doReconsiderRouting:          -Platform Bypass Linear PP State = Off 
03-02 10:15:00.634 D/RouteManager(  187): doReconsiderRouting:          -Platform MicMute = Off 
03-02 10:15:00.634 D/RouteManager(  187): doReconsiderRouting:      Route state:
03-02 10:15:00.634 D/RouteManager(  187): doReconsiderRouting:          -Previously Enabled Route in Input = <none>
03-02 10:15:00.634 D/RouteManager(  187): doReconsiderRouting:          -Previously Enabled Route in Output = Media|HwCodecMedia
03-02 10:15:00.634 D/RouteManager(  187): doReconsiderRouting:          -Selected Route in Input = <none>
03-02 10:15:00.634 D/RouteManager(  187): doReconsiderRouting:          -Selected Route in Output = <none>
03-02 10:15:00.634 D/RouteManager(  187): doReconsiderRouting:          -Route that need reconfiguration in Input = <none>
03-02 10:15:00.634 D/RouteManager(  187): doReconsiderRouting:          -Route that need reconfiguration in Output = <none>
03-02 10:15:00.634 D/RouteManager(  187): executeMuteStage: --------------- Routing Stage = Mute ---------------
03-02 10:15:00.634 D/RouteManager(  187): parameter-framework: Selection criterion changed event: Criterion name: RoutageState, current state: Flow
03-02 10:15:00.634 D/RouteManager(  187): muteRoutes: Expected Routes to be muted in Output = Media|HwCodecMedia
03-02 10:15:00.634 D/RouteManager(  187): parameter-framework: Selection criterion changed event: Criterion name: ClosingPlaybackRoutes, current state: Media|HwCodecMedia
03-02 10:15:00.634 D/RouteManager(  187): parameter-framework: Selection criterion changed event: Criterion name: OpenedPlaybackRoutes, current state: <none>
03-02 10:15:00.634 D/RouteManager(  187): parameter-framework: Configuration application request {
03-02 10:15:00.634 D/RouteManager(  187): parameter-framework:     Applying configurations {
03-02 10:15:00.634 D/RouteManager(  187): parameter-framework:     } Applying configurations
03-02 10:15:00.634 D/RouteManager(  187): parameter-framework: } Configuration application request
03-02 10:15:00.634 D/RouteManager(  187): executeDisableStage: --------------- Routing Stage = Disable ---------------
03-02 10:15:00.634 D/RouteManager(  187): parameter-framework: Selection criterion changed event: Criterion name: RoutageState, current state: Path
03-02 10:15:00.634 D/RouteManager(  187): prepareDisableRoutes: Routes to be disabled(unrouted) in Output = Media|HwCodecMedia
03-02 10:15:00.634 D/ALSAStreamOps(  187): detachRouteL output stream
03-02 10:15:00.634 D/RouteManager/StreamRoute(  187): closePcmDevice called for card (baytrailaudio,0)
03-02 10:15:00.664 D/RouteManager(  187): parameter-framework: Configuration application request {
03-02 10:15:00.664 D/RouteManager(  187): parameter-framework:     Applying configurations {
03-02 10:15:00.664 D/RouteManager(  187): parameter-framework:         Applying configuration "Disable" from domain "Routing.Enable.HWCodec.Playback.IHF"
03-02 10:15:00.664 D/RouteManager(  187): parameter-framework:         Applying configuration "Disable" from domain "Routing.Enable.HWCodec.Playback.Multimedia.IHF"
03-02 10:15:00.664 D/RouteManager(  187): parameter-framework:         Applying configuration "Disable" from domain "Routing.Enable.HWCodec.Playback.Multimedia.Playback"
03-02 10:15:00.674 D/RouteManager(  187): parameter-framework:     } Applying configurations
03-02 10:15:00.674 D/RouteManager(  187): parameter-framework: } Configuration application request
03-02 10:15:00.674 D/RouteManager(  187): executeConfigureStage: --------------- Routing Stage = Configure ---------------
03-02 10:15:00.674 D/RouteManager(  187): parameter-framework: Selection criterion changed event: Criterion name: RoutageState, current state: Configure
03-02 10:15:00.674 D/RouteManager(  187): parameter-framework: Selection criterion changed event: Criterion name: ClosingPlaybackRoutes, current state: <none>
03-02 10:15:00.674 D/RouteManager(  187): parameter-framework: Configuration application request {
03-02 10:15:00.674 D/RouteManager(  187): parameter-framework:     Applying configurations {
03-02 10:15:00.674 D/RouteManager(  187): parameter-framework:         Applying configuration "Deactivated" from domain "Routing.Configure.LPE_Mixer.IHF"
03-02 10:15:00.684 D/RouteManager(  187): parameter-framework:     } Applying configurations
03-02 10:15:00.684 D/RouteManager(  187): parameter-framework: } Configuration application request
03-02 10:15:00.684 D/RouteManager(  187): executeEnableStage: --------------- Routing Stage = Enable ---------------
03-02 10:15:00.684 D/RouteManager(  187): parameter-framework: Selection criterion changed event: Criterion name: RoutageState, current state: Path|Configure
03-02 10:15:00.684 D/RouteManager(  187): parameter-framework: Configuration application request {
03-02 10:15:00.684 D/RouteManager(  187): parameter-framework:     Applying configurations {
03-02 10:15:00.684 D/RouteManager(  187): parameter-framework:     } Applying configurations
03-02 10:15:00.684 D/RouteManager(  187): parameter-framework: } Configuration application request
03-02 10:15:00.684 D/RouteManager(  187): executeUnmuteStage: --------------- Routing Stage = Unmute ---------------
03-02 10:15:00.684 D/RouteManager(  187): parameter-framework: Selection criterion changed event: Criterion name: RoutageState, current state: Flow|Path|Configure
03-02 10:15:00.684 D/RouteManager(  187): parameter-framework: Configuration application request {
03-02 10:15:00.684 D/RouteManager(  187): parameter-framework:     Applying configurations {
03-02 10:15:00.684 D/RouteManager(  187): parameter-framework:     } Applying configurations
03-02 10:15:00.684 D/RouteManager(  187): parameter-framework: } Configuration application request
03-02 10:15:00.684 D/EVENT_THREAD(  187): void CEventThread::run() Do poll with timeout: -1
03-02 10:15:00.684 D/RouteManager(  187): reconsiderRouting: DONE
03-02 10:15:00.844 W/BindingManager(14687): Cannot call determinedVisibility() - never saw a connection for the pid: 14687
03-02 10:15:01.574 E/AndroidProtocolHandler(14687): Unable to open asset URL: file:///android_asset/www//opt/tct-audio-html5-tests/audio/w3c/support/mediaelement.js
03-02 10:15:01.874 E/MediaResourceGetter(14687): File does not exist.
03-02 10:15:01.874 E/MediaResourceGetter(14687): Unable to configure metadata extractor
03-02 10:15:01.884 E/chromium(14687): [ERROR:webmediaplayer_android.cc(449)] Not implemented reached in virtual void content::WebMediaPlayerAndroid::setRate(double)
03-02 10:15:01.884 I/MediaFocusControl(  506):  AudioFocus  requestAudioFocus() from android.media.AudioManager@21efb618org.chromium.media.MediaPlayerListener@22030dc8
03-02 10:15:01.894 I/SoftOMXPlugin(  187): Created OMXPlugin : OMX.Intel.mp3.decoder
03-02 10:15:01.894 E/MediaPlayer(14687): Should have subtitle controller already set
03-02 10:15:01.904 I/AudioPolicyManagerBase(  187): APM: getOutput
03-02 10:15:01.904 I/AudioPolicyManagerBase(  187): APM: getOutput
03-02 10:15:01.904 I/AudioPolicyManagerBase(  187): APM: getOutput
03-02 10:15:01.904 I/AudioPolicyManagerBase(  187): APM: getOutput
03-02 10:15:01.904 D/AudioPolicyManagerALSA(  187): startOutput() output 2, stream type 3, session 211
03-02 10:15:01.904 D/AudioHardwareALSA(  187): setStreamParameters: key value pair routing=2;stream_flags=2
03-02 10:15:01.904 D/RouteManager(  187): setOutputFlags: output flags = 0x2 (Prev Flags=0x2)
03-02 10:15:01.904 D/RouteManager(  187): setDevices: 0x2
03-02 10:15:01.904 D/RouteManager(  187): setDevices: 0x2
03-02 10:15:01.904 D/RouteManager(  187): setDevices: set device = IHF to output stream
03-02 10:15:01.904 D/RouteManager(  187): setStreamParameters: identical Platform State, do not reconsider routing
03-02 10:15:01.904 D/MediaPlayer(14687): getMetadata
03-02 10:15:01.914 D/AudioResamplerIA(  187): Create AudioResamplerIA Resampler: Input rate 22050, output rate 48000
03-02 10:15:01.914 D/PROPERTY(  187): get media.dump_output.befconv: 0
03-02 10:15:01.914 D/PROPERTY(  187): get media.dump_output.aftconv: 0
03-02 10:15:01.914 D/RouteManager(  187): startStream: {+++ RECONSIDER ROUTING +++} due to output stream start event
03-02 10:15:01.914 D/RouteManager(  187): reconsiderRouting
03-02 10:15:01.914 D/EVENT_THREAD(  187): void CEventThread::trig(uint16_t): in
03-02 10:15:01.914 D/EVENT_THREAD(  187): void CEventThread::trig(uint16_t): out
03-02 10:15:01.914 D/RouteManager(  187): doReconsiderRouting:       Platform State:
03-02 10:15:01.914 D/RouteManager(  187): doReconsiderRouting:          -Modem Alive = 0 
03-02 10:15:01.914 D/RouteManager(  187): doReconsiderRouting:          -Modem Call Active = 0 
03-02 10:15:01.914 D/RouteManager(  187): doReconsiderRouting:          -Is Shared I2S glitch free=1 
03-02 10:15:01.914 D/RouteManager(  187): doReconsiderRouting:          -Android Telephony Mode = Normal 
03-02 10:15:01.914 D/RouteManager(  187): doReconsiderRouting:          -RTE MGR HW Mode = Normal 
03-02 10:15:01.914 D/RouteManager(  187): doReconsiderRouting:          -BT Enabled = 1 
03-02 10:15:01.914 D/RouteManager(  187): doReconsiderRouting:          -BT NREC = 0 
03-02 10:15:01.914 D/RouteManager(  187): doReconsiderRouting:          -BT Band = NB 
03-02 10:15:01.914 D/RouteManager(  187): doReconsiderRouting:          -Platform output device = IHF 
03-02 10:15:01.914 D/RouteManager(  187): doReconsiderRouting:          -Platform input device = <none> 
03-02 10:15:01.914 D/RouteManager(  187): doReconsiderRouting:          -Platform input source = None 
03-02 10:15:01.914 D/RouteManager(  187): doReconsiderRouting:          -Platform Band type = NB 
03-02 10:15:01.914 D/RouteManager(  187): doReconsiderRouting:          -Platform Has Direct Stream = no 
03-02 10:15:01.914 D/RouteManager(  187): doReconsiderRouting:          -Platform TTY direction = <none> 
03-02 10:15:01.914 D/RouteManager(  187): doReconsiderRouting:          -Platform HAC Mode = Off 
03-02 10:15:01.914 D/RouteManager(  187): doReconsiderRouting:          -Platform Screen State = On 
03-02 10:15:01.914 D/RouteManager(  187): doReconsiderRouting:          -Platform Context Awareness = false 
03-02 10:15:01.914 D/RouteManager(  187): doReconsiderRouting:          -Platform Always Listening = false 
03-02 10:15:01.914 D/RouteManager(  187): doReconsiderRouting:          -Platform FM State = Off 
03-02 10:15:01.914 D/RouteManager(  187): doReconsiderRouting:          -Platform Bypass Non Linear PP State = Off 
03-02 10:15:01.914 D/RouteManager(  187): doReconsiderRouting:          -Platform Bypass Linear PP State = Off 
03-02 10:15:01.914 D/RouteManager(  187): doReconsiderRouting:          -Platform MicMute = Off 
03-02 10:15:01.914 D/RouteManager(  187): doReconsiderRouting:      Route state:
03-02 10:15:01.914 D/RouteManager(  187): doReconsiderRouting:          -Previously Enabled Route in Input = <none>
03-02 10:15:01.914 D/RouteManager(  187): doReconsiderRouting:          -Previously Enabled Route in Output = <none>
03-02 10:15:01.914 D/RouteManager(  187): doReconsiderRouting:          -Selected Route in Input = <none>
03-02 10:15:01.914 D/RouteManager(  187): doReconsiderRouting:          -Selected Route in Output = Media|HwCodecMedia
03-02 10:15:01.914 D/RouteManager(  187): doReconsiderRouting:          -Route that need reconfiguration in Input = <none>
03-02 10:15:01.914 D/RouteManager(  187): doReconsiderRouting:          -Route that need reconfiguration in Output = <none>
03-02 10:15:01.914 D/RouteManager(  187): executeMuteStage: --------------- Routing Stage = Mute ---------------
03-02 10:15:01.914 D/RouteManager(  187): parameter-framework: Selection criterion changed event: Criterion name: RoutageState, current state: Flow
03-02 10:15:01.914 D/RouteManager(  187): parameter-framework: Configuration application request {
03-02 10:15:01.914 D/RouteManager(  187): parameter-framework:     Applying configurations {
03-02 10:15:01.914 D/RouteManager(  187): parameter-framework:     } Applying configurations
03-02 10:15:01.914 D/RouteManager(  187): parameter-framework: } Configuration application request
03-02 10:15:01.914 D/RouteManager(  187): executeDisableStage: --------------- Routing Stage = Disable ---------------
03-02 10:15:01.914 D/RouteManager(  187): parameter-framework: Selection criterion changed event: Criterion name: RoutageState, current state: Path
03-02 10:15:01.914 D/RouteManager(  187): parameter-framework: Configuration application request {
03-02 10:15:01.914 D/RouteManager(  187): parameter-framework:     Applying configurations {
03-02 10:15:01.914 D/RouteManager(  187): parameter-framework:     } Applying configurations
03-02 10:15:01.914 D/RouteManager(  187): parameter-framework: } Configuration application request
03-02 10:15:01.914 D/RouteManager(  187): executeConfigureStage: --------------- Routing Stage = Configure ---------------
03-02 10:15:01.914 D/RouteManager(  187): parameter-framework: Selection criterion changed event: Criterion name: RoutageState, current state: Configure
03-02 10:15:01.914 D/RouteManager(  187): parameter-framework: Selection criterion changed event: Criterion name: OpenedPlaybackRoutes, current state: Media|HwCodecMedia
03-02 10:15:01.914 D/RouteManager(  187): parameter-framework: Configuration application request {
03-02 10:15:01.914 D/RouteManager(  187): parameter-framework:     Applying configurations {
03-02 10:15:01.914 D/RouteManager(  187): parameter-framework:         Applying configuration "Activated" from domain "Routing.Configure.LPE_Mixer.IHF"
03-02 10:15:01.914 D/RouteManager(  187): parameter-framework:     } Applying configurations
03-02 10:15:01.914 D/RouteManager(  187): parameter-framework: } Configuration application request
03-02 10:15:01.914 D/RouteManager(  187): executeEnableStage: --------------- Routing Stage = Enable ---------------
03-02 10:15:01.914 D/RouteManager(  187): parameter-framework: Selection criterion changed event: Criterion name: RoutageState, current state: Path|Configure
03-02 10:15:01.914 D/RouteManager(  187): doEnableRoutes: Routes to be enabled(routed) in Output = Media|HwCodecMedia
03-02 10:15:01.914 D/RouteManager(  187): parameter-framework: Configuration application request {
03-02 10:15:01.914 D/RouteManager(  187): parameter-framework:     Applying configurations {
