03-02 10:16:28.674 D/wpa_supplicant(  659): WPS: AP[15] e4:d3:32:0a:fb:34 type=0 tries=0 last_attempt=-1 sec ago blacklist=0
03-02 10:16:28.674 D/wpa_supplicant(  659): WPS: AP[16] 8c:be:be:28:2d:f8 type=0 tries=0 last_attempt=-1 sec ago blacklist=0
03-02 10:16:28.674 D/wpa_supplicant(  659): WPS: AP[17] d8:15:0d:c4:57:de type=0 tries=0 last_attempt=-1 sec ago blacklist=0
03-02 10:16:28.674 D/wpa_supplicant(  659): WPS: AP[18] 40:16:9f:9b:64:fa type=0 tries=0 last_attempt=-1 sec ago blacklist=0
03-02 10:16:28.674 D/wpa_supplicant(  659): WPS: AP[19] ec:1a:59:0b:f4:8c type=0 tries=0 last_attempt=-1 sec ago blacklist=0
03-02 10:16:28.674 D/wpa_supplicant(  659): WPS: AP[20] 10:c3:7b:d2:e5:e0 type=0 tries=0 last_attempt=-1 sec ago blacklist=0
03-02 10:16:28.674 D/wpa_supplicant(  659): WPS: AP[21] 44:94:fc:3d:da:38 type=0 tries=0 last_attempt=-1 sec ago blacklist=0
03-02 10:16:28.674 D/wpa_supplicant(  659): WPS: AP[22] f8:d1:11:e7:99:e8 type=0 tries=0 last_attempt=-1 sec ago blacklist=0
03-02 10:16:28.674 D/wpa_supplicant(  659): WPS: AP[23] cc:34:29:2b:26:4c type=0 tries=0 last_attempt=-1 sec ago blacklist=0
03-02 10:16:28.674 D/wpa_supplicant(  659): WPS: AP[24] cc:34:29:2c:fb:ec type=0 tries=0 last_attempt=-1 sec ago blacklist=0
03-02 10:16:28.674 D/wpa_supplicant(  659): WPS: AP[25] 98:fc:11:81:35:fb type=0 tries=0 last_attempt=-1 sec ago blacklist=0
03-02 10:16:28.674 D/wpa_supplicant(  659): WPS: AP[26] c0:c1:c0:76:81:3c type=0 tries=0 last_attempt=-1 sec ago blacklist=0
03-02 10:16:28.674 D/wpa_supplicant(  659): WPS: AP[27] 10:9f:a9:dc:b1:fc type=0 tries=0 last_attempt=-1 sec ago blacklist=0
03-02 10:16:28.674 D/wpa_supplicant(  659): WPS: AP[28] b0:48:7a:51:ff:cc type=0 tries=0 last_attempt=-1 sec ago blacklist=0
03-02 10:16:28.674 D/wpa_supplicant(  659): WPS: AP[29] e4:d3:32:36:2e:54 type=0 tries=0 last_attempt=-1 sec ago blacklist=0
03-02 10:16:28.674 D/wpa_supplicant(  659): WPS: AP[30] 14:d6:4d:28:ef:c8 type=0 tries=0 last_attempt=-1 sec ago blacklist=0
03-02 10:16:28.674 D/wpa_supplicant(  659): WPS: AP[31] c0:a0:bb:20:3b:84 type=0 tries=0 last_attempt=-1 sec ago blacklist=0
03-02 10:16:28.674 D/wpa_supplicant(  659): WPS: AP[32] 2c:b0:5d:7f:f4:24 type=0 tries=0 last_attempt=-1 sec ago blacklist=0
03-02 10:16:28.674 D/wpa_supplicant(  659): WPS: AP[33] 9c:21:6a:0d:eb:72 type=0 tries=0 last_attempt=-1 sec ago blacklist=0
03-02 10:16:28.674 D/wpa_supplicant(  659): WPS: AP[34] 66:09:80:d9:a2:5d type=0 tries=0 last_attempt=-1 sec ago blacklist=0
03-02 10:16:28.674 D/wpa_supplicant(  659): wlan0: Selecting BSS from priority group 20
03-02 10:16:28.674 D/wpa_supplicant(  659): wlan0: 0: f8:d1:11:e7:99:e8 ssid='videotest' wpa_ie_len=22 rsn_ie_len=20 caps=0x531 level=-43 wps
03-02 10:16:28.674 D/wpa_supplicant(  659): wlan0:    skip - SSID mismatch
03-02 10:16:28.674 D/wpa_supplicant(  659): wlan0: 1: c8:d7:19:60:62:f2 ssid='E3000-2.4G' wpa_ie_len=0 rsn_ie_len=20 caps=0x411 level=-52
03-02 10:16:28.674 D/wpa_supplicant(  659): wlan0:    skip - SSID mismatch
03-02 10:16:28.674 D/wpa_supplicant(  659): wlan0: 2: 10:c3:7b:d2:e5:e0 ssid='ASUS_RT-AC66U-2.4G' wpa_ie_len=0 rsn_ie_len=20 caps=0x411 level=-54 wps
03-02 10:16:28.674 D/wpa_supplicant(  659): wlan0:    skip - SSID mismatch
03-02 10:16:28.674 D/wpa_supplicant(  659): wlan0: 3: 90:94:e4:03:45:f5 ssid='DAP-2553_D' wpa_ie_len=0 rsn_ie_len=24 caps=0x431 level=-55
03-02 10:16:28.674 D/wpa_supplicant(  659): wlan0:    skip - SSID mismatch
03-02 10:16:28.674 D/wpa_supplicant(  659): wlan0: 4: 44:94:fc:3d:da:38 ssid='6300' wpa_ie_len=0 rsn_ie_len=20 caps=0x411 level=-57 wps
03-02 10:16:28.674 D/wpa_supplicant(  659): wlan0:    skip - SSID mismatch
03-02 10:16:28.674 D/wpa_supplicant(  659): wlan0: 5: 98:fc:11:81:35:fb ssid='E2000EE' wpa_ie_len=0 rsn_ie_len=20 caps=0x411 level=-58 wps
03-02 10:16:28.674 D/wpa_supplicant(  659): wlan0:    skip - SSID mismatch
03-02 10:16:28.674 D/wpa_supplicant(  659): wlan0: 6: cc:34:29:2c:fb:ec ssid='linksys' wpa_ie_len=22 rsn_ie_len=20 caps=0x431 level=-64 wps
03-02 10:16:28.674 D/wpa_supplicant(  659): wlan0:    skip - SSID mismatch
03-02 10:16:28.674 I/WifiHW  (  506): EVENT: IFNAME=wlan0 CTRL-EVENT-BSS-ADDED 902 02:09:4c:82:32:f7
03-02 10:16:28.674 I/WifiHW  (  506): EVENT: IFNAME=wlan0 CTRL-EVENT-BSS-REMOVED 897 3c:46:d8:15:09:a6
03-02 10:16:28.674 I/WifiHW  (  506): EVENT: IFNAME=wlan0 CTRL-EVENT-BSS-REMOVED 890 7e:7a:91:dc:83:0e
03-02 10:16:28.674 I/WifiHW  (  506): EVENT: IFNAME=wlan0 CTRL-EVENT-BSS-REMOVED 898 8c:be:be:1e:65:2a
03-02 10:16:28.674 D/wpa_supplicant(  659): wlan0: 7: e4:d3:32:c0:cf:a4 ssid='fast' wpa_ie_len=0 rsn_ie_len=20 caps=0x411 level=-66
03-02 10:16:28.674 D/wpa_supplicant(  659): wlan0:    skip - SSID mismatch
03-02 10:16:28.674 D/wpa_supplicant(  659): wlan0: 8: cc:34:29:2b:26:4c ssid='cws-test' wpa_ie_len=0 rsn_ie_len=20 caps=0x431 level=-66 wps
03-02 10:16:28.674 D/wpa_supplicant(  659): wlan0:    skip - SSID mismatch
03-02 10:16:28.674 D/wpa_supplicant(  659): wlan0: 9: b0:48:7a:51:ff:cc ssid='Neusoft TP' wpa_ie_len=22 rsn_ie_len=20 caps=0x431 level=-67 wps
03-02 10:16:28.674 D/wpa_supplicant(  659): wlan0:    skip - SSID mismatch
03-02 10:16:28.674 D/wpa_supplicant(  659): wlan0: 10: 02:1a:11:f3:82:d3 ssid='io1' wpa_ie_len=0 rsn_ie_len=20 caps=0x431 level=-68
03-02 10:16:28.674 D/wpa_supplicant(  659): wlan0:    skip - SSID mismatch
03-02 10:16:28.674 D/wpa_supplicant(  659): wlan0: 11: e4:d3:32:36:2e:54 ssid='otc' wpa_ie_len=26 rsn_ie_len=24 caps=0x411 level=-68 wps
03-02 10:16:28.674 D/wpa_supplicant(  659): wlan0:    skip - SSID mismatch
03-02 10:16:28.674 D/wpa_supplicant(  659): wlan0: 12: 1c:65:9d:e8:79:44 ssid='WiFi' wpa_ie_len=0 rsn_ie_len=20 caps=0x511 level=-71
03-02 10:16:28.674 D/wpa_supplicant(  659): wlan0:    skip - SSID mismatch
03-02 10:16:28.674 D/wpa_supplicant(  659): wlan0: 13: 22:48:9a:ac:31:5b ssid='dean1' wpa_ie_len=0 rsn_ie_len=20 caps=0x431 level=-72
03-02 10:16:28.674 D/wpa_supplicant(  659): wlan0:    skip - SSID mismatch
03-02 10:16:28.674 D/wpa_supplicant(  659): wlan0: 14: c0:a0:bb:20:3b:84 ssid='dlink-3B84' wpa_ie_len=26 rsn_ie_len=24 caps=0x411 level=-76 wps
03-02 10:16:28.674 D/wpa_supplicant(  659): wlan0:    skip - SSID mismatch
03-02 10:16:28.674 D/wpa_supplicant(  659): wlan0: 15: e4:d3:32:db:f6:03 ssid='adddda' wpa_ie_len=0 rsn_ie_len=20 caps=0x31 level=-80
03-02 10:16:28.674 D/wpa_supplicant(  659): wlan0:    skip - SSID mismatch
03-02 10:16:28.674 D/wpa_supplicant(  659): wlan0: 16: 02:09:4c:82:32:f7 ssid='DIRECT-' wpa_ie_len=0 rsn_ie_len=0 caps=0x410 level=-72
03-02 10:16:28.674 D/wpa_supplicant(  659): wlan0:    skip - SSID mismatch
03-02 10:16:28.674 D/wpa_supplicant(  659): wlan0: 17: 50:bd:5f:4b:29:92 ssid='Internet-2' wpa_ie_len=0 rsn_ie_len=0 caps=0x421 level=-63
03-02 10:16:28.674 D/wpa_supplicant(  659): wlan0:    skip - SSID mismatch
03-02 10:16:28.674 I/WifiHW  (  506): EVENT: IFNAME=wlan0 CTRL-EVENT-SCAN-RESULTS 
03-02 10:16:28.674 D/wpa_supplicant(  659): wlan0: 18: c0:c1:c0:76:81:3c ssid='E2000' wpa_ie_len=0 rsn_ie_len=0 caps=0x401 level=-64 wps
03-02 10:16:28.674 D/wpa_supplicant(  659): wlan0:    skip - SSID mismatch
03-02 10:16:28.674 D/wpa_supplicant(  659): wlan0: 19: e4:d3:32:dd:18:62 ssid='Internet' wpa_ie_len=0 rsn_ie_len=0 caps=0x421 level=-80
03-02 10:16:28.674 D/wpa_supplicant(  659): wlan0:    skip - SSID mismatch
03-02 10:16:28.674 D/wpa_supplicant(  659): wlan0: Selecting BSS from priority group 19
03-02 10:16:28.674 D/wpa_supplicant(  659): wlan0: 0: f8:d1:11:e7:99:e8 ssid='videotest' wpa_ie_len=22 rsn_ie_len=20 caps=0x531 level=-43 wps
03-02 10:16:28.674 D/wpa_supplicant(  659): wlan0:    skip - SSID mismatch
03-02 10:16:28.674 D/wpa_supplicant(  659): wlan0: 1: c8:d7:19:60:62:f2 ssid='E3000-2.4G' wpa_ie_len=0 rsn_ie_len=20 caps=0x411 level=-52
03-02 10:16:28.674 D/wpa_supplicant(  659): wlan0:    skip - SSID mismatch
03-02 10:16:28.674 D/wpa_supplicant(  659): wlan0: 2: 10:c3:7b:d2:e5:e0 ssid='ASUS_RT-AC66U-2.4G' wpa_ie_len=0 rsn_ie_len=20 caps=0x411 level=-54 wps
03-02 10:16:28.674 D/wpa_supplicant(  659): wlan0:    skip - SSID mismatch
03-02 10:16:28.674 I/WifiHW  (  506): EVENT: IFNAME=wlan0 WPS-AP-AVAILABLE 
03-02 10:16:28.674 D/wpa_supplicant(  659): wlan0: 3: 90:94:e4:03:45:f5 ssid='DAP-2553_D' wpa_ie_len=0 rsn_ie_len=24 caps=0x431 level=-55
03-02 10:16:28.674 D/wpa_supplicant(  659): wlan0:    skip - SSID mismatch
03-02 10:16:28.674 D/wpa_supplicant(  659): wlan0: 4: 44:94:fc:3d:da:38 ssid='6300' wpa_ie_len=0 rsn_ie_len=20 caps=0x411 level=-57 wps
03-02 10:16:28.674 D/wpa_supplicant(  659): wlan0:    skip - SSID mismatch
03-02 10:16:28.674 D/wpa_supplicant(  659): wlan0: 5: 98:fc:11:81:35:fb ssid='E2000EE' wpa_ie_len=0 rsn_ie_len=20 caps=0x411 level=-58 wps
03-02 10:16:28.674 D/wpa_supplicant(  659): wlan0:    skip - SSID mismatch
03-02 10:16:28.674 D/wpa_supplicant(  659): wlan0: 6: cc:34:29:2c:fb:ec ssid='linksys' wpa_ie_len=22 rsn_ie_len=20 caps=0x431 level=-64 wps
03-02 10:16:28.674 D/wpa_supplicant(  659): wlan0:    skip - SSID mismatch
03-02 10:16:28.674 D/wpa_supplicant(  659): wlan0: 7: e4:d3:32:c0:cf:a4 ssid='fast' wpa_ie_len=0 rsn_ie_len=20 caps=0x411 level=-66
03-02 10:16:28.674 D/wpa_supplicant(  659): wlan0:    skip - SSID mismatch
03-02 10:16:28.674 D/wpa_supplicant(  659): wlan0: 8: cc:34:29:2b:26:4c ssid='cws-test' wpa_ie_len=0 rsn_ie_len=20 caps=0x431 level=-66 wps
03-02 10:16:28.674 D/wpa_supplicant(  659): wlan0:    skip - SSID mismatch
03-02 10:16:28.674 D/wpa_supplicant(  659): wlan0: 9: b0:48:7a:51:ff:cc ssid='Neusoft TP' wpa_ie_len=22 rsn_ie_len=20 caps=0x431 level=-67 wps
03-02 10:16:28.674 D/wpa_supplicant(  659): wlan0:    skip - SSID mismatch
03-02 10:16:28.674 D/wpa_supplicant(  659): wlan0: 10: 02:1a:11:f3:82:d3 ssid='io1' wpa_ie_len=0 rsn_ie_len=20 caps=0x431 level=-68
03-02 10:16:28.674 D/wpa_supplicant(  659): wlan0:    skip - SSID mismatch
03-02 10:16:28.674 D/wpa_supplicant(  659): wlan0: 11: e4:d3:32:36:2e:54 ssid='otc' wpa_ie_len=26 rsn_ie_len=24 caps=0x411 level=-68 wps
03-02 10:16:28.674 D/wpa_supplicant(  659): wlan0:    skip - SSID mismatch
03-02 10:16:28.674 D/wpa_supplicant(  659): wlan0: 12: 1c:65:9d:e8:79:44 ssid='WiFi' wpa_ie_len=0 rsn_ie_len=20 caps=0x511 level=-71
03-02 10:16:28.674 D/wpa_supplicant(  659): wlan0:    skip - SSID mismatch
03-02 10:16:28.674 D/wpa_supplicant(  659): wlan0: 13: 22:48:9a:ac:31:5b ssid='dean1' wpa_ie_len=0 rsn_ie_len=20 caps=0x431 level=-72
03-02 10:16:28.674 D/wpa_supplicant(  659): wlan0:    skip - SSID mismatch
03-02 10:16:28.674 D/wpa_supplicant(  659): wlan0: 14: c0:a0:bb:20:3b:84 ssid='dlink-3B84' wpa_ie_len=26 rsn_ie_len=24 caps=0x411 level=-76 wps
03-02 10:16:28.674 D/wpa_supplicant(  659): wlan0:    skip - SSID mismatch
03-02 10:16:28.674 D/wpa_supplicant(  659): wlan0: 15: e4:d3:32:db:f6:03 ssid='adddda' wpa_ie_len=0 rsn_ie_len=20 caps=0x31 level=-80
03-02 10:16:28.674 D/wpa_supplicant(  659): wlan0:    skip - SSID mismatch
03-02 10:16:28.674 I/WifiHW  (  506): CMD: IFNAME=wlan0 BSS RANGE=0- MASK=0x21987
03-02 10:16:28.674 D/wpa_supplicant(  659): wlan0: 16: 02:09:4c:82:32:f7 ssid='DIRECT-' wpa_ie_len=0 rsn_ie_len=0 caps=0x410 level=-72
03-02 10:16:28.674 D/wpa_supplicant(  659): wlan0:    skip - SSID mismatch
03-02 10:16:28.674 D/wpa_supplicant(  659): wlan0: 17: 50:bd:5f:4b:29:92 ssid='Internet-2' wpa_ie_len=0 rsn_ie_len=0 caps=0x421 level=-63
03-02 10:16:28.674 D/wpa_supplicant(  659): wlan0:    skip - SSID mismatch
03-02 10:16:28.674 D/wpa_supplicant(  659): wlan0: 18: c0:c1:c0:76:81:3c ssid='E2000' wpa_ie_len=0 rsn_ie_len=0 caps=0x401 level=-64 wps
03-02 10:16:28.674 D/wpa_supplicant(  659): wlan0:    skip - SSID mismatch
03-02 10:16:28.674 D/wpa_supplicant(  659): wlan0: 19: e4:d3:32:dd:18:62 ssid='Internet' wpa_ie_len=0 rsn_ie_len=0 caps=0x421 level=-80
03-02 10:16:28.674 D/wpa_supplicant(  659): wlan0:    skip - SSID mismatch
03-02 10:16:28.674 D/wpa_supplicant(  659): wlan0: Selecting BSS from priority group 18
03-02 10:16:28.674 D/wpa_supplicant(  659): wlan0: 0: f8:d1:11:e7:99:e8 ssid='videotest' wpa_ie_len=22 rsn_ie_len=20 caps=0x531 level=-43 wps
03-02 10:16:28.674 D/wpa_supplicant(  659): wlan0:    skip - SSID mismatch
03-02 10:16:28.674 D/wpa_supplicant(  659): wlan0: 1: c8:d7:19:60:62:f2 ssid='E3000-2.4G' wpa_ie_len=0 rsn_ie_len=20 caps=0x411 level=-52
03-02 10:16:28.674 D/wpa_supplicant(  659): wlan0:    skip - SSID mismatch
03-02 10:16:28.674 D/wpa_supplicant(  659): wlan0: 2: 10:c3:7b:d2:e5:e0 ssid='ASUS_RT-AC66U-2.4G' wpa_ie_len=0 rsn_ie_len=20 caps=0x411 level=-54 wps
03-02 10:16:28.674 D/wpa_supplicant(  659): wlan0:    skip - SSID mismatch
03-02 10:16:28.674 D/wpa_supplicant(  659): wlan0: 3: 90:94:e4:03:45:f5 ssid='DAP-2553_D' wpa_ie_len=0 rsn_ie_len=24 caps=0x431 level=-55
03-02 10:16:28.674 D/wpa_supplicant(  659): wlan0:    skip - SSID mismatch
03-02 10:16:28.674 D/wpa_supplicant(  659): wlan0: 4: 44:94:fc:3d:da:38 ssid='6300' wpa_ie_len=0 rsn_ie_len=20 caps=0x411 level=-57 wps
03-02 10:16:28.674 D/wpa_supplicant(  659): wlan0:    skip - SSID mismatch
03-02 10:16:28.674 D/wpa_supplicant(  659): wlan0: 5: 98:fc:11:81:35:fb ssid='E2000EE' wpa_ie_len=0 rsn_ie_len=20 caps=0x411 level=-58 wps
03-02 10:16:28.674 D/wpa_supplicant(  659): wlan0:    skip - SSID mismatch
03-02 10:16:28.674 D/wpa_supplicant(  659): wlan0: 6: cc:34:29:2c:fb:ec ssid='linksys' wpa_ie_len=22 rsn_ie_len=20 caps=0x431 level=-64 wps
03-02 10:16:28.674 D/wpa_supplicant(  659): wlan0:    skip - SSID mismatch
03-02 10:16:28.674 D/wpa_supplicant(  659): wlan0: 7: e4:d3:32:c0:cf:a4 ssid='fast' wpa_ie_len=0 rsn_ie_len=20 caps=0x411 level=-66
03-02 10:16:28.674 D/wpa_supplicant(  659): wlan0:    skip - SSID mismatch
03-02 10:16:28.674 D/wpa_supplicant(  659): wlan0: 8: cc:34:29:2b:26:4c ssid='cws-test' wpa_ie_len=0 rsn_ie_len=20 caps=0x431 level=-66 wps
03-02 10:16:28.674 D/wpa_supplicant(  659): wlan0:    skip - SSID mismatch
03-02 10:16:28.674 D/wpa_supplicant(  659): wlan0: 9: b0:48:7a:51:ff:cc ssid='Neusoft TP' wpa_ie_len=22 rsn_ie_len=20 caps=0x431 level=-67 wps
03-02 10:16:28.674 D/wpa_supplicant(  659): wlan0:    skip - SSID mismatch
03-02 10:16:28.674 D/wpa_supplicant(  659): wlan0: 10: 02:1a:11:f3:82:d3 ssid='io1' wpa_ie_len=0 rsn_ie_len=20 caps=0x431 level=-68
03-02 10:16:28.674 D/wpa_supplicant(  659): wlan0:    skip - SSID mismatch
03-02 10:16:28.674 D/wpa_supplicant(  659): wlan0: 11: e4:d3:32:36:2e:54 ssid='otc' wpa_ie_len=26 rsn_ie_len=24 caps=0x411 level=-68 wps
03-02 10:16:28.674 D/wpa_supplicant(  659): wlan0:    skip - SSID mismatch
03-02 10:16:28.674 D/wpa_supplicant(  659): wlan0: 12: 1c:65:9d:e8:79:44 ssid='WiFi' wpa_ie_len=0 rsn_ie_len=20 caps=0x511 level=-71
03-02 10:16:28.674 D/wpa_supplicant(  659): wlan0:    skip - SSID mismatch
03-02 10:16:28.674 D/wpa_supplicant(  659): wlan0: 13: 22:48:9a:ac:31:5b ssid='dean1' wpa_ie_len=0 rsn_ie_len=20 caps=0x431 level=-72
03-02 10:16:28.674 D/wpa_supplicant(  659): wlan0:    skip - SSID mismatch
03-02 10:16:28.674 D/wpa_supplicant(  659): wlan0: 14: c0:a0:bb:20:3b:84 ssid='dlink-3B84' wpa_ie_len=26 rsn_ie_len=24 caps=0x411 level=-76 wps
03-02 10:16:28.674 D/wpa_supplicant(  659): wlan0:    skip - SSID mismatch
03-02 10:16:28.674 D/wpa_supplicant(  659): wlan0: 15: e4:d3:32:db:f6:03 ssid='adddda' wpa_ie_len=0 rsn_ie_len=20 caps=0x31 level=-80
03-02 10:16:28.674 D/wpa_supplicant(  659): wlan0:    skip - SSID mismatch
03-02 10:16:28.674 D/wpa_supplicant(  659): wlan0: 16: 02:09:4c:82:32:f7 ssid='DIRECT-' wpa_ie_len=0 rsn_ie_len=0 caps=0x410 level=-72
03-02 10:16:28.674 D/wpa_supplicant(  659): wlan0:    skip - SSID mismatch
03-02 10:16:28.674 D/wpa_supplicant(  659): wlan0: 17: 50:bd:5f:4b:29:92 ssid='Internet-2' wpa_ie_len=0 rsn_ie_len=0 caps=0x421 level=-63
03-02 10:16:28.674 D/wpa_supplicant(  659): wlan0:    skip - SSID mismatch
03-02 10:16:28.674 D/wpa_supplicant(  659): wlan0: 18: c0:c1:c0:76:81:3c ssid='E2000' wpa_ie_len=0 rsn_ie_len=0 caps=0x401 level=-64 wps
03-02 10:16:28.674 D/wpa_supplicant(  659): wlan0:    skip - SSID mismatch
03-02 10:16:28.674 D/wpa_supplicant(  659): wlan0: 19: e4:d3:32:dd:18:62 ssid='Internet' wpa_ie_len=0 rsn_ie_len=0 caps=0x421 level=-80
03-02 10:16:28.674 D/wpa_supplicant(  659): wlan0:    skip - SSID mismatch
03-02 10:16:28.674 D/wpa_supplicant(  659): wlan0: Selecting BSS from priority group 17
03-02 10:16:28.674 D/wpa_supplicant(  659): wlan0: 0: f8:d1:11:e7:99:e8 ssid='videotest' wpa_ie_len=22 rsn_ie_len=20 caps=0x531 level=-43 wps
03-02 10:16:28.674 D/wpa_supplicant(  659): wlan0:    skip - SSID mismatch
03-02 10:16:28.674 D/wpa_supplicant(  659): wlan0: 1: c8:d7:19:60:62:f2 ssid='E3000-2.4G' wpa_ie_len=0 rsn_ie_len=20 caps=0x411 level=-52
03-02 10:16:28.674 D/wpa_supplicant(  659): wlan0:    skip - SSID mismatch
03-02 10:16:28.674 D/wpa_supplicant(  659): wlan0: 2: 10:c3:7b:d2:e5:e0 ssid='ASUS_RT-AC66U-2.4G' wpa_ie_len=0 rsn_ie_len=20 caps=0x411 level=-54 wps
03-02 10:16:28.674 D/wpa_supplicant(  659): wlan0:    skip - SSID mismatch
03-02 10:16:28.674 D/wpa_supplicant(  659): wlan0: 3: 90:94:e4:03:45:f5 ssid='DAP-2553_D' wpa_ie_len=0 rsn_ie_len=24 caps=0x431 level=-55
03-02 10:16:28.674 D/wpa_supplicant(  659): wlan0:    skip - SSID mismatch
03-02 10:16:28.674 D/wpa_supplicant(  659): wlan0: 4: 44:94:fc:3d:da:38 ssid='6300' wpa_ie_len=0 rsn_ie_len=20 caps=0x411 level=-57 wps
03-02 10:16:28.674 D/wpa_supplicant(  659): wlan0:    skip - SSID mismatch
03-02 10:16:28.674 D/wpa_supplicant(  659): wlan0: 5: 98:fc:11:81:35:fb ssid='E2000EE' wpa_ie_len=0 rsn_ie_len=20 caps=0x411 level=-58 wps
03-02 10:16:28.674 D/wpa_supplicant(  659): wlan0:    skip - SSID mismatch
03-02 10:16:28.674 D/wpa_supplicant(  659): wlan0: 6: cc:34:29:2c:fb:ec ssid='linksys' wpa_ie_len=22 rsn_ie_len=20 caps=0x431 level=-64 wps
03-02 10:16:28.674 D/wpa_supplicant(  659): wlan0:    skip - SSID mismatch
03-02 10:16:28.674 D/wpa_supplicant(  659): wlan0: 7: e4:d3:32:c0:cf:a4 ssid='fast' wpa_ie_len=0 rsn_ie_len=20 caps=0x411 level=-66
03-02 10:16:28.674 D/wpa_supplicant(  659): wlan0:    skip - SSID mismatch
03-02 10:16:28.674 D/wpa_supplicant(  659): wlan0: 8: cc:34:29:2b:26:4c ssid='cws-test' wpa_ie_len=0 rsn_ie_len=20 caps=0x431 level=-66 wps
03-02 10:16:28.674 D/wpa_supplicant(  659): wlan0:    skip - SSID mismatch
03-02 10:16:28.674 D/wpa_supplicant(  659): wlan0: 9: b0:48:7a:51:ff:cc ssid='Neusoft TP' wpa_ie_len=22 rsn_ie_len=20 caps=0x431 level=-67 wps
03-02 10:16:28.674 D/wpa_supplicant(  659): wlan0:    skip - SSID mismatch
03-02 10:16:28.674 D/wpa_supplicant(  659): wlan0: 10: 02:1a:11:f3:82:d3 ssid='io1' wpa_ie_len=0 rsn_ie_len=20 caps=0x431 level=-68
03-02 10:16:28.674 D/wpa_supplicant(  659): wlan0:    skip - SSID mismatch
03-02 10:16:28.674 D/wpa_supplicant(  659): wlan0: 11: e4:d3:32:36:2e:54 ssid='otc' wpa_ie_len=26 rsn_ie_len=24 caps=0x411 level=-68 wps
03-02 10:16:28.674 D/wpa_supplicant(  659): wlan0:    skip - SSID mismatch
03-02 10:16:28.674 D/wpa_supplicant(  659): wlan0: 12: 1c:65:9d:e8:79:44 ssid='WiFi' wpa_ie_len=0 rsn_ie_len=20 caps=0x511 level=-71
03-02 10:16:28.674 D/wpa_supplicant(  659): wlan0:    skip - SSID mismatch
03-02 10:16:28.674 D/wpa_supplicant(  659): wlan0: 13: 22:48:9a:ac:31:5b ssid='dean1' wpa_ie_len=0 rsn_ie_len=20 caps=0x431 level=-72
03-02 10:16:28.674 D/wpa_supplicant(  659): wlan0:    skip - SSID mismatch
03-02 10:16:28.674 D/wpa_supplicant(  659): wlan0: 14: c0:a0:bb:20:3b:84 ssid='dlink-3B84' wpa_ie_len=26 rsn_ie_len=24 caps=0x411 level=-76 wps
03-02 10:16:28.674 D/wpa_supplicant(  659): wlan0:    skip - SSID mismatch
03-02 10:16:28.674 D/wpa_supplicant(  659): wlan0: 15: e4:d3:32:db:f6:03 ssid='adddda' wpa_ie_len=0 rsn_ie_len=20 caps=0x31 level=-80
03-02 10:16:28.674 D/wpa_supplicant(  659): wlan0:    skip - SSID mismatch
03-02 10:16:28.674 D/wpa_supplicant(  659): wlan0: 16: 02:09:4c:82:32:f7 ssid='DIRECT-' wpa_ie_len=0 rsn_ie_len=0 caps=0x410 level=-72
03-02 10:16:28.674 D/wpa_supplicant(  659): wlan0:    skip - SSID mismatch
03-02 10:16:28.674 D/wpa_supplicant(  659): wlan0: 17: 50:bd:5f:4b:29:92 ssid='Internet-2' wpa_ie_len=0 rsn_ie_len=0 caps=0x421 level=-63
03-02 10:16:28.674 D/wpa_supplicant(  659): wlan0:    skip - SSID mismatch
03-02 10:16:28.674 D/wpa_supplicant(  659): wlan0: 18: c0:c1:c0:76:81:3c ssid='E2000' wpa_ie_len=0 rsn_ie_len=0 caps=0x401 level=-64 wps
03-02 10:16:28.674 D/wpa_supplicant(  659): wlan0:    skip - SSID mismatch
03-02 10:16:28.674 D/wpa_supplicant(  659): wlan0: 19: e4:d3:32:dd:18:62 ssid='Internet' wpa_ie_len=0 rsn_ie_len=0 caps=0x421 level=-80
03-02 10:16:28.674 D/wpa_supplicant(  659): wlan0:    skip - SSID mismatch
03-02 10:16:28.674 D/wpa_supplicant(  659): wlan0: Selecting BSS from priority group 15
03-02 10:16:28.674 D/wpa_supplicant(  659): wlan0: 0: f8:d1:11:e7:99:e8 ssid='videotest' wpa_ie_len=22 rsn_ie_len=20 caps=0x531 level=-43 wps
03-02 10:16:28.674 D/wpa_supplicant(  659): wlan0:    skip - SSID mismatch
03-02 10:16:28.674 D/wpa_supplicant(  659): wlan0: 1: c8:d7:19:60:62:f2 ssid='E3000-2.4G' wpa_ie_len=0 rsn_ie_len=20 caps=0x411 level=-52
03-02 10:16:28.674 D/wpa_supplicant(  659): wlan0:    skip - SSID mismatch
03-02 10:16:28.674 D/wpa_supplicant(  659): wlan0: 2: 10:c3:7b:d2:e5:e0 ssid='ASUS_RT-AC66U-2.4G' wpa_ie_len=0 rsn_ie_len=20 caps=0x411 level=-54 wps
03-02 10:16:28.674 D/wpa_supplicant(  659): wlan0:    skip - SSID mismatch
03-02 10:16:28.674 D/wpa_supplicant(  659): wlan0: 3: 90:94:e4:03:45:f5 ssid='DAP-2553_D' wpa_ie_len=0 rsn_ie_len=24 caps=0x431 level=-55
03-02 10:16:28.674 D/wpa_supplicant(  659): wlan0:    skip - SSID mismatch
03-02 10:16:28.674 D/wpa_supplicant(  659): wlan0: 4: 44:94:fc:3d:da:38 ssid='6300' wpa_ie_len=0 rsn_ie_len=20 caps=0x411 level=-57 wps
03-02 10:16:28.674 D/wpa_supplicant(  659): wlan0:    skip - SSID mismatch
03-02 10:16:28.674 D/wpa_supplicant(  659): wlan0: 5: 98:fc:11:81:35:fb ssid='E2000EE' wpa_ie_len=0 rsn_ie_len=20 caps=0x411 level=-58 wps
03-02 10:16:28.674 D/wpa_supplicant(  659): wlan0:    skip - SSID mismatch
03-02 10:16:28.674 D/wpa_supplicant(  659): wlan0: 6: cc:34:29:2c:fb:ec ssid='linksys' wpa_ie_len=22 rsn_ie_len=20 caps=0x431 level=-64 wps
03-02 10:16:28.674 D/wpa_supplicant(  659): wlan0:    skip - SSID mismatch
03-02 10:16:28.674 D/wpa_supplicant(  659): wlan0: 7: e4:d3:32:c0:cf:a4 ssid='fast' wpa_ie_len=0 rsn_ie_len=20 caps=0x411 level=-66
03-02 10:16:28.674 D/wpa_supplicant(  659): wlan0:    skip - SSID mismatch
03-02 10:16:28.674 D/wpa_supplicant(  659): wlan0: 8: cc:34:29:2b:26:4c ssid='cws-test' wpa_ie_len=0 rsn_ie_len=20 caps=0x431 level=-66 wps
03-02 10:16:28.674 D/wpa_supplicant(  659): wlan0:    skip - SSID mismatch
03-02 10:16:28.674 D/wpa_supplicant(  659): wlan0: 9: b0:48:7a:51:ff:cc ssid='Neusoft TP' wpa_ie_len=22 rsn_ie_len=20 caps=0x431 level=-67 wps
03-02 10:16:28.674 D/wpa_supplicant(  659): wlan0:    skip - SSID mismatch
03-02 10:16:28.674 D/wpa_supplicant(  659): wlan0: 10: 02:1a:11:f3:82:d3 ssid='io1' wpa_ie_len=0 rsn_ie_len=20 caps=0x431 level=-68
03-02 10:16:28.674 D/wpa_supplicant(  659): wlan0:    skip - SSID mismatch
03-02 10:16:28.674 D/wpa_supplicant(  659): wlan0: 11: e4:d3:32:36:2e:54 ssid='otc' wpa_ie_len=26 rsn_ie_len=24 caps=0x411 level=-68 wps
03-02 10:16:28.674 D/wpa_supplicant(  659): wlan0:    skip - SSID mismatch
03-02 10:16:28.674 D/wpa_supplicant(  659): wlan0: 12: 1c:65:9d:e8:79:44 ssid='WiFi' wpa_ie_len=0 rsn_ie_len=20 caps=0x511 level=-71
03-02 10:16:28.674 D/wpa_supplicant(  659): wlan0:    skip - SSID mismatch
03-02 10:16:28.674 D/wpa_supplicant(  659): wlan0: 13: 22:48:9a:ac:31:5b ssid='dean1' wpa_ie_len=0 rsn_ie_len=20 caps=0x431 level=-72
03-02 10:16:28.674 D/wpa_supplicant(  659): wlan0:    skip - SSID mismatch
03-02 10:16:28.674 D/wpa_supplicant(  659): wlan0: 14: c0:a0:bb:20:3b:84 ssid='dlink-3B84' wpa_ie_len=26 rsn_ie_len=24 caps=0x411 level=-76 wps
03-02 10:16:28.674 D/wpa_supplicant(  659): wlan0:    skip - SSID mismatch
03-02 10:16:28.674 D/wpa_supplicant(  659): wlan0: 15: e4:d3:32:db:f6:03 ssid='adddda' wpa_ie_len=0 rsn_ie_len=20 caps=0x31 level=-80
03-02 10:16:28.674 D/wpa_supplicant(  659): wlan0:    skip - SSID mismatch
03-02 10:16:28.674 D/wpa_supplicant(  659): wlan0: 16: 02:09:4c:82:32:f7 ssid='DIRECT-' wpa_ie_len=0 rsn_ie_len=0 caps=0x410 level=-72
03-02 10:16:28.674 D/wpa_supplicant(  659): wlan0:    skip - SSID mismatch
03-02 10:16:28.674 D/wpa_supplicant(  659): wlan0: 17: 50:bd:5f:4b:29:92 ssid='Internet-2' wpa_ie_len=0 rsn_ie_len=0 caps=0x421 level=-63
03-02 10:16:28.674 D/wpa_supplicant(  659): wlan0:    skip - SSID mismatch
03-02 10:16:28.674 D/wpa_supplicant(  659): wlan0: 18: c0:c1:c0:76:81:3c ssid='E2000' wpa_ie_len=0 rsn_ie_len=0 caps=0x401 level=-64 wps
03-02 10:16:28.674 D/wpa_supplicant(  659): wlan0:    skip - SSID mismatch
03-02 10:16:28.674 D/wpa_supplicant(  659): wlan0: 19: e4:d3:32:dd:18:62 ssid='Internet' wpa_ie_len=0 rsn_ie_len=0 caps=0x421 level=-80
03-02 10:16:28.674 D/wpa_supplicant(  659): wlan0:    skip - SSID mismatch
03-02 10:16:28.674 D/wpa_supplicant(  659): wlan0: Selecting BSS from priority group 4
03-02 10:16:28.674 D/wpa_supplicant(  659): wlan0: 0: f8:d1:11:e7:99:e8 ssid='videotest' wpa_ie_len=22 rsn_ie_len=20 caps=0x531 level=-43 wps
03-02 10:16:28.674 D/wpa_supplicant(  659): wlan0:    skip - SSID mismatch
03-02 10:16:28.674 D/wpa_supplicant(  659): wlan0: 1: c8:d7:19:60:62:f2 ssid='E3000-2.4G' wpa_ie_len=0 rsn_ie_len=20 caps=0x411 level=-52
03-02 10:16:28.674 D/wpa_supplicant(  659): wlan0:    skip - SSID mismatch
03-02 10:16:28.674 D/wpa_supplicant(  659): wlan0: 2: 10:c3:7b:d2:e5:e0 ssid='ASUS_RT-AC66U-2.4G' wpa_ie_len=0 rsn_ie_len=20 caps=0x411 level=-54 wps
03-02 10:16:28.674 D/wpa_supplicant(  659): wlan0:    skip - SSID mismatch
03-02 10:16:28.674 D/wpa_supplicant(  659): wlan0: 3: 90:94:e4:03:45:f5 ssid='DAP-2553_D' wpa_ie_len=0 rsn_ie_len=24 caps=0x431 level=-55
03-02 10:16:28.674 D/wpa_supplicant(  659): wlan0:    skip - SSID mismatch
03-02 10:16:28.674 D/wpa_supplicant(  659): wlan0: 4: 44:94:fc:3d:da:38 ssid='6300' wpa_ie_len=0 rsn_ie_len=20 caps=0x411 level=-57 wps
03-02 10:16:28.674 D/wpa_supplicant(  659): wlan0:    skip - SSID mismatch
03-02 10:16:28.674 D/wpa_supplicant(  659): wlan0: 5: 98:fc:11:81:35:fb ssid='E2000EE' wpa_ie_len=0 rsn_ie_len=20 caps=0x411 level=-58 wps
03-02 10:16:28.674 D/wpa_supplicant(  659): wlan0:    skip - SSID mismatch
03-02 10:16:28.674 D/wpa_supplicant(  659): wlan0: 6: cc:34:29:2c:fb:ec ssid='linksys' wpa_ie_len=22 rsn_ie_len=20 caps=0x431 level=-64 wps
03-02 10:16:28.674 D/wpa_supplicant(  659): wlan0:    skip - SSID mismatch
03-02 10:16:28.674 D/wpa_supplicant(  659): wlan0: 7: e4:d3:32:c0:cf:a4 ssid='fast' wpa_ie_len=0 rsn_ie_len=20 caps=0x411 level=-66
03-02 10:16:28.674 D/wpa_supplicant(  659): wlan0:    skip - SSID mismatch
03-02 10:16:28.684 D/wpa_supplicant(  659): wlan0: 8: cc:34:29:2b:26:4c ssid='cws-test' wpa_ie_len=0 rsn_ie_len=20 caps=0x431 level=-66 wps
03-02 10:16:28.684 D/wpa_supplicant(  659): wlan0:    skip - SSID mismatch
03-02 10:16:28.684 D/wpa_supplicant(  659): wlan0: 9: b0:48:7a:51:ff:cc ssid='Neusoft TP' wpa_ie_len=22 rsn_ie_len=20 caps=0x431 level=-67 wps
03-02 10:16:28.684 D/wpa_supplicant(  659): wlan0:    skip - SSID mismatch
03-02 10:16:28.684 D/wpa_supplicant(  659): wlan0: 10: 02:1a:11:f3:82:d3 ssid='io1' wpa_ie_len=0 rsn_ie_len=20 caps=0x431 level=-68
03-02 10:16:28.684 D/wpa_supplicant(  659): wlan0:    skip - SSID mismatch
03-02 10:16:28.684 D/wpa_supplicant(  659): wlan0: 11: e4:d3:32:36:2e:54 ssid='otc' wpa_ie_len=26 rsn_ie_len=24 caps=0x411 level=-68 wps
03-02 10:16:28.684 D/wpa_supplicant(  659): wlan0:    skip - SSID mismatch
03-02 10:16:28.684 D/wpa_supplicant(  659): wlan0: 12: 1c:65:9d:e8:79:44 ssid='WiFi' wpa_ie_len=0 rsn_ie_len=20 caps=0x511 level=-71
03-02 10:16:28.684 D/wpa_supplicant(  659): wlan0:    skip - SSID mismatch
03-02 10:16:28.684 D/wpa_supplicant(  659): wlan0: 13: 22:48:9a:ac:31:5b ssid='dean1' wpa_ie_len=0 rsn_ie_len=20 caps=0x431 level=-72
03-02 10:16:28.684 D/wpa_supplicant(  659): wlan0:    skip - SSID mismatch
03-02 10:16:28.684 D/wpa_supplicant(  659): wlan0: 14: c0:a0:bb:20:3b:84 ssid='dlink-3B84' wpa_ie_len=26 rsn_ie_len=24 caps=0x411 level=-76 wps
03-02 10:16:28.684 D/wpa_supplicant(  659): wlan0:    skip - SSID mismatch
03-02 10:16:28.684 D/wpa_supplicant(  659): wlan0: 15: e4:d3:32:db:f6:03 ssid='adddda' wpa_ie_len=0 rsn_ie_len=20 caps=0x31 level=-80
03-02 10:16:28.684 D/wpa_supplicant(  659): wlan0:    skip - SSID mismatch
03-02 10:16:28.684 D/wpa_supplicant(  659): wlan0: 16: 02:09:4c:82:32:f7 ssid='DIRECT-' wpa_ie_len=0 rsn_ie_len=0 caps=0x410 level=-72
03-02 10:16:28.684 D/wpa_supplicant(  659): wlan0:    skip - SSID mismatch
03-02 10:16:28.684 D/wpa_supplicant(  659): wlan0: 17: 50:bd:5f:4b:29:92 ssid='Internet-2' wpa_ie_len=0 rsn_ie_len=0 caps=0x421 level=-63
03-02 10:16:28.684 D/wpa_supplicant(  659): wlan0:    skip - SSID mismatch
03-02 10:16:28.684 D/wpa_supplicant(  659): wlan0: 18: c0:c1:c0:76:81:3c ssid='E2000' wpa_ie_len=0 rsn_ie_len=0 caps=0x401 level=-64 wps
03-02 10:16:28.684 D/wpa_supplicant(  659): wlan0:    skip - SSID mismatch
03-02 10:16:28.684 D/wpa_supplicant(  659): wlan0: 19: e4:d3:32:dd:18:62 ssid='Internet' wpa_ie_len=0 rsn_ie_len=0 caps=0x421 level=-80
03-02 10:16:28.684 D/wpa_supplicant(  659): wlan0:    skip - SSID mismatch
03-02 10:16:28.684 D/wpa_supplicant(  659): wlan0: No suitable network found
03-02 10:16:28.684 D/wpa_supplicant(  659): wlan0: Setting scan request: 40 sec 0 usec
03-02 10:16:28.684 D/wpa_supplicant(  659): wlan0: Checking for other virtual interfaces sharing same radio (phy0) in event_scan_results
03-02 10:16:28.684 D/wpa_supplicant(  659): p2p-dev-wlan0: Updating scan results from sibling
03-02 10:16:28.684 D/wpa_supplicant(  659): nl80211: Received scan results (20 BSSes)
03-02 10:16:28.684 D/wpa_supplicant(  659): nl80211: Survey data missing
03-02 10:16:28.684 D/wpa_supplicant(  659): p2p-dev-wlan0: BSS: Start scan result update 238
03-02 10:16:28.684 D/wpa_supplicant(  659): BSS: No P2P IE - skipping BSS f8:d1:11:e7:99:e8 update for P2P interface
03-02 10:16:28.684 D/wpa_supplicant(  659): BSS: No P2P IE - skipping BSS c8:d7:19:60:62:f2 update for P2P interface
03-02 10:16:28.684 D/wpa_supplicant(  659): BSS: No P2P IE - skipping BSS 10:c3:7b:d2:e5:e0 update for P2P interface
03-02 10:16:28.684 D/wpa_supplicant(  659): BSS: No P2P IE - skipping BSS 90:94:e4:03:45:f5 update for P2P interface
03-02 10:16:28.684 D/wpa_supplicant(  659): BSS: No P2P IE - skipping BSS 44:94:fc:3d:da:38 update for P2P interface
03-02 10:16:28.684 D/wpa_supplicant(  659): BSS: No P2P IE - skipping BSS 98:fc:11:81:35:fb update for P2P interface
03-02 10:16:28.684 D/wpa_supplicant(  659): BSS: No P2P IE - skipping BSS cc:34:29:2c:fb:ec update for P2P interface
03-02 10:16:28.684 D/wpa_supplicant(  659): BSS: No P2P IE - skipping BSS e4:d3:32:c0:cf:a4 update for P2P interface
03-02 10:16:28.684 D/wpa_supplicant(  659): BSS: No P2P IE - skipping BSS cc:34:29:2b:26:4c update for P2P interface
03-02 10:16:28.684 D/wpa_supplicant(  659): BSS: No P2P IE - skipping BSS b0:48:7a:51:ff:cc update for P2P interface
03-02 10:16:28.684 D/wpa_supplicant(  659): BSS: No P2P IE - skipping BSS 02:1a:11:f3:82:d3 update for P2P interface
03-02 10:16:28.684 D/wpa_supplicant(  659): BSS: No P2P IE - skipping BSS e4:d3:32:36:2e:54 update for P2P interface
03-02 10:16:28.684 D/wpa_supplicant(  659): BSS: No P2P IE - skipping BSS 1c:65:9d:e8:79:44 update for P2P interface
03-02 10:16:28.684 D/wpa_supplicant(  659): BSS: No P2P IE - skipping BSS 22:48:9a:ac:31:5b update for P2P interface
03-02 10:16:28.684 D/wpa_supplicant(  659): BSS: No P2P IE - skipping BSS c0:a0:bb:20:3b:84 update for P2P interface
03-02 10:16:28.684 D/wpa_supplicant(  659): BSS: No P2P IE - skipping BSS e4:d3:32:db:f6:03 update for P2P interface
03-02 10:16:28.684 D/wpa_supplicant(  659): BSS: No P2P IE - skipping BSS 02:09:4c:82:32:f7 update for P2P interface
03-02 10:16:28.684 D/wpa_supplicant(  659): BSS: No P2P IE - skipping BSS 50:bd:5f:4b:29:92 update for P2P interface
03-02 10:16:28.684 D/wpa_supplicant(  659): BSS: No P2P IE - skipping BSS c0:c1:c0:76:81:3c update for P2P interface
03-02 10:16:28.684 D/wpa_supplicant(  659): BSS: No P2P IE - skipping BSS e4:d3:32:dd:18:62 update for P2P interface
03-02 10:16:28.684 D/wpa_supplicant(  659): BSS: last_scan_res_used=0/32 last_scan_full=0
03-02 10:16:28.684 D/wpa_supplicant(  659): p2p-dev-wlan0: New scan results available
03-02 10:16:28.684 D/wpa_supplicant(  659): CTRL_IFACE monitor send - hexdump(len=39): 2f 64 61 74 61 2f 6d 69 73 63 2f 77 69 66 69 2f 73 6f 63 6b 65 74 73 2f 77 70 61 5f 63 74 72 6c ...
03-02 10:16:28.684 D/wpa_supplicant(  659): WPS: AP[0] c8:d7:19:60:62:f2 type=0 tries=0 last_attempt=-1 sec ago blacklist=0
03-02 10:16:28.684 D/wpa_supplicant(  659): WPS: AP[1] f8:d1:11:e7:99:e8 type=0 tries=0 last_attempt=-1 sec ago blacklist=0
03-02 10:16:28.684 D/wpa_supplicant(  659): WPS: AP[2] cc:34:29:2c:fb:ec type=0 tries=0 last_attempt=-1 sec ago blacklist=0
03-02 10:16:28.684 D/wpa_supplicant(  659): WPS: AP[3] 10:c3:7b:d2:e5:e0 type=0 tries=0 last_attempt=-1 sec ago blacklist=0
03-02 10:16:28.684 D/wpa_supplicant(  659): WPS: AP[4] cc:34:29:2b:26:4c type=0 tries=0 last_attempt=-1 sec ago blacklist=0
03-02 10:16:28.684 D/wpa_supplicant(  659): WPS: AP[5] 44:94:fc:3d:da:38 type=0 tries=0 last_attempt=-1 sec ago blacklist=0
03-02 10:16:28.684 D/wpa_supplicant(  659): WPS: AP[6] b0:48:7a:51:ff:cc type=0 tries=0 last_attempt=-1 sec ago blacklist=0
03-02 10:16:28.684 D/wpa_supplicant(  659): WPS: AP[7] c0:c1:c0:76:81:3c type=0 tries=0 last_attempt=-1 sec ago blacklist=0
03-02 10:16:28.684 D/wpa_supplicant(  659): WPS: AP[8] 10:9f:a9:dc:b1:fc type=0 tries=0 last_attempt=-1 sec ago blacklist=0
03-02 10:16:28.684 D/wpa_supplicant(  659): WPS: AP[9] 98:fc:11:81:35:fb type=0 tries=0 last_attempt=-1 sec ago blacklist=0
03-02 10:16:28.684 D/wpa_supplicant(  659): WPS: AP[10] e4:d3:32:36:2e:54 type=0 tries=0 last_attempt=-1 sec ago blacklist=0
03-02 10:16:28.684 D/wpa_supplicant(  659): WPS: AP[11] c0:a0:bb:20:3b:84 type=0 tries=0 last_attempt=-1 sec ago blacklist=0
03-02 10:16:28.684 D/wpa_supplicant(  659): WPS: AP[12] 14:d6:4d:28:ef:c8 type=0 tries=0 last_attempt=-1 sec ago blacklist=0
03-02 10:16:28.684 D/wpa_supplicant(  659): WPS: AP[13] 2c:b0:5d:7f:f4:24 type=0 tries=0 last_attempt=-1 sec ago blacklist=0
03-02 10:16:28.684 D/wpa_supplicant(  659): WPS: AP[14] 9c:21:6a:0d:eb:72 type=0 tries=0 last_attempt=-1 sec ago blacklist=0
03-02 10:16:28.684 D/wpa_supplicant(  659): WPS: AP[15] 28:2c:b2:44:e4:00 type=0 tries=0 last_attempt=-1 sec ago blacklist=0
03-02 10:16:28.684 D/wpa_supplicant(  659): WPS: AP[16] 78:a1:06:55:fe:30 type=0 tries=0 last_attempt=-1 sec ago blacklist=0
03-02 10:16:28.684 D/wpa_supplicant(  659): WPS: AP[17] c0:61:18:21:8c:ce type=0 tries=0 last_attempt=-1 sec ago blacklist=0
03-02 10:16:28.684 I/WifiHW  (  506): EVENT: IFNAME=p2p-dev-wlan0 CTRL-EVENT-SCAN-RESULTS 
03-02 10:16:28.684 D/wpa_supplicant(  659): WPS: AP[18] 78:54:2e:f5:fb:9e type=0 tries=0 last_attempt=-1 sec ago blacklist=0
03-02 10:16:28.684 D/wpa_supplicant(  659): WPS: AP[19] a8:15:4d:13:9a:08 type=0 tries=0 last_attempt=-1 sec ago blacklist=0
03-02 10:16:28.684 D/wpa_supplicant(  659): WPS: AP[20] 20:dc:e6:3f:eb:f2 type=0 tries=0 last_attempt=-1 sec ago blacklist=0
03-02 10:16:28.684 D/wpa_supplicant(  659): WPS: AP[21] 6c:e8:73:29:30:22 type=0 tries=0 last_attempt=-1 sec ago blacklist=0
03-02 10:16:28.684 D/wpa_supplicant(  659): WPS: AP[22] 14:e6:e4:b8:85:76 type=0 tries=0 last_attempt=-1 sec ago blacklist=0
03-02 10:16:28.684 D/wpa_supplicant(  659): WPS: AP[23] 64:09:80:1e:91:78 type=0 tries=0 last_attempt=-1 sec ago blacklist=0
03-02 10:16:28.684 D/wpa_supplicant(  659): WPS: AP[24] ec:88:8f:6a:0c:a8 type=0 tries=0 last_attempt=-1 sec ago blacklist=0
03-02 10:16:28.684 D/wpa_supplicant(  659): WPS: AP[25] d0:15:4a:15:5d:1a type=0 tries=0 last_attempt=-1 sec ago blacklist=0
03-02 10:16:28.684 D/wpa_supplicant(  659): WPS: AP[26] 1c:fa:68:11:5a:b6 type=0 tries=0 last_attempt=-1 sec ago blacklist=0
03-02 10:16:28.684 D/wpa_supplicant(  659): WPS: AP[27] 8c:be:be:26:4b:8b type=0 tries=0 last_attempt=-1 sec ago blacklist=0
03-02 10:16:28.684 D/wpa_supplicant(  659): WPS: AP[28] 64:09:80:15:31:84 type=0 tries=0 last_attempt=-1 sec ago blacklist=0
03-02 10:16:28.684 D/wpa_supplicant(  659): WPS: AP[29] bc:d1:77:f3:0b:28 type=0 tries=0 last_attempt=-1 sec ago blacklist=0
03-02 10:16:28.684 D/wpa_supplicant(  659): WPS: AP[30] c0:61:18:4e:07:fc type=0 tries=0 last_attempt=-1 sec ago blacklist=0
03-02 10:16:28.684 D/wpa_supplicant(  659): WPS: AP[31] f4:ec:38:6d:cf:d6 type=0 tries=0 last_attempt=-1 sec ago blacklist=0
03-02 10:16:28.684 D/wpa_supplicant(  659): WPS: AP[32] e4:d3:32:0a:fb:34 type=0 tries=0 last_attempt=-1 sec ago blacklist=0
03-02 10:16:28.684 D/wpa_supplicant(  659): WPS: AP[33] 8c:be:be:28:2d:f8 type=0 tries=0 last_attempt=-1 sec ago blacklist=0
03-02 10:16:28.684 D/wpa_supplicant(  659): WPS: AP[34] d8:15:0d:c4:57:de type=0 tries=0 last_attempt=-1 sec ago blacklist=0
03-02 10:16:28.684 D/wpa_supplicant(  659): WPS: AP[35] 40:16:9f:9b:64:fa type=0 tries=0 last_attempt=-1 sec ago blacklist=0
03-02 10:16:28.684 D/wpa_supplicant(  659): WPS: AP[36] ec:1a:59:0b:f4:8c type=0 tries=0 last_attempt=-1 sec ago blacklist=0
03-02 10:16:28.684 D/wpa_supplicant(  659): WPS: AP[37] 66:09:80:d9:a2:5d type=0 tries=0 last_attempt=-1 sec ago blacklist=0
03-02 10:16:28.684 D/wpa_supplicant(  659): p2p-dev-wlan0: No suitable network found
03-02 10:16:28.684 D/wpa_supplicant(  659): p2p-dev-wlan0: Short-circuit new scan request since there are no enabled networks
03-02 10:16:28.684 D/wpa_supplicant(  659): p2p-dev-wlan0: State: INACTIVE -> INACTIVE
03-02 10:16:28.684 D/wpa_supplicant(  659): wlan0: P2P: Station mode scan operation not pending anymore (sta_scan_pending=0 p2p_cb_on_scan_complete=0)
03-02 10:16:28.684 D/wpa_supplicant(  659): RX ctrl_iface - hexdump(len=25): 42 53 53 20 52 41 4e 47 45 3d 30 2d 20 4d 41 53 4b 3d 30 78 32 31 39 38 37
03-02 10:16:28.684 D/wpa_supplicant(  659): wlan0: Control interface command 'BSS RANGE=0- MASK=0x21987'
03-02 10:16:28.684 D/wpa_supplicant(  659): RTM_NEWLINK: operstate=0 ifi_flags=0x11003 ([UP][LOWER_UP])
03-02 10:16:28.684 D/wpa_supplicant(  659): RTM_NEWLINK, IFLA_IFNAME: Interface 'wlan0' added
03-02 10:16:28.684 D/wpa_supplicant(  659): nl80211: if_removed already cleared - ignore event
03-02 10:16:28.684 I/WifiHW  (  506): REPLY: id=813
03-02 10:16:28.684 I/WifiHW  (  506): REPLY: bssid=f8:d1:11:e7:99:e8
03-02 10:16:28.684 I/WifiHW  (  506): REPLY: freq=2437
03-02 10:16:28.684 I/WifiHW  (  506): REPLY: level=-43
03-02 10:16:28.684 I/WifiHW  (  506): REPLY: tsf=0000175310477475
03-02 10:16:28.684 I/WifiHW  (  506): REPLY: flags=[WPA-PSK-CCMP][WPA2-PSK-CCMP][WPS][ESS]
03-02 10:16:28.684 I/WifiHW  (  506): REPLY: ssid=videotest
03-02 10:16:28.684 I/WifiHW  (  506): REPLY: ====
03-02 10:16:28.684 I/WifiHW  (  506): REPLY: id=814
03-02 10:16:28.684 I/WifiHW  (  506): REPLY: bssid=44:94:fc:3d:da:38
03-02 10:16:28.684 I/WifiHW  (  506): REPLY: freq=2462
03-02 10:16:28.684 I/WifiHW  (  506): REPLY: level=-57
03-02 10:16:28.684 I/WifiHW  (  506): REPLY: tsf=0000175310477516
03-02 10:16:28.684 I/WifiHW  (  506): REPLY: flags=[WPA2-EAP-CCMP-preauth][WPS][ESS]
03-02 10:16:28.684 I/WifiHW  (  506): REPLY: ssid=6300
03-02 10:16:28.684 I/WifiHW  (  506): REPLY: ====
03-02 10:16:28.684 I/WifiHW  (  506): REPLY: id=815
03-02 10:16:28.684 I/WifiHW  (  506): REPLY: bssid=98:fc:11:81:35:fb
03-02 10:16:28.684 I/WifiHW  (  506): REPLY: freq=2412
03-02 10:16:28.684 I/WifiHW  (  506): REPLY: level=-58
03-02 10:16:28.684 I/WifiHW  (  506): REPLY: tsf=0000175310477453
03-02 10:16:28.684 I/WifiHW  (  506): REPLY: flags=[WPA2-PSK-CCMP][WPS][ESS]
03-02 10:16:28.684 I/WifiHW  (  506): REPLY: ssid=E2000EE
03-02 10:16:28.684 I/WifiHW  (  506): REPLY: ====
03-02 10:16:28.684 I/WifiHW  (  506): REPLY: id=816
03-02 10:16:28.684 I/WifiHW  (  506): REPLY: bssid=c8:d7:19:60:62:f2
03-02 10:16:28.684 I/WifiHW  (  506): REPLY: freq=2437
03-02 10:16:28.684 I/WifiHW  (  506): REPLY: level=-52
03-02 10:16:28.684 I/WifiHW  (  506): REPLY: tsf=0000175310477468
03-02 10:16:28.684 I/WifiHW  (  506): REPLY: flags=[WPA2-EAP-CCMP-preauth][ESS]
03-02 10:16:28.684 I/WifiHW  (  506): REPLY: ssid=E3000-2.4G
03-02 10:16:28.684 I/WifiHW  (  506): REPLY: ====
03-02 10:16:28.684 I/WifiHW  (  506): REPLY: id=817
03-02 10:16:28.684 I/WifiHW  (  506): REPLY: bssid=cc:34:29:2b:26:4c
03-02 10:16:28.684 I/WifiHW  (  506): REPLY: freq=2462
03-02 10:16:28.684 I/WifiHW  (  506): REPLY: level=-66
03-02 10:16:28.684 I/WifiHW  (  506): REPLY: tsf=0000175310477512
03-02 10:16:28.684 I/WifiHW  (  506): REPLY: flags=[WPA2-PSK-CCMP][WPS][ESS]
03-02 10:16:28.684 I/WifiHW  (  506): REPLY: ssid=cws-test
03-02 10:16:28.684 I/WifiHW  (  506): REPLY: ====
03-02 10:16:28.684 I/WifiHW  (  506): REPLY: id=818
03-02 10:16:28.684 I/WifiHW  (  506): REPLY: bssid=10:c3:7b:d2:e5:e0
03-02 10:16:28.684 I/WifiHW  (  506): REPLY: freq=2462
03-02 10:16:28.684 I/WifiHW  (  506): REPLY: level=-54
03-02 10:16:28.684 I/WifiHW  (  506): REPLY: tsf=0000175310477505
03-02 10:16:28.684 I/WifiHW  (  506): REPLY: flags=[WPA2-PSK-CCMP][WPS][ESS]
03-02 10:16:28.684 I/WifiHW  (  506): REPLY: ssid=ASUS_RT-AC66U-2.4G
03-02 10:16:28.684 I/WifiHW  (  506): REPLY: ====
03-02 10:16:28.684 I/WifiHW  (  506): REPLY: id=819
03-02 10:16:28.684 I/WifiHW  (  506): REPLY: bssid=90:94:e4:03:45:f5
03-02 10:16:28.684 I/WifiHW  (  506): REPLY: freq=2442
03-02 10:16:28.684 I/WifiHW  (  506): REPLY: level=-55
03-02 10:16:28.684 I/WifiHW  (  506): REPLY: tsf=0000175310477497
03-02 10:16:28.684 I/WifiHW  (  506): REPLY: flags=[WPA2-PSK-CCMP+TKIP][ESS]
03-02 10:16:28.684 I/WifiHW  (  506): REPLY: ssid=DAP-2553_D
03-02 10:16:28.684 I/WifiHW  (  506): REPLY: ====
03-02 10:16:28.684 I/WifiHW  (  506): REPLY: id=820
03-02 10:16:28.684 I/WifiHW  (  506): REPLY: bssid=cc:34:29:2c:fb:ec
03-02 10:16:28.684 I/WifiHW  (  506): REPLY: freq=2412
03-02 10:16:28.684 I/WifiHW  (  506): REPLY: level=-64
03-02 10:16:28.684 I/WifiHW  (  506): REPLY: tsf=0000175310477456
03-02 10:16:28.684 I/WifiHW  (  506): REPLY: flags=[WPA-PSK-CCMP][WPA2-PSK-CCMP][WPS][ESS]
03-02 10:16:28.684 I/WifiHW  (  506): REPLY: ssid=linksys
03-02 10:16:28.684 I/WifiHW  (  506): REPLY: ====
03-02 10:16:28.684 I/WifiHW  (  506): REPLY: id=826
03-02 10:16:28.684 I/WifiHW  (  506): REPLY: bssid=00:0f:e2:0f:9f:c1
03-02 10:16:28.684 I/WifiHW  (  506): REPLY: freq=2462
03-02 10:16:28.684 I/WifiHW  (  506): REPLY: level=-75
03-02 10:16:28.684 I/WifiHW  (  506): REPLY: tsf=0000175269227336
03-02 10:16:28.684 I/WifiHW  (  506): REPLY: flags=[WPA-PSK-CCMP+TKIP][WPA2-PSK-CCMP+TKIP][ESS]
03-02 10:16:28.684 I/WifiHW  (  506): REPLY: ssid=321_WAN
03-02 10:16:28.684 I/WifiHW  (  506): REPLY: ====
03-02 10:16:28.684 I/WifiHW  (  506): REPLY: id=827
03-02 10:16:28.684 I/WifiHW  (  506): REPLY: bssid=1c:65:9d:e8:79:44
03-02 10:16:28.684 I/WifiHW  (  506): REPLY: freq=2437
03-02 10:16:28.684 I/WifiHW  (  506): REPLY: level=-71
03-02 10:16:28.684 I/WifiHW  (  506): REPLY: tsf=0000175310477482
03-02 10:16:28.684 I/WifiHW  (  506): REPLY: flags=[WPA2-PSK-CCMP][ESS]
03-02 10:16:28.684 I/WifiHW  (  506): REPLY: ssid=WiFi
03-02 10:16:28.684 I/WifiHW  (  506): REPLY: ====
03-02 10:16:28.684 I/WifiHW  (  506): REPLY: id=833
03-02 10:16:28.684 I/WifiHW  (  506): REPLY: bssid=c0:c1:c0:76:81:3c
03-02 10:16:28.684 I/WifiHW  (  506): REPLY: freq=2462
03-02 10:16:28.684 I/WifiHW  (  506): REPLY: level=-64
03-02 10:16:28.684 I/WifiHW  (  506): REPLY: tsf=0000175310477520
03-02 10:16:28.684 I/WifiHW  (  506): REPLY: flags=[WPS][ESS]
03-02 10:16:28.684 I/WifiHW  (  506): REPLY: ssid=E2000
03-02 10:16:28.684 I/WifiHW  (  506): REPLY: ====
03-02 10:16:28.684 I/WifiHW  (  506): REPLY: id=834
03-02 10:16:28.684 I/WifiHW  (  506): REPLY: bssid=50:bd:5f:4b:29:92
03-02 10:16:28.684 I/WifiHW  (  506): REPLY: freq=2437
03-02 10:16:28.684 I/WifiHW  (  506): REPLY: level=-63
03-02 10:16:28.684 I/WifiHW  (  506): REPLY: tsf=0000175310477486
03-02 10:16:28.684 I/WifiHW  (  506): REPLY: flags=[ESS]
03-02 10:16:28.684 I/WifiHW  (  506): REPLY: ssid=Internet-2
03-02 10:16:28.684 I/WifiHW  (  506): REPLY: ====
03-02 10:16:28.684 I/WifiHW  (  506): REPLY: id=840
03-02 10:16:28.684 I/WifiHW  (  506): REPLY: bssid=02:1a:11:f3:82:d3
03-02 10:16:28.684 I/WifiHW  (  506): REPLY: freq=2437
03-02 10:16:28.684 I/WifiHW  (  506): REPLY: level=-68
03-02 10:16:28.684 I/WifiHW  (  506): REPLY: tsf=0000175310477464
03-02 10:16:28.684 I/WifiHW  (  506): REPLY: flags=[WPA2-PSK-CCMP][ESS]
03-02 10:16:28.684 I/WifiHW  (  506): REPLY: ssid=io1
03-02 10:16:28.684 I/WifiHW  (  506): REPLY: ====
03-02 10:16:28.684 I/WifiHW  (  506): REPLY: id=869
03-02 10:16:28.684 I/WifiHW  (  506): REPLY: bssid=e4:d3:32:36:2e:54
03-02 10:16:28.684 I/WifiHW  (  506): REPLY: freq=2472
03-02 10:16:28.684 I/WifiHW  (  506): REPLY: level=-68
03-02 10:16:28.684 I/WifiHW  (  506): REPLY: tsf=0000175310477524
03-02 10:16:28.684 I/WifiHW  (  506): REPLY: flags=[WPA-PSK-CCMP+TKIP][WPA2-PSK-CCMP+TKIP][WPS][ESS]
03-02 10:16:28.684 I/WifiHW  (  506): REPLY: ssid=otc
03-02 10:16:28.684 I/WifiHW  (  506): REPLY: ====
03-02 10:16:28.684 I/WifiHW  (  506): REPLY: id=875
03-02 10:16:28.684 I/WifiHW  (  506): REPLY: bssid=c0:a0:bb:20:3b:84
03-02 10:16:28.684 I/WifiHW  (  506): REPLY: freq=2417
03-02 10:16:28.684 I/WifiHW  (  506): REPLY: level=-76
03-02 10:16:28.684 I/WifiHW  (  506): REPLY: tsf=0000175310477460
03-02 10:16:28.684 I/WifiHW  (  506): REPLY: flags=[WPA-PSK-CCMP+TKIP][WPA2-PSK-CCMP+TKIP][WPS][ESS]
03-02 10:16:28.684 I/WifiHW  (  506): REPLY: ssid=dlink-3B84
03-02 10:16:28.684 I/WifiHW  (  506): REPLY: ====
03-02 10:16:28.684 I/WifiHW  (  506): REPLY: id=881
03-02 10:16:28.684 I/WifiHW  (  506): REPLY: bssid=b0:48:7a:51:ff:cc
03-02 10:16:28.684 I/WifiHW  (  506): REPLY: freq=2452
03-02 10:16:28.684 I/WifiHW  (  506): REPLY: level=-67
03-02 10:16:28.684 I/WifiHW  (  506): REPLY: tsf=0000175310477509
03-02 10:16:28.684 I/WifiHW  (  506): REPLY: flags=[WPA-PSK-CCMP][WPA2-PSK-CCMP][WPS][ESS]
03-02 10:16:28.684 I/WifiHW  (  506): REPLY: ssid=Neusoft TP
03-02 10:16:28.684 I/WifiHW  (  506): REPLY: ====
03-02 10:16:28.684 I/WifiHW  (  506): REPLY: id=894
03-02 10:16:28.684 I/WifiHW  (  506): REPLY: bssid=22:48:9a:ac:31:5b
03-02 10:16:28.684 I/WifiHW  (  506): REPLY: freq=2437
03-02 10:16:28.684 I/WifiHW  (  506): REPLY: level=-72
03-02 10:16:28.684 I/WifiHW  (  506): REPLY: tsf=0000175310477494
03-02 10:16:28.684 I/WifiHW  (  506): REPLY: flags=[WPA2-PSK-CCMP][ESS]
03-02 10:16:28.684 I/WifiHW  (  506): REPLY: ssid=dean1
03-02 10:16:28.684 I/WifiHW  (  506): REPLY: ====
03-02 10:16:28.684 I/WifiHW  (  506): REPLY: id=895
03-02 10:16:28.684 I/WifiHW  (  506): REPLY: bssid=e4:d3:32:db:f6:03
03-02 10:16:28.684 I/WifiHW  (  506): REPLY: freq=2447
03-02 10:16:28.684 I/WifiHW  (  506): REPLY: level=-80
03-02 10:16:28.684 I/WifiHW  (  506): REPLY: tsf=0000175310477501
03-02 10:16:28.684 I/WifiHW  (  506): REPLY: flags=[WPA2-PSK-TKIP][ESS]
03-02 10:16:28.684 I/WifiHW  (  506): REPLY: ssid=adddda
03-02 10:16:28.684 I/WifiHW  (  506): REPLY: ====
03-02 10:16:28.684 I/WifiHW  (  506): REPLY: id=899
03-02 10:16:28.684 I/WifiHW  (  506): REPLY: bssid=e4:d3:32:c0:cf:a4
03-02 10:16:28.684 I/WifiHW  (  506): REPLY: freq=2437
03-02 10:16:28.684 I/WifiHW  (  506): REPLY: level=-66
03-02 10:16:28.684 I/WifiHW  (  506): REPLY: tsf=0000175310477471
03-02 10:16:28.684 I/WifiHW  (  506): REPLY: flags=[WPA2-PSK-CCMP][ESS]
03-02 10:16:28.684 I/WifiHW  (  506): REPLY: ssid=fast
03-02 10:16:28.684 I/WifiHW  (  506): REPLY: ====
03-02 10:16:28.684 I/WifiHW  (  506): REPLY: id=900
03-02 10:16:28.684 I/WifiHW  (  506): REPLY: bssid=2e:ad:97:88:9a:23
03-02 10:16:28.684 I/WifiHW  (  506): REPLY: freq=2462
03-02 10:16:28.684 I/WifiHW  (  506): REPLY: level=-88
03-02 10:16:28.684 I/WifiHW  (  506): REPLY: tsf=0000175269227344
03-02 10:16:28.684 I/WifiHW  (  506): REPLY: flags=[WPA2-PSK-CCMP][ESS]
03-02 10:16:28.684 I/WifiHW  (  506): REPLY: ssid=zzzzzz
03-02 10:16:28.684 I/WifiHW  (  506): REPLY: ====
03-02 10:16:28.684 I/WifiHW  (  506): REPLY: id=901
03-02 10:16:28.684 I/WifiHW  (  506): REPLY: bssid=e4:d3:32:dd:18:62
03-02 10:16:28.684 I/WifiHW  (  506): REPLY: freq=2437
03-02 10:16:28.684 I/WifiHW  (  506): REPLY: level=-80
03-02 10:16:28.684 I/WifiHW  (  506): REPLY: tsf=0000175310477490
03-02 10:16:28.684 I/WifiHW  (  506): REPLY: flags=[ESS]
03-02 10:16:28.684 I/WifiHW  (  506): REPLY: ssid=Internet
03-02 10:16:28.684 I/WifiHW  (  506): REPLY: ====
03-02 10:16:28.684 I/WifiHW  (  506): REPLY: id=902
03-02 10:16:28.684 I/WifiHW  (  506): REPLY: bssid=02:09:4c:82:32:f7
03-02 10:16:28.684 I/WifiHW  (  506): REPLY: freq=2412
03-02 10:16:28.684 I/WifiHW  (  506): REPLY: level=-72
03-02 10:16:28.684 I/WifiHW  (  506): REPLY: tsf=0000175310477478
03-02 10:16:28.684 I/WifiHW  (  506): REPLY: flags=[WEP]
03-02 10:16:28.684 I/WifiHW  (  506): REPLY: ssid=DIRECT-
03-02 10:16:28.684 I/WifiHW  (  506): REPLY: ####
03-02 10:16:33.184 D/EVENT_THREAD(  187): void CEventThread::run() POLLIN event on Fd (1)
03-02 10:16:33.184 D/EVENT_THREAD(  187): void CEventThread::run() Do poll with timeout: -1
03-02 10:16:33.184 I/upi_ug31xx(  167): (5592) update_capacity
03-02 10:16:33.184 I/[UPI]   (  167): <UG31/E>[UpiReadCapacity]: V=3810(3809), T=311(314-376), I=-325, C=-3(-3-0)
03-02 10:16:33.184 I/[UPI]   (  167): <UG31/E>[UpiReadCapacity]: (0x0000254a) 2108 (2032) / 3602 (3983) = 59
03-02 10:16:33.184 I/[UPI]   (  167): <UG31/E>[UpiReadCapacity]: (0x0000254a) 2108 (2032) / 3602 (3983) = 59
03-02 10:16:33.184 I/[UPI]   (  167): <UG31/E>[UpiReadCapacity]: (0x0000254a) 2104 (2104) / 3602 (3983) = 58
03-02 10:16:33.184 I/[UPI]   (  167): <UG31/E>[RsocFilterCountTime]: (0x0000254a) Step=9(547090), Full=9(547090), Lock=547090(1800000)
03-02 10:16:33.184 I/[UPI]   (  167): <UG31/E>[UpiReadCapacity]: (0x0000254a) 2104 (2104) / 3602 (3983) = 58 (-325--325)
