03-02 13:24:19.034 D/wpa_supplicant(  659): wlan0: 16: 7a:24:af:1e:df:58 ssid='DIRECT-' wpa_ie_len=0 rsn_ie_len=0 caps=0x410 level=-53
03-02 13:24:19.034 D/wpa_supplicant(  659): wlan0:    skip - SSID mismatch
03-02 13:24:19.034 D/wpa_supplicant(  659): wlan0: 17: 7a:24:af:24:0f:48 ssid='DIRECT-' wpa_ie_len=0 rsn_ie_len=0 caps=0x410 level=-57
03-02 13:24:19.034 D/wpa_supplicant(  659): wlan0:    skip - SSID mismatch
03-02 13:24:19.034 D/wpa_supplicant(  659): wlan0: 18: 02:09:4c:3e:43:ae ssid='DIRECT-' wpa_ie_len=0 rsn_ie_len=0 caps=0x410 level=-76
03-02 13:24:19.034 D/wpa_supplicant(  659): wlan0:    skip - SSID mismatch
03-02 13:24:19.034 D/wpa_supplicant(  659): wlan0: 19: c0:c1:c0:76:81:3c ssid='E2000' wpa_ie_len=0 rsn_ie_len=0 caps=0x401 level=-59 wps
03-02 13:24:19.034 D/wpa_supplicant(  659): wlan0:    skip - SSID mismatch
03-02 13:24:19.034 D/wpa_supplicant(  659): wlan0: 20: 50:bd:5f:4b:29:92 ssid='Internet-2' wpa_ie_len=0 rsn_ie_len=0 caps=0x421 level=-66
03-02 13:24:19.034 D/wpa_supplicant(  659): wlan0:    skip - SSID mismatch
03-02 13:24:19.034 D/wpa_supplicant(  659): wlan0: 21: e4:d3:32:dd:18:62 ssid='Internet' wpa_ie_len=0 rsn_ie_len=0 caps=0x421 level=-74
03-02 13:24:19.034 D/wpa_supplicant(  659): wlan0:    skip - SSID mismatch
03-02 13:24:19.034 D/wpa_supplicant(  659): wlan0: Selecting BSS from priority group 17
03-02 13:24:19.034 D/wpa_supplicant(  659): wlan0: 0: 44:94:fc:3d:da:38 ssid='6300' wpa_ie_len=0 rsn_ie_len=20 caps=0x411 level=-42 wps
03-02 13:24:19.034 D/wpa_supplicant(  659): wlan0:    skip - SSID mismatch
03-02 13:24:19.034 D/wpa_supplicant(  659): wlan0: 1: c8:d7:19:60:62:f2 ssid='E3000-2.4G' wpa_ie_len=0 rsn_ie_len=20 caps=0x411 level=-42
03-02 13:24:19.034 D/wpa_supplicant(  659): wlan0:    skip - SSID mismatch
03-02 13:24:19.034 D/wpa_supplicant(  659): wlan0: 2: f8:d1:11:e7:99:e8 ssid='videotest' wpa_ie_len=22 rsn_ie_len=20 caps=0x531 level=-52 wps
03-02 13:24:19.034 D/wpa_supplicant(  659): wlan0:    skip - SSID mismatch
03-02 13:24:19.034 D/wpa_supplicant(  659): wlan0: 3: 10:c3:7b:d2:e5:e0 ssid='ASUS_RT-AC66U-2.4G' wpa_ie_len=0 rsn_ie_len=20 caps=0x411 level=-54 wps
03-02 13:24:19.034 D/wpa_supplicant(  659): wlan0:    skip - SSID mismatch
03-02 13:24:19.034 D/wpa_supplicant(  659): wlan0: 4: cc:34:29:2b:26:4c ssid='cws-test' wpa_ie_len=0 rsn_ie_len=20 caps=0x431 level=-54 wps
03-02 13:24:19.034 D/wpa_supplicant(  659): wlan0:    skip - SSID mismatch
03-02 13:24:19.034 D/wpa_supplicant(  659): wlan0: 5: 90:94:e4:03:45:f5 ssid='DAP-2553_D' wpa_ie_len=0 rsn_ie_len=24 caps=0x431 level=-58
03-02 13:24:19.034 D/wpa_supplicant(  659): wlan0:    skip - SSID mismatch
03-02 13:24:19.034 D/wpa_supplicant(  659): wlan0: 6: 98:fc:11:81:35:fb ssid='E2000EE' wpa_ie_len=0 rsn_ie_len=20 caps=0x411 level=-60 wps
03-02 13:24:19.034 D/wpa_supplicant(  659): wlan0:    skip - SSID mismatch
03-02 13:24:19.034 D/wpa_supplicant(  659): wlan0: 7: c4:17:fe:3f:4f:fb ssid='cmcm' wpa_ie_len=0 rsn_ie_len=20 caps=0x511 level=-62
03-02 13:24:19.034 D/wpa_supplicant(  659): wlan0:    skip - SSID mismatch
03-02 13:24:19.034 D/wpa_supplicant(  659): wlan0: 8: cc:b2:55:e2:84:70 ssid='DLINK_APK' wpa_ie_len=22 rsn_ie_len=20 caps=0x411 level=-63
03-02 13:24:19.034 D/wpa_supplicant(  659): wlan0:    skip - SSID mismatch
03-02 13:24:19.034 D/wpa_supplicant(  659): wlan0: 9: cc:34:29:2c:fb:ec ssid='linksys' wpa_ie_len=22 rsn_ie_len=20 caps=0x431 level=-64 wps
03-02 13:24:19.034 D/wpa_supplicant(  659): wlan0:    skip - SSID mismatch
03-02 13:24:19.034 D/wpa_supplicant(  659): wlan0: 10: e4:d3:32:36:2e:54 ssid='otc' wpa_ie_len=26 rsn_ie_len=24 caps=0x411 level=-67 wps
03-02 13:24:19.034 D/wpa_supplicant(  659): wlan0:    skip - SSID mismatch
03-02 13:24:19.034 D/wpa_supplicant(  659): wlan0: 11: 22:48:9a:ac:31:7f ssid='WiFi874' wpa_ie_len=0 rsn_ie_len=20 caps=0x431 level=-67
03-02 13:24:19.034 D/wpa_supplicant(  659): wlan0:    skip - SSID mismatch
03-02 13:24:19.034 D/wpa_supplicant(  659): wlan0: 12: b0:48:7a:51:ff:cc ssid='Neusoft TP' wpa_ie_len=22 rsn_ie_len=20 caps=0x431 level=-70 wps
03-02 13:24:19.034 D/wpa_supplicant(  659): wlan0:    skip - SSID mismatch
03-02 13:24:19.034 D/wpa_supplicant(  659): wlan0: 13: 14:d6:4d:28:ef:c8 ssid='dlink' wpa_ie_len=0 rsn_ie_len=20 caps=0x431 level=-72 wps
03-02 13:24:19.034 D/wpa_supplicant(  659): wlan0:    skip - SSID mismatch
03-02 13:24:19.034 D/wpa_supplicant(  659): wlan0: 14: 1c:65:9d:e8:79:44 ssid='WiFi' wpa_ie_len=0 rsn_ie_len=20 caps=0x511 level=-76
03-02 13:24:19.034 D/wpa_supplicant(  659): wlan0:    skip - SSID mismatch
03-02 13:24:19.034 D/wpa_supplicant(  659): wlan0: 15: c0:a0:bb:20:3b:84 ssid='dlink-3B84' wpa_ie_len=26 rsn_ie_len=24 caps=0x411 level=-77 wps
03-02 13:24:19.034 D/wpa_supplicant(  659): wlan0:    skip - SSID mismatch
03-02 13:24:19.034 D/wpa_supplicant(  659): wlan0: 16: 7a:24:af:1e:df:58 ssid='DIRECT-' wpa_ie_len=0 rsn_ie_len=0 caps=0x410 level=-53
03-02 13:24:19.034 D/wpa_supplicant(  659): wlan0:    skip - SSID mismatch
03-02 13:24:19.034 D/wpa_supplicant(  659): wlan0: 17: 7a:24:af:24:0f:48 ssid='DIRECT-' wpa_ie_len=0 rsn_ie_len=0 caps=0x410 level=-57
03-02 13:24:19.034 D/wpa_supplicant(  659): wlan0:    skip - SSID mismatch
03-02 13:24:19.034 D/wpa_supplicant(  659): wlan0: 18: 02:09:4c:3e:43:ae ssid='DIRECT-' wpa_ie_len=0 rsn_ie_len=0 caps=0x410 level=-76
03-02 13:24:19.034 D/wpa_supplicant(  659): wlan0:    skip - SSID mismatch
03-02 13:24:19.034 D/wpa_supplicant(  659): wlan0: 19: c0:c1:c0:76:81:3c ssid='E2000' wpa_ie_len=0 rsn_ie_len=0 caps=0x401 level=-59 wps
03-02 13:24:19.034 D/wpa_supplicant(  659): wlan0:    skip - SSID mismatch
03-02 13:24:19.034 D/wpa_supplicant(  659): wlan0: 20: 50:bd:5f:4b:29:92 ssid='Internet-2' wpa_ie_len=0 rsn_ie_len=0 caps=0x421 level=-66
03-02 13:24:19.034 D/wpa_supplicant(  659): wlan0:    skip - SSID mismatch
03-02 13:24:19.034 D/wpa_supplicant(  659): wlan0: 21: e4:d3:32:dd:18:62 ssid='Internet' wpa_ie_len=0 rsn_ie_len=0 caps=0x421 level=-74
03-02 13:24:19.034 D/wpa_supplicant(  659): wlan0:    skip - SSID mismatch
03-02 13:24:19.034 D/wpa_supplicant(  659): wlan0: Selecting BSS from priority group 15
03-02 13:24:19.034 D/wpa_supplicant(  659): wlan0: 0: 44:94:fc:3d:da:38 ssid='6300' wpa_ie_len=0 rsn_ie_len=20 caps=0x411 level=-42 wps
03-02 13:24:19.034 D/wpa_supplicant(  659): wlan0:    skip - SSID mismatch
03-02 13:24:19.034 D/wpa_supplicant(  659): wlan0: 1: c8:d7:19:60:62:f2 ssid='E3000-2.4G' wpa_ie_len=0 rsn_ie_len=20 caps=0x411 level=-42
03-02 13:24:19.034 D/wpa_supplicant(  659): wlan0:    skip - SSID mismatch
03-02 13:24:19.034 D/wpa_supplicant(  659): wlan0: 2: f8:d1:11:e7:99:e8 ssid='videotest' wpa_ie_len=22 rsn_ie_len=20 caps=0x531 level=-52 wps
03-02 13:24:19.034 D/wpa_supplicant(  659): wlan0:    skip - SSID mismatch
03-02 13:24:19.034 D/wpa_supplicant(  659): wlan0: 3: 10:c3:7b:d2:e5:e0 ssid='ASUS_RT-AC66U-2.4G' wpa_ie_len=0 rsn_ie_len=20 caps=0x411 level=-54 wps
03-02 13:24:19.034 D/wpa_supplicant(  659): wlan0:    skip - SSID mismatch
03-02 13:24:19.034 D/wpa_supplicant(  659): wlan0: 4: cc:34:29:2b:26:4c ssid='cws-test' wpa_ie_len=0 rsn_ie_len=20 caps=0x431 level=-54 wps
03-02 13:24:19.034 D/wpa_supplicant(  659): wlan0:    skip - SSID mismatch
03-02 13:24:19.034 D/wpa_supplicant(  659): wlan0: 5: 90:94:e4:03:45:f5 ssid='DAP-2553_D' wpa_ie_len=0 rsn_ie_len=24 caps=0x431 level=-58
03-02 13:24:19.034 D/wpa_supplicant(  659): wlan0:    skip - SSID mismatch
03-02 13:24:19.034 D/wpa_supplicant(  659): wlan0: 6: 98:fc:11:81:35:fb ssid='E2000EE' wpa_ie_len=0 rsn_ie_len=20 caps=0x411 level=-60 wps
03-02 13:24:19.034 D/wpa_supplicant(  659): wlan0:    skip - SSID mismatch
03-02 13:24:19.034 D/wpa_supplicant(  659): wlan0: 7: c4:17:fe:3f:4f:fb ssid='cmcm' wpa_ie_len=0 rsn_ie_len=20 caps=0x511 level=-62
03-02 13:24:19.034 D/wpa_supplicant(  659): wlan0:    skip - SSID mismatch
03-02 13:24:19.034 D/wpa_supplicant(  659): wlan0: 8: cc:b2:55:e2:84:70 ssid='DLINK_APK' wpa_ie_len=22 rsn_ie_len=20 caps=0x411 level=-63
03-02 13:24:19.034 D/wpa_supplicant(  659): wlan0:    skip - SSID mismatch
03-02 13:24:19.034 D/wpa_supplicant(  659): wlan0: 9: cc:34:29:2c:fb:ec ssid='linksys' wpa_ie_len=22 rsn_ie_len=20 caps=0x431 level=-64 wps
03-02 13:24:19.034 D/wpa_supplicant(  659): wlan0:    skip - SSID mismatch
03-02 13:24:19.034 D/wpa_supplicant(  659): wlan0: 10: e4:d3:32:36:2e:54 ssid='otc' wpa_ie_len=26 rsn_ie_len=24 caps=0x411 level=-67 wps
03-02 13:24:19.034 D/wpa_supplicant(  659): wlan0:    skip - SSID mismatch
03-02 13:24:19.034 D/wpa_supplicant(  659): wlan0: 11: 22:48:9a:ac:31:7f ssid='WiFi874' wpa_ie_len=0 rsn_ie_len=20 caps=0x431 level=-67
03-02 13:24:19.034 D/wpa_supplicant(  659): wlan0:    skip - SSID mismatch
03-02 13:24:19.034 D/wpa_supplicant(  659): wlan0: 12: b0:48:7a:51:ff:cc ssid='Neusoft TP' wpa_ie_len=22 rsn_ie_len=20 caps=0x431 level=-70 wps
03-02 13:24:19.034 D/wpa_supplicant(  659): wlan0:    skip - SSID mismatch
03-02 13:24:19.034 D/wpa_supplicant(  659): wlan0: 13: 14:d6:4d:28:ef:c8 ssid='dlink' wpa_ie_len=0 rsn_ie_len=20 caps=0x431 level=-72 wps
03-02 13:24:19.034 D/wpa_supplicant(  659): wlan0:    skip - SSID mismatch
03-02 13:24:19.034 D/wpa_supplicant(  659): wlan0: 14: 1c:65:9d:e8:79:44 ssid='WiFi' wpa_ie_len=0 rsn_ie_len=20 caps=0x511 level=-76
03-02 13:24:19.034 D/wpa_supplicant(  659): wlan0:    skip - SSID mismatch
03-02 13:24:19.034 D/wpa_supplicant(  659): wlan0: 15: c0:a0:bb:20:3b:84 ssid='dlink-3B84' wpa_ie_len=26 rsn_ie_len=24 caps=0x411 level=-77 wps
03-02 13:24:19.034 D/wpa_supplicant(  659): wlan0:    skip - SSID mismatch
03-02 13:24:19.034 D/wpa_supplicant(  659): wlan0: 16: 7a:24:af:1e:df:58 ssid='DIRECT-' wpa_ie_len=0 rsn_ie_len=0 caps=0x410 level=-53
03-02 13:24:19.034 D/wpa_supplicant(  659): wlan0:    skip - SSID mismatch
03-02 13:24:19.034 D/wpa_supplicant(  659): wlan0: 17: 7a:24:af:24:0f:48 ssid='DIRECT-' wpa_ie_len=0 rsn_ie_len=0 caps=0x410 level=-57
03-02 13:24:19.034 D/wpa_supplicant(  659): wlan0:    skip - SSID mismatch
03-02 13:24:19.034 D/wpa_supplicant(  659): wlan0: 18: 02:09:4c:3e:43:ae ssid='DIRECT-' wpa_ie_len=0 rsn_ie_len=0 caps=0x410 level=-76
03-02 13:24:19.034 D/wpa_supplicant(  659): wlan0:    skip - SSID mismatch
03-02 13:24:19.034 D/wpa_supplicant(  659): wlan0: 19: c0:c1:c0:76:81:3c ssid='E2000' wpa_ie_len=0 rsn_ie_len=0 caps=0x401 level=-59 wps
03-02 13:24:19.034 D/wpa_supplicant(  659): wlan0:    skip - SSID mismatch
03-02 13:24:19.034 D/wpa_supplicant(  659): wlan0: 20: 50:bd:5f:4b:29:92 ssid='Internet-2' wpa_ie_len=0 rsn_ie_len=0 caps=0x421 level=-66
03-02 13:24:19.034 D/wpa_supplicant(  659): wlan0:    skip - SSID mismatch
03-02 13:24:19.034 D/wpa_supplicant(  659): wlan0: 21: e4:d3:32:dd:18:62 ssid='Internet' wpa_ie_len=0 rsn_ie_len=0 caps=0x421 level=-74
03-02 13:24:19.034 D/wpa_supplicant(  659): wlan0:    skip - SSID mismatch
03-02 13:24:19.034 D/wpa_supplicant(  659): wlan0: Selecting BSS from priority group 4
03-02 13:24:19.034 D/wpa_supplicant(  659): wlan0: 0: 44:94:fc:3d:da:38 ssid='6300' wpa_ie_len=0 rsn_ie_len=20 caps=0x411 level=-42 wps
03-02 13:24:19.034 D/wpa_supplicant(  659): wlan0:    skip - SSID mismatch
03-02 13:24:19.034 D/wpa_supplicant(  659): wlan0: 1: c8:d7:19:60:62:f2 ssid='E3000-2.4G' wpa_ie_len=0 rsn_ie_len=20 caps=0x411 level=-42
03-02 13:24:19.034 D/wpa_supplicant(  659): wlan0:    skip - SSID mismatch
03-02 13:24:19.034 D/wpa_supplicant(  659): wlan0: 2: f8:d1:11:e7:99:e8 ssid='videotest' wpa_ie_len=22 rsn_ie_len=20 caps=0x531 level=-52 wps
03-02 13:24:19.034 D/wpa_supplicant(  659): wlan0:    skip - SSID mismatch
03-02 13:24:19.034 D/wpa_supplicant(  659): wlan0: 3: 10:c3:7b:d2:e5:e0 ssid='ASUS_RT-AC66U-2.4G' wpa_ie_len=0 rsn_ie_len=20 caps=0x411 level=-54 wps
03-02 13:24:19.034 D/wpa_supplicant(  659): wlan0:    skip - SSID mismatch
03-02 13:24:19.034 I/WifiHW  (  506): EVENT: IFNAME=wlan0 CTRL-EVENT-BSS-ADDED 1354 1c:65:9d:e8:79:44
03-02 13:24:19.034 D/wpa_supplicant(  659): wlan0: 4: cc:34:29:2b:26:4c ssid='cws-test' wpa_ie_len=0 rsn_ie_len=20 caps=0x431 level=-54 wps
03-02 13:24:19.034 D/wpa_supplicant(  659): wlan0:    skip - SSID mismatch
03-02 13:24:19.034 I/WifiHW  (  506): EVENT: IFNAME=wlan0 CTRL-EVENT-BSS-ADDED 1355 7a:24:af:1e:df:58
03-02 13:24:19.034 D/wpa_supplicant(  659): wlan0: 5: 90:94:e4:03:45:f5 ssid='DAP-2553_D' wpa_ie_len=0 rsn_ie_len=24 caps=0x431 level=-58
03-02 13:24:19.034 D/wpa_supplicant(  659): wlan0:    skip - SSID mismatch
03-02 13:24:19.034 D/wpa_supplicant(  659): wlan0: 6: 98:fc:11:81:35:fb ssid='E2000EE' wpa_ie_len=0 rsn_ie_len=20 caps=0x411 level=-60 wps
03-02 13:24:19.034 D/wpa_supplicant(  659): wlan0:    skip - SSID mismatch
03-02 13:24:19.034 D/wpa_supplicant(  659): wlan0: 7: c4:17:fe:3f:4f:fb ssid='cmcm' wpa_ie_len=0 rsn_ie_len=20 caps=0x511 level=-62
03-02 13:24:19.034 D/wpa_supplicant(  659): wlan0:    skip - SSID mismatch
03-02 13:24:19.034 D/wpa_supplicant(  659): wlan0: 8: cc:b2:55:e2:84:70 ssid='DLINK_APK' wpa_ie_len=22 rsn_ie_len=20 caps=0x411 level=-63
03-02 13:24:19.034 D/wpa_supplicant(  659): wlan0:    skip - SSID mismatch
03-02 13:24:19.034 D/wpa_supplicant(  659): wlan0: 9: cc:34:29:2c:fb:ec ssid='linksys' wpa_ie_len=22 rsn_ie_len=20 caps=0x431 level=-64 wps
03-02 13:24:19.034 D/wpa_supplicant(  659): wlan0:    skip - SSID mismatch
03-02 13:24:19.034 D/wpa_supplicant(  659): wlan0: 10: e4:d3:32:36:2e:54 ssid='otc' wpa_ie_len=26 rsn_ie_len=24 caps=0x411 level=-67 wps
03-02 13:24:19.034 D/wpa_supplicant(  659): wlan0:    skip - SSID mismatch
03-02 13:24:19.034 D/wpa_supplicant(  659): wlan0: 11: 22:48:9a:ac:31:7f ssid='WiFi874' wpa_ie_len=0 rsn_ie_len=20 caps=0x431 level=-67
03-02 13:24:19.034 D/wpa_supplicant(  659): wlan0:    skip - SSID mismatch
03-02 13:24:19.034 D/wpa_supplicant(  659): wlan0: 12: b0:48:7a:51:ff:cc ssid='Neusoft TP' wpa_ie_len=22 rsn_ie_len=20 caps=0x431 level=-70 wps
03-02 13:24:19.034 D/wpa_supplicant(  659): wlan0:    skip - SSID mismatch
03-02 13:24:19.034 D/wpa_supplicant(  659): wlan0: 13: 14:d6:4d:28:ef:c8 ssid='dlink' wpa_ie_len=0 rsn_ie_len=20 caps=0x431 level=-72 wps
03-02 13:24:19.034 D/wpa_supplicant(  659): wlan0:    skip - SSID mismatch
03-02 13:24:19.034 D/wpa_supplicant(  659): wlan0: 14: 1c:65:9d:e8:79:44 ssid='WiFi' wpa_ie_len=0 rsn_ie_len=20 caps=0x511 level=-76
03-02 13:24:19.034 D/wpa_supplicant(  659): wlan0:    skip - SSID mismatch
03-02 13:24:19.034 D/wpa_supplicant(  659): wlan0: 15: c0:a0:bb:20:3b:84 ssid='dlink-3B84' wpa_ie_len=26 rsn_ie_len=24 caps=0x411 level=-77 wps
03-02 13:24:19.034 D/wpa_supplicant(  659): wlan0:    skip - SSID mismatch
03-02 13:24:19.034 D/wpa_supplicant(  659): wlan0: 16: 7a:24:af:1e:df:58 ssid='DIRECT-' wpa_ie_len=0 rsn_ie_len=0 caps=0x410 level=-53
03-02 13:24:19.034 D/wpa_supplicant(  659): wlan0:    skip - SSID mismatch
03-02 13:24:19.034 D/wpa_supplicant(  659): wlan0: 17: 7a:24:af:24:0f:48 ssid='DIRECT-' wpa_ie_len=0 rsn_ie_len=0 caps=0x410 level=-57
03-02 13:24:19.034 D/wpa_supplicant(  659): wlan0:    skip - SSID mismatch
03-02 13:24:19.034 D/wpa_supplicant(  659): wlan0: 18: 02:09:4c:3e:43:ae ssid='DIRECT-' wpa_ie_len=0 rsn_ie_len=0 caps=0x410 level=-76
03-02 13:24:19.034 D/wpa_supplicant(  659): wlan0:    skip - SSID mismatch
03-02 13:24:19.034 D/wpa_supplicant(  659): wlan0: 19: c0:c1:c0:76:81:3c ssid='E2000' wpa_ie_len=0 rsn_ie_len=0 caps=0x401 level=-59 wps
03-02 13:24:19.034 D/wpa_supplicant(  659): wlan0:    skip - SSID mismatch
03-02 13:24:19.034 D/wpa_supplicant(  659): wlan0: 20: 50:bd:5f:4b:29:92 ssid='Internet-2' wpa_ie_len=0 rsn_ie_len=0 caps=0x421 level=-66
03-02 13:24:19.034 D/wpa_supplicant(  659): wlan0:    skip - SSID mismatch
03-02 13:24:19.034 D/wpa_supplicant(  659): wlan0: 21: e4:d3:32:dd:18:62 ssid='Internet' wpa_ie_len=0 rsn_ie_len=0 caps=0x421 level=-74
03-02 13:24:19.034 D/wpa_supplicant(  659): wlan0:    skip - SSID mismatch
03-02 13:24:19.034 D/wpa_supplicant(  659): wlan0: No suitable network found
03-02 13:24:19.034 D/wpa_supplicant(  659): wlan0: Setting scan request: 40 sec 0 usec
03-02 13:24:19.034 D/wpa_supplicant(  659): wlan0: Checking for other virtual interfaces sharing same radio (phy0) in event_scan_results
03-02 13:24:19.034 D/wpa_supplicant(  659): p2p-dev-wlan0: Updating scan results from sibling
03-02 13:24:19.034 D/wpa_supplicant(  659): nl80211: Received scan results (23 BSSes)
03-02 13:24:19.034 D/wpa_supplicant(  659): nl80211: Survey data missing
03-02 13:24:19.034 D/wpa_supplicant(  659): p2p-dev-wlan0: BSS: Start scan result update 452
03-02 13:24:19.034 D/wpa_supplicant(  659): BSS: No P2P IE - skipping BSS 44:94:fc:3d:da:38 update for P2P interface
03-02 13:24:19.034 D/wpa_supplicant(  659): BSS: No P2P IE - skipping BSS c8:d7:19:60:62:f2 update for P2P interface
03-02 13:24:19.034 D/wpa_supplicant(  659): BSS: No P2P IE - skipping BSS f8:d1:11:e7:99:e8 update for P2P interface
03-02 13:24:19.034 D/wpa_supplicant(  659): BSS: No P2P IE - skipping BSS 10:c3:7b:d2:e5:e0 update for P2P interface
03-02 13:24:19.034 D/wpa_supplicant(  659): BSS: No P2P IE - skipping BSS cc:34:29:2b:26:4c update for P2P interface
03-02 13:24:19.034 D/wpa_supplicant(  659): BSS: No P2P IE - skipping BSS 90:94:e4:03:45:f5 update for P2P interface
03-02 13:24:19.034 D/wpa_supplicant(  659): BSS: No P2P IE - skipping BSS 98:fc:11:81:35:fb update for P2P interface
03-02 13:24:19.034 D/wpa_supplicant(  659): BSS: No P2P IE - skipping BSS c4:17:fe:3f:4f:fb update for P2P interface
03-02 13:24:19.034 D/wpa_supplicant(  659): BSS: No P2P IE - skipping BSS cc:b2:55:e2:84:70 update for P2P interface
03-02 13:24:19.034 D/wpa_supplicant(  659): BSS: No P2P IE - skipping BSS cc:34:29:2c:fb:ec update for P2P interface
03-02 13:24:19.034 D/wpa_supplicant(  659): BSS: No P2P IE - skipping BSS e4:d3:32:36:2e:54 update for P2P interface
03-02 13:24:19.034 D/wpa_supplicant(  659): BSS: No P2P IE - skipping BSS 22:48:9a:ac:31:7f update for P2P interface
03-02 13:24:19.034 D/wpa_supplicant(  659): BSS: No P2P IE - skipping BSS b0:48:7a:51:ff:cc update for P2P interface
03-02 13:24:19.034 D/wpa_supplicant(  659): BSS: No P2P IE - skipping BSS 14:d6:4d:28:ef:c8 update for P2P interface
03-02 13:24:19.034 D/wpa_supplicant(  659): BSS: No P2P IE - skipping BSS 1c:65:9d:e8:79:44 update for P2P interface
03-02 13:24:19.034 D/wpa_supplicant(  659): BSS: No P2P IE - skipping BSS c0:a0:bb:20:3b:84 update for P2P interface
03-02 13:24:19.034 D/wpa_supplicant(  659): BSS: No P2P IE - skipping BSS 7a:24:af:1e:df:58 update for P2P interface
03-02 13:24:19.034 D/wpa_supplicant(  659): BSS: No P2P IE - skipping BSS 7a:24:af:24:0f:48 update for P2P interface
03-02 13:24:19.034 D/wpa_supplicant(  659): BSS: No P2P IE - skipping BSS 02:09:4c:3e:43:ae update for P2P interface
03-02 13:24:19.034 D/wpa_supplicant(  659): BSS: No P2P IE - skipping BSS c0:c1:c0:76:81:3c update for P2P interface
03-02 13:24:19.034 D/wpa_supplicant(  659): BSS: No P2P IE - skipping BSS 50:bd:5f:4b:29:92 update for P2P interface
03-02 13:24:19.034 D/wpa_supplicant(  659): BSS: No P2P IE - skipping BSS e4:d3:32:dd:18:62 update for P2P interface
03-02 13:24:19.034 D/wpa_supplicant(  659): BSS: last_scan_res_used=0/32 last_scan_full=0
03-02 13:24:19.034 D/wpa_supplicant(  659): p2p-dev-wlan0: New scan results available
03-02 13:24:19.034 D/wpa_supplicant(  659): CTRL_IFACE monitor send - hexdump(len=39): 2f 64 61 74 61 2f 6d 69 73 63 2f 77 69 66 69 2f 73 6f 63 6b 65 74 73 2f 77 70 61 5f 63 74 72 6c ...
03-02 13:24:19.034 D/wpa_supplicant(  659): WPS: AP[0] c8:d7:19:60:62:f2 type=0 tries=0 last_attempt=-1 sec ago blacklist=0
03-02 13:24:19.034 D/wpa_supplicant(  659): WPS: AP[1] f8:d1:11:e7:99:e8 type=0 tries=0 last_attempt=-1 sec ago blacklist=0
03-02 13:24:19.034 D/wpa_supplicant(  659): WPS: AP[2] cc:34:29:2c:fb:ec type=0 tries=0 last_attempt=-1 sec ago blacklist=0
03-02 13:24:19.034 D/wpa_supplicant(  659): WPS: AP[3] 10:c3:7b:d2:e5:e0 type=0 tries=0 last_attempt=-1 sec ago blacklist=0
03-02 13:24:19.034 D/wpa_supplicant(  659): WPS: AP[4] cc:34:29:2b:26:4c type=0 tries=0 last_attempt=-1 sec ago blacklist=0
03-02 13:24:19.034 D/wpa_supplicant(  659): WPS: AP[5] 44:94:fc:3d:da:38 type=0 tries=0 last_attempt=-1 sec ago blacklist=0
03-02 13:24:19.034 D/wpa_supplicant(  659): WPS: AP[6] b0:48:7a:51:ff:cc type=0 tries=0 last_attempt=-1 sec ago blacklist=0
03-02 13:24:19.034 D/wpa_supplicant(  659): WPS: AP[7] c0:c1:c0:76:81:3c type=0 tries=0 last_attempt=-1 sec ago blacklist=0
03-02 13:24:19.034 D/wpa_supplicant(  659): WPS: AP[8] 10:9f:a9:dc:b1:fc type=0 tries=0 last_attempt=-1 sec ago blacklist=0
03-02 13:24:19.034 D/wpa_supplicant(  659): WPS: AP[9] 98:fc:11:81:35:fb type=0 tries=0 last_attempt=-1 sec ago blacklist=0
03-02 13:24:19.034 D/wpa_supplicant(  659): WPS: AP[10] e4:d3:32:36:2e:54 type=0 tries=0 last_attempt=-1 sec ago blacklist=0
03-02 13:24:19.034 D/wpa_supplicant(  659): WPS: AP[11] c0:a0:bb:20:3b:84 type=0 tries=0 last_attempt=-1 sec ago blacklist=0
03-02 13:24:19.034 D/wpa_supplicant(  659): WPS: AP[12] 14:d6:4d:28:ef:c8 type=0 tries=0 last_attempt=-1 sec ago blacklist=0
03-02 13:24:19.034 D/wpa_supplicant(  659): WPS: AP[13] 2c:b0:5d:7f:f4:24 type=0 tries=0 last_attempt=-1 sec ago blacklist=0
03-02 13:24:19.034 D/wpa_supplicant(  659): WPS: AP[14] 9c:21:6a:0d:eb:72 type=0 tries=0 last_attempt=-1 sec ago blacklist=0
03-02 13:24:19.034 D/wpa_supplicant(  659): WPS: AP[15] 28:2c:b2:44:e4:00 type=0 tries=0 last_attempt=-1 sec ago blacklist=0
03-02 13:24:19.034 D/wpa_supplicant(  659): WPS: AP[16] 78:a1:06:55:fe:30 type=0 tries=0 last_attempt=-1 sec ago blacklist=0
03-02 13:24:19.034 D/wpa_supplicant(  659): WPS: AP[17] c0:61:18:21:8c:ce type=0 tries=0 last_attempt=-1 sec ago blacklist=0
03-02 13:24:19.034 D/wpa_supplicant(  659): WPS: AP[18] 78:54:2e:f5:fb:9e type=0 tries=0 last_attempt=-1 sec ago blacklist=0
03-02 13:24:19.034 D/wpa_supplicant(  659): WPS: AP[19] a8:15:4d:13:9a:08 type=0 tries=0 last_attempt=-1 sec ago blacklist=0
03-02 13:24:19.034 D/wpa_supplicant(  659): WPS: AP[20] 20:dc:e6:3f:eb:f2 type=0 tries=0 last_attempt=-1 sec ago blacklist=0
03-02 13:24:19.034 D/wpa_supplicant(  659): WPS: AP[21] 6c:e8:73:29:30:22 type=0 tries=0 last_attempt=-1 sec ago blacklist=0
03-02 13:24:19.034 D/wpa_supplicant(  659): WPS: AP[22] 14:e6:e4:b8:85:76 type=0 tries=0 last_attempt=-1 sec ago blacklist=0
03-02 13:24:19.034 D/wpa_supplicant(  659): WPS: AP[23] 64:09:80:1e:91:78 type=0 tries=0 last_attempt=-1 sec ago blacklist=0
03-02 13:24:19.034 D/wpa_supplicant(  659): WPS: AP[24] ec:88:8f:6a:0c:a8 type=0 tries=0 last_attempt=-1 sec ago blacklist=0
03-02 13:24:19.034 D/wpa_supplicant(  659): WPS: AP[25] d0:15:4a:15:5d:1a type=0 tries=0 last_attempt=-1 sec ago blacklist=0
03-02 13:24:19.034 D/wpa_supplicant(  659): WPS: AP[26] 1c:fa:68:11:5a:b6 type=0 tries=0 last_attempt=-1 sec ago blacklist=0
03-02 13:24:19.034 D/wpa_supplicant(  659): WPS: AP[27] 8c:be:be:26:4b:8b type=0 tries=0 last_attempt=-1 sec ago blacklist=0
03-02 13:24:19.034 D/wpa_supplicant(  659): WPS: AP[28] 64:09:80:15:31:84 type=0 tries=0 last_attempt=-1 sec ago blacklist=0
03-02 13:24:19.034 D/wpa_supplicant(  659): WPS: AP[29] bc:d1:77:f3:0b:28 type=0 tries=0 last_attempt=-1 sec ago blacklist=0
03-02 13:24:19.034 D/wpa_supplicant(  659): WPS: AP[30] c0:61:18:4e:07:fc type=0 tries=0 last_attempt=-1 sec ago blacklist=0
03-02 13:24:19.034 D/wpa_supplicant(  659): WPS: AP[31] f4:ec:38:6d:cf:d6 type=0 tries=0 last_attempt=-1 sec ago blacklist=0
03-02 13:24:19.034 D/wpa_supplicant(  659): WPS: AP[32] e4:d3:32:0a:fb:34 type=0 tries=0 last_attempt=-1 sec ago blacklist=0
03-02 13:24:19.034 D/wpa_supplicant(  659): WPS: AP[33] 8c:be:be:28:2d:f8 type=0 tries=0 last_attempt=-1 sec ago blacklist=0
03-02 13:24:19.034 D/wpa_supplicant(  659): WPS: AP[34] d8:15:0d:c4:57:de type=0 tries=0 last_attempt=-1 sec ago blacklist=0
03-02 13:24:19.034 D/wpa_supplicant(  659): WPS: AP[35] 40:16:9f:9b:64:fa type=0 tries=0 last_attempt=-1 sec ago blacklist=0
03-02 13:24:19.034 D/wpa_supplicant(  659): WPS: AP[36] ec:1a:59:0b:f4:8c type=0 tries=0 last_attempt=-1 sec ago blacklist=0
03-02 13:24:19.034 D/wpa_supplicant(  659): WPS: AP[37] 66:09:80:d9:a2:5d type=0 tries=0 last_attempt=-1 sec ago blacklist=0
03-02 13:24:19.034 D/wpa_supplicant(  659): WPS: AP[38] 7a:ff:57:00:13:8e type=0 tries=0 last_attempt=-1 sec ago blacklist=0
03-02 13:24:19.034 D/wpa_supplicant(  659): p2p-dev-wlan0: No suitable network found
03-02 13:24:19.034 D/wpa_supplicant(  659): p2p-dev-wlan0: Short-circuit new scan request since there are no enabled networks
03-02 13:24:19.034 D/wpa_supplicant(  659): p2p-dev-wlan0: State: INACTIVE -> INACTIVE
03-02 13:24:19.034 D/wpa_supplicant(  659): wlan0: P2P: Station mode scan operation not pending anymore (sta_scan_pending=0 p2p_cb_on_scan_complete=0)
03-02 13:24:19.034 D/wpa_supplicant(  659): RTM_NEWLINK: operstate=0 ifi_flags=0x11003 ([UP][LOWER_UP])
03-02 13:24:19.034 D/wpa_supplicant(  659): RTM_NEWLINK, IFLA_IFNAME: Interface 'wlan0' added
03-02 13:24:19.034 D/wpa_supplicant(  659): nl80211: if_removed already cleared - ignore event
03-02 13:24:19.034 I/WifiHW  (  506): EVENT: IFNAME=wlan0 CTRL-EVENT-BSS-ADDED 1356 e4:d3:32:dd:18:62
03-02 13:24:19.034 I/WifiHW  (  506): EVENT: IFNAME=wlan0 CTRL-EVENT-BSS-REMOVED 1351 00:0f:e2:0f:9f:c1
03-02 13:24:19.034 I/WifiHW  (  506): EVENT: IFNAME=wlan0 CTRL-EVENT-SCAN-RESULTS 
03-02 13:24:19.034 I/WifiHW  (  506): CMD: IFNAME=wlan0 BSS RANGE=0- MASK=0x21987
03-02 13:24:19.034 D/wpa_supplicant(  659): RX ctrl_iface - hexdump(len=25): 42 53 53 20 52 41 4e 47 45 3d 30 2d 20 4d 41 53 4b 3d 30 78 32 31 39 38 37
03-02 13:24:19.034 D/wpa_supplicant(  659): wlan0: Control interface command 'BSS RANGE=0- MASK=0x21987'
03-02 13:24:19.034 I/WifiHW  (  506): REPLY: id=1255
03-02 13:24:19.034 I/WifiHW  (  506): REPLY: bssid=c8:d7:19:60:62:f2
03-02 13:24:19.034 I/WifiHW  (  506): REPLY: freq=2437
03-02 13:24:19.034 I/WifiHW  (  506): REPLY: level=-42
03-02 13:24:19.034 I/WifiHW  (  506): REPLY: tsf=0000186580837334
03-02 13:24:19.034 I/WifiHW  (  506): REPLY: flags=[WPA2-EAP-CCMP-preauth][ESS]
03-02 13:24:19.034 I/WifiHW  (  506): REPLY: ssid=E3000-2.4G
03-02 13:24:19.034 I/WifiHW  (  506): REPLY: ====
03-02 13:24:19.034 I/WifiHW  (  506): REPLY: id=1256
03-02 13:24:19.034 I/WifiHW  (  506): REPLY: bssid=44:94:fc:3d:da:38
03-02 13:24:19.034 I/WifiHW  (  506): REPLY: freq=2462
03-02 13:24:19.034 I/WifiHW  (  506): REPLY: level=-42
03-02 13:24:19.034 I/WifiHW  (  506): REPLY: tsf=0000186580837363
03-02 13:24:19.034 I/WifiHW  (  506): REPLY: flags=[WPA2-EAP-CCMP-preauth][WPS][ESS]
03-02 13:24:19.034 I/WifiHW  (  506): REPLY: ssid=6300
03-02 13:24:19.034 I/WifiHW  (  506): REPLY: ====
03-02 13:24:19.034 I/WifiHW  (  506): REPLY: id=1257
03-02 13:24:19.034 I/WifiHW  (  506): REPLY: bssid=f8:d1:11:e7:99:e8
03-02 13:24:19.034 I/WifiHW  (  506): REPLY: freq=2437
03-02 13:24:19.034 I/WifiHW  (  506): REPLY: level=-52
03-02 13:24:19.034 I/WifiHW  (  506): REPLY: tsf=0000186580837343
03-02 13:24:19.034 I/WifiHW  (  506): REPLY: flags=[WPA-PSK-CCMP][WPA2-PSK-CCMP][WPS][ESS]
03-02 13:24:19.034 I/WifiHW  (  506): REPLY: ssid=videotest
03-02 13:24:19.034 I/WifiHW  (  506): REPLY: ====
03-02 13:24:19.034 I/WifiHW  (  506): REPLY: id=1258
03-02 13:24:19.034 I/WifiHW  (  506): REPLY: bssid=10:c3:7b:d2:e5:e0
03-02 13:24:19.034 I/WifiHW  (  506): REPLY: freq=2462
03-02 13:24:19.034 I/WifiHW  (  506): REPLY: level=-54
03-02 13:24:19.034 I/WifiHW  (  506): REPLY: tsf=0000186580837373
03-02 13:24:19.034 I/WifiHW  (  506): REPLY: flags=[WPA2-PSK-CCMP][WPS][ESS]
03-02 13:24:19.034 I/WifiHW  (  506): REPLY: ssid=ASUS_RT-AC66U-2.4G
03-02 13:24:19.034 I/WifiHW  (  506): REPLY: ====
03-02 13:24:19.034 I/WifiHW  (  506): REPLY: id=1259
03-02 13:24:19.034 I/WifiHW  (  506): REPLY: bssid=cc:34:29:2c:fb:ec
03-02 13:24:19.034 I/WifiHW  (  506): REPLY: freq=2412
03-02 13:24:19.034 I/WifiHW  (  506): REPLY: level=-64
03-02 13:24:19.034 I/WifiHW  (  506): REPLY: tsf=0000186580837326
03-02 13:24:19.034 I/WifiHW  (  506): REPLY: flags=[WPA-PSK-CCMP][WPA2-PSK-CCMP][WPS][ESS]
03-02 13:24:19.034 I/WifiHW  (  506): REPLY: ssid=linksys
03-02 13:24:19.034 I/WifiHW  (  506): REPLY: ====
03-02 13:24:19.034 I/WifiHW  (  506): REPLY: id=1260
03-02 13:24:19.034 I/WifiHW  (  506): REPLY: bssid=98:fc:11:81:35:fb
03-02 13:24:19.034 I/WifiHW  (  506): REPLY: freq=2412
03-02 13:24:19.034 I/WifiHW  (  506): REPLY: level=-60
03-02 13:24:19.034 I/WifiHW  (  506): REPLY: tsf=0000186580837316
03-02 13:24:19.044 I/WifiHW  (  506): REPLY: flags=[WPA2-PSK-CCMP][WPS][ESS]
03-02 13:24:19.044 I/WifiHW  (  506): REPLY: ssid=E2000EE
03-02 13:24:19.044 I/WifiHW  (  506): REPLY: ====
03-02 13:24:19.044 I/WifiHW  (  506): REPLY: id=1261
03-02 13:24:19.044 I/WifiHW  (  506): REPLY: bssid=c4:17:fe:3f:4f:fb
03-02 13:24:19.044 I/WifiHW  (  506): REPLY: freq=2437
03-02 13:24:19.044 I/WifiHW  (  506): REPLY: level=-62
03-02 13:24:19.044 I/WifiHW  (  506): REPLY: tsf=0000186580837329
03-02 13:24:19.044 I/WifiHW  (  506): REPLY: flags=[WPA2-PSK-CCMP][ESS]
03-02 13:24:19.044 I/WifiHW  (  506): REPLY: ssid=cmcm
03-02 13:24:19.044 I/WifiHW  (  506): REPLY: ====
03-02 13:24:19.044 I/WifiHW  (  506): REPLY: id=1262
03-02 13:24:19.044 I/WifiHW  (  506): REPLY: bssid=cc:34:29:2b:26:4c
03-02 13:24:19.044 I/WifiHW  (  506): REPLY: freq=2462
03-02 13:24:19.044 I/WifiHW  (  506): REPLY: level=-54
03-02 13:24:19.044 I/WifiHW  (  506): REPLY: tsf=0000186580837360
03-02 13:24:19.044 I/WifiHW  (  506): REPLY: flags=[WPA2-PSK-CCMP][WPS][ESS]
03-02 13:24:19.044 I/WifiHW  (  506): REPLY: ssid=cws-test
03-02 13:24:19.044 I/WifiHW  (  506): REPLY: ====
03-02 13:24:19.044 I/WifiHW  (  506): REPLY: id=1265
03-02 13:24:19.044 I/WifiHW  (  506): REPLY: bssid=14:d6:4d:28:ef:c8
03-02 13:24:19.044 I/WifiHW  (  506): REPLY: freq=2437
03-02 13:24:19.044 I/WifiHW  (  506): REPLY: level=-72
03-02 13:24:19.044 I/WifiHW  (  506): REPLY: tsf=0000186580837346
03-02 13:24:19.044 I/WifiHW  (  506): REPLY: flags=[WPA2-PSK-CCMP][WPS][ESS]
03-02 13:24:19.044 I/WifiHW  (  506): REPLY: ssid=dlink
03-02 13:24:19.044 I/WifiHW  (  506): REPLY: ====
03-02 13:24:19.044 I/WifiHW  (  506): REPLY: id=1272
03-02 13:24:19.044 I/WifiHW  (  506): REPLY: bssid=7a:24:af:24:0f:48
03-02 13:24:19.044 I/WifiHW  (  506): REPLY: freq=2412
03-02 13:24:19.044 I/WifiHW  (  506): REPLY: level=-57
03-02 13:24:19.044 I/WifiHW  (  506): REPLY: tsf=0000186580837367
03-02 13:24:19.044 I/WifiHW  (  506): REPLY: flags=[WEP]
03-02 13:24:19.044 I/WifiHW  (  506): REPLY: ssid=DIRECT-
03-02 13:24:19.044 I/WifiHW  (  506): REPLY: ====
03-02 13:24:19.044 I/WifiHW  (  506): REPLY: id=1274
03-02 13:24:19.044 I/WifiHW  (  506): REPLY: bssid=c0:c1:c0:76:81:3c
03-02 13:24:19.044 I/WifiHW  (  506): REPLY: freq=2462
03-02 13:24:19.044 I/WifiHW  (  506): REPLY: level=-59
03-02 13:24:19.044 I/WifiHW  (  506): REPLY: tsf=0000186580837365
03-02 13:24:19.044 I/WifiHW  (  506): REPLY: flags=[WPS][ESS]
03-02 13:24:19.044 I/WifiHW  (  506): REPLY: ssid=E2000
03-02 13:24:19.044 I/WifiHW  (  506): REPLY: ====
03-02 13:24:19.044 I/WifiHW  (  506): REPLY: id=1275
03-02 13:24:19.044 I/WifiHW  (  506): REPLY: bssid=50:bd:5f:4b:29:92
03-02 13:24:19.044 I/WifiHW  (  506): REPLY: freq=2437
03-02 13:24:19.044 I/WifiHW  (  506): REPLY: level=-66
03-02 13:24:19.044 I/WifiHW  (  506): REPLY: tsf=0000186580837331
03-02 13:24:19.044 I/WifiHW  (  506): REPLY: flags=[ESS]
03-02 13:24:19.044 I/WifiHW  (  506): REPLY: ssid=Internet-2
03-02 13:24:19.044 I/WifiHW  (  506): REPLY: ====
03-02 13:24:19.044 I/WifiHW  (  506): REPLY: id=1277
03-02 13:24:19.044 I/WifiHW  (  506): REPLY: bssid=90:94:e4:03:45:f5
03-02 13:24:19.044 I/WifiHW  (  506): REPLY: freq=2442
03-02 13:24:19.044 I/WifiHW  (  506): REPLY: level=-58
03-02 13:24:19.044 I/WifiHW  (  506): REPLY: tsf=0000186580837351
03-02 13:24:19.044 I/WifiHW  (  506): REPLY: flags=[WPA2-PSK-CCMP+TKIP][ESS]
03-02 13:24:19.044 I/WifiHW  (  506): REPLY: ssid=DAP-2553_D
03-02 13:24:19.044 I/WifiHW  (  506): REPLY: ====
03-02 13:24:19.044 I/WifiHW  (  506): REPLY: id=1299
03-02 13:24:19.044 I/WifiHW  (  506): REPLY: bssid=e4:d3:32:36:2e:54
03-02 13:24:19.044 I/WifiHW  (  506): REPLY: freq=2472
03-02 13:24:19.044 I/WifiHW  (  506): REPLY: level=-67
03-02 13:24:19.044 I/WifiHW  (  506): REPLY: tsf=0000186580837378
03-02 13:24:19.044 I/WifiHW  (  506): REPLY: flags=[WPA-PSK-CCMP+TKIP][WPA2-PSK-CCMP+TKIP][WPS][ESS]
03-02 13:24:19.044 I/WifiHW  (  506): REPLY: ssid=otc
03-02 13:24:19.044 I/WifiHW  (  506): REPLY: ====
03-02 13:24:19.044 I/WifiHW  (  506): REPLY: id=1329
03-02 13:24:19.044 I/WifiHW  (  506): REPLY: bssid=02:1a:11:f3:82:d3
03-02 13:24:19.044 I/WifiHW  (  506): REPLY: freq=2437
03-02 13:24:19.044 I/WifiHW  (  506): REPLY: level=-68
03-02 13:24:19.044 I/WifiHW  (  506): REPLY: tsf=0000186539616529
03-02 13:24:19.044 I/WifiHW  (  506): REPLY: flags=[WPA2-PSK-CCMP][ESS]
03-02 13:24:19.044 I/WifiHW  (  506): REPLY: ssid=io1
03-02 13:24:19.044 I/WifiHW  (  506): EVENT: IFNAME=wlan0 WPS-AP-AVAILABLE 
03-02 13:24:19.044 I/WifiHW  (  506): EVENT: IFNAME=p2p-dev-wlan0 CTRL-EVENT-SCAN-RESULTS 
03-02 13:24:19.044 I/WifiHW  (  506): REPLY: ====
03-02 13:24:19.044 I/WifiHW  (  506): REPLY: id=1342
03-02 13:24:19.044 I/WifiHW  (  506): REPLY: bssid=c0:a0:bb:20:3b:84
03-02 13:24:19.044 I/WifiHW  (  506): REPLY: freq=2417
03-02 13:24:19.044 I/WifiHW  (  506): REPLY: level=-77
03-02 13:24:19.044 I/WifiHW  (  506): REPLY: tsf=0000186580837323
03-02 13:24:19.044 I/WifiHW  (  506): REPLY: flags=[WPA-PSK-CCMP+TKIP][WPA2-PSK-CCMP+TKIP][WPS][ESS]
03-02 13:24:19.044 I/WifiHW  (  506): REPLY: ssid=dlink-3B84
03-02 13:24:19.044 I/WifiHW  (  506): REPLY: ====
03-02 13:24:19.044 I/WifiHW  (  506): REPLY: id=1349
03-02 13:24:19.044 I/WifiHW  (  506): REPLY: bssid=22:48:9a:ac:31:7f
03-02 13:24:19.044 I/WifiHW  (  506): REPLY: freq=2437
03-02 13:24:19.044 I/WifiHW  (  506): REPLY: level=-67
03-02 13:24:19.044 I/WifiHW  (  506): REPLY: tsf=0000186580837341
03-02 13:24:19.044 I/WifiHW  (  506): REPLY: flags=[WPA2-PSK-CCMP][ESS]
03-02 13:24:19.044 I/WifiHW  (  506): REPLY: ssid=WiFi874
03-02 13:24:19.044 I/WifiHW  (  506): REPLY: ====
03-02 13:24:19.044 I/WifiHW  (  506): REPLY: id=1350
03-02 13:24:19.044 I/WifiHW  (  506): REPLY: bssid=b0:48:7a:51:ff:cc
03-02 13:24:19.044 I/WifiHW  (  506): REPLY: freq=2452
03-02 13:24:19.044 I/WifiHW  (  506): REPLY: level=-70
03-02 13:24:19.044 I/WifiHW  (  506): REPLY: tsf=0000186580837357
03-02 13:24:19.044 I/WifiHW  (  506): REPLY: flags=[WPA-PSK-CCMP][WPA2-PSK-CCMP][WPS][ESS]
03-02 13:24:19.044 I/WifiHW  (  506): REPLY: ssid=Neusoft TP
03-02 13:24:19.044 I/WifiHW  (  506): REPLY: ====
03-02 13:24:19.044 I/WifiHW  (  506): REPLY: id=1352
03-02 13:24:19.044 I/WifiHW  (  506): REPLY: bssid=cc:b2:55:e2:84:70
03-02 13:24:19.044 I/WifiHW  (  506): REPLY: freq=2447
03-02 13:24:19.044 I/WifiHW  (  506): REPLY: level=-63
03-02 13:24:19.044 I/WifiHW  (  506): REPLY: tsf=0000186580837354
03-02 13:24:19.044 I/WifiHW  (  506): REPLY: flags=[WPA-PSK-TKIP][WPA2-PSK-TKIP][ESS]
03-02 13:24:19.044 I/WifiHW  (  506): REPLY: ssid=DLINK_APK
03-02 13:24:19.044 I/WifiHW  (  506): REPLY: ====
03-02 13:24:19.044 I/WifiHW  (  506): REPLY: id=1353
03-02 13:24:19.044 I/WifiHW  (  506): REPLY: bssid=02:09:4c:3e:43:ae
03-02 13:24:19.044 I/WifiHW  (  506): REPLY: freq=2412
03-02 13:24:19.044 I/WifiHW  (  506): REPLY: level=-76
03-02 13:24:19.044 I/WifiHW  (  506): REPLY: tsf=0000186580837319
03-02 13:24:19.044 I/WifiHW  (  506): REPLY: flags=[WEP]
03-02 13:24:19.044 I/WifiHW  (  506): REPLY: ssid=DIRECT-
03-02 13:24:19.044 I/WifiHW  (  506): REPLY: ====
03-02 13:24:19.044 I/WifiHW  (  506): REPLY: id=1354
03-02 13:24:19.044 I/WifiHW  (  506): REPLY: bssid=1c:65:9d:e8:79:44
03-02 13:24:19.044 I/WifiHW  (  506): REPLY: freq=2437
03-02 13:24:19.044 I/WifiHW  (  506): REPLY: level=-76
03-02 13:24:19.044 I/WifiHW  (  506): REPLY: tsf=0000186580837348
03-02 13:24:19.044 I/WifiHW  (  506): REPLY: flags=[WPA2-PSK-CCMP][ESS]
03-02 13:24:19.044 I/WifiHW  (  506): REPLY: ssid=WiFi
03-02 13:24:19.044 I/WifiHW  (  506): REPLY: ====
03-02 13:24:19.044 I/WifiHW  (  506): REPLY: id=1355
03-02 13:24:19.044 I/WifiHW  (  506): REPLY: bssid=7a:24:af:1e:df:58
03-02 13:24:19.044 I/WifiHW  (  506): REPLY: freq=2412
03-02 13:24:19.044 I/WifiHW  (  506): REPLY: level=-53
03-02 13:24:19.044 I/WifiHW  (  506): REPLY: tsf=0000186580837370
03-02 13:24:19.044 I/WifiHW  (  506): REPLY: flags=[WEP]
03-02 13:24:19.044 I/WifiHW  (  506): REPLY: ssid=DIRECT-
03-02 13:24:19.044 I/WifiHW  (  506): REPLY: ====
03-02 13:24:19.044 I/WifiHW  (  506): REPLY: id=1356
03-02 13:24:19.044 I/WifiHW  (  506): REPLY: bssid=e4:d3:32:dd:18:62
03-02 13:24:19.044 I/WifiHW  (  506): REPLY: freq=2437
03-02 13:24:19.044 I/WifiHW  (  506): REPLY: level=-74
03-02 13:24:19.044 I/WifiHW  (  506): REPLY: tsf=0000186580837337
03-02 13:24:19.044 I/WifiHW  (  506): REPLY: flags=[ESS]
03-02 13:24:19.044 I/WifiHW  (  506): REPLY: ssid=Internet
03-02 13:24:19.044 I/WifiHW  (  506): REPLY: ####
03-02 13:24:37.214 D/EVENT_THREAD(  187): void CEventThread::run() POLLIN event on Fd (1)
03-02 13:24:37.214 D/EVENT_THREAD(  187): void CEventThread::run() Do poll with timeout: -1
03-02 13:24:37.214 D/EVENT_THREAD(  187): void CEventThread::run() POLLIN event on Fd (1)
03-02 13:24:37.214 D/EVENT_THREAD(  187): void CEventThread::run() Do poll with timeout: -1
03-02 13:24:37.214 I/upi_ug31xx(  167): (6352) update_capacity
03-02 13:24:37.214 I/[UPI]   (  167): <UG31/E>[UpiReadCapacity]: V=3825(3820), T=334(336-402), I=-609, C=-6(-6-0)
03-02 13:24:37.214 I/[UPI]   (  167): <UG31/E>[UpiReadCapacity]: (0x0000254a) 2256 (2161) / 3602 (3990) = 63
03-02 13:24:37.214 I/[UPI]   (  167): <UG31/E>[UpiReadCapacity]: (0x0000254a) 2256 (2161) / 3602 (3990) = 63
03-02 13:24:37.214 I/[UPI]   (  167): <UG31/E>[UpiReadCapacity]: (0x0000254a) 2250 (2250) / 3602 (3990) = 62
03-02 13:24:37.214 I/[UPI]   (  167): <UG31/E>[RsocFilterCountTime]: (0x0000254a) Step=5(333410), Full=5(333410), Lock=333410(1800000)
03-02 13:24:37.214 I/[UPI]   (  167): <UG31/E>[UpiReadCapacity]: (0x0000254a) 2250 (2250) / 3602 (3990) = 62 (-609--609)
03-02 13:24:37.214 I/[UPI]   (  167): <UG31/E><BATT> M:normal, P:62(62-62)%, V:3817mV, C:-618mA, T:33.6C(402), S:0x0000254a(000), R:2250mAh, F:3602mAh, Q:1614mAh, CC:3, P:30.240(1362-0)s, BO:7, 97:615:0-44af-9m:B001-20140514-144301 (16)
03-02 13:24:37.214 I/upi_ug31xx(  167): (6353) backup_data 
03-02 13:24:37.214 V/upi_ug31xx(  167): state->check_backup_count = 9
03-02 13:24:37.444 D/EVENT_THREAD(  187): void CEventThread::run() POLLIN event on Fd (1)
03-02 13:24:37.444 D/EVENT_THREAD(  187): void CEventThread::run() Do poll with timeout: -1
03-02 13:24:42.074 I/ActivityManager(  506): Process com.chrome.beta:sandboxed_process0 (pid 21721) has died.
03-02 13:24:42.094 I/SecurityManagerService(  621): SMS received security event: App[STOP/com.chrome.beta]
03-02 13:24:42.104 I/ActivityManager(  506): Process com.chrome.beta (pid 21702) has died.
03-02 13:24:42.114 W/InputDispatcher(  506): channel '22216230 com.chrome.beta/com.google.android.apps.chrome.ChromeTabbedActivity (server)' ~ Consumer closed input channel or an error occurred.  events=0x9
03-02 13:24:42.114 E/InputDispatcher(  506): channel '22216230 com.chrome.beta/com.google.android.apps.chrome.ChromeTabbedActivity (server)' ~ Channel is unrecoverably broken and will be disposed!
03-02 13:24:42.154 I/SecurityManagerService(  621): SMS received security event: App[STOP/com.chrome.beta]
03-02 13:24:42.164 I/WindowState(  506): WIN DEATH: Window{22216230 u0 com.chrome.beta/com.google.android.apps.chrome.ChromeTabbedActivity}
03-02 13:24:42.184 D/        (21942): Pixel Format : GGL_PIXEL_FORMAT_RGBA_8888
03-02 13:24:42.184 W/InputDispatcher(  506): Attempted to unregister already unregistered input channel '22216230 com.chrome.beta/com.google.android.apps.chrome.ChromeTabbedActivity (server)'
03-02 13:24:42.194 W/WindowManager(  506): Force-removing child win Window{2282ca90 u0 SurfaceView} from container Window{22216230 u0 com.chrome.beta/com.google.android.apps.chrome.ChromeTabbedActivity}
03-02 13:24:42.224 W/WindowManager(  506): Failed looking up window
03-02 13:24:42.224 W/WindowManager(  506): java.lang.IllegalArgumentException: Requested window android.os.BinderProxy@2249dd78 does not exist
03-02 13:24:42.224 W/WindowManager(  506): 	at com.android.server.wm.WindowManagerService.windowForClientLocked(WindowManagerService.java:8056)
03-02 13:24:42.224 W/WindowManager(  506): 	at com.android.server.wm.WindowManagerService.windowForClientLocked(WindowManagerService.java:8047)
03-02 13:24:42.224 W/WindowManager(  506): 	at com.android.server.wm.WindowState$DeathRecipient.binderDied(WindowState.java:1087)
03-02 13:24:42.224 W/WindowManager(  506): 	at android.os.BinderProxy.sendDeathNotice(Binder.java:493)
03-02 13:24:42.224 W/WindowManager(  506): 	at dalvik.system.NativeStart.run(Native Method)
03-02 13:24:42.224 I/WindowState(  506): WIN DEATH: null
03-02 13:24:42.234 I/ActivityManager(  506): Process com.chrome.beta:privileged_process0 (pid 21774) has died.
03-02 13:24:42.234 I/SecurityManagerService(  621): SMS received security event: App[STOP/com.chrome.beta]
03-02 13:24:48.904 I/SecurityManagerService(  621): SMS received security event: App[STOP/com.asus.sitd.whatsnext]
03-02 13:24:48.904 I/ActivityManager(  506): Process com.asus.sitd.whatsnext (pid 21804) has died.
03-02 13:24:50.554 I/ActivityManager(  506): Process testkit.stub (pid 21864) has died.
03-02 13:24:50.554 I/SecurityManagerService(  621): SMS received security event: App[STOP/testkit.stub]
03-02 13:24:50.554 I/WindowState(  506): WIN DEATH: Window{22a68198 u0 testkit.stub/testkit.stub.TestkitStub}
03-02 13:24:55.774 D/dalvikvm(  506): GC_EXPLICIT freed 1570K, 47% free 19458K/36368K, paused 1ms+6ms, total 100ms
03-02 13:24:59.054 D/wpa_supplicant(  659): wlan0: Starting AP scan for wildcard SSID
03-02 13:24:59.054 D/wpa_supplicant(  659): WPS: Building WPS IE for Probe Request
03-02 13:24:59.054 D/wpa_supplicant(  659): WPS:  * Version (hardcoded 0x10)
03-02 13:24:59.054 D/wpa_supplicant(  659): WPS:  * Request Type
03-02 13:24:59.054 D/wpa_supplicant(  659): WPS:  * Config Methods (4288)
03-02 13:24:59.064 D/wpa_supplicant(  659): WPS:  * UUID-E
03-02 13:24:59.064 D/wpa_supplicant(  659): WPS:  * Primary Device Type
03-02 13:24:59.064 D/wpa_supplicant(  659): WPS:  * RF Bands (1)
03-02 13:24:59.064 D/wpa_supplicant(  659): WPS:  * Association State
03-02 13:24:59.064 D/wpa_supplicant(  659): WPS:  * Configuration Error (0)
03-02 13:24:59.064 D/wpa_supplicant(  659): WPS:  * Device Password ID (0)
03-02 13:24:59.064 D/wpa_supplicant(  659): WPS:  * Manufacturer
03-02 13:24:59.064 D/wpa_supplicant(  659): WPS:  * Model Name
03-02 13:24:59.064 D/wpa_supplicant(  659): WPS:  * Model Number
03-02 13:24:59.064 D/wpa_supplicant(  659): WPS:  * Device Name
03-02 13:24:59.064 D/wpa_supplicant(  659): WPS:  * Version2 (0x20)
03-02 13:24:59.064 D/wpa_supplicant(  659): P2P: * P2P IE header
03-02 13:24:59.064 D/wpa_supplicant(  659): P2P: * Capability dev=25 group=00
03-02 13:24:59.064 D/wpa_supplicant(  659): P2P: * Listen Channel: Regulatory Class 81 Channel 11
03-02 13:24:59.064 D/wpa_supplicant(  659): wlan0: nl80211: scan request
03-02 13:24:59.154 D/wpa_supplicant(  659): Scan requested (ret=0) - scan timeout 30 seconds
03-02 13:24:59.154 D/wpa_supplicant(  659): nl80211: Drv Event 33 (NL80211_CMD_TRIGGER_SCAN) received for wlan0
03-02 13:24:59.154 D/wpa_supplicant(  659): wlan0: nl80211: Scan trigger
03-02 13:25:00.094 D/Clock   (  570): ACTION_TIME_TICK
03-02 13:25:00.114 D/Clock   (  570): update clock:1:25
03-02 13:25:00.274 D/wpa_supplicant(  659): nl80211: Drv Event 34 (NL80211_CMD_NEW_SCAN_RESULTS) received for wlan0
03-02 13:25:00.274 D/wpa_supplicant(  659): wlan0: nl80211: New scan results available
03-02 13:25:00.274 D/wpa_supplicant(  659): wlan0: Event SCAN_RESULTS (3) received
03-02 13:25:00.274 D/wpa_supplicant(  659): nl80211: Received scan results (23 BSSes)
03-02 13:25:00.274 D/wpa_supplicant(  659): nl80211: Survey data missing
03-02 13:25:00.274 D/wpa_supplicant(  659): wlan0: BSS: Start scan result update 517
03-02 13:25:00.274 D/wpa_supplicant(  659): wlan0: BSS: Add new id 1357 BSSID 22:48:9a:ac:31:5b SSID 'dean1'
03-02 13:25:00.274 D/wpa_supplicant(  659): CTRL_IFACE monitor send - hexdump(len=39): 2f 64 61 74 61 2f 6d 69 73 63 2f 77 69 66 69 2f 73 6f 63 6b 65 74 73 2f 77 70 61 5f 63 74 72 6c ...
03-02 13:25:00.274 D/wpa_supplicant(  659): wlan0: BSS: Add new id 1358 BSSID 00:0f:e2:0f:9f:c1 SSID '321_WAN'
03-02 13:25:00.274 D/wpa_supplicant(  659): CTRL_IFACE monitor send - hexdump(len=39): 2f 64 61 74 61 2f 6d 69 73 63 2f 77 69 66 69 2f 73 6f 63 6b 65 74 73 2f 77 70 61 5f 63 74 72 6c ...
03-02 13:25:00.274 D/wpa_supplicant(  659): wlan0: BSS: Add new id 1359 BSSID 7e:7a:91:dc:83:0e SSID 'Donny'
03-02 13:25:00.274 D/wpa_supplicant(  659): CTRL_IFACE monitor send - hexdump(len=39): 2f 64 61 74 61 2f 6d 69 73 63 2f 77 69 66 69 2f 73 6f 63 6b 65 74 73 2f 77 70 61 5f 63 74 72 6c ...
03-02 13:25:00.274 D/wpa_supplicant(  659): wlan0: BSS: Add new id 1360 BSSID ee:78:5f:0d:69:c1 SSID 'iPhone'
03-02 13:25:00.274 D/wpa_supplicant(  659): CTRL_IFACE monitor send - hexdump(len=39): 2f 64 61 74 61 2f 6d 69 73 63 2f 77 69 66 69 2f 73 6f 63 6b 65 74 73 2f 77 70 61 5f 63 74 72 6c ...
03-02 13:25:00.274 D/wpa_supplicant(  659): wlan0: BSS: Add new id 1361 BSSID 00:25:86:5c:5e:30 SSID 'internet'
03-02 13:25:00.274 D/wpa_supplicant(  659): CTRL_IFACE monitor send - hexdump(len=39): 2f 64 61 74 61 2f 6d 69 73 63 2f 77 69 66 69 2f 73 6f 63 6b 65 74 73 2f 77 70 61 5f 63 74 72 6c ...
03-02 13:25:00.274 D/wpa_supplicant(  659): BSS: last_scan_res_used=22/32 last_scan_full=0
03-02 13:25:00.284 I/WifiHW  (  506): EVENT: IFNAME=wlan0 CTRL-EVENT-BSS-ADDED 1357 22:48:9a:ac:31:5b
03-02 13:25:00.294 I/WifiHW  (  506): EVENT: IFNAME=wlan0 CTRL-EVENT-BSS-ADDED 1358 00:0f:e2:0f:9f:c1
03-02 13:25:00.294 I/WifiHW  (  506): EVENT: IFNAME=wlan0 CTRL-EVENT-BSS-ADDED 1359 7e:7a:91:dc:83:0e
03-02 13:25:00.294 I/WifiHW  (  506): EVENT: IFNAME=wlan0 CTRL-EVENT-BSS-ADDED 1360 ee:78:5f:0d:69:c1
03-02 13:25:00.294 I/WifiHW  (  506): EVENT: IFNAME=wlan0 CTRL-EVENT-BSS-ADDED 1361 00:25:86:5c:5e:30
03-02 13:25:00.294 D/wpa_supplicant(  659): wlan0: New scan results available
03-02 13:25:00.294 D/wpa_supplicant(  659): CTRL_IFACE monitor send - hexdump(len=39): 2f 64 61 74 61 2f 6d 69 73 63 2f 77 69 66 69 2f 73 6f 63 6b 65 74 73 2f 77 70 61 5f 63 74 72 6c ...
03-02 13:25:00.294 D/wpa_supplicant(  659): CTRL_IFACE monitor send - hexdump(len=39): 2f 64 61 74 61 2f 6d 69 73 63 2f 77 69 66 69 2f 73 6f 63 6b 65 74 73 2f 77 70 61 5f 63 74 72 6c ...
03-02 13:25:00.294 D/wpa_supplicant(  659): Authorize channel 1
03-02 13:25:00.294 D/wpa_supplicant(  659): Authorize channel 2
03-02 13:25:00.294 D/wpa_supplicant(  659): Authorize channel 3
03-02 13:25:00.294 D/wpa_supplicant(  659): Authorize channel 4
03-02 13:25:00.294 D/wpa_supplicant(  659): Authorize channel 5
03-02 13:25:00.294 D/wpa_supplicant(  659): Authorize channel 6
03-02 13:25:00.294 D/wpa_supplicant(  659): Authorize channel 7
03-02 13:25:00.294 D/wpa_supplicant(  659): Authorize channel 8
03-02 13:25:00.294 D/wpa_supplicant(  659): Authorize channel 9
03-02 13:25:00.294 D/wpa_supplicant(  659): Authorize channel 10
03-02 13:25:00.294 D/wpa_supplicant(  659): Authorize channel 11
03-02 13:25:00.294 D/wpa_supplicant(  659): Authorize channel 12
03-02 13:25:00.294 D/wpa_supplicant(  659): Authorize channel 13
03-02 13:25:00.294 D/wpa_supplicant(  659): Authorize channel 1
03-02 13:25:00.294 D/wpa_supplicant(  659): Authorize channel 2
03-02 13:25:00.294 D/wpa_supplicant(  659): Authorize channel 3
03-02 13:25:00.294 D/wpa_supplicant(  659): Authorize channel 4
03-02 13:25:00.294 D/wpa_supplicant(  659): Authorize channel 5
03-02 13:25:00.294 D/wpa_supplicant(  659): Authorize channel 6
03-02 13:25:00.294 D/wpa_supplicant(  659): Authorize channel 7
03-02 13:25:00.294 D/wpa_supplicant(  659): Authorize channel 8
03-02 13:25:00.294 D/wpa_supplicant(  659): Authorize channel 9
03-02 13:25:00.294 D/wpa_supplicant(  659): Authorize channel 10
03-02 13:25:00.294 D/wpa_supplicant(  659): Authorize channel 11
03-02 13:25:00.294 D/wpa_supplicant(  659): Authorize channel 12
03-02 13:25:00.294 D/wpa_supplicant(  659): Authorize channel 13
03-02 13:25:00.294 D/wpa_supplicant(  659): Add access point on channel 6
03-02 13:25:00.294 D/wpa_supplicant(  659): Add access point on channel 11
03-02 13:25:00.294 D/wpa_supplicant(  659): Add access point on channel 6
03-02 13:25:00.294 D/wpa_supplicant(  659): Add access point on channel 11
03-02 13:25:00.294 D/wpa_supplicant(  659): Add access point on channel 1
03-02 13:25:00.294 D/wpa_supplicant(  659): Add access point on channel 1
03-02 13:25:00.294 D/wpa_supplicant(  659): Add access point on channel 6
03-02 13:25:00.294 D/wpa_supplicant(  659): Add access point on channel 11
03-02 13:25:00.294 D/wpa_supplicant(  659): Add access point on channel 6
03-02 13:25:00.294 D/wpa_supplicant(  659): Add access point on channel 1
03-02 13:25:00.294 D/wpa_supplicant(  659): Add access point on channel 11
03-02 13:25:00.294 D/wpa_supplicant(  659): Add access point on channel 6
03-02 13:25:00.294 D/wpa_supplicant(  659): Add access point on channel 7
03-02 13:25:00.294 D/wpa_supplicant(  659): Add access point on channel 13
03-02 13:25:00.294 D/wpa_supplicant(  659): Add access point on channel 6
03-02 13:25:00.294 D/wpa_supplicant(  659): Add access point on channel 2
03-02 13:25:00.294 D/wpa_supplicant(  659): Add access point on channel 6
03-02 13:25:00.294 D/wpa_supplicant(  659): Add access point on channel 9
03-02 13:25:00.294 D/wpa_supplicant(  659): Add access point on channel 8
03-02 13:25:00.294 D/wpa_supplicant(  659): Add access point on channel 1
03-02 13:25:00.294 D/wpa_supplicant(  659): Add access point on channel 6
03-02 13:25:00.294 D/wpa_supplicant(  659): Add access point on channel 1
