02-28 17:23:19.514 D/wpa_supplicant(  659): nl80211: survey data missing!
02-28 17:23:19.514 I/WifiHW  (  506): REPLY: RSSI=-53
02-28 17:23:19.514 I/WifiHW  (  506): REPLY: LINKSPEED=65
02-28 17:23:19.514 I/WifiHW  (  506): REPLY: NOISE=9999
02-28 17:23:19.514 I/WifiHW  (  506): REPLY: FREQUENCY=2437
02-28 17:23:22.524 I/WifiHW  (  506): CMD: IFNAME=wlan0 SIGNAL_POLL
02-28 17:23:22.524 D/wpa_supplicant(  659): RX ctrl_iface - hexdump(len=11): 53 49 47 4e 41 4c 5f 50 4f 4c 4c
02-28 17:23:22.524 D/wpa_supplicant(  659): wlan0: Control interface command 'SIGNAL_POLL'
02-28 17:23:22.554 D/wpa_supplicant(  659): nl80211: survey data missing!
02-28 17:23:22.554 I/WifiHW  (  506): REPLY: RSSI=-53
02-28 17:23:22.554 I/WifiHW  (  506): REPLY: LINKSPEED=65
02-28 17:23:22.554 I/WifiHW  (  506): REPLY: NOISE=9999
02-28 17:23:22.554 I/WifiHW  (  506): REPLY: FREQUENCY=2437
02-28 17:23:22.804 W/BindingManager(29939): Cannot call determinedVisibility() - never saw a connection for the pid: 29939
02-28 17:23:25.564 I/WifiHW  (  506): CMD: IFNAME=wlan0 SIGNAL_POLL
02-28 17:23:25.564 D/wpa_supplicant(  659): RX ctrl_iface - hexdump(len=11): 53 49 47 4e 41 4c 5f 50 4f 4c 4c
02-28 17:23:25.564 D/wpa_supplicant(  659): wlan0: Control interface command 'SIGNAL_POLL'
02-28 17:23:25.594 D/wpa_supplicant(  659): nl80211: survey data missing!
02-28 17:23:25.594 I/WifiHW  (  506): REPLY: RSSI=-53
02-28 17:23:25.594 I/WifiHW  (  506): REPLY: LINKSPEED=65
02-28 17:23:25.594 I/WifiHW  (  506): REPLY: NOISE=9999
02-28 17:23:25.594 I/WifiHW  (  506): REPLY: FREQUENCY=2437
02-28 17:23:28.604 I/WifiHW  (  506): CMD: IFNAME=wlan0 SIGNAL_POLL
02-28 17:23:28.604 D/wpa_supplicant(  659): RX ctrl_iface - hexdump(len=11): 53 49 47 4e 41 4c 5f 50 4f 4c 4c
02-28 17:23:28.604 D/wpa_supplicant(  659): wlan0: Control interface command 'SIGNAL_POLL'
02-28 17:23:28.634 D/wpa_supplicant(  659): nl80211: survey data missing!
02-28 17:23:28.634 I/WifiHW  (  506): REPLY: RSSI=-53
02-28 17:23:28.634 I/WifiHW  (  506): REPLY: LINKSPEED=65
02-28 17:23:28.634 I/WifiHW  (  506): REPLY: NOISE=9999
02-28 17:23:28.634 I/WifiHW  (  506): REPLY: FREQUENCY=2437
02-28 17:23:31.644 I/WifiHW  (  506): CMD: IFNAME=wlan0 SIGNAL_POLL
02-28 17:23:31.644 D/wpa_supplicant(  659): RX ctrl_iface - hexdump(len=11): 53 49 47 4e 41 4c 5f 50 4f 4c 4c
02-28 17:23:31.644 D/wpa_supplicant(  659): wlan0: Control interface command 'SIGNAL_POLL'
02-28 17:23:31.674 D/wpa_supplicant(  659): nl80211: survey data missing!
02-28 17:23:31.674 I/WifiHW  (  506): REPLY: RSSI=-53
02-28 17:23:31.674 I/WifiHW  (  506): REPLY: LINKSPEED=65
02-28 17:23:31.674 I/WifiHW  (  506): REPLY: NOISE=9999
02-28 17:23:31.674 I/WifiHW  (  506): REPLY: FREQUENCY=2437
02-28 17:23:34.684 I/WifiHW  (  506): CMD: IFNAME=wlan0 SIGNAL_POLL
02-28 17:23:34.684 D/wpa_supplicant(  659): RX ctrl_iface - hexdump(len=11): 53 49 47 4e 41 4c 5f 50 4f 4c 4c
02-28 17:23:34.684 D/wpa_supplicant(  659): wlan0: Control interface command 'SIGNAL_POLL'
02-28 17:23:34.714 D/wpa_supplicant(  659): nl80211: survey data missing!
02-28 17:23:34.714 I/WifiHW  (  506): REPLY: RSSI=-53
02-28 17:23:34.714 I/WifiHW  (  506): REPLY: LINKSPEED=65
02-28 17:23:34.714 I/WifiHW  (  506): REPLY: NOISE=9999
02-28 17:23:34.714 I/WifiHW  (  506): REPLY: FREQUENCY=2437
02-28 17:23:34.994 W/BindingManager(29939): Cannot call determinedVisibility() - never saw a connection for the pid: 29939
02-28 17:23:37.724 I/WifiHW  (  506): CMD: IFNAME=wlan0 SIGNAL_POLL
02-28 17:23:37.724 D/wpa_supplicant(  659): RX ctrl_iface - hexdump(len=11): 53 49 47 4e 41 4c 5f 50 4f 4c 4c
02-28 17:23:37.724 D/wpa_supplicant(  659): wlan0: Control interface command 'SIGNAL_POLL'
02-28 17:23:37.744 D/wpa_supplicant(  659): nl80211: survey data missing!
02-28 17:23:37.744 I/WifiHW  (  506): REPLY: RSSI=-54
02-28 17:23:37.744 I/WifiHW  (  506): REPLY: LINKSPEED=65
02-28 17:23:37.744 I/WifiHW  (  506): REPLY: NOISE=9999
02-28 17:23:37.744 I/WifiHW  (  506): REPLY: FREQUENCY=2437
02-28 17:23:40.744 I/WifiHW  (  506): CMD: IFNAME=wlan0 SIGNAL_POLL
02-28 17:23:40.744 D/wpa_supplicant(  659): RX ctrl_iface - hexdump(len=11): 53 49 47 4e 41 4c 5f 50 4f 4c 4c
02-28 17:23:40.744 D/wpa_supplicant(  659): wlan0: Control interface command 'SIGNAL_POLL'
02-28 17:23:40.774 D/wpa_supplicant(  659): nl80211: survey data missing!
02-28 17:23:40.774 I/WifiHW  (  506): REPLY: RSSI=-54
02-28 17:23:40.774 I/WifiHW  (  506): REPLY: LINKSPEED=65
02-28 17:23:40.774 I/WifiHW  (  506): REPLY: NOISE=9999
02-28 17:23:40.774 I/WifiHW  (  506): REPLY: FREQUENCY=2437
02-28 17:23:43.784 I/WifiHW  (  506): CMD: IFNAME=wlan0 SIGNAL_POLL
02-28 17:23:43.784 D/wpa_supplicant(  659): RX ctrl_iface - hexdump(len=11): 53 49 47 4e 41 4c 5f 50 4f 4c 4c
02-28 17:23:43.784 D/wpa_supplicant(  659): wlan0: Control interface command 'SIGNAL_POLL'
02-28 17:23:43.814 D/wpa_supplicant(  659): nl80211: survey data missing!
02-28 17:23:43.814 I/WifiHW  (  506): REPLY: RSSI=-55
02-28 17:23:43.814 I/WifiHW  (  506): REPLY: LINKSPEED=65
02-28 17:23:43.814 I/WifiHW  (  506): REPLY: NOISE=9999
02-28 17:23:43.814 I/WifiHW  (  506): REPLY: FREQUENCY=2437
02-28 17:23:46.824 I/WifiHW  (  506): CMD: IFNAME=wlan0 SIGNAL_POLL
02-28 17:23:46.824 D/wpa_supplicant(  659): RX ctrl_iface - hexdump(len=11): 53 49 47 4e 41 4c 5f 50 4f 4c 4c
02-28 17:23:46.824 D/wpa_supplicant(  659): wlan0: Control interface command 'SIGNAL_POLL'
02-28 17:23:46.854 D/wpa_supplicant(  659): nl80211: survey data missing!
02-28 17:23:46.854 I/WifiHW  (  506): REPLY: RSSI=-55
02-28 17:23:46.854 I/WifiHW  (  506): REPLY: LINKSPEED=65
02-28 17:23:46.854 I/WifiHW  (  506): REPLY: NOISE=9999
02-28 17:23:46.854 I/WifiHW  (  506): REPLY: FREQUENCY=2437
02-28 17:23:47.204 W/BindingManager(29939): Cannot call determinedVisibility() - never saw a connection for the pid: 29939
02-28 17:23:47.414 D/EVENT_THREAD(  187): void CEventThread::run() POLLIN event on Fd (1)
02-28 17:23:47.414 D/EVENT_THREAD(  187): void CEventThread::run() Do poll with timeout: -1
02-28 17:23:47.414 I/upi_ug31xx(  167): (3065) update_capacity
02-28 17:23:47.414 I/[UPI]   (  167): <UG31/E>[UpiReadCapacity]: V=4238(4237), T=320(322-391), I=-334, C=-2(-2-0)
02-28 17:23:47.414 I/[UPI]   (  167): <UG31/E>[UpiReadCapacity]: (0x00800d5a) 3727 (3707) / 3822 (3822) = 98
02-28 17:23:47.414 I/[UPI]   (  167): <UG31/E>[UpiReadCapacity]: (0x00800d5a) 3727 (3707) / 3822 (3822) = 98
02-28 17:23:47.414 I/[UPI]   (  167): <UG31/E>[UpiReadCapacity]: (0x00800d5a) 3725 (3725) / 3822 (3822) = 97
02-28 17:23:47.414 I/[UPI]   (  167): <UG31/E>[RsocFilterCountTime]: (0x00800d5a) Step=0(30300), Full=5(606540), Lock=30300(1800000)
02-28 17:23:47.414 I/[UPI]   (  167): <UG31/E>[UpiReadCapacity]: (0x00800d5a) 3727 (3725) / 3822 (3822) = 98 (-334--334)
02-28 17:23:47.414 I/[UPI]   (  167): <UG31/E><BATT> M:normal, P:98(98-97)%, V:4236mV, C:-348mA, T:32.2C(391), S:0x00800d5a(100), R:3727mAh, F:3822mAh, Q:2917mAh, CC:3, P:30.300(53-0)s, BO:7, 97:615:0-44af-9m:B001-20140514-144301 (1)
02-28 17:23:47.414 D/EVENT_THREAD(  187): void CEventThread::run() POLLIN event on Fd (1)
02-28 17:23:47.414 D/EVENT_THREAD(  187): void CEventThread::run() Do poll with timeout: -1
02-28 17:23:47.414 I/upi_ug31xx(  167): (3066) backup_data 
02-28 17:23:47.414 V/upi_ug31xx(  167): state->check_backup_count = 19
02-28 17:23:49.864 I/WifiHW  (  506): CMD: IFNAME=wlan0 SIGNAL_POLL
02-28 17:23:49.864 D/wpa_supplicant(  659): RX ctrl_iface - hexdump(len=11): 53 49 47 4e 41 4c 5f 50 4f 4c 4c
02-28 17:23:49.864 D/wpa_supplicant(  659): wlan0: Control interface command 'SIGNAL_POLL'
02-28 17:23:49.894 D/wpa_supplicant(  659): nl80211: survey data missing!
02-28 17:23:49.894 I/WifiHW  (  506): REPLY: RSSI=-55
02-28 17:23:49.894 I/WifiHW  (  506): REPLY: LINKSPEED=65
02-28 17:23:49.894 I/WifiHW  (  506): REPLY: NOISE=9999
02-28 17:23:49.894 I/WifiHW  (  506): REPLY: FREQUENCY=2437
02-28 17:23:52.904 I/WifiHW  (  506): CMD: IFNAME=wlan0 SIGNAL_POLL
02-28 17:23:52.904 D/wpa_supplicant(  659): RX ctrl_iface - hexdump(len=11): 53 49 47 4e 41 4c 5f 50 4f 4c 4c
02-28 17:23:52.904 D/wpa_supplicant(  659): wlan0: Control interface command 'SIGNAL_POLL'
02-28 17:23:52.934 D/wpa_supplicant(  659): nl80211: survey data missing!
02-28 17:23:52.934 I/WifiHW  (  506): REPLY: RSSI=-55
02-28 17:23:52.934 I/WifiHW  (  506): REPLY: LINKSPEED=65
02-28 17:23:52.934 I/WifiHW  (  506): REPLY: NOISE=9999
02-28 17:23:52.934 I/WifiHW  (  506): REPLY: FREQUENCY=2437
02-28 17:23:55.944 I/WifiHW  (  506): CMD: IFNAME=wlan0 SIGNAL_POLL
02-28 17:23:55.944 D/wpa_supplicant(  659): RX ctrl_iface - hexdump(len=11): 53 49 47 4e 41 4c 5f 50 4f 4c 4c
02-28 17:23:55.944 D/wpa_supplicant(  659): wlan0: Control interface command 'SIGNAL_POLL'
02-28 17:23:55.974 D/wpa_supplicant(  659): nl80211: survey data missing!
02-28 17:23:55.974 I/WifiHW  (  506): REPLY: RSSI=-54
02-28 17:23:55.974 I/WifiHW  (  506): REPLY: LINKSPEED=65
02-28 17:23:55.974 I/WifiHW  (  506): REPLY: NOISE=9999
02-28 17:23:55.974 I/WifiHW  (  506): REPLY: FREQUENCY=2437
02-28 17:23:58.984 I/WifiHW  (  506): CMD: IFNAME=wlan0 SIGNAL_POLL
02-28 17:23:58.984 D/wpa_supplicant(  659): RX ctrl_iface - hexdump(len=11): 53 49 47 4e 41 4c 5f 50 4f 4c 4c
02-28 17:23:58.984 D/wpa_supplicant(  659): wlan0: Control interface command 'SIGNAL_POLL'
02-28 17:23:59.014 D/wpa_supplicant(  659): nl80211: survey data missing!
02-28 17:23:59.014 I/WifiHW  (  506): REPLY: RSSI=-55
02-28 17:23:59.014 I/WifiHW  (  506): REPLY: LINKSPEED=65
02-28 17:23:59.014 I/WifiHW  (  506): REPLY: NOISE=9999
02-28 17:23:59.014 I/WifiHW  (  506): REPLY: FREQUENCY=2437
02-28 17:23:59.394 W/BindingManager(29939): Cannot call determinedVisibility() - never saw a connection for the pid: 29939
02-28 17:24:00.004 D/Clock   (  570): ACTION_TIME_TICK
02-28 17:24:00.004 D/Clock   (  570): update clock:下午5:24
02-28 17:24:00.034 D/BatteryStatsImpl(  506): noteStopWakeLocked system isFromForeground = false
02-28 17:24:02.024 I/WifiHW  (  506): CMD: IFNAME=wlan0 SIGNAL_POLL
02-28 17:24:02.024 D/wpa_supplicant(  659): RX ctrl_iface - hexdump(len=11): 53 49 47 4e 41 4c 5f 50 4f 4c 4c
02-28 17:24:02.024 D/wpa_supplicant(  659): wlan0: Control interface command 'SIGNAL_POLL'
02-28 17:24:02.054 D/wpa_supplicant(  659): nl80211: survey data missing!
02-28 17:24:02.054 I/WifiHW  (  506): REPLY: RSSI=-54
02-28 17:24:02.054 I/WifiHW  (  506): REPLY: LINKSPEED=65
02-28 17:24:02.054 I/WifiHW  (  506): REPLY: NOISE=9999
02-28 17:24:02.054 I/WifiHW  (  506): REPLY: FREQUENCY=2437
02-28 17:24:05.064 I/WifiHW  (  506): CMD: IFNAME=wlan0 SIGNAL_POLL
02-28 17:24:05.064 D/wpa_supplicant(  659): RX ctrl_iface - hexdump(len=11): 53 49 47 4e 41 4c 5f 50 4f 4c 4c
02-28 17:24:05.064 D/wpa_supplicant(  659): wlan0: Control interface command 'SIGNAL_POLL'
02-28 17:24:05.094 D/wpa_supplicant(  659): nl80211: survey data missing!
02-28 17:24:05.094 I/WifiHW  (  506): REPLY: RSSI=-54
02-28 17:24:05.094 I/WifiHW  (  506): REPLY: LINKSPEED=65
02-28 17:24:05.094 I/WifiHW  (  506): REPLY: NOISE=9999
02-28 17:24:05.094 I/WifiHW  (  506): REPLY: FREQUENCY=2437
02-28 17:24:08.104 I/WifiHW  (  506): CMD: IFNAME=wlan0 SIGNAL_POLL
02-28 17:24:08.104 D/wpa_supplicant(  659): RX ctrl_iface - hexdump(len=11): 53 49 47 4e 41 4c 5f 50 4f 4c 4c
02-28 17:24:08.104 D/wpa_supplicant(  659): wlan0: Control interface command 'SIGNAL_POLL'
02-28 17:24:08.124 D/wpa_supplicant(  659): nl80211: survey data missing!
02-28 17:24:08.124 I/WifiHW  (  506): REPLY: RSSI=-54
02-28 17:24:08.124 I/WifiHW  (  506): REPLY: LINKSPEED=65
02-28 17:24:08.124 I/WifiHW  (  506): REPLY: NOISE=9999
02-28 17:24:08.124 I/WifiHW  (  506): REPLY: FREQUENCY=2437
02-28 17:24:11.134 I/WifiHW  (  506): CMD: IFNAME=wlan0 SIGNAL_POLL
02-28 17:24:11.134 D/wpa_supplicant(  659): RX ctrl_iface - hexdump(len=11): 53 49 47 4e 41 4c 5f 50 4f 4c 4c
02-28 17:24:11.134 D/wpa_supplicant(  659): wlan0: Control interface command 'SIGNAL_POLL'
02-28 17:24:11.164 D/wpa_supplicant(  659): nl80211: survey data missing!
02-28 17:24:11.164 I/WifiHW  (  506): REPLY: RSSI=-53
02-28 17:24:11.164 I/WifiHW  (  506): REPLY: LINKSPEED=65
02-28 17:24:11.164 I/WifiHW  (  506): REPLY: NOISE=9999
02-28 17:24:11.164 I/WifiHW  (  506): REPLY: FREQUENCY=2437
02-28 17:24:11.564 W/BindingManager(29939): Cannot call determinedVisibility() - never saw a connection for the pid: 29939
02-28 17:24:12.974 D/EVENT_THREAD(  187): void CEventThread::run() POLLIN event on Fd (1)
02-28 17:24:12.974 D/EVENT_THREAD(  187): void CEventThread::run() Do poll with timeout: -1
02-28 17:24:14.174 I/WifiHW  (  506): CMD: IFNAME=wlan0 SIGNAL_POLL
02-28 17:24:14.174 D/wpa_supplicant(  659): RX ctrl_iface - hexdump(len=11): 53 49 47 4e 41 4c 5f 50 4f 4c 4c
02-28 17:24:14.174 D/wpa_supplicant(  659): wlan0: Control interface command 'SIGNAL_POLL'
02-28 17:24:14.204 D/wpa_supplicant(  659): nl80211: survey data missing!
02-28 17:24:14.204 I/WifiHW  (  506): REPLY: RSSI=-54
02-28 17:24:14.204 I/WifiHW  (  506): REPLY: LINKSPEED=65
02-28 17:24:14.204 I/WifiHW  (  506): REPLY: NOISE=9999
02-28 17:24:14.204 I/WifiHW  (  506): REPLY: FREQUENCY=2437
02-28 17:24:17.214 I/WifiHW  (  506): CMD: IFNAME=wlan0 SIGNAL_POLL
02-28 17:24:17.214 D/wpa_supplicant(  659): RX ctrl_iface - hexdump(len=11): 53 49 47 4e 41 4c 5f 50 4f 4c 4c
02-28 17:24:17.214 D/wpa_supplicant(  659): wlan0: Control interface command 'SIGNAL_POLL'
02-28 17:24:17.244 D/wpa_supplicant(  659): nl80211: survey data missing!
02-28 17:24:17.244 I/WifiHW  (  506): REPLY: RSSI=-52
02-28 17:24:17.244 I/WifiHW  (  506): REPLY: LINKSPEED=65
02-28 17:24:17.244 I/WifiHW  (  506): REPLY: NOISE=9999
02-28 17:24:17.244 I/WifiHW  (  506): REPLY: FREQUENCY=2437
02-28 17:24:17.754 D/EVENT_THREAD(  187): void CEventThread::run() POLLIN event on Fd (1)
02-28 17:24:17.754 D/EVENT_THREAD(  187): void CEventThread::run() Do poll with timeout: -1
02-28 17:24:17.754 D/EVENT_THREAD(  187): void CEventThread::run() POLLIN event on Fd (1)
02-28 17:24:17.754 D/EVENT_THREAD(  187): void CEventThread::run() Do poll with timeout: -1
02-28 17:24:17.754 I/upi_ug31xx(  167): (3067) update_capacity
02-28 17:24:17.754 I/[UPI]   (  167): <UG31/E>[UpiReadCapacity]: V=4237(4236), T=321(324-392), I=-315, C=-3(-3-0)
02-28 17:24:17.754 I/[UPI]   (  167): <UG31/E>[UpiReadCapacity]: (0x00800d5a) 3727 (3707) / 3822 (3822) = 98
02-28 17:24:17.754 I/[UPI]   (  167): <UG31/E>[UpiReadCapacity]: (0x00800d5a) 3727 (3707) / 3822 (3822) = 98
02-28 17:24:17.754 I/[UPI]   (  167): <UG31/E>[UpiReadCapacity]: (0x00800d5a) 3724 (3724) / 3822 (3822) = 97
02-28 17:24:17.754 I/[UPI]   (  167): <UG31/E>[RsocFilterCountTime]: (0x00800d5a) Step=0(30350), Full=5(636890), Lock=30350(1800000)
02-28 17:24:17.754 I/[UPI]   (  167): <UG31/E>[UpiReadCapacity]: (0x00800d5a) 3727 (3724) / 3822 (3822) = 98 (-315--315)
02-28 17:24:17.754 I/[UPI]   (  167): <UG31/E><BATT> M:normal, P:98(98-97)%, V:4236mV, C:-297mA, T:32.4C(392), S:0x00800d5a(100), R:3727mAh, F:3822mAh, Q:2914mAh, CC:3, P:30.350(56-0)s, BO:7, 97:615:0-44af-9m:B001-20140514-144301 (1)
02-28 17:24:17.754 I/upi_ug31xx(  167): (3068) backup_data 
02-28 17:24:17.754 V/upi_ug31xx(  167): state->check_backup_count = 20
02-28 17:24:20.254 I/WifiHW  (  506): CMD: IFNAME=wlan0 SIGNAL_POLL
02-28 17:24:20.254 D/wpa_supplicant(  659): RX ctrl_iface - hexdump(len=11): 53 49 47 4e 41 4c 5f 50 4f 4c 4c
02-28 17:24:20.254 D/wpa_supplicant(  659): wlan0: Control interface command 'SIGNAL_POLL'
02-28 17:24:20.284 D/wpa_supplicant(  659): nl80211: survey data missing!
02-28 17:24:20.284 I/WifiHW  (  506): REPLY: RSSI=-55
02-28 17:24:20.284 I/WifiHW  (  506): REPLY: LINKSPEED=65
02-28 17:24:20.284 I/WifiHW  (  506): REPLY: NOISE=9999
02-28 17:24:20.284 I/WifiHW  (  506): REPLY: FREQUENCY=2437
02-28 17:24:23.294 I/WifiHW  (  506): CMD: IFNAME=wlan0 SIGNAL_POLL
02-28 17:24:23.294 D/wpa_supplicant(  659): RX ctrl_iface - hexdump(len=11): 53 49 47 4e 41 4c 5f 50 4f 4c 4c
02-28 17:24:23.294 D/wpa_supplicant(  659): wlan0: Control interface command 'SIGNAL_POLL'
02-28 17:24:23.324 D/wpa_supplicant(  659): nl80211: survey data missing!
02-28 17:24:23.324 I/WifiHW  (  506): REPLY: RSSI=-55
02-28 17:24:23.324 I/WifiHW  (  506): REPLY: LINKSPEED=65
02-28 17:24:23.324 I/WifiHW  (  506): REPLY: NOISE=9999
02-28 17:24:23.324 I/WifiHW  (  506): REPLY: FREQUENCY=2437
02-28 17:24:23.764 W/BindingManager(29939): Cannot call determinedVisibility() - never saw a connection for the pid: 29939
02-28 17:24:26.334 I/WifiHW  (  506): CMD: IFNAME=wlan0 SIGNAL_POLL
02-28 17:24:26.334 D/wpa_supplicant(  659): RX ctrl_iface - hexdump(len=11): 53 49 47 4e 41 4c 5f 50 4f 4c 4c
02-28 17:24:26.334 D/wpa_supplicant(  659): wlan0: Control interface command 'SIGNAL_POLL'
02-28 17:24:26.364 D/wpa_supplicant(  659): nl80211: survey data missing!
02-28 17:24:26.364 I/WifiHW  (  506): REPLY: RSSI=-53
02-28 17:24:26.364 I/WifiHW  (  506): REPLY: LINKSPEED=65
02-28 17:24:26.364 I/WifiHW  (  506): REPLY: NOISE=9999
02-28 17:24:26.364 I/WifiHW  (  506): REPLY: FREQUENCY=2437
02-28 17:24:29.374 I/WifiHW  (  506): CMD: IFNAME=wlan0 SIGNAL_POLL
02-28 17:24:29.374 D/wpa_supplicant(  659): RX ctrl_iface - hexdump(len=11): 53 49 47 4e 41 4c 5f 50 4f 4c 4c
02-28 17:24:29.374 D/wpa_supplicant(  659): wlan0: Control interface command 'SIGNAL_POLL'
02-28 17:24:29.404 D/wpa_supplicant(  659): nl80211: survey data missing!
02-28 17:24:29.404 I/WifiHW  (  506): REPLY: RSSI=-54
02-28 17:24:29.404 I/WifiHW  (  506): REPLY: LINKSPEED=65
02-28 17:24:29.404 I/WifiHW  (  506): REPLY: NOISE=9999
02-28 17:24:29.404 I/WifiHW  (  506): REPLY: FREQUENCY=2437
02-28 17:24:32.414 I/WifiHW  (  506): CMD: IFNAME=wlan0 SIGNAL_POLL
02-28 17:24:32.414 D/wpa_supplicant(  659): RX ctrl_iface - hexdump(len=11): 53 49 47 4e 41 4c 5f 50 4f 4c 4c
02-28 17:24:32.414 D/wpa_supplicant(  659): wlan0: Control interface command 'SIGNAL_POLL'
02-28 17:24:32.434 D/wpa_supplicant(  659): nl80211: survey data missing!
02-28 17:24:32.434 I/WifiHW  (  506): REPLY: RSSI=-51
02-28 17:24:32.434 I/WifiHW  (  506): REPLY: LINKSPEED=65
02-28 17:24:32.434 I/WifiHW  (  506): REPLY: NOISE=9999
02-28 17:24:32.434 I/WifiHW  (  506): REPLY: FREQUENCY=2437
02-28 17:24:35.444 I/WifiHW  (  506): CMD: IFNAME=wlan0 SIGNAL_POLL
02-28 17:24:35.444 D/wpa_supplicant(  659): RX ctrl_iface - hexdump(len=11): 53 49 47 4e 41 4c 5f 50 4f 4c 4c
02-28 17:24:35.444 D/wpa_supplicant(  659): wlan0: Control interface command 'SIGNAL_POLL'
02-28 17:24:35.474 D/wpa_supplicant(  659): nl80211: survey data missing!
02-28 17:24:35.474 I/WifiHW  (  506): REPLY: RSSI=-51
02-28 17:24:35.474 I/WifiHW  (  506): REPLY: LINKSPEED=65
02-28 17:24:35.474 I/WifiHW  (  506): REPLY: NOISE=9999
02-28 17:24:35.474 I/WifiHW  (  506): REPLY: FREQUENCY=2437
02-28 17:24:35.934 W/BindingManager(29939): Cannot call determinedVisibility() - never saw a connection for the pid: 29939
02-28 17:24:38.484 I/WifiHW  (  506): CMD: IFNAME=wlan0 SIGNAL_POLL
02-28 17:24:38.484 D/wpa_supplicant(  659): RX ctrl_iface - hexdump(len=11): 53 49 47 4e 41 4c 5f 50 4f 4c 4c
02-28 17:24:38.484 D/wpa_supplicant(  659): wlan0: Control interface command 'SIGNAL_POLL'
02-28 17:24:38.514 D/wpa_supplicant(  659): nl80211: survey data missing!
02-28 17:24:38.514 I/WifiHW  (  506): REPLY: RSSI=-52
02-28 17:24:38.514 I/WifiHW  (  506): REPLY: LINKSPEED=65
02-28 17:24:38.514 I/WifiHW  (  506): REPLY: NOISE=9999
02-28 17:24:38.514 I/WifiHW  (  506): REPLY: FREQUENCY=2437
02-28 17:24:41.524 I/WifiHW  (  506): CMD: IFNAME=wlan0 SIGNAL_POLL
02-28 17:24:41.524 D/wpa_supplicant(  659): RX ctrl_iface - hexdump(len=11): 53 49 47 4e 41 4c 5f 50 4f 4c 4c
02-28 17:24:41.524 D/wpa_supplicant(  659): wlan0: Control interface command 'SIGNAL_POLL'
02-28 17:24:41.554 D/wpa_supplicant(  659): nl80211: survey data missing!
02-28 17:24:41.554 I/WifiHW  (  506): REPLY: RSSI=-53
02-28 17:24:41.554 I/WifiHW  (  506): REPLY: LINKSPEED=65
02-28 17:24:41.554 I/WifiHW  (  506): REPLY: NOISE=9999
02-28 17:24:41.554 I/WifiHW  (  506): REPLY: FREQUENCY=2437
02-28 17:24:44.564 I/WifiHW  (  506): CMD: IFNAME=wlan0 SIGNAL_POLL
02-28 17:24:44.564 D/wpa_supplicant(  659): RX ctrl_iface - hexdump(len=11): 53 49 47 4e 41 4c 5f 50 4f 4c 4c
02-28 17:24:44.564 D/wpa_supplicant(  659): wlan0: Control interface command 'SIGNAL_POLL'
02-28 17:24:44.594 D/wpa_supplicant(  659): nl80211: survey data missing!
02-28 17:24:44.594 I/WifiHW  (  506): REPLY: RSSI=-53
02-28 17:24:44.594 I/WifiHW  (  506): REPLY: LINKSPEED=65
02-28 17:24:44.594 I/WifiHW  (  506): REPLY: NOISE=9999
02-28 17:24:44.594 I/WifiHW  (  506): REPLY: FREQUENCY=2437
02-28 17:24:47.604 I/WifiHW  (  506): CMD: IFNAME=wlan0 SIGNAL_POLL
02-28 17:24:47.604 D/wpa_supplicant(  659): RX ctrl_iface - hexdump(len=11): 53 49 47 4e 41 4c 5f 50 4f 4c 4c
02-28 17:24:47.604 D/wpa_supplicant(  659): wlan0: Control interface command 'SIGNAL_POLL'
02-28 17:24:47.634 D/wpa_supplicant(  659): nl80211: survey data missing!
02-28 17:24:47.634 I/WifiHW  (  506): REPLY: RSSI=-52
02-28 17:24:47.634 I/WifiHW  (  506): REPLY: LINKSPEED=65
02-28 17:24:47.634 I/WifiHW  (  506): REPLY: NOISE=9999
02-28 17:24:47.634 I/WifiHW  (  506): REPLY: FREQUENCY=2437
02-28 17:24:48.074 D/EVENT_THREAD(  187): void CEventThread::run() POLLIN event on Fd (1)
02-28 17:24:48.074 D/EVENT_THREAD(  187): void CEventThread::run() Do poll with timeout: -1
02-28 17:24:48.074 D/EVENT_THREAD(  187): void CEventThread::run() POLLIN event on Fd (1)
02-28 17:24:48.074 D/EVENT_THREAD(  187): void CEventThread::run() Do poll with timeout: -1
02-28 17:24:48.074 I/upi_ug31xx(  167): (3069) update_capacity
02-28 17:24:48.074 I/[UPI]   (  167): <UG31/E>[UpiReadCapacity]: V=4235(4233), T=322(326-392), I=-312, C=-3(-3-0)
02-28 17:24:48.074 I/[UPI]   (  167): <UG31/E>[UpiReadCapacity]: (0x00800d5a) 3727 (3707) / 3822 (3822) = 98
02-28 17:24:48.074 I/[UPI]   (  167): <UG31/E>[UpiReadCapacity]: (0x00800d5a) 3727 (3707) / 3822 (3822) = 98
02-28 17:24:48.074 I/[UPI]   (  167): <UG31/E>[UpiReadCapacity]: (0x00800d5a) 3724 (3724) / 3822 (3822) = 97
02-28 17:24:48.074 I/[UPI]   (  167): <UG31/E>[RsocFilterCountTime]: (0x00800d5a) Step=0(30320), Full=5(667210), Lock=30320(1800000)
02-28 17:24:48.074 I/[UPI]   (  167): <UG31/E>[UpiReadCapacity]: (0x00800d5a) 3727 (3724) / 3822 (3822) = 98 (-312--312)
02-28 17:24:48.074 I/[UPI]   (  167): <UG31/E><BATT> M:normal, P:98(98-97)%, V:4230mV, C:-309mA, T:32.6C(392), S:0x00800d5a(100), R:3727mAh, F:3822mAh, Q:2911mAh, CC:3, P:30.320(59-0)s, BO:7, 97:615:0-44af-9m:B001-20140514-144301 (1)
02-28 17:24:48.074 I/upi_ug31xx(  167): (3070) backup_data 
02-28 17:24:48.074 V/upi_ug31xx(  167): state->check_backup_count = 21
02-28 17:24:48.084 I/[UPI]   (  167): <UG31/E>[upi_lib_backup_data]: Driver backup data not ready.
02-28 17:24:48.104 W/BindingManager(29939): Cannot call determinedVisibility() - never saw a connection for the pid: 29939
02-28 17:24:50.644 I/WifiHW  (  506): CMD: IFNAME=wlan0 SIGNAL_POLL
02-28 17:24:50.644 D/wpa_supplicant(  659): RX ctrl_iface - hexdump(len=11): 53 49 47 4e 41 4c 5f 50 4f 4c 4c
02-28 17:24:50.644 D/wpa_supplicant(  659): wlan0: Control interface command 'SIGNAL_POLL'
02-28 17:24:50.674 D/wpa_supplicant(  659): nl80211: survey data missing!
02-28 17:24:50.674 I/WifiHW  (  506): REPLY: RSSI=-57
02-28 17:24:50.674 I/WifiHW  (  506): REPLY: LINKSPEED=65
02-28 17:24:50.674 I/WifiHW  (  506): REPLY: NOISE=9999
02-28 17:24:50.674 I/WifiHW  (  506): REPLY: FREQUENCY=2437
02-28 17:24:53.684 I/WifiHW  (  506): CMD: IFNAME=wlan0 SIGNAL_POLL
02-28 17:24:53.684 D/wpa_supplicant(  659): RX ctrl_iface - hexdump(len=11): 53 49 47 4e 41 4c 5f 50 4f 4c 4c
02-28 17:24:53.684 D/wpa_supplicant(  659): wlan0: Control interface command 'SIGNAL_POLL'
02-28 17:24:53.714 D/wpa_supplicant(  659): nl80211: survey data missing!
02-28 17:24:53.714 I/WifiHW  (  506): REPLY: RSSI=-57
02-28 17:24:53.714 I/WifiHW  (  506): REPLY: LINKSPEED=65
02-28 17:24:53.714 I/WifiHW  (  506): REPLY: NOISE=9999
02-28 17:24:53.714 I/WifiHW  (  506): REPLY: FREQUENCY=2437
02-28 17:24:56.724 I/WifiHW  (  506): CMD: IFNAME=wlan0 SIGNAL_POLL
02-28 17:24:56.724 D/wpa_supplicant(  659): RX ctrl_iface - hexdump(len=11): 53 49 47 4e 41 4c 5f 50 4f 4c 4c
02-28 17:24:56.724 D/wpa_supplicant(  659): wlan0: Control interface command 'SIGNAL_POLL'
02-28 17:24:56.754 D/wpa_supplicant(  659): nl80211: survey data missing!
02-28 17:24:56.754 I/WifiHW  (  506): REPLY: RSSI=-55
02-28 17:24:56.754 I/WifiHW  (  506): REPLY: LINKSPEED=65
02-28 17:24:56.754 I/WifiHW  (  506): REPLY: NOISE=9999
02-28 17:24:56.754 I/WifiHW  (  506): REPLY: FREQUENCY=2437
02-28 17:24:59.764 I/WifiHW  (  506): CMD: IFNAME=wlan0 SIGNAL_POLL
02-28 17:24:59.764 D/wpa_supplicant(  659): RX ctrl_iface - hexdump(len=11): 53 49 47 4e 41 4c 5f 50 4f 4c 4c
02-28 17:24:59.764 D/wpa_supplicant(  659): wlan0: Control interface command 'SIGNAL_POLL'
02-28 17:24:59.794 D/wpa_supplicant(  659): nl80211: survey data missing!
02-28 17:24:59.794 I/WifiHW  (  506): REPLY: RSSI=-54
02-28 17:24:59.794 I/WifiHW  (  506): REPLY: LINKSPEED=65
02-28 17:24:59.794 I/WifiHW  (  506): REPLY: NOISE=9999
02-28 17:24:59.794 I/WifiHW  (  506): REPLY: FREQUENCY=2437
02-28 17:25:00.014 D/Clock   (  570): ACTION_TIME_TICK
02-28 17:25:00.014 D/Clock   (  570): update clock:下午5:25
02-28 17:25:00.034 D/BatteryStatsImpl(  506): noteStopWakeLocked system isFromForeground = false
02-28 17:25:00.314 W/BindingManager(29939): Cannot call determinedVisibility() - never saw a connection for the pid: 29939
02-28 17:25:02.804 I/WifiHW  (  506): CMD: IFNAME=wlan0 SIGNAL_POLL
02-28 17:25:02.804 D/wpa_supplicant(  659): RX ctrl_iface - hexdump(len=11): 53 49 47 4e 41 4c 5f 50 4f 4c 4c
02-28 17:25:02.804 D/wpa_supplicant(  659): wlan0: Control interface command 'SIGNAL_POLL'
02-28 17:25:02.834 D/wpa_supplicant(  659): nl80211: survey data missing!
02-28 17:25:02.834 I/WifiHW  (  506): REPLY: RSSI=-53
02-28 17:25:02.834 I/WifiHW  (  506): REPLY: LINKSPEED=65
02-28 17:25:02.834 I/WifiHW  (  506): REPLY: NOISE=9999
02-28 17:25:02.834 I/WifiHW  (  506): REPLY: FREQUENCY=2437
02-28 17:25:05.844 I/WifiHW  (  506): CMD: IFNAME=wlan0 SIGNAL_POLL
02-28 17:25:05.844 D/wpa_supplicant(  659): RX ctrl_iface - hexdump(len=11): 53 49 47 4e 41 4c 5f 50 4f 4c 4c
02-28 17:25:05.844 D/wpa_supplicant(  659): wlan0: Control interface command 'SIGNAL_POLL'
02-28 17:25:05.864 D/wpa_supplicant(  659): nl80211: survey data missing!
02-28 17:25:05.864 I/WifiHW  (  506): REPLY: RSSI=-57
02-28 17:25:05.864 I/WifiHW  (  506): REPLY: LINKSPEED=65
02-28 17:25:05.864 I/WifiHW  (  506): REPLY: NOISE=9999
02-28 17:25:05.864 I/WifiHW  (  506): REPLY: FREQUENCY=2437
02-28 17:25:08.874 I/WifiHW  (  506): CMD: IFNAME=wlan0 SIGNAL_POLL
02-28 17:25:08.874 D/wpa_supplicant(  659): RX ctrl_iface - hexdump(len=11): 53 49 47 4e 41 4c 5f 50 4f 4c 4c
02-28 17:25:08.874 D/wpa_supplicant(  659): wlan0: Control interface command 'SIGNAL_POLL'
02-28 17:25:08.904 D/wpa_supplicant(  659): nl80211: survey data missing!
02-28 17:25:08.904 I/WifiHW  (  506): REPLY: RSSI=-56
02-28 17:25:08.904 I/WifiHW  (  506): REPLY: LINKSPEED=65
02-28 17:25:08.904 I/WifiHW  (  506): REPLY: NOISE=9999
02-28 17:25:08.904 I/WifiHW  (  506): REPLY: FREQUENCY=2437
02-28 17:25:11.914 I/WifiHW  (  506): CMD: IFNAME=wlan0 SIGNAL_POLL
02-28 17:25:11.914 D/wpa_supplicant(  659): RX ctrl_iface - hexdump(len=11): 53 49 47 4e 41 4c 5f 50 4f 4c 4c
02-28 17:25:11.914 D/wpa_supplicant(  659): wlan0: Control interface command 'SIGNAL_POLL'
02-28 17:25:11.944 D/wpa_supplicant(  659): nl80211: survey data missing!
02-28 17:25:11.944 I/WifiHW  (  506): REPLY: RSSI=-56
02-28 17:25:11.944 I/WifiHW  (  506): REPLY: LINKSPEED=65
02-28 17:25:11.944 I/WifiHW  (  506): REPLY: NOISE=9999
02-28 17:25:11.944 I/WifiHW  (  506): REPLY: FREQUENCY=2437
02-28 17:25:12.494 W/BindingManager(29939): Cannot call determinedVisibility() - never saw a connection for the pid: 29939
02-28 17:25:13.134 D/EVENT_THREAD(  187): void CEventThread::run() POLLIN event on Fd (1)
02-28 17:25:13.134 D/EVENT_THREAD(  187): void CEventThread::run() Do poll with timeout: -1
02-28 17:25:14.954 I/WifiHW  (  506): CMD: IFNAME=wlan0 SIGNAL_POLL
02-28 17:25:14.954 D/wpa_supplicant(  659): RX ctrl_iface - hexdump(len=11): 53 49 47 4e 41 4c 5f 50 4f 4c 4c
02-28 17:25:14.954 D/wpa_supplicant(  659): wlan0: Control interface command 'SIGNAL_POLL'
02-28 17:25:14.984 D/wpa_supplicant(  659): nl80211: survey data missing!
02-28 17:25:14.984 I/WifiHW  (  506): REPLY: RSSI=-57
02-28 17:25:14.984 I/WifiHW  (  506): REPLY: LINKSPEED=65
02-28 17:25:14.984 I/WifiHW  (  506): REPLY: NOISE=9999
02-28 17:25:14.984 I/WifiHW  (  506): REPLY: FREQUENCY=2437
02-28 17:25:17.994 I/WifiHW  (  506): CMD: IFNAME=wlan0 SIGNAL_POLL
02-28 17:25:17.994 D/wpa_supplicant(  659): RX ctrl_iface - hexdump(len=11): 53 49 47 4e 41 4c 5f 50 4f 4c 4c
02-28 17:25:17.994 D/wpa_supplicant(  659): wlan0: Control interface command 'SIGNAL_POLL'
02-28 17:25:18.024 D/wpa_supplicant(  659): nl80211: survey data missing!
02-28 17:25:18.024 I/WifiHW  (  506): REPLY: RSSI=-56
02-28 17:25:18.024 I/WifiHW  (  506): REPLY: LINKSPEED=65
02-28 17:25:18.024 I/WifiHW  (  506): REPLY: NOISE=9999
02-28 17:25:18.024 I/WifiHW  (  506): REPLY: FREQUENCY=2437
02-28 17:25:18.464 D/EVENT_THREAD(  187): void CEventThread::run() POLLIN event on Fd (1)
02-28 17:25:18.464 D/EVENT_THREAD(  187): void CEventThread::run() Do poll with timeout: -1
02-28 17:25:18.464 I/upi_ug31xx(  167): (3071) update_capacity
02-28 17:25:18.464 I/[UPI]   (  167): <UG31/E>[UpiReadCapacity]: V=4233(4230), T=323(327-393), I=-314, C=-2(-2-0)
02-28 17:25:18.464 I/[UPI]   (  167): <UG31/E>[UpiReadCapacity]: (0x00800d5a) 3727 (3707) / 3822 (3822) = 98
02-28 17:25:18.464 I/[UPI]   (  167): <UG31/E>[UpiReadCapacity]: (0x00800d5a) 3727 (3707) / 3822 (3822) = 98
02-28 17:25:18.464 I/[UPI]   (  167): <UG31/E>[UpiReadCapacity]: (0x00800d5a) 3725 (3725) / 3822 (3822) = 97
02-28 17:25:18.464 I/[UPI]   (  167): <UG31/E>[RsocFilterCountTime]: (0x00800d5a) Step=0(30390), Full=5(697600), Lock=30390(1800000)
02-28 17:25:18.464 I/[UPI]   (  167): <UG31/E>[UpiReadCapacity]: (0x00800d5a) 3727 (3725) / 3822 (3822) = 98 (-314--314)
02-28 17:25:18.464 I/[UPI]   (  167): <UG31/E><BATT> M:normal, P:98(98-97)%, V:4230mV, C:-309mA, T:32.7C(393), S:0x00800d5a(100), R:3727mAh, F:3822mAh, Q:2909mAh, CC:3, P:30.390(61-0)s, BO:7, 97:615:0-44af-9m:B001-20140514-144301 (1)
02-28 17:25:18.464 D/EVENT_THREAD(  187): void CEventThread::run() POLLIN event on Fd (1)
02-28 17:25:18.464 D/EVENT_THREAD(  187): void CEventThread::run() Do poll with timeout: -1
02-28 17:25:18.514 I/upi_ug31xx(  167): (3072) backup_data 
02-28 17:25:18.514 V/upi_ug31xx(  167): state->check_backup_count = 21
02-28 17:25:21.034 I/WifiHW  (  506): CMD: IFNAME=wlan0 SIGNAL_POLL
02-28 17:25:21.034 D/wpa_supplicant(  659): RX ctrl_iface - hexdump(len=11): 53 49 47 4e 41 4c 5f 50 4f 4c 4c
02-28 17:25:21.034 D/wpa_supplicant(  659): wlan0: Control interface command 'SIGNAL_POLL'
02-28 17:25:21.064 D/wpa_supplicant(  659): nl80211: survey data missing!
02-28 17:25:21.064 I/WifiHW  (  506): REPLY: RSSI=-53
02-28 17:25:21.064 I/WifiHW  (  506): REPLY: LINKSPEED=65
02-28 17:25:21.064 I/WifiHW  (  506): REPLY: NOISE=9999
02-28 17:25:21.064 I/WifiHW  (  506): REPLY: FREQUENCY=2437
02-28 17:25:24.074 I/WifiHW  (  506): CMD: IFNAME=wlan0 SIGNAL_POLL
02-28 17:25:24.074 D/wpa_supplicant(  659): RX ctrl_iface - hexdump(len=11): 53 49 47 4e 41 4c 5f 50 4f 4c 4c
02-28 17:25:24.074 D/wpa_supplicant(  659): wlan0: Control interface command 'SIGNAL_POLL'
02-28 17:25:24.104 D/wpa_supplicant(  659): nl80211: survey data missing!
02-28 17:25:24.104 I/WifiHW  (  506): REPLY: RSSI=-53
02-28 17:25:24.104 I/WifiHW  (  506): REPLY: LINKSPEED=65
02-28 17:25:24.104 I/WifiHW  (  506): REPLY: NOISE=9999
02-28 17:25:24.104 I/WifiHW  (  506): REPLY: FREQUENCY=2437
02-28 17:25:24.694 W/BindingManager(29939): Cannot call determinedVisibility() - never saw a connection for the pid: 29939
02-28 17:25:27.114 I/WifiHW  (  506): CMD: IFNAME=wlan0 SIGNAL_POLL
02-28 17:25:27.114 D/wpa_supplicant(  659): RX ctrl_iface - hexdump(len=11): 53 49 47 4e 41 4c 5f 50 4f 4c 4c
02-28 17:25:27.114 D/wpa_supplicant(  659): wlan0: Control interface command 'SIGNAL_POLL'
02-28 17:25:27.144 D/wpa_supplicant(  659): nl80211: survey data missing!
02-28 17:25:27.144 I/WifiHW  (  506): REPLY: RSSI=-55
02-28 17:25:27.144 I/WifiHW  (  506): REPLY: LINKSPEED=65
02-28 17:25:27.144 I/WifiHW  (  506): REPLY: NOISE=9999
02-28 17:25:27.144 I/WifiHW  (  506): REPLY: FREQUENCY=2437
02-28 17:25:30.154 I/WifiHW  (  506): CMD: IFNAME=wlan0 SIGNAL_POLL
02-28 17:25:30.154 D/wpa_supplicant(  659): RX ctrl_iface - hexdump(len=11): 53 49 47 4e 41 4c 5f 50 4f 4c 4c
02-28 17:25:30.154 D/wpa_supplicant(  659): wlan0: Control interface command 'SIGNAL_POLL'
02-28 17:25:30.184 D/wpa_supplicant(  659): nl80211: survey data missing!
02-28 17:25:30.184 I/WifiHW  (  506): REPLY: RSSI=-57
02-28 17:25:30.184 I/WifiHW  (  506): REPLY: LINKSPEED=65
02-28 17:25:30.184 I/WifiHW  (  506): REPLY: NOISE=9999
02-28 17:25:30.184 I/WifiHW  (  506): REPLY: FREQUENCY=2437
02-28 17:25:33.194 I/WifiHW  (  506): CMD: IFNAME=wlan0 SIGNAL_POLL
02-28 17:25:33.194 D/wpa_supplicant(  659): RX ctrl_iface - hexdump(len=11): 53 49 47 4e 41 4c 5f 50 4f 4c 4c
02-28 17:25:33.194 D/wpa_supplicant(  659): wlan0: Control interface command 'SIGNAL_POLL'
02-28 17:25:33.224 D/wpa_supplicant(  659): nl80211: survey data missing!
02-28 17:25:33.224 I/WifiHW  (  506): REPLY: RSSI=-57
02-28 17:25:33.224 I/WifiHW  (  506): REPLY: LINKSPEED=65
02-28 17:25:33.224 I/WifiHW  (  506): REPLY: NOISE=9999
02-28 17:25:33.224 I/WifiHW  (  506): REPLY: FREQUENCY=2437
02-28 17:25:36.234 I/WifiHW  (  506): CMD: IFNAME=wlan0 SIGNAL_POLL
02-28 17:25:36.234 D/wpa_supplicant(  659): RX ctrl_iface - hexdump(len=11): 53 49 47 4e 41 4c 5f 50 4f 4c 4c
02-28 17:25:36.234 D/wpa_supplicant(  659): wlan0: Control interface command 'SIGNAL_POLL'
02-28 17:25:36.264 D/wpa_supplicant(  659): nl80211: survey data missing!
02-28 17:25:36.264 I/WifiHW  (  506): REPLY: RSSI=-56
02-28 17:25:36.264 I/WifiHW  (  506): REPLY: LINKSPEED=65
02-28 17:25:36.264 I/WifiHW  (  506): REPLY: NOISE=9999
02-28 17:25:36.264 I/WifiHW  (  506): REPLY: FREQUENCY=2437
02-28 17:25:36.884 W/BindingManager(29939): Cannot call determinedVisibility() - never saw a connection for the pid: 29939
02-28 17:25:39.274 I/WifiHW  (  506): CMD: IFNAME=wlan0 SIGNAL_POLL
02-28 17:25:39.274 D/wpa_supplicant(  659): RX ctrl_iface - hexdump(len=11): 53 49 47 4e 41 4c 5f 50 4f 4c 4c
02-28 17:25:39.274 D/wpa_supplicant(  659): wlan0: Control interface command 'SIGNAL_POLL'
02-28 17:25:39.304 D/wpa_supplicant(  659): nl80211: survey data missing!
02-28 17:25:39.304 I/WifiHW  (  506): REPLY: RSSI=-57
02-28 17:25:39.304 I/WifiHW  (  506): REPLY: LINKSPEED=65
02-28 17:25:39.304 I/WifiHW  (  506): REPLY: NOISE=9999
02-28 17:25:39.304 I/WifiHW  (  506): REPLY: FREQUENCY=2437
02-28 17:25:42.314 I/WifiHW  (  506): CMD: IFNAME=wlan0 SIGNAL_POLL
02-28 17:25:42.314 D/wpa_supplicant(  659): RX ctrl_iface - hexdump(len=11): 53 49 47 4e 41 4c 5f 50 4f 4c 4c
02-28 17:25:42.314 D/wpa_supplicant(  659): wlan0: Control interface command 'SIGNAL_POLL'
02-28 17:25:42.344 D/wpa_supplicant(  659): nl80211: survey data missing!
02-28 17:25:42.344 I/WifiHW  (  506): REPLY: RSSI=-55
02-28 17:25:42.344 I/WifiHW  (  506): REPLY: LINKSPEED=65
02-28 17:25:42.344 I/WifiHW  (  506): REPLY: NOISE=9999
02-28 17:25:42.344 I/WifiHW  (  506): REPLY: FREQUENCY=2437
02-28 17:25:45.354 I/WifiHW  (  506): CMD: IFNAME=wlan0 SIGNAL_POLL
02-28 17:25:45.354 D/wpa_supplicant(  659): RX ctrl_iface - hexdump(len=11): 53 49 47 4e 41 4c 5f 50 4f 4c 4c
02-28 17:25:45.354 D/wpa_supplicant(  659): wlan0: Control interface command 'SIGNAL_POLL'
02-28 17:25:45.384 D/wpa_supplicant(  659): nl80211: survey data missing!
02-28 17:25:45.384 I/WifiHW  (  506): REPLY: RSSI=-55
02-28 17:25:45.384 I/WifiHW  (  506): REPLY: LINKSPEED=65
02-28 17:25:45.384 I/WifiHW  (  506): REPLY: NOISE=9999
02-28 17:25:45.384 I/WifiHW  (  506): REPLY: FREQUENCY=2437
02-28 17:25:48.394 I/WifiHW  (  506): CMD: IFNAME=wlan0 SIGNAL_POLL
02-28 17:25:48.394 D/wpa_supplicant(  659): RX ctrl_iface - hexdump(len=11): 53 49 47 4e 41 4c 5f 50 4f 4c 4c
02-28 17:25:48.394 D/wpa_supplicant(  659): wlan0: Control interface command 'SIGNAL_POLL'
02-28 17:25:48.424 D/wpa_supplicant(  659): nl80211: survey data missing!
02-28 17:25:48.424 I/WifiHW  (  506): REPLY: RSSI=-57
02-28 17:25:48.424 I/WifiHW  (  506): REPLY: LINKSPEED=65
02-28 17:25:48.424 I/WifiHW  (  506): REPLY: NOISE=9999
02-28 17:25:48.424 I/WifiHW  (  506): REPLY: FREQUENCY=2437
02-28 17:25:48.794 D/EVENT_THREAD(  187): void CEventThread::run() POLLIN event on Fd (1)
02-28 17:25:48.794 D/EVENT_THREAD(  187): void CEventThread::run() Do poll with timeout: -1
02-28 17:25:48.794 I/upi_ug31xx(  167): (3073) update_capacity
02-28 17:25:48.794 I/[UPI]   (  167): <UG31/E>[UpiReadCapacity]: V=4232(4230), T=324(327-394), I=-317, C=-3(-3-0)
02-28 17:25:48.794 I/[UPI]   (  167): <UG31/E>[UpiReadCapacity]: (0x00800d5a) 3727 (3707) / 3822 (3822) = 98
02-28 17:25:48.794 I/[UPI]   (  167): <UG31/E>[UpiReadCapacity]: (0x00800d5a) 3727 (3707) / 3822 (3822) = 98
02-28 17:25:48.794 I/[UPI]   (  167): <UG31/E>[UpiReadCapacity]: (0x00800d5a) 3724 (3724) / 3822 (3822) = 97
02-28 17:25:48.794 I/[UPI]   (  167): <UG31/E>[RsocFilterCountTime]: (0x00800d5a) Step=0(30320), Full=6(727920), Lock=30320(1800000)
02-28 17:25:48.794 I/[UPI]   (  167): <UG31/E>[UpiReadCapacity]: (0x00800d5a) 3727 (3724) / 3822 (3822) = 98 (-317--317)
02-28 17:25:48.794 I/[UPI]   (  167): <UG31/E><BATT> M:normal, P:98(98-97)%, V:4230mV, C:-321mA, T:32.7C(394), S:0x00800d5a(100), R:3727mAh, F:3822mAh, Q:2906mAh, CC:3, P:30.320(64-0)s, BO:7, 97:615:0-44af-9m:B001-20140514-144301 (1)
02-28 17:25:48.794 D/EVENT_THREAD(  187): void CEventThread::run() POLLIN event on Fd (1)
02-28 17:25:48.794 D/EVENT_THREAD(  187): void CEventThread::run() Do poll with timeout: -1
02-28 17:25:48.794 I/upi_ug31xx(  167): (3074) backup_data 
02-28 17:25:48.794 V/upi_ug31xx(  167): state->check_backup_count = 1
02-28 17:25:49.074 W/BindingManager(29939): Cannot call determinedVisibility() - never saw a connection for the pid: 29939
02-28 17:25:51.434 I/WifiHW  (  506): CMD: IFNAME=wlan0 SIGNAL_POLL
02-28 17:25:51.434 D/wpa_supplicant(  659): RX ctrl_iface - hexdump(len=11): 53 49 47 4e 41 4c 5f 50 4f 4c 4c
02-28 17:25:51.434 D/wpa_supplicant(  659): wlan0: Control interface command 'SIGNAL_POLL'
02-28 17:25:51.464 D/wpa_supplicant(  659): nl80211: survey data missing!
02-28 17:25:51.464 I/WifiHW  (  506): REPLY: RSSI=-57
02-28 17:25:51.464 I/WifiHW  (  506): REPLY: LINKSPEED=65
02-28 17:25:51.464 I/WifiHW  (  506): REPLY: NOISE=9999
02-28 17:25:51.464 I/WifiHW  (  506): REPLY: FREQUENCY=2437
02-28 17:25:54.474 I/WifiHW  (  506): CMD: IFNAME=wlan0 SIGNAL_POLL
02-28 17:25:54.474 D/wpa_supplicant(  659): RX ctrl_iface - hexdump(len=11): 53 49 47 4e 41 4c 5f 50 4f 4c 4c
02-28 17:25:54.474 D/wpa_supplicant(  659): wlan0: Control interface command 'SIGNAL_POLL'
02-28 17:25:54.504 D/wpa_supplicant(  659): nl80211: survey data missing!
02-28 17:25:54.504 I/WifiHW  (  506): REPLY: RSSI=-53
02-28 17:25:54.504 I/WifiHW  (  506): REPLY: LINKSPEED=65
02-28 17:25:54.504 I/WifiHW  (  506): REPLY: NOISE=9999
02-28 17:25:54.504 I/WifiHW  (  506): REPLY: FREQUENCY=2437
02-28 17:25:57.514 I/WifiHW  (  506): CMD: IFNAME=wlan0 SIGNAL_POLL
02-28 17:25:57.514 D/wpa_supplicant(  659): RX ctrl_iface - hexdump(len=11): 53 49 47 4e 41 4c 5f 50 4f 4c 4c
02-28 17:25:57.514 D/wpa_supplicant(  659): wlan0: Control interface command 'SIGNAL_POLL'
02-28 17:25:57.544 D/wpa_supplicant(  659): nl80211: survey data missing!
02-28 17:25:57.544 I/WifiHW  (  506): REPLY: RSSI=-54
02-28 17:25:57.544 I/WifiHW  (  506): REPLY: LINKSPEED=65
02-28 17:25:57.544 I/WifiHW  (  506): REPLY: NOISE=9999
02-28 17:25:57.544 I/WifiHW  (  506): REPLY: FREQUENCY=2437
02-28 17:26:00.004 D/Clock   (  570): ACTION_TIME_TICK
02-28 17:26:00.004 D/Clock   (  570): update clock:下午5:26
02-28 17:26:00.034 D/BatteryStatsImpl(  506): noteStopWakeLocked system isFromForeground = false
02-28 17:26:00.554 I/WifiHW  (  506): CMD: IFNAME=wlan0 SIGNAL_POLL
02-28 17:26:00.554 D/wpa_supplicant(  659): RX ctrl_iface - hexdump(len=11): 53 49 47 4e 41 4c 5f 50 4f 4c 4c
02-28 17:26:00.554 D/wpa_supplicant(  659): wlan0: Control interface command 'SIGNAL_POLL'
02-28 17:26:00.584 D/wpa_supplicant(  659): nl80211: survey data missing!
02-28 17:26:00.584 I/WifiHW  (  506): REPLY: RSSI=-54
02-28 17:26:00.584 I/WifiHW  (  506): REPLY: LINKSPEED=65
02-28 17:26:00.584 I/WifiHW  (  506): REPLY: NOISE=9999
02-28 17:26:00.584 I/WifiHW  (  506): REPLY: FREQUENCY=2437
02-28 17:26:01.194 D/BatteryStatsImpl(  506): noteStopWakeLocked system isFromForeground = false
02-28 17:26:01.224 W/BindingManager(29939): Cannot call determinedVisibility() - never saw a connection for the pid: 29939
02-28 17:26:03.594 I/WifiHW  (  506): CMD: IFNAME=wlan0 SIGNAL_POLL
02-28 17:26:03.594 D/wpa_supplicant(  659): RX ctrl_iface - hexdump(len=11): 53 49 47 4e 41 4c 5f 50 4f 4c 4c
02-28 17:26:03.594 D/wpa_supplicant(  659): wlan0: Control interface command 'SIGNAL_POLL'
02-28 17:26:03.624 D/wpa_supplicant(  659): nl80211: survey data missing!
02-28 17:26:03.624 I/WifiHW  (  506): REPLY: RSSI=-54
02-28 17:26:03.624 I/WifiHW  (  506): REPLY: LINKSPEED=65
02-28 17:26:03.624 I/WifiHW  (  506): REPLY: NOISE=9999
02-28 17:26:03.624 I/WifiHW  (  506): REPLY: FREQUENCY=2437
02-28 17:26:06.634 I/WifiHW  (  506): CMD: IFNAME=wlan0 SIGNAL_POLL
02-28 17:26:06.634 D/wpa_supplicant(  659): RX ctrl_iface - hexdump(len=11): 53 49 47 4e 41 4c 5f 50 4f 4c 4c
02-28 17:26:06.634 D/wpa_supplicant(  659): wlan0: Control interface command 'SIGNAL_POLL'
02-28 17:26:06.664 D/wpa_supplicant(  659): nl80211: survey data missing!
02-28 17:26:06.664 I/WifiHW  (  506): REPLY: RSSI=-53
02-28 17:26:06.664 I/WifiHW  (  506): REPLY: LINKSPEED=65
02-28 17:26:06.664 I/WifiHW  (  506): REPLY: NOISE=9999
02-28 17:26:06.664 I/WifiHW  (  506): REPLY: FREQUENCY=2437
02-28 17:26:09.674 I/WifiHW  (  506): CMD: IFNAME=wlan0 SIGNAL_POLL
02-28 17:26:09.674 D/wpa_supplicant(  659): RX ctrl_iface - hexdump(len=11): 53 49 47 4e 41 4c 5f 50 4f 4c 4c
02-28 17:26:09.674 D/wpa_supplicant(  659): wlan0: Control interface command 'SIGNAL_POLL'
02-28 17:26:09.704 D/wpa_supplicant(  659): nl80211: survey data missing!
02-28 17:26:09.704 I/WifiHW  (  506): REPLY: RSSI=-54
02-28 17:26:09.704 I/WifiHW  (  506): REPLY: LINKSPEED=65
02-28 17:26:09.704 I/WifiHW  (  506): REPLY: NOISE=9999
02-28 17:26:09.704 I/WifiHW  (  506): REPLY: FREQUENCY=2437
02-28 17:26:12.714 I/WifiHW  (  506): CMD: IFNAME=wlan0 SIGNAL_POLL
02-28 17:26:12.714 D/wpa_supplicant(  659): RX ctrl_iface - hexdump(len=11): 53 49 47 4e 41 4c 5f 50 4f 4c 4c
02-28 17:26:12.714 D/wpa_supplicant(  659): wlan0: Control interface command 'SIGNAL_POLL'
02-28 17:26:12.744 D/wpa_supplicant(  659): nl80211: survey data missing!
02-28 17:26:12.744 I/WifiHW  (  506): REPLY: RSSI=-54
02-28 17:26:12.744 I/WifiHW  (  506): REPLY: LINKSPEED=65
02-28 17:26:12.744 I/WifiHW  (  506): REPLY: NOISE=9999
02-28 17:26:12.744 I/WifiHW  (  506): REPLY: FREQUENCY=2437
02-28 17:26:13.294 D/EVENT_THREAD(  187): void CEventThread::run() POLLIN event on Fd (1)
02-28 17:26:13.294 D/EVENT_THREAD(  187): void CEventThread::run() Do poll with timeout: -1
02-28 17:26:13.404 W/BindingManager(29939): Cannot call determinedVisibility() - never saw a connection for the pid: 29939
02-28 17:26:15.754 I/WifiHW  (  506): CMD: IFNAME=wlan0 SIGNAL_POLL
02-28 17:26:15.754 D/wpa_supplicant(  659): RX ctrl_iface - hexdump(len=11): 53 49 47 4e 41 4c 5f 50 4f 4c 4c
02-28 17:26:15.754 D/wpa_supplicant(  659): wlan0: Control interface command 'SIGNAL_POLL'
02-28 17:26:15.784 D/wpa_supplicant(  659): nl80211: survey data missing!
02-28 17:26:15.784 I/WifiHW  (  506): REPLY: RSSI=-54
02-28 17:26:15.784 I/WifiHW  (  506): REPLY: LINKSPEED=65
02-28 17:26:15.784 I/WifiHW  (  506): REPLY: NOISE=9999
02-28 17:26:15.784 I/WifiHW  (  506): REPLY: FREQUENCY=2437
02-28 17:26:18.794 I/WifiHW  (  506): CMD: IFNAME=wlan0 SIGNAL_POLL
02-28 17:26:18.794 D/wpa_supplicant(  659): RX ctrl_iface - hexdump(len=11): 53 49 47 4e 41 4c 5f 50 4f 4c 4c
02-28 17:26:18.794 D/wpa_supplicant(  659): wlan0: Control interface command 'SIGNAL_POLL'
02-28 17:26:18.824 D/wpa_supplicant(  659): nl80211: survey data missing!
02-28 17:26:18.824 I/WifiHW  (  506): REPLY: RSSI=-55
02-28 17:26:18.824 I/WifiHW  (  506): REPLY: LINKSPEED=65
02-28 17:26:18.824 I/WifiHW  (  506): REPLY: NOISE=9999
02-28 17:26:18.824 I/WifiHW  (  506): REPLY: FREQUENCY=2437
02-28 17:26:19.094 D/EVENT_THREAD(  187): void CEventThread::run() POLLIN event on Fd (1)
02-28 17:26:19.094 D/EVENT_THREAD(  187): void CEventThread::run() Do poll with timeout: -1
02-28 17:26:19.104 I/upi_ug31xx(  167): (3075) update_capacity
02-28 17:26:19.104 I/[UPI]   (  167): <UG31/E>[UpiReadCapacity]: V=4230(4227), T=325(328-395), I=-320, C=-3(-3-0)
02-28 17:26:19.104 I/[UPI]   (  167): <UG31/E>[UpiReadCapacity]: (0x00800d5a) 3727 (3707) / 3822 (3822) = 98
02-28 17:26:19.104 I/[UPI]   (  167): <UG31/E>[UpiReadCapacity]: (0x00800d5a) 3727 (3707) / 3822 (3822) = 98
02-28 17:26:19.104 I/[UPI]   (  167): <UG31/E>[UpiReadCapacity]: (0x00800d5a) 3724 (3724) / 3822 (3822) = 97
02-28 17:26:19.104 I/[UPI]   (  167): <UG31/E>[RsocFilterCountTime]: (0x00800d5a) Step=0(30310), Full=6(758230), Lock=30310(1800000)
02-28 17:26:19.104 I/[UPI]   (  167): <UG31/E>[UpiReadCapacity]: (0x00800d5a) 3727 (3724) / 3822 (3822) = 98 (-320--320)
02-28 17:26:19.104 I/[UPI]   (  167): <UG31/E><BATT> M:normal, P:98(98-97)%, V:4225mV, C:-305mA, T:32.8C(395), S:0x00800d5a(100), R:3727mAh, F:3822mAh, Q:2903mAh, CC:3, P:30.310(67-0)s, BO:7, 97:615:0-44af-9m:B001-20140514-144301 (1)
02-28 17:26:19.104 D/EVENT_THREAD(  187): void CEventThread::run() POLLIN event on Fd (1)
02-28 17:26:19.104 D/EVENT_THREAD(  187): void CEventThread::run() Do poll with timeout: -1
02-28 17:26:19.104 I/upi_ug31xx(  167): (3076) backup_data 
02-28 17:26:19.104 V/upi_ug31xx(  167): state->check_backup_count = 2
02-28 17:26:21.834 I/WifiHW  (  506): CMD: IFNAME=wlan0 SIGNAL_POLL
02-28 17:26:21.834 D/wpa_supplicant(  659): RX ctrl_iface - hexdump(len=11): 53 49 47 4e 41 4c 5f 50 4f 4c 4c
02-28 17:26:21.834 D/wpa_supplicant(  659): wlan0: Control interface command 'SIGNAL_POLL'
02-28 17:26:21.864 D/wpa_supplicant(  659): nl80211: survey data missing!
02-28 17:26:21.864 I/WifiHW  (  506): REPLY: RSSI=-53
02-28 17:26:21.864 I/WifiHW  (  506): REPLY: LINKSPEED=65
02-28 17:26:21.864 I/WifiHW  (  506): REPLY: NOISE=9999
02-28 17:26:21.864 I/WifiHW  (  506): REPLY: FREQUENCY=2437
02-28 17:26:24.874 I/WifiHW  (  506): CMD: IFNAME=wlan0 SIGNAL_POLL
02-28 17:26:24.874 D/wpa_supplicant(  659): RX ctrl_iface - hexdump(len=11): 53 49 47 4e 41 4c 5f 50 4f 4c 4c
02-28 17:26:24.874 D/wpa_supplicant(  659): wlan0: Control interface command 'SIGNAL_POLL'
02-28 17:26:24.904 D/wpa_supplicant(  659): nl80211: survey data missing!
02-28 17:26:24.904 I/WifiHW  (  506): REPLY: RSSI=-53
02-28 17:26:24.904 I/WifiHW  (  506): REPLY: LINKSPEED=65
02-28 17:26:24.904 I/WifiHW  (  506): REPLY: NOISE=9999
02-28 17:26:24.904 I/WifiHW  (  506): REPLY: FREQUENCY=2437
02-28 17:26:25.634 W/BindingManager(29939): Cannot call determinedVisibility() - never saw a connection for the pid: 29939
02-28 17:26:27.914 I/WifiHW  (  506): CMD: IFNAME=wlan0 SIGNAL_POLL
02-28 17:26:27.914 D/wpa_supplicant(  659): RX ctrl_iface - hexdump(len=11): 53 49 47 4e 41 4c 5f 50 4f 4c 4c
02-28 17:26:27.914 D/wpa_supplicant(  659): wlan0: Control interface command 'SIGNAL_POLL'
02-28 17:26:27.934 D/wpa_supplicant(  659): nl80211: survey data missing!
02-28 17:26:27.934 I/WifiHW  (  506): REPLY: RSSI=-54
02-28 17:26:27.934 I/WifiHW  (  506): REPLY: LINKSPEED=65
02-28 17:26:27.934 I/WifiHW  (  506): REPLY: NOISE=9999
02-28 17:26:27.934 I/WifiHW  (  506): REPLY: FREQUENCY=2437
02-28 17:26:30.944 I/WifiHW  (  506): CMD: IFNAME=wlan0 SIGNAL_POLL
02-28 17:26:30.944 D/wpa_supplicant(  659): RX ctrl_iface - hexdump(len=11): 53 49 47 4e 41 4c 5f 50 4f 4c 4c
02-28 17:26:30.944 D/wpa_supplicant(  659): wlan0: Control interface command 'SIGNAL_POLL'
02-28 17:26:30.964 D/wpa_supplicant(  659): nl80211: survey data missing!
02-28 17:26:30.964 I/WifiHW  (  506): REPLY: RSSI=-55
02-28 17:26:30.964 I/WifiHW  (  506): REPLY: LINKSPEED=65
02-28 17:26:30.964 I/WifiHW  (  506): REPLY: NOISE=9999
02-28 17:26:30.964 I/WifiHW  (  506): REPLY: FREQUENCY=2437
02-28 17:26:33.974 I/WifiHW  (  506): CMD: IFNAME=wlan0 SIGNAL_POLL
02-28 17:26:33.974 D/wpa_supplicant(  659): RX ctrl_iface - hexdump(len=11): 53 49 47 4e 41 4c 5f 50 4f 4c 4c
02-28 17:26:33.974 D/wpa_supplicant(  659): wlan0: Control interface command 'SIGNAL_POLL'
02-28 17:26:34.004 D/wpa_supplicant(  659): nl80211: survey data missing!
02-28 17:26:34.004 I/WifiHW  (  506): REPLY: RSSI=-55
02-28 17:26:34.004 I/WifiHW  (  506): REPLY: LINKSPEED=65
02-28 17:26:34.004 I/WifiHW  (  506): REPLY: NOISE=9999
02-28 17:26:34.004 I/WifiHW  (  506): REPLY: FREQUENCY=2437
02-28 17:26:37.014 I/WifiHW  (  506): CMD: IFNAME=wlan0 SIGNAL_POLL
02-28 17:26:37.014 D/wpa_supplicant(  659): RX ctrl_iface - hexdump(len=11): 53 49 47 4e 41 4c 5f 50 4f 4c 4c
02-28 17:26:37.014 D/wpa_supplicant(  659): wlan0: Control interface command 'SIGNAL_POLL'
02-28 17:26:37.034 D/wpa_supplicant(  659): nl80211: survey data missing!
02-28 17:26:37.034 I/WifiHW  (  506): REPLY: RSSI=-55
02-28 17:26:37.034 I/WifiHW  (  506): REPLY: LINKSPEED=65
02-28 17:26:37.034 I/WifiHW  (  506): REPLY: NOISE=9999
02-28 17:26:37.034 I/WifiHW  (  506): REPLY: FREQUENCY=2437
02-28 17:26:37.834 W/BindingManager(29939): Cannot call determinedVisibility() - never saw a connection for the pid: 29939
02-28 17:26:40.044 I/WifiHW  (  506): CMD: IFNAME=wlan0 SIGNAL_POLL
02-28 17:26:40.044 D/wpa_supplicant(  659): RX ctrl_iface - hexdump(len=11): 53 49 47 4e 41 4c 5f 50 4f 4c 4c
