02-28 17:59:32.314 D/wpa_supplicant(  659): wlan0:    skip - SSID mismatch
02-28 17:59:32.314 D/wpa_supplicant(  659): wlan0: 2: 44:94:fc:3d:da:38 ssid='6300' wpa_ie_len=0 rsn_ie_len=20 caps=0x411 level=-50 wps
02-28 17:59:32.314 D/wpa_supplicant(  659): wlan0:    skip - SSID mismatch
02-28 17:59:32.314 D/wpa_supplicant(  659): wlan0: 3: 6c:8b:2f:e8:38:24 ssid='ZTE_AP_6703' wpa_ie_len=0 rsn_ie_len=20 caps=0x511 level=-52
02-28 17:59:32.314 D/wpa_supplicant(  659): wlan0:    skip - SSID mismatch
02-28 17:59:32.314 D/wpa_supplicant(  659): wlan0: 4: 10:c3:7b:d2:e5:e0 ssid='ASUS_RT-AC66U-2.4G' wpa_ie_len=0 rsn_ie_len=20 caps=0x411 level=-56 wps
02-28 17:59:32.314 D/wpa_supplicant(  659): wlan0:    skip - SSID mismatch
02-28 17:59:32.314 D/wpa_supplicant(  659): wlan0: 5: 90:94:e4:03:45:f5 ssid='DAP-2553_D' wpa_ie_len=0 rsn_ie_len=24 caps=0x431 level=-64
02-28 17:59:32.314 D/wpa_supplicant(  659): wlan0:    skip - SSID mismatch
02-28 17:59:32.314 D/wpa_supplicant(  659): wlan0: 6: c4:17:fe:3f:4f:fb ssid='cmcm' wpa_ie_len=0 rsn_ie_len=20 caps=0x511 level=-64
02-28 17:59:32.314 D/wpa_supplicant(  659): wlan0:    skip - SSID mismatch
02-28 17:59:32.314 D/wpa_supplicant(  659): wlan0: 7: 98:fc:11:81:35:fb ssid='E2000EE' wpa_ie_len=0 rsn_ie_len=20 caps=0x411 level=-64 wps
02-28 17:59:32.314 D/wpa_supplicant(  659): wlan0:    skip - SSID mismatch
02-28 17:59:32.314 D/wpa_supplicant(  659): wlan0: 8: e4:d3:32:36:2e:54 ssid='otc' wpa_ie_len=26 rsn_ie_len=24 caps=0x411 level=-67 wps
02-28 17:59:32.314 D/wpa_supplicant(  659): wlan0:    skip - SSID mismatch
02-28 17:59:32.314 D/wpa_supplicant(  659): wlan0: 9: cc:34:29:2c:fb:ec ssid='linksys' wpa_ie_len=22 rsn_ie_len=20 caps=0x431 level=-67 wps
02-28 17:59:32.314 D/wpa_supplicant(  659): wlan0:    skip - SSID mismatch
02-28 17:59:32.314 D/wpa_supplicant(  659): wlan0: 10: c0:cb:38:7f:c9:09 ssid='360WiFi-7908' wpa_ie_len=0 rsn_ie_len=20 caps=0x511 level=-70
02-28 17:59:32.314 D/wpa_supplicant(  659): wlan0:    skip - SSID mismatch
02-28 17:59:32.314 D/wpa_supplicant(  659): wlan0: 11: e4:d3:32:c0:cf:a4 ssid='fast' wpa_ie_len=0 rsn_ie_len=20 caps=0x411 level=-72
02-28 17:59:32.314 D/wpa_supplicant(  659): wlan0:    skip - SSID mismatch
02-28 17:59:32.314 D/wpa_supplicant(  659): wlan0: 12: 7a:24:af:1e:df:58 ssid='DIRECT-' wpa_ie_len=0 rsn_ie_len=0 caps=0x410 level=-52
02-28 17:59:32.314 D/wpa_supplicant(  659): wlan0:    skip - SSID mismatch
02-28 17:59:32.314 D/wpa_supplicant(  659): wlan0: 13: 02:09:4c:2f:19:02 ssid='DIRECT-' wpa_ie_len=0 rsn_ie_len=0 caps=0x410 level=-77
02-28 17:59:32.314 D/wpa_supplicant(  659): wlan0:    skip - SSID mismatch
02-28 17:59:32.314 D/wpa_supplicant(  659): wlan0: Selecting BSS from priority group 18
02-28 17:59:32.314 D/wpa_supplicant(  659): wlan0: 0: c8:d7:19:60:62:f2 ssid='E3000-2.4G' wpa_ie_len=0 rsn_ie_len=20 caps=0x411 level=-44
02-28 17:59:32.314 D/wpa_supplicant(  659): wlan0:    skip - SSID mismatch
02-28 17:59:32.314 D/wpa_supplicant(  659): wlan0: 1: f8:d1:11:e7:99:e8 ssid='videotest' wpa_ie_len=22 rsn_ie_len=20 caps=0x531 level=-49 wps
02-28 17:59:32.314 D/wpa_supplicant(  659): wlan0:    skip - SSID mismatch
02-28 17:59:32.314 D/wpa_supplicant(  659): wlan0: 2: 44:94:fc:3d:da:38 ssid='6300' wpa_ie_len=0 rsn_ie_len=20 caps=0x411 level=-50 wps
02-28 17:59:32.314 D/wpa_supplicant(  659): wlan0:    skip - SSID mismatch
02-28 17:59:32.314 D/wpa_supplicant(  659): wlan0: 3: 6c:8b:2f:e8:38:24 ssid='ZTE_AP_6703' wpa_ie_len=0 rsn_ie_len=20 caps=0x511 level=-52
02-28 17:59:32.314 D/wpa_supplicant(  659): wlan0:    skip - SSID mismatch
02-28 17:59:32.314 D/wpa_supplicant(  659): wlan0: 4: 10:c3:7b:d2:e5:e0 ssid='ASUS_RT-AC66U-2.4G' wpa_ie_len=0 rsn_ie_len=20 caps=0x411 level=-56 wps
02-28 17:59:32.314 D/wpa_supplicant(  659): wlan0:    skip - SSID mismatch
02-28 17:59:32.314 D/wpa_supplicant(  659): wlan0: 5: 90:94:e4:03:45:f5 ssid='DAP-2553_D' wpa_ie_len=0 rsn_ie_len=24 caps=0x431 level=-64
02-28 17:59:32.314 D/wpa_supplicant(  659): wlan0:    skip - SSID mismatch
02-28 17:59:32.314 D/wpa_supplicant(  659): wlan0: 6: c4:17:fe:3f:4f:fb ssid='cmcm' wpa_ie_len=0 rsn_ie_len=20 caps=0x511 level=-64
02-28 17:59:32.314 D/wpa_supplicant(  659): wlan0:    skip - SSID mismatch
02-28 17:59:32.314 D/wpa_supplicant(  659): wlan0: 7: 98:fc:11:81:35:fb ssid='E2000EE' wpa_ie_len=0 rsn_ie_len=20 caps=0x411 level=-64 wps
02-28 17:59:32.314 D/wpa_supplicant(  659): wlan0:    skip - SSID mismatch
02-28 17:59:32.314 D/wpa_supplicant(  659): wlan0: 8: e4:d3:32:36:2e:54 ssid='otc' wpa_ie_len=26 rsn_ie_len=24 caps=0x411 level=-67 wps
02-28 17:59:32.314 D/wpa_supplicant(  659): wlan0:    skip - SSID mismatch
02-28 17:59:32.314 D/wpa_supplicant(  659): wlan0: 9: cc:34:29:2c:fb:ec ssid='linksys' wpa_ie_len=22 rsn_ie_len=20 caps=0x431 level=-67 wps
02-28 17:59:32.314 D/wpa_supplicant(  659): wlan0:    skip - SSID mismatch
02-28 17:59:32.314 D/wpa_supplicant(  659): wlan0: 10: c0:cb:38:7f:c9:09 ssid='360WiFi-7908' wpa_ie_len=0 rsn_ie_len=20 caps=0x511 level=-70
02-28 17:59:32.314 D/wpa_supplicant(  659): wlan0:    skip - SSID mismatch
02-28 17:59:32.314 D/wpa_supplicant(  659): wlan0: 11: e4:d3:32:c0:cf:a4 ssid='fast' wpa_ie_len=0 rsn_ie_len=20 caps=0x411 level=-72
02-28 17:59:32.314 D/wpa_supplicant(  659): wlan0:    skip - SSID mismatch
02-28 17:59:32.314 D/wpa_supplicant(  659): wlan0: 12: 7a:24:af:1e:df:58 ssid='DIRECT-' wpa_ie_len=0 rsn_ie_len=0 caps=0x410 level=-52
02-28 17:59:32.314 D/wpa_supplicant(  659): wlan0:    skip - SSID mismatch
02-28 17:59:32.314 D/wpa_supplicant(  659): wlan0: 13: 02:09:4c:2f:19:02 ssid='DIRECT-' wpa_ie_len=0 rsn_ie_len=0 caps=0x410 level=-77
02-28 17:59:32.314 D/wpa_supplicant(  659): wlan0:    skip - SSID mismatch
02-28 17:59:32.314 D/wpa_supplicant(  659): wlan0: Selecting BSS from priority group 17
02-28 17:59:32.314 D/wpa_supplicant(  659): wlan0: 0: c8:d7:19:60:62:f2 ssid='E3000-2.4G' wpa_ie_len=0 rsn_ie_len=20 caps=0x411 level=-44
02-28 17:59:32.314 D/wpa_supplicant(  659): wlan0:    skip - SSID mismatch
02-28 17:59:32.314 D/wpa_supplicant(  659): wlan0: 1: f8:d1:11:e7:99:e8 ssid='videotest' wpa_ie_len=22 rsn_ie_len=20 caps=0x531 level=-49 wps
02-28 17:59:32.314 D/wpa_supplicant(  659): wlan0:    skip - SSID mismatch
02-28 17:59:32.314 D/wpa_supplicant(  659): wlan0: 2: 44:94:fc:3d:da:38 ssid='6300' wpa_ie_len=0 rsn_ie_len=20 caps=0x411 level=-50 wps
02-28 17:59:32.314 D/wpa_supplicant(  659): wlan0:    skip - SSID mismatch
02-28 17:59:32.314 D/wpa_supplicant(  659): wlan0: 3: 6c:8b:2f:e8:38:24 ssid='ZTE_AP_6703' wpa_ie_len=0 rsn_ie_len=20 caps=0x511 level=-52
02-28 17:59:32.314 D/wpa_supplicant(  659): wlan0:    skip - SSID mismatch
02-28 17:59:32.314 D/wpa_supplicant(  659): wlan0: 4: 10:c3:7b:d2:e5:e0 ssid='ASUS_RT-AC66U-2.4G' wpa_ie_len=0 rsn_ie_len=20 caps=0x411 level=-56 wps
02-28 17:59:32.314 D/wpa_supplicant(  659): wlan0:    skip - SSID mismatch
02-28 17:59:32.314 D/wpa_supplicant(  659): wlan0: 5: 90:94:e4:03:45:f5 ssid='DAP-2553_D' wpa_ie_len=0 rsn_ie_len=24 caps=0x431 level=-64
02-28 17:59:32.314 D/wpa_supplicant(  659): wlan0:    skip - SSID mismatch
02-28 17:59:32.314 D/wpa_supplicant(  659): wlan0: 6: c4:17:fe:3f:4f:fb ssid='cmcm' wpa_ie_len=0 rsn_ie_len=20 caps=0x511 level=-64
02-28 17:59:32.314 D/wpa_supplicant(  659): wlan0:    skip - SSID mismatch
02-28 17:59:32.314 D/wpa_supplicant(  659): wlan0: 7: 98:fc:11:81:35:fb ssid='E2000EE' wpa_ie_len=0 rsn_ie_len=20 caps=0x411 level=-64 wps
02-28 17:59:32.314 D/wpa_supplicant(  659): wlan0:    skip - SSID mismatch
02-28 17:59:32.314 D/wpa_supplicant(  659): wlan0: 8: e4:d3:32:36:2e:54 ssid='otc' wpa_ie_len=26 rsn_ie_len=24 caps=0x411 level=-67 wps
02-28 17:59:32.314 D/wpa_supplicant(  659): wlan0:    skip - SSID mismatch
02-28 17:59:32.314 D/wpa_supplicant(  659): wlan0: 9: cc:34:29:2c:fb:ec ssid='linksys' wpa_ie_len=22 rsn_ie_len=20 caps=0x431 level=-67 wps
02-28 17:59:32.314 D/wpa_supplicant(  659): wlan0:    skip - SSID mismatch
02-28 17:59:32.314 D/wpa_supplicant(  659): wlan0: 10: c0:cb:38:7f:c9:09 ssid='360WiFi-7908' wpa_ie_len=0 rsn_ie_len=20 caps=0x511 level=-70
02-28 17:59:32.314 D/wpa_supplicant(  659): wlan0:    skip - SSID mismatch
02-28 17:59:32.314 D/wpa_supplicant(  659): wlan0: 11: e4:d3:32:c0:cf:a4 ssid='fast' wpa_ie_len=0 rsn_ie_len=20 caps=0x411 level=-72
02-28 17:59:32.314 D/wpa_supplicant(  659): wlan0:    skip - SSID mismatch
02-28 17:59:32.314 D/wpa_supplicant(  659): wlan0: 12: 7a:24:af:1e:df:58 ssid='DIRECT-' wpa_ie_len=0 rsn_ie_len=0 caps=0x410 level=-52
02-28 17:59:32.314 D/wpa_supplicant(  659): wlan0:    skip - SSID mismatch
02-28 17:59:32.314 D/wpa_supplicant(  659): wlan0: 13: 02:09:4c:2f:19:02 ssid='DIRECT-' wpa_ie_len=0 rsn_ie_len=0 caps=0x410 level=-77
02-28 17:59:32.314 D/wpa_supplicant(  659): wlan0:    skip - SSID mismatch
02-28 17:59:32.314 D/wpa_supplicant(  659): wlan0: Selecting BSS from priority group 15
02-28 17:59:32.314 D/wpa_supplicant(  659): wlan0: 0: c8:d7:19:60:62:f2 ssid='E3000-2.4G' wpa_ie_len=0 rsn_ie_len=20 caps=0x411 level=-44
02-28 17:59:32.314 D/wpa_supplicant(  659): wlan0:    skip - SSID mismatch
02-28 17:59:32.314 D/wpa_supplicant(  659): wlan0: 1: f8:d1:11:e7:99:e8 ssid='videotest' wpa_ie_len=22 rsn_ie_len=20 caps=0x531 level=-49 wps
02-28 17:59:32.314 D/wpa_supplicant(  659): wlan0:    skip - SSID mismatch
02-28 17:59:32.314 D/wpa_supplicant(  659): wlan0: 2: 44:94:fc:3d:da:38 ssid='6300' wpa_ie_len=0 rsn_ie_len=20 caps=0x411 level=-50 wps
02-28 17:59:32.314 D/wpa_supplicant(  659): wlan0:    skip - SSID mismatch
02-28 17:59:32.314 D/wpa_supplicant(  659): wlan0: 3: 6c:8b:2f:e8:38:24 ssid='ZTE_AP_6703' wpa_ie_len=0 rsn_ie_len=20 caps=0x511 level=-52
02-28 17:59:32.314 D/wpa_supplicant(  659): wlan0:    skip - SSID mismatch
02-28 17:59:32.314 D/wpa_supplicant(  659): wlan0: 4: 10:c3:7b:d2:e5:e0 ssid='ASUS_RT-AC66U-2.4G' wpa_ie_len=0 rsn_ie_len=20 caps=0x411 level=-56 wps
02-28 17:59:32.314 D/wpa_supplicant(  659): wlan0:    skip - SSID mismatch
02-28 17:59:32.314 D/wpa_supplicant(  659): wlan0: 5: 90:94:e4:03:45:f5 ssid='DAP-2553_D' wpa_ie_len=0 rsn_ie_len=24 caps=0x431 level=-64
02-28 17:59:32.314 D/wpa_supplicant(  659): wlan0:    skip - SSID mismatch
02-28 17:59:32.314 D/wpa_supplicant(  659): wlan0: 6: c4:17:fe:3f:4f:fb ssid='cmcm' wpa_ie_len=0 rsn_ie_len=20 caps=0x511 level=-64
02-28 17:59:32.314 D/wpa_supplicant(  659): wlan0:    skip - SSID mismatch
02-28 17:59:32.314 D/wpa_supplicant(  659): wlan0: 7: 98:fc:11:81:35:fb ssid='E2000EE' wpa_ie_len=0 rsn_ie_len=20 caps=0x411 level=-64 wps
02-28 17:59:32.314 D/wpa_supplicant(  659): wlan0:    skip - SSID mismatch
02-28 17:59:32.314 D/wpa_supplicant(  659): wlan0: 8: e4:d3:32:36:2e:54 ssid='otc' wpa_ie_len=26 rsn_ie_len=24 caps=0x411 level=-67 wps
02-28 17:59:32.314 D/wpa_supplicant(  659): wlan0:    skip - SSID mismatch
02-28 17:59:32.314 D/wpa_supplicant(  659): wlan0: 9: cc:34:29:2c:fb:ec ssid='linksys' wpa_ie_len=22 rsn_ie_len=20 caps=0x431 level=-67 wps
02-28 17:59:32.314 D/wpa_supplicant(  659): wlan0:    skip - SSID mismatch
02-28 17:59:32.314 D/wpa_supplicant(  659): wlan0: 10: c0:cb:38:7f:c9:09 ssid='360WiFi-7908' wpa_ie_len=0 rsn_ie_len=20 caps=0x511 level=-70
02-28 17:59:32.314 D/wpa_supplicant(  659): wlan0:    skip - SSID mismatch
02-28 17:59:32.314 D/wpa_supplicant(  659): wlan0: 11: e4:d3:32:c0:cf:a4 ssid='fast' wpa_ie_len=0 rsn_ie_len=20 caps=0x411 level=-72
02-28 17:59:32.314 D/wpa_supplicant(  659): wlan0:    skip - SSID mismatch
02-28 17:59:32.314 D/wpa_supplicant(  659): wlan0: 12: 7a:24:af:1e:df:58 ssid='DIRECT-' wpa_ie_len=0 rsn_ie_len=0 caps=0x410 level=-52
02-28 17:59:32.314 D/wpa_supplicant(  659): wlan0:    skip - SSID mismatch
02-28 17:59:32.314 D/wpa_supplicant(  659): wlan0: 13: 02:09:4c:2f:19:02 ssid='DIRECT-' wpa_ie_len=0 rsn_ie_len=0 caps=0x410 level=-77
02-28 17:59:32.314 D/wpa_supplicant(  659): wlan0:    skip - SSID mismatch
02-28 17:59:32.314 D/wpa_supplicant(  659): wlan0: Selecting BSS from priority group 4
02-28 17:59:32.314 D/wpa_supplicant(  659): wlan0: 0: c8:d7:19:60:62:f2 ssid='E3000-2.4G' wpa_ie_len=0 rsn_ie_len=20 caps=0x411 level=-44
02-28 17:59:32.314 D/wpa_supplicant(  659): wlan0:    skip - disabled
02-28 17:59:32.314 D/wpa_supplicant(  659): wlan0: 1: f8:d1:11:e7:99:e8 ssid='videotest' wpa_ie_len=22 rsn_ie_len=20 caps=0x531 level=-49 wps
02-28 17:59:32.314 D/wpa_supplicant(  659): wlan0:    skip - disabled
02-28 17:59:32.314 D/wpa_supplicant(  659): wlan0: 2: 44:94:fc:3d:da:38 ssid='6300' wpa_ie_len=0 rsn_ie_len=20 caps=0x411 level=-50 wps
02-28 17:59:32.314 D/wpa_supplicant(  659): wlan0:    skip - disabled
02-28 17:59:32.314 D/wpa_supplicant(  659): wlan0: 3: 6c:8b:2f:e8:38:24 ssid='ZTE_AP_6703' wpa_ie_len=0 rsn_ie_len=20 caps=0x511 level=-52
02-28 17:59:32.314 D/wpa_supplicant(  659): wlan0:    skip - disabled
02-28 17:59:32.314 D/wpa_supplicant(  659): wlan0: 4: 10:c3:7b:d2:e5:e0 ssid='ASUS_RT-AC66U-2.4G' wpa_ie_len=0 rsn_ie_len=20 caps=0x411 level=-56 wps
02-28 17:59:32.314 D/wpa_supplicant(  659): wlan0:    skip - disabled
02-28 17:59:32.314 D/wpa_supplicant(  659): wlan0: 5: 90:94:e4:03:45:f5 ssid='DAP-2553_D' wpa_ie_len=0 rsn_ie_len=24 caps=0x431 level=-64
02-28 17:59:32.314 D/wpa_supplicant(  659): wlan0:    skip - disabled
02-28 17:59:32.314 D/wpa_supplicant(  659): wlan0: 6: c4:17:fe:3f:4f:fb ssid='cmcm' wpa_ie_len=0 rsn_ie_len=20 caps=0x511 level=-64
02-28 17:59:32.314 D/wpa_supplicant(  659): wlan0:    skip - disabled
02-28 17:59:32.314 D/wpa_supplicant(  659): wlan0: 7: 98:fc:11:81:35:fb ssid='E2000EE' wpa_ie_len=0 rsn_ie_len=20 caps=0x411 level=-64 wps
02-28 17:59:32.314 D/wpa_supplicant(  659): wlan0:    skip - disabled
02-28 17:59:32.314 D/wpa_supplicant(  659): wlan0: 8: e4:d3:32:36:2e:54 ssid='otc' wpa_ie_len=26 rsn_ie_len=24 caps=0x411 level=-67 wps
02-28 17:59:32.314 D/wpa_supplicant(  659): wlan0:    skip - disabled
02-28 17:59:32.314 D/wpa_supplicant(  659): wlan0: 9: cc:34:29:2c:fb:ec ssid='linksys' wpa_ie_len=22 rsn_ie_len=20 caps=0x431 level=-67 wps
02-28 17:59:32.314 D/wpa_supplicant(  659): wlan0:    skip - disabled
02-28 17:59:32.314 D/wpa_supplicant(  659): wlan0: 10: c0:cb:38:7f:c9:09 ssid='360WiFi-7908' wpa_ie_len=0 rsn_ie_len=20 caps=0x511 level=-70
02-28 17:59:32.314 D/wpa_supplicant(  659): wlan0:    skip - disabled
02-28 17:59:32.314 D/wpa_supplicant(  659): wlan0: 11: e4:d3:32:c0:cf:a4 ssid='fast' wpa_ie_len=0 rsn_ie_len=20 caps=0x411 level=-72
02-28 17:59:32.314 D/wpa_supplicant(  659): wlan0:    skip - disabled
02-28 17:59:32.314 D/wpa_supplicant(  659): wlan0: 12: 7a:24:af:1e:df:58 ssid='DIRECT-' wpa_ie_len=0 rsn_ie_len=0 caps=0x410 level=-52
02-28 17:59:32.314 D/wpa_supplicant(  659): wlan0:    skip - disabled
02-28 17:59:32.314 D/wpa_supplicant(  659): wlan0: 13: 02:09:4c:2f:19:02 ssid='DIRECT-' wpa_ie_len=0 rsn_ie_len=0 caps=0x410 level=-77
02-28 17:59:32.314 D/wpa_supplicant(  659): wlan0:    skip - disabled
02-28 17:59:32.314 D/wpa_supplicant(  659): wlan0: No suitable network found
02-28 17:59:32.314 D/wpa_supplicant(  659): wlan0: Setting scan request: 40 sec 0 usec
02-28 17:59:32.314 D/wpa_supplicant(  659): wlan0: Checking for other virtual interfaces sharing same radio (phy0) in event_scan_results
02-28 17:59:32.314 D/wpa_supplicant(  659): p2p-dev-wlan0: Updating scan results from sibling
02-28 17:59:32.314 D/wpa_supplicant(  659): nl80211: Received scan results (14 BSSes)
02-28 17:59:32.314 D/wpa_supplicant(  659): nl80211: Survey data missing
02-28 17:59:32.314 D/wpa_supplicant(  659): p2p-dev-wlan0: BSS: Start scan result update 16
02-28 17:59:32.314 D/wpa_supplicant(  659): BSS: No P2P IE - skipping BSS c8:d7:19:60:62:f2 update for P2P interface
02-28 17:59:32.314 D/wpa_supplicant(  659): BSS: No P2P IE - skipping BSS f8:d1:11:e7:99:e8 update for P2P interface
02-28 17:59:32.314 D/wpa_supplicant(  659): BSS: No P2P IE - skipping BSS 44:94:fc:3d:da:38 update for P2P interface
02-28 17:59:32.314 D/wpa_supplicant(  659): BSS: No P2P IE - skipping BSS 6c:8b:2f:e8:38:24 update for P2P interface
02-28 17:59:32.314 D/wpa_supplicant(  659): BSS: No P2P IE - skipping BSS 10:c3:7b:d2:e5:e0 update for P2P interface
02-28 17:59:32.314 D/wpa_supplicant(  659): BSS: No P2P IE - skipping BSS 90:94:e4:03:45:f5 update for P2P interface
02-28 17:59:32.314 D/wpa_supplicant(  659): BSS: No P2P IE - skipping BSS c4:17:fe:3f:4f:fb update for P2P interface
02-28 17:59:32.314 D/wpa_supplicant(  659): BSS: No P2P IE - skipping BSS 98:fc:11:81:35:fb update for P2P interface
02-28 17:59:32.314 D/wpa_supplicant(  659): BSS: No P2P IE - skipping BSS e4:d3:32:36:2e:54 update for P2P interface
02-28 17:59:32.314 D/wpa_supplicant(  659): BSS: No P2P IE - skipping BSS cc:34:29:2c:fb:ec update for P2P interface
02-28 17:59:32.314 D/wpa_supplicant(  659): BSS: No P2P IE - skipping BSS c0:cb:38:7f:c9:09 update for P2P interface
02-28 17:59:32.314 D/wpa_supplicant(  659): BSS: No P2P IE - skipping BSS e4:d3:32:c0:cf:a4 update for P2P interface
02-28 17:59:32.314 D/wpa_supplicant(  659): BSS: No P2P IE - skipping BSS 7a:24:af:1e:df:58 update for P2P interface
02-28 17:59:32.314 D/wpa_supplicant(  659): BSS: No P2P IE - skipping BSS 02:09:4c:2f:19:02 update for P2P interface
02-28 17:59:32.314 D/wpa_supplicant(  659): BSS: last_scan_res_used=0/0 last_scan_full=0
02-28 17:59:32.314 D/wpa_supplicant(  659): p2p-dev-wlan0: New scan results available
02-28 17:59:32.314 D/wpa_supplicant(  659): CTRL_IFACE monitor send - hexdump(len=39): 2f 64 61 74 61 2f 6d 69 73 63 2f 77 69 66 69 2f 73 6f 63 6b 65 74 73 2f 77 70 61 5f 63 74 72 6c ...
02-28 17:59:32.314 I/WifiHW  (  506): EVENT: IFNAME=p2p-dev-wlan0 CTRL-EVENT-SCAN-RESULTS 
02-28 17:59:32.324 D/wpa_supplicant(  659): WPS: AP[0] c8:d7:19:60:62:f2 type=0 tries=0 last_attempt=-1 sec ago blacklist=0
02-28 17:59:32.324 D/wpa_supplicant(  659): WPS: AP[1] f8:d1:11:e7:99:e8 type=0 tries=0 last_attempt=-1 sec ago blacklist=0
02-28 17:59:32.324 D/wpa_supplicant(  659): WPS: AP[2] cc:34:29:2c:fb:ec type=0 tries=0 last_attempt=-1 sec ago blacklist=0
02-28 17:59:32.324 D/wpa_supplicant(  659): WPS: AP[3] 10:c3:7b:d2:e5:e0 type=0 tries=0 last_attempt=-1 sec ago blacklist=0
02-28 17:59:32.324 D/wpa_supplicant(  659): WPS: AP[4] cc:34:29:2b:26:4c type=0 tries=0 last_attempt=-1 sec ago blacklist=0
02-28 17:59:32.324 D/wpa_supplicant(  659): WPS: AP[5] 44:94:fc:3d:da:38 type=0 tries=0 last_attempt=-1 sec ago blacklist=0
02-28 17:59:32.324 D/wpa_supplicant(  659): WPS: AP[6] b0:48:7a:51:ff:cc type=0 tries=0 last_attempt=-1 sec ago blacklist=0
02-28 17:59:32.324 D/wpa_supplicant(  659): WPS: AP[7] c0:c1:c0:76:81:3c type=0 tries=0 last_attempt=-1 sec ago blacklist=0
02-28 17:59:32.324 D/wpa_supplicant(  659): WPS: AP[8] 10:9f:a9:dc:b1:fc type=0 tries=0 last_attempt=-1 sec ago blacklist=0
02-28 17:59:32.324 D/wpa_supplicant(  659): WPS: AP[9] 98:fc:11:81:35:fb type=0 tries=0 last_attempt=-1 sec ago blacklist=0
02-28 17:59:32.324 D/wpa_supplicant(  659): WPS: AP[10] e4:d3:32:36:2e:54 type=0 tries=0 last_attempt=-1 sec ago blacklist=0
02-28 17:59:32.324 D/wpa_supplicant(  659): WPS: AP[11] c0:a0:bb:20:3b:84 type=0 tries=0 last_attempt=-1 sec ago blacklist=0
02-28 17:59:32.324 D/wpa_supplicant(  659): WPS: AP[12] 14:d6:4d:28:ef:c8 type=0 tries=0 last_attempt=-1 sec ago blacklist=0
02-28 17:59:32.324 D/wpa_supplicant(  659): WPS: AP[13] 2c:b0:5d:7f:f4:24 type=0 tries=0 last_attempt=-1 sec ago blacklist=0
02-28 17:59:32.324 D/wpa_supplicant(  659): p2p-dev-wlan0: No suitable network found
02-28 17:59:32.324 D/wpa_supplicant(  659): p2p-dev-wlan0: Short-circuit new scan request since there are no enabled networks
02-28 17:59:32.324 D/wpa_supplicant(  659): p2p-dev-wlan0: State: INACTIVE -> INACTIVE
02-28 17:59:32.324 D/wpa_supplicant(  659): wlan0: P2P: Station mode scan operation not pending anymore (sta_scan_pending=0 p2p_cb_on_scan_complete=0)
02-28 17:59:32.324 D/wpa_supplicant(  659): RX ctrl_iface - hexdump(len=25): 42 53 53 20 52 41 4e 47 45 3d 30 2d 20 4d 41 53 4b 3d 30 78 32 31 39 38 37
02-28 17:59:32.324 D/wpa_supplicant(  659): wlan0: Control interface command 'BSS RANGE=0- MASK=0x21987'
02-28 17:59:32.324 I/WifiHW  (  506): REPLY: id=175
02-28 17:59:32.324 I/WifiHW  (  506): REPLY: bssid=f8:d1:11:e7:99:e8
02-28 17:59:32.324 I/WifiHW  (  506): REPLY: freq=2437
02-28 17:59:32.324 I/WifiHW  (  506): REPLY: level=-49
02-28 17:59:32.324 I/WifiHW  (  506): REPLY: tsf=0000030294091976
02-28 17:59:32.324 I/WifiHW  (  506): REPLY: flags=[WPA-PSK-CCMP][WPA2-PSK-CCMP][WPS][ESS]
02-28 17:59:32.324 I/WifiHW  (  506): REPLY: ssid=videotest
02-28 17:59:32.324 I/WifiHW  (  506): REPLY: ====
02-28 17:59:32.324 I/WifiHW  (  506): REPLY: id=176
02-28 17:59:32.324 I/WifiHW  (  506): REPLY: bssid=c8:d7:19:60:62:f2
02-28 17:59:32.324 I/WifiHW  (  506): REPLY: freq=2437
02-28 17:59:32.324 I/WifiHW  (  506): REPLY: level=-44
02-28 17:59:32.324 I/WifiHW  (  506): REPLY: tsf=0000030294091950
02-28 17:59:32.324 I/WifiHW  (  506): REPLY: flags=[WPA2-EAP-CCMP-preauth][ESS]
02-28 17:59:32.324 I/WifiHW  (  506): REPLY: ssid=E3000-2.4G
02-28 17:59:32.324 I/WifiHW  (  506): REPLY: ====
02-28 17:59:32.324 I/WifiHW  (  506): REPLY: id=177
02-28 17:59:32.324 I/WifiHW  (  506): REPLY: bssid=6c:8b:2f:e8:38:24
02-28 17:59:32.324 I/WifiHW  (  506): REPLY: freq=2437
02-28 17:59:32.324 I/WifiHW  (  506): REPLY: level=-52
02-28 17:59:32.324 I/WifiHW  (  506): REPLY: tsf=0000030294091968
02-28 17:59:32.324 I/WifiHW  (  506): REPLY: flags=[WPA2-PSK-CCMP][ESS]
02-28 17:59:32.324 I/WifiHW  (  506): REPLY: ssid=ZTE_AP_6703
02-28 17:59:32.324 I/WifiHW  (  506): REPLY: ====
02-28 17:59:32.324 I/WifiHW  (  506): REPLY: id=178
02-28 17:59:32.324 I/WifiHW  (  506): REPLY: bssid=44:94:fc:3d:da:38
02-28 17:59:32.324 I/WifiHW  (  506): REPLY: freq=2462
02-28 17:59:32.324 I/WifiHW  (  506): REPLY: level=-50
02-28 17:59:32.324 I/WifiHW  (  506): REPLY: tsf=0000030294092012
02-28 17:59:32.324 I/WifiHW  (  506): REPLY: flags=[WPA2-EAP-CCMP-preauth][WPS][ESS]
02-28 17:59:32.324 I/WifiHW  (  506): REPLY: ssid=6300
02-28 17:59:32.324 I/WifiHW  (  506): REPLY: ====
02-28 17:59:32.324 I/WifiHW  (  506): REPLY: id=179
02-28 17:59:32.324 I/WifiHW  (  506): REPLY: bssid=cc:34:29:2b:26:4c
02-28 17:59:32.324 I/WifiHW  (  506): REPLY: freq=2462
02-28 17:59:32.324 I/WifiHW  (  506): REPLY: level=-62
02-28 17:59:32.324 I/WifiHW  (  506): REPLY: tsf=0000030252874369
02-28 17:59:32.324 I/WifiHW  (  506): REPLY: flags=[WPA2-PSK-CCMP][WPS][ESS]
02-28 17:59:32.324 I/WifiHW  (  506): REPLY: ssid=cws-test
02-28 17:59:32.324 I/WifiHW  (  506): REPLY: ====
02-28 17:59:32.324 I/WifiHW  (  506): REPLY: id=181
02-28 17:59:32.324 I/WifiHW  (  506): REPLY: bssid=cc:34:29:2c:fb:ec
02-28 17:59:32.324 I/WifiHW  (  506): REPLY: freq=2412
02-28 17:59:32.324 I/WifiHW  (  506): REPLY: level=-67
02-28 17:59:32.324 I/WifiHW  (  506): REPLY: tsf=0000030294091941
02-28 17:59:32.324 I/WifiHW  (  506): REPLY: flags=[WPA-PSK-CCMP][WPA2-PSK-CCMP][WPS][ESS]
02-28 17:59:32.324 I/WifiHW  (  506): REPLY: ssid=linksys
02-28 17:59:32.324 I/WifiHW  (  506): REPLY: ====
02-28 17:59:32.324 I/WifiHW  (  506): REPLY: id=182
02-28 17:59:32.324 I/WifiHW  (  506): REPLY: bssid=c4:17:fe:3f:4f:fb
02-28 17:59:32.324 I/WifiHW  (  506): REPLY: freq=2437
02-28 17:59:32.324 I/WifiHW  (  506): REPLY: level=-64
02-28 17:59:32.324 I/WifiHW  (  506): REPLY: tsf=0000030294091995
02-28 17:59:32.324 I/WifiHW  (  506): REPLY: flags=[WPA2-PSK-CCMP][ESS]
02-28 17:59:32.324 I/WifiHW  (  506): REPLY: ssid=cmcm
02-28 17:59:32.324 I/WifiHW  (  506): REPLY: ====
02-28 17:59:32.324 I/WifiHW  (  506): REPLY: id=183
02-28 17:59:32.324 I/WifiHW  (  506): REPLY: bssid=98:fc:11:81:35:fb
02-28 17:59:32.324 I/WifiHW  (  506): REPLY: freq=2412
02-28 17:59:32.324 I/WifiHW  (  506): REPLY: level=-64
02-28 17:59:32.324 I/WifiHW  (  506): REPLY: tsf=0000030294091933
02-28 17:59:32.324 I/WifiHW  (  506): REPLY: flags=[WPA2-PSK-CCMP][WPS][ESS]
02-28 17:59:32.324 I/WifiHW  (  506): REPLY: ssid=E2000EE
02-28 17:59:32.324 I/WifiHW  (  506): REPLY: ====
02-28 17:59:32.324 I/WifiHW  (  506): REPLY: id=187
02-28 17:59:32.324 I/WifiHW  (  506): REPLY: bssid=c0:cb:38:7f:c9:09
02-28 17:59:32.324 I/WifiHW  (  506): REPLY: freq=2437
02-28 17:59:32.324 I/WifiHW  (  506): REPLY: level=-70
02-28 17:59:32.324 I/WifiHW  (  506): REPLY: tsf=0000030294091959
02-28 17:59:32.324 I/WifiHW  (  506): REPLY: flags=[WPA2-PSK-CCMP][ESS]
02-28 17:59:32.324 I/WifiHW  (  506): REPLY: ssid=360WiFi-7908
02-28 17:59:32.324 I/WifiHW  (  506): REPLY: ====
02-28 17:59:32.324 I/WifiHW  (  506): REPLY: id=190
02-28 17:59:32.324 I/WifiHW  (  506): REPLY: bssid=c0:c1:c0:76:81:3c
02-28 17:59:32.324 I/WifiHW  (  506): REPLY: freq=2462
02-28 17:59:32.324 I/WifiHW  (  506): REPLY: level=-59
02-28 17:59:32.324 I/WifiHW  (  506): REPLY: tsf=0000030252874389
02-28 17:59:32.324 I/WifiHW  (  506): REPLY: flags=[WPS][ESS]
02-28 17:59:32.324 I/WifiHW  (  506): REPLY: ssid=E2000
02-28 17:59:32.324 I/WifiHW  (  506): REPLY: ====
02-28 17:59:32.324 I/WifiHW  (  506): REPLY: id=193
02-28 17:59:32.324 I/WifiHW  (  506): REPLY: bssid=10:c3:7b:d2:e5:e0
02-28 17:59:32.324 I/WifiHW  (  506): REPLY: freq=2462
02-28 17:59:32.324 I/WifiHW  (  506): REPLY: level=-56
02-28 17:59:32.324 I/WifiHW  (  506): REPLY: tsf=0000030294092037
02-28 17:59:32.324 I/WifiHW  (  506): REPLY: flags=[WPA2-PSK-CCMP][WPS][ESS]
02-28 17:59:32.324 I/WifiHW  (  506): REPLY: ssid=ASUS_RT-AC66U-2.4G
02-28 17:59:32.324 I/WifiHW  (  506): REPLY: ====
02-28 17:59:32.324 I/WifiHW  (  506): REPLY: id=205
02-28 17:59:32.324 I/WifiHW  (  506): REPLY: bssid=50:bd:5f:4b:29:92
02-28 17:59:32.324 I/WifiHW  (  506): REPLY: freq=2437
02-28 17:59:32.324 I/WifiHW  (  506): REPLY: level=-69
02-28 17:59:32.324 I/WifiHW  (  506): REPLY: tsf=0000030252874275
02-28 17:59:32.324 I/WifiHW  (  506): REPLY: flags=[ESS]
02-28 17:59:32.324 I/WifiHW  (  506): REPLY: ssid=Internet-2
02-28 17:59:32.324 I/WifiHW  (  506): REPLY: ====
02-28 17:59:32.324 I/WifiHW  (  506): REPLY: id=207
02-28 17:59:32.324 I/WifiHW  (  506): REPLY: bssid=e4:d3:32:c0:cf:a4
02-28 17:59:32.324 I/WifiHW  (  506): REPLY: freq=2437
02-28 17:59:32.324 I/WifiHW  (  506): REPLY: level=-72
02-28 17:59:32.324 I/WifiHW  (  506): REPLY: tsf=0000030294091986
02-28 17:59:32.324 I/WifiHW  (  506): REPLY: flags=[WPA2-PSK-CCMP][ESS]
02-28 17:59:32.324 I/WifiHW  (  506): REPLY: ssid=fast
02-28 17:59:32.324 I/WifiHW  (  506): REPLY: ====
02-28 17:59:32.324 I/WifiHW  (  506): REPLY: id=214
02-28 17:59:32.324 I/WifiHW  (  506): REPLY: bssid=14:d6:4d:28:ef:c8
02-28 17:59:32.324 I/WifiHW  (  506): REPLY: freq=2437
02-28 17:59:32.324 I/WifiHW  (  506): REPLY: level=-74
02-28 17:59:32.324 I/WifiHW  (  506): REPLY: tsf=0000030252874343
02-28 17:59:32.324 I/WifiHW  (  506): REPLY: flags=[WPA2-PSK-CCMP][WPS][ESS]
02-28 17:59:32.324 I/WifiHW  (  506): REPLY: ssid=dlink
02-28 17:59:32.324 I/WifiHW  (  506): REPLY: ====
02-28 17:59:32.324 I/WifiHW  (  506): REPLY: id=215
02-28 17:59:32.324 I/WifiHW  (  506): REPLY: bssid=b0:48:7a:51:ff:cc
02-28 17:59:32.324 I/WifiHW  (  506): REPLY: freq=2452
02-28 17:59:32.324 I/WifiHW  (  506): REPLY: level=-68
02-28 17:59:32.324 I/WifiHW  (  506): REPLY: tsf=0000030252874351
02-28 17:59:32.324 I/WifiHW  (  506): REPLY: flags=[WPA-PSK-CCMP][WPA2-PSK-CCMP][WPS][ESS]
02-28 17:59:32.324 I/WifiHW  (  506): REPLY: ssid=Neusoft TP
02-28 17:59:32.324 I/WifiHW  (  506): REPLY: ====
02-28 17:59:32.324 I/WifiHW  (  506): REPLY: id=217
02-28 17:59:32.324 I/WifiHW  (  506): REPLY: bssid=7a:24:af:1e:df:58
02-28 17:59:32.324 I/WifiHW  (  506): REPLY: freq=2412
02-28 17:59:32.324 I/WifiHW  (  506): REPLY: level=-52
02-28 17:59:32.324 I/WifiHW  (  506): REPLY: tsf=0000030294092029
02-28 17:59:32.324 I/WifiHW  (  506): REPLY: flags=[WEP]
02-28 17:59:32.324 I/WifiHW  (  506): REPLY: ssid=DIRECT-
02-28 17:59:32.324 I/WifiHW  (  506): REPLY: ====
02-28 17:59:32.324 I/WifiHW  (  506): REPLY: id=218
02-28 17:59:32.324 I/WifiHW  (  506): REPLY: bssid=02:1a:11:f8:2f:eb
02-28 17:59:32.324 I/WifiHW  (  506): REPLY: freq=2437
02-28 17:59:32.324 I/WifiHW  (  506): REPLY: level=-78
02-28 17:59:32.324 I/WifiHW  (  506): REPLY: tsf=0000030252874325
02-28 17:59:32.334 I/WifiHW  (  506): REPLY: flags=[WPA2-PSK-CCMP][ESS]
02-28 17:59:32.334 I/WifiHW  (  506): REPLY: ssid=io1
02-28 17:59:32.334 I/WifiHW  (  506): REPLY: ====
02-28 17:59:32.334 I/WifiHW  (  506): REPLY: id=226
02-28 17:59:32.334 I/WifiHW  (  506): REPLY: bssid=e4:d3:32:36:2e:54
02-28 17:59:32.334 I/WifiHW  (  506): REPLY: freq=2472
02-28 17:59:32.334 I/WifiHW  (  506): REPLY: level=-67
02-28 17:59:32.334 I/WifiHW  (  506): REPLY: tsf=0000030294092046
02-28 17:59:32.334 I/WifiHW  (  506): REPLY: flags=[WPA-PSK-CCMP+TKIP][WPA2-PSK-CCMP+TKIP][WPS][ESS]
02-28 17:59:32.334 I/WifiHW  (  506): REPLY: ssid=otc
02-28 17:59:32.334 I/WifiHW  (  506): REPLY: ====
02-28 17:59:32.334 I/WifiHW  (  506): REPLY: id=227
02-28 17:59:32.334 I/WifiHW  (  506): REPLY: bssid=c0:a0:bb:20:3b:84
02-28 17:59:32.334 I/WifiHW  (  506): REPLY: freq=2417
02-28 17:59:32.334 I/WifiHW  (  506): REPLY: level=-78
02-28 17:59:32.334 I/WifiHW  (  506): REPLY: tsf=0000030252874267
02-28 17:59:32.334 I/WifiHW  (  506): REPLY: flags=[WPA-PSK-CCMP+TKIP][WPA2-PSK-CCMP+TKIP][WPS][ESS]
02-28 17:59:32.334 I/WifiHW  (  506): REPLY: ssid=dlink-3B84
02-28 17:59:32.334 I/WifiHW  (  506): REPLY: ====
02-28 17:59:32.334 I/WifiHW  (  506): REPLY: id=229
02-28 17:59:32.334 I/WifiHW  (  506): REPLY: bssid=90:94:e4:03:45:f5
02-28 17:59:32.334 I/WifiHW  (  506): REPLY: freq=2442
02-28 17:59:32.334 I/WifiHW  (  506): REPLY: level=-64
02-28 17:59:32.334 I/WifiHW  (  506): REPLY: tsf=0000030294092003
02-28 17:59:32.334 I/WifiHW  (  506): REPLY: flags=[WPA2-PSK-CCMP+TKIP][ESS]
02-28 17:59:32.334 I/WifiHW  (  506): REPLY: ssid=DAP-2553_D
02-28 17:59:32.334 I/WifiHW  (  506): REPLY: ====
02-28 17:59:32.334 I/WifiHW  (  506): REPLY: id=230
02-28 17:59:32.334 I/WifiHW  (  506): REPLY: bssid=02:09:4c:2f:19:02
02-28 17:59:32.334 I/WifiHW  (  506): REPLY: freq=2412
02-28 17:59:32.334 I/WifiHW  (  506): REPLY: level=-77
02-28 17:59:32.334 I/WifiHW  (  506): REPLY: tsf=0000030294092020
02-28 17:59:32.334 I/WifiHW  (  506): REPLY: flags=[WEP]
02-28 17:59:32.334 I/WifiHW  (  506): REPLY: ssid=DIRECT-
02-28 17:59:32.334 I/WifiHW  (  506): REPLY: ####
02-28 17:59:32.334 D/wpa_supplicant(  659): RTM_NEWLINK: operstate=0 ifi_flags=0x11003 ([UP][LOWER_UP])
02-28 17:59:32.334 D/wpa_supplicant(  659): RTM_NEWLINK, IFLA_IFNAME: Interface 'wlan0' added
02-28 17:59:32.334 D/wpa_supplicant(  659): nl80211: if_removed already cleared - ignore event
02-28 17:59:37.584 W/BindingManager( 7508): Cannot call determinedVisibility() - never saw a connection for the pid: 7508
02-28 17:59:38.374 W/BindingManager( 7508): Cannot call determinedVisibility() - never saw a connection for the pid: 7508
02-28 17:59:39.004 D/BatteryStatsImpl(  506): noteStopWakeLocked system isFromForeground = false
02-28 17:59:40.454 W/BindingManager( 7508): Cannot call determinedVisibility() - never saw a connection for the pid: 7508
02-28 17:59:40.754 D/EVENT_THREAD(  187): void CEventThread::run() POLLIN event on Fd (1)
02-28 17:59:40.754 D/EVENT_THREAD(  187): void CEventThread::run() Do poll with timeout: -1
02-28 17:59:40.754 D/EVENT_THREAD(  187): void CEventThread::run() POLLIN event on Fd (1)
02-28 17:59:40.754 D/EVENT_THREAD(  187): void CEventThread::run() Do poll with timeout: -1
02-28 17:59:40.754 I/upi_ug31xx(  167): (3207) update_capacity
02-28 17:59:40.754 I/[UPI]   (  167): <UG31/E>[UpiReadCapacity]: V=4151(4157), T=358(361-424), I=-153, C=0(0-0)
02-28 17:59:40.754 I/[UPI]   (  167): <UG31/E>[UpiReadCapacity]: (0x0000214a) 3334 (3241) / 3602 (3602) = 93
02-28 17:59:40.754 I/[UPI]   (  167): <UG31/E>[UpiReadCapacity]: (0x0000214a) 3334 (3241) / 3602 (3602) = 93
02-28 17:59:40.754 I/[UPI]   (  167): <UG31/E>[UpiReadCapacity]: (0x0000214a) 3334 (3334) / 3602 (3602) = 93
02-28 17:59:40.754 I/[UPI]   (  167): <UG31/E>[RsocFilterCountTime]: (0x0000214a) Step=4(272720), Full=2(272720), Lock=272720(1857882)
02-28 17:59:40.754 I/[UPI]   (  167): <UG31/E>[UpiReadCapacity]: (0x0000214a) 3334 (3334) / 3602 (3602) = 93 (-153--153)
02-28 17:59:40.754 I/[UPI]   (  167): <UG31/E><BATT> M:normal, P:93(93-93)%, V:4160mV, C:-179mA, T:36.1C(424), S:0x0000214a(000), R:3334mAh, F:3602mAh, Q:2705mAh, CC:3, P:30.280(265-0)s, BO:7, 97:615:0-44af-9m:B001-20140514-144301 (2)
02-28 17:59:40.754 I/upi_ug31xx(  167): (3208) backup_data 
02-28 17:59:40.754 V/upi_ug31xx(  167): state->check_backup_count = 7
02-28 17:59:41.554 W/BindingManager( 7508): Cannot call determinedVisibility() - never saw a connection for the pid: 7508
02-28 17:59:42.404 W/BindingManager( 7508): Cannot call determinedVisibility() - never saw a connection for the pid: 7508
02-28 17:59:43.644 W/BindingManager( 7508): Cannot call determinedVisibility() - never saw a connection for the pid: 7508
02-28 17:59:45.174 W/BindingManager( 7508): Cannot call determinedVisibility() - never saw a connection for the pid: 7508
02-28 17:59:46.164 W/BindingManager( 7508): Cannot call determinedVisibility() - never saw a connection for the pid: 7508
02-28 17:59:46.864 I/chromium( 7508): [INFO:CONSOLE(65)] "WebSocket connection to 'ws://html5labs%20interop.cloudapp.net:8081/echo' failed: Error in connection establishment: net::ERR_INTERNET_DISCONNECTED", source: http://127.0.0.1:8080/opt/tct-websocket-w3c-tests/websocket/w3c/websocket.js (65)
02-28 17:59:47.014 I/chromium( 7508): [INFO:CONSOLE(75)] "WebSocket connection to 'ws://echo.websocket.org:8080/' failed: Error in connection establishment: net::ERR_INTERNET_DISCONNECTED", source: http://127.0.0.1:8080/opt/tct-websocket-w3c-tests/websocket/support/websocket.js (75)
02-28 17:59:47.314 I/chromium( 7508): [INFO:CONSOLE(75)] "WebSocket connection to 'wss://echo.websocket.org:8080/' failed: Error in connection establishment: net::ERR_INTERNET_DISCONNECTED", source: http://127.0.0.1:8080/opt/tct-websocket-w3c-tests/websocket/support/websocket.js (75)
02-28 17:59:47.614 W/chromium( 7508): [WARNING:openssl_ssl_util.cc(152)] Unmapped error reason: 165
02-28 17:59:47.614 E/chromium( 7508): [ERROR:ssl_client_socket_openssl.cc(1071)] handshake failed; returned -1, SSL error code 1, net_error -107
02-28 17:59:47.614 W/chromium( 7508): [WARNING:openssl_ssl_util.cc(152)] Unmapped error reason: 165
02-28 17:59:47.614 E/chromium( 7508): [ERROR:ssl_client_socket_openssl.cc(1071)] handshake failed; returned -1, SSL error code 1, net_error -107
02-28 17:59:47.614 W/chromium( 7508): [WARNING:openssl_ssl_util.cc(152)] Unmapped error reason: 165
02-28 17:59:47.614 E/chromium( 7508): [ERROR:ssl_client_socket_openssl.cc(1071)] handshake failed; returned -1, SSL error code 1, net_error -107
02-28 17:59:47.674 I/chromium( 7508): [INFO:CONSOLE(75)] "WebSocket connection to 'wss://localhost:8080/' failed: Error in connection establishment: net::ERR_SSL_PROTOCOL_ERROR", source: http://127.0.0.1:8080/opt/tct-websocket-w3c-tests/websocket/support/websocket.js (75)
02-28 17:59:47.994 D/        ( 7508): Pixel Format : GGL_PIXEL_FORMAT_RGBA_8888
02-28 17:59:52.294 D/        ( 7508): Surface destroy: ANDROID_NATIVE_WINDOW_MAGIC
02-28 17:59:52.314 I/AudioPolicyManagerBase(  187): APM: getOutput
02-28 17:59:52.314 I/AudioPolicyManagerBase(  187): APM: getOutput
02-28 17:59:52.314 I/AudioPolicyManagerBase(  187): APM: getOutput
02-28 17:59:52.314 W/AudioTrack(  506): AUDIO_OUTPUT_FLAG_FAST denied by client
02-28 17:59:52.314 D/AudioPolicyManagerALSA(  187): startOutput() output 2, stream type 1, session 155
02-28 17:59:52.344 D/AudioHardwareALSA(  187): setStreamParameters: key value pair routing=2;stream_flags=2
02-28 17:59:52.344 D/RouteManager(  187): setOutputFlags: output flags = 0x2 (Prev Flags=0x2)
02-28 17:59:52.344 D/RouteManager(  187): setDevices: 0x2
02-28 17:59:52.344 D/RouteManager(  187): setDevices: 0x2
02-28 17:59:52.344 D/RouteManager(  187): setDevices: set device = IHF to output stream
02-28 17:59:52.344 D/RouteManager(  187): setStreamParameters: identical Platform State, do not reconsider routing
02-28 17:59:52.364 D/AudioResamplerIA(  187): Create AudioResamplerIA Resampler: Input rate 44100, output rate 48000
02-28 17:59:52.374 D/PROPERTY(  187): get media.dump_output.befconv: 0
02-28 17:59:52.374 D/PROPERTY(  187): get media.dump_output.aftconv: 0
02-28 17:59:52.374 D/RouteManager(  187): startStream: {+++ RECONSIDER ROUTING +++} due to output stream start event
02-28 17:59:52.374 D/RouteManager(  187): reconsiderRouting
02-28 17:59:52.374 D/EVENT_THREAD(  187): void CEventThread::trig(uint16_t): in
02-28 17:59:52.374 D/EVENT_THREAD(  187): void CEventThread::trig(uint16_t): out
02-28 17:59:52.374 D/RouteManager(  187): doReconsiderRouting:       Platform State:
02-28 17:59:52.374 D/RouteManager(  187): doReconsiderRouting:          -Modem Alive = 0 
02-28 17:59:52.374 D/RouteManager(  187): doReconsiderRouting:          -Modem Call Active = 0 
02-28 17:59:52.374 D/RouteManager(  187): doReconsiderRouting:          -Is Shared I2S glitch free=1 
02-28 17:59:52.374 D/RouteManager(  187): doReconsiderRouting:          -Android Telephony Mode = Normal 
02-28 17:59:52.374 D/RouteManager(  187): doReconsiderRouting:          -RTE MGR HW Mode = Normal 
02-28 17:59:52.374 D/RouteManager(  187): doReconsiderRouting:          -BT Enabled = 1 
02-28 17:59:52.374 D/RouteManager(  187): doReconsiderRouting:          -BT NREC = 0 
02-28 17:59:52.374 D/RouteManager(  187): doReconsiderRouting:          -BT Band = NB 
02-28 17:59:52.374 D/RouteManager(  187): doReconsiderRouting:          -Platform output device = IHF 
02-28 17:59:52.374 D/RouteManager(  187): doReconsiderRouting:          -Platform input device = <none> 
02-28 17:59:52.374 D/RouteManager(  187): doReconsiderRouting:          -Platform input source = None 
02-28 17:59:52.374 D/RouteManager(  187): doReconsiderRouting:          -Platform Band type = NB 
02-28 17:59:52.374 D/RouteManager(  187): doReconsiderRouting:          -Platform Has Direct Stream = no 
02-28 17:59:52.374 D/RouteManager(  187): doReconsiderRouting:          -Platform TTY direction = <none> 
02-28 17:59:52.374 D/RouteManager(  187): doReconsiderRouting:          -Platform HAC Mode = Off 
02-28 17:59:52.374 D/RouteManager(  187): doReconsiderRouting:          -Platform Screen State = On 
02-28 17:59:52.374 D/RouteManager(  187): doReconsiderRouting:          -Platform Context Awareness = false 
02-28 17:59:52.374 D/RouteManager(  187): doReconsiderRouting:          -Platform Always Listening = false 
02-28 17:59:52.374 D/RouteManager(  187): doReconsiderRouting:          -Platform FM State = Off 
02-28 17:59:52.374 D/RouteManager(  187): doReconsiderRouting:          -Platform Bypass Non Linear PP State = Off 
02-28 17:59:52.374 D/RouteManager(  187): doReconsiderRouting:          -Platform Bypass Linear PP State = Off 
02-28 17:59:52.374 D/RouteManager(  187): doReconsiderRouting:          -Platform MicMute = Off 
02-28 17:59:52.374 D/RouteManager(  187): doReconsiderRouting:      Route state:
02-28 17:59:52.374 D/RouteManager(  187): doReconsiderRouting:          -Previously Enabled Route in Input = <none>
02-28 17:59:52.374 D/RouteManager(  187): doReconsiderRouting:          -Previously Enabled Route in Output = <none>
02-28 17:59:52.374 D/RouteManager(  187): doReconsiderRouting:          -Selected Route in Input = <none>
02-28 17:59:52.374 D/RouteManager(  187): doReconsiderRouting:          -Selected Route in Output = Media|HwCodecMedia
02-28 17:59:52.374 D/RouteManager(  187): doReconsiderRouting:          -Route that need reconfiguration in Input = <none>
02-28 17:59:52.374 D/RouteManager(  187): doReconsiderRouting:          -Route that need reconfiguration in Output = <none>
02-28 17:59:52.374 D/RouteManager(  187): executeMuteStage: --------------- Routing Stage = Mute ---------------
02-28 17:59:52.384 D/RouteManager(  187): parameter-framework: Selection criterion changed event: Criterion name: RoutageState, current state: Flow
02-28 17:59:52.384 D/RouteManager(  187): parameter-framework: Configuration application request {
02-28 17:59:52.384 D/RouteManager(  187): parameter-framework:     Applying configurations {
02-28 17:59:52.384 D/RouteManager(  187): parameter-framework:     } Applying configurations
02-28 17:59:52.384 D/RouteManager(  187): parameter-framework: } Configuration application request
02-28 17:59:52.384 D/RouteManager(  187): executeDisableStage: --------------- Routing Stage = Disable ---------------
02-28 17:59:52.384 D/RouteManager(  187): parameter-framework: Selection criterion changed event: Criterion name: RoutageState, current state: Path
02-28 17:59:52.384 D/RouteManager(  187): parameter-framework: Configuration application request {
02-28 17:59:52.384 D/RouteManager(  187): parameter-framework:     Applying configurations {
02-28 17:59:52.384 D/RouteManager(  187): parameter-framework:     } Applying configurations
02-28 17:59:52.384 D/RouteManager(  187): parameter-framework: } Configuration application request
02-28 17:59:52.384 D/RouteManager(  187): executeConfigureStage: --------------- Routing Stage = Configure ---------------
02-28 17:59:52.384 D/RouteManager(  187): parameter-framework: Selection criterion changed event: Criterion name: RoutageState, current state: Configure
02-28 17:59:52.384 D/RouteManager(  187): parameter-framework: Selection criterion changed event: Criterion name: OpenedPlaybackRoutes, current state: Media|HwCodecMedia
02-28 17:59:52.384 D/RouteManager(  187): parameter-framework: Configuration application request {
02-28 17:59:52.384 D/RouteManager(  187): parameter-framework:     Applying configurations {
02-28 17:59:52.384 D/RouteManager(  187): parameter-framework:         Applying configuration "Activated" from domain "Routing.Configure.LPE_Mixer.IHF"
02-28 17:59:52.414 D/RouteManager(  187): parameter-framework:     } Applying configurations
02-28 17:59:52.414 D/RouteManager(  187): parameter-framework: } Configuration application request
02-28 17:59:52.414 D/RouteManager(  187): executeEnableStage: --------------- Routing Stage = Enable ---------------
02-28 17:59:52.414 D/RouteManager(  187): parameter-framework: Selection criterion changed event: Criterion name: RoutageState, current state: Path|Configure
02-28 17:59:52.414 D/RouteManager(  187): doEnableRoutes: Routes to be enabled(routed) in Output = Media|HwCodecMedia
02-28 17:59:52.414 D/RouteManager(  187): parameter-framework: Configuration application request {
02-28 17:59:52.414 D/RouteManager(  187): parameter-framework:     Applying configurations {
02-28 17:59:52.414 D/RouteManager(  187): parameter-framework:         Applying configuration "Enable" from domain "Routing.Enable.HWCodec.Playback.IHF"
02-28 17:59:52.414 D/RouteManager(  187): parameter-framework:         Applying configuration "Enable" from domain "Routing.Enable.HWCodec.Playback.Multimedia.IHF"
02-28 17:59:52.414 D/RouteManager(  187): parameter-framework:         Applying configuration "Enable" from domain "Routing.Enable.HWCodec.Playback.Multimedia.Playback"
02-28 17:59:52.424 D/RouteManager(  187): parameter-framework:     } Applying configurations
02-28 17:59:52.424 D/RouteManager(  187): parameter-framework: } Configuration application request
02-28 17:59:52.424 D/RouteManager(  187): doEnableRoutes: Routes to be enabled(routed) in Output = Media|HwCodecMedia
02-28 17:59:52.424 D/RouteManager/StreamRoute(  187): openPcmDevice called for card (baytrailaudio,0)
02-28 17:59:52.424 D/RouteManager/StreamRoute(  187): openPcmDevice		 config=rate(48000), format(0), channels(2))
02-28 17:59:52.424 D/RouteManager/StreamRoute(  187): openPcmDevice		 period_size=1152, period_count=4
02-28 17:59:52.424 D/RouteManager/StreamRoute(  187): openPcmDevice		 startTh=4607, stop Th=4608 silence Th=0
02-28 17:59:52.514 D/ALSAStreamOps(  187): attachRouteL output stream
02-28 17:59:52.514 D/AudioConversion(  187): configure: no convertion required
02-28 17:59:52.514 D/RouteManager(  187): executeUnmuteStage: --------------- Routing Stage = Unmute ---------------
02-28 17:59:52.514 D/RouteManager(  187): parameter-framework: Selection criterion changed event: Criterion name: RoutageState, current state: Flow|Path|Configure
02-28 17:59:52.514 D/RouteManager(  187): parameter-framework: Configuration application request {
02-28 17:59:52.514 D/RouteManager(  187): parameter-framework:     Applying configurations {
02-28 17:59:52.514 D/RouteManager(  187): parameter-framework:     } Applying configurations
02-28 17:59:52.514 D/RouteManager(  187): parameter-framework: } Configuration application request
02-28 17:59:52.514 D/EVENT_THREAD(  187): void CEventThread::run() Do poll with timeout: -1
02-28 17:59:52.514 D/RouteManager(  187): reconsiderRouting: DONE
02-28 17:59:52.584 W/BindingManager( 7508): Cannot call determinedVisibility() - never saw a connection for the pid: 7508
02-28 17:59:53.214 W/BindingManager( 7508): Cannot call determinedVisibility() - never saw a connection for the pid: 7508
02-28 17:59:53.654 I/AudioPolicyManagerBase(  187): APM: getOutput
02-28 17:59:53.654 I/AudioPolicyManagerBase(  187): APM: getOutput
02-28 17:59:53.654 I/AudioPolicyManagerBase(  187): APM: getOutput
02-28 17:59:53.654 W/AudioTrack(  506): AUDIO_OUTPUT_FLAG_FAST denied by client
02-28 17:59:53.654 D/        ( 7508): Surface destroy: ANDROID_NATIVE_WINDOW_MAGIC
02-28 17:59:53.654 D/AudioPolicyManagerALSA(  187): startOutput() output 2, stream type 1, session 156
02-28 17:59:53.664 D/AudioHardwareALSA(  187): setStreamParameters: key value pair routing=2;stream_flags=2
02-28 17:59:53.664 D/RouteManager(  187): setOutputFlags: output flags = 0x2 (Prev Flags=0x2)
02-28 17:59:53.664 D/RouteManager(  187): setDevices: 0x2
02-28 17:59:53.664 D/RouteManager(  187): setDevices: 0x2
02-28 17:59:53.664 D/RouteManager(  187): setDevices: set device = IHF to output stream
02-28 17:59:53.664 D/RouteManager(  187): setStreamParameters: identical Platform State, do not reconsider routing
02-28 17:59:53.674 D/AudioResamplerIA(  187): Create AudioResamplerIA Resampler: Input rate 44100, output rate 48000
02-28 17:59:53.904 W/BindingManager( 7508): Cannot call determinedVisibility() - never saw a connection for the pid: 7508
02-28 17:59:54.684 W/BindingManager( 7508): Cannot call determinedVisibility() - never saw a connection for the pid: 7508
02-28 17:59:54.884 I/AudioPolicyManagerBase(  187): APM: getOutput
02-28 17:59:54.884 I/AudioPolicyManagerBase(  187): APM: getOutput
02-28 17:59:54.884 I/AudioPolicyManagerBase(  187): APM: getOutput
02-28 17:59:54.884 D/        ( 7508): Surface destroy: ANDROID_NATIVE_WINDOW_MAGIC
02-28 17:59:54.884 W/AudioTrack(  506): AUDIO_OUTPUT_FLAG_FAST denied by client
02-28 17:59:54.884 D/AudioPolicyManagerALSA(  187): startOutput() output 2, stream type 1, session 157
02-28 17:59:54.884 D/AudioHardwareALSA(  187): setStreamParameters: key value pair routing=2;stream_flags=2
02-28 17:59:54.884 D/RouteManager(  187): setOutputFlags: output flags = 0x2 (Prev Flags=0x2)
02-28 17:59:54.884 D/RouteManager(  187): setDevices: 0x2
02-28 17:59:54.884 D/RouteManager(  187): setDevices: 0x2
02-28 17:59:54.884 D/RouteManager(  187): setDevices: set device = IHF to output stream
02-28 17:59:54.884 D/RouteManager(  187): setStreamParameters: identical Platform State, do not reconsider routing
02-28 17:59:54.894 D/AudioResamplerIA(  187): Create AudioResamplerIA Resampler: Input rate 44100, output rate 48000
02-28 17:59:55.344 W/BindingManager( 7508): Cannot call determinedVisibility() - never saw a connection for the pid: 7508
02-28 17:59:55.954 W/BindingManager( 7508): Cannot call determinedVisibility() - never saw a connection for the pid: 7508
02-28 17:59:56.304 I/AudioPolicyManagerBase(  187): APM: getOutput
02-28 17:59:56.304 I/AudioPolicyManagerBase(  187): APM: getOutput
02-28 17:59:56.304 I/AudioPolicyManagerBase(  187): APM: getOutput
02-28 17:59:56.304 W/AudioTrack(  506): AUDIO_OUTPUT_FLAG_FAST denied by client
02-28 17:59:56.304 D/        ( 7508): Surface destroy: ANDROID_NATIVE_WINDOW_MAGIC
02-28 17:59:56.314 D/AudioPolicyManagerALSA(  187): startOutput() output 2, stream type 1, session 158
02-28 17:59:56.314 D/AudioHardwareALSA(  187): setStreamParameters: key value pair routing=2;stream_flags=2
02-28 17:59:56.314 D/RouteManager(  187): setOutputFlags: output flags = 0x2 (Prev Flags=0x2)
02-28 17:59:56.314 D/RouteManager(  187): setDevices: 0x2
02-28 17:59:56.314 D/RouteManager(  187): setDevices: 0x2
02-28 17:59:56.314 D/RouteManager(  187): setDevices: set device = IHF to output stream
02-28 17:59:56.314 D/RouteManager(  187): setStreamParameters: identical Platform State, do not reconsider routing
02-28 17:59:56.324 D/AudioResamplerIA(  187): Create AudioResamplerIA Resampler: Input rate 44100, output rate 48000
02-28 17:59:56.594 W/BindingManager( 7508): Cannot call determinedVisibility() - never saw a connection for the pid: 7508
02-28 17:59:57.054 I/AudioPolicyManagerBase(  187): APM: getOutput
02-28 17:59:57.054 I/AudioPolicyManagerBase(  187): APM: getOutput
02-28 17:59:57.054 I/AudioPolicyManagerBase(  187): APM: getOutput
02-28 17:59:57.054 W/AudioTrack(  506): AUDIO_OUTPUT_FLAG_FAST denied by client
02-28 17:59:57.054 D/        ( 7508): Surface destroy: ANDROID_NATIVE_WINDOW_MAGIC
02-28 17:59:57.054 D/AudioPolicyManagerALSA(  187): startOutput() output 2, stream type 1, session 159
02-28 17:59:57.074 D/AudioResamplerIA(  187): Create AudioResamplerIA Resampler: Input rate 44100, output rate 48000
02-28 17:59:57.214 W/BindingManager( 7508): Cannot call determinedVisibility() - never saw a connection for the pid: 7508
02-28 17:59:57.704 I/AudioPolicyManagerBase(  187): APM: getOutput
02-28 17:59:57.704 I/AudioPolicyManagerBase(  187): APM: getOutput
02-28 17:59:57.704 I/AudioPolicyManagerBase(  187): APM: getOutput
02-28 17:59:57.704 W/AudioTrack(  506): AUDIO_OUTPUT_FLAG_FAST denied by client
02-28 17:59:57.704 D/        ( 7508): Surface destroy: ANDROID_NATIVE_WINDOW_MAGIC
