02-28 18:03:39.584 D/wpa_supplicant(  659): wlan0: 7: 98:fc:11:81:35:fb ssid='E2000EE' wpa_ie_len=0 rsn_ie_len=20 caps=0x411 level=-63 wps
02-28 18:03:39.584 D/wpa_supplicant(  659): wlan0:    skip - SSID mismatch
02-28 18:03:39.584 D/wpa_supplicant(  659): wlan0: 8: c4:17:fe:3f:4f:fb ssid='cmcm' wpa_ie_len=0 rsn_ie_len=20 caps=0x511 level=-63
02-28 18:03:39.584 D/wpa_supplicant(  659): wlan0:    skip - SSID mismatch
02-28 18:03:39.584 D/wpa_supplicant(  659): wlan0: 9: 02:1a:11:f8:2f:eb ssid='io1' wpa_ie_len=0 rsn_ie_len=20 caps=0x431 level=-69
02-28 18:03:39.584 D/wpa_supplicant(  659): wlan0:    skip - SSID mismatch
02-28 18:03:39.584 D/wpa_supplicant(  659): wlan0: 10: b0:48:7a:51:ff:cc ssid='Neusoft TP' wpa_ie_len=22 rsn_ie_len=20 caps=0x431 level=-70
02-28 18:03:39.584 D/wpa_supplicant(  659): wlan0:    skip - SSID mismatch
02-28 18:03:39.584 D/wpa_supplicant(  659): wlan0: 11: cc:b2:55:e2:84:70 ssid='DLINK_APK' wpa_ie_len=22 rsn_ie_len=20 caps=0x411 level=-74
02-28 18:03:39.584 D/wpa_supplicant(  659): wlan0:    skip - SSID mismatch
02-28 18:03:39.584 D/wpa_supplicant(  659): wlan0: 12: c0:cb:38:7f:c9:09 ssid='360WiFi-7908' wpa_ie_len=0 rsn_ie_len=20 caps=0x511 level=-75
02-28 18:03:39.584 D/wpa_supplicant(  659): wlan0:    skip - SSID mismatch
02-28 18:03:39.584 D/wpa_supplicant(  659): wlan0: 13: e4:d3:32:c0:cf:a4 ssid='fast' wpa_ie_len=0 rsn_ie_len=20 caps=0x411 level=-76
02-28 18:03:39.584 D/wpa_supplicant(  659): wlan0:    skip - SSID mismatch
02-28 18:03:39.584 D/wpa_supplicant(  659): wlan0: 14: 14:d6:4d:28:ef:c8 ssid='dlink' wpa_ie_len=0 rsn_ie_len=20 caps=0x431 level=-80 wps
02-28 18:03:39.584 D/wpa_supplicant(  659): wlan0:    skip - SSID mismatch
02-28 18:03:39.584 D/wpa_supplicant(  659): wlan0: 15: 2c:b0:5d:7f:f4:24 ssid='NETGEAR38' wpa_ie_len=0 rsn_ie_len=20 caps=0x431 level=-82 wps
02-28 18:03:39.584 D/wpa_supplicant(  659): wlan0:    skip - SSID mismatch
02-28 18:03:39.584 D/wpa_supplicant(  659): wlan0: 16: 00:0f:e2:0f:9f:c1 ssid='321_WAN' wpa_ie_len=28 rsn_ie_len=24 caps=0x411 level=-82
02-28 18:03:39.584 D/wpa_supplicant(  659): wlan0:    skip - SSID mismatch
02-28 18:03:39.584 D/wpa_supplicant(  659): wlan0: 17: c0:c1:c0:76:81:3c ssid='E2000' wpa_ie_len=0 rsn_ie_len=0 caps=0x401 level=-56 wps
02-28 18:03:39.584 D/wpa_supplicant(  659): wlan0:    skip - SSID mismatch
02-28 18:03:39.584 D/wpa_supplicant(  659): wlan0: 18: 50:bd:5f:4b:29:92 ssid='Internet-2' wpa_ie_len=0 rsn_ie_len=0 caps=0x421 level=-62
02-28 18:03:39.584 D/wpa_supplicant(  659): wlan0:    skip - SSID mismatch
02-28 18:03:39.584 D/wpa_supplicant(  659): wlan0: 19: e4:d3:32:dd:18:62 ssid='Internet' wpa_ie_len=0 rsn_ie_len=0 caps=0x421 level=-75
02-28 18:03:39.584 D/wpa_supplicant(  659): wlan0:    skip - SSID mismatch
02-28 18:03:39.584 D/wpa_supplicant(  659): wlan0: Selecting BSS from priority group 15
02-28 18:03:39.584 D/wpa_supplicant(  659): wlan0: 0: c8:d7:19:60:62:f2 ssid='E3000-2.4G' wpa_ie_len=0 rsn_ie_len=20 caps=0x411 level=-43
02-28 18:03:39.584 D/wpa_supplicant(  659): wlan0:    skip - SSID mismatch
02-28 18:03:39.584 D/wpa_supplicant(  659): wlan0: 1: f8:d1:11:e7:99:e8 ssid='videotest' wpa_ie_len=22 rsn_ie_len=20 caps=0x531 level=-45 wps
02-28 18:03:39.584 D/wpa_supplicant(  659): wlan0:    skip - SSID mismatch
02-28 18:03:39.584 D/wpa_supplicant(  659): wlan0: 2: 44:94:fc:3d:da:38 ssid='6300' wpa_ie_len=0 rsn_ie_len=20 caps=0x411 level=-50 wps
02-28 18:03:39.584 D/wpa_supplicant(  659): wlan0:    skip - SSID mismatch
02-28 18:03:39.584 D/wpa_supplicant(  659): wlan0: 3: 10:c3:7b:d2:e5:e0 ssid='ASUS_RT-AC66U-2.4G' wpa_ie_len=0 rsn_ie_len=20 caps=0x411 level=-57 wps
02-28 18:03:39.584 D/wpa_supplicant(  659): wlan0:    skip - SSID mismatch
02-28 18:03:39.584 D/wpa_supplicant(  659): wlan0: 4: 90:94:e4:03:45:f5 ssid='DAP-2553_D' wpa_ie_len=0 rsn_ie_len=24 caps=0x431 level=-57
02-28 18:03:39.584 D/wpa_supplicant(  659): wlan0:    skip - SSID mismatch
02-28 18:03:39.584 D/wpa_supplicant(  659): wlan0: 5: cc:34:29:2b:26:4c ssid='cws-test' wpa_ie_len=0 rsn_ie_len=20 caps=0x431 level=-60 wps
02-28 18:03:39.584 D/wpa_supplicant(  659): wlan0:    skip - SSID mismatch
02-28 18:03:39.584 D/wpa_supplicant(  659): wlan0: 6: cc:34:29:2c:fb:ec ssid='linksys' wpa_ie_len=22 rsn_ie_len=20 caps=0x431 level=-61 wps
02-28 18:03:39.584 D/wpa_supplicant(  659): wlan0:    skip - SSID mismatch
02-28 18:03:39.584 D/wpa_supplicant(  659): wlan0: 7: 98:fc:11:81:35:fb ssid='E2000EE' wpa_ie_len=0 rsn_ie_len=20 caps=0x411 level=-63 wps
02-28 18:03:39.584 D/wpa_supplicant(  659): wlan0:    skip - SSID mismatch
02-28 18:03:39.584 D/wpa_supplicant(  659): wlan0: 8: c4:17:fe:3f:4f:fb ssid='cmcm' wpa_ie_len=0 rsn_ie_len=20 caps=0x511 level=-63
02-28 18:03:39.584 D/wpa_supplicant(  659): wlan0:    skip - SSID mismatch
02-28 18:03:39.584 D/wpa_supplicant(  659): wlan0: 9: 02:1a:11:f8:2f:eb ssid='io1' wpa_ie_len=0 rsn_ie_len=20 caps=0x431 level=-69
02-28 18:03:39.584 D/wpa_supplicant(  659): wlan0:    skip - SSID mismatch
02-28 18:03:39.584 D/wpa_supplicant(  659): wlan0: 10: b0:48:7a:51:ff:cc ssid='Neusoft TP' wpa_ie_len=22 rsn_ie_len=20 caps=0x431 level=-70
02-28 18:03:39.584 D/wpa_supplicant(  659): wlan0:    skip - SSID mismatch
02-28 18:03:39.584 D/wpa_supplicant(  659): wlan0: 11: cc:b2:55:e2:84:70 ssid='DLINK_APK' wpa_ie_len=22 rsn_ie_len=20 caps=0x411 level=-74
02-28 18:03:39.584 D/wpa_supplicant(  659): wlan0:    skip - SSID mismatch
02-28 18:03:39.584 D/wpa_supplicant(  659): wlan0: 12: c0:cb:38:7f:c9:09 ssid='360WiFi-7908' wpa_ie_len=0 rsn_ie_len=20 caps=0x511 level=-75
02-28 18:03:39.584 D/wpa_supplicant(  659): wlan0:    skip - SSID mismatch
02-28 18:03:39.584 D/wpa_supplicant(  659): wlan0: 13: e4:d3:32:c0:cf:a4 ssid='fast' wpa_ie_len=0 rsn_ie_len=20 caps=0x411 level=-76
02-28 18:03:39.584 D/wpa_supplicant(  659): wlan0:    skip - SSID mismatch
02-28 18:03:39.584 D/wpa_supplicant(  659): wlan0: 14: 14:d6:4d:28:ef:c8 ssid='dlink' wpa_ie_len=0 rsn_ie_len=20 caps=0x431 level=-80 wps
02-28 18:03:39.584 D/wpa_supplicant(  659): wlan0:    skip - SSID mismatch
02-28 18:03:39.584 D/wpa_supplicant(  659): wlan0: 15: 2c:b0:5d:7f:f4:24 ssid='NETGEAR38' wpa_ie_len=0 rsn_ie_len=20 caps=0x431 level=-82 wps
02-28 18:03:39.584 D/wpa_supplicant(  659): wlan0:    skip - SSID mismatch
02-28 18:03:39.584 D/wpa_supplicant(  659): wlan0: 16: 00:0f:e2:0f:9f:c1 ssid='321_WAN' wpa_ie_len=28 rsn_ie_len=24 caps=0x411 level=-82
02-28 18:03:39.584 D/wpa_supplicant(  659): wlan0:    skip - SSID mismatch
02-28 18:03:39.584 D/wpa_supplicant(  659): wlan0: 17: c0:c1:c0:76:81:3c ssid='E2000' wpa_ie_len=0 rsn_ie_len=0 caps=0x401 level=-56 wps
02-28 18:03:39.584 D/wpa_supplicant(  659): wlan0:    skip - SSID mismatch
02-28 18:03:39.584 D/wpa_supplicant(  659): wlan0: 18: 50:bd:5f:4b:29:92 ssid='Internet-2' wpa_ie_len=0 rsn_ie_len=0 caps=0x421 level=-62
02-28 18:03:39.584 D/wpa_supplicant(  659): wlan0:    skip - SSID mismatch
02-28 18:03:39.584 D/wpa_supplicant(  659): wlan0: 19: e4:d3:32:dd:18:62 ssid='Internet' wpa_ie_len=0 rsn_ie_len=0 caps=0x421 level=-75
02-28 18:03:39.584 D/wpa_supplicant(  659): wlan0:    skip - SSID mismatch
02-28 18:03:39.584 D/wpa_supplicant(  659): wlan0: Selecting BSS from priority group 4
02-28 18:03:39.584 D/wpa_supplicant(  659): wlan0: 0: c8:d7:19:60:62:f2 ssid='E3000-2.4G' wpa_ie_len=0 rsn_ie_len=20 caps=0x411 level=-43
02-28 18:03:39.584 D/wpa_supplicant(  659): wlan0:    skip - disabled
02-28 18:03:39.584 D/wpa_supplicant(  659): wlan0: 1: f8:d1:11:e7:99:e8 ssid='videotest' wpa_ie_len=22 rsn_ie_len=20 caps=0x531 level=-45 wps
02-28 18:03:39.584 D/wpa_supplicant(  659): wlan0:    skip - disabled
02-28 18:03:39.584 D/wpa_supplicant(  659): wlan0: 2: 44:94:fc:3d:da:38 ssid='6300' wpa_ie_len=0 rsn_ie_len=20 caps=0x411 level=-50 wps
02-28 18:03:39.584 D/wpa_supplicant(  659): wlan0:    skip - disabled
02-28 18:03:39.584 D/wpa_supplicant(  659): wlan0: 3: 10:c3:7b:d2:e5:e0 ssid='ASUS_RT-AC66U-2.4G' wpa_ie_len=0 rsn_ie_len=20 caps=0x411 level=-57 wps
02-28 18:03:39.584 D/wpa_supplicant(  659): wlan0:    skip - disabled
02-28 18:03:39.584 D/wpa_supplicant(  659): wlan0: 4: 90:94:e4:03:45:f5 ssid='DAP-2553_D' wpa_ie_len=0 rsn_ie_len=24 caps=0x431 level=-57
02-28 18:03:39.584 D/wpa_supplicant(  659): wlan0:    skip - disabled
02-28 18:03:39.584 D/wpa_supplicant(  659): wlan0: 5: cc:34:29:2b:26:4c ssid='cws-test' wpa_ie_len=0 rsn_ie_len=20 caps=0x431 level=-60 wps
02-28 18:03:39.584 D/wpa_supplicant(  659): wlan0:    skip - disabled
02-28 18:03:39.584 D/wpa_supplicant(  659): wlan0: 6: cc:34:29:2c:fb:ec ssid='linksys' wpa_ie_len=22 rsn_ie_len=20 caps=0x431 level=-61 wps
02-28 18:03:39.584 D/wpa_supplicant(  659): wlan0:    skip - disabled
02-28 18:03:39.584 D/wpa_supplicant(  659): wlan0: 7: 98:fc:11:81:35:fb ssid='E2000EE' wpa_ie_len=0 rsn_ie_len=20 caps=0x411 level=-63 wps
02-28 18:03:39.584 D/wpa_supplicant(  659): wlan0:    skip - disabled
02-28 18:03:39.584 D/wpa_supplicant(  659): wlan0: 8: c4:17:fe:3f:4f:fb ssid='cmcm' wpa_ie_len=0 rsn_ie_len=20 caps=0x511 level=-63
02-28 18:03:39.584 D/wpa_supplicant(  659): wlan0:    skip - disabled
02-28 18:03:39.584 D/wpa_supplicant(  659): wlan0: 9: 02:1a:11:f8:2f:eb ssid='io1' wpa_ie_len=0 rsn_ie_len=20 caps=0x431 level=-69
02-28 18:03:39.584 D/wpa_supplicant(  659): wlan0:    skip - disabled
02-28 18:03:39.584 D/wpa_supplicant(  659): wlan0: 10: b0:48:7a:51:ff:cc ssid='Neusoft TP' wpa_ie_len=22 rsn_ie_len=20 caps=0x431 level=-70
02-28 18:03:39.584 D/wpa_supplicant(  659): wlan0:    skip - disabled
02-28 18:03:39.584 D/wpa_supplicant(  659): wlan0: 11: cc:b2:55:e2:84:70 ssid='DLINK_APK' wpa_ie_len=22 rsn_ie_len=20 caps=0x411 level=-74
02-28 18:03:39.584 D/wpa_supplicant(  659): wlan0:    skip - disabled
02-28 18:03:39.584 D/wpa_supplicant(  659): wlan0: 12: c0:cb:38:7f:c9:09 ssid='360WiFi-7908' wpa_ie_len=0 rsn_ie_len=20 caps=0x511 level=-75
02-28 18:03:39.584 D/wpa_supplicant(  659): wlan0:    skip - disabled
02-28 18:03:39.584 D/wpa_supplicant(  659): wlan0: 13: e4:d3:32:c0:cf:a4 ssid='fast' wpa_ie_len=0 rsn_ie_len=20 caps=0x411 level=-76
02-28 18:03:39.584 D/wpa_supplicant(  659): wlan0:    skip - disabled
02-28 18:03:39.584 D/wpa_supplicant(  659): wlan0: 14: 14:d6:4d:28:ef:c8 ssid='dlink' wpa_ie_len=0 rsn_ie_len=20 caps=0x431 level=-80 wps
02-28 18:03:39.584 D/wpa_supplicant(  659): wlan0:    skip - disabled
02-28 18:03:39.584 D/wpa_supplicant(  659): wlan0: 15: 2c:b0:5d:7f:f4:24 ssid='NETGEAR38' wpa_ie_len=0 rsn_ie_len=20 caps=0x431 level=-82 wps
02-28 18:03:39.584 D/wpa_supplicant(  659): wlan0:    skip - disabled
02-28 18:03:39.584 D/wpa_supplicant(  659): wlan0: 16: 00:0f:e2:0f:9f:c1 ssid='321_WAN' wpa_ie_len=28 rsn_ie_len=24 caps=0x411 level=-82
02-28 18:03:39.584 D/wpa_supplicant(  659): wlan0:    skip - disabled
02-28 18:03:39.584 D/wpa_supplicant(  659): wlan0: 17: c0:c1:c0:76:81:3c ssid='E2000' wpa_ie_len=0 rsn_ie_len=0 caps=0x401 level=-56 wps
02-28 18:03:39.584 D/wpa_supplicant(  659): wlan0:    skip - disabled
02-28 18:03:39.584 D/wpa_supplicant(  659): wlan0: 18: 50:bd:5f:4b:29:92 ssid='Internet-2' wpa_ie_len=0 rsn_ie_len=0 caps=0x421 level=-62
02-28 18:03:39.584 D/wpa_supplicant(  659): wlan0:    skip - disabled
02-28 18:03:39.584 D/wpa_supplicant(  659): wlan0: 19: e4:d3:32:dd:18:62 ssid='Internet' wpa_ie_len=0 rsn_ie_len=0 caps=0x421 level=-75
02-28 18:03:39.584 D/wpa_supplicant(  659): wlan0:    skip - disabled
02-28 18:03:39.584 D/wpa_supplicant(  659): wlan0: No suitable network found
02-28 18:03:39.584 D/wpa_supplicant(  659): wlan0: Setting scan request: 40 sec 0 usec
02-28 18:03:39.584 D/wpa_supplicant(  659): wlan0: Checking for other virtual interfaces sharing same radio (phy0) in event_scan_results
02-28 18:03:39.584 D/wpa_supplicant(  659): p2p-dev-wlan0: Updating scan results from sibling
02-28 18:03:39.584 D/wpa_supplicant(  659): nl80211: Received scan results (21 BSSes)
02-28 18:03:39.584 D/wpa_supplicant(  659): nl80211: Survey data missing
02-28 18:03:39.584 D/wpa_supplicant(  659): p2p-dev-wlan0: BSS: Start scan result update 22
02-28 18:03:39.584 D/wpa_supplicant(  659): BSS: No P2P IE - skipping BSS c8:d7:19:60:62:f2 update for P2P interface
02-28 18:03:39.584 D/wpa_supplicant(  659): BSS: No P2P IE - skipping BSS f8:d1:11:e7:99:e8 update for P2P interface
02-28 18:03:39.584 D/wpa_supplicant(  659): BSS: No P2P IE - skipping BSS 44:94:fc:3d:da:38 update for P2P interface
02-28 18:03:39.584 D/wpa_supplicant(  659): BSS: No P2P IE - skipping BSS 10:c3:7b:d2:e5:e0 update for P2P interface
02-28 18:03:39.584 D/wpa_supplicant(  659): BSS: No P2P IE - skipping BSS 90:94:e4:03:45:f5 update for P2P interface
02-28 18:03:39.584 D/wpa_supplicant(  659): BSS: No P2P IE - skipping BSS cc:34:29:2b:26:4c update for P2P interface
02-28 18:03:39.584 D/wpa_supplicant(  659): BSS: No P2P IE - skipping BSS cc:34:29:2c:fb:ec update for P2P interface
02-28 18:03:39.584 D/wpa_supplicant(  659): BSS: No P2P IE - skipping BSS 98:fc:11:81:35:fb update for P2P interface
02-28 18:03:39.584 D/wpa_supplicant(  659): BSS: No P2P IE - skipping BSS c4:17:fe:3f:4f:fb update for P2P interface
02-28 18:03:39.584 D/wpa_supplicant(  659): BSS: No P2P IE - skipping BSS 02:1a:11:f8:2f:eb update for P2P interface
02-28 18:03:39.584 D/wpa_supplicant(  659): BSS: No P2P IE - skipping BSS b0:48:7a:51:ff:cc update for P2P interface
02-28 18:03:39.584 D/wpa_supplicant(  659): BSS: No P2P IE - skipping BSS cc:b2:55:e2:84:70 update for P2P interface
02-28 18:03:39.584 D/wpa_supplicant(  659): BSS: No P2P IE - skipping BSS c0:cb:38:7f:c9:09 update for P2P interface
02-28 18:03:39.584 D/wpa_supplicant(  659): BSS: No P2P IE - skipping BSS e4:d3:32:c0:cf:a4 update for P2P interface
02-28 18:03:39.584 D/wpa_supplicant(  659): BSS: No P2P IE - skipping BSS 14:d6:4d:28:ef:c8 update for P2P interface
02-28 18:03:39.584 D/wpa_supplicant(  659): BSS: No P2P IE - skipping BSS 2c:b0:5d:7f:f4:24 update for P2P interface
02-28 18:03:39.584 D/wpa_supplicant(  659): BSS: No P2P IE - skipping BSS 00:0f:e2:0f:9f:c1 update for P2P interface
02-28 18:03:39.584 D/wpa_supplicant(  659): BSS: No P2P IE - skipping BSS c0:c1:c0:76:81:3c update for P2P interface
02-28 18:03:39.584 D/wpa_supplicant(  659): BSS: No P2P IE - skipping BSS 50:bd:5f:4b:29:92 update for P2P interface
02-28 18:03:39.584 D/wpa_supplicant(  659): BSS: No P2P IE - skipping BSS e4:d3:32:dd:18:62 update for P2P interface
02-28 18:03:39.584 D/wpa_supplicant(  659): BSS: last_scan_res_used=0/0 last_scan_full=0
02-28 18:03:39.584 D/wpa_supplicant(  659): p2p-dev-wlan0: New scan results available
02-28 18:03:39.584 D/wpa_supplicant(  659): CTRL_IFACE monitor send - hexdump(len=39): 2f 64 61 74 61 2f 6d 69 73 63 2f 77 69 66 69 2f 73 6f 63 6b 65 74 73 2f 77 70 61 5f 63 74 72 6c ...
02-28 18:03:39.584 D/wpa_supplicant(  659): WPS: AP[0] c8:d7:19:60:62:f2 type=0 tries=0 last_attempt=-1 sec ago blacklist=0
02-28 18:03:39.584 D/wpa_supplicant(  659): WPS: AP[1] f8:d1:11:e7:99:e8 type=0 tries=0 last_attempt=-1 sec ago blacklist=0
02-28 18:03:39.584 D/wpa_supplicant(  659): WPS: AP[2] cc:34:29:2c:fb:ec type=0 tries=0 last_attempt=-1 sec ago blacklist=0
02-28 18:03:39.584 D/wpa_supplicant(  659): WPS: AP[3] 10:c3:7b:d2:e5:e0 type=0 tries=0 last_attempt=-1 sec ago blacklist=0
02-28 18:03:39.584 D/wpa_supplicant(  659): WPS: AP[4] cc:34:29:2b:26:4c type=0 tries=0 last_attempt=-1 sec ago blacklist=0
02-28 18:03:39.584 D/wpa_supplicant(  659): WPS: AP[5] 44:94:fc:3d:da:38 type=0 tries=0 last_attempt=-1 sec ago blacklist=0
02-28 18:03:39.584 D/wpa_supplicant(  659): WPS: AP[6] b0:48:7a:51:ff:cc type=0 tries=0 last_attempt=-1 sec ago blacklist=0
02-28 18:03:39.584 D/wpa_supplicant(  659): WPS: AP[7] c0:c1:c0:76:81:3c type=0 tries=0 last_attempt=-1 sec ago blacklist=0
02-28 18:03:39.584 D/wpa_supplicant(  659): WPS: AP[8] 10:9f:a9:dc:b1:fc type=0 tries=0 last_attempt=-1 sec ago blacklist=0
02-28 18:03:39.584 D/wpa_supplicant(  659): WPS: AP[9] 98:fc:11:81:35:fb type=0 tries=0 last_attempt=-1 sec ago blacklist=0
02-28 18:03:39.584 D/wpa_supplicant(  659): WPS: AP[10] e4:d3:32:36:2e:54 type=0 tries=0 last_attempt=-1 sec ago blacklist=0
02-28 18:03:39.584 D/wpa_supplicant(  659): WPS: AP[11] c0:a0:bb:20:3b:84 type=0 tries=0 last_attempt=-1 sec ago blacklist=0
02-28 18:03:39.584 D/wpa_supplicant(  659): WPS: AP[12] 14:d6:4d:28:ef:c8 type=0 tries=0 last_attempt=-1 sec ago blacklist=0
02-28 18:03:39.584 D/wpa_supplicant(  659): WPS: AP[13] 2c:b0:5d:7f:f4:24 type=0 tries=0 last_attempt=-1 sec ago blacklist=0
02-28 18:03:39.584 D/wpa_supplicant(  659): p2p-dev-wlan0: No suitable network found
02-28 18:03:39.584 D/wpa_supplicant(  659): p2p-dev-wlan0: Short-circuit new scan request since there are no enabled networks
02-28 18:03:39.584 D/wpa_supplicant(  659): p2p-dev-wlan0: State: INACTIVE -> INACTIVE
02-28 18:03:39.584 D/wpa_supplicant(  659): wlan0: P2P: Station mode scan operation not pending anymore (sta_scan_pending=0 p2p_cb_on_scan_complete=0)
02-28 18:03:39.584 D/wpa_supplicant(  659): RX ctrl_iface - hexdump(len=25): 42 53 53 20 52 41 4e 47 45 3d 30 2d 20 4d 41 53 4b 3d 30 78 32 31 39 38 37
02-28 18:03:39.584 D/wpa_supplicant(  659): wlan0: Control interface command 'BSS RANGE=0- MASK=0x21987'
02-28 18:03:39.584 I/WifiHW  (  506): EVENT: IFNAME=p2p-dev-wlan0 CTRL-EVENT-SCAN-RESULTS 
02-28 18:03:39.584 D/wpa_supplicant(  659): RTM_NEWLINK: operstate=0 ifi_flags=0x11003 ([UP][LOWER_UP])
02-28 18:03:39.584 D/wpa_supplicant(  659): RTM_NEWLINK, IFLA_IFNAME: Interface 'wlan0' added
02-28 18:03:39.584 D/wpa_supplicant(  659): nl80211: if_removed already cleared - ignore event
02-28 18:03:39.584 I/WifiHW  (  506): REPLY: id=175
02-28 18:03:39.584 I/WifiHW  (  506): REPLY: bssid=f8:d1:11:e7:99:e8
02-28 18:03:39.584 I/WifiHW  (  506): REPLY: freq=2437
02-28 18:03:39.584 I/WifiHW  (  506): REPLY: level=-45
02-28 18:03:39.584 I/WifiHW  (  506): REPLY: tsf=0000030541373768
02-28 18:03:39.584 I/WifiHW  (  506): REPLY: flags=[WPA-PSK-CCMP][WPA2-PSK-CCMP][WPS][ESS]
02-28 18:03:39.584 I/WifiHW  (  506): REPLY: ssid=videotest
02-28 18:03:39.584 I/WifiHW  (  506): REPLY: ====
02-28 18:03:39.584 I/WifiHW  (  506): REPLY: id=176
02-28 18:03:39.584 I/WifiHW  (  506): REPLY: bssid=c8:d7:19:60:62:f2
02-28 18:03:39.584 I/WifiHW  (  506): REPLY: freq=2437
02-28 18:03:39.584 I/WifiHW  (  506): REPLY: level=-43
02-28 18:03:39.584 I/WifiHW  (  506): REPLY: tsf=0000030541373774
02-28 18:03:39.584 I/WifiHW  (  506): REPLY: flags=[WPA2-EAP-CCMP-preauth][ESS]
02-28 18:03:39.584 I/WifiHW  (  506): REPLY: ssid=E3000-2.4G
02-28 18:03:39.584 I/WifiHW  (  506): REPLY: ====
02-28 18:03:39.584 I/WifiHW  (  506): REPLY: id=178
02-28 18:03:39.584 I/WifiHW  (  506): REPLY: bssid=44:94:fc:3d:da:38
02-28 18:03:39.584 I/WifiHW  (  506): REPLY: freq=2462
02-28 18:03:39.584 I/WifiHW  (  506): REPLY: level=-50
02-28 18:03:39.584 I/WifiHW  (  506): REPLY: tsf=0000030541373805
02-28 18:03:39.584 I/WifiHW  (  506): REPLY: flags=[WPA2-EAP-CCMP-preauth][WPS][ESS]
02-28 18:03:39.584 I/WifiHW  (  506): REPLY: ssid=6300
02-28 18:03:39.584 I/WifiHW  (  506): REPLY: ====
02-28 18:03:39.584 I/WifiHW  (  506): REPLY: id=179
02-28 18:03:39.584 I/WifiHW  (  506): REPLY: bssid=cc:34:29:2b:26:4c
02-28 18:03:39.584 I/WifiHW  (  506): REPLY: freq=2462
02-28 18:03:39.584 I/WifiHW  (  506): REPLY: level=-60
02-28 18:03:39.584 I/WifiHW  (  506): REPLY: tsf=0000030541373835
02-28 18:03:39.584 I/WifiHW  (  506): REPLY: flags=[WPA2-PSK-CCMP][WPS][ESS]
02-28 18:03:39.584 I/WifiHW  (  506): REPLY: ssid=cws-test
02-28 18:03:39.584 I/WifiHW  (  506): REPLY: ====
02-28 18:03:39.584 I/WifiHW  (  506): REPLY: id=181
02-28 18:03:39.584 I/WifiHW  (  506): REPLY: bssid=cc:34:29:2c:fb:ec
02-28 18:03:39.584 I/WifiHW  (  506): REPLY: freq=2412
02-28 18:03:39.584 I/WifiHW  (  506): REPLY: level=-61
02-28 18:03:39.584 I/WifiHW  (  506): REPLY: tsf=0000030541373735
02-28 18:03:39.584 I/WifiHW  (  506): REPLY: flags=[WPA-PSK-CCMP][WPA2-PSK-CCMP][WPS][ESS]
02-28 18:03:39.584 I/WifiHW  (  506): REPLY: ssid=linksys
02-28 18:03:39.584 I/WifiHW  (  506): REPLY: ====
02-28 18:03:39.584 I/WifiHW  (  506): REPLY: id=182
02-28 18:03:39.584 I/WifiHW  (  506): REPLY: bssid=c4:17:fe:3f:4f:fb
02-28 18:03:39.584 I/WifiHW  (  506): REPLY: freq=2437
02-28 18:03:39.584 I/WifiHW  (  506): REPLY: level=-63
02-28 18:03:39.584 I/WifiHW  (  506): REPLY: tsf=0000030541373747
02-28 18:03:39.584 I/WifiHW  (  506): REPLY: flags=[WPA2-PSK-CCMP][ESS]
02-28 18:03:39.584 I/WifiHW  (  506): REPLY: ssid=cmcm
02-28 18:03:39.584 I/WifiHW  (  506): REPLY: ====
02-28 18:03:39.584 I/WifiHW  (  506): REPLY: id=183
02-28 18:03:39.584 I/WifiHW  (  506): REPLY: bssid=98:fc:11:81:35:fb
02-28 18:03:39.584 I/WifiHW  (  506): REPLY: freq=2412
02-28 18:03:39.584 I/WifiHW  (  506): REPLY: level=-63
02-28 18:03:39.584 I/WifiHW  (  506): REPLY: tsf=0000030541373730
02-28 18:03:39.584 I/WifiHW  (  506): REPLY: flags=[WPA2-PSK-CCMP][WPS][ESS]
02-28 18:03:39.584 I/WifiHW  (  506): REPLY: ssid=E2000EE
02-28 18:03:39.584 I/WifiHW  (  506): REPLY: ====
02-28 18:03:39.584 I/WifiHW  (  506): REPLY: id=187
02-28 18:03:39.584 I/WifiHW  (  506): REPLY: bssid=c0:cb:38:7f:c9:09
02-28 18:03:39.584 I/WifiHW  (  506): REPLY: freq=2437
02-28 18:03:39.584 I/WifiHW  (  506): REPLY: level=-75
02-28 18:03:39.584 I/WifiHW  (  506): REPLY: tsf=0000030541373779
02-28 18:03:39.584 I/WifiHW  (  506): REPLY: flags=[WPA2-PSK-CCMP][ESS]
02-28 18:03:39.584 I/WifiHW  (  506): REPLY: ssid=360WiFi-7908
02-28 18:03:39.584 I/WifiHW  (  506): REPLY: ====
02-28 18:03:39.584 I/WifiHW  (  506): REPLY: id=190
02-28 18:03:39.584 I/WifiHW  (  506): REPLY: bssid=c0:c1:c0:76:81:3c
02-28 18:03:39.584 I/WifiHW  (  506): REPLY: freq=2462
02-28 18:03:39.584 I/WifiHW  (  506): REPLY: level=-56
02-28 18:03:39.584 I/WifiHW  (  506): REPLY: tsf=0000030541373815
02-28 18:03:39.584 I/WifiHW  (  506): REPLY: flags=[WPS][ESS]
02-28 18:03:39.584 I/WifiHW  (  506): REPLY: ssid=E2000
02-28 18:03:39.584 I/WifiHW  (  506): REPLY: ====
02-28 18:03:39.584 I/WifiHW  (  506): REPLY: id=193
02-28 18:03:39.584 I/WifiHW  (  506): REPLY: bssid=10:c3:7b:d2:e5:e0
02-28 18:03:39.584 I/WifiHW  (  506): REPLY: freq=2462
02-28 18:03:39.584 I/WifiHW  (  506): REPLY: level=-57
02-28 18:03:39.584 I/WifiHW  (  506): REPLY: tsf=0000030541373810
02-28 18:03:39.584 I/WifiHW  (  506): REPLY: flags=[WPA2-PSK-CCMP][WPS][ESS]
02-28 18:03:39.584 I/WifiHW  (  506): REPLY: ssid=ASUS_RT-AC66U-2.4G
02-28 18:03:39.584 I/WifiHW  (  506): REPLY: ====
02-28 18:03:39.584 I/WifiHW  (  506): REPLY: id=205
02-28 18:03:39.584 I/WifiHW  (  506): REPLY: bssid=50:bd:5f:4b:29:92
02-28 18:03:39.584 I/WifiHW  (  506): REPLY: freq=2437
02-28 18:03:39.584 I/WifiHW  (  506): REPLY: level=-62
02-28 18:03:39.584 I/WifiHW  (  506): REPLY: tsf=0000030541373785
02-28 18:03:39.584 I/WifiHW  (  506): REPLY: flags=[ESS]
02-28 18:03:39.584 I/WifiHW  (  506): REPLY: ssid=Internet-2
02-28 18:03:39.584 I/WifiHW  (  506): REPLY: ====
02-28 18:03:39.584 I/WifiHW  (  506): REPLY: id=207
02-28 18:03:39.584 I/WifiHW  (  506): REPLY: bssid=e4:d3:32:c0:cf:a4
02-28 18:03:39.584 I/WifiHW  (  506): REPLY: freq=2437
02-28 18:03:39.584 I/WifiHW  (  506): REPLY: level=-76
02-28 18:03:39.584 I/WifiHW  (  506): REPLY: tsf=0000030541373799
02-28 18:03:39.584 I/WifiHW  (  506): REPLY: flags=[WPA2-PSK-CCMP][ESS]
02-28 18:03:39.584 I/WifiHW  (  506): REPLY: ssid=fast
02-28 18:03:39.584 I/WifiHW  (  506): REPLY: ====
02-28 18:03:39.584 I/WifiHW  (  506): REPLY: id=218
02-28 18:03:39.584 I/WifiHW  (  506): REPLY: bssid=02:1a:11:f8:2f:eb
02-28 18:03:39.584 I/WifiHW  (  506): REPLY: freq=2437
02-28 18:03:39.584 I/WifiHW  (  506): REPLY: level=-69
02-28 18:03:39.584 I/WifiHW  (  506): REPLY: tsf=0000030541373752
02-28 18:03:39.584 I/WifiHW  (  506): REPLY: flags=[WPA2-PSK-CCMP][ESS]
02-28 18:03:39.584 I/WifiHW  (  506): REPLY: ssid=io1
02-28 18:03:39.584 I/WifiHW  (  506): REPLY: ====
02-28 18:03:39.584 I/WifiHW  (  506): REPLY: id=229
02-28 18:03:39.584 I/WifiHW  (  506): REPLY: bssid=90:94:e4:03:45:f5
02-28 18:03:39.584 I/WifiHW  (  506): REPLY: freq=2442
02-28 18:03:39.584 I/WifiHW  (  506): REPLY: level=-57
02-28 18:03:39.584 I/WifiHW  (  506): REPLY: tsf=0000030541373763
02-28 18:03:39.584 I/WifiHW  (  506): REPLY: flags=[WPA2-PSK-CCMP+TKIP][ESS]
02-28 18:03:39.584 I/WifiHW  (  506): REPLY: ssid=DAP-2553_D
02-28 18:03:39.584 I/WifiHW  (  506): REPLY: ====
02-28 18:03:39.584 I/WifiHW  (  506): REPLY: id=231
02-28 18:03:39.584 I/WifiHW  (  506): REPLY: bssid=00:0f:e2:0f:9f:c1
02-28 18:03:39.584 I/WifiHW  (  506): REPLY: freq=2462
02-28 18:03:39.584 I/WifiHW  (  506): REPLY: level=-82
02-28 18:03:39.584 I/WifiHW  (  506): REPLY: tsf=0000030541373830
02-28 18:03:39.584 I/WifiHW  (  506): REPLY: flags=[WPA-PSK-CCMP+TKIP][WPA2-PSK-CCMP+TKIP][ESS]
02-28 18:03:39.584 I/WifiHW  (  506): REPLY: ssid=321_WAN
02-28 18:03:39.584 I/WifiHW  (  506): REPLY: ====
02-28 18:03:39.584 I/WifiHW  (  506): REPLY: id=232
02-28 18:03:39.584 I/WifiHW  (  506): REPLY: bssid=e4:d3:32:dd:18:62
02-28 18:03:39.584 I/WifiHW  (  506): REPLY: freq=2437
02-28 18:03:39.584 I/WifiHW  (  506): REPLY: level=-75
02-28 18:03:39.584 I/WifiHW  (  506): REPLY: tsf=0000030541373757
02-28 18:03:39.584 I/WifiHW  (  506): REPLY: flags=[ESS]
02-28 18:03:39.584 I/WifiHW  (  506): REPLY: ssid=Internet
02-28 18:03:39.584 I/WifiHW  (  506): REPLY: ====
02-28 18:03:39.584 I/WifiHW  (  506): REPLY: id=239
02-28 18:03:39.584 I/WifiHW  (  506): REPLY: bssid=b0:48:7a:51:ff:cc
02-28 18:03:39.584 I/WifiHW  (  506): REPLY: freq=2452
02-28 18:03:39.584 I/WifiHW  (  506): REPLY: level=-70
02-28 18:03:39.584 I/WifiHW  (  506): REPLY: tsf=0000030541373820
02-28 18:03:39.584 I/WifiHW  (  506): REPLY: flags=[WPA-PSK-CCMP][WPA2-PSK-CCMP][ESS]
02-28 18:03:39.584 I/WifiHW  (  506): REPLY: ssid=Neusoft TP
02-28 18:03:39.584 I/WifiHW  (  506): REPLY: ====
02-28 18:03:39.584 I/WifiHW  (  506): REPLY: id=240
02-28 18:03:39.584 I/WifiHW  (  506): REPLY: bssid=14:d6:4d:28:ef:c8
02-28 18:03:39.584 I/WifiHW  (  506): REPLY: freq=2437
02-28 18:03:39.584 I/WifiHW  (  506): REPLY: level=-80
02-28 18:03:39.584 I/WifiHW  (  506): REPLY: tsf=0000030541373789
02-28 18:03:39.584 I/WifiHW  (  506): REPLY: flags=[WPA2-PSK-CCMP][WPS][ESS]
02-28 18:03:39.584 I/WifiHW  (  506): REPLY: ssid=dlink
02-28 18:03:39.584 I/WifiHW  (  506): REPLY: ====
02-28 18:03:39.584 I/WifiHW  (  506): REPLY: id=242
02-28 18:03:39.584 I/WifiHW  (  506): REPLY: bssid=cc:b2:55:e2:84:70
02-28 18:03:39.584 I/WifiHW  (  506): REPLY: freq=2447
02-28 18:03:39.584 I/WifiHW  (  506): REPLY: level=-74
02-28 18:03:39.584 I/WifiHW  (  506): REPLY: tsf=0000030541373795
02-28 18:03:39.584 I/WifiHW  (  506): REPLY: flags=[WPA-PSK-TKIP][WPA2-PSK-TKIP][ESS]
02-28 18:03:39.584 I/WifiHW  (  506): REPLY: ssid=DLINK_APK
02-28 18:03:39.584 I/WifiHW  (  506): REPLY: ====
02-28 18:03:39.584 I/WifiHW  (  506): REPLY: id=243
02-28 18:03:39.584 I/WifiHW  (  506): REPLY: bssid=e4:d3:32:db:f6:03
02-28 18:03:39.584 I/WifiHW  (  506): REPLY: freq=2447
02-28 18:03:39.584 I/WifiHW  (  506): REPLY: level=-76
02-28 18:03:39.584 I/WifiHW  (  506): REPLY: tsf=0000030500154839
02-28 18:03:39.584 I/WifiHW  (  506): REPLY: flags=[WPA2-PSK-TKIP][ESS]
02-28 18:03:39.584 I/WifiHW  (  506): REPLY: ssid=adddda
02-28 18:03:39.584 I/WifiHW  (  506): REPLY: ====
02-28 18:03:39.584 I/WifiHW  (  506): REPLY: id=244
02-28 18:03:39.584 I/WifiHW  (  506): REPLY: bssid=2c:b0:5d:7f:f4:24
02-28 18:03:39.584 I/WifiHW  (  506): REPLY: freq=2412
02-28 18:03:39.584 I/WifiHW  (  506): REPLY: level=-82
02-28 18:03:39.584 I/WifiHW  (  506): REPLY: tsf=0000030541373742
02-28 18:03:39.584 I/WifiHW  (  506): REPLY: flags=[WPA2-PSK-CCMP][WPS][ESS]
02-28 18:03:39.584 I/WifiHW  (  506): REPLY: ssid=NETGEAR38
02-28 18:03:39.584 I/WifiHW  (  506): REPLY: ####
02-28 18:03:40.524 W/chromium( 8737): [WARNING:xwalk_extension_module.cc(203)] Exception when running message listener: undefined:231:20 ReferenceError: g_promises is not defined
02-28 18:03:40.524 W/chromium( 8737):     if (_isFunction(g_promises[msgObj.asyncCallId].resolve)) {
02-28 18:03:40.524 W/chromium( 8737): 
02-28 18:03:40.524 W/chromium( 8737): [WARNING:xwalk_extension_module.cc(203)] Exception when running message listener: undefined:231:20 ReferenceError: g_promises is not defined
02-28 18:03:40.524 W/chromium( 8737):     if (_isFunction(g_promises[msgObj.asyncCallId].resolve)) {
02-28 18:03:40.524 W/chromium( 8737): 
02-28 18:03:40.524 W/chromium( 8737): [WARNING:xwalk_extension_module.cc(203)] Exception when running message listener: undefined:231:20 ReferenceError: g_promises is not defined
02-28 18:03:40.524 W/chromium( 8737):     if (_isFunction(g_promises[msgObj.asyncCallId].resolve)) {
02-28 18:03:40.524 W/chromium( 8737): 
02-28 18:03:40.534 W/chromium( 8737): [WARNING:xwalk_extension_module.cc(203)] Exception when running message listener: undefined:231:20 ReferenceError: g_promises is not defined
02-28 18:03:40.534 W/chromium( 8737):     if (_isFunction(g_promises[msgObj.asyncCallId].resolve)) {
02-28 18:03:40.534 W/chromium( 8737): 
02-28 18:03:40.544 W/chromium( 8737): [WARNING:xwalk_extension_module.cc(203)] Exception when running message listener: undefined:231:20 ReferenceError: g_promises is not defined
02-28 18:03:40.544 W/chromium( 8737):     if (_isFunction(g_promises[msgObj.asyncCallId].resolve)) {
02-28 18:03:40.544 W/chromium( 8737): 
02-28 18:03:40.554 W/chromium( 8737): [WARNING:xwalk_extension_module.cc(203)] Exception when running message listener: undefined:231:20 ReferenceError: g_promises is not defined
02-28 18:03:40.554 W/chromium( 8737):     if (_isFunction(g_promises[msgObj.asyncCallId].resolve)) {
02-28 18:03:40.554 W/chromium( 8737): 
02-28 18:03:40.564 W/chromium( 8737): [WARNING:xwalk_extension_module.cc(203)] Exception when running message listener: undefined:231:20 ReferenceError: g_promises is not defined
02-28 18:03:40.564 W/chromium( 8737):     if (_isFunction(g_promises[msgObj.asyncCallId].resolve)) {
02-28 18:03:40.564 W/chromium( 8737): 
02-28 18:03:40.574 W/chromium( 8737): [WARNING:xwalk_extension_module.cc(203)] Exception when running message listener: undefined:231:20 ReferenceError: g_promises is not defined
02-28 18:03:40.574 W/chromium( 8737):     if (_isFunction(g_promises[msgObj.asyncCallId].resolve)) {
02-28 18:03:40.574 W/chromium( 8737): 
02-28 18:03:40.574 W/chromium( 8737): [WARNING:xwalk_extension_module.cc(203)] Exception when running message listener: undefined:231:20 ReferenceError: g_promises is not defined
02-28 18:03:40.574 W/chromium( 8737):     if (_isFunction(g_promises[msgObj.asyncCallId].resolve)) {
02-28 18:03:40.574 W/chromium( 8737): 
02-28 18:03:40.594 D/dalvikvm( 8737): GC_EXPLICIT freed 1915K, 24% free 7042K/9152K, paused 1ms+2ms, total 17ms
02-28 18:03:40.604 W/chromium( 8737): [WARNING:xwalk_extension_module.cc(203)] Exception when running message listener: undefined:231:20 ReferenceError: g_promises is not defined
02-28 18:03:40.604 W/chromium( 8737):     if (_isFunction(g_promises[msgObj.asyncCallId].resolve)) {
02-28 18:03:40.604 W/chromium( 8737): 
02-28 18:03:40.614 W/chromium( 8737): [WARNING:xwalk_extension_module.cc(203)] Exception when running message listener: undefined:231:20 ReferenceError: g_promises is not defined
02-28 18:03:40.614 W/chromium( 8737):     if (_isFunction(g_promises[msgObj.asyncCallId].resolve)) {
02-28 18:03:40.614 W/chromium( 8737): 
02-28 18:03:40.624 W/chromium( 8737): [WARNING:xwalk_extension_module.cc(203)] Exception when running message listener: undefined:231:20 ReferenceError: g_promises is not defined
02-28 18:03:40.624 W/chromium( 8737):     if (_isFunction(g_promises[msgObj.asyncCallId].resolve)) {
02-28 18:03:40.624 W/chromium( 8737): 
02-28 18:03:42.974 W/BindingManager( 8737): Cannot call determinedVisibility() - never saw a connection for the pid: 8737
02-28 18:03:43.004 V/MmsProvider(  757): Query uri=content://mms, match=0
02-28 18:03:43.004 V/MmsProvider(  757): Query uri=content://mms, match=0
02-28 18:03:43.014 V/MmsProvider(  757): Query uri=content://mms, match=0
02-28 18:03:43.024 W/chromium( 8737): [WARNING:xwalk_extension_module.cc(203)] Exception when running message listener: undefined:231:20 ReferenceError: g_promises is not defined
02-28 18:03:43.024 W/chromium( 8737):     if (_isFunction(g_promises[msgObj.asyncCallId].resolve)) {
02-28 18:03:43.024 W/chromium( 8737): 
02-28 18:03:43.024 W/chromium( 8737): [WARNING:xwalk_extension_module.cc(203)] Exception when running message listener: undefined:231:20 ReferenceError: g_promises is not defined
02-28 18:03:43.024 W/chromium( 8737):     if (_isFunction(g_promises[msgObj.asyncCallId].resolve)) {
02-28 18:03:43.024 W/chromium( 8737): 
02-28 18:03:43.024 W/chromium( 8737): [WARNING:xwalk_extension_module.cc(203)] Exception when running message listener: undefined:231:20 ReferenceError: g_promises is not defined
02-28 18:03:43.024 W/chromium( 8737):     if (_isFunction(g_promises[msgObj.asyncCallId].resolve)) {
02-28 18:03:43.024 W/chromium( 8737): 
02-28 18:03:43.024 V/MmsProvider(  757): Query uri=content://mms, match=0
02-28 18:03:43.034 V/MmsProvider(  757): Query uri=content://mms, match=0
02-28 18:03:43.034 W/chromium( 8737): [WARNING:xwalk_extension_module.cc(203)] Exception when running message listener: undefined:231:20 ReferenceError: g_promises is not defined
02-28 18:03:43.034 W/chromium( 8737):     if (_isFunction(g_promises[msgObj.asyncCallId].resolve)) {
02-28 18:03:43.034 W/chromium( 8737): 
02-28 18:03:43.034 W/chromium( 8737): [WARNING:xwalk_extension_module.cc(203)] Exception when running message listener: undefined:231:20 ReferenceError: g_promises is not defined
02-28 18:03:43.034 W/chromium( 8737):     if (_isFunction(g_promises[msgObj.asyncCallId].resolve)) {
02-28 18:03:43.034 W/chromium( 8737): 
02-28 18:03:43.034 V/MmsProvider(  757): Query uri=content://mms, match=0
02-28 18:03:43.044 W/chromium( 8737): [WARNING:xwalk_extension_module.cc(203)] Exception when running message listener: undefined:231:20 ReferenceError: g_promises is not defined
02-28 18:03:43.044 W/chromium( 8737):     if (_isFunction(g_promises[msgObj.asyncCallId].resolve)) {
02-28 18:03:43.044 W/chromium( 8737): 
02-28 18:03:43.054 V/MmsProvider(  757): Query uri=content://mms, match=0
02-28 18:03:43.054 W/chromium( 8737): [WARNING:xwalk_extension_module.cc(203)] Exception when running message listener: undefined:231:20 ReferenceError: g_promises is not defined
02-28 18:03:43.054 W/chromium( 8737):     if (_isFunction(g_promises[msgObj.asyncCallId].resolve)) {
02-28 18:03:43.054 W/chromium( 8737): 
02-28 18:03:43.054 V/MmsProvider(  757): Query uri=content://mms, match=0
02-28 18:03:43.054 W/chromium( 8737): [WARNING:xwalk_extension_module.cc(203)] Exception when running message listener: undefined:231:20 ReferenceError: g_promises is not defined
02-28 18:03:43.054 W/chromium( 8737):     if (_isFunction(g_promises[msgObj.asyncCallId].resolve)) {
02-28 18:03:43.054 W/chromium( 8737): 
02-28 18:03:43.064 V/MmsProvider(  757): Query uri=content://mms, match=0
02-28 18:03:43.064 W/chromium( 8737): [WARNING:xwalk_extension_module.cc(203)] Exception when running message listener: undefined:231:20 ReferenceError: g_promises is not defined
02-28 18:03:43.064 W/chromium( 8737):     if (_isFunction(g_promises[msgObj.asyncCallId].resolve)) {
02-28 18:03:43.064 W/chromium( 8737): 
02-28 18:03:43.064 V/MmsProvider(  757): Query uri=content://mms, match=0
02-28 18:03:43.064 W/chromium( 8737): [WARNING:xwalk_extension_module.cc(203)] Exception when running message listener: undefined:231:20 ReferenceError: g_promises is not defined
02-28 18:03:43.064 W/chromium( 8737):     if (_isFunction(g_promises[msgObj.asyncCallId].resolve)) {
02-28 18:03:43.064 W/chromium( 8737): 
02-28 18:03:43.074 V/MmsProvider(  757): Query uri=content://mms, match=0
02-28 18:03:43.074 W/chromium( 8737): [WARNING:xwalk_extension_module.cc(203)] Exception when running message listener: undefined:231:20 ReferenceError: g_promises is not defined
02-28 18:03:43.074 W/chromium( 8737):     if (_isFunction(g_promises[msgObj.asyncCallId].resolve)) {
02-28 18:03:43.074 W/chromium( 8737): 
02-28 18:03:43.074 V/MmsProvider(  757): Query uri=content://mms, match=0
02-28 18:03:43.074 W/chromium( 8737): [WARNING:xwalk_extension_module.cc(203)] Exception when running message listener: undefined:231:20 ReferenceError: g_promises is not defined
02-28 18:03:43.074 W/chromium( 8737):     if (_isFunction(g_promises[msgObj.asyncCallId].resolve)) {
02-28 18:03:43.074 W/chromium( 8737): 
02-28 18:03:43.084 V/MmsProvider(  757): Query uri=content://mms, match=0
02-28 18:03:43.084 W/chromium( 8737): [WARNING:xwalk_extension_module.cc(203)] Exception when running message listener: undefined:231:20 ReferenceError: g_promises is not defined
02-28 18:03:43.084 W/chromium( 8737):     if (_isFunction(g_promises[msgObj.asyncCallId].resolve)) {
02-28 18:03:43.084 W/chromium( 8737): 
02-28 18:03:43.084 V/MmsProvider(  757): Query uri=content://mms, match=0
02-28 18:03:43.084 W/chromium( 8737): [WARNING:xwalk_extension_module.cc(203)] Exception when running message listener: undefined:231:20 ReferenceError: g_promises is not defined
02-28 18:03:43.084 W/chromium( 8737):     if (_isFunction(g_promises[msgObj.asyncCallId].resolve)) {
02-28 18:03:43.084 W/chromium( 8737): 
02-28 18:03:43.094 V/MmsProvider(  757): Query uri=content://mms, match=0
02-28 18:03:43.094 W/chromium( 8737): [WARNING:xwalk_extension_module.cc(203)] Exception when running message listener: undefined:231:20 ReferenceError: g_promises is not defined
02-28 18:03:43.094 W/chromium( 8737):     if (_isFunction(g_promises[msgObj.asyncCallId].resolve)) {
02-28 18:03:43.094 W/chromium( 8737): 
02-28 18:03:43.094 V/MmsProvider(  757): Query uri=content://mms, match=0
02-28 18:03:43.104 W/chromium( 8737): [WARNING:xwalk_extension_module.cc(203)] Exception when running message listener: undefined:231:20 ReferenceError: g_promises is not defined
02-28 18:03:43.104 W/chromium( 8737):     if (_isFunction(g_promises[msgObj.asyncCallId].resolve)) {
02-28 18:03:43.104 W/chromium( 8737): 
02-28 18:03:43.594 D/EVENT_THREAD(  187): void CEventThread::run() POLLIN event on Fd (1)
02-28 18:03:43.594 D/EVENT_THREAD(  187): void CEventThread::run() Do poll with timeout: -1
02-28 18:03:43.594 I/upi_ug31xx(  167): (3223) update_capacity
02-28 18:03:43.594 I/[UPI]   (  167): <UG31/E>[UpiReadCapacity]: V=4153(4155), T=358(357-419), I=-366, C=-3(-3-0)
02-28 18:03:43.594 I/[UPI]   (  167): <UG31/E>[UpiReadCapacity]: (0x0000214a) 3313 (3241) / 3602 (3602) = 92
02-28 18:03:43.594 I/[UPI]   (  167): <UG31/E>[UpiReadCapacity]: (0x0000214a) 3313 (3241) / 3602 (3602) = 92
02-28 18:03:43.594 I/[UPI]   (  167): <UG31/E>[UpiReadCapacity]: (0x0000214a) 3309 (3309) / 3602 (3602) = 92
02-28 18:03:43.594 I/[UPI]   (  167): <UG31/E>[RsocFilterCountTime]: (0x0000214a) Step=3(212520), Full=1(212520), Lock=212520(1800000)
02-28 18:03:43.594 I/[UPI]   (  167): <UG31/E>[UpiReadCapacity]: (0x0000214a) 3309 (3309) / 3602 (3602) = 92 (-366--366)
02-28 18:03:43.594 I/[UPI]   (  167): <UG31/E><BATT> M:normal, P:92(92-92)%, V:4155mV, C:-416mA, T:35.7C(419), S:0x0000214a(000), R:3309mAh, F:3602mAh, Q:2681mAh, CC:3, P:30.320(289-0)s, BO:7, 97:615:0-44af-9m:B001-20140514-144301 (2)
02-28 18:03:43.594 D/EVENT_THREAD(  187): void CEventThread::run() POLLIN event on Fd (1)
02-28 18:03:43.594 D/EVENT_THREAD(  187): void CEventThread::run() Do poll with timeout: -1
02-28 18:03:43.594 I/upi_ug31xx(  167): (3224) backup_data 
02-28 18:03:43.594 V/upi_ug31xx(  167): state->check_backup_count = 5
02-28 18:03:46.724 W/ufoGralloc(  172): registerBuffer() handle 0xb83cc480/73 didn't require registration
02-28 18:03:46.744 D/WindowManager(  506): adjustConfigurationLw, config:{1.0 ?mcc?mnc ?locale ?layoutDir sw600dp w600dp h888dp 213dpi lrg port ?uimode ?night finger -keyb/v/h -nav/v} mLidState:1 mHasDockFeature:false mHasKeyboardFeature:false mHasHallSensorFeature:true config.hardKeyboardHidden:2
02-28 18:03:46.754 I/ActivityManager(  506): [TopPkgCurBat]	NowPkgName[com.chrome.beta]	Battery[92]	TimeTick[1425117826759]	OldPkgName[org.xwalk.webapi_noneservice_tests]
02-28 18:03:46.794 D/        (16090): Pixel Format : GGL_PIXEL_FORMAT_RGBA_8888
02-28 18:03:46.804 D/        (31284): Pixel Format : GGL_PIXEL_FORMAT_RGBA_8888
02-28 18:03:46.804 D/        (31284): droid_create_context : config id = 1 conf->NativeVisualID=1
02-28 18:03:46.804 D/        (31284): Pixel Format : GGL_PIXEL_FORMAT_RGBA_8888
02-28 18:03:46.804 I/        (31284): Requested context : GLES 2.0
02-28 18:03:46.814 D/        (31284): Swap interval set to = 1 value
02-28 18:03:46.844 W/IInputConnectionWrapper( 8737): showStatusIcon on inactive InputConnection
02-28 18:03:46.844 D/XT9IME  (13333): new subtype :zh_CN ,pinyin
02-28 18:03:46.894 D/BatteryStatsImpl(  506): noteStopWakeLocked system isFromForeground = false
02-28 18:03:46.934 D/        ( 8737): Surface destroy: ANDROID_NATIVE_WINDOW_MAGIC
02-28 18:03:46.944 D/        ( 8737): Surface destroy: ANDROID_NATIVE_WINDOW_MAGIC
02-28 18:03:47.114 D/AndroidRuntime( 9307): 
02-28 18:03:47.114 D/AndroidRuntime( 9307): >>>>>> AndroidRuntime START com.android.internal.os.RuntimeInit <<<<<<
02-28 18:03:47.114 D/AndroidRuntime( 9307): CheckJNI is OFF
02-28 18:03:47.114 I/AndroidRuntime( 9307): Kernel Release Version: 3.10.20-gf818079
02-28 18:03:47.124 I/dalvikvm( 9307): No library specified. The standard exception handler will be used
02-28 18:03:47.124 I/dalvikvm( 9307): 
02-28 18:03:47.124 I/dalvikvm( 9307): +++++++++++++ Using PCG. +++++++++++++++++++++
02-28 18:03:47.134 D/dalvikvm( 9307): Trying to load lib libjavacore.so 0x0
02-28 18:03:47.134 D/dalvikvm( 9307): Added shared lib libjavacore.so 0x0
02-28 18:03:47.134 D/dalvikvm( 9307): Trying to load lib libnativehelper.so 0x0
02-28 18:03:47.134 D/dalvikvm( 9307): Added shared lib libnativehelper.so 0x0
02-28 18:03:47.134 D/dalvikvm( 9307): No JNI_OnLoad found in libnativehelper.so 0x0, skipping init
02-28 18:03:47.134 D/dalvikvm( 9307): Extra Options: not specified
02-28 18:03:47.164 D/dalvikvm( 9307): Note: class Landroid/app/ActivityManagerNative; has 186 unimplemented (abstract) methods
02-28 18:03:47.254 E/memtrack( 9307): Couldn't load memtrack module (No such file or directory)
02-28 18:03:47.254 E/android.os.Debug( 9307): failed to load memtrack module: -2
02-28 18:03:47.294 D/AndroidRuntime( 9307): Calling main entry com.android.commands.am.Am
02-28 18:03:47.314 I/ActivityManager(  506): Force stopping org.xwalk.webapi_noneservice_tests appid=10343 user=0: from pid 9307
02-28 18:03:47.314 I/ActivityManager(  506): Killing 8737:org.xwalk.webapi_noneservice_tests/u0a343 (adj 1): stop org.xwalk.webapi_noneservice_tests
02-28 18:03:47.324 I/SecurityManagerService(  621): SMS received security event: App[STOP/org.xwalk.webapi_noneservice_tests]
02-28 18:03:47.334 D/AndroidRuntime( 9307): Shutting down VM
02-28 18:03:47.334 D/dalvikvm( 9307): GC_CONCURRENT freed 112K, 16% free 666K/792K, paused 0ms+1ms, total 1ms
02-28 18:03:47.334 D/dalvikvm( 9307): Compiler shutdown in progress - discarding request
02-28 18:03:47.334 D/dalvikvm( 9307): Compiler shutdown in progress - discarding request
02-28 18:03:47.334 D/dalvikvm( 9307): Compiler shutdown in progress - discarding request
02-28 18:03:47.334 D/dalvikvm( 9307): Compiler shutdown in progress - discarding request
02-28 18:03:47.334 D/dalvikvm( 9307): Compiler shutdown in progress - discarding request
02-28 18:03:47.334 D/dalvikvm( 9307): Compiler shutdown in progress - discarding request
02-28 18:03:47.334 D/dalvikvm( 9307): Compiler shutdown in progress - discarding request
02-28 18:03:47.334 D/dalvikvm( 9307): Compiler shutdown in progress - discarding request
02-28 18:03:47.334 D/dalvikvm( 9307): Compiler shutdown in progress - discarding request
02-28 18:03:47.334 D/dalvikvm( 9307): Compiler shutdown in progress - discarding request
02-28 18:03:47.334 D/dalvikvm( 9307): Compiler shutdown in progress - discarding request
02-28 18:03:47.334 D/dalvikvm( 9307): Compiler shutdown in progress - discarding request
02-28 18:03:47.334 D/dalvikvm( 9307): Compiler shutdown in progress - discarding request
02-28 18:03:47.334 D/dalvikvm( 9307): Compiler shutdown in progress - discarding request
02-28 18:03:47.334 D/dalvikvm( 9307): Compiler shutdown in progress - discarding request
02-28 18:03:47.334 D/dalvikvm( 9307): Compiler shutdown in progress - discarding request
02-28 18:03:47.334 D/dalvikvm( 9307): Compiler shutdown in progress - discarding request
02-28 18:03:47.334 D/dalvikvm( 9307): Compiler shutdown in progress - discarding request
02-28 18:03:47.334 D/dalvikvm( 9307): Compiler shutdown in progress - discarding request
02-28 18:03:47.334 D/dalvikvm( 9307): Compiler shutdown in progress - discarding request
02-28 18:03:47.334 D/dalvikvm( 9307): Compiler shutdown in progress - discarding request
02-28 18:03:47.334 D/dalvikvm( 9307): Compiler shutdown in progress - discarding request
02-28 18:03:47.334 D/dalvikvm( 9307): Compiler shutdown in progress - discarding request
02-28 18:03:47.334 D/dalvikvm( 9307): Compiler shutdown in progress - discarding request
02-28 18:03:47.334 D/dalvikvm( 9307): Compiler shutdown in progress - discarding request
02-28 18:03:47.334 D/dalvikvm( 9307): Compiler shutdown in progress - discarding request
02-28 18:03:47.334 D/dalvikvm( 9307): Compiler shutdown in progress - discarding request
02-28 18:03:47.334 D/dalvikvm( 9307): Compiler shutdown in progress - discarding request
02-28 18:03:47.334 D/dalvikvm( 9307): Compiler shutdown in progress - discarding request
02-28 18:03:47.334 D/dalvikvm( 9307): Compiler shutdown in progress - discarding request
02-28 18:03:47.334 D/dalvikvm( 9307): Compiler shutdown in progress - discarding request
02-28 18:03:47.334 D/dalvikvm( 9307): Compiler shutdown in progress - discarding request
02-28 18:03:47.334 D/dalvikvm( 9307): Compiler shutdown in progress - discarding request
02-28 18:03:47.334 D/dalvikvm( 9307): Compiler shutdown in progress - discarding request
02-28 18:03:47.334 D/dalvikvm( 9307): Compiler shutdown in progress - discarding request
02-28 18:03:47.334 D/dalvikvm( 9307): Compiler shutdown in progress - discarding request
02-28 18:03:47.334 D/dalvikvm( 9307): Compiler shutdown in progress - discarding request
02-28 18:03:47.334 D/dalvikvm( 9307): Compiler shutdown in progress - discarding request
02-28 18:03:47.334 D/dalvikvm( 9307): Compiler shutdown in progress - discarding request
02-28 18:03:47.334 D/dalvikvm( 9307): Compiler shutdown in progress - discarding request
02-28 18:03:47.334 D/dalvikvm( 9307): Compiler shutdown in progress - discarding request
02-28 18:03:47.334 D/dalvikvm( 9307): Compiler shutdown in progress - discarding request
02-28 18:03:47.394 I/WindowState(  506): WIN DEATH: Window{2201a5f8 u0 org.xwalk.webapi_noneservice_tests/org.xwalk.webapi_noneservice_tests.WebapiNoneserviceTestsActivity EXITING}
02-28 18:03:47.394 I/WindowState(  506): WIN DEATH: Window{220ae480 u0 SurfaceView EXITING}
02-28 18:03:47.424 W/SurfaceFlinger(  172): couldn't log to binary event log: overflow.
