02-28 17:51:02.184 D/wpa_supplicant(  659): wlan0: BSS: Add new id 205 BSSID 50:bd:5f:4b:29:92 SSID 'Internet-2'
02-28 17:51:02.184 D/wpa_supplicant(  659): CTRL_IFACE monitor send - hexdump(len=39): 2f 64 61 74 61 2f 6d 69 73 63 2f 77 69 66 69 2f 73 6f 63 6b 65 74 73 2f 77 70 61 5f 63 74 72 6c ...
02-28 17:51:02.184 D/wpa_supplicant(  659): wlan0: BSS: Remove id 192 BSSID e4:d3:32:dd:18:62 SSID 'Internet' due to no match in scan
02-28 17:51:02.184 D/wpa_supplicant(  659): CTRL_IFACE monitor send - hexdump(len=39): 2f 64 61 74 61 2f 6d 69 73 63 2f 77 69 66 69 2f 73 6f 63 6b 65 74 73 2f 77 70 61 5f 63 74 72 6c ...
02-28 17:51:02.184 D/wpa_supplicant(  659): BSS: last_scan_res_used=18/32 last_scan_full=0
02-28 17:51:02.184 D/wpa_supplicant(  659): wlan0: New scan results available
02-28 17:51:02.184 D/wpa_supplicant(  659): CTRL_IFACE monitor send - hexdump(len=39): 2f 64 61 74 61 2f 6d 69 73 63 2f 77 69 66 69 2f 73 6f 63 6b 65 74 73 2f 77 70 61 5f 63 74 72 6c ...
02-28 17:51:02.184 D/wpa_supplicant(  659): CTRL_IFACE monitor send - hexdump(len=39): 2f 64 61 74 61 2f 6d 69 73 63 2f 77 69 66 69 2f 73 6f 63 6b 65 74 73 2f 77 70 61 5f 63 74 72 6c ...
02-28 17:51:02.184 D/wpa_supplicant(  659): Authorize channel 1
02-28 17:51:02.184 D/wpa_supplicant(  659): Authorize channel 2
02-28 17:51:02.184 D/wpa_supplicant(  659): Authorize channel 3
02-28 17:51:02.184 D/wpa_supplicant(  659): Authorize channel 4
02-28 17:51:02.184 D/wpa_supplicant(  659): Authorize channel 5
02-28 17:51:02.184 D/wpa_supplicant(  659): Authorize channel 6
02-28 17:51:02.184 D/wpa_supplicant(  659): Authorize channel 7
02-28 17:51:02.184 D/wpa_supplicant(  659): Authorize channel 8
02-28 17:51:02.184 D/wpa_supplicant(  659): Authorize channel 9
02-28 17:51:02.184 D/wpa_supplicant(  659): Authorize channel 10
02-28 17:51:02.184 D/wpa_supplicant(  659): Authorize channel 11
02-28 17:51:02.184 D/wpa_supplicant(  659): Authorize channel 12
02-28 17:51:02.184 D/wpa_supplicant(  659): Authorize channel 13
02-28 17:51:02.184 D/wpa_supplicant(  659): Authorize channel 1
02-28 17:51:02.184 D/wpa_supplicant(  659): Authorize channel 2
02-28 17:51:02.184 D/wpa_supplicant(  659): Authorize channel 3
02-28 17:51:02.184 D/wpa_supplicant(  659): Authorize channel 4
02-28 17:51:02.184 D/wpa_supplicant(  659): Authorize channel 5
02-28 17:51:02.184 D/wpa_supplicant(  659): Authorize channel 6
02-28 17:51:02.184 D/wpa_supplicant(  659): Authorize channel 7
02-28 17:51:02.184 D/wpa_supplicant(  659): Authorize channel 8
02-28 17:51:02.184 D/wpa_supplicant(  659): Authorize channel 9
02-28 17:51:02.184 D/wpa_supplicant(  659): Authorize channel 10
02-28 17:51:02.184 I/WifiHW  (  506): EVENT: IFNAME=wlan0 CTRL-EVENT-BSS-ADDED 201 b0:48:7a:51:ff:cc
02-28 17:51:02.184 D/wpa_supplicant(  659): Authorize channel 11
02-28 17:51:02.184 D/wpa_supplicant(  659): Authorize channel 12
02-28 17:51:02.184 D/wpa_supplicant(  659): Authorize channel 13
02-28 17:51:02.184 D/wpa_supplicant(  659): Add access point on channel 6
02-28 17:51:02.184 D/wpa_supplicant(  659): Add access point on channel 6
02-28 17:51:02.184 D/wpa_supplicant(  659): Add access point on channel 6
02-28 17:51:02.184 D/wpa_supplicant(  659): Add access point on channel 11
02-28 17:51:02.184 D/wpa_supplicant(  659): Add access point on channel 11
02-28 17:51:02.184 D/wpa_supplicant(  659): Add access point on channel 7
02-28 17:51:02.184 D/wpa_supplicant(  659): Add access point on channel 1
02-28 17:51:02.184 D/wpa_supplicant(  659): Add access point on channel 6
02-28 17:51:02.184 D/wpa_supplicant(  659): Add access point on channel 1
02-28 17:51:02.184 D/wpa_supplicant(  659): Add access point on channel 6
02-28 17:51:02.184 D/wpa_supplicant(  659): Add access point on channel 1
02-28 17:51:02.184 D/wpa_supplicant(  659): Add access point on channel 11
02-28 17:51:02.184 D/wpa_supplicant(  659): Add access point on channel 11
02-28 17:51:02.184 D/wpa_supplicant(  659): Add access point on channel 8
02-28 17:51:02.184 D/wpa_supplicant(  659): Add access point on channel 2
02-28 17:51:02.184 D/wpa_supplicant(  659): Add access point on channel 1
02-28 17:51:02.184 D/wpa_supplicant(  659): Add access point on channel 1
02-28 17:51:02.184 D/wpa_supplicant(  659): Add access point on channel 9
02-28 17:51:02.184 D/wpa_supplicant(  659): Add access point on channel 8
02-28 17:51:02.184 D/wpa_supplicant(  659): Add access point on channel 6
02-28 17:51:02.184 D/wpa_supplicant(  659): Add access point on channel 13
02-28 17:51:02.184 D/wpa_supplicant(  659): Add access point on channel 6
02-28 17:51:02.184 D/wpa_supplicant(  659): Best Operating channel is = 11
02-28 17:51:02.184 I/WifiHW  (  506): EVENT: IFNAME=wlan0 CTRL-EVENT-BSS-ADDED 202 e4:d3:32:db:f6:03
02-28 17:51:02.184 D/wpa_supplicant(  659): WPS: AP[0] f8:d1:11:e7:99:e8 type=0 tries=0 last_attempt=-1 sec ago blacklist=0
02-28 17:51:02.184 D/wpa_supplicant(  659): WPS: AP[1] 44:94:fc:3d:da:38 type=0 tries=0 last_attempt=-1 sec ago blacklist=0
02-28 17:51:02.184 D/wpa_supplicant(  659): WPS: AP[2] cc:34:29:2b:26:4c type=0 tries=0 last_attempt=-1 sec ago blacklist=0
02-28 17:51:02.184 D/wpa_supplicant(  659): WPS: AP[3] cc:34:29:2c:fb:ec type=0 tries=0 last_attempt=-1 sec ago blacklist=0
02-28 17:51:02.184 I/WifiHW  (  506): EVENT: IFNAME=wlan0 CTRL-EVENT-BSS-ADDED 203 14:d6:4d:28:ef:c8
02-28 17:51:02.184 D/wpa_supplicant(  659): WPS: AP[4] 98:fc:11:81:35:fb type=0 tries=0 last_attempt=-1 sec ago blacklist=0
02-28 17:51:02.184 D/wpa_supplicant(  659): WPS: AP[5] 14:d6:4d:28:ef:c8 type=0 tries=0 last_attempt=-1 sec ago blacklist=0
02-28 17:51:02.184 D/wpa_supplicant(  659): WPS: AP[6] c0:c1:c0:76:81:3c type=0 tries=0 last_attempt=-1 sec ago blacklist=0
02-28 17:51:02.184 D/wpa_supplicant(  659): WPS: AP[7] 10:9f:a9:dc:b1:fc type=0 tries=0 last_attempt=-1 sec ago blacklist=0
02-28 17:51:02.184 D/wpa_supplicant(  659): WPS: AP[8] 10:c3:7b:d2:e5:e0 type=0 tries=0 last_attempt=-1 sec ago blacklist=0
02-28 17:51:02.184 D/wpa_supplicant(  659): WPS: AP[9] e4:d3:32:36:2e:54 type=0 tries=0 last_attempt=-1 sec ago blacklist=0
02-28 17:51:02.184 D/wpa_supplicant(  659): WPS: AP[10] c0:a0:bb:20:3b:84 type=0 tries=0 last_attempt=-1 sec ago blacklist=0
02-28 17:51:02.184 I/WifiHW  (  506): EVENT: IFNAME=wlan0 CTRL-EVENT-BSS-ADDED 204 e4:d3:32:36:2e:54
02-28 17:51:02.184 D/wpa_supplicant(  659): WPS: AP[11] 2c:b0:5d:7f:f4:24 type=0 tries=0 last_attempt=-1 sec ago blacklist=0
02-28 17:51:02.184 D/wpa_supplicant(  659): wlan0: Selecting BSS from priority group 20
02-28 17:51:02.184 D/wpa_supplicant(  659): wlan0: 0: 44:94:fc:3d:da:38 ssid='6300' wpa_ie_len=0 rsn_ie_len=20 caps=0x411 level=-48 wps
02-28 17:51:02.184 D/wpa_supplicant(  659): wlan0:    skip - SSID mismatch
02-28 17:51:02.184 I/WifiHW  (  506): EVENT: IFNAME=wlan0 CTRL-EVENT-BSS-ADDED 205 50:bd:5f:4b:29:92
02-28 17:51:02.184 D/wpa_supplicant(  659): wlan0: 1: c8:d7:19:60:62:f2 ssid='E3000-2.4G' wpa_ie_len=0 rsn_ie_len=20 caps=0x411 level=-49
02-28 17:51:02.184 D/wpa_supplicant(  659): wlan0:    skip - SSID mismatch
02-28 17:51:02.184 I/WifiHW  (  506): EVENT: IFNAME=wlan0 CTRL-EVENT-BSS-REMOVED 192 e4:d3:32:dd:18:62
02-28 17:51:02.184 D/wpa_supplicant(  659): wlan0: 2: 6c:8b:2f:e8:38:24 ssid='ZTE_AP_6703' wpa_ie_len=0 rsn_ie_len=20 caps=0x511 level=-50
02-28 17:51:02.184 D/wpa_supplicant(  659): wlan0:    skip - SSID mismatch
02-28 17:51:02.184 D/wpa_supplicant(  659): wlan0: 3: f8:d1:11:e7:99:e8 ssid='videotest' wpa_ie_len=22 rsn_ie_len=20 caps=0x531 level=-51 wps
02-28 17:51:02.184 D/wpa_supplicant(  659): wlan0:    skip - SSID mismatch
02-28 17:51:02.184 D/wpa_supplicant(  659): wlan0: 4: cc:34:29:2b:26:4c ssid='cws-test' wpa_ie_len=0 rsn_ie_len=20 caps=0x431 level=-59 wps
02-28 17:51:02.184 D/wpa_supplicant(  659): wlan0:    skip - SSID mismatch
02-28 17:51:02.184 I/WifiHW  (  506): EVENT: IFNAME=wlan0 CTRL-EVENT-SCAN-RESULTS 
02-28 17:51:02.184 D/wpa_supplicant(  659): wlan0: 5: 10:c3:7b:d2:e5:e0 ssid='ASUS_RT-AC66U-2.4G' wpa_ie_len=0 rsn_ie_len=20 caps=0x411 level=-59 wps
02-28 17:51:02.184 D/wpa_supplicant(  659): wlan0:    skip - SSID mismatch
02-28 17:51:02.184 D/wpa_supplicant(  659): wlan0: 6: c4:17:fe:3f:4f:fb ssid='cmcm' wpa_ie_len=0 rsn_ie_len=20 caps=0x511 level=-60
02-28 17:51:02.184 D/wpa_supplicant(  659): wlan0:    skip - SSID mismatch
02-28 17:51:02.184 D/wpa_supplicant(  659): wlan0: 7: cc:34:29:2c:fb:ec ssid='linksys' wpa_ie_len=22 rsn_ie_len=20 caps=0x431 level=-64 wps
02-28 17:51:02.184 D/wpa_supplicant(  659): wlan0:    skip - SSID mismatch
02-28 17:51:02.184 D/wpa_supplicant(  659): wlan0: 8: b0:48:7a:51:ff:cc ssid='Neusoft TP' wpa_ie_len=22 rsn_ie_len=20 caps=0x431 level=-64
02-28 17:51:02.184 D/wpa_supplicant(  659): wlan0:    skip - SSID mismatch
02-28 17:51:02.184 I/WifiHW  (  506): EVENT: IFNAME=wlan0 WPS-AP-AVAILABLE 
02-28 17:51:02.184 D/wpa_supplicant(  659): wlan0: 9: c0:cb:38:7f:c9:09 ssid='360WiFi-7908' wpa_ie_len=0 rsn_ie_len=20 caps=0x511 level=-64
02-28 17:51:02.184 D/wpa_supplicant(  659): wlan0:    skip - SSID mismatch
02-28 17:51:02.184 D/wpa_supplicant(  659): wlan0: 10: 98:fc:11:81:35:fb ssid='E2000EE' wpa_ie_len=0 rsn_ie_len=20 caps=0x411 level=-67 wps
02-28 17:51:02.184 D/wpa_supplicant(  659): wlan0:    skip - SSID mismatch
02-28 17:51:02.184 D/wpa_supplicant(  659): wlan0: 11: c0:a0:bb:20:3b:84 ssid='dlink-3B84' wpa_ie_len=26 rsn_ie_len=24 caps=0x411 level=-77 wps
02-28 17:51:02.184 D/wpa_supplicant(  659): wlan0:    skip - SSID mismatch
02-28 17:51:02.184 D/wpa_supplicant(  659): wlan0: 12: e4:d3:32:db:f6:03 ssid='adddda' wpa_ie_len=0 rsn_ie_len=20 caps=0x31 level=-74
02-28 17:51:02.184 D/wpa_supplicant(  659): wlan0:    skip - SSID mismatch
02-28 17:51:02.184 D/wpa_supplicant(  659): wlan0: 13: 14:d6:4d:28:ef:c8 ssid='dlink' wpa_ie_len=0 rsn_ie_len=20 caps=0x31 level=-79 wps
02-28 17:51:02.184 D/wpa_supplicant(  659): wlan0:    skip - SSID mismatch
02-28 17:51:02.184 D/wpa_supplicant(  659): wlan0: 14: e4:d3:32:36:2e:54 ssid='otc' wpa_ie_len=26 rsn_ie_len=24 caps=0x411 level=-82 wps
02-28 17:51:02.184 D/wpa_supplicant(  659): wlan0:    skip - SSID mismatch
02-28 17:51:02.184 D/wpa_supplicant(  659): wlan0: 15: 7a:24:af:24:0f:48 ssid='DIRECT-' wpa_ie_len=0 rsn_ie_len=0 caps=0x410 level=-41
02-28 17:51:02.184 D/wpa_supplicant(  659): wlan0:    skip - SSID mismatch
02-28 17:51:02.184 D/wpa_supplicant(  659): wlan0: 16: c0:c1:c0:76:81:3c ssid='E2000' wpa_ie_len=0 rsn_ie_len=0 caps=0x401 level=-62 wps
02-28 17:51:02.184 D/wpa_supplicant(  659): wlan0:    skip - SSID mismatch
02-28 17:51:02.184 D/wpa_supplicant(  659): wlan0: 17: 50:bd:5f:4b:29:92 ssid='Internet-2' wpa_ie_len=0 rsn_ie_len=0 caps=0x421 level=-66
02-28 17:51:02.184 D/wpa_supplicant(  659): wlan0:    skip - SSID mismatch
02-28 17:51:02.184 D/wpa_supplicant(  659): wlan0: Selecting BSS from priority group 19
02-28 17:51:02.184 D/wpa_supplicant(  659): wlan0: 0: 44:94:fc:3d:da:38 ssid='6300' wpa_ie_len=0 rsn_ie_len=20 caps=0x411 level=-48 wps
02-28 17:51:02.184 D/wpa_supplicant(  659): wlan0:    skip - SSID mismatch
02-28 17:51:02.184 D/wpa_supplicant(  659): wlan0: 1: c8:d7:19:60:62:f2 ssid='E3000-2.4G' wpa_ie_len=0 rsn_ie_len=20 caps=0x411 level=-49
02-28 17:51:02.184 D/wpa_supplicant(  659): wlan0:    skip - SSID mismatch
02-28 17:51:02.184 D/wpa_supplicant(  659): wlan0: 2: 6c:8b:2f:e8:38:24 ssid='ZTE_AP_6703' wpa_ie_len=0 rsn_ie_len=20 caps=0x511 level=-50
02-28 17:51:02.184 D/wpa_supplicant(  659): wlan0:    skip - SSID mismatch
02-28 17:51:02.184 D/wpa_supplicant(  659): wlan0: 3: f8:d1:11:e7:99:e8 ssid='videotest' wpa_ie_len=22 rsn_ie_len=20 caps=0x531 level=-51 wps
02-28 17:51:02.184 D/wpa_supplicant(  659): wlan0:    skip - SSID mismatch
02-28 17:51:02.184 D/wpa_supplicant(  659): wlan0: 4: cc:34:29:2b:26:4c ssid='cws-test' wpa_ie_len=0 rsn_ie_len=20 caps=0x431 level=-59 wps
02-28 17:51:02.184 D/wpa_supplicant(  659): wlan0:    skip - SSID mismatch
02-28 17:51:02.184 D/wpa_supplicant(  659): wlan0: 5: 10:c3:7b:d2:e5:e0 ssid='ASUS_RT-AC66U-2.4G' wpa_ie_len=0 rsn_ie_len=20 caps=0x411 level=-59 wps
02-28 17:51:02.184 D/wpa_supplicant(  659): wlan0:    skip - SSID mismatch
02-28 17:51:02.184 D/wpa_supplicant(  659): wlan0: 6: c4:17:fe:3f:4f:fb ssid='cmcm' wpa_ie_len=0 rsn_ie_len=20 caps=0x511 level=-60
02-28 17:51:02.184 D/wpa_supplicant(  659): wlan0:    skip - SSID mismatch
02-28 17:51:02.184 D/wpa_supplicant(  659): wlan0: 7: cc:34:29:2c:fb:ec ssid='linksys' wpa_ie_len=22 rsn_ie_len=20 caps=0x431 level=-64 wps
02-28 17:51:02.184 D/wpa_supplicant(  659): wlan0:    skip - SSID mismatch
02-28 17:51:02.184 D/wpa_supplicant(  659): wlan0: 8: b0:48:7a:51:ff:cc ssid='Neusoft TP' wpa_ie_len=22 rsn_ie_len=20 caps=0x431 level=-64
02-28 17:51:02.184 D/wpa_supplicant(  659): wlan0:    skip - SSID mismatch
02-28 17:51:02.184 D/wpa_supplicant(  659): wlan0: 9: c0:cb:38:7f:c9:09 ssid='360WiFi-7908' wpa_ie_len=0 rsn_ie_len=20 caps=0x511 level=-64
02-28 17:51:02.184 D/wpa_supplicant(  659): wlan0:    skip - SSID mismatch
02-28 17:51:02.184 D/wpa_supplicant(  659): wlan0: 10: 98:fc:11:81:35:fb ssid='E2000EE' wpa_ie_len=0 rsn_ie_len=20 caps=0x411 level=-67 wps
02-28 17:51:02.184 D/wpa_supplicant(  659): wlan0:    skip - SSID mismatch
02-28 17:51:02.184 D/wpa_supplicant(  659): wlan0: 11: c0:a0:bb:20:3b:84 ssid='dlink-3B84' wpa_ie_len=26 rsn_ie_len=24 caps=0x411 level=-77 wps
02-28 17:51:02.184 D/wpa_supplicant(  659): wlan0:    skip - SSID mismatch
02-28 17:51:02.184 D/wpa_supplicant(  659): wlan0: 12: e4:d3:32:db:f6:03 ssid='adddda' wpa_ie_len=0 rsn_ie_len=20 caps=0x31 level=-74
02-28 17:51:02.184 D/wpa_supplicant(  659): wlan0:    skip - SSID mismatch
02-28 17:51:02.184 D/wpa_supplicant(  659): wlan0: 13: 14:d6:4d:28:ef:c8 ssid='dlink' wpa_ie_len=0 rsn_ie_len=20 caps=0x31 level=-79 wps
02-28 17:51:02.184 D/wpa_supplicant(  659): wlan0:    skip - SSID mismatch
02-28 17:51:02.184 D/wpa_supplicant(  659): wlan0: 14: e4:d3:32:36:2e:54 ssid='otc' wpa_ie_len=26 rsn_ie_len=24 caps=0x411 level=-82 wps
02-28 17:51:02.184 D/wpa_supplicant(  659): wlan0:    skip - SSID mismatch
02-28 17:51:02.184 D/wpa_supplicant(  659): wlan0: 15: 7a:24:af:24:0f:48 ssid='DIRECT-' wpa_ie_len=0 rsn_ie_len=0 caps=0x410 level=-41
02-28 17:51:02.184 D/wpa_supplicant(  659): wlan0:    skip - SSID mismatch
02-28 17:51:02.184 D/wpa_supplicant(  659): wlan0: 16: c0:c1:c0:76:81:3c ssid='E2000' wpa_ie_len=0 rsn_ie_len=0 caps=0x401 level=-62 wps
02-28 17:51:02.184 D/wpa_supplicant(  659): wlan0:    skip - SSID mismatch
02-28 17:51:02.184 D/wpa_supplicant(  659): wlan0: 17: 50:bd:5f:4b:29:92 ssid='Internet-2' wpa_ie_len=0 rsn_ie_len=0 caps=0x421 level=-66
02-28 17:51:02.184 D/wpa_supplicant(  659): wlan0:    skip - SSID mismatch
02-28 17:51:02.184 D/wpa_supplicant(  659): wlan0: Selecting BSS from priority group 18
02-28 17:51:02.184 D/wpa_supplicant(  659): wlan0: 0: 44:94:fc:3d:da:38 ssid='6300' wpa_ie_len=0 rsn_ie_len=20 caps=0x411 level=-48 wps
02-28 17:51:02.184 D/wpa_supplicant(  659): wlan0:    skip - SSID mismatch
02-28 17:51:02.184 D/wpa_supplicant(  659): wlan0: 1: c8:d7:19:60:62:f2 ssid='E3000-2.4G' wpa_ie_len=0 rsn_ie_len=20 caps=0x411 level=-49
02-28 17:51:02.184 D/wpa_supplicant(  659): wlan0:    skip - SSID mismatch
02-28 17:51:02.184 D/wpa_supplicant(  659): wlan0: 2: 6c:8b:2f:e8:38:24 ssid='ZTE_AP_6703' wpa_ie_len=0 rsn_ie_len=20 caps=0x511 level=-50
02-28 17:51:02.184 D/wpa_supplicant(  659): wlan0:    skip - SSID mismatch
02-28 17:51:02.184 D/wpa_supplicant(  659): wlan0: 3: f8:d1:11:e7:99:e8 ssid='videotest' wpa_ie_len=22 rsn_ie_len=20 caps=0x531 level=-51 wps
02-28 17:51:02.184 D/wpa_supplicant(  659): wlan0:    skip - SSID mismatch
02-28 17:51:02.184 D/wpa_supplicant(  659): wlan0: 4: cc:34:29:2b:26:4c ssid='cws-test' wpa_ie_len=0 rsn_ie_len=20 caps=0x431 level=-59 wps
02-28 17:51:02.184 D/wpa_supplicant(  659): wlan0:    skip - SSID mismatch
02-28 17:51:02.184 D/wpa_supplicant(  659): wlan0: 5: 10:c3:7b:d2:e5:e0 ssid='ASUS_RT-AC66U-2.4G' wpa_ie_len=0 rsn_ie_len=20 caps=0x411 level=-59 wps
02-28 17:51:02.184 D/wpa_supplicant(  659): wlan0:    skip - SSID mismatch
02-28 17:51:02.184 D/wpa_supplicant(  659): wlan0: 6: c4:17:fe:3f:4f:fb ssid='cmcm' wpa_ie_len=0 rsn_ie_len=20 caps=0x511 level=-60
02-28 17:51:02.184 D/wpa_supplicant(  659): wlan0:    skip - SSID mismatch
02-28 17:51:02.184 D/wpa_supplicant(  659): wlan0: 7: cc:34:29:2c:fb:ec ssid='linksys' wpa_ie_len=22 rsn_ie_len=20 caps=0x431 level=-64 wps
02-28 17:51:02.184 D/wpa_supplicant(  659): wlan0:    skip - SSID mismatch
02-28 17:51:02.184 D/wpa_supplicant(  659): wlan0: 8: b0:48:7a:51:ff:cc ssid='Neusoft TP' wpa_ie_len=22 rsn_ie_len=20 caps=0x431 level=-64
02-28 17:51:02.184 D/wpa_supplicant(  659): wlan0:    skip - SSID mismatch
02-28 17:51:02.184 D/wpa_supplicant(  659): wlan0: 9: c0:cb:38:7f:c9:09 ssid='360WiFi-7908' wpa_ie_len=0 rsn_ie_len=20 caps=0x511 level=-64
02-28 17:51:02.184 D/wpa_supplicant(  659): wlan0:    skip - SSID mismatch
02-28 17:51:02.184 D/wpa_supplicant(  659): wlan0: 10: 98:fc:11:81:35:fb ssid='E2000EE' wpa_ie_len=0 rsn_ie_len=20 caps=0x411 level=-67 wps
02-28 17:51:02.184 D/wpa_supplicant(  659): wlan0:    skip - SSID mismatch
02-28 17:51:02.184 D/wpa_supplicant(  659): wlan0: 11: c0:a0:bb:20:3b:84 ssid='dlink-3B84' wpa_ie_len=26 rsn_ie_len=24 caps=0x411 level=-77 wps
02-28 17:51:02.184 D/wpa_supplicant(  659): wlan0:    skip - SSID mismatch
02-28 17:51:02.184 D/wpa_supplicant(  659): wlan0: 12: e4:d3:32:db:f6:03 ssid='adddda' wpa_ie_len=0 rsn_ie_len=20 caps=0x31 level=-74
02-28 17:51:02.184 D/wpa_supplicant(  659): wlan0:    skip - SSID mismatch
02-28 17:51:02.184 D/wpa_supplicant(  659): wlan0: 13: 14:d6:4d:28:ef:c8 ssid='dlink' wpa_ie_len=0 rsn_ie_len=20 caps=0x31 level=-79 wps
02-28 17:51:02.184 D/wpa_supplicant(  659): wlan0:    skip - SSID mismatch
02-28 17:51:02.184 D/wpa_supplicant(  659): wlan0: 14: e4:d3:32:36:2e:54 ssid='otc' wpa_ie_len=26 rsn_ie_len=24 caps=0x411 level=-82 wps
02-28 17:51:02.184 D/wpa_supplicant(  659): wlan0:    skip - SSID mismatch
02-28 17:51:02.184 D/wpa_supplicant(  659): wlan0: 15: 7a:24:af:24:0f:48 ssid='DIRECT-' wpa_ie_len=0 rsn_ie_len=0 caps=0x410 level=-41
02-28 17:51:02.184 D/wpa_supplicant(  659): wlan0:    skip - SSID mismatch
02-28 17:51:02.184 D/wpa_supplicant(  659): wlan0: 16: c0:c1:c0:76:81:3c ssid='E2000' wpa_ie_len=0 rsn_ie_len=0 caps=0x401 level=-62 wps
02-28 17:51:02.184 D/wpa_supplicant(  659): wlan0:    skip - SSID mismatch
02-28 17:51:02.184 D/wpa_supplicant(  659): wlan0: 17: 50:bd:5f:4b:29:92 ssid='Internet-2' wpa_ie_len=0 rsn_ie_len=0 caps=0x421 level=-66
02-28 17:51:02.184 D/wpa_supplicant(  659): wlan0:    skip - SSID mismatch
02-28 17:51:02.184 D/wpa_supplicant(  659): wlan0: Selecting BSS from priority group 17
02-28 17:51:02.184 D/wpa_supplicant(  659): wlan0: 0: 44:94:fc:3d:da:38 ssid='6300' wpa_ie_len=0 rsn_ie_len=20 caps=0x411 level=-48 wps
02-28 17:51:02.184 D/wpa_supplicant(  659): wlan0:    skip - SSID mismatch
02-28 17:51:02.184 D/wpa_supplicant(  659): wlan0: 1: c8:d7:19:60:62:f2 ssid='E3000-2.4G' wpa_ie_len=0 rsn_ie_len=20 caps=0x411 level=-49
02-28 17:51:02.184 D/wpa_supplicant(  659): wlan0:    skip - SSID mismatch
02-28 17:51:02.184 D/wpa_supplicant(  659): wlan0: 2: 6c:8b:2f:e8:38:24 ssid='ZTE_AP_6703' wpa_ie_len=0 rsn_ie_len=20 caps=0x511 level=-50
02-28 17:51:02.184 D/wpa_supplicant(  659): wlan0:    skip - SSID mismatch
02-28 17:51:02.184 D/wpa_supplicant(  659): wlan0: 3: f8:d1:11:e7:99:e8 ssid='videotest' wpa_ie_len=22 rsn_ie_len=20 caps=0x531 level=-51 wps
02-28 17:51:02.184 D/wpa_supplicant(  659): wlan0:    skip - SSID mismatch
02-28 17:51:02.184 D/wpa_supplicant(  659): wlan0: 4: cc:34:29:2b:26:4c ssid='cws-test' wpa_ie_len=0 rsn_ie_len=20 caps=0x431 level=-59 wps
02-28 17:51:02.184 D/wpa_supplicant(  659): wlan0:    skip - SSID mismatch
02-28 17:51:02.184 D/wpa_supplicant(  659): wlan0: 5: 10:c3:7b:d2:e5:e0 ssid='ASUS_RT-AC66U-2.4G' wpa_ie_len=0 rsn_ie_len=20 caps=0x411 level=-59 wps
02-28 17:51:02.184 D/wpa_supplicant(  659): wlan0:    skip - SSID mismatch
02-28 17:51:02.184 D/wpa_supplicant(  659): wlan0: 6: c4:17:fe:3f:4f:fb ssid='cmcm' wpa_ie_len=0 rsn_ie_len=20 caps=0x511 level=-60
02-28 17:51:02.184 D/wpa_supplicant(  659): wlan0:    skip - SSID mismatch
02-28 17:51:02.184 D/wpa_supplicant(  659): wlan0: 7: cc:34:29:2c:fb:ec ssid='linksys' wpa_ie_len=22 rsn_ie_len=20 caps=0x431 level=-64 wps
02-28 17:51:02.184 D/wpa_supplicant(  659): wlan0:    skip - SSID mismatch
02-28 17:51:02.184 D/wpa_supplicant(  659): wlan0: 8: b0:48:7a:51:ff:cc ssid='Neusoft TP' wpa_ie_len=22 rsn_ie_len=20 caps=0x431 level=-64
02-28 17:51:02.184 D/wpa_supplicant(  659): wlan0:    skip - SSID mismatch
02-28 17:51:02.184 D/wpa_supplicant(  659): wlan0: 9: c0:cb:38:7f:c9:09 ssid='360WiFi-7908' wpa_ie_len=0 rsn_ie_len=20 caps=0x511 level=-64
02-28 17:51:02.184 D/wpa_supplicant(  659): wlan0:    skip - SSID mismatch
02-28 17:51:02.184 D/wpa_supplicant(  659): wlan0: 10: 98:fc:11:81:35:fb ssid='E2000EE' wpa_ie_len=0 rsn_ie_len=20 caps=0x411 level=-67 wps
02-28 17:51:02.184 D/wpa_supplicant(  659): wlan0:    skip - SSID mismatch
02-28 17:51:02.184 D/wpa_supplicant(  659): wlan0: 11: c0:a0:bb:20:3b:84 ssid='dlink-3B84' wpa_ie_len=26 rsn_ie_len=24 caps=0x411 level=-77 wps
02-28 17:51:02.184 D/wpa_supplicant(  659): wlan0:    skip - SSID mismatch
02-28 17:51:02.184 D/wpa_supplicant(  659): wlan0: 12: e4:d3:32:db:f6:03 ssid='adddda' wpa_ie_len=0 rsn_ie_len=20 caps=0x31 level=-74
02-28 17:51:02.184 D/wpa_supplicant(  659): wlan0:    skip - SSID mismatch
02-28 17:51:02.184 D/wpa_supplicant(  659): wlan0: 13: 14:d6:4d:28:ef:c8 ssid='dlink' wpa_ie_len=0 rsn_ie_len=20 caps=0x31 level=-79 wps
02-28 17:51:02.194 D/wpa_supplicant(  659): wlan0:    skip - SSID mismatch
02-28 17:51:02.194 D/wpa_supplicant(  659): wlan0: 14: e4:d3:32:36:2e:54 ssid='otc' wpa_ie_len=26 rsn_ie_len=24 caps=0x411 level=-82 wps
02-28 17:51:02.194 D/wpa_supplicant(  659): wlan0:    skip - SSID mismatch
02-28 17:51:02.194 D/wpa_supplicant(  659): wlan0: 15: 7a:24:af:24:0f:48 ssid='DIRECT-' wpa_ie_len=0 rsn_ie_len=0 caps=0x410 level=-41
02-28 17:51:02.194 D/wpa_supplicant(  659): wlan0:    skip - SSID mismatch
02-28 17:51:02.194 D/wpa_supplicant(  659): wlan0: 16: c0:c1:c0:76:81:3c ssid='E2000' wpa_ie_len=0 rsn_ie_len=0 caps=0x401 level=-62 wps
02-28 17:51:02.194 D/wpa_supplicant(  659): wlan0:    skip - SSID mismatch
02-28 17:51:02.194 D/wpa_supplicant(  659): wlan0: 17: 50:bd:5f:4b:29:92 ssid='Internet-2' wpa_ie_len=0 rsn_ie_len=0 caps=0x421 level=-66
02-28 17:51:02.194 D/wpa_supplicant(  659): wlan0:    skip - SSID mismatch
02-28 17:51:02.194 D/wpa_supplicant(  659): wlan0: Selecting BSS from priority group 15
02-28 17:51:02.194 D/wpa_supplicant(  659): wlan0: 0: 44:94:fc:3d:da:38 ssid='6300' wpa_ie_len=0 rsn_ie_len=20 caps=0x411 level=-48 wps
02-28 17:51:02.194 D/wpa_supplicant(  659): wlan0:    skip - SSID mismatch
02-28 17:51:02.194 D/wpa_supplicant(  659): wlan0: 1: c8:d7:19:60:62:f2 ssid='E3000-2.4G' wpa_ie_len=0 rsn_ie_len=20 caps=0x411 level=-49
02-28 17:51:02.194 D/wpa_supplicant(  659): wlan0:    skip - SSID mismatch
02-28 17:51:02.194 D/wpa_supplicant(  659): wlan0: 2: 6c:8b:2f:e8:38:24 ssid='ZTE_AP_6703' wpa_ie_len=0 rsn_ie_len=20 caps=0x511 level=-50
02-28 17:51:02.194 D/wpa_supplicant(  659): wlan0:    skip - SSID mismatch
02-28 17:51:02.194 D/wpa_supplicant(  659): wlan0: 3: f8:d1:11:e7:99:e8 ssid='videotest' wpa_ie_len=22 rsn_ie_len=20 caps=0x531 level=-51 wps
02-28 17:51:02.194 D/wpa_supplicant(  659): wlan0:    skip - SSID mismatch
02-28 17:51:02.194 D/wpa_supplicant(  659): wlan0: 4: cc:34:29:2b:26:4c ssid='cws-test' wpa_ie_len=0 rsn_ie_len=20 caps=0x431 level=-59 wps
02-28 17:51:02.194 D/wpa_supplicant(  659): wlan0:    skip - SSID mismatch
02-28 17:51:02.194 D/wpa_supplicant(  659): wlan0: 5: 10:c3:7b:d2:e5:e0 ssid='ASUS_RT-AC66U-2.4G' wpa_ie_len=0 rsn_ie_len=20 caps=0x411 level=-59 wps
02-28 17:51:02.194 D/wpa_supplicant(  659): wlan0:    skip - SSID mismatch
02-28 17:51:02.194 D/wpa_supplicant(  659): wlan0: 6: c4:17:fe:3f:4f:fb ssid='cmcm' wpa_ie_len=0 rsn_ie_len=20 caps=0x511 level=-60
02-28 17:51:02.194 D/wpa_supplicant(  659): wlan0:    skip - SSID mismatch
02-28 17:51:02.194 D/wpa_supplicant(  659): wlan0: 7: cc:34:29:2c:fb:ec ssid='linksys' wpa_ie_len=22 rsn_ie_len=20 caps=0x431 level=-64 wps
02-28 17:51:02.194 D/wpa_supplicant(  659): wlan0:    skip - SSID mismatch
02-28 17:51:02.194 D/wpa_supplicant(  659): wlan0: 8: b0:48:7a:51:ff:cc ssid='Neusoft TP' wpa_ie_len=22 rsn_ie_len=20 caps=0x431 level=-64
02-28 17:51:02.194 D/wpa_supplicant(  659): wlan0:    skip - SSID mismatch
02-28 17:51:02.194 D/wpa_supplicant(  659): wlan0: 9: c0:cb:38:7f:c9:09 ssid='360WiFi-7908' wpa_ie_len=0 rsn_ie_len=20 caps=0x511 level=-64
02-28 17:51:02.194 D/wpa_supplicant(  659): wlan0:    skip - SSID mismatch
02-28 17:51:02.194 D/wpa_supplicant(  659): wlan0: 10: 98:fc:11:81:35:fb ssid='E2000EE' wpa_ie_len=0 rsn_ie_len=20 caps=0x411 level=-67 wps
02-28 17:51:02.194 D/wpa_supplicant(  659): wlan0:    skip - SSID mismatch
02-28 17:51:02.194 D/wpa_supplicant(  659): wlan0: 11: c0:a0:bb:20:3b:84 ssid='dlink-3B84' wpa_ie_len=26 rsn_ie_len=24 caps=0x411 level=-77 wps
02-28 17:51:02.194 D/wpa_supplicant(  659): wlan0:    skip - SSID mismatch
02-28 17:51:02.194 D/wpa_supplicant(  659): wlan0: 12: e4:d3:32:db:f6:03 ssid='adddda' wpa_ie_len=0 rsn_ie_len=20 caps=0x31 level=-74
02-28 17:51:02.194 D/wpa_supplicant(  659): wlan0:    skip - SSID mismatch
02-28 17:51:02.194 D/wpa_supplicant(  659): wlan0: 13: 14:d6:4d:28:ef:c8 ssid='dlink' wpa_ie_len=0 rsn_ie_len=20 caps=0x31 level=-79 wps
02-28 17:51:02.194 I/WifiHW  (  506): CMD: IFNAME=wlan0 BSS RANGE=0- MASK=0x21987
02-28 17:51:02.194 D/wpa_supplicant(  659): wlan0:    skip - SSID mismatch
02-28 17:51:02.194 D/wpa_supplicant(  659): wlan0: 14: e4:d3:32:36:2e:54 ssid='otc' wpa_ie_len=26 rsn_ie_len=24 caps=0x411 level=-82 wps
02-28 17:51:02.194 D/wpa_supplicant(  659): wlan0:    skip - SSID mismatch
02-28 17:51:02.194 D/wpa_supplicant(  659): wlan0: 15: 7a:24:af:24:0f:48 ssid='DIRECT-' wpa_ie_len=0 rsn_ie_len=0 caps=0x410 level=-41
02-28 17:51:02.194 D/wpa_supplicant(  659): wlan0:    skip - SSID mismatch
02-28 17:51:02.194 D/wpa_supplicant(  659): wlan0: 16: c0:c1:c0:76:81:3c ssid='E2000' wpa_ie_len=0 rsn_ie_len=0 caps=0x401 level=-62 wps
02-28 17:51:02.194 D/wpa_supplicant(  659): wlan0:    skip - SSID mismatch
02-28 17:51:02.194 D/wpa_supplicant(  659): wlan0: 17: 50:bd:5f:4b:29:92 ssid='Internet-2' wpa_ie_len=0 rsn_ie_len=0 caps=0x421 level=-66
02-28 17:51:02.194 D/wpa_supplicant(  659): wlan0:    skip - SSID mismatch
02-28 17:51:02.194 D/wpa_supplicant(  659): wlan0: Selecting BSS from priority group 4
02-28 17:51:02.194 D/wpa_supplicant(  659): wlan0: 0: 44:94:fc:3d:da:38 ssid='6300' wpa_ie_len=0 rsn_ie_len=20 caps=0x411 level=-48 wps
02-28 17:51:02.194 D/wpa_supplicant(  659): wlan0:    skip - disabled temporarily for 8 second(s)
02-28 17:51:02.194 D/wpa_supplicant(  659): wlan0: 1: c8:d7:19:60:62:f2 ssid='E3000-2.4G' wpa_ie_len=0 rsn_ie_len=20 caps=0x411 level=-49
02-28 17:51:02.194 D/wpa_supplicant(  659): wlan0:    skip - disabled temporarily for 8 second(s)
02-28 17:51:02.194 D/wpa_supplicant(  659): wlan0: 2: 6c:8b:2f:e8:38:24 ssid='ZTE_AP_6703' wpa_ie_len=0 rsn_ie_len=20 caps=0x511 level=-50
02-28 17:51:02.194 D/wpa_supplicant(  659): wlan0:    skip - disabled temporarily for 8 second(s)
02-28 17:51:02.194 D/wpa_supplicant(  659): wlan0: 3: f8:d1:11:e7:99:e8 ssid='videotest' wpa_ie_len=22 rsn_ie_len=20 caps=0x531 level=-51 wps
02-28 17:51:02.194 D/wpa_supplicant(  659): wlan0:    skip - disabled temporarily for 8 second(s)
02-28 17:51:02.194 D/wpa_supplicant(  659): wlan0: 4: cc:34:29:2b:26:4c ssid='cws-test' wpa_ie_len=0 rsn_ie_len=20 caps=0x431 level=-59 wps
02-28 17:51:02.194 D/wpa_supplicant(  659): wlan0:    skip - disabled temporarily for 8 second(s)
02-28 17:51:02.194 D/wpa_supplicant(  659): wlan0: 5: 10:c3:7b:d2:e5:e0 ssid='ASUS_RT-AC66U-2.4G' wpa_ie_len=0 rsn_ie_len=20 caps=0x411 level=-59 wps
02-28 17:51:02.194 D/wpa_supplicant(  659): wlan0:    skip - disabled temporarily for 8 second(s)
02-28 17:51:02.194 D/wpa_supplicant(  659): wlan0: 6: c4:17:fe:3f:4f:fb ssid='cmcm' wpa_ie_len=0 rsn_ie_len=20 caps=0x511 level=-60
02-28 17:51:02.194 D/wpa_supplicant(  659): wlan0:    skip - disabled temporarily for 8 second(s)
02-28 17:51:02.194 D/wpa_supplicant(  659): wlan0: 7: cc:34:29:2c:fb:ec ssid='linksys' wpa_ie_len=22 rsn_ie_len=20 caps=0x431 level=-64 wps
02-28 17:51:02.194 D/wpa_supplicant(  659): wlan0:    skip - disabled temporarily for 8 second(s)
02-28 17:51:02.194 D/wpa_supplicant(  659): wlan0: 8: b0:48:7a:51:ff:cc ssid='Neusoft TP' wpa_ie_len=22 rsn_ie_len=20 caps=0x431 level=-64
02-28 17:51:02.194 D/wpa_supplicant(  659): wlan0:    skip - disabled temporarily for 8 second(s)
02-28 17:51:02.194 D/wpa_supplicant(  659): wlan0: 9: c0:cb:38:7f:c9:09 ssid='360WiFi-7908' wpa_ie_len=0 rsn_ie_len=20 caps=0x511 level=-64
02-28 17:51:02.194 D/wpa_supplicant(  659): wlan0:    skip - disabled temporarily for 8 second(s)
02-28 17:51:02.194 D/wpa_supplicant(  659): wlan0: 10: 98:fc:11:81:35:fb ssid='E2000EE' wpa_ie_len=0 rsn_ie_len=20 caps=0x411 level=-67 wps
02-28 17:51:02.194 D/wpa_supplicant(  659): wlan0:    skip - disabled temporarily for 8 second(s)
02-28 17:51:02.194 D/wpa_supplicant(  659): wlan0: 11: c0:a0:bb:20:3b:84 ssid='dlink-3B84' wpa_ie_len=26 rsn_ie_len=24 caps=0x411 level=-77 wps
02-28 17:51:02.194 D/wpa_supplicant(  659): wlan0:    skip - disabled temporarily for 8 second(s)
02-28 17:51:02.194 D/wpa_supplicant(  659): wlan0: 12: e4:d3:32:db:f6:03 ssid='adddda' wpa_ie_len=0 rsn_ie_len=20 caps=0x31 level=-74
02-28 17:51:02.194 D/wpa_supplicant(  659): wlan0:    skip - disabled temporarily for 8 second(s)
02-28 17:51:02.194 D/wpa_supplicant(  659): wlan0: 13: 14:d6:4d:28:ef:c8 ssid='dlink' wpa_ie_len=0 rsn_ie_len=20 caps=0x31 level=-79 wps
02-28 17:51:02.194 D/wpa_supplicant(  659): wlan0:    skip - disabled temporarily for 8 second(s)
02-28 17:51:02.194 D/wpa_supplicant(  659): wlan0: 14: e4:d3:32:36:2e:54 ssid='otc' wpa_ie_len=26 rsn_ie_len=24 caps=0x411 level=-82 wps
02-28 17:51:02.194 D/wpa_supplicant(  659): wlan0:    skip - disabled temporarily for 8 second(s)
02-28 17:51:02.194 D/wpa_supplicant(  659): wlan0: 15: 7a:24:af:24:0f:48 ssid='DIRECT-' wpa_ie_len=0 rsn_ie_len=0 caps=0x410 level=-41
02-28 17:51:02.194 D/wpa_supplicant(  659): wlan0:    skip - disabled temporarily for 8 second(s)
02-28 17:51:02.194 D/wpa_supplicant(  659): wlan0: 16: c0:c1:c0:76:81:3c ssid='E2000' wpa_ie_len=0 rsn_ie_len=0 caps=0x401 level=-62 wps
02-28 17:51:02.194 D/wpa_supplicant(  659): wlan0:    skip - disabled temporarily for 8 second(s)
02-28 17:51:02.194 D/wpa_supplicant(  659): wlan0: 17: 50:bd:5f:4b:29:92 ssid='Internet-2' wpa_ie_len=0 rsn_ie_len=0 caps=0x421 level=-66
02-28 17:51:02.194 D/wpa_supplicant(  659): wlan0:    skip - disabled temporarily for 8 second(s)
02-28 17:51:02.194 D/wpa_supplicant(  659): wlan0: No APs found - clear blacklist and try again
02-28 17:51:02.194 D/wpa_supplicant(  659): Removed BSSID 6c:8b:2f:e8:38:24 from blacklist (clear)
02-28 17:51:02.194 D/wpa_supplicant(  659): wlan0: Selecting BSS from priority group 20
02-28 17:51:02.194 D/wpa_supplicant(  659): wlan0: 0: 44:94:fc:3d:da:38 ssid='6300' wpa_ie_len=0 rsn_ie_len=20 caps=0x411 level=-48 wps
02-28 17:51:02.194 D/wpa_supplicant(  659): wlan0:    skip - SSID mismatch
02-28 17:51:02.194 D/wpa_supplicant(  659): wlan0: 1: c8:d7:19:60:62:f2 ssid='E3000-2.4G' wpa_ie_len=0 rsn_ie_len=20 caps=0x411 level=-49
02-28 17:51:02.194 D/wpa_supplicant(  659): wlan0:    skip - SSID mismatch
02-28 17:51:02.194 D/wpa_supplicant(  659): wlan0: 2: 6c:8b:2f:e8:38:24 ssid='ZTE_AP_6703' wpa_ie_len=0 rsn_ie_len=20 caps=0x511 level=-50
02-28 17:51:02.194 D/wpa_supplicant(  659): wlan0:    skip - SSID mismatch
02-28 17:51:02.194 D/wpa_supplicant(  659): wlan0: 3: f8:d1:11:e7:99:e8 ssid='videotest' wpa_ie_len=22 rsn_ie_len=20 caps=0x531 level=-51 wps
02-28 17:51:02.194 D/wpa_supplicant(  659): wlan0:    skip - SSID mismatch
02-28 17:51:02.194 D/wpa_supplicant(  659): wlan0: 4: cc:34:29:2b:26:4c ssid='cws-test' wpa_ie_len=0 rsn_ie_len=20 caps=0x431 level=-59 wps
02-28 17:51:02.194 D/wpa_supplicant(  659): wlan0:    skip - SSID mismatch
02-28 17:51:02.194 D/wpa_supplicant(  659): wlan0: 5: 10:c3:7b:d2:e5:e0 ssid='ASUS_RT-AC66U-2.4G' wpa_ie_len=0 rsn_ie_len=20 caps=0x411 level=-59 wps
02-28 17:51:02.194 D/wpa_supplicant(  659): wlan0:    skip - SSID mismatch
02-28 17:51:02.194 D/wpa_supplicant(  659): wlan0: 6: c4:17:fe:3f:4f:fb ssid='cmcm' wpa_ie_len=0 rsn_ie_len=20 caps=0x511 level=-60
02-28 17:51:02.194 D/wpa_supplicant(  659): wlan0:    skip - SSID mismatch
02-28 17:51:02.194 D/wpa_supplicant(  659): wlan0: 7: cc:34:29:2c:fb:ec ssid='linksys' wpa_ie_len=22 rsn_ie_len=20 caps=0x431 level=-64 wps
02-28 17:51:02.194 D/wpa_supplicant(  659): wlan0:    skip - SSID mismatch
02-28 17:51:02.194 D/wpa_supplicant(  659): wlan0: 8: b0:48:7a:51:ff:cc ssid='Neusoft TP' wpa_ie_len=22 rsn_ie_len=20 caps=0x431 level=-64
02-28 17:51:02.194 D/wpa_supplicant(  659): wlan0:    skip - SSID mismatch
02-28 17:51:02.194 D/wpa_supplicant(  659): wlan0: 9: c0:cb:38:7f:c9:09 ssid='360WiFi-7908' wpa_ie_len=0 rsn_ie_len=20 caps=0x511 level=-64
02-28 17:51:02.194 D/wpa_supplicant(  659): wlan0:    skip - SSID mismatch
02-28 17:51:02.194 D/wpa_supplicant(  659): wlan0: 10: 98:fc:11:81:35:fb ssid='E2000EE' wpa_ie_len=0 rsn_ie_len=20 caps=0x411 level=-67 wps
02-28 17:51:02.194 D/wpa_supplicant(  659): wlan0:    skip - SSID mismatch
02-28 17:51:02.194 D/wpa_supplicant(  659): wlan0: 11: c0:a0:bb:20:3b:84 ssid='dlink-3B84' wpa_ie_len=26 rsn_ie_len=24 caps=0x411 level=-77 wps
02-28 17:51:02.194 D/wpa_supplicant(  659): wlan0:    skip - SSID mismatch
02-28 17:51:02.194 D/wpa_supplicant(  659): wlan0: 12: e4:d3:32:db:f6:03 ssid='adddda' wpa_ie_len=0 rsn_ie_len=20 caps=0x31 level=-74
02-28 17:51:02.194 D/wpa_supplicant(  659): wlan0:    skip - SSID mismatch
02-28 17:51:02.194 D/wpa_supplicant(  659): wlan0: 13: 14:d6:4d:28:ef:c8 ssid='dlink' wpa_ie_len=0 rsn_ie_len=20 caps=0x31 level=-79 wps
02-28 17:51:02.194 D/wpa_supplicant(  659): wlan0:    skip - SSID mismatch
02-28 17:51:02.194 D/wpa_supplicant(  659): wlan0: 14: e4:d3:32:36:2e:54 ssid='otc' wpa_ie_len=26 rsn_ie_len=24 caps=0x411 level=-82 wps
02-28 17:51:02.194 D/wpa_supplicant(  659): wlan0:    skip - SSID mismatch
02-28 17:51:02.194 D/wpa_supplicant(  659): wlan0: 15: 7a:24:af:24:0f:48 ssid='DIRECT-' wpa_ie_len=0 rsn_ie_len=0 caps=0x410 level=-41
02-28 17:51:02.194 D/wpa_supplicant(  659): wlan0:    skip - SSID mismatch
02-28 17:51:02.194 D/wpa_supplicant(  659): wlan0: 16: c0:c1:c0:76:81:3c ssid='E2000' wpa_ie_len=0 rsn_ie_len=0 caps=0x401 level=-62 wps
02-28 17:51:02.194 D/wpa_supplicant(  659): wlan0:    skip - SSID mismatch
02-28 17:51:02.194 D/wpa_supplicant(  659): wlan0: 17: 50:bd:5f:4b:29:92 ssid='Internet-2' wpa_ie_len=0 rsn_ie_len=0 caps=0x421 level=-66
02-28 17:51:02.194 D/wpa_supplicant(  659): wlan0:    skip - SSID mismatch
02-28 17:51:02.194 D/wpa_supplicant(  659): wlan0: Selecting BSS from priority group 19
02-28 17:51:02.194 D/wpa_supplicant(  659): wlan0: 0: 44:94:fc:3d:da:38 ssid='6300' wpa_ie_len=0 rsn_ie_len=20 caps=0x411 level=-48 wps
02-28 17:51:02.194 D/wpa_supplicant(  659): wlan0:    skip - SSID mismatch
02-28 17:51:02.194 D/wpa_supplicant(  659): wlan0: 1: c8:d7:19:60:62:f2 ssid='E3000-2.4G' wpa_ie_len=0 rsn_ie_len=20 caps=0x411 level=-49
02-28 17:51:02.194 D/wpa_supplicant(  659): wlan0:    skip - SSID mismatch
02-28 17:51:02.194 D/wpa_supplicant(  659): wlan0: 2: 6c:8b:2f:e8:38:24 ssid='ZTE_AP_6703' wpa_ie_len=0 rsn_ie_len=20 caps=0x511 level=-50
02-28 17:51:02.194 D/wpa_supplicant(  659): wlan0:    skip - SSID mismatch
02-28 17:51:02.194 D/wpa_supplicant(  659): wlan0: 3: f8:d1:11:e7:99:e8 ssid='videotest' wpa_ie_len=22 rsn_ie_len=20 caps=0x531 level=-51 wps
02-28 17:51:02.194 D/wpa_supplicant(  659): wlan0:    skip - SSID mismatch
02-28 17:51:02.194 D/wpa_supplicant(  659): wlan0: 4: cc:34:29:2b:26:4c ssid='cws-test' wpa_ie_len=0 rsn_ie_len=20 caps=0x431 level=-59 wps
02-28 17:51:02.194 D/wpa_supplicant(  659): wlan0:    skip - SSID mismatch
02-28 17:51:02.194 D/wpa_supplicant(  659): wlan0: 5: 10:c3:7b:d2:e5:e0 ssid='ASUS_RT-AC66U-2.4G' wpa_ie_len=0 rsn_ie_len=20 caps=0x411 level=-59 wps
02-28 17:51:02.194 D/wpa_supplicant(  659): wlan0:    skip - SSID mismatch
02-28 17:51:02.194 D/wpa_supplicant(  659): wlan0: 6: c4:17:fe:3f:4f:fb ssid='cmcm' wpa_ie_len=0 rsn_ie_len=20 caps=0x511 level=-60
02-28 17:51:02.194 D/wpa_supplicant(  659): wlan0:    skip - SSID mismatch
02-28 17:51:02.194 D/wpa_supplicant(  659): wlan0: 7: cc:34:29:2c:fb:ec ssid='linksys' wpa_ie_len=22 rsn_ie_len=20 caps=0x431 level=-64 wps
02-28 17:51:02.194 D/wpa_supplicant(  659): wlan0:    skip - SSID mismatch
02-28 17:51:02.194 D/wpa_supplicant(  659): wlan0: 8: b0:48:7a:51:ff:cc ssid='Neusoft TP' wpa_ie_len=22 rsn_ie_len=20 caps=0x431 level=-64
02-28 17:51:02.194 D/wpa_supplicant(  659): wlan0:    skip - SSID mismatch
02-28 17:51:02.194 D/wpa_supplicant(  659): wlan0: 9: c0:cb:38:7f:c9:09 ssid='360WiFi-7908' wpa_ie_len=0 rsn_ie_len=20 caps=0x511 level=-64
02-28 17:51:02.194 D/wpa_supplicant(  659): wlan0:    skip - SSID mismatch
02-28 17:51:02.194 D/wpa_supplicant(  659): wlan0: 10: 98:fc:11:81:35:fb ssid='E2000EE' wpa_ie_len=0 rsn_ie_len=20 caps=0x411 level=-67 wps
02-28 17:51:02.194 D/wpa_supplicant(  659): wlan0:    skip - SSID mismatch
02-28 17:51:02.194 D/wpa_supplicant(  659): wlan0: 11: c0:a0:bb:20:3b:84 ssid='dlink-3B84' wpa_ie_len=26 rsn_ie_len=24 caps=0x411 level=-77 wps
02-28 17:51:02.194 D/wpa_supplicant(  659): wlan0:    skip - SSID mismatch
02-28 17:51:02.194 D/wpa_supplicant(  659): wlan0: 12: e4:d3:32:db:f6:03 ssid='adddda' wpa_ie_len=0 rsn_ie_len=20 caps=0x31 level=-74
02-28 17:51:02.194 D/wpa_supplicant(  659): wlan0:    skip - SSID mismatch
02-28 17:51:02.194 D/wpa_supplicant(  659): wlan0: 13: 14:d6:4d:28:ef:c8 ssid='dlink' wpa_ie_len=0 rsn_ie_len=20 caps=0x31 level=-79 wps
02-28 17:51:02.194 D/wpa_supplicant(  659): wlan0:    skip - SSID mismatch
02-28 17:51:02.194 D/wpa_supplicant(  659): wlan0: 14: e4:d3:32:36:2e:54 ssid='otc' wpa_ie_len=26 rsn_ie_len=24 caps=0x411 level=-82 wps
02-28 17:51:02.194 D/wpa_supplicant(  659): wlan0:    skip - SSID mismatch
02-28 17:51:02.194 D/wpa_supplicant(  659): wlan0: 15: 7a:24:af:24:0f:48 ssid='DIRECT-' wpa_ie_len=0 rsn_ie_len=0 caps=0x410 level=-41
02-28 17:51:02.194 D/wpa_supplicant(  659): wlan0:    skip - SSID mismatch
02-28 17:51:02.194 D/wpa_supplicant(  659): wlan0: 16: c0:c1:c0:76:81:3c ssid='E2000' wpa_ie_len=0 rsn_ie_len=0 caps=0x401 level=-62 wps
02-28 17:51:02.194 D/wpa_supplicant(  659): wlan0:    skip - SSID mismatch
02-28 17:51:02.194 D/wpa_supplicant(  659): wlan0: 17: 50:bd:5f:4b:29:92 ssid='Internet-2' wpa_ie_len=0 rsn_ie_len=0 caps=0x421 level=-66
02-28 17:51:02.194 D/wpa_supplicant(  659): wlan0:    skip - SSID mismatch
02-28 17:51:02.194 D/wpa_supplicant(  659): wlan0: Selecting BSS from priority group 18
02-28 17:51:02.194 D/wpa_supplicant(  659): wlan0: 0: 44:94:fc:3d:da:38 ssid='6300' wpa_ie_len=0 rsn_ie_len=20 caps=0x411 level=-48 wps
02-28 17:51:02.194 D/wpa_supplicant(  659): wlan0:    skip - SSID mismatch
02-28 17:51:02.194 D/wpa_supplicant(  659): wlan0: 1: c8:d7:19:60:62:f2 ssid='E3000-2.4G' wpa_ie_len=0 rsn_ie_len=20 caps=0x411 level=-49
02-28 17:51:02.194 D/wpa_supplicant(  659): wlan0:    skip - SSID mismatch
02-28 17:51:02.194 D/wpa_supplicant(  659): wlan0: 2: 6c:8b:2f:e8:38:24 ssid='ZTE_AP_6703' wpa_ie_len=0 rsn_ie_len=20 caps=0x511 level=-50
02-28 17:51:02.194 D/wpa_supplicant(  659): wlan0:    skip - SSID mismatch
02-28 17:51:02.194 D/wpa_supplicant(  659): wlan0: 3: f8:d1:11:e7:99:e8 ssid='videotest' wpa_ie_len=22 rsn_ie_len=20 caps=0x531 level=-51 wps
02-28 17:51:02.194 D/wpa_supplicant(  659): wlan0:    skip - SSID mismatch
02-28 17:51:02.194 D/wpa_supplicant(  659): wlan0: 4: cc:34:29:2b:26:4c ssid='cws-test' wpa_ie_len=0 rsn_ie_len=20 caps=0x431 level=-59 wps
02-28 17:51:02.194 D/wpa_supplicant(  659): wlan0:    skip - SSID mismatch
02-28 17:51:02.194 D/wpa_supplicant(  659): wlan0: 5: 10:c3:7b:d2:e5:e0 ssid='ASUS_RT-AC66U-2.4G' wpa_ie_len=0 rsn_ie_len=20 caps=0x411 level=-59 wps
02-28 17:51:02.194 D/wpa_supplicant(  659): wlan0:    skip - SSID mismatch
02-28 17:51:02.194 D/wpa_supplicant(  659): wlan0: 6: c4:17:fe:3f:4f:fb ssid='cmcm' wpa_ie_len=0 rsn_ie_len=20 caps=0x511 level=-60
02-28 17:51:02.194 D/wpa_supplicant(  659): wlan0:    skip - SSID mismatch
02-28 17:51:02.194 D/wpa_supplicant(  659): wlan0: 7: cc:34:29:2c:fb:ec ssid='linksys' wpa_ie_len=22 rsn_ie_len=20 caps=0x431 level=-64 wps
02-28 17:51:02.194 D/wpa_supplicant(  659): wlan0:    skip - SSID mismatch
02-28 17:51:02.194 D/wpa_supplicant(  659): wlan0: 8: b0:48:7a:51:ff:cc ssid='Neusoft TP' wpa_ie_len=22 rsn_ie_len=20 caps=0x431 level=-64
02-28 17:51:02.194 D/wpa_supplicant(  659): wlan0:    skip - SSID mismatch
02-28 17:51:02.194 D/wpa_supplicant(  659): wlan0: 9: c0:cb:38:7f:c9:09 ssid='360WiFi-7908' wpa_ie_len=0 rsn_ie_len=20 caps=0x511 level=-64
02-28 17:51:02.194 D/wpa_supplicant(  659): wlan0:    skip - SSID mismatch
02-28 17:51:02.194 D/wpa_supplicant(  659): wlan0: 10: 98:fc:11:81:35:fb ssid='E2000EE' wpa_ie_len=0 rsn_ie_len=20 caps=0x411 level=-67 wps
02-28 17:51:02.194 D/wpa_supplicant(  659): wlan0:    skip - SSID mismatch
02-28 17:51:02.194 D/wpa_supplicant(  659): wlan0: 11: c0:a0:bb:20:3b:84 ssid='dlink-3B84' wpa_ie_len=26 rsn_ie_len=24 caps=0x411 level=-77 wps
02-28 17:51:02.194 D/wpa_supplicant(  659): wlan0:    skip - SSID mismatch
02-28 17:51:02.194 D/wpa_supplicant(  659): wlan0: 12: e4:d3:32:db:f6:03 ssid='adddda' wpa_ie_len=0 rsn_ie_len=20 caps=0x31 level=-74
02-28 17:51:02.194 D/wpa_supplicant(  659): wlan0:    skip - SSID mismatch
02-28 17:51:02.194 D/wpa_supplicant(  659): wlan0: 13: 14:d6:4d:28:ef:c8 ssid='dlink' wpa_ie_len=0 rsn_ie_len=20 caps=0x31 level=-79 wps
02-28 17:51:02.194 D/wpa_supplicant(  659): wlan0:    skip - SSID mismatch
02-28 17:51:02.194 D/wpa_supplicant(  659): wlan0: 14: e4:d3:32:36:2e:54 ssid='otc' wpa_ie_len=26 rsn_ie_len=24 caps=0x411 level=-82 wps
02-28 17:51:02.194 D/wpa_supplicant(  659): wlan0:    skip - SSID mismatch
02-28 17:51:02.194 D/wpa_supplicant(  659): wlan0: 15: 7a:24:af:24:0f:48 ssid='DIRECT-' wpa_ie_len=0 rsn_ie_len=0 caps=0x410 level=-41
02-28 17:51:02.194 D/wpa_supplicant(  659): wlan0:    skip - SSID mismatch
02-28 17:51:02.194 D/wpa_supplicant(  659): wlan0: 16: c0:c1:c0:76:81:3c ssid='E2000' wpa_ie_len=0 rsn_ie_len=0 caps=0x401 level=-62 wps
02-28 17:51:02.194 D/wpa_supplicant(  659): wlan0:    skip - SSID mismatch
02-28 17:51:02.194 D/wpa_supplicant(  659): wlan0: 17: 50:bd:5f:4b:29:92 ssid='Internet-2' wpa_ie_len=0 rsn_ie_len=0 caps=0x421 level=-66
02-28 17:51:02.194 D/wpa_supplicant(  659): wlan0:    skip - SSID mismatch
02-28 17:51:02.194 D/wpa_supplicant(  659): wlan0: Selecting BSS from priority group 17
02-28 17:51:02.194 D/wpa_supplicant(  659): wlan0: 0: 44:94:fc:3d:da:38 ssid='6300' wpa_ie_len=0 rsn_ie_len=20 caps=0x411 level=-48 wps
02-28 17:51:02.194 D/wpa_supplicant(  659): wlan0:    skip - SSID mismatch
02-28 17:51:02.194 D/wpa_supplicant(  659): wlan0: 1: c8:d7:19:60:62:f2 ssid='E3000-2.4G' wpa_ie_len=0 rsn_ie_len=20 caps=0x411 level=-49
02-28 17:51:02.194 D/wpa_supplicant(  659): wlan0:    skip - SSID mismatch
02-28 17:51:02.194 D/wpa_supplicant(  659): wlan0: 2: 6c:8b:2f:e8:38:24 ssid='ZTE_AP_6703' wpa_ie_len=0 rsn_ie_len=20 caps=0x511 level=-50
02-28 17:51:02.194 D/wpa_supplicant(  659): wlan0:    skip - SSID mismatch
02-28 17:51:02.194 D/wpa_supplicant(  659): wlan0: 3: f8:d1:11:e7:99:e8 ssid='videotest' wpa_ie_len=22 rsn_ie_len=20 caps=0x531 level=-51 wps
02-28 17:51:02.194 D/wpa_supplicant(  659): wlan0:    skip - SSID mismatch
02-28 17:51:02.194 D/wpa_supplicant(  659): wlan0: 4: cc:34:29:2b:26:4c ssid='cws-test' wpa_ie_len=0 rsn_ie_len=20 caps=0x431 level=-59 wps
02-28 17:51:02.194 D/wpa_supplicant(  659): wlan0:    skip - SSID mismatch
02-28 17:51:02.194 D/wpa_supplicant(  659): wlan0: 5: 10:c3:7b:d2:e5:e0 ssid='ASUS_RT-AC66U-2.4G' wpa_ie_len=0 rsn_ie_len=20 caps=0x411 level=-59 wps
02-28 17:51:02.194 D/wpa_supplicant(  659): wlan0:    skip - SSID mismatch
02-28 17:51:02.194 D/wpa_supplicant(  659): wlan0: 6: c4:17:fe:3f:4f:fb ssid='cmcm' wpa_ie_len=0 rsn_ie_len=20 caps=0x511 level=-60
02-28 17:51:02.194 D/wpa_supplicant(  659): wlan0:    skip - SSID mismatch
02-28 17:51:02.194 D/wpa_supplicant(  659): wlan0: 7: cc:34:29:2c:fb:ec ssid='linksys' wpa_ie_len=22 rsn_ie_len=20 caps=0x431 level=-64 wps
02-28 17:51:02.194 D/wpa_supplicant(  659): wlan0:    skip - SSID mismatch
02-28 17:51:02.194 D/wpa_supplicant(  659): wlan0: 8: b0:48:7a:51:ff:cc ssid='Neusoft TP' wpa_ie_len=22 rsn_ie_len=20 caps=0x431 level=-64
02-28 17:51:02.194 D/wpa_supplicant(  659): wlan0:    skip - SSID mismatch
02-28 17:51:02.194 D/wpa_supplicant(  659): wlan0: 9: c0:cb:38:7f:c9:09 ssid='360WiFi-7908' wpa_ie_len=0 rsn_ie_len=20 caps=0x511 level=-64
02-28 17:51:02.194 D/wpa_supplicant(  659): wlan0:    skip - 