02-28 17:50:29.044 D/dalvikvm( 1207): Compiler shutdown in progress - discarding request
02-28 17:50:29.044 D/dalvikvm( 1207): Compiler shutdown in progress - discarding request
02-28 17:50:29.044 D/dalvikvm( 1207): Compiler shutdown in progress - discarding request
02-28 17:50:29.044 D/dalvikvm( 1207): Compiler shutdown in progress - discarding request
02-28 17:50:29.044 D/dalvikvm( 1207): Compiler shutdown in progress - discarding request
02-28 17:50:29.044 D/dalvikvm( 1207): Compiler shutdown in progress - discarding request
02-28 17:50:29.044 D/dalvikvm( 1207): Compiler shutdown in progress - discarding request
02-28 17:50:29.044 D/dalvikvm( 1207): Compiler shutdown in progress - discarding request
02-28 17:50:29.044 D/dalvikvm( 1207): Compiler shutdown in progress - discarding request
02-28 17:50:29.044 D/dalvikvm( 1207): Compiler shutdown in progress - discarding request
02-28 17:50:29.044 D/dalvikvm( 1207): Compiler shutdown in progress - discarding request
02-28 17:50:29.044 D/dalvikvm( 1207): Compiler shutdown in progress - discarding request
02-28 17:50:29.044 D/dalvikvm( 1207): Compiler shutdown in progress - discarding request
02-28 17:50:29.044 D/dalvikvm( 1207): Compiler shutdown in progress - discarding request
02-28 17:50:29.044 D/dalvikvm( 1207): Compiler shutdown in progress - discarding request
02-28 17:50:29.044 D/dalvikvm( 1207): Compiler shutdown in progress - discarding request
02-28 17:50:29.044 D/dalvikvm( 1207): Compiler shutdown in progress - discarding request
02-28 17:50:29.044 D/dalvikvm( 1207): Compiler shutdown in progress - discarding request
02-28 17:50:29.044 D/dalvikvm( 1207): Compiler shutdown in progress - discarding request
02-28 17:50:29.044 D/dalvikvm( 1207): Compiler shutdown in progress - discarding request
02-28 17:50:29.044 D/dalvikvm( 1207): Compiler shutdown in progress - discarding request
02-28 17:50:29.044 D/dalvikvm( 1207): Compiler shutdown in progress - discarding request
02-28 17:50:29.044 D/dalvikvm( 1207): Compiler shutdown in progress - discarding request
02-28 17:50:29.044 D/dalvikvm( 1207): Compiler shutdown in progress - discarding request
02-28 17:50:29.044 D/dalvikvm( 1207): Compiler shutdown in progress - discarding request
02-28 17:50:29.044 D/dalvikvm( 1207): Compiler shutdown in progress - discarding request
02-28 17:50:29.044 D/dalvikvm( 1207): Compiler shutdown in progress - discarding request
02-28 17:50:29.044 D/dalvikvm( 1207): Compiler shutdown in progress - discarding request
02-28 17:50:29.044 D/dalvikvm( 1207): Compiler shutdown in progress - discarding request
02-28 17:50:29.044 D/dalvikvm( 1207): Compiler shutdown in progress - discarding request
02-28 17:50:29.044 D/dalvikvm( 1207): Compiler shutdown in progress - discarding request
02-28 17:50:29.044 D/dalvikvm( 1207): Compiler shutdown in progress - discarding request
02-28 17:50:29.044 D/dalvikvm( 1207): Compiler shutdown in progress - discarding request
02-28 17:50:29.044 D/dalvikvm( 1207): Compiler shutdown in progress - discarding request
02-28 17:50:29.044 D/dalvikvm( 1207): Compiler shutdown in progress - discarding request
02-28 17:50:29.044 D/dalvikvm( 1207): Compiler shutdown in progress - discarding request
02-28 17:50:29.044 D/dalvikvm( 1207): Compiler shutdown in progress - discarding request
02-28 17:50:29.044 D/dalvikvm( 1207): Compiler shutdown in progress - discarding request
02-28 17:50:29.044 D/dalvikvm( 1207): Compiler shutdown in progress - discarding request
02-28 17:50:29.054 D/dalvikvm( 1218): Process 1218 nice name: org.xwalk.webapi_service_tests
02-28 17:50:29.054 D/dalvikvm( 1218): Extra Options: not specified
02-28 17:50:29.054 I/ActivityManager(  506): Start proc org.xwalk.webapi_service_tests for activity org.xwalk.webapi_service_tests/.WebapiServiceTestsActivity: pid=1218 uid=10350 gids={50350, 3003, 1028, 1015}
02-28 17:50:29.064 D/dalvikvm(  173): GC_EXPLICIT freed 46K, 2% free 5801K/5892K, paused 0ms+1ms, total 14ms
02-28 17:50:29.064 D/WindowManager(  506): adjustConfigurationLw, config:{1.0 ?mcc?mnc ?locale ?layoutDir sw600dp w600dp h888dp 213dpi lrg port ?uimode ?night finger -keyb/v/h -nav/v} mLidState:1 mHasDockFeature:false mHasKeyboardFeature:false mHasHallSensorFeature:true config.hardKeyboardHidden:2
02-28 17:50:29.064 I/ActivityManager(  506): [TopPkgCurBat]	NowPkgName[org.xwalk.webapi_service_tests]	Battery[95]	TimeTick[1425117029078]	OldPkgName[com.asus.launcher]
02-28 17:50:29.074 D/dalvikvm(  173): GC_EXPLICIT freed <1K, 2% free 5801K/5892K, paused 0ms+1ms, total 12ms
02-28 17:50:29.084 D/        (13282): Surface destroy: ANDROID_NATIVE_WINDOW_MAGIC
02-28 17:50:29.094 D/dalvikvm(  173): GC_EXPLICIT freed <1K, 2% free 5801K/5892K, paused 0ms+1ms, total 13ms
02-28 17:50:29.094 D/dalvikvm( 1218): Trying to load lib /data/app-lib/org.xwalk.webapi_service_tests-1/libxwalkcore.so 0x43d888e0
02-28 17:50:29.104 D/dalvikvm( 1218): Added shared lib /data/app-lib/org.xwalk.webapi_service_tests-1/libxwalkcore.so 0x43d888e0
02-28 17:50:29.104 I/LibraryLoader( 1218): Time to load native libraries: 12 ms (timestamps 897-909)
02-28 17:50:29.104 I/LibraryLoader( 1218): Expected native library version number "",actual native library version number ""
02-28 17:50:29.124 I/LibraryLoader( 1218): Expected native library version number "",actual native library version number ""
02-28 17:50:29.124 I/chromium( 1218): [INFO:library_loader_hooks.cc(112)] Chromium logging enabled: level = 0, default verbosity = 0
02-28 17:50:29.134 I/BrowserStartupController( 1218): Initializing chromium process, singleProcess=true
02-28 17:50:29.194 W/AudioManagerAndroid( 1218): Requires BLUETOOTH permission
02-28 17:50:29.194 I/ufoGralloc( 1218): Hello, this is UFO GRALLOC/Intel Corporation
02-28 17:50:29.204 D/        ( 1218): Pixel Format : GGL_PIXEL_FORMAT_RGBA_8888
02-28 17:50:29.204 D/        ( 1218): droid_create_context : config id = 1 conf->NativeVisualID=1
02-28 17:50:29.204 D/        ( 1218): Pixel Format : GGL_PIXEL_FORMAT_RGBA_8888
02-28 17:50:29.204 I/        ( 1218): Requested context : GLES 2.0
02-28 17:50:29.234 W/chromium( 1218): [WARNING:proxy_service.cc(899)] PAC support disabled because there is no system implementation
02-28 17:50:29.234 W/dalvikvm( 1218): VFY: unable to find class referenced in signature (Landroid/view/inputmethod/CursorAnchorInfo;)
02-28 17:50:29.234 I/dalvikvm( 1218): Could not find method android.view.inputmethod.InputMethodManager.updateCursorAnchorInfo, referenced from method org.chromium.content.browser.input.InputMethodManagerWrapper.updateCursorAnchorInfo
02-28 17:50:29.234 W/dalvikvm( 1218): VFY: unable to resolve virtual method 1241: Landroid/view/inputmethod/InputMethodManager;.updateCursorAnchorInfo (Landroid/view/View;Landroid/view/inputmethod/CursorAnchorInfo;)V
02-28 17:50:29.234 D/dalvikvm( 1218): VFY: replacing opcode 0x6e at 0x000a
02-28 17:50:29.284 E/cutils  (  164): Failed to mkdirat(/Removable/MicroSD): Read-only file system
02-28 17:50:29.284 W/ContextImpl( 1218): Failed to ensure directory: /Removable/MicroSD/Android/data/org.xwalk.webapi_service_tests/cache
02-28 17:50:29.284 W/XWalkExtensionManager( 1218): Failed to read extensions-config.json
02-28 17:50:29.284 I/dalvikvm( 1218): Could not find method android.app.Activity.finishAndRemoveTask, referenced from method org.chromium.base.ApiCompatibilityUtils.finishAndRemoveTask
02-28 17:50:29.284 W/dalvikvm( 1218): VFY: unable to resolve virtual method 4: Landroid/app/Activity;.finishAndRemoveTask ()V
02-28 17:50:29.284 D/dalvikvm( 1218): VFY: replacing opcode 0x6e at 0x0006
02-28 17:50:29.284 E/chromium( 1218): [ERROR:unix_domain_server_socket_posix.cc(106)] Not implemented reached in virtual int net::UnixDomainServerSocket::GetLocalAddress(net::IPEndPoint*) const
02-28 17:50:29.284 I/dalvikvm( 1218): Could not find method android.os.PowerManager.isInteractive, referenced from method org.chromium.base.ApiCompatibilityUtils.isInteractive
02-28 17:50:29.284 W/dalvikvm( 1218): VFY: unable to resolve virtual method 768: Landroid/os/PowerManager;.isInteractive ()Z
02-28 17:50:29.284 D/dalvikvm( 1218): VFY: replacing opcode 0x6e at 0x000e
02-28 17:50:29.284 I/dalvikvm( 1218): Could not find method android.view.Window.getNavigationBarColor, referenced from method org.chromium.base.ApiCompatibilityUtils.setStatusBarColor
02-28 17:50:29.284 W/dalvikvm( 1218): VFY: unable to resolve virtual method 1144: Landroid/view/Window;.getNavigationBarColor ()I
02-28 17:50:29.284 D/dalvikvm( 1218): VFY: replacing opcode 0x6e at 0x0010
02-28 17:50:29.284 I/dalvikvm( 1218): Could not find method android.view.Window.setStatusBarColor, referenced from method org.chromium.base.ApiCompatibilityUtils.setStatusBarColor
02-28 17:50:29.284 W/dalvikvm( 1218): VFY: unable to resolve virtual method 1149: Landroid/view/Window;.setStatusBarColor (I)V
02-28 17:50:29.284 D/dalvikvm( 1218): VFY: replacing opcode 0x6e at 0x0019
02-28 17:50:29.284 E/dalvikvm( 1218): Could not find class 'android.app.ActivityManager$TaskDescription', referenced from method org.chromium.base.ApiCompatibilityUtils.setTaskDescription
02-28 17:50:29.284 W/dalvikvm( 1218): VFY: unable to resolve new-instance 11 (Landroid/app/ActivityManager$TaskDescription;) in Lorg/chromium/base/ApiCompatibilityUtils;
02-28 17:50:29.284 D/dalvikvm( 1218): VFY: replacing opcode 0x22 at 0x0006
02-28 17:50:29.284 D/dalvikvm( 1218): DexOpt: unable to opt direct call 0x001e at 0x08 in Lorg/chromium/base/ApiCompatibilityUtils;.setTaskDescription
02-28 17:50:29.284 W/Vold    (  164): Returning OperationFailed - no handler for errno 30
02-28 17:50:29.294 I/chromium( 1218): [INFO:xwalk_extension_renderer_controller.cc(47)] EXTENSION PROCESS DISABLED.
02-28 17:50:29.334 D/        ( 1218): droid_create_context : config id = 5 conf->NativeVisualID=1
02-28 17:50:29.334 D/        ( 1218): Pixel Format : GGL_PIXEL_FORMAT_RGBA_8888
02-28 17:50:29.334 I/        ( 1218): Requested context : GLES 2.0
02-28 17:50:29.344 D/        ( 1218): Pixel Format : GGL_PIXEL_FORMAT_RGBA_8888
02-28 17:50:29.344 D/OpenGLRenderer( 1218): Enabling debug mode 0
02-28 17:50:29.344 D/        ( 1218): Pixel Format : GGL_PIXEL_FORMAT_RGBA_8888
02-28 17:50:29.344 D/        ( 1218): droid_create_context : config id = 1 conf->NativeVisualID=1
02-28 17:50:29.344 D/        ( 1218): Pixel Format : GGL_PIXEL_FORMAT_RGBA_8888
02-28 17:50:29.344 I/        ( 1218): Requested context : GLES 2.0
02-28 17:50:29.424 D/ImageWallpaper(  570): onVisibilityChanged: mVisible, visible=true, false
02-28 17:50:29.424 D/ImageWallpaper(  570): Visibility changed to visible=false
02-28 17:50:29.424 D/ImageWallpaper(  570): Suppressed drawFrame since redraw is not needed and offsets have not changed.
02-28 17:50:29.494 W/BindingManager( 1218): Cannot call determinedVisibility() - never saw a connection for the pid: 1218
02-28 17:50:29.494 I/ActivityManager(  506): Displayed org.xwalk.webapi_service_tests/.WebapiServiceTestsActivity: +457ms
02-28 17:50:29.494 D/XT9IME  (13333): new subtype :zh_CN ,pinyin
02-28 17:50:29.494 D/        ( 1218): Pixel Format : GGL_PIXEL_FORMAT_RGBA_8888
02-28 17:50:29.494 D/        ( 1218): droid_create_context : config id = 1 conf->NativeVisualID=1
02-28 17:50:29.494 D/        ( 1218): Pixel Format : GGL_PIXEL_FORMAT_RGBA_8888
02-28 17:50:29.494 I/        ( 1218): Requested context : GLES 2.0
02-28 17:50:29.504 D/        ( 1218): Swap interval set to = 1 value
02-28 17:50:29.524 D/BatteryStatsImpl(  506): noteStopWakeLocked system isFromForeground = false
02-28 17:50:29.694 I/chromium( 1218): [INFO:CONSOLE(0)] "Synchronous XMLHttpRequest on the main thread is deprecated because of its detrimental effects to the end user's experience. For more help, check http://xhr.spec.whatwg.org/.", source:  (0)
02-28 17:50:29.744 D/        ( 1218): Pixel Format : GGL_PIXEL_FORMAT_RGBA_8888
02-28 17:50:29.744 D/        ( 1218): droid_create_context : config id = 1 conf->NativeVisualID=1
02-28 17:50:29.744 D/        ( 1218): Pixel Format : GGL_PIXEL_FORMAT_RGBA_8888
02-28 17:50:29.744 I/        ( 1218): Requested context : GLES 2.0
02-28 17:50:30.934 D/        ( 1218): droid_create_context : config id = 1 conf->NativeVisualID=1
02-28 17:50:30.934 D/        ( 1218): Pixel Format : GGL_PIXEL_FORMAT_RGBA_8888
02-28 17:50:30.934 I/        ( 1218): Requested context : GLES 2.0
02-28 17:50:31.194 D/        ( 1218): droid_create_context : config id = 1 conf->NativeVisualID=1
02-28 17:50:31.194 D/        ( 1218): Pixel Format : GGL_PIXEL_FORMAT_RGBA_8888
02-28 17:50:31.194 I/        ( 1218): Requested context : GLES 2.0
02-28 17:50:31.414 D/        ( 1218): droid_create_context : config id = 1 conf->NativeVisualID=1
02-28 17:50:31.414 D/        ( 1218): Pixel Format : GGL_PIXEL_FORMAT_RGBA_8888
02-28 17:50:31.414 I/        ( 1218): Requested context : GLES 2.0
02-28 17:50:31.584 D/        ( 1218): droid_create_context : config id = 1 conf->NativeVisualID=1
02-28 17:50:31.584 D/        ( 1218): Pixel Format : GGL_PIXEL_FORMAT_RGBA_8888
02-28 17:50:31.584 I/        ( 1218): Requested context : GLES 2.0
02-28 17:50:31.744 D/        ( 1218): droid_create_context : config id = 1 conf->NativeVisualID=1
02-28 17:50:31.744 D/        ( 1218): Pixel Format : GGL_PIXEL_FORMAT_RGBA_8888
02-28 17:50:31.744 I/        ( 1218): Requested context : GLES 2.0
02-28 17:50:31.914 D/        ( 1218): droid_create_context : config id = 1 conf->NativeVisualID=1
02-28 17:50:31.914 D/        ( 1218): Pixel Format : GGL_PIXEL_FORMAT_RGBA_8888
02-28 17:50:31.914 I/        ( 1218): Requested context : GLES 2.0
02-28 17:50:32.014 D/BatteryStatsImpl(  506): noteStopWakeLocked system isFromForeground = false
02-28 17:50:32.074 D/        ( 1218): droid_create_context : config id = 1 conf->NativeVisualID=1
02-28 17:50:32.074 D/        ( 1218): Pixel Format : GGL_PIXEL_FORMAT_RGBA_8888
02-28 17:50:32.074 I/        ( 1218): Requested context : GLES 2.0
02-28 17:50:32.234 D/        ( 1218): droid_create_context : config id = 1 conf->NativeVisualID=1
02-28 17:50:32.234 D/        ( 1218): Pixel Format : GGL_PIXEL_FORMAT_RGBA_8888
02-28 17:50:32.234 I/        ( 1218): Requested context : GLES 2.0
02-28 17:50:32.304 D/EVENT_THREAD(  187): void CEventThread::run() POLLIN event on Fd (1)
02-28 17:50:32.304 D/EVENT_THREAD(  187): void CEventThread::run() Do poll with timeout: -1
02-28 17:50:32.394 D/        ( 1218): droid_create_context : config id = 1 conf->NativeVisualID=1
02-28 17:50:32.394 D/        ( 1218): Pixel Format : GGL_PIXEL_FORMAT_RGBA_8888
02-28 17:50:32.394 I/        ( 1218): Requested context : GLES 2.0
02-28 17:50:32.554 D/        ( 1218): droid_create_context : config id = 1 conf->NativeVisualID=1
02-28 17:50:32.554 D/        ( 1218): Pixel Format : GGL_PIXEL_FORMAT_RGBA_8888
02-28 17:50:32.554 I/        ( 1218): Requested context : GLES 2.0
02-28 17:50:32.724 D/        ( 1218): droid_create_context : config id = 1 conf->NativeVisualID=1
02-28 17:50:32.724 D/        ( 1218): Pixel Format : GGL_PIXEL_FORMAT_RGBA_8888
02-28 17:50:32.724 I/        ( 1218): Requested context : GLES 2.0
02-28 17:50:32.894 D/        ( 1218): droid_create_context : config id = 1 conf->NativeVisualID=1
02-28 17:50:32.894 D/        ( 1218): Pixel Format : GGL_PIXEL_FORMAT_RGBA_8888
02-28 17:50:32.894 I/        ( 1218): Requested context : GLES 2.0
02-28 17:50:33.074 D/        ( 1218): droid_create_context : config id = 1 conf->NativeVisualID=1
02-28 17:50:33.074 D/        ( 1218): Pixel Format : GGL_PIXEL_FORMAT_RGBA_8888
02-28 17:50:33.074 I/        ( 1218): Requested context : GLES 2.0
02-28 17:50:33.284 D/        ( 1218): droid_create_context : config id = 1 conf->NativeVisualID=1
02-28 17:50:33.284 D/        ( 1218): Pixel Format : GGL_PIXEL_FORMAT_RGBA_8888
02-28 17:50:33.284 I/        ( 1218): Requested context : GLES 2.0
02-28 17:50:33.684 D/        ( 1218): droid_create_context : config id = 1 conf->NativeVisualID=1
02-28 17:50:33.684 D/        ( 1218): Pixel Format : GGL_PIXEL_FORMAT_RGBA_8888
02-28 17:50:33.684 I/        ( 1218): Requested context : GLES 2.0
02-28 17:50:33.834 D/        ( 1218): droid_create_context : config id = 1 conf->NativeVisualID=1
02-28 17:50:33.834 D/        ( 1218): Pixel Format : GGL_PIXEL_FORMAT_RGBA_8888
02-28 17:50:33.834 I/        ( 1218): Requested context : GLES 2.0
02-28 17:50:33.994 D/        ( 1218): droid_create_context : config id = 1 conf->NativeVisualID=1
02-28 17:50:33.994 D/        ( 1218): Pixel Format : GGL_PIXEL_FORMAT_RGBA_8888
02-28 17:50:33.994 I/        ( 1218): Requested context : GLES 2.0
02-28 17:50:34.164 D/        ( 1218): droid_create_context : config id = 1 conf->NativeVisualID=1
02-28 17:50:34.164 D/        ( 1218): Pixel Format : GGL_PIXEL_FORMAT_RGBA_8888
02-28 17:50:34.164 I/        ( 1218): Requested context : GLES 2.0
02-28 17:50:34.324 D/        ( 1218): droid_create_context : config id = 1 conf->NativeVisualID=1
02-28 17:50:34.324 D/        ( 1218): Pixel Format : GGL_PIXEL_FORMAT_RGBA_8888
02-28 17:50:34.324 I/        ( 1218): Requested context : GLES 2.0
02-28 17:50:34.494 D/        ( 1218): droid_create_context : config id = 1 conf->NativeVisualID=1
02-28 17:50:34.494 D/        ( 1218): Pixel Format : GGL_PIXEL_FORMAT_RGBA_8888
02-28 17:50:34.494 I/        ( 1218): Requested context : GLES 2.0
02-28 17:50:34.744 D/        ( 1218): droid_create_context : config id = 1 conf->NativeVisualID=1
02-28 17:50:34.744 D/        ( 1218): Pixel Format : GGL_PIXEL_FORMAT_RGBA_8888
02-28 17:50:34.744 I/        ( 1218): Requested context : GLES 2.0
02-28 17:50:34.904 D/        ( 1218): droid_create_context : config id = 1 conf->NativeVisualID=1
02-28 17:50:34.904 D/        ( 1218): Pixel Format : GGL_PIXEL_FORMAT_RGBA_8888
02-28 17:50:34.904 I/        ( 1218): Requested context : GLES 2.0
02-28 17:50:35.094 D/        ( 1218): droid_create_context : config id = 1 conf->NativeVisualID=1
02-28 17:50:35.094 D/        ( 1218): Pixel Format : GGL_PIXEL_FORMAT_RGBA_8888
02-28 17:50:35.094 I/        ( 1218): Requested context : GLES 2.0
02-28 17:50:35.224 D/EVENT_THREAD(  187): void CEventThread::run() POLLIN event on Fd (1)
02-28 17:50:35.224 D/EVENT_THREAD(  187): void CEventThread::run() Do poll with timeout: -1
02-28 17:50:35.224 D/EVENT_THREAD(  187): void CEventThread::run() POLLIN event on Fd (1)
02-28 17:50:35.224 D/EVENT_THREAD(  187): void CEventThread::run() Do poll with timeout: -1
02-28 17:50:35.224 I/upi_ug31xx(  167): (3171) update_capacity
02-28 17:50:35.224 I/[UPI]   (  167): <UG31/E>[UpiReadCapacity]: V=4188(4185), T=344(346-409), I=-495, C=-3(-3-0)
02-28 17:50:35.224 I/[UPI]   (  167): <UG31/E>[UpiReadCapacity]: (0x0000214a) 3408 (3313) / 3602 (3602) = 95
02-28 17:50:35.224 I/[UPI]   (  167): <UG31/E>[UpiReadCapacity]: (0x0000214a) 3408 (3313) / 3602 (3602) = 95
02-28 17:50:35.224 I/[UPI]   (  167): <UG31/E>[UpiReadCapacity]: (0x0000214a) 3405 (3405) / 3602 (3602) = 95
02-28 17:50:35.224 I/[UPI]   (  167): <UG31/E>[RsocFilterCountTime]: (0x0000214a) Step=6(364070), Full=3(364070), Lock=364070(1800000)
02-28 17:50:35.224 I/[UPI]   (  167): <UG31/E>[UpiReadCapacity]: (0x0000214a) 3405 (3405) / 3602 (3602) = 95 (-495--495)
02-28 17:50:35.224 I/[UPI]   (  167): <UG31/E><BATT> M:normal, P:95(95-95)%, V:4182mV, C:-538mA, T:34.6C(409), S:0x0000214a(000), R:3405mAh, F:3602mAh, Q:2774mAh, CC:3, P:30.310(196-0)s, BO:7, 97:615:0-44af-9m:B001-20140514-144301 (2)
02-28 17:50:35.224 I/upi_ug31xx(  167): (3172) backup_data 
02-28 17:50:35.224 V/upi_ug31xx(  167): state->check_backup_count = 10
02-28 17:50:35.274 D/        ( 1218): droid_create_context : config id = 1 conf->NativeVisualID=1
02-28 17:50:35.274 D/        ( 1218): Pixel Format : GGL_PIXEL_FORMAT_RGBA_8888
02-28 17:50:35.274 I/        ( 1218): Requested context : GLES 2.0
02-28 17:50:35.434 D/        ( 1218): droid_create_context : config id = 1 conf->NativeVisualID=1
02-28 17:50:35.434 D/        ( 1218): Pixel Format : GGL_PIXEL_FORMAT_RGBA_8888
02-28 17:50:35.434 I/        ( 1218): Requested context : GLES 2.0
02-28 17:50:35.594 D/        ( 1218): droid_create_context : config id = 1 conf->NativeVisualID=1
02-28 17:50:35.594 D/        ( 1218): Pixel Format : GGL_PIXEL_FORMAT_RGBA_8888
02-28 17:50:35.594 I/        ( 1218): Requested context : GLES 2.0
02-28 17:50:35.764 D/        ( 1218): droid_create_context : config id = 1 conf->NativeVisualID=1
02-28 17:50:35.764 D/        ( 1218): Pixel Format : GGL_PIXEL_FORMAT_RGBA_8888
02-28 17:50:35.764 I/        ( 1218): Requested context : GLES 2.0
02-28 17:50:35.924 D/        ( 1218): droid_create_context : config id = 1 conf->NativeVisualID=1
02-28 17:50:35.924 D/        ( 1218): Pixel Format : GGL_PIXEL_FORMAT_RGBA_8888
02-28 17:50:35.924 I/        ( 1218): Requested context : GLES 2.0
02-28 17:50:36.084 D/        ( 1218): droid_create_context : config id = 1 conf->NativeVisualID=1
02-28 17:50:36.084 D/        ( 1218): Pixel Format : GGL_PIXEL_FORMAT_RGBA_8888
02-28 17:50:36.084 I/        ( 1218): Requested context : GLES 2.0
02-28 17:50:36.244 D/        ( 1218): droid_create_context : config id = 1 conf->NativeVisualID=1
02-28 17:50:36.244 D/        ( 1218): Pixel Format : GGL_PIXEL_FORMAT_RGBA_8888
02-28 17:50:36.244 I/        ( 1218): Requested context : GLES 2.0
02-28 17:50:36.394 D/        ( 1218): droid_create_context : config id = 1 conf->NativeVisualID=1
02-28 17:50:36.404 D/        ( 1218): Pixel Format : GGL_PIXEL_FORMAT_RGBA_8888
02-28 17:50:36.404 I/        ( 1218): Requested context : GLES 2.0
02-28 17:50:36.554 D/        ( 1218): droid_create_context : config id = 1 conf->NativeVisualID=1
02-28 17:50:36.554 D/        ( 1218): Pixel Format : GGL_PIXEL_FORMAT_RGBA_8888
02-28 17:50:36.554 I/        ( 1218): Requested context : GLES 2.0
02-28 17:50:36.714 D/        ( 1218): droid_create_context : config id = 1 conf->NativeVisualID=1
02-28 17:50:36.714 D/        ( 1218): Pixel Format : GGL_PIXEL_FORMAT_RGBA_8888
02-28 17:50:36.714 I/        ( 1218): Requested context : GLES 2.0
02-28 17:50:36.884 D/        ( 1218): droid_create_context : config id = 1 conf->NativeVisualID=1
02-28 17:50:36.884 D/        ( 1218): Pixel Format : GGL_PIXEL_FORMAT_RGBA_8888
02-28 17:50:36.884 I/        ( 1218): Requested context : GLES 2.0
02-28 17:50:37.024 D/        ( 1218): droid_create_context : config id = 1 conf->NativeVisualID=1
02-28 17:50:37.024 D/        ( 1218): Pixel Format : GGL_PIXEL_FORMAT_RGBA_8888
02-28 17:50:37.024 I/        ( 1218): Requested context : GLES 2.0
02-28 17:50:37.184 D/        ( 1218): droid_create_context : config id = 1 conf->NativeVisualID=1
02-28 17:50:37.184 D/        ( 1218): Pixel Format : GGL_PIXEL_FORMAT_RGBA_8888
02-28 17:50:37.184 I/        ( 1218): Requested context : GLES 2.0
02-28 17:50:37.344 D/        ( 1218): droid_create_context : config id = 1 conf->NativeVisualID=1
02-28 17:50:37.344 D/        ( 1218): Pixel Format : GGL_PIXEL_FORMAT_RGBA_8888
02-28 17:50:37.344 I/        ( 1218): Requested context : GLES 2.0
02-28 17:50:37.494 D/        ( 1218): droid_create_context : config id = 1 conf->NativeVisualID=1
02-28 17:50:37.494 D/        ( 1218): Pixel Format : GGL_PIXEL_FORMAT_RGBA_8888
02-28 17:50:37.494 I/        ( 1218): Requested context : GLES 2.0
02-28 17:50:37.654 D/        ( 1218): droid_create_context : config id = 1 conf->NativeVisualID=1
02-28 17:50:37.654 D/        ( 1218): Pixel Format : GGL_PIXEL_FORMAT_RGBA_8888
02-28 17:50:37.654 I/        ( 1218): Requested context : GLES 2.0
02-28 17:50:37.824 D/        ( 1218): droid_create_context : config id = 1 conf->NativeVisualID=1
02-28 17:50:37.824 D/        ( 1218): Pixel Format : GGL_PIXEL_FORMAT_RGBA_8888
02-28 17:50:37.824 I/        ( 1218): Requested context : GLES 2.0
02-28 17:50:38.004 D/        ( 1218): droid_create_context : config id = 1 conf->NativeVisualID=1
02-28 17:50:38.004 D/        ( 1218): Pixel Format : GGL_PIXEL_FORMAT_RGBA_8888
02-28 17:50:38.004 I/        ( 1218): Requested context : GLES 2.0
02-28 17:50:38.164 D/        ( 1218): droid_create_context : config id = 1 conf->NativeVisualID=1
02-28 17:50:38.164 D/        ( 1218): Pixel Format : GGL_PIXEL_FORMAT_RGBA_8888
02-28 17:50:38.164 I/        ( 1218): Requested context : GLES 2.0
02-28 17:50:38.354 D/        ( 1218): droid_create_context : config id = 1 conf->NativeVisualID=1
02-28 17:50:38.354 D/        ( 1218): Pixel Format : GGL_PIXEL_FORMAT_RGBA_8888
02-28 17:50:38.354 I/        ( 1218): Requested context : GLES 2.0
02-28 17:50:38.524 D/        ( 1218): droid_create_context : config id = 1 conf->NativeVisualID=1
02-28 17:50:38.524 D/        ( 1218): Pixel Format : GGL_PIXEL_FORMAT_RGBA_8888
02-28 17:50:38.524 I/        ( 1218): Requested context : GLES 2.0
02-28 17:50:38.704 D/        ( 1218): droid_create_context : config id = 1 conf->NativeVisualID=1
02-28 17:50:38.704 D/        ( 1218): Pixel Format : GGL_PIXEL_FORMAT_RGBA_8888
02-28 17:50:38.704 I/        ( 1218): Requested context : GLES 2.0
02-28 17:50:38.864 D/        ( 1218): droid_create_context : config id = 1 conf->NativeVisualID=1
02-28 17:50:38.864 D/        ( 1218): Pixel Format : GGL_PIXEL_FORMAT_RGBA_8888
02-28 17:50:38.864 I/        ( 1218): Requested context : GLES 2.0
02-28 17:50:39.014 D/        ( 1218): droid_create_context : config id = 1 conf->NativeVisualID=1
02-28 17:50:39.014 D/        ( 1218): Pixel Format : GGL_PIXEL_FORMAT_RGBA_8888
02-28 17:50:39.014 I/        ( 1218): Requested context : GLES 2.0
02-28 17:50:39.164 D/        ( 1218): droid_create_context : config id = 1 conf->NativeVisualID=1
02-28 17:50:39.164 D/        ( 1218): Pixel Format : GGL_PIXEL_FORMAT_RGBA_8888
02-28 17:50:39.164 I/        ( 1218): Requested context : GLES 2.0
02-28 17:50:39.334 D/        ( 1218): droid_create_context : config id = 1 conf->NativeVisualID=1
02-28 17:50:39.334 D/        ( 1218): Pixel Format : GGL_PIXEL_FORMAT_RGBA_8888
02-28 17:50:39.334 I/        ( 1218): Requested context : GLES 2.0
02-28 17:50:39.494 D/        ( 1218): droid_create_context : config id = 1 conf->NativeVisualID=1
02-28 17:50:39.494 D/        ( 1218): Pixel Format : GGL_PIXEL_FORMAT_RGBA_8888
02-28 17:50:39.494 I/        ( 1218): Requested context : GLES 2.0
02-28 17:50:39.644 D/        ( 1218): droid_create_context : config id = 1 conf->NativeVisualID=1
02-28 17:50:39.644 D/        ( 1218): Pixel Format : GGL_PIXEL_FORMAT_RGBA_8888
02-28 17:50:39.644 I/        ( 1218): Requested context : GLES 2.0
02-28 17:50:39.804 D/        ( 1218): droid_create_context : config id = 1 conf->NativeVisualID=1
02-28 17:50:39.804 D/        ( 1218): Pixel Format : GGL_PIXEL_FORMAT_RGBA_8888
02-28 17:50:39.804 I/        ( 1218): Requested context : GLES 2.0
02-28 17:50:39.984 D/        ( 1218): droid_create_context : config id = 1 conf->NativeVisualID=1
02-28 17:50:39.984 D/        ( 1218): Pixel Format : GGL_PIXEL_FORMAT_RGBA_8888
02-28 17:50:39.984 I/        ( 1218): Requested context : GLES 2.0
02-28 17:50:40.154 D/        ( 1218): droid_create_context : config id = 1 conf->NativeVisualID=1
02-28 17:50:40.154 D/        ( 1218): Pixel Format : GGL_PIXEL_FORMAT_RGBA_8888
02-28 17:50:40.154 I/        ( 1218): Requested context : GLES 2.0
02-28 17:50:40.324 D/        ( 1218): droid_create_context : config id = 1 conf->NativeVisualID=1
02-28 17:50:40.324 D/        ( 1218): Pixel Format : GGL_PIXEL_FORMAT_RGBA_8888
02-28 17:50:40.324 I/        ( 1218): Requested context : GLES 2.0
02-28 17:50:40.494 D/        ( 1218): droid_create_context : config id = 1 conf->NativeVisualID=1
02-28 17:50:40.494 D/        ( 1218): Pixel Format : GGL_PIXEL_FORMAT_RGBA_8888
02-28 17:50:40.494 I/        ( 1218): Requested context : GLES 2.0
02-28 17:50:40.654 D/        ( 1218): droid_create_context : config id = 1 conf->NativeVisualID=1
02-28 17:50:40.654 D/        ( 1218): Pixel Format : GGL_PIXEL_FORMAT_RGBA_8888
02-28 17:50:40.654 I/        ( 1218): Requested context : GLES 2.0
02-28 17:50:40.814 D/        ( 1218): droid_create_context : config id = 1 conf->NativeVisualID=1
02-28 17:50:40.814 D/        ( 1218): Pixel Format : GGL_PIXEL_FORMAT_RGBA_8888
02-28 17:50:40.814 I/        ( 1218): Requested context : GLES 2.0
02-28 17:50:40.974 D/        ( 1218): droid_create_context : config id = 1 conf->NativeVisualID=1
02-28 17:50:40.974 D/        ( 1218): Pixel Format : GGL_PIXEL_FORMAT_RGBA_8888
02-28 17:50:40.974 I/        ( 1218): Requested context : GLES 2.0
02-28 17:50:41.144 D/        ( 1218): droid_create_context : config id = 1 conf->NativeVisualID=1
02-28 17:50:41.144 D/        ( 1218): Pixel Format : GGL_PIXEL_FORMAT_RGBA_8888
02-28 17:50:41.144 I/        ( 1218): Requested context : GLES 2.0
02-28 17:50:41.294 D/        ( 1218): droid_create_context : config id = 1 conf->NativeVisualID=1
02-28 17:50:41.294 D/        ( 1218): Pixel Format : GGL_PIXEL_FORMAT_RGBA_8888
02-28 17:50:41.294 I/        ( 1218): Requested context : GLES 2.0
02-28 17:50:41.474 D/        ( 1218): droid_create_context : config id = 1 conf->NativeVisualID=1
02-28 17:50:41.474 D/        ( 1218): Pixel Format : GGL_PIXEL_FORMAT_RGBA_8888
02-28 17:50:41.474 I/        ( 1218): Requested context : GLES 2.0
02-28 17:50:41.654 D/        ( 1218): droid_create_context : config id = 1 conf->NativeVisualID=1
02-28 17:50:41.654 D/        ( 1218): Pixel Format : GGL_PIXEL_FORMAT_RGBA_8888
02-28 17:50:41.654 I/        ( 1218): Requested context : GLES 2.0
02-28 17:50:41.844 D/        ( 1218): droid_create_context : config id = 1 conf->NativeVisualID=1
02-28 17:50:41.844 D/        ( 1218): Pixel Format : GGL_PIXEL_FORMAT_RGBA_8888
02-28 17:50:41.844 I/        ( 1218): Requested context : GLES 2.0
02-28 17:50:42.034 D/        ( 1218): droid_create_context : config id = 1 conf->NativeVisualID=1
02-28 17:50:42.034 D/        ( 1218): Pixel Format : GGL_PIXEL_FORMAT_RGBA_8888
02-28 17:50:42.034 I/        ( 1218): Requested context : GLES 2.0
02-28 17:50:42.404 D/        ( 1218): droid_create_context : config id = 1 conf->NativeVisualID=1
02-28 17:50:42.404 D/        ( 1218): Pixel Format : GGL_PIXEL_FORMAT_RGBA_8888
02-28 17:50:42.404 I/        ( 1218): Requested context : GLES 2.0
02-28 17:50:42.584 D/        ( 1218): droid_create_context : config id = 1 conf->NativeVisualID=1
02-28 17:50:42.584 D/        ( 1218): Pixel Format : GGL_PIXEL_FORMAT_RGBA_8888
02-28 17:50:42.584 I/        ( 1218): Requested context : GLES 2.0
02-28 17:50:42.744 D/        ( 1218): droid_create_context : config id = 1 conf->NativeVisualID=1
02-28 17:50:42.744 D/        ( 1218): Pixel Format : GGL_PIXEL_FORMAT_RGBA_8888
02-28 17:50:42.744 I/        ( 1218): Requested context : GLES 2.0
02-28 17:50:42.904 D/        ( 1218): droid_create_context : config id = 1 conf->NativeVisualID=1
02-28 17:50:42.904 D/        ( 1218): Pixel Format : GGL_PIXEL_FORMAT_RGBA_8888
02-28 17:50:42.904 I/        ( 1218): Requested context : GLES 2.0
02-28 17:50:43.074 D/        ( 1218): droid_create_context : config id = 1 conf->NativeVisualID=1
02-28 17:50:43.074 D/        ( 1218): Pixel Format : GGL_PIXEL_FORMAT_RGBA_8888
02-28 17:50:43.074 I/        ( 1218): Requested context : GLES 2.0
02-28 17:50:43.274 D/        ( 1218): droid_create_context : config id = 1 conf->NativeVisualID=1
02-28 17:50:43.274 D/        ( 1218): Pixel Format : GGL_PIXEL_FORMAT_RGBA_8888
02-28 17:50:43.274 I/        ( 1218): Requested context : GLES 2.0
02-28 17:50:43.494 D/        ( 1218): droid_create_context : config id = 1 conf->NativeVisualID=1
02-28 17:50:43.494 D/        ( 1218): Pixel Format : GGL_PIXEL_FORMAT_RGBA_8888
02-28 17:50:43.494 I/        ( 1218): Requested context : GLES 2.0
02-28 17:50:43.674 D/        ( 1218): droid_create_context : config id = 1 conf->NativeVisualID=1
02-28 17:50:43.674 D/        ( 1218): Pixel Format : GGL_PIXEL_FORMAT_RGBA_8888
02-28 17:50:43.674 I/        ( 1218): Requested context : GLES 2.0
02-28 17:50:43.834 D/        ( 1218): droid_create_context : config id = 1 conf->NativeVisualID=1
02-28 17:50:43.834 D/        ( 1218): Pixel Format : GGL_PIXEL_FORMAT_RGBA_8888
02-28 17:50:43.834 I/        ( 1218): Requested context : GLES 2.0
02-28 17:50:44.004 D/        ( 1218): droid_create_context : config id = 1 conf->NativeVisualID=1
02-28 17:50:44.004 D/        ( 1218): Pixel Format : GGL_PIXEL_FORMAT_RGBA_8888
02-28 17:50:44.004 I/        ( 1218): Requested context : GLES 2.0
02-28 17:50:45.124 W/ufoGralloc(  172): registerBuffer() handle 0xb83d00f0/58 didn't require registration
02-28 17:50:45.154 D/WindowManager(  506): adjustConfigurationLw, config:{1.0 ?mcc?mnc ?locale ?layoutDir sw600dp w600dp h888dp 213dpi lrg port ?uimode ?night finger -keyb/v/h -nav/v} mLidState:1 mHasDockFeature:false mHasKeyboardFeature:false mHasHallSensorFeature:true config.hardKeyboardHidden:2
02-28 17:50:45.154 I/ActivityManager(  506): [TopPkgCurBat]	NowPkgName[com.asus.launcher]	Battery[95]	TimeTick[1425117045163]	OldPkgName[org.xwalk.webapi_service_tests]
02-28 17:50:45.204 D/dalvikvm(  506): GC_EXPLICIT freed 3270K, 50% free 18241K/36368K, paused 3ms+5ms, total 62ms
02-28 17:50:45.214 D/        (13282): Pixel Format : GGL_PIXEL_FORMAT_RGBA_8888
02-28 17:50:45.224 W/IInputConnectionWrapper( 1218): showStatusIcon on inactive InputConnection
02-28 17:50:45.224 D/XT9IME  (13333): new subtype :zh_CN ,pinyin
02-28 17:50:45.244 D/BatteryStatsImpl(  506): noteStopWakeLocked system isFromForeground = false
02-28 17:50:45.244 D/ImageWallpaper(  570): onVisibilityChanged: mVisible, visible=false, true
02-28 17:50:45.244 D/ImageWallpaper(  570): Visibility changed to visible=true
02-28 17:50:45.244 D/ImageWallpaper(  570): Suppressed drawFrame since redraw is not needed and offsets have not changed.
02-28 17:50:45.274 D/        ( 1218): Surface destroy: ANDROID_NATIVE_WINDOW_MAGIC
02-28 17:50:45.274 D/        ( 1218): Surface destroy: ANDROID_NATIVE_WINDOW_MAGIC
02-28 17:50:45.284 D/wpa_supplicant(  659): wlan0: Starting AP scan for wildcard SSID
02-28 17:50:45.284 D/wpa_supplicant(  659): WPS: Building WPS IE for Probe Request
02-28 17:50:45.284 D/wpa_supplicant(  659): WPS:  * Version (hardcoded 0x10)
02-28 17:50:45.284 D/wpa_supplicant(  659): WPS:  * Request Type
02-28 17:50:45.284 D/wpa_supplicant(  659): WPS:  * Config Methods (4288)
02-28 17:50:45.284 D/wpa_supplicant(  659): WPS:  * UUID-E
02-28 17:50:45.284 D/wpa_supplicant(  659): WPS:  * Primary Device Type
02-28 17:50:45.284 D/wpa_supplicant(  659): WPS:  * RF Bands (1)
02-28 17:50:45.284 D/wpa_supplicant(  659): WPS:  * Association State
02-28 17:50:45.284 D/wpa_supplicant(  659): WPS:  * Configuration Error (0)
02-28 17:50:45.284 D/wpa_supplicant(  659): WPS:  * Device Password ID (0)
02-28 17:50:45.284 D/wpa_supplicant(  659): WPS:  * Manufacturer
02-28 17:50:45.284 D/wpa_supplicant(  659): WPS:  * Model Name
02-28 17:50:45.284 D/wpa_supplicant(  659): WPS:  * Model Number
02-28 17:50:45.284 D/wpa_supplicant(  659): WPS:  * Device Name
02-28 17:50:45.284 D/wpa_supplicant(  659): WPS:  * Version2 (0x20)
02-28 17:50:45.284 D/wpa_supplicant(  659): P2P: * P2P IE header
02-28 17:50:45.284 D/wpa_supplicant(  659): P2P: * Capability dev=25 group=00
02-28 17:50:45.284 D/wpa_supplicant(  659): P2P: * Listen Channel: Regulatory Class 81 Channel 11
02-28 17:50:45.284 D/wpa_supplicant(  659): wlan0: nl80211: scan request
02-28 17:50:45.344 D/wpa_supplicant(  659): Scan requested (ret=0) - scan timeout 30 seconds
02-28 17:50:45.344 D/wpa_supplicant(  659): nl80211: Drv Event 33 (NL80211_CMD_TRIGGER_SCAN) received for wlan0
02-28 17:50:45.344 D/wpa_supplicant(  659): wlan0: nl80211: Scan trigger
02-28 17:50:45.414 D/AndroidRuntime( 1519): 
02-28 17:50:45.414 D/AndroidRuntime( 1519): >>>>>> AndroidRuntime START com.android.internal.os.RuntimeInit <<<<<<
02-28 17:50:45.414 D/AndroidRuntime( 1519): CheckJNI is OFF
02-28 17:50:45.414 I/AndroidRuntime( 1519): Kernel Release Version: 3.10.20-gf818079
02-28 17:50:45.414 I/dalvikvm( 1519): No library specified. The standard exception handler will be used
02-28 17:50:45.424 I/dalvikvm( 1519): 
02-28 17:50:45.424 I/dalvikvm( 1519): +++++++++++++ Using PCG. +++++++++++++++++++++
02-28 17:50:45.424 D/dalvikvm( 1519): Trying to load lib libjavacore.so 0x0
02-28 17:50:45.434 D/dalvikvm( 1519): Added shared lib libjavacore.so 0x0
02-28 17:50:45.434 D/dalvikvm( 1519): Trying to load lib libnativehelper.so 0x0
02-28 17:50:45.434 D/dalvikvm( 1519): Added shared lib libnativehelper.so 0x0
02-28 17:50:45.434 D/dalvikvm( 1519): No JNI_OnLoad found in libnativehelper.so 0x0, skipping init
02-28 17:50:45.434 D/dalvikvm( 1519): Extra Options: not specified
02-28 17:50:45.454 D/dalvikvm( 1519): Note: class Landroid/app/ActivityManagerNative; has 186 unimplemented (abstract) methods
02-28 17:50:45.544 E/memtrack( 1519): Couldn't load memtrack module (No such file or directory)
02-28 17:50:45.544 E/android.os.Debug( 1519): failed to load memtrack module: -2
02-28 17:50:45.574 D/AndroidRuntime( 1519): Calling main entry com.android.commands.am.Am
02-28 17:50:45.604 I/ActivityManager(  506): Force stopping org.xwalk.webapi_service_tests appid=10350 user=0: from pid 1519
02-28 17:50:45.604 I/SecurityManagerService(  621): SMS received security event: App[STOP/org.xwalk.webapi_service_tests]
02-28 17:50:45.604 I/ActivityManager(  506): Killing 1218:org.xwalk.webapi_service_tests/u0a350 (adj 1): stop org.xwalk.webapi_service_tests
02-28 17:50:45.614 D/AndroidRuntime( 1519): Shutting down VM
02-28 17:50:45.624 D/dalvikvm( 1519): GC_CONCURRENT freed 112K, 16% free 666K/792K, paused 0ms+0ms, total 1ms
02-28 17:50:45.624 D/dalvikvm( 1519): Compiler shutdown in progress - discarding request
02-28 17:50:45.624 D/dalvikvm( 1519): Compiler shutdown in progress - discarding request
02-28 17:50:45.624 D/dalvikvm( 1519): Compiler shutdown in progress - discarding request
02-28 17:50:45.624 D/dalvikvm( 1519): Compiler shutdown in progress - discarding request
02-28 17:50:45.624 D/dalvikvm( 1519): Compiler shutdown in progress - discarding request
02-28 17:50:45.624 D/dalvikvm( 1519): Compiler shutdown in progress - discarding request
02-28 17:50:45.624 D/dalvikvm( 1519): Compiler shutdown in progress - discarding request
02-28 17:50:45.624 D/dalvikvm( 1519): Compiler shutdown in progress - discarding request
02-28 17:50:45.624 D/dalvikvm( 1519): Compiler shutdown in progress - discarding request
02-28 17:50:45.624 D/dalvikvm( 1519): Compiler shutdown in progress - discarding request
02-28 17:50:45.624 D/dalvikvm( 1519): Compiler shutdown in progress - discarding request
02-28 17:50:45.624 D/dalvikvm( 1519): Compiler shutdown in progress - discarding request
02-28 17:50:45.624 D/dalvikvm( 1519): Compiler shutdown in progress - discarding request
02-28 17:50:45.624 D/dalvikvm( 1519): Compiler shutdown in progress - discarding request
02-28 17:50:45.624 D/dalvikvm( 1519): Compiler shutdown in progress - discarding request
02-28 17:50:45.624 D/dalvikvm( 1519): Compiler shutdown in progress - discarding request
02-28 17:50:45.624 D/dalvikvm( 1519): Compiler shutdown in progress - discarding request
02-28 17:50:45.624 D/dalvikvm( 1519): Compiler shutdown in progress - discarding request
02-28 17:50:45.624 D/dalvikvm( 1519): Compiler shutdown in progress - discarding request
02-28 17:50:45.624 D/dalvikvm( 1519): Compiler shutdown in progress - discarding request
02-28 17:50:45.624 D/dalvikvm( 1519): Compiler shutdown in progress - discarding request
02-28 17:50:45.624 D/dalvikvm( 1519): Compiler shutdown in progress - discarding request
02-28 17:50:45.624 D/dalvikvm( 1519): Compiler shutdown in progress - discarding request
02-28 17:50:45.624 D/dalvikvm( 1519): Compiler shutdown in progress - discarding request
02-28 17:50:45.624 D/dalvikvm( 1519): Compiler shutdown in progress - discarding request
02-28 17:50:45.624 D/dalvikvm( 1519): Compiler shutdown in progress - discarding request
02-28 17:50:45.624 D/dalvikvm( 1519): Compiler shutdown in progress - discarding request
02-28 17:50:45.624 D/dalvikvm( 1519): Compiler shutdown in progress - discarding request
02-28 17:50:45.624 D/dalvikvm( 1519): Compiler shutdown in progress - discarding request
02-28 17:50:45.624 D/dalvikvm( 1519): Compiler shutdown in progress - discarding request
02-28 17:50:45.624 D/dalvikvm( 1519): Compiler shutdown in progress - discarding request
02-28 17:50:45.624 D/dalvikvm( 1519): Compiler shutdown in progress - discarding request
02-28 17:50:45.624 D/dalvikvm( 1519): Compiler shutdown in progress - discarding request
02-28 17:50:45.624 D/dalvikvm( 1519): Compiler shutdown in progress - discarding request
02-28 17:50:45.624 D/dalvikvm( 1519): Compiler shutdown in progress - discarding request
02-28 17:50:45.624 D/dalvikvm( 1519): Compiler shutdown in progress - discarding request
02-28 17:50:45.624 D/dalvikvm( 1519): Compiler shutdown in progress - discarding request
02-28 17:50:45.624 D/dalvikvm( 1519): Compiler shutdown in progress - discarding request
02-28 17:50:45.624 D/dalvikvm( 1519): Compiler shutdown in progress - discarding request
02-28 17:50:45.624 D/dalvikvm( 1519): Compiler shutdown in progress - discarding request
02-28 17:50:45.624 D/dalvikvm( 1519): Compiler shutdown in progress - discarding request
02-28 17:50:45.624 D/dalvikvm( 1519): Compiler shutdown in progress - discarding request
02-28 17:50:45.624 D/dalvikvm( 1519): Compiler shutdown in progress - discarding request
02-28 17:50:45.644 E/JavaBinder(  506): !!! FAILED BINDER TRANSACTION !!!
02-28 17:50:45.644 E/JavaBinder(  506): !!! FAILED BINDER TRANSACTION !!!
02-28 17:50:45.664 W/SurfaceFlinger(  172): couldn't log to binary event log: overflow.
02-28 17:50:45.694 I/WindowState(  506): WIN DEATH: Window{22869858 u0 SurfaceView}
02-28 17:50:45.694 I/WindowState(  506): WIN DEATH: Window{22804dd0 u0 org.xwalk.webapi_service_tests/org.xwalk.webapi_service_tests.WebapiServiceTestsActivity}
--------- beginning of /dev/log/main
02-28 17:50:48.044 D/wpa_supplicant(  659): EAPOL: startWhen --> 0
02-28 17:50:48.044 D/wpa_supplicant(  659): EAPOL: disable timer tick
02-28 17:50:48.044 D/wpa_supplicant(  659): EAPOL: SUPP_PAE entering state CONNECTING
02-28 17:50:48.044 D/wpa_supplicant(  659): EAPOL: enable timer tick
02-28 17:50:48.044 D/wpa_supplicant(  659): EAPOL: txStart
02-28 17:50:48.044 D/wpa_supplicant(  659): WPA: drop TX EAPOL in non-IEEE 802.1X mode (type=1 len=0)
02-28 17:50:48.904 D/AndroidRuntime( 1547): 
02-28 17:50:48.904 D/AndroidRuntime( 1547): >>>>>> AndroidRuntime START com.android.internal.os.RuntimeInit <<<<<<
02-28 17:50:48.904 D/AndroidRuntime( 1547): CheckJNI is OFF
02-28 17:50:48.904 I/AndroidRuntime( 1547): Kernel Release Version: 3.10.20-gf818079
02-28 17:50:48.914 I/dalvikvm( 1547): No library specified. The standard exception handler will be used
02-28 17:50:48.914 I/dalvikvm( 1547): 
02-28 17:50:48.914 I/dalvikvm( 1547): +++++++++++++ Using PCG. +++++++++++++++++++++
02-28 17:50:48.914 D/dalvikvm( 1547): Trying to load lib libjavacore.so 0x0
02-28 17:50:48.924 D/dalvikvm( 1547): Added shared lib libjavacore.so 0x0
02-28 17:50:48.924 D/dalvikvm( 1547): Trying to load lib libnativehelper.so 0x0
02-28 17:50:48.924 D/dalvikvm( 1547): Added shared lib libnativehelper.so 0x0
02-28 17:50:48.924 D/dalvikvm( 1547): No JNI_OnLoad found in libnativehelper.so 0x0, skipping init
02-28 17:50:48.924 D/dalvikvm( 1547): Extra Options: not specified
02-28 17:50:48.934 D/dalvikvm( 1547): Note: class Landroid/app/ActivityManagerNative; has 186 unimplemented (abstract) methods
02-28 17:50:49.014 E/memtrack( 1547): Couldn't load memtrack module (No such file or directory)
02-28 17:50:49.014 E/android.os.Debug( 1547): failed to load memtrack module: -2
02-28 17:50:49.044 D/AndroidRuntime( 1547): Calling main entry com.android.commands.am.Am
02-28 17:50:49.084 D/AndroidRuntime( 1547): Shutting down VM
02-28 17:50:49.084 D/dalvikvm( 1547): GC_CONCURRENT freed 112K, 16% free 666K/792K, paused 1ms+1ms, total 2ms
--------- beginning of /dev/log/system
02-28 17:50:49.084 I/ActivityManager(  506): Force stopping org.xwalk.webapi_service_tests appid=10350 user=0: from pid 1547
02-28 17:50:49.094 D/dalvikvm( 1547): Compiler shutdown in progress - discarding request
02-28 17:50:49.094 D/dalvikvm( 1547): Compiler shutdown in progress - discarding request
02-28 17:50:49.094 D/dalvikvm( 1547): Compiler shutdown in progress - discarding request
02-28 17:50:49.094 D/dalvikvm( 1547): Compiler shutdown in progress - discarding request
02-28 17:50:49.094 D/dalvikvm( 1547): Compiler shutdown in progress - discarding request
02-28 17:50:49.094 D/dalvikvm( 1547): Compiler shutdown in progress - discarding request
02-28 17:50:49.094 D/dalvikvm( 1547): Compiler shutdown in progress - discarding request
02-28 17:50:49.094 D/dalvikvm( 1547): Compiler shutdown in progress - discarding request
02-28 17:50:49.094 D/dalvikvm( 1547): Compiler shutdown in progress - discarding request
02-28 17:50:49.094 D/dalvikvm( 1547): Compiler shutdown in progress - discarding request
02-28 17:50:49.094 D/dalvikvm( 1547): Compiler shutdown in progress - discarding request
02-28 17:50:49.094 D/dalvikvm( 1547): Compiler shutdown in progress - discarding request
02-28 17:50:49.094 D/dalvikvm( 1547): Compiler shutdown in progress - discarding request
02-28 17:50:49.094 D/dalvikvm( 1547): Compiler shutdown in progress - discarding request
02-28 17:50:49.094 D/dalvikvm( 1547): Compiler shutdown in progress - discarding request
02-28 17:50:49.094 D/dalvikvm( 1547): Compiler shutdown in progress - discarding request
02-28 17:50:49.094 D/dalvikvm( 1547): Compiler shutdown in progress - discarding request
02-28 17:50:49.094 D/dalvikvm( 1547): Compiler shutdown in progress - discarding request
02-28 17:50:49.094 D/dalvikvm( 1547): Compiler shutdown in progress - discarding request
02-28 17:50:49.094 D/dalvikvm( 1547): Compiler shutdown in progress - discarding request
02-28 17:50:49.094 D/dalvikvm( 1547): Compiler shutdown in progress - discarding request
02-28 17:50:49.094 D/dalvikvm( 1547): Compiler shutdown in progress - discarding request
02-28 17:50:49.094 D/dalvikvm( 1547): Compiler shutdown in progress - discarding request
02-28 17:50:49.094 D/dalvikvm( 1547): Compiler shutdown in progress - discarding request
02-28 17:50:49.094 D/dalvikvm( 1547): Compiler shutdown in progress - discarding request
02-28 17:50:49.094 D/dalvikvm( 1547): Compiler shutdown in progress - discarding request
02-28 17:50:49.094 D/dalvikvm( 1547): Compiler shutdown in progress - discarding request
02-28 17:50:49.094 D/dalvikvm( 1547): Compiler shutdown in progress - discarding request
02-28 17:50:49.094 D/dalvikvm( 1547): Compiler shutdown in progress - discarding request
02-28 17:50:49.094 D/dalvikvm( 1547): Compiler shutdown in progress - discarding request
02-28 17:50:49.094 D/dalvikvm( 1547): Compiler shutdown in progress - discarding request
02-28 17:50:49.094 D/dalvikvm( 1547): Compiler shutdown in progress - discarding request
02-28 17:50:49.094 D/dalvikvm( 1547): Compiler shutdown in progress - discarding request
02-28 17:50:49.094 D/dalvikvm( 1547): Compiler shutdown in progress - discarding request
02-28 17:50:49.094 D/dalvikvm( 1547): Compiler shutdown in progress - discarding request
02-28 17:50:49.094 D/dalvikvm( 1547): Compiler shutdown in progress - discarding request
02-28 17:50:49.094 D/dalvikvm( 1547): Compiler shutdown in progress - discarding request
02-28 17:50:49.094 D/dalvikvm( 1547): Compiler shutdown in progress - discarding request
02-28 17:50:49.094 D/dalvikvm( 1547): Compiler shutdown in progress - discarding request
02-28 17:50:49.094 D/dalvikvm( 1547): Compiler shutdown in progress - discarding request
02-28 17:50:49.094 D/dalvikvm( 1547): Compiler shutdown in progress - discarding request
02-28 17:50:49.094 D/dalvikvm( 1547): Compiler shutdown in progress - discarding request
02-28 17:50:49.094 D/dalvikvm( 1547): Compiler shutdown in progress - discarding request
02-28 17:50:49.094 D/dalvikvm( 1547): Compiler shutdown in progress - discarding request
02-28 17:50:49.094 D/dalvikvm( 1547): Compiler shutdown in progress - discarding request
02-28 17:50:49.724 D/AndroidRuntime( 1559): 
02-28 17:50:49.724 D/AndroidRuntime( 1559): >>>>>> AndroidRuntime START com.android.internal.os.RuntimeInit <<<<<<
02-28 17:50:49.724 D/AndroidRuntime( 1559): CheckJNI is OFF
02-28 17:50:49.724 I/AndroidRuntime( 1559): Kernel Release Version: 3.10.20-gf818079
02-28 17:50:49.724 I/dalvikvm( 1559): No library specified. The standard exception handler will be used
02-28 17:50:49.734 I/dalvikvm( 1559): 
02-28 17:50:49.734 I/dalvikvm( 1559): +++++++++++++ Using PCG. +++++++++++++++++++++
02-28 17:50:49.734 D/dalvikvm( 1559): Trying to load lib libjavacore.so 0x0
02-28 17:50:49.744 D/dalvikvm( 1559): Added shared lib libjavacore.so 0x0
02-28 17:50:49.744 D/dalvikvm( 1559): Trying to load lib libnativehelper.so 0x0
02-28 17:50:49.744 D/dalvikvm( 1559): Added shared lib libnativehelper.so 0x0
02-28 17:50:49.744 D/dalvikvm( 1559): No JNI_OnLoad found in libnativehelper.so 0x0, skipping init
02-28 17:50:49.744 D/dalvikvm( 1559): Extra Options: not specified
02-28 17:50:49.764 D/dalvikvm( 1559): Note: class Landroid/app/ActivityManagerNative; has 186 unimplemented (abstract) methods
02-28 17:50:49.834 E/memtrack( 1559): Couldn't load memtrack module (No such file or directory)
02-28 17:50:49.834 E/android.os.Debug( 1559): failed to load memtrack module: -2
02-28 17:50:49.874 D/AndroidRuntime( 1559): Calling main entry com.android.commands.am.Am
02-28 17:50:49.904 D/AndroidRuntime( 1559): Shutting down VM
02-28 17:50:49.904 D/dalvikvm( 1559): GC_CONCURRENT freed 116K, 16% free 702K/832K, paused 1ms+0ms, total 2ms
02-28 17:50:49.904 I/ActivityManager(  506): START u0 {flg=0x10000000 cmp=org.xwalk.webapi_service_tests/.webapi_service_testsActivity} from pid 1559
02-28 17:50:49.914 D/dalvikvm( 1559): Compiler shutdown in progress - discarding request
02-28 17:50:49.914 D/dalvikvm( 1559): Compiler shutdown in progress - discarding request
02-28 17:50:49.914 D/dalvikvm( 1559): Compiler shutdown in progress - discarding request
