02-28 18:01:35.924 D/wpa_supplicant(  659): wlan0: Event SCAN_RESULTS (3) received
02-28 18:01:35.924 D/wpa_supplicant(  659): nl80211: Received scan results (18 BSSes)
02-28 18:01:35.924 D/wpa_supplicant(  659): nl80211: Survey data missing
02-28 18:01:35.924 D/wpa_supplicant(  659): wlan0: BSS: Start scan result update 48
02-28 18:01:35.924 D/wpa_supplicant(  659): wlan0: BSS: Add new id 238 BSSID e4:d3:32:36:2e:54 SSID 'otc'
02-28 18:01:35.924 D/wpa_supplicant(  659): CTRL_IFACE monitor send - hexdump(len=39): 2f 64 61 74 61 2f 6d 69 73 63 2f 77 69 66 69 2f 73 6f 63 6b 65 74 73 2f 77 70 61 5f 63 74 72 6c ...
02-28 18:01:35.924 D/wpa_supplicant(  659): wlan0: BSS: Remove id 215 BSSID b0:48:7a:51:ff:cc SSID 'Neusoft TP' due to no match in scan
02-28 18:01:35.924 D/wpa_supplicant(  659): CTRL_IFACE monitor send - hexdump(len=39): 2f 64 61 74 61 2f 6d 69 73 63 2f 77 69 66 69 2f 73 6f 63 6b 65 74 73 2f 77 70 61 5f 63 74 72 6c ...
02-28 18:01:35.924 D/wpa_supplicant(  659): wlan0: BSS: Remove id 214 BSSID 14:d6:4d:28:ef:c8 SSID 'dlink' due to no match in scan
02-28 18:01:35.924 D/wpa_supplicant(  659): CTRL_IFACE monitor send - hexdump(len=39): 2f 64 61 74 61 2f 6d 69 73 63 2f 77 69 66 69 2f 73 6f 63 6b 65 74 73 2f 77 70 61 5f 63 74 72 6c ...
02-28 18:01:35.924 D/wpa_supplicant(  659): BSS: last_scan_res_used=17/32 last_scan_full=0
02-28 18:01:35.924 D/wpa_supplicant(  659): wlan0: New scan results available
02-28 18:01:35.924 D/wpa_supplicant(  659): CTRL_IFACE monitor send - hexdump(len=39): 2f 64 61 74 61 2f 6d 69 73 63 2f 77 69 66 69 2f 73 6f 63 6b 65 74 73 2f 77 70 61 5f 63 74 72 6c ...
02-28 18:01:35.924 D/wpa_supplicant(  659): CTRL_IFACE monitor send - hexdump(len=39): 2f 64 61 74 61 2f 6d 69 73 63 2f 77 69 66 69 2f 73 6f 63 6b 65 74 73 2f 77 70 61 5f 63 74 72 6c ...
02-28 18:01:35.924 D/wpa_supplicant(  659): Authorize channel 1
02-28 18:01:35.924 D/wpa_supplicant(  659): Authorize channel 2
02-28 18:01:35.924 D/wpa_supplicant(  659): Authorize channel 3
02-28 18:01:35.924 D/wpa_supplicant(  659): Authorize channel 4
02-28 18:01:35.924 D/wpa_supplicant(  659): Authorize channel 5
02-28 18:01:35.924 D/wpa_supplicant(  659): Authorize channel 6
02-28 18:01:35.924 D/wpa_supplicant(  659): Authorize channel 7
02-28 18:01:35.924 D/wpa_supplicant(  659): Authorize channel 8
02-28 18:01:35.924 D/wpa_supplicant(  659): Authorize channel 9
02-28 18:01:35.924 D/wpa_supplicant(  659): Authorize channel 10
02-28 18:01:35.924 D/wpa_supplicant(  659): Authorize channel 11
02-28 18:01:35.924 D/wpa_supplicant(  659): Authorize channel 12
02-28 18:01:35.924 D/wpa_supplicant(  659): Authorize channel 13
02-28 18:01:35.924 D/wpa_supplicant(  659): Authorize channel 1
02-28 18:01:35.924 D/wpa_supplicant(  659): Authorize channel 2
02-28 18:01:35.924 D/wpa_supplicant(  659): Authorize channel 3
02-28 18:01:35.924 D/wpa_supplicant(  659): Authorize channel 4
02-28 18:01:35.924 D/wpa_supplicant(  659): Authorize channel 5
02-28 18:01:35.924 D/wpa_supplicant(  659): Authorize channel 6
02-28 18:01:35.924 D/wpa_supplicant(  659): Authorize channel 7
02-28 18:01:35.924 D/wpa_supplicant(  659): Authorize channel 8
02-28 18:01:35.924 D/wpa_supplicant(  659): Authorize channel 9
02-28 18:01:35.924 I/WifiHW  (  506): EVENT: IFNAME=wlan0 CTRL-EVENT-BSS-ADDED 238 e4:d3:32:36:2e:54
02-28 18:01:35.924 D/wpa_supplicant(  659): Authorize channel 10
02-28 18:01:35.924 D/wpa_supplicant(  659): Authorize channel 11
02-28 18:01:35.924 D/wpa_supplicant(  659): Authorize channel 12
02-28 18:01:35.924 D/wpa_supplicant(  659): Authorize channel 13
02-28 18:01:35.924 D/wpa_supplicant(  659): Add access point on channel 6
02-28 18:01:35.924 D/wpa_supplicant(  659): Add access point on channel 6
02-28 18:01:35.924 D/wpa_supplicant(  659): Add access point on channel 6
02-28 18:01:35.924 D/wpa_supplicant(  659): Add access point on channel 11
02-28 18:01:35.924 D/wpa_supplicant(  659): Add access point on channel 11
02-28 18:01:35.924 D/wpa_supplicant(  659): Add access point on channel 1
02-28 18:01:35.924 D/wpa_supplicant(  659): Add access point on channel 6
02-28 18:01:35.924 D/wpa_supplicant(  659): Add access point on channel 1
02-28 18:01:35.924 D/wpa_supplicant(  659): Add access point on channel 6
02-28 18:01:35.924 D/wpa_supplicant(  659): Add access point on channel 11
02-28 18:01:35.924 I/WifiHW  (  506): EVENT: IFNAME=wlan0 CTRL-EVENT-BSS-REMOVED 215 b0:48:7a:51:ff:cc
02-28 18:01:35.924 D/wpa_supplicant(  659): Add access point on channel 11
02-28 18:01:35.924 D/wpa_supplicant(  659): Add access point on channel 6
02-28 18:01:35.924 D/wpa_supplicant(  659): Add access point on channel 6
02-28 18:01:35.924 D/wpa_supplicant(  659): Add access point on channel 1
02-28 18:01:35.924 D/wpa_supplicant(  659): Add access point on channel 6
02-28 18:01:35.924 D/wpa_supplicant(  659): Add access point on channel 7
02-28 18:01:35.924 D/wpa_supplicant(  659): Add access point on channel 11
02-28 18:01:35.924 D/wpa_supplicant(  659): Add access point on channel 6
02-28 18:01:35.924 D/wpa_supplicant(  659): Add access point on channel 8
02-28 18:01:35.924 D/wpa_supplicant(  659): Add access point on channel 6
02-28 18:01:35.924 D/wpa_supplicant(  659): Add access point on channel 2
02-28 18:01:35.924 D/wpa_supplicant(  659): Add access point on channel 1
02-28 18:01:35.924 D/wpa_supplicant(  659): Add access point on channel 1
02-28 18:01:35.924 D/wpa_supplicant(  659): Add access point on channel 13
02-28 18:01:35.924 D/wpa_supplicant(  659): Best Operating channel is = 11
02-28 18:01:35.924 D/wpa_supplicant(  659): WPS: AP[0] f8:d1:11:e7:99:e8 type=0 tries=0 last_attempt=-1 sec ago blacklist=0
02-28 18:01:35.924 D/wpa_supplicant(  659): WPS: AP[1] 44:94:fc:3d:da:38 type=0 tries=0 last_attempt=-1 sec ago blacklist=0
02-28 18:01:35.924 D/wpa_supplicant(  659): WPS: AP[2] cc:34:29:2b:26:4c type=0 tries=0 last_attempt=-1 sec ago blacklist=0
02-28 18:01:35.924 D/wpa_supplicant(  659): WPS: AP[3] cc:34:29:2c:fb:ec type=0 tries=0 last_attempt=-1 sec ago blacklist=0
02-28 18:01:35.924 D/wpa_supplicant(  659): WPS: AP[4] 98:fc:11:81:35:fb type=0 tries=0 last_attempt=-1 sec ago blacklist=0
02-28 18:01:35.924 D/wpa_supplicant(  659): WPS: AP[5] 14:d6:4d:28:ef:c8 type=0 tries=0 last_attempt=-1 sec ago blacklist=0
02-28 18:01:35.924 D/wpa_supplicant(  659): WPS: AP[6] c0:c1:c0:76:81:3c type=0 tries=0 last_attempt=-1 sec ago blacklist=0
02-28 18:01:35.924 D/wpa_supplicant(  659): WPS: AP[7] 10:9f:a9:dc:b1:fc type=0 tries=0 last_attempt=-1 sec ago blacklist=0
02-28 18:01:35.924 D/wpa_supplicant(  659): WPS: AP[8] 10:c3:7b:d2:e5:e0 type=0 tries=0 last_attempt=-1 sec ago blacklist=0
02-28 18:01:35.924 D/wpa_supplicant(  659): WPS: AP[9] e4:d3:32:36:2e:54 type=0 tries=0 last_attempt=-1 sec ago blacklist=0
02-28 18:01:35.924 D/wpa_supplicant(  659): WPS: AP[10] c0:a0:bb:20:3b:84 type=0 tries=0 last_attempt=-1 sec ago blacklist=0
02-28 18:01:35.924 D/wpa_supplicant(  659): WPS: AP[11] 2c:b0:5d:7f:f4:24 type=0 tries=0 last_attempt=-1 sec ago blacklist=0
02-28 18:01:35.924 D/wpa_supplicant(  659): WPS: AP[12] b0:48:7a:51:ff:cc type=0 tries=0 last_attempt=-1 sec ago blacklist=0
02-28 18:01:35.924 D/wpa_supplicant(  659): wlan0: Selecting BSS from priority group 20
02-28 18:01:35.934 D/wpa_supplicant(  659): wlan0: 0: f8:d1:11:e7:99:e8 ssid='videotest' wpa_ie_len=22 rsn_ie_len=20 caps=0x531 level=-48 wps
02-28 18:01:35.934 D/wpa_supplicant(  659): wlan0:    skip - SSID mismatch
02-28 18:01:35.934 D/wpa_supplicant(  659): wlan0: 1: c8:d7:19:60:62:f2 ssid='E3000-2.4G' wpa_ie_len=0 rsn_ie_len=20 caps=0x411 level=-48
02-28 18:01:35.934 D/wpa_supplicant(  659): wlan0:    skip - SSID mismatch
02-28 18:01:35.934 D/wpa_supplicant(  659): wlan0: 2: 6c:8b:2f:e8:38:24 ssid='ZTE_AP_6703' wpa_ie_len=0 rsn_ie_len=20 caps=0x511 level=-49
02-28 18:01:35.934 D/wpa_supplicant(  659): wlan0:    skip - SSID mismatch
02-28 18:01:35.934 D/wpa_supplicant(  659): wlan0: 3: 44:94:fc:3d:da:38 ssid='6300' wpa_ie_len=0 rsn_ie_len=20 caps=0x411 level=-49 wps
02-28 18:01:35.934 D/wpa_supplicant(  659): wlan0:    skip - SSID mismatch
02-28 18:01:35.934 D/wpa_supplicant(  659): wlan0: 4: 10:c3:7b:d2:e5:e0 ssid='ASUS_RT-AC66U-2.4G' wpa_ie_len=0 rsn_ie_len=20 caps=0x411 level=-56 wps
02-28 18:01:35.934 D/wpa_supplicant(  659): wlan0:    skip - SSID mismatch
02-28 18:01:35.934 D/wpa_supplicant(  659): wlan0: 5: 90:94:e4:03:45:f5 ssid='DAP-2553_D' wpa_ie_len=0 rsn_ie_len=24 caps=0x431 level=-59
02-28 18:01:35.934 D/wpa_supplicant(  659): wlan0:    skip - SSID mismatch
02-28 18:01:35.934 D/wpa_supplicant(  659): wlan0: 6: cc:34:29:2b:26:4c ssid='cws-test' wpa_ie_len=0 rsn_ie_len=20 caps=0x431 level=-61 wps
02-28 18:01:35.934 D/wpa_supplicant(  659): wlan0:    skip - SSID mismatch
02-28 18:01:35.934 D/wpa_supplicant(  659): wlan0: 7: 98:fc:11:81:35:fb ssid='E2000EE' wpa_ie_len=0 rsn_ie_len=20 caps=0x411 level=-62 wps
02-28 18:01:35.934 D/wpa_supplicant(  659): wlan0:    skip - SSID mismatch
02-28 18:01:35.934 D/wpa_supplicant(  659): wlan0: 8: c0:cb:38:7f:c9:09 ssid='360WiFi-7908' wpa_ie_len=0 rsn_ie_len=20 caps=0x511 level=-63
02-28 18:01:35.934 D/wpa_supplicant(  659): wlan0:    skip - SSID mismatch
02-28 18:01:35.934 D/wpa_supplicant(  659): wlan0: 9: cc:34:29:2c:fb:ec ssid='linksys' wpa_ie_len=22 rsn_ie_len=20 caps=0x431 level=-63 wps
02-28 18:01:35.934 D/wpa_supplicant(  659): wlan0:    skip - SSID mismatch
02-28 18:01:35.934 D/wpa_supplicant(  659): wlan0: 10: e4:d3:32:36:2e:54 ssid='otc' wpa_ie_len=26 rsn_ie_len=24 caps=0x411 level=-67 wps
02-28 18:01:35.934 D/wpa_supplicant(  659): wlan0:    skip - SSID mismatch
02-28 18:01:35.934 D/wpa_supplicant(  659): wlan0: 11: c4:17:fe:3f:4f:fb ssid='cmcm' wpa_ie_len=0 rsn_ie_len=20 caps=0x511 level=-72
02-28 18:01:35.934 D/wpa_supplicant(  659): wlan0:    skip - SSID mismatch
02-28 18:01:35.934 D/wpa_supplicant(  659): wlan0: 12: 00:0f:e2:0f:9f:c1 ssid='321_WAN' wpa_ie_len=28 rsn_ie_len=24 caps=0x411 level=-78
02-28 18:01:35.934 D/wpa_supplicant(  659): wlan0:    skip - SSID mismatch
02-28 18:01:35.934 D/wpa_supplicant(  659): wlan0: 13: 7a:24:af:1e:df:58 ssid='DIRECT-' wpa_ie_len=0 rsn_ie_len=0 caps=0x410 level=-47
02-28 18:01:35.934 D/wpa_supplicant(  659): wlan0:    skip - SSID mismatch
02-28 18:01:35.934 D/wpa_supplicant(  659): wlan0: 14: c0:c1:c0:76:81:3c ssid='E2000' wpa_ie_len=0 rsn_ie_len=0 caps=0x401 level=-57 wps
02-28 18:01:35.934 D/wpa_supplicant(  659): wlan0:    skip - SSID mismatch
02-28 18:01:35.934 D/wpa_supplicant(  659): wlan0: 15: 50:bd:5f:4b:29:92 ssid='Internet-2' wpa_ie_len=0 rsn_ie_len=0 caps=0x421 level=-64
02-28 18:01:35.934 D/wpa_supplicant(  659): wlan0:    skip - SSID mismatch
02-28 18:01:35.934 D/wpa_supplicant(  659): wlan0: 16: e4:d3:32:dd:18:62 ssid='Internet' wpa_ie_len=0 rsn_ie_len=0 caps=0x421 level=-74
02-28 18:01:35.934 D/wpa_supplicant(  659): wlan0:    skip - SSID mismatch
02-28 18:01:35.934 D/wpa_supplicant(  659): wlan0: Selecting BSS from priority group 19
02-28 18:01:35.934 D/wpa_supplicant(  659): wlan0: 0: f8:d1:11:e7:99:e8 ssid='videotest' wpa_ie_len=22 rsn_ie_len=20 caps=0x531 level=-48 wps
02-28 18:01:35.934 D/wpa_supplicant(  659): wlan0:    skip - SSID mismatch
02-28 18:01:35.934 D/wpa_supplicant(  659): wlan0: 1: c8:d7:19:60:62:f2 ssid='E3000-2.4G' wpa_ie_len=0 rsn_ie_len=20 caps=0x411 level=-48
02-28 18:01:35.934 D/wpa_supplicant(  659): wlan0:    skip - SSID mismatch
02-28 18:01:35.934 D/wpa_supplicant(  659): wlan0: 2: 6c:8b:2f:e8:38:24 ssid='ZTE_AP_6703' wpa_ie_len=0 rsn_ie_len=20 caps=0x511 level=-49
02-28 18:01:35.934 D/wpa_supplicant(  659): wlan0:    skip - SSID mismatch
02-28 18:01:35.934 D/wpa_supplicant(  659): wlan0: 3: 44:94:fc:3d:da:38 ssid='6300' wpa_ie_len=0 rsn_ie_len=20 caps=0x411 level=-49 wps
02-28 18:01:35.934 D/wpa_supplicant(  659): wlan0:    skip - SSID mismatch
02-28 18:01:35.934 D/wpa_supplicant(  659): wlan0: 4: 10:c3:7b:d2:e5:e0 ssid='ASUS_RT-AC66U-2.4G' wpa_ie_len=0 rsn_ie_len=20 caps=0x411 level=-56 wps
02-28 18:01:35.934 D/wpa_supplicant(  659): wlan0:    skip - SSID mismatch
02-28 18:01:35.934 D/wpa_supplicant(  659): wlan0: 5: 90:94:e4:03:45:f5 ssid='DAP-2553_D' wpa_ie_len=0 rsn_ie_len=24 caps=0x431 level=-59
02-28 18:01:35.934 D/wpa_supplicant(  659): wlan0:    skip - SSID mismatch
02-28 18:01:35.934 D/wpa_supplicant(  659): wlan0: 6: cc:34:29:2b:26:4c ssid='cws-test' wpa_ie_len=0 rsn_ie_len=20 caps=0x431 level=-61 wps
02-28 18:01:35.934 D/wpa_supplicant(  659): wlan0:    skip - SSID mismatch
02-28 18:01:35.934 D/wpa_supplicant(  659): wlan0: 7: 98:fc:11:81:35:fb ssid='E2000EE' wpa_ie_len=0 rsn_ie_len=20 caps=0x411 level=-62 wps
02-28 18:01:35.934 D/wpa_supplicant(  659): wlan0:    skip - SSID mismatch
02-28 18:01:35.934 D/wpa_supplicant(  659): wlan0: 8: c0:cb:38:7f:c9:09 ssid='360WiFi-7908' wpa_ie_len=0 rsn_ie_len=20 caps=0x511 level=-63
02-28 18:01:35.934 D/wpa_supplicant(  659): wlan0:    skip - SSID mismatch
02-28 18:01:35.934 D/wpa_supplicant(  659): wlan0: 9: cc:34:29:2c:fb:ec ssid='linksys' wpa_ie_len=22 rsn_ie_len=20 caps=0x431 level=-63 wps
02-28 18:01:35.934 D/wpa_supplicant(  659): wlan0:    skip - SSID mismatch
02-28 18:01:35.934 D/wpa_supplicant(  659): wlan0: 10: e4:d3:32:36:2e:54 ssid='otc' wpa_ie_len=26 rsn_ie_len=24 caps=0x411 level=-67 wps
02-28 18:01:35.934 D/wpa_supplicant(  659): wlan0:    skip - SSID mismatch
02-28 18:01:35.934 D/wpa_supplicant(  659): wlan0: 11: c4:17:fe:3f:4f:fb ssid='cmcm' wpa_ie_len=0 rsn_ie_len=20 caps=0x511 level=-72
02-28 18:01:35.934 D/wpa_supplicant(  659): wlan0:    skip - SSID mismatch
02-28 18:01:35.934 D/wpa_supplicant(  659): wlan0: 12: 00:0f:e2:0f:9f:c1 ssid='321_WAN' wpa_ie_len=28 rsn_ie_len=24 caps=0x411 level=-78
02-28 18:01:35.934 D/wpa_supplicant(  659): wlan0:    skip - SSID mismatch
02-28 18:01:35.934 D/wpa_supplicant(  659): wlan0: 13: 7a:24:af:1e:df:58 ssid='DIRECT-' wpa_ie_len=0 rsn_ie_len=0 caps=0x410 level=-47
02-28 18:01:35.934 D/wpa_supplicant(  659): wlan0:    skip - SSID mismatch
02-28 18:01:35.934 D/wpa_supplicant(  659): wlan0: 14: c0:c1:c0:76:81:3c ssid='E2000' wpa_ie_len=0 rsn_ie_len=0 caps=0x401 level=-57 wps
02-28 18:01:35.934 D/wpa_supplicant(  659): wlan0:    skip - SSID mismatch
02-28 18:01:35.934 D/wpa_supplicant(  659): wlan0: 15: 50:bd:5f:4b:29:92 ssid='Internet-2' wpa_ie_len=0 rsn_ie_len=0 caps=0x421 level=-64
02-28 18:01:35.934 D/wpa_supplicant(  659): wlan0:    skip - SSID mismatch
02-28 18:01:35.934 D/wpa_supplicant(  659): wlan0: 16: e4:d3:32:dd:18:62 ssid='Internet' wpa_ie_len=0 rsn_ie_len=0 caps=0x421 level=-74
02-28 18:01:35.934 D/wpa_supplicant(  659): wlan0:    skip - SSID mismatch
02-28 18:01:35.934 D/wpa_supplicant(  659): wlan0: Selecting BSS from priority group 18
02-28 18:01:35.934 D/wpa_supplicant(  659): wlan0: 0: f8:d1:11:e7:99:e8 ssid='videotest' wpa_ie_len=22 rsn_ie_len=20 caps=0x531 level=-48 wps
02-28 18:01:35.934 D/wpa_supplicant(  659): wlan0:    skip - SSID mismatch
02-28 18:01:35.934 D/wpa_supplicant(  659): wlan0: 1: c8:d7:19:60:62:f2 ssid='E3000-2.4G' wpa_ie_len=0 rsn_ie_len=20 caps=0x411 level=-48
02-28 18:01:35.934 D/wpa_supplicant(  659): wlan0:    skip - SSID mismatch
02-28 18:01:35.934 D/wpa_supplicant(  659): wlan0: 2: 6c:8b:2f:e8:38:24 ssid='ZTE_AP_6703' wpa_ie_len=0 rsn_ie_len=20 caps=0x511 level=-49
02-28 18:01:35.934 D/wpa_supplicant(  659): wlan0:    skip - SSID mismatch
02-28 18:01:35.934 D/wpa_supplicant(  659): wlan0: 3: 44:94:fc:3d:da:38 ssid='6300' wpa_ie_len=0 rsn_ie_len=20 caps=0x411 level=-49 wps
02-28 18:01:35.934 D/wpa_supplicant(  659): wlan0:    skip - SSID mismatch
02-28 18:01:35.934 D/wpa_supplicant(  659): wlan0: 4: 10:c3:7b:d2:e5:e0 ssid='ASUS_RT-AC66U-2.4G' wpa_ie_len=0 rsn_ie_len=20 caps=0x411 level=-56 wps
02-28 18:01:35.934 D/wpa_supplicant(  659): wlan0:    skip - SSID mismatch
02-28 18:01:35.934 D/wpa_supplicant(  659): wlan0: 5: 90:94:e4:03:45:f5 ssid='DAP-2553_D' wpa_ie_len=0 rsn_ie_len=24 caps=0x431 level=-59
02-28 18:01:35.934 D/wpa_supplicant(  659): wlan0:    skip - SSID mismatch
02-28 18:01:35.934 D/wpa_supplicant(  659): wlan0: 6: cc:34:29:2b:26:4c ssid='cws-test' wpa_ie_len=0 rsn_ie_len=20 caps=0x431 level=-61 wps
02-28 18:01:35.934 D/wpa_supplicant(  659): wlan0:    skip - SSID mismatch
02-28 18:01:35.934 D/wpa_supplicant(  659): wlan0: 7: 98:fc:11:81:35:fb ssid='E2000EE' wpa_ie_len=0 rsn_ie_len=20 caps=0x411 level=-62 wps
02-28 18:01:35.934 D/wpa_supplicant(  659): wlan0:    skip - SSID mismatch
02-28 18:01:35.934 D/wpa_supplicant(  659): wlan0: 8: c0:cb:38:7f:c9:09 ssid='360WiFi-7908' wpa_ie_len=0 rsn_ie_len=20 caps=0x511 level=-63
02-28 18:01:35.934 D/wpa_supplicant(  659): wlan0:    skip - SSID mismatch
02-28 18:01:35.934 D/wpa_supplicant(  659): wlan0: 9: cc:34:29:2c:fb:ec ssid='linksys' wpa_ie_len=22 rsn_ie_len=20 caps=0x431 level=-63 wps
02-28 18:01:35.934 D/wpa_supplicant(  659): wlan0:    skip - SSID mismatch
02-28 18:01:35.934 D/wpa_supplicant(  659): wlan0: 10: e4:d3:32:36:2e:54 ssid='otc' wpa_ie_len=26 rsn_ie_len=24 caps=0x411 level=-67 wps
02-28 18:01:35.934 D/wpa_supplicant(  659): wlan0:    skip - SSID mismatch
02-28 18:01:35.934 D/wpa_supplicant(  659): wlan0: 11: c4:17:fe:3f:4f:fb ssid='cmcm' wpa_ie_len=0 rsn_ie_len=20 caps=0x511 level=-72
02-28 18:01:35.934 D/wpa_supplicant(  659): wlan0:    skip - SSID mismatch
02-28 18:01:35.934 D/wpa_supplicant(  659): wlan0: 12: 00:0f:e2:0f:9f:c1 ssid='321_WAN' wpa_ie_len=28 rsn_ie_len=24 caps=0x411 level=-78
02-28 18:01:35.934 D/wpa_supplicant(  659): wlan0:    skip - SSID mismatch
02-28 18:01:35.934 D/wpa_supplicant(  659): wlan0: 13: 7a:24:af:1e:df:58 ssid='DIRECT-' wpa_ie_len=0 rsn_ie_len=0 caps=0x410 level=-47
02-28 18:01:35.934 D/wpa_supplicant(  659): wlan0:    skip - SSID mismatch
02-28 18:01:35.934 D/wpa_supplicant(  659): wlan0: 14: c0:c1:c0:76:81:3c ssid='E2000' wpa_ie_len=0 rsn_ie_len=0 caps=0x401 level=-57 wps
02-28 18:01:35.934 D/wpa_supplicant(  659): wlan0:    skip - SSID mismatch
02-28 18:01:35.934 D/wpa_supplicant(  659): wlan0: 15: 50:bd:5f:4b:29:92 ssid='Internet-2' wpa_ie_len=0 rsn_ie_len=0 caps=0x421 level=-64
02-28 18:01:35.934 D/wpa_supplicant(  659): wlan0:    skip - SSID mismatch
02-28 18:01:35.934 D/wpa_supplicant(  659): wlan0: 16: e4:d3:32:dd:18:62 ssid='Internet' wpa_ie_len=0 rsn_ie_len=0 caps=0x421 level=-74
02-28 18:01:35.934 D/wpa_supplicant(  659): wlan0:    skip - SSID mismatch
02-28 18:01:35.934 D/wpa_supplicant(  659): wlan0: Selecting BSS from priority group 17
02-28 18:01:35.934 D/wpa_supplicant(  659): wlan0: 0: f8:d1:11:e7:99:e8 ssid='videotest' wpa_ie_len=22 rsn_ie_len=20 caps=0x531 level=-48 wps
02-28 18:01:35.934 D/wpa_supplicant(  659): wlan0:    skip - SSID mismatch
02-28 18:01:35.934 D/wpa_supplicant(  659): wlan0: 1: c8:d7:19:60:62:f2 ssid='E3000-2.4G' wpa_ie_len=0 rsn_ie_len=20 caps=0x411 level=-48
02-28 18:01:35.934 D/wpa_supplicant(  659): wlan0:    skip - SSID mismatch
02-28 18:01:35.934 D/wpa_supplicant(  659): wlan0: 2: 6c:8b:2f:e8:38:24 ssid='ZTE_AP_6703' wpa_ie_len=0 rsn_ie_len=20 caps=0x511 level=-49
02-28 18:01:35.934 D/wpa_supplicant(  659): wlan0:    skip - SSID mismatch
02-28 18:01:35.934 D/wpa_supplicant(  659): wlan0: 3: 44:94:fc:3d:da:38 ssid='6300' wpa_ie_len=0 rsn_ie_len=20 caps=0x411 level=-49 wps
02-28 18:01:35.934 D/wpa_supplicant(  659): wlan0:    skip - SSID mismatch
02-28 18:01:35.934 D/wpa_supplicant(  659): wlan0: 4: 10:c3:7b:d2:e5:e0 ssid='ASUS_RT-AC66U-2.4G' wpa_ie_len=0 rsn_ie_len=20 caps=0x411 level=-56 wps
02-28 18:01:35.934 D/wpa_supplicant(  659): wlan0:    skip - SSID mismatch
02-28 18:01:35.934 D/wpa_supplicant(  659): wlan0: 5: 90:94:e4:03:45:f5 ssid='DAP-2553_D' wpa_ie_len=0 rsn_ie_len=24 caps=0x431 level=-59
02-28 18:01:35.934 D/wpa_supplicant(  659): wlan0:    skip - SSID mismatch
02-28 18:01:35.934 D/wpa_supplicant(  659): wlan0: 6: cc:34:29:2b:26:4c ssid='cws-test' wpa_ie_len=0 rsn_ie_len=20 caps=0x431 level=-61 wps
02-28 18:01:35.934 D/wpa_supplicant(  659): wlan0:    skip - SSID mismatch
02-28 18:01:35.934 D/wpa_supplicant(  659): wlan0: 7: 98:fc:11:81:35:fb ssid='E2000EE' wpa_ie_len=0 rsn_ie_len=20 caps=0x411 level=-62 wps
02-28 18:01:35.934 D/wpa_supplicant(  659): wlan0:    skip - SSID mismatch
02-28 18:01:35.934 D/wpa_supplicant(  659): wlan0: 8: c0:cb:38:7f:c9:09 ssid='360WiFi-7908' wpa_ie_len=0 rsn_ie_len=20 caps=0x511 level=-63
02-28 18:01:35.934 D/wpa_supplicant(  659): wlan0:    skip - SSID mismatch
02-28 18:01:35.934 D/wpa_supplicant(  659): wlan0: 9: cc:34:29:2c:fb:ec ssid='linksys' wpa_ie_len=22 rsn_ie_len=20 caps=0x431 level=-63 wps
02-28 18:01:35.934 D/wpa_supplicant(  659): wlan0:    skip - SSID mismatch
02-28 18:01:35.934 D/wpa_supplicant(  659): wlan0: 10: e4:d3:32:36:2e:54 ssid='otc' wpa_ie_len=26 rsn_ie_len=24 caps=0x411 level=-67 wps
02-28 18:01:35.934 D/wpa_supplicant(  659): wlan0:    skip - SSID mismatch
02-28 18:01:35.934 D/wpa_supplicant(  659): wlan0: 11: c4:17:fe:3f:4f:fb ssid='cmcm' wpa_ie_len=0 rsn_ie_len=20 caps=0x511 level=-72
02-28 18:01:35.934 D/wpa_supplicant(  659): wlan0:    skip - SSID mismatch
02-28 18:01:35.934 D/wpa_supplicant(  659): wlan0: 12: 00:0f:e2:0f:9f:c1 ssid='321_WAN' wpa_ie_len=28 rsn_ie_len=24 caps=0x411 level=-78
02-28 18:01:35.934 D/wpa_supplicant(  659): wlan0:    skip - SSID mismatch
02-28 18:01:35.934 D/wpa_supplicant(  659): wlan0: 13: 7a:24:af:1e:df:58 ssid='DIRECT-' wpa_ie_len=0 rsn_ie_len=0 caps=0x410 level=-47
02-28 18:01:35.934 D/wpa_supplicant(  659): wlan0:    skip - SSID mismatch
02-28 18:01:35.934 D/wpa_supplicant(  659): wlan0: 14: c0:c1:c0:76:81:3c ssid='E2000' wpa_ie_len=0 rsn_ie_len=0 caps=0x401 level=-57 wps
02-28 18:01:35.934 D/wpa_supplicant(  659): wlan0:    skip - SSID mismatch
02-28 18:01:35.934 D/wpa_supplicant(  659): wlan0: 15: 50:bd:5f:4b:29:92 ssid='Internet-2' wpa_ie_len=0 rsn_ie_len=0 caps=0x421 level=-64
02-28 18:01:35.934 D/wpa_supplicant(  659): wlan0:    skip - SSID mismatch
02-28 18:01:35.934 D/wpa_supplicant(  659): wlan0: 16: e4:d3:32:dd:18:62 ssid='Internet' wpa_ie_len=0 rsn_ie_len=0 caps=0x421 level=-74
02-28 18:01:35.934 D/wpa_supplicant(  659): wlan0:    skip - SSID mismatch
02-28 18:01:35.934 D/wpa_supplicant(  659): wlan0: Selecting BSS from priority group 15
02-28 18:01:35.934 D/wpa_supplicant(  659): wlan0: 0: f8:d1:11:e7:99:e8 ssid='videotest' wpa_ie_len=22 rsn_ie_len=20 caps=0x531 level=-48 wps
02-28 18:01:35.934 D/wpa_supplicant(  659): wlan0:    skip - SSID mismatch
02-28 18:01:35.934 D/wpa_supplicant(  659): wlan0: 1: c8:d7:19:60:62:f2 ssid='E3000-2.4G' wpa_ie_len=0 rsn_ie_len=20 caps=0x411 level=-48
02-28 18:01:35.934 D/wpa_supplicant(  659): wlan0:    skip - SSID mismatch
02-28 18:01:35.934 D/wpa_supplicant(  659): wlan0: 2: 6c:8b:2f:e8:38:24 ssid='ZTE_AP_6703' wpa_ie_len=0 rsn_ie_len=20 caps=0x511 level=-49
02-28 18:01:35.934 D/wpa_supplicant(  659): wlan0:    skip - SSID mismatch
02-28 18:01:35.934 D/wpa_supplicant(  659): wlan0: 3: 44:94:fc:3d:da:38 ssid='6300' wpa_ie_len=0 rsn_ie_len=20 caps=0x411 level=-49 wps
02-28 18:01:35.934 D/wpa_supplicant(  659): wlan0:    skip - SSID mismatch
02-28 18:01:35.934 D/wpa_supplicant(  659): wlan0: 4: 10:c3:7b:d2:e5:e0 ssid='ASUS_RT-AC66U-2.4G' wpa_ie_len=0 rsn_ie_len=20 caps=0x411 level=-56 wps
02-28 18:01:35.934 D/wpa_supplicant(  659): wlan0:    skip - SSID mismatch
02-28 18:01:35.934 D/wpa_supplicant(  659): wlan0: 5: 90:94:e4:03:45:f5 ssid='DAP-2553_D' wpa_ie_len=0 rsn_ie_len=24 caps=0x431 level=-59
02-28 18:01:35.934 D/wpa_supplicant(  659): wlan0:    skip - SSID mismatch
02-28 18:01:35.934 D/wpa_supplicant(  659): wlan0: 6: cc:34:29:2b:26:4c ssid='cws-test' wpa_ie_len=0 rsn_ie_len=20 caps=0x431 level=-61 wps
02-28 18:01:35.934 D/wpa_supplicant(  659): wlan0:    skip - SSID mismatch
02-28 18:01:35.934 D/wpa_supplicant(  659): wlan0: 7: 98:fc:11:81:35:fb ssid='E2000EE' wpa_ie_len=0 rsn_ie_len=20 caps=0x411 level=-62 wps
02-28 18:01:35.934 D/wpa_supplicant(  659): wlan0:    skip - SSID mismatch
02-28 18:01:35.934 D/wpa_supplicant(  659): wlan0: 8: c0:cb:38:7f:c9:09 ssid='360WiFi-7908' wpa_ie_len=0 rsn_ie_len=20 caps=0x511 level=-63
02-28 18:01:35.934 D/wpa_supplicant(  659): wlan0:    skip - SSID mismatch
02-28 18:01:35.934 D/wpa_supplicant(  659): wlan0: 9: cc:34:29:2c:fb:ec ssid='linksys' wpa_ie_len=22 rsn_ie_len=20 caps=0x431 level=-63 wps
02-28 18:01:35.934 D/wpa_supplicant(  659): wlan0:    skip - SSID mismatch
02-28 18:01:35.934 D/wpa_supplicant(  659): wlan0: 10: e4:d3:32:36:2e:54 ssid='otc' wpa_ie_len=26 rsn_ie_len=24 caps=0x411 level=-67 wps
02-28 18:01:35.934 D/wpa_supplicant(  659): wlan0:    skip - SSID mismatch
02-28 18:01:35.934 D/wpa_supplicant(  659): wlan0: 11: c4:17:fe:3f:4f:fb ssid='cmcm' wpa_ie_len=0 rsn_ie_len=20 caps=0x511 level=-72
02-28 18:01:35.934 D/wpa_supplicant(  659): wlan0:    skip - SSID mismatch
02-28 18:01:35.934 D/wpa_supplicant(  659): wlan0: 12: 00:0f:e2:0f:9f:c1 ssid='321_WAN' wpa_ie_len=28 rsn_ie_len=24 caps=0x411 level=-78
02-28 18:01:35.934 D/wpa_supplicant(  659): wlan0:    skip - SSID mismatch
02-28 18:01:35.934 D/wpa_supplicant(  659): wlan0: 13: 7a:24:af:1e:df:58 ssid='DIRECT-' wpa_ie_len=0 rsn_ie_len=0 caps=0x410 level=-47
02-28 18:01:35.934 D/wpa_supplicant(  659): wlan0:    skip - SSID mismatch
02-28 18:01:35.934 D/wpa_supplicant(  659): wlan0: 14: c0:c1:c0:76:81:3c ssid='E2000' wpa_ie_len=0 rsn_ie_len=0 caps=0x401 level=-57 wps
02-28 18:01:35.934 D/wpa_supplicant(  659): wlan0:    skip - SSID mismatch
02-28 18:01:35.934 D/wpa_supplicant(  659): wlan0: 15: 50:bd:5f:4b:29:92 ssid='Internet-2' wpa_ie_len=0 rsn_ie_len=0 caps=0x421 level=-64
02-28 18:01:35.934 D/wpa_supplicant(  659): wlan0:    skip - SSID mismatch
02-28 18:01:35.934 D/wpa_supplicant(  659): wlan0: 16: e4:d3:32:dd:18:62 ssid='Internet' wpa_ie_len=0 rsn_ie_len=0 caps=0x421 level=-74
02-28 18:01:35.934 D/wpa_supplicant(  659): wlan0:    skip - SSID mismatch
02-28 18:01:35.934 D/wpa_supplicant(  659): wlan0: Selecting BSS from priority group 4
02-28 18:01:35.934 D/wpa_supplicant(  659): wlan0: 0: f8:d1:11:e7:99:e8 ssid='videotest' wpa_ie_len=22 rsn_ie_len=20 caps=0x531 level=-48 wps
02-28 18:01:35.934 D/wpa_supplicant(  659): wlan0:    skip - disabled
02-28 18:01:35.934 D/wpa_supplicant(  659): wlan0: 1: c8:d7:19:60:62:f2 ssid='E3000-2.4G' wpa_ie_len=0 rsn_ie_len=20 caps=0x411 level=-48
02-28 18:01:35.934 D/wpa_supplicant(  659): wlan0:    skip - disabled
02-28 18:01:35.934 D/wpa_supplicant(  659): wlan0: 2: 6c:8b:2f:e8:38:24 ssid='ZTE_AP_6703' wpa_ie_len=0 rsn_ie_len=20 caps=0x511 level=-49
02-28 18:01:35.934 D/wpa_supplicant(  659): wlan0:    skip - disabled
02-28 18:01:35.934 D/wpa_supplicant(  659): wlan0: 3: 44:94:fc:3d:da:38 ssid='6300' wpa_ie_len=0 rsn_ie_len=20 caps=0x411 level=-49 wps
02-28 18:01:35.934 D/wpa_supplicant(  659): wlan0:    skip - disabled
02-28 18:01:35.934 D/wpa_supplicant(  659): wlan0: 4: 10:c3:7b:d2:e5:e0 ssid='ASUS_RT-AC66U-2.4G' wpa_ie_len=0 rsn_ie_len=20 caps=0x411 level=-56 wps
02-28 18:01:35.934 D/wpa_supplicant(  659): wlan0:    skip - disabled
02-28 18:01:35.934 D/wpa_supplicant(  659): wlan0: 5: 90:94:e4:03:45:f5 ssid='DAP-2553_D' wpa_ie_len=0 rsn_ie_len=24 caps=0x431 level=-59
02-28 18:01:35.934 D/wpa_supplicant(  659): wlan0:    skip - disabled
02-28 18:01:35.934 D/wpa_supplicant(  659): wlan0: 6: cc:34:29:2b:26:4c ssid='cws-test' wpa_ie_len=0 rsn_ie_len=20 caps=0x431 level=-61 wps
02-28 18:01:35.934 D/wpa_supplicant(  659): wlan0:    skip - disabled
02-28 18:01:35.934 D/wpa_supplicant(  659): wlan0: 7: 98:fc:11:81:35:fb ssid='E2000EE' wpa_ie_len=0 rsn_ie_len=20 caps=0x411 level=-62 wps
02-28 18:01:35.934 D/wpa_supplicant(  659): wlan0:    skip - disabled
02-28 18:01:35.934 D/wpa_supplicant(  659): wlan0: 8: c0:cb:38:7f:c9:09 ssid='360WiFi-7908' wpa_ie_len=0 rsn_ie_len=20 caps=0x511 level=-63
02-28 18:01:35.924 I/WifiHW  (  506): EVENT: IFNAME=wlan0 CTRL-EVENT-BSS-REMOVED 214 14:d6:4d:28:ef:c8
02-28 18:01:35.934 D/wpa_supplicant(  659): wlan0:    skip - disabled
02-28 18:01:35.934 D/wpa_supplicant(  659): wlan0: 9: cc:34:29:2c:fb:ec ssid='linksys' wpa_ie_len=22 rsn_ie_len=20 caps=0x431 level=-63 wps
02-28 18:01:35.934 D/wpa_supplicant(  659): wlan0:    skip - disabled
02-28 18:01:35.934 D/wpa_supplicant(  659): wlan0: 10: e4:d3:32:36:2e:54 ssid='otc' wpa_ie_len=26 rsn_ie_len=24 caps=0x411 level=-67 wps
02-28 18:01:35.934 I/WifiHW  (  506): EVENT: IFNAME=wlan0 CTRL-EVENT-SCAN-RESULTS 
02-28 18:01:35.934 D/wpa_supplicant(  659): wlan0:    skip - disabled
02-28 18:01:35.934 D/wpa_supplicant(  659): wlan0: 11: c4:17:fe:3f:4f:fb ssid='cmcm' wpa_ie_len=0 rsn_ie_len=20 caps=0x511 level=-72
02-28 18:01:35.934 D/wpa_supplicant(  659): wlan0:    skip - disabled
02-28 18:01:35.934 D/wpa_supplicant(  659): wlan0: 12: 00:0f:e2:0f:9f:c1 ssid='321_WAN' wpa_ie_len=28 rsn_ie_len=24 caps=0x411 level=-78
02-28 18:01:35.934 D/wpa_supplicant(  659): wlan0:    skip - disabled
02-28 18:01:35.934 D/wpa_supplicant(  659): wlan0: 13: 7a:24:af:1e:df:58 ssid='DIRECT-' wpa_ie_len=0 rsn_ie_len=0 caps=0x410 level=-47
02-28 18:01:35.934 D/wpa_supplicant(  659): wlan0:    skip - disabled
02-28 18:01:35.934 D/wpa_supplicant(  659): wlan0: 14: c0:c1:c0:76:81:3c ssid='E2000' wpa_ie_len=0 rsn_ie_len=0 caps=0x401 level=-57 wps
02-28 18:01:35.934 D/wpa_supplicant(  659): wlan0:    skip - disabled
02-28 18:01:35.934 D/wpa_supplicant(  659): wlan0: 15: 50:bd:5f:4b:29:92 ssid='Internet-2' wpa_ie_len=0 rsn_ie_len=0 caps=0x421 level=-64
02-28 18:01:35.934 D/wpa_supplicant(  659): wlan0:    skip - disabled
02-28 18:01:35.934 D/wpa_supplicant(  659): wlan0: 16: e4:d3:32:dd:18:62 ssid='Internet' wpa_ie_len=0 rsn_ie_len=0 caps=0x421 level=-74
02-28 18:01:35.934 D/wpa_supplicant(  659): wlan0:    skip - disabled
02-28 18:01:35.934 D/wpa_supplicant(  659): wlan0: No suitable network found
02-28 18:01:35.934 D/wpa_supplicant(  659): wlan0: Setting scan request: 40 sec 0 usec
02-28 18:01:35.934 D/wpa_supplicant(  659): wlan0: Checking for other virtual interfaces sharing same radio (phy0) in event_scan_results
02-28 18:01:35.934 D/wpa_supplicant(  659): p2p-dev-wlan0: Updating scan results from sibling
02-28 18:01:35.934 I/WifiHW  (  506): EVENT: IFNAME=wlan0 WPS-AP-AVAILABLE 
02-28 18:01:35.934 I/WifiHW  (  506): CMD: IFNAME=wlan0 BSS RANGE=0- MASK=0x21987
02-28 18:01:35.934 D/wpa_supplicant(  659): nl80211: Received scan results (18 BSSes)
02-28 18:01:35.934 D/wpa_supplicant(  659): nl80211: Survey data missing
02-28 18:01:35.934 D/wpa_supplicant(  659): p2p-dev-wlan0: BSS: Start scan result update 19
02-28 18:01:35.934 D/wpa_supplicant(  659): BSS: No P2P IE - skipping BSS f8:d1:11:e7:99:e8 update for P2P interface
02-28 18:01:35.934 D/wpa_supplicant(  659): BSS: No P2P IE - skipping BSS c8:d7:19:60:62:f2 update for P2P interface
02-28 18:01:35.934 D/wpa_supplicant(  659): BSS: No P2P IE - skipping BSS 6c:8b:2f:e8:38:24 update for P2P interface
02-28 18:01:35.934 D/wpa_supplicant(  659): BSS: No P2P IE - skipping BSS 44:94:fc:3d:da:38 update for P2P interface
02-28 18:01:35.934 D/wpa_supplicant(  659): BSS: No P2P IE - skipping BSS 10:c3:7b:d2:e5:e0 update for P2P interface
02-28 18:01:35.934 D/wpa_supplicant(  659): BSS: No P2P IE - skipping BSS 90:94:e4:03:45:f5 update for P2P interface
02-28 18:01:35.934 D/wpa_supplicant(  659): BSS: No P2P IE - skipping BSS cc:34:29:2b:26:4c update for P2P interface
02-28 18:01:35.934 D/wpa_supplicant(  659): BSS: No P2P IE - skipping BSS 98:fc:11:81:35:fb update for P2P interface
02-28 18:01:35.934 D/wpa_supplicant(  659): BSS: No P2P IE - skipping BSS c0:cb:38:7f:c9:09 update for P2P interface
02-28 18:01:35.934 D/wpa_supplicant(  659): BSS: No P2P IE - skipping BSS cc:34:29:2c:fb:ec update for P2P interface
02-28 18:01:35.934 D/wpa_supplicant(  659): BSS: No P2P IE - skipping BSS e4:d3:32:36:2e:54 update for P2P interface
02-28 18:01:35.934 D/wpa_supplicant(  659): BSS: No P2P IE - skipping BSS c4:17:fe:3f:4f:fb update for P2P interface
02-28 18:01:35.934 D/wpa_supplicant(  659): BSS: No P2P IE - skipping BSS 00:0f:e2:0f:9f:c1 update for P2P interface
02-28 18:01:35.934 D/wpa_supplicant(  659): BSS: No P2P IE - skipping BSS 7a:24:af:1e:df:58 update for P2P interface
02-28 18:01:35.934 D/wpa_supplicant(  659): BSS: No P2P IE - skipping BSS c0:c1:c0:76:81:3c update for P2P interface
02-28 18:01:35.934 D/wpa_supplicant(  659): BSS: No P2P IE - skipping BSS 50:bd:5f:4b:29:92 update for P2P interface
02-28 18:01:35.934 D/wpa_supplicant(  659): BSS: No P2P IE - skipping BSS e4:d3:32:dd:18:62 update for P2P interface
02-28 18:01:35.934 D/wpa_supplicant(  659): BSS: last_scan_res_used=0/0 last_scan_full=0
02-28 18:01:35.934 D/wpa_supplicant(  659): p2p-dev-wlan0: New scan results available
02-28 18:01:35.934 D/wpa_supplicant(  659): CTRL_IFACE monitor send - hexdump(len=39): 2f 64 61 74 61 2f 6d 69 73 63 2f 77 69 66 69 2f 73 6f 63 6b 65 74 73 2f 77 70 61 5f 63 74 72 6c ...
02-28 18:01:35.934 I/WifiHW  (  506): EVENT: IFNAME=p2p-dev-wlan0 CTRL-EVENT-SCAN-RESULTS 
02-28 18:01:35.934 D/wpa_supplicant(  659): WPS: AP[0] c8:d7:19:60:62:f2 type=0 tries=0 last_attempt=-1 sec ago blacklist=0
02-28 18:01:35.934 D/wpa_supplicant(  659): WPS: AP[1] f8:d1:11:e7:99:e8 type=0 tries=0 last_attempt=-1 sec ago blacklist=0
02-28 18:01:35.934 D/wpa_supplicant(  659): WPS: AP[2] cc:34:29:2c:fb:ec type=0 tries=0 last_attempt=-1 sec ago blacklist=0
02-28 18:01:35.934 D/wpa_supplicant(  659): WPS: AP[3] 10:c3:7b:d2:e5:e0 type=0 tries=0 last_attempt=-1 sec ago blacklist=0
02-28 18:01:35.934 D/wpa_supplicant(  659): WPS: AP[4] cc:34:29:2b:26:4c type=0 tries=0 last_attempt=-1 sec ago blacklist=0
02-28 18:01:35.934 D/wpa_supplicant(  659): WPS: AP[5] 44:94:fc:3d:da:38 type=0 tries=0 last_attempt=-1 sec ago blacklist=0
02-28 18:01:35.934 D/wpa_supplicant(  659): WPS: AP[6] b0:48:7a:51:ff:cc type=0 tries=0 last_attempt=-1 sec ago blacklist=0
02-28 18:01:35.934 D/wpa_supplicant(  659): WPS: AP[7] c0:c1:c0:76:81:3c type=0 tries=0 last_attempt=-1 sec ago blacklist=0
02-28 18:01:35.934 D/wpa_supplicant(  659): WPS: AP[8] 10:9f:a9:dc:b1:fc type=0 tries=0 last_attempt=-1 sec ago blacklist=0
02-28 18:01:35.934 D/wpa_supplicant(  659): WPS: AP[9] 98:fc:11:81:35:fb type=0 tries=0 last_attempt=-1 sec ago blacklist=0
02-28 18:01:35.934 D/wpa_supplicant(  659): WPS: AP[10] e4:d3:32:36:2e:54 type=0 tries=0 last_attempt=-1 sec ago blacklist=0
02-28 18:01:35.934 D/wpa_supplicant(  659): WPS: AP[11] c0:a0:bb:20:3b:84 type=0 tries=0 last_attempt=-1 sec ago blacklist=0
02-28 18:01:35.934 D/wpa_supplicant(  659): WPS: AP[12] 14:d6:4d:28:ef:c8 type=0 tries=0 last_attempt=-1 sec ago blacklist=0
02-28 18:01:35.934 D/wpa_supplicant(  659): WPS: AP[13] 2c:b0:5d:7f:f4:24 type=0 tries=0 last_attempt=-1 sec ago blacklist=0
02-28 18:01:35.934 D/wpa_supplicant(  659): p2p-dev-wlan0: No suitable network found
02-28 18:01:35.934 D/wpa_supplicant(  659): p2p-dev-wlan0: Short-circuit new scan request since there are no enabled networks
02-28 18:01:35.934 D/wpa_supplicant(  659): p2p-dev-wlan0: State: INACTIVE -> INACTIVE
02-28 18:01:35.934 D/wpa_supplicant(  659): wlan0: P2P: Station mode scan operation not pending anymore (sta_scan_pending=0 p2p_cb_on_scan_complete=0)
02-28 18:01:35.934 D/wpa_supplicant(  659): RX ctrl_iface - hexdump(len=25): 42 53 53 20 52 41 4e 47 45 3d 30 2d 20 4d 41 53 4b 3d 30 78 32 31 39 38 37
02-28 18:01:35.944 D/wpa_supplicant(  659): wlan0: Control interface command 'BSS RANGE=0- MASK=0x21987'
02-28 18:01:35.944 D/wpa_supplicant(  659): RTM_NEWLINK: operstate=0 ifi_flags=0x11003 ([UP][LOWER_UP])
02-28 18:01:35.944 D/wpa_supplicant(  659): RTM_NEWLINK, IFLA_IFNAME: Interface 'wlan0' added
02-28 18:01:35.944 D/wpa_supplicant(  659): nl80211: if_removed already cleared - ignore event
02-28 18:01:35.944 I/WifiHW  (  506): REPLY: id=175
02-28 18:01:35.944 I/WifiHW  (  506): REPLY: bssid=f8:d1:11:e7:99:e8
02-28 18:01:35.944 I/WifiHW  (  506): REPLY: freq=2437
02-28 18:01:35.944 I/WifiHW  (  506): REPLY: level=-48
02-28 18:01:35.944 I/WifiHW  (  506): REPLY: tsf=0000030417725112
02-28 18:01:35.944 I/WifiHW  (  506): REPLY: flags=[WPA-PSK-CCMP][WPA2-PSK-CCMP][WPS][ESS]
02-28 18:01:35.944 I/WifiHW  (  506): REPLY: ssid=videotest
02-28 18:01:35.944 I/WifiHW  (  506): REPLY: ====
02-28 18:01:35.944 I/WifiHW  (  506): REPLY: id=176
02-28 18:01:35.944 I/WifiHW  (  506): REPLY: bssid=c8:d7:19:60:62:f2
02-28 18:01:35.944 I/WifiHW  (  506): REPLY: freq=2437
02-28 18:01:35.944 I/WifiHW  (  506): REPLY: level=-48
02-28 18:01:35.944 I/WifiHW  (  506): REPLY: tsf=0000030417725158
02-28 18:01:35.944 I/WifiHW  (  506): REPLY: flags=[WPA2-EAP-CCMP-preauth][ESS]
02-28 18:01:35.944 I/WifiHW  (  506): REPLY: ssid=E3000-2.4G
02-28 18:01:35.944 I/WifiHW  (  506): REPLY: ====
02-28 18:01:35.944 I/WifiHW  (  506): REPLY: id=177
02-28 18:01:35.944 I/WifiHW  (  506): REPLY: bssid=6c:8b:2f:e8:38:24
02-28 18:01:35.944 I/WifiHW  (  506): REPLY: freq=2437
02-28 18:01:35.944 I/WifiHW  (  506): REPLY: level=-49
02-28 18:01:35.944 I/WifiHW  (  506): REPLY: tsf=0000030417725099
02-28 18:01:35.944 I/WifiHW  (  506): REPLY: flags=[WPA2-PSK-CCMP][ESS]
02-28 18:01:35.944 I/WifiHW  (  506): REPLY: ssid=ZTE_AP_6703
02-28 18:01:35.944 I/WifiHW  (  506): REPLY: ====
02-28 18:01:35.944 I/WifiHW  (  506): REPLY: id=178
02-28 18:01:35.944 I/WifiHW  (  506): REPLY: bssid=44:94:fc:3d:da:38
02-28 18:01:35.944 I/WifiHW  (  506): REPLY: freq=2462
02-28 18:01:35.944 I/WifiHW  (  506): REPLY: level=-49
02-28 18:01:35.944 I/WifiHW  (  506): REPLY: tsf=0000030417725204
02-28 18:01:35.944 I/WifiHW  (  506): REPLY: flags=[WPA2-EAP-CCMP-preauth][WPS][ESS]
02-28 18:01:35.944 I/WifiHW  (  506): REPLY: ssid=6300
02-28 18:01:35.944 I/WifiHW  (  506): REPLY: ====
02-28 18:01:35.944 I/WifiHW  (  506): REPLY: id=179
02-28 18:01:35.944 I/WifiHW  (  506): REPLY: bssid=cc:34:29:2b:26:4c
02-28 18:01:35.944 I/WifiHW  (  506): REPLY: freq=2462
02-28 18:01:35.944 I/WifiHW  (  506): REPLY: level=-61
02-28 18:01:35.944 I/WifiHW  (  506): REPLY: tsf=0000030417725176
02-28 18:01:35.944 I/WifiHW  (  506): REPLY: flags=[WPA2-PSK-CCMP][WPS][ESS]
02-28 18:01:35.944 I/WifiHW  (  506): REPLY: ssid=cws-test
02-28 18:01:35.944 I/WifiHW  (  506): REPLY: ====
02-28 18:01:35.944 I/WifiHW  (  506): REPLY: id=181
02-28 18:01:35.944 I/WifiHW  (  506): REPLY: bssid=cc:34:29:2c:fb:ec
02-28 18:01:35.944 I/WifiHW  (  506): REPLY: freq=2412
02-28 18:01:35.944 I/WifiHW  (  506): REPLY: level=-63
02-28 18:01:35.944 I/WifiHW  (  506): REPLY: tsf=0000030417725091
02-28 18:01:35.944 I/WifiHW  (  506): REPLY: flags=[WPA-PSK-CCMP][WPA2-PSK-CCMP][WPS][ESS]
02-28 18:01:35.944 I/WifiHW  (  506): REPLY: ssid=linksys
02-28 18:01:35.944 I/WifiHW  (  506): REPLY: ====
02-28 18:01:35.944 I/WifiHW  (  506): REPLY: id=182
02-28 18:01:35.944 I/WifiHW  (  506): REPLY: bssid=c4:17:fe:3f:4f:fb
02-28 18:01:35.944 I/WifiHW  (  506): REPLY: freq=2437
02-28 18:01:35.944 I/WifiHW  (  506): REPLY: level=-72
02-28 18:01:35.944 I/WifiHW  (  506): REPLY: tsf=0000030417725149
02-28 18:01:35.944 I/WifiHW  (  506): REPLY: flags=[WPA2-PSK-CCMP][ESS]
02-28 18:01:35.944 I/WifiHW  (  506): REPLY: ssid=cmcm
02-28 18:01:35.944 I/WifiHW  (  506): REPLY: ====
02-28 18:01:35.944 I/WifiHW  (  506): REPLY: id=183
02-28 18:01:35.944 I/WifiHW  (  506): REPLY: bssid=98:fc:11:81:35:fb
02-28 18:01:35.944 I/WifiHW  (  506): REPLY: freq=2412
02-28 18:01:35.944 I/WifiHW  (  506): REPLY: level=-62
02-28 18:01:35.944 I/WifiHW  (  506): REPLY: tsf=0000030417725081
02-28 18:01:35.944 I/WifiHW  (  506): REPLY: flags=[WPA2-PSK-CCMP][WPS][ESS]
02-28 18:01:35.944 I/WifiHW  (  506): REPLY: ssid=E2000EE
02-28 18:01:35.944 I/WifiHW  (  506): REPLY: ====
02-28 18:01:35.944 I/WifiHW  (  506): REPLY: id=187
02-28 18:01:35.944 I/WifiHW  (  506): REPLY: bssid=c0:cb:38:7f:c9:09
02-28 18:01:35.944 I/WifiHW  (  506): REPLY: freq=2437
02-28 18:01:35.944 I/WifiHW  (  506): REPLY: level=-63
02-28 18:01:35.944 I/WifiHW  (  506): REPLY: tsf=0000030417725121
02-28 18:01:35.944 I/WifiHW  (  506): REPLY: flags=[WPA2-PSK-CCMP][ESS]
02-28 18:01:35.944 I/WifiHW  (  506): REPLY: ssid=360WiFi-7908
02-28 18:01:35.944 I/WifiHW  (  506): REPLY: ====
02-28 18:01:35.944 I/WifiHW  (  506): REPLY: id=190
02-28 18:01:35.944 I/WifiHW  (  506): REPLY: bssid=c0:c1:c0:76:81:3c
02-28 18:01:35.944 I/WifiHW  (  506): REPLY: freq=2462
02-28 18:01:35.944 I/WifiHW  (  506): REPLY: level=-57
02-28 18:01:35.944 I/WifiHW  (  506): REPLY: tsf=0000030417725213
02-28 18:01:35.944 I/WifiHW  (  506): REPLY: flags=[WPS][ESS]
02-28 18:01:35.944 I/WifiHW  (  506): REPLY: ssid=E2000
02-28 18:01:35.944 I/WifiHW  (  506): REPLY: ====
02-28 18:01:35.944 I/WifiHW  (  506): REPLY: id=193
02-28 18:01:35.944 I/WifiHW  (  506): REPLY: bssid=10:c3:7b:d2:e5:e0
02-28 18:01:35.944 I/WifiHW  (  506): REPLY: freq=2462
02-28 18:01:35.944 I/WifiHW  (  506): REPLY: level=-56
02-28 18:01:35.944 I/WifiHW  (  506): REPLY: tsf=0000030417725231
02-28 18:01:35.944 I/WifiHW  (  506): REPLY: flags=[WPA2-PSK-CCMP][WPS][ESS]
02-28 18:01:35.944 I/WifiHW  (  506): REPLY: ssid=ASUS_RT-AC66U-2.4G
02-28 18:01:35.944 I/WifiHW  (  506): REPLY: ====
02-28 18:01:35.944 I/WifiHW  (  506): REPLY: id=205
02-28 18:01:35.944 I/WifiHW  (  506): REPLY: bssid=50:bd:5f:4b:29:92
02-28 18:01:35.944 I/WifiHW  (  506): REPLY: freq=2437
02-28 18:01:35.944 I/WifiHW  (  506): REPLY: level=-64
02-28 18:01:35.944 I/WifiHW  (  506): REPLY: tsf=0000030417725139
02-28 18:01:35.944 I/WifiHW  (  506): REPLY: flags=[ESS]
02-28 18:01:35.944 I/WifiHW  (  506): REPLY: ssid=Internet-2
02-28 18:01:35.944 I/WifiHW  (  506): REPLY: ====
02-28 18:01:35.944 I/WifiHW  (  506): REPLY: id=207
02-28 18:01:35.944 I/WifiHW  (  506): REPLY: bssid=e4:d3:32:c0:cf:a4
02-28 18:01:35.944 I/WifiHW  (  506): REPLY: freq=2437
02-28 18:01:35.944 I/WifiHW  (  506): REPLY: level=-71
02-28 18:01:35.944 I/WifiHW  (  506): REPLY: tsf=0000030376508906
02-28 18:01:35.944 I/WifiHW  (  506): REPLY: flags=[WPA2-PSK-CCMP][ESS]
02-28 18:01:35.944 I/WifiHW  (  506): REPLY: ssid=fast
02-28 18:01:35.944 I/WifiHW  (  506): REPLY: ====
02-28 18:01:35.944 I/WifiHW  (  506): REPLY: id=217
02-28 18:01:35.944 I/WifiHW  (  506): REPLY: bssid=7a:24:af:1e:df:58
02-28 18:01:35.944 I/WifiHW  (  506): REPLY: freq=2412
02-28 18:01:35.944 I/WifiHW  (  506): REPLY: level=-47
02-28 18:01:35.944 I/WifiHW  (  506): REPLY: tsf=0000030417725195
02-28 18:01:35.944 I/WifiHW  (  506): REPLY: flags=[WEP]
02-28 18:01:35.944 I/WifiHW  (  506): REPLY: ssid=DIRECT-
02-28 18:01:35.944 I/WifiHW  (  506): REPLY: ====
02-28 18:01:35.944 I/WifiHW  (  506): REPLY: id=218
02-28 18:01:35.944 I/WifiHW  (  506): REPLY: bssid=02:1a:11:f8:2f:eb
02-28 18:01:35.944 I/WifiHW  (  506): REPLY: freq=2437
02-28 18:01:35.944 I/WifiHW  (  506): REPLY: level=-68
02-28 18:01:35.944 I/WifiHW  (  506): REPLY: tsf=0000030376508915
02-28 18:01:35.944 I/WifiHW  (  506): REPLY: flags=[WPA2-PSK-CCMP][ESS]
02-28 18:01:35.944 I/WifiHW  (  506): REPLY: ssid=io1
02-28 18:01:35.944 I/WifiHW  (  506): REPLY: ====
02-28 18:01:35.944 I/WifiHW  (  506): REPLY: id=229
02-28 18:01:35.944 I/WifiHW  (  506): REPLY: bssid=90:94:e4:03:45:f5
02-28 18:01:35.944 I/WifiHW  (  506): REPLY: freq=2442
02-28 18:01:35.944 I/WifiHW  (  506): REPLY: level=-59
02-28 18:01:35.944 I/WifiHW  (  506): REPLY: tsf=0000030417725167
02-28 18:01:35.944 I/WifiHW  (  506): REPLY: flags=[WPA2-PSK-CCMP+TKIP][ESS]
02-28 18:01:35.944 I/WifiHW  (  506): REPLY: ssid=DAP-2553_D
02-28 18:01:35.944 I/WifiHW  (  506): REPLY: ====
02-28 18:01:35.944 I/WifiHW  (  506): REPLY: id=231
02-28 18:01:35.944 I/WifiHW  (  506): REPLY: bssid=00:0f:e2:0f:9f:c1
02-28 18:01:35.944 I/WifiHW  (  506): REPLY: freq=2462
02-28 18:01:35.944 I/WifiHW  (  506): REPLY: level=-78
02-28 18:01:35.944 I/WifiHW  (  506): REPLY: tsf=0000030417725185
02-28 18:01:35.944 I/WifiHW  (  506): REPLY: flags=[WPA-PSK-CCMP+TKIP][WPA2-PSK-CCMP+TKIP][ESS]
02-28 18:01:35.944 I/WifiHW  (  506): REPLY: ssid=321_WAN
02-28 18:01:35.944 I/WifiHW  (  506): REPLY: ====
02-28 18:01:35.944 I/WifiHW  (  506): REPLY: id=232
02-28 18:01:35.944 I/WifiHW  (  506): REPLY: bssid=e4:d3:32:dd:18:62
02-28 18:01:35.944 I/WifiHW  (  506): REPLY: freq=2437
02-28 18:01:35.944 I/WifiHW  (  506): REPLY: level=-74
02-28 18:01:35.944 I/WifiHW  (  506): REPLY: tsf=0000030417725131
02-28 18:01:35.944 I/WifiHW  (  506): REPLY: flags=[ESS]
02-28 18:01:35.944 I/WifiHW  (  506): REPLY: ssid=Internet
02-28 18:01:35.944 I/WifiHW  (  506): REPLY: ====
02-28 18:01:35.944 I/WifiHW  (  506): REPLY: id=233
02-28 18:01:35.944 I/WifiHW  (  506): REPLY: bssid=cc:b2:55:e2:84:70
02-28 18:01:35.944 I/WifiHW  (  506): REPLY: freq=2447
02-28 18:01:35.944 I/WifiHW  (  506): REPLY: level=-70
02-28 18:01:35.944 I/WifiHW  (  506): REPLY: tsf=0000030376508938
02-28 18:01:35.944 I/WifiHW  (  506): REPLY: flags=[WPA-PSK-TKIP][WPA2-PSK-TKIP][ESS]
02-28 18:01:35.944 I/WifiHW  (  506): REPLY: ssid=DLINK_APK
02-28 18:01:35.944 I/WifiHW  (  506): REPLY: ====
02-28 18:01:35.944 I/WifiHW  (  506): REPLY: id=234
02-28 18:01:35.944 I/WifiHW  (  506): REPLY: bssid=f4:b7:e2:2b:41:b7
02-28 18:01:35.944 I/WifiHW  (  506): REPLY: freq=2437
02-28 18:01:35.944 I/WifiHW  (  506): REPLY: level=-77
02-28 18:01:35.944 I/WifiHW  (  506): REPLY: tsf=0000030376508888
02-28 18:01:35.944 I/WifiHW  (  506): REPLY: flags=[WPA2-PSK-CCMP][ESS]
02-28 18:01:35.944 I/WifiHW  (  506): REPLY: ssid=cmscc
02-28 18:01:35.944 I/WifiHW  (  506): REPLY: ====
02-28 18:01:35.944 I/WifiHW  (  506): REPLY: id=235
02-28 18:01:35.944 I/WifiHW  (  506): REPLY: bssid=c0:a0:bb:20:3b:84
02-28 18:01:35.944 I/WifiHW  (  506): REPLY: freq=2417
02-28 18:01:35.944 I/WifiHW  (  506): REPLY: level=-79
02-28 18:01:35.944 I/WifiHW  (  506): REPLY: tsf=0000030376508825
02-28 18:01:35.944 I/WifiHW  (  506): REPLY: flags=[WPA-PSK-CCMP+TKIP][WPA2-PSK-CCMP+TKIP][WPS][ESS]
02-28 18:01:35.944 I/WifiHW  (  506): REPLY: ssid=dlink-3B84
02-28 18:01:35.944 I/WifiHW  (  506): REPLY: ====
02-28 18:01:35.944 I/WifiHW  (  506): REPLY: id=236
02-28 18:01:35.944 I/WifiHW  (  506): REPLY: bssid=2c:b0:5d:7f:f4:24
02-28 18:01:35.944 I/WifiHW  (  506): REPLY: freq=2412
02-28 18:01:35.944 I/WifiHW  (  506): REPLY: level=-87
02-28 18:01:35.944 I/WifiHW  (  506): REPLY: tsf=0000030376508816
02-28 18:01:35.944 I/WifiHW  (  506): REPLY: flags=[WPA2-PSK-CCMP][WPS][ESS]
02-28 18:01:35.944 I/WifiHW  (  506): REPLY: ssid=NETGEAR38
02-28 18:01:35.944 I/WifiHW  (  506): REPLY: ====
02-28 18:01:35.944 I/WifiHW  (  506): REPLY: id=237
02-28 18:01:35.944 I/WifiHW  (  506): REPLY: bssid=02:09:4c:f5:5a:af
02-28 18:01:35.944 I/WifiHW  (  506): REPLY: freq=2412
02-28 18:01:35.944 I/WifiHW  (  506): REPLY: level=-71
02-28 18:01:35.944 I/WifiHW  (  506): REPLY: tsf=0000030376508897
02-28 18:01:35.944 I/WifiHW  (  506): REPLY: flags=[WEP]
02-28 18:01:35.944 I/WifiHW  (  506): REPLY: ssid=DIRECT-
02-28 18:01:35.944 I/WifiHW  (  506): REPLY: ====
02-28 18:01:35.944 I/WifiHW  (  506): REPLY: id=238
02-28 18:01:35.944 I/WifiHW  (  506): REPLY: bssid=e4:d3:32:36:2e:54
02-28 18:01:35.944 I/WifiHW  (  506): REPLY: freq=2472
02-28 18:01:35.944 I/WifiHW  (  506): REPLY: level=-67
02-28 18:01:35.944 I/WifiHW  (  506): REPLY: tsf=0000030417725241
02-28 18:01:35.944 I/WifiHW  (  506): REPLY: flags=[WPA-PSK-CCMP+TKIP][WPA2-PSK-CCMP+TKIP][WPS][ESS]
02-28 18:01:35.944 I/WifiHW  (  506): REPLY: ssid=otc
02-28 18:01:35.944 I/WifiHW  (  506): REPLY: ####
02-28 18:01:42.314 D/EVENT_THREAD(  187): void CEventThread::run() POLLIN event on Fd (1)
02-28 18:01:42.314 D/EVENT_THREAD(  187): void CEventThread::run() Do poll with timeout: -1
02-28 18:01:42.314 I/upi_ug31xx(  167): (3215) update_capacity
02-28 18:01:42.314 I/[UPI]   (  167): <UG31/E>[UpiReadCapacity]: V=4153(4155), T=360(360-422), I=-328, C=-3(-3-0)
02-28 18:01:42.314 I/[UPI]   (  167): <UG31/E>[UpiReadCapacity]: (0x0000214a) 3325 (3241) / 3602 (3602) = 92
02-28 18:01:42.314 I/[UPI]   (  167): <UG31/E>[UpiReadCapacity]: (0x0000214a) 3325 (3241) / 3602 (3602) = 92
02-28 18:01:42.314 I/[UPI]   (  167): <UG31/E>[UpiReadCapacity]: (0x0000214a) 3322 (3322) / 3602 (3602) = 92
02-28 18:01:42.314 I/[UPI]   (  167): <UG31/E>[RsocFilterCountTime]: (0x0000214a) Step=1(91240), Full=0(91240), Lock=91240(1800000)
02-28 18:01:42.314 I/[UPI]   (  167): <UG31/E>[UpiReadCapacity]: (0x0000214a) 3322 (3322) / 3602 (3602) = 92 (-328--328)
02-28 18:01:42.314 I/[UPI]   (  167): <UG31/E><BATT> M:normal, P:92(92-92)%, V:4155mV, C:-301mA, T:36.0C(422), S:0x0000214a(000), R:3322mAh, F:3602mAh, Q:2693mAh, CC:3, P:30.440(277-0)s, BO:7, 97:615:0-44af-9m:B001-20140514-144301 (2)
02-28 18:01:42.314 D/EVENT_THREAD(  187): void CEventThread::run() POLLIN event on Fd (1)
02-28 18:01:42.314 D/EVENT_THREAD(  187): void CEventThread::run() Do poll with timeout: -1
02-28 18:01:42.364 I/upi_ug31xx(  167): (3216) backup_data 
02-28 18:01:42.364 V/upi_ug31xx(  167): state->check_backup_count = 1
02-28 18:02:00.004 D/Clock   (  570): ACTION_TIME_TICK
02-28 18:02:00.004 D/Clock   (  570): update clock:6:02
02-28 18:02:00.034 D/BatteryStatsImpl(  506): noteStopWakeLocked system isFromForeground = false
02-28 18:02:11.734 D/EVENT_THREAD(  187): void CEventThread::run() POLLIN event on Fd (1)
02-28 18:02:11.734 D/EVENT_THREAD(  187): void CEventThread::run() Do poll with timeout: -1
02-28 18:02:12.634 D/EVENT_THREAD(  187): void CEventThread::run() POLLIN event on Fd (1)
02-28 18:02:12.634 D/EVENT_THREAD(  187): void CEventThread::run() Do poll with timeout: -1
02-28 18:02:12.634 I/upi_ug31xx(  167): (3217) update_capacity
02-28 18:02:12.634 I/[UPI]   (  167): <UG31/E>[UpiReadCapacity]: V=4153(4155), T=359(359-421), I=-315, C=-2(-2-0)
02-28 18:02:12.634 I/[UPI]   (  167): <UG31/E>[UpiReadCapacity]: (0x0000214a) 3322 (3241) / 3602 (3602) = 92
02-28 18:02:12.634 I/[UPI]   (  167): <UG31/E>[UpiReadCapacity]: (0x0000214a) 3322 (3241) / 3602 (3602) = 92
02-28 18:02:12.634 I/[UPI]   (  167): <UG31/E>[UpiReadCapacity]: (0x0000214a) 3320 (3320) / 3602 (3602) = 92
02-28 18:02:12.634 I/[UPI]   (  167): <UG31/E>[RsocFilterCountTime]: (0x0000214a) Step=2(121560), Full=1(121560), Lock=121560(1800000)
02-28 18:02:12.634 I/[UPI]   (  167): <UG31/E>[UpiReadCapacity]: (0x0000214a) 3320 (3320) / 3602 (3602) = 92 (-315--315)
