02-28 17:49:54.324 D/wpa_supplicant(  659): Authorize channel 10
02-28 17:49:54.324 D/wpa_supplicant(  659): Authorize channel 11
02-28 17:49:54.324 D/wpa_supplicant(  659): Authorize channel 12
02-28 17:49:54.324 D/wpa_supplicant(  659): Authorize channel 13
02-28 17:49:54.324 D/wpa_supplicant(  659): Authorize channel 1
02-28 17:49:54.324 D/wpa_supplicant(  659): Authorize channel 2
02-28 17:49:54.324 D/wpa_supplicant(  659): Authorize channel 3
02-28 17:49:54.324 I/WifiHW  (  506): EVENT: IFNAME=wlan0 WPS-AP-AVAILABLE 
02-28 17:49:54.324 I/WifiHW  (  506): CMD: IFNAME=wlan0 BSS RANGE=0- MASK=0x21987
02-28 17:49:54.324 D/wpa_supplicant(  659): Authorize channel 4
02-28 17:49:54.324 D/wpa_supplicant(  659): Authorize channel 5
02-28 17:49:54.324 D/wpa_supplicant(  659): Authorize channel 6
02-28 17:49:54.324 D/wpa_supplicant(  659): Authorize channel 7
02-28 17:49:54.324 D/wpa_supplicant(  659): Authorize channel 8
02-28 17:49:54.324 D/wpa_supplicant(  659): Authorize channel 9
02-28 17:49:54.324 D/wpa_supplicant(  659): Authorize channel 10
02-28 17:49:54.324 D/wpa_supplicant(  659): Authorize channel 11
02-28 17:49:54.324 D/wpa_supplicant(  659): Authorize channel 12
02-28 17:49:54.324 D/wpa_supplicant(  659): Authorize channel 13
02-28 17:49:54.324 D/wpa_supplicant(  659): Add access point on channel 6
02-28 17:49:54.324 D/wpa_supplicant(  659): Add access point on channel 6
02-28 17:49:54.324 D/wpa_supplicant(  659): Add access point on channel 6
02-28 17:49:54.324 D/wpa_supplicant(  659): Add access point on channel 11
02-28 17:49:54.324 D/wpa_supplicant(  659): Add access point on channel 11
02-28 17:49:54.324 D/wpa_supplicant(  659): Add access point on channel 7
02-28 17:49:54.324 D/wpa_supplicant(  659): Add access point on channel 1
02-28 17:49:54.324 D/wpa_supplicant(  659): Add access point on channel 6
02-28 17:49:54.324 D/wpa_supplicant(  659): Add access point on channel 1
02-28 17:49:54.324 D/wpa_supplicant(  659): Add access point on channel 6
02-28 17:49:54.324 D/wpa_supplicant(  659): Add access point on channel 6
02-28 17:49:54.324 D/wpa_supplicant(  659): Add access point on channel 1
02-28 17:49:54.324 D/wpa_supplicant(  659): Add access point on channel 11
02-28 17:49:54.324 D/wpa_supplicant(  659): Add access point on channel 6
02-28 17:49:54.324 D/wpa_supplicant(  659): Add access point on channel 6
02-28 17:49:54.324 D/wpa_supplicant(  659): Add access point on channel 11
02-28 17:49:54.324 D/wpa_supplicant(  659): Add access point on channel 13
02-28 17:49:54.324 D/wpa_supplicant(  659): Add access point on channel 11
02-28 17:49:54.324 D/wpa_supplicant(  659): Add access point on channel 8
02-28 17:49:54.324 D/wpa_supplicant(  659): Add access point on channel 6
02-28 17:49:54.324 D/wpa_supplicant(  659): Add access point on channel 2
02-28 17:49:54.324 D/wpa_supplicant(  659): Add access point on channel 1
02-28 17:49:54.324 D/wpa_supplicant(  659): Best Operating channel is = 11
02-28 17:49:54.324 D/wpa_supplicant(  659): WPS: AP c0:a0:bb:20:3b:84 type 0 added
02-28 17:49:54.324 D/wpa_supplicant(  659): WPS: AP 2c:b0:5d:7f:f4:24 type 0 added
02-28 17:49:54.324 D/wpa_supplicant(  659): WPS: AP[0] f8:d1:11:e7:99:e8 type=0 tries=0 last_attempt=-1 sec ago blacklist=0
02-28 17:49:54.324 D/wpa_supplicant(  659): WPS: AP[1] 44:94:fc:3d:da:38 type=0 tries=0 last_attempt=-1 sec ago blacklist=0
02-28 17:49:54.324 D/wpa_supplicant(  659): WPS: AP[2] cc:34:29:2b:26:4c type=0 tries=0 last_attempt=-1 sec ago blacklist=0
02-28 17:49:54.324 D/wpa_supplicant(  659): WPS: AP[3] cc:34:29:2c:fb:ec type=0 tries=0 last_attempt=-1 sec ago blacklist=0
02-28 17:49:54.324 D/wpa_supplicant(  659): WPS: AP[4] 98:fc:11:81:35:fb type=0 tries=0 last_attempt=-1 sec ago blacklist=0
02-28 17:49:54.324 D/wpa_supplicant(  659): WPS: AP[5] 14:d6:4d:28:ef:c8 type=0 tries=0 last_attempt=-1 sec ago blacklist=0
02-28 17:49:54.324 D/wpa_supplicant(  659): WPS: AP[6] c0:c1:c0:76:81:3c type=0 tries=0 last_attempt=-1 sec ago blacklist=0
02-28 17:49:54.324 D/wpa_supplicant(  659): WPS: AP[7] 10:9f:a9:dc:b1:fc type=0 tries=0 last_attempt=-1 sec ago blacklist=0
02-28 17:49:54.324 D/wpa_supplicant(  659): WPS: AP[8] 10:c3:7b:d2:e5:e0 type=0 tries=0 last_attempt=-1 sec ago blacklist=0
02-28 17:49:54.324 D/wpa_supplicant(  659): WPS: AP[9] e4:d3:32:36:2e:54 type=0 tries=0 last_attempt=-1 sec ago blacklist=0
02-28 17:49:54.324 D/wpa_supplicant(  659): WPS: AP[10] c0:a0:bb:20:3b:84 type=0 tries=0 last_attempt=-1 sec ago blacklist=0
02-28 17:49:54.324 D/wpa_supplicant(  659): WPS: AP[11] 2c:b0:5d:7f:f4:24 type=0 tries=0 last_attempt=-1 sec ago blacklist=0
02-28 17:49:54.324 D/wpa_supplicant(  659): wlan0: Selecting BSS from priority group 20
02-28 17:49:54.324 D/wpa_supplicant(  659): wlan0: 0: c8:d7:19:60:62:f2 ssid='E3000-2.4G' wpa_ie_len=0 rsn_ie_len=20 caps=0x411 level=-43
02-28 17:49:54.324 D/wpa_supplicant(  659): wlan0:    skip - SSID mismatch
02-28 17:49:54.324 D/wpa_supplicant(  659): wlan0: 1: f8:d1:11:e7:99:e8 ssid='videotest' wpa_ie_len=22 rsn_ie_len=20 caps=0x531 level=-47 wps
02-28 17:49:54.324 D/wpa_supplicant(  659): wlan0:    skip - SSID mismatch
02-28 17:49:54.324 D/wpa_supplicant(  659): wlan0: 2: 6c:8b:2f:e8:38:24 ssid='ZTE_AP_6703' wpa_ie_len=0 rsn_ie_len=20 caps=0x511 level=-50
02-28 17:49:54.324 D/wpa_supplicant(  659): wlan0:    skip - SSID mismatch
02-28 17:49:54.324 D/wpa_supplicant(  659): wlan0: 3: 44:94:fc:3d:da:38 ssid='6300' wpa_ie_len=0 rsn_ie_len=20 caps=0x411 level=-50 wps
02-28 17:49:54.324 D/wpa_supplicant(  659): wlan0:    skip - SSID mismatch
02-28 17:49:54.324 D/wpa_supplicant(  659): wlan0: 4: 90:94:e4:03:45:f5 ssid='DAP-2553_D' wpa_ie_len=0 rsn_ie_len=24 caps=0x431 level=-58
02-28 17:49:54.324 D/wpa_supplicant(  659): wlan0:    skip - SSID mismatch
02-28 17:49:54.324 D/wpa_supplicant(  659): wlan0: 5: 10:c3:7b:d2:e5:e0 ssid='ASUS_RT-AC66U-2.4G' wpa_ie_len=0 rsn_ie_len=20 caps=0x411 level=-59 wps
02-28 17:49:54.324 D/wpa_supplicant(  659): wlan0:    skip - SSID mismatch
02-28 17:49:54.324 D/wpa_supplicant(  659): wlan0: 6: cc:34:29:2b:26:4c ssid='cws-test' wpa_ie_len=0 rsn_ie_len=20 caps=0x431 level=-59 wps
02-28 17:49:54.324 D/wpa_supplicant(  659): wlan0:    skip - SSID mismatch
02-28 17:49:54.324 D/wpa_supplicant(  659): wlan0: 7: c4:17:fe:3f:4f:fb ssid='cmcm' wpa_ie_len=0 rsn_ie_len=20 caps=0x511 level=-62
02-28 17:49:54.324 D/wpa_supplicant(  659): wlan0:    skip - SSID mismatch
02-28 17:49:54.324 D/wpa_supplicant(  659): wlan0: 8: cc:34:29:2c:fb:ec ssid='linksys' wpa_ie_len=22 rsn_ie_len=20 caps=0x431 level=-63 wps
02-28 17:49:54.324 D/wpa_supplicant(  659): wlan0:    skip - SSID mismatch
02-28 17:49:54.324 D/wpa_supplicant(  659): wlan0: 9: 98:fc:11:81:35:fb ssid='E2000EE' wpa_ie_len=0 rsn_ie_len=20 caps=0x411 level=-67 wps
02-28 17:49:54.324 D/wpa_supplicant(  659): wlan0:    skip - SSID mismatch
02-28 17:49:54.324 D/wpa_supplicant(  659): wlan0: 10: cc:b2:55:e2:84:70 ssid='DLINK_APK' wpa_ie_len=22 rsn_ie_len=20 caps=0x411 level=-74
02-28 17:49:54.324 D/wpa_supplicant(  659): wlan0:    skip - SSID mismatch
02-28 17:49:54.324 D/wpa_supplicant(  659): wlan0: 11: e4:d3:32:36:2e:54 ssid='otc' wpa_ie_len=26 rsn_ie_len=24 caps=0x411 level=-74 wps
02-28 17:49:54.324 D/wpa_supplicant(  659): wlan0:    skip - SSID mismatch
02-28 17:49:54.324 D/wpa_supplicant(  659): wlan0: 12: 00:0f:e2:0f:9f:c1 ssid='321_WAN' wpa_ie_len=28 rsn_ie_len=24 caps=0x411 level=-77
02-28 17:49:54.324 D/wpa_supplicant(  659): wlan0:    skip - SSID mismatch
02-28 17:49:54.324 D/wpa_supplicant(  659): wlan0: 13: c0:cb:38:7f:c9:09 ssid='360WiFi-7908' wpa_ie_len=0 rsn_ie_len=20 caps=0x511 level=-77
02-28 17:49:54.324 D/wpa_supplicant(  659): wlan0:    skip - SSID mismatch
02-28 17:49:54.324 D/wpa_supplicant(  659): wlan0: 14: f4:b7:e2:2b:41:b7 ssid='cmscc' wpa_ie_len=0 rsn_ie_len=20 caps=0x31 level=-78
02-28 17:49:54.324 D/wpa_supplicant(  659): wlan0:    skip - SSID mismatch
02-28 17:49:54.324 D/wpa_supplicant(  659): wlan0: 15: c0:a0:bb:20:3b:84 ssid='dlink-3B84' wpa_ie_len=26 rsn_ie_len=24 caps=0x411 level=-78 wps
02-28 17:49:54.324 D/wpa_supplicant(  659): wlan0:    skip - SSID mismatch
02-28 17:49:54.324 D/wpa_supplicant(  659): wlan0: 16: 2c:b0:5d:7f:f4:24 ssid='NETGEAR38' wpa_ie_len=0 rsn_ie_len=20 caps=0x431 level=-91 wps
02-28 17:49:54.324 D/wpa_supplicant(  659): wlan0:    skip - SSID mismatch
02-28 17:49:54.324 D/wpa_supplicant(  659): wlan0: 17: 7a:24:af:24:0f:48 ssid='DIRECT-' wpa_ie_len=0 rsn_ie_len=0 caps=0x410 level=-42
02-28 17:49:54.324 D/wpa_supplicant(  659): wlan0:    skip - SSID mismatch
02-28 17:49:54.324 D/wpa_supplicant(  659): wlan0: 18: c0:c1:c0:76:81:3c ssid='E2000' wpa_ie_len=0 rsn_ie_len=0 caps=0x401 level=-59 wps
02-28 17:49:54.324 D/wpa_supplicant(  659): wlan0:    skip - SSID mismatch
02-28 17:49:54.324 D/wpa_supplicant(  659): wlan0: 19: 50:bd:5f:4b:29:92 ssid='Internet-2' wpa_ie_len=0 rsn_ie_len=0 caps=0x421 level=-66
02-28 17:49:54.324 D/wpa_supplicant(  659): wlan0:    skip - SSID mismatch
02-28 17:49:54.324 D/wpa_supplicant(  659): wlan0: 20: e4:d3:32:dd:18:62 ssid='Internet' wpa_ie_len=0 rsn_ie_len=0 caps=0x421 level=-73
02-28 17:49:54.324 D/wpa_supplicant(  659): wlan0:    skip - SSID mismatch
02-28 17:49:54.324 D/wpa_supplicant(  659): wlan0: Selecting BSS from priority group 19
02-28 17:49:54.324 D/wpa_supplicant(  659): wlan0: 0: c8:d7:19:60:62:f2 ssid='E3000-2.4G' wpa_ie_len=0 rsn_ie_len=20 caps=0x411 level=-43
02-28 17:49:54.324 D/wpa_supplicant(  659): wlan0:    skip - SSID mismatch
02-28 17:49:54.324 D/wpa_supplicant(  659): wlan0: 1: f8:d1:11:e7:99:e8 ssid='videotest' wpa_ie_len=22 rsn_ie_len=20 caps=0x531 level=-47 wps
02-28 17:49:54.324 D/wpa_supplicant(  659): wlan0:    skip - SSID mismatch
02-28 17:49:54.324 D/wpa_supplicant(  659): wlan0: 2: 6c:8b:2f:e8:38:24 ssid='ZTE_AP_6703' wpa_ie_len=0 rsn_ie_len=20 caps=0x511 level=-50
02-28 17:49:54.324 D/wpa_supplicant(  659): wlan0:    skip - SSID mismatch
02-28 17:49:54.324 D/wpa_supplicant(  659): wlan0: 3: 44:94:fc:3d:da:38 ssid='6300' wpa_ie_len=0 rsn_ie_len=20 caps=0x411 level=-50 wps
02-28 17:49:54.324 D/wpa_supplicant(  659): wlan0:    skip - SSID mismatch
02-28 17:49:54.324 D/wpa_supplicant(  659): wlan0: 4: 90:94:e4:03:45:f5 ssid='DAP-2553_D' wpa_ie_len=0 rsn_ie_len=24 caps=0x431 level=-58
02-28 17:49:54.324 D/wpa_supplicant(  659): wlan0:    skip - SSID mismatch
02-28 17:49:54.324 D/wpa_supplicant(  659): wlan0: 5: 10:c3:7b:d2:e5:e0 ssid='ASUS_RT-AC66U-2.4G' wpa_ie_len=0 rsn_ie_len=20 caps=0x411 level=-59 wps
02-28 17:49:54.324 D/wpa_supplicant(  659): wlan0:    skip - SSID mismatch
02-28 17:49:54.324 D/wpa_supplicant(  659): wlan0: 6: cc:34:29:2b:26:4c ssid='cws-test' wpa_ie_len=0 rsn_ie_len=20 caps=0x431 level=-59 wps
02-28 17:49:54.324 D/wpa_supplicant(  659): wlan0:    skip - SSID mismatch
02-28 17:49:54.324 D/wpa_supplicant(  659): wlan0: 7: c4:17:fe:3f:4f:fb ssid='cmcm' wpa_ie_len=0 rsn_ie_len=20 caps=0x511 level=-62
02-28 17:49:54.324 D/wpa_supplicant(  659): wlan0:    skip - SSID mismatch
02-28 17:49:54.324 D/wpa_supplicant(  659): wlan0: 8: cc:34:29:2c:fb:ec ssid='linksys' wpa_ie_len=22 rsn_ie_len=20 caps=0x431 level=-63 wps
02-28 17:49:54.324 D/wpa_supplicant(  659): wlan0:    skip - SSID mismatch
02-28 17:49:54.324 D/wpa_supplicant(  659): wlan0: 9: 98:fc:11:81:35:fb ssid='E2000EE' wpa_ie_len=0 rsn_ie_len=20 caps=0x411 level=-67 wps
02-28 17:49:54.324 D/wpa_supplicant(  659): wlan0:    skip - SSID mismatch
02-28 17:49:54.324 D/wpa_supplicant(  659): wlan0: 10: cc:b2:55:e2:84:70 ssid='DLINK_APK' wpa_ie_len=22 rsn_ie_len=20 caps=0x411 level=-74
02-28 17:49:54.324 D/wpa_supplicant(  659): wlan0:    skip - SSID mismatch
02-28 17:49:54.324 D/wpa_supplicant(  659): wlan0: 11: e4:d3:32:36:2e:54 ssid='otc' wpa_ie_len=26 rsn_ie_len=24 caps=0x411 level=-74 wps
02-28 17:49:54.324 D/wpa_supplicant(  659): wlan0:    skip - SSID mismatch
02-28 17:49:54.324 D/wpa_supplicant(  659): wlan0: 12: 00:0f:e2:0f:9f:c1 ssid='321_WAN' wpa_ie_len=28 rsn_ie_len=24 caps=0x411 level=-77
02-28 17:49:54.324 D/wpa_supplicant(  659): wlan0:    skip - SSID mismatch
02-28 17:49:54.324 D/wpa_supplicant(  659): wlan0: 13: c0:cb:38:7f:c9:09 ssid='360WiFi-7908' wpa_ie_len=0 rsn_ie_len=20 caps=0x511 level=-77
02-28 17:49:54.324 D/wpa_supplicant(  659): wlan0:    skip - SSID mismatch
02-28 17:49:54.324 D/wpa_supplicant(  659): wlan0: 14: f4:b7:e2:2b:41:b7 ssid='cmscc' wpa_ie_len=0 rsn_ie_len=20 caps=0x31 level=-78
02-28 17:49:54.324 D/wpa_supplicant(  659): wlan0:    skip - SSID mismatch
02-28 17:49:54.324 D/wpa_supplicant(  659): wlan0: 15: c0:a0:bb:20:3b:84 ssid='dlink-3B84' wpa_ie_len=26 rsn_ie_len=24 caps=0x411 level=-78 wps
02-28 17:49:54.324 D/wpa_supplicant(  659): wlan0:    skip - SSID mismatch
02-28 17:49:54.324 D/wpa_supplicant(  659): wlan0: 16: 2c:b0:5d:7f:f4:24 ssid='NETGEAR38' wpa_ie_len=0 rsn_ie_len=20 caps=0x431 level=-91 wps
02-28 17:49:54.324 D/wpa_supplicant(  659): wlan0:    skip - SSID mismatch
02-28 17:49:54.324 D/wpa_supplicant(  659): wlan0: 17: 7a:24:af:24:0f:48 ssid='DIRECT-' wpa_ie_len=0 rsn_ie_len=0 caps=0x410 level=-42
02-28 17:49:54.324 D/wpa_supplicant(  659): wlan0:    skip - SSID mismatch
02-28 17:49:54.324 D/wpa_supplicant(  659): wlan0: 18: c0:c1:c0:76:81:3c ssid='E2000' wpa_ie_len=0 rsn_ie_len=0 caps=0x401 level=-59 wps
02-28 17:49:54.324 D/wpa_supplicant(  659): wlan0:    skip - SSID mismatch
02-28 17:49:54.324 D/wpa_supplicant(  659): wlan0: 19: 50:bd:5f:4b:29:92 ssid='Internet-2' wpa_ie_len=0 rsn_ie_len=0 caps=0x421 level=-66
02-28 17:49:54.324 D/wpa_supplicant(  659): wlan0:    skip - SSID mismatch
02-28 17:49:54.324 D/wpa_supplicant(  659): wlan0: 20: e4:d3:32:dd:18:62 ssid='Internet' wpa_ie_len=0 rsn_ie_len=0 caps=0x421 level=-73
02-28 17:49:54.324 D/wpa_supplicant(  659): wlan0:    skip - SSID mismatch
02-28 17:49:54.324 D/wpa_supplicant(  659): wlan0: Selecting BSS from priority group 18
02-28 17:49:54.324 D/wpa_supplicant(  659): wlan0: 0: c8:d7:19:60:62:f2 ssid='E3000-2.4G' wpa_ie_len=0 rsn_ie_len=20 caps=0x411 level=-43
02-28 17:49:54.324 D/wpa_supplicant(  659): wlan0:    skip - SSID mismatch
02-28 17:49:54.324 D/wpa_supplicant(  659): wlan0: 1: f8:d1:11:e7:99:e8 ssid='videotest' wpa_ie_len=22 rsn_ie_len=20 caps=0x531 level=-47 wps
02-28 17:49:54.324 D/wpa_supplicant(  659): wlan0:    skip - SSID mismatch
02-28 17:49:54.324 D/wpa_supplicant(  659): wlan0: 2: 6c:8b:2f:e8:38:24 ssid='ZTE_AP_6703' wpa_ie_len=0 rsn_ie_len=20 caps=0x511 level=-50
02-28 17:49:54.324 D/wpa_supplicant(  659): wlan0:    skip - SSID mismatch
02-28 17:49:54.324 D/wpa_supplicant(  659): wlan0: 3: 44:94:fc:3d:da:38 ssid='6300' wpa_ie_len=0 rsn_ie_len=20 caps=0x411 level=-50 wps
02-28 17:49:54.324 D/wpa_supplicant(  659): wlan0:    skip - SSID mismatch
02-28 17:49:54.324 D/wpa_supplicant(  659): wlan0: 4: 90:94:e4:03:45:f5 ssid='DAP-2553_D' wpa_ie_len=0 rsn_ie_len=24 caps=0x431 level=-58
02-28 17:49:54.324 D/wpa_supplicant(  659): wlan0:    skip - SSID mismatch
02-28 17:49:54.324 D/wpa_supplicant(  659): wlan0: 5: 10:c3:7b:d2:e5:e0 ssid='ASUS_RT-AC66U-2.4G' wpa_ie_len=0 rsn_ie_len=20 caps=0x411 level=-59 wps
02-28 17:49:54.324 D/wpa_supplicant(  659): wlan0:    skip - SSID mismatch
02-28 17:49:54.324 D/wpa_supplicant(  659): wlan0: 6: cc:34:29:2b:26:4c ssid='cws-test' wpa_ie_len=0 rsn_ie_len=20 caps=0x431 level=-59 wps
02-28 17:49:54.324 D/wpa_supplicant(  659): wlan0:    skip - SSID mismatch
02-28 17:49:54.324 D/wpa_supplicant(  659): wlan0: 7: c4:17:fe:3f:4f:fb ssid='cmcm' wpa_ie_len=0 rsn_ie_len=20 caps=0x511 level=-62
02-28 17:49:54.324 D/wpa_supplicant(  659): wlan0:    skip - SSID mismatch
02-28 17:49:54.324 D/wpa_supplicant(  659): wlan0: 8: cc:34:29:2c:fb:ec ssid='linksys' wpa_ie_len=22 rsn_ie_len=20 caps=0x431 level=-63 wps
02-28 17:49:54.324 D/wpa_supplicant(  659): wlan0:    skip - SSID mismatch
02-28 17:49:54.324 D/wpa_supplicant(  659): wlan0: 9: 98:fc:11:81:35:fb ssid='E2000EE' wpa_ie_len=0 rsn_ie_len=20 caps=0x411 level=-67 wps
02-28 17:49:54.324 D/wpa_supplicant(  659): wlan0:    skip - SSID mismatch
02-28 17:49:54.324 D/wpa_supplicant(  659): wlan0: 10: cc:b2:55:e2:84:70 ssid='DLINK_APK' wpa_ie_len=22 rsn_ie_len=20 caps=0x411 level=-74
02-28 17:49:54.324 D/wpa_supplicant(  659): wlan0:    skip - SSID mismatch
02-28 17:49:54.324 D/wpa_supplicant(  659): wlan0: 11: e4:d3:32:36:2e:54 ssid='otc' wpa_ie_len=26 rsn_ie_len=24 caps=0x411 level=-74 wps
02-28 17:49:54.324 D/wpa_supplicant(  659): wlan0:    skip - SSID mismatch
02-28 17:49:54.324 D/wpa_supplicant(  659): wlan0: 12: 00:0f:e2:0f:9f:c1 ssid='321_WAN' wpa_ie_len=28 rsn_ie_len=24 caps=0x411 level=-77
02-28 17:49:54.324 D/wpa_supplicant(  659): wlan0:    skip - SSID mismatch
02-28 17:49:54.324 D/wpa_supplicant(  659): wlan0: 13: c0:cb:38:7f:c9:09 ssid='360WiFi-7908' wpa_ie_len=0 rsn_ie_len=20 caps=0x511 level=-77
02-28 17:49:54.324 D/wpa_supplicant(  659): wlan0:    skip - SSID mismatch
02-28 17:49:54.324 D/wpa_supplicant(  659): wlan0: 14: f4:b7:e2:2b:41:b7 ssid='cmscc' wpa_ie_len=0 rsn_ie_len=20 caps=0x31 level=-78
02-28 17:49:54.324 D/wpa_supplicant(  659): wlan0:    skip - SSID mismatch
02-28 17:49:54.324 D/wpa_supplicant(  659): wlan0: 15: c0:a0:bb:20:3b:84 ssid='dlink-3B84' wpa_ie_len=26 rsn_ie_len=24 caps=0x411 level=-78 wps
02-28 17:49:54.324 D/wpa_supplicant(  659): wlan0:    skip - SSID mismatch
02-28 17:49:54.324 D/wpa_supplicant(  659): wlan0: 16: 2c:b0:5d:7f:f4:24 ssid='NETGEAR38' wpa_ie_len=0 rsn_ie_len=20 caps=0x431 level=-91 wps
02-28 17:49:54.324 D/wpa_supplicant(  659): wlan0:    skip - SSID mismatch
02-28 17:49:54.324 D/wpa_supplicant(  659): wlan0: 17: 7a:24:af:24:0f:48 ssid='DIRECT-' wpa_ie_len=0 rsn_ie_len=0 caps=0x410 level=-42
02-28 17:49:54.324 D/wpa_supplicant(  659): wlan0:    skip - SSID mismatch
02-28 17:49:54.324 D/wpa_supplicant(  659): wlan0: 18: c0:c1:c0:76:81:3c ssid='E2000' wpa_ie_len=0 rsn_ie_len=0 caps=0x401 level=-59 wps
02-28 17:49:54.324 D/wpa_supplicant(  659): wlan0:    skip - SSID mismatch
02-28 17:49:54.324 D/wpa_supplicant(  659): wlan0: 19: 50:bd:5f:4b:29:92 ssid='Internet-2' wpa_ie_len=0 rsn_ie_len=0 caps=0x421 level=-66
02-28 17:49:54.324 D/wpa_supplicant(  659): wlan0:    skip - SSID mismatch
02-28 17:49:54.324 D/wpa_supplicant(  659): wlan0: 20: e4:d3:32:dd:18:62 ssid='Internet' wpa_ie_len=0 rsn_ie_len=0 caps=0x421 level=-73
02-28 17:49:54.324 D/wpa_supplicant(  659): wlan0:    skip - SSID mismatch
02-28 17:49:54.324 D/wpa_supplicant(  659): wlan0: Selecting BSS from priority group 17
02-28 17:49:54.324 D/wpa_supplicant(  659): wlan0: 0: c8:d7:19:60:62:f2 ssid='E3000-2.4G' wpa_ie_len=0 rsn_ie_len=20 caps=0x411 level=-43
02-28 17:49:54.324 D/wpa_supplicant(  659): wlan0:    skip - SSID mismatch
02-28 17:49:54.324 D/wpa_supplicant(  659): wlan0: 1: f8:d1:11:e7:99:e8 ssid='videotest' wpa_ie_len=22 rsn_ie_len=20 caps=0x531 level=-47 wps
02-28 17:49:54.324 D/wpa_supplicant(  659): wlan0:    skip - SSID mismatch
02-28 17:49:54.324 D/wpa_supplicant(  659): wlan0: 2: 6c:8b:2f:e8:38:24 ssid='ZTE_AP_6703' wpa_ie_len=0 rsn_ie_len=20 caps=0x511 level=-50
02-28 17:49:54.324 D/wpa_supplicant(  659): wlan0:    skip - SSID mismatch
02-28 17:49:54.324 D/wpa_supplicant(  659): wlan0: 3: 44:94:fc:3d:da:38 ssid='6300' wpa_ie_len=0 rsn_ie_len=20 caps=0x411 level=-50 wps
02-28 17:49:54.324 D/wpa_supplicant(  659): wlan0:    skip - SSID mismatch
02-28 17:49:54.324 D/wpa_supplicant(  659): wlan0: 4: 90:94:e4:03:45:f5 ssid='DAP-2553_D' wpa_ie_len=0 rsn_ie_len=24 caps=0x431 level=-58
02-28 17:49:54.324 D/wpa_supplicant(  659): wlan0:    skip - SSID mismatch
02-28 17:49:54.324 D/wpa_supplicant(  659): wlan0: 5: 10:c3:7b:d2:e5:e0 ssid='ASUS_RT-AC66U-2.4G' wpa_ie_len=0 rsn_ie_len=20 caps=0x411 level=-59 wps
02-28 17:49:54.324 D/wpa_supplicant(  659): wlan0:    skip - SSID mismatch
02-28 17:49:54.324 D/wpa_supplicant(  659): wlan0: 6: cc:34:29:2b:26:4c ssid='cws-test' wpa_ie_len=0 rsn_ie_len=20 caps=0x431 level=-59 wps
02-28 17:49:54.324 D/wpa_supplicant(  659): wlan0:    skip - SSID mismatch
02-28 17:49:54.324 D/wpa_supplicant(  659): wlan0: 7: c4:17:fe:3f:4f:fb ssid='cmcm' wpa_ie_len=0 rsn_ie_len=20 caps=0x511 level=-62
02-28 17:49:54.324 D/wpa_supplicant(  659): wlan0:    skip - SSID mismatch
02-28 17:49:54.324 D/wpa_supplicant(  659): wlan0: 8: cc:34:29:2c:fb:ec ssid='linksys' wpa_ie_len=22 rsn_ie_len=20 caps=0x431 level=-63 wps
02-28 17:49:54.324 D/wpa_supplicant(  659): wlan0:    skip - SSID mismatch
02-28 17:49:54.324 D/wpa_supplicant(  659): wlan0: 9: 98:fc:11:81:35:fb ssid='E2000EE' wpa_ie_len=0 rsn_ie_len=20 caps=0x411 level=-67 wps
02-28 17:49:54.324 D/wpa_supplicant(  659): wlan0:    skip - SSID mismatch
02-28 17:49:54.324 D/wpa_supplicant(  659): wlan0: 10: cc:b2:55:e2:84:70 ssid='DLINK_APK' wpa_ie_len=22 rsn_ie_len=20 caps=0x411 level=-74
02-28 17:49:54.324 D/wpa_supplicant(  659): wlan0:    skip - SSID mismatch
02-28 17:49:54.324 D/wpa_supplicant(  659): wlan0: 11: e4:d3:32:36:2e:54 ssid='otc' wpa_ie_len=26 rsn_ie_len=24 caps=0x411 level=-74 wps
02-28 17:49:54.324 D/wpa_supplicant(  659): wlan0:    skip - SSID mismatch
02-28 17:49:54.324 D/wpa_supplicant(  659): wlan0: 12: 00:0f:e2:0f:9f:c1 ssid='321_WAN' wpa_ie_len=28 rsn_ie_len=24 caps=0x411 level=-77
02-28 17:49:54.324 D/wpa_supplicant(  659): wlan0:    skip - SSID mismatch
02-28 17:49:54.324 D/wpa_supplicant(  659): wlan0: 13: c0:cb:38:7f:c9:09 ssid='360WiFi-7908' wpa_ie_len=0 rsn_ie_len=20 caps=0x511 level=-77
02-28 17:49:54.324 D/wpa_supplicant(  659): wlan0:    skip - SSID mismatch
02-28 17:49:54.324 D/wpa_supplicant(  659): wlan0: 14: f4:b7:e2:2b:41:b7 ssid='cmscc' wpa_ie_len=0 rsn_ie_len=20 caps=0x31 level=-78
02-28 17:49:54.324 D/wpa_supplicant(  659): wlan0:    skip - SSID mismatch
02-28 17:49:54.324 D/wpa_supplicant(  659): wlan0: 15: c0:a0:bb:20:3b:84 ssid='dlink-3B84' wpa_ie_len=26 rsn_ie_len=24 caps=0x411 level=-78 wps
02-28 17:49:54.324 D/wpa_supplicant(  659): wlan0:    skip - SSID mismatch
02-28 17:49:54.324 D/wpa_supplicant(  659): wlan0: 16: 2c:b0:5d:7f:f4:24 ssid='NETGEAR38' wpa_ie_len=0 rsn_ie_len=20 caps=0x431 level=-91 wps
02-28 17:49:54.324 D/wpa_supplicant(  659): wlan0:    skip - SSID mismatch
02-28 17:49:54.324 D/wpa_supplicant(  659): wlan0: 17: 7a:24:af:24:0f:48 ssid='DIRECT-' wpa_ie_len=0 rsn_ie_len=0 caps=0x410 level=-42
02-28 17:49:54.324 D/wpa_supplicant(  659): wlan0:    skip - SSID mismatch
02-28 17:49:54.324 D/wpa_supplicant(  659): wlan0: 18: c0:c1:c0:76:81:3c ssid='E2000' wpa_ie_len=0 rsn_ie_len=0 caps=0x401 level=-59 wps
02-28 17:49:54.324 D/wpa_supplicant(  659): wlan0:    skip - SSID mismatch
02-28 17:49:54.324 D/wpa_supplicant(  659): wlan0: 19: 50:bd:5f:4b:29:92 ssid='Internet-2' wpa_ie_len=0 rsn_ie_len=0 caps=0x421 level=-66
02-28 17:49:54.324 D/wpa_supplicant(  659): wlan0:    skip - SSID mismatch
02-28 17:49:54.324 D/wpa_supplicant(  659): wlan0: 20: e4:d3:32:dd:18:62 ssid='Internet' wpa_ie_len=0 rsn_ie_len=0 caps=0x421 level=-73
02-28 17:49:54.324 D/wpa_supplicant(  659): wlan0:    skip - SSID mismatch
02-28 17:49:54.324 D/wpa_supplicant(  659): wlan0: Selecting BSS from priority group 15
02-28 17:49:54.324 D/wpa_supplicant(  659): wlan0: 0: c8:d7:19:60:62:f2 ssid='E3000-2.4G' wpa_ie_len=0 rsn_ie_len=20 caps=0x411 level=-43
02-28 17:49:54.324 D/wpa_supplicant(  659): wlan0:    skip - SSID mismatch
02-28 17:49:54.324 D/wpa_supplicant(  659): wlan0: 1: f8:d1:11:e7:99:e8 ssid='videotest' wpa_ie_len=22 rsn_ie_len=20 caps=0x531 level=-47 wps
02-28 17:49:54.324 D/wpa_supplicant(  659): wlan0:    skip - SSID mismatch
02-28 17:49:54.324 D/wpa_supplicant(  659): wlan0: 2: 6c:8b:2f:e8:38:24 ssid='ZTE_AP_6703' wpa_ie_len=0 rsn_ie_len=20 caps=0x511 level=-50
02-28 17:49:54.324 D/wpa_supplicant(  659): wlan0:    skip - SSID mismatch
02-28 17:49:54.324 D/wpa_supplicant(  659): wlan0: 3: 44:94:fc:3d:da:38 ssid='6300' wpa_ie_len=0 rsn_ie_len=20 caps=0x411 level=-50 wps
02-28 17:49:54.324 D/wpa_supplicant(  659): wlan0:    skip - SSID mismatch
02-28 17:49:54.324 D/wpa_supplicant(  659): wlan0: 4: 90:94:e4:03:45:f5 ssid='DAP-2553_D' wpa_ie_len=0 rsn_ie_len=24 caps=0x431 level=-58
02-28 17:49:54.324 D/wpa_supplicant(  659): wlan0:    skip - SSID mismatch
02-28 17:49:54.324 D/wpa_supplicant(  659): wlan0: 5: 10:c3:7b:d2:e5:e0 ssid='ASUS_RT-AC66U-2.4G' wpa_ie_len=0 rsn_ie_len=20 caps=0x411 level=-59 wps
02-28 17:49:54.324 D/wpa_supplicant(  659): wlan0:    skip - SSID mismatch
02-28 17:49:54.324 D/wpa_supplicant(  659): wlan0: 6: cc:34:29:2b:26:4c ssid='cws-test' wpa_ie_len=0 rsn_ie_len=20 caps=0x431 level=-59 wps
02-28 17:49:54.324 D/wpa_supplicant(  659): wlan0:    skip - SSID mismatch
02-28 17:49:54.324 D/wpa_supplicant(  659): wlan0: 7: c4:17:fe:3f:4f:fb ssid='cmcm' wpa_ie_len=0 rsn_ie_len=20 caps=0x511 level=-62
02-28 17:49:54.324 D/wpa_supplicant(  659): wlan0:    skip - SSID mismatch
02-28 17:49:54.324 D/wpa_supplicant(  659): wlan0: 8: cc:34:29:2c:fb:ec ssid='linksys' wpa_ie_len=22 rsn_ie_len=20 caps=0x431 level=-63 wps
02-28 17:49:54.324 D/wpa_supplicant(  659): wlan0:    skip - SSID mismatch
02-28 17:49:54.324 D/wpa_supplicant(  659): wlan0: 9: 98:fc:11:81:35:fb ssid='E2000EE' wpa_ie_len=0 rsn_ie_len=20 caps=0x411 level=-67 wps
02-28 17:49:54.324 D/wpa_supplicant(  659): wlan0:    skip - SSID mismatch
02-28 17:49:54.324 D/wpa_supplicant(  659): wlan0: 10: cc:b2:55:e2:84:70 ssid='DLINK_APK' wpa_ie_len=22 rsn_ie_len=20 caps=0x411 level=-74
02-28 17:49:54.324 D/wpa_supplicant(  659): wlan0:    skip - SSID mismatch
02-28 17:49:54.324 D/wpa_supplicant(  659): wlan0: 11: e4:d3:32:36:2e:54 ssid='otc' wpa_ie_len=26 rsn_ie_len=24 caps=0x411 level=-74 wps
02-28 17:49:54.324 D/wpa_supplicant(  659): wlan0:    skip - SSID mismatch
02-28 17:49:54.324 D/wpa_supplicant(  659): wlan0: 12: 00:0f:e2:0f:9f:c1 ssid='321_WAN' wpa_ie_len=28 rsn_ie_len=24 caps=0x411 level=-77
02-28 17:49:54.324 D/wpa_supplicant(  659): wlan0:    skip - SSID mismatch
02-28 17:49:54.324 D/wpa_supplicant(  659): wlan0: 13: c0:cb:38:7f:c9:09 ssid='360WiFi-7908' wpa_ie_len=0 rsn_ie_len=20 caps=0x511 level=-77
02-28 17:49:54.324 D/wpa_supplicant(  659): wlan0:    skip - SSID mismatch
02-28 17:49:54.324 D/wpa_supplicant(  659): wlan0: 14: f4:b7:e2:2b:41:b7 ssid='cmscc' wpa_ie_len=0 rsn_ie_len=20 caps=0x31 level=-78
02-28 17:49:54.324 D/wpa_supplicant(  659): wlan0:    skip - SSID mismatch
02-28 17:49:54.324 D/wpa_supplicant(  659): wlan0: 15: c0:a0:bb:20:3b:84 ssid='dlink-3B84' wpa_ie_len=26 rsn_ie_len=24 caps=0x411 level=-78 wps
02-28 17:49:54.324 D/wpa_supplicant(  659): wlan0:    skip - SSID mismatch
02-28 17:49:54.324 D/wpa_supplicant(  659): wlan0: 16: 2c:b0:5d:7f:f4:24 ssid='NETGEAR38' wpa_ie_len=0 rsn_ie_len=20 caps=0x431 level=-91 wps
02-28 17:49:54.324 D/wpa_supplicant(  659): wlan0:    skip - SSID mismatch
02-28 17:49:54.324 D/wpa_supplicant(  659): wlan0: 17: 7a:24:af:24:0f:48 ssid='DIRECT-' wpa_ie_len=0 rsn_ie_len=0 caps=0x410 level=-42
02-28 17:49:54.324 D/wpa_supplicant(  659): wlan0:    skip - SSID mismatch
02-28 17:49:54.324 D/wpa_supplicant(  659): wlan0: 18: c0:c1:c0:76:81:3c ssid='E2000' wpa_ie_len=0 rsn_ie_len=0 caps=0x401 level=-59 wps
02-28 17:49:54.324 D/wpa_supplicant(  659): wlan0:    skip - SSID mismatch
02-28 17:49:54.324 D/wpa_supplicant(  659): wlan0: 19: 50:bd:5f:4b:29:92 ssid='Internet-2' wpa_ie_len=0 rsn_ie_len=0 caps=0x421 level=-66
02-28 17:49:54.324 D/wpa_supplicant(  659): wlan0:    skip - SSID mismatch
02-28 17:49:54.324 D/wpa_supplicant(  659): wlan0: 20: e4:d3:32:dd:18:62 ssid='Internet' wpa_ie_len=0 rsn_ie_len=0 caps=0x421 level=-73
02-28 17:49:54.324 D/wpa_supplicant(  659): wlan0:    skip - SSID mismatch
02-28 17:49:54.324 D/wpa_supplicant(  659): wlan0: Selecting BSS from priority group 4
02-28 17:49:54.324 D/wpa_supplicant(  659): wlan0: 0: c8:d7:19:60:62:f2 ssid='E3000-2.4G' wpa_ie_len=0 rsn_ie_len=20 caps=0x411 level=-43
02-28 17:49:54.324 I/wpa_supplicant(  659): wlan0: CTRL-EVENT-SSID-REENABLED id=1 ssid="ZTE_AP_6703"
02-28 17:49:54.324 D/wpa_supplicant(  659): CTRL_IFACE monitor send - hexdump(len=39): 2f 64 61 74 61 2f 6d 69 73 63 2f 77 69 66 69 2f 73 6f 63 6b 65 74 73 2f 77 70 61 5f 63 74 72 6c ...
02-28 17:49:54.324 D/wpa_supplicant(  659): wlan0:    skip - SSID mismatch
02-28 17:49:54.324 D/wpa_supplicant(  659): wlan0: 1: f8:d1:11:e7:99:e8 ssid='videotest' wpa_ie_len=22 rsn_ie_len=20 caps=0x531 level=-47 wps
02-28 17:49:54.324 D/wpa_supplicant(  659): wlan0:    skip - SSID mismatch
02-28 17:49:54.324 D/wpa_supplicant(  659): wlan0: 2: 6c:8b:2f:e8:38:24 ssid='ZTE_AP_6703' wpa_ie_len=0 rsn_ie_len=20 caps=0x511 level=-50
02-28 17:49:54.324 D/wpa_supplicant(  659): wlan0:    selected based on RSN IE
02-28 17:49:54.324 D/wpa_supplicant(  659): wlan0:    selected BSS 6c:8b:2f:e8:38:24 ssid='ZTE_AP_6703'
02-28 17:49:54.324 D/wpa_supplicant(  659): wlan0: Considering connect request: reassociate: 0  selected: 6c:8b:2f:e8:38:24  bssid: 00:00:00:00:00:00  pending: 00:00:00:00:00:00  wpa_state: SCANNING  ssid=0xb91deab0  current_ssid=0x0
02-28 17:49:54.324 D/wpa_supplicant(  659): wlan0: Request association with 6c:8b:2f:e8:38:24
02-28 17:49:54.324 I/wpa_supplicant(  659): wlan0: Trying to associate with 6c:8b:2f:e8:38:24 (SSID='ZTE_AP_6703' freq=2437 MHz)
02-28 17:49:54.324 D/wpa_supplicant(  659): CTRL_IFACE monitor send - hexdump(len=39): 2f 64 61 74 61 2f 6d 69 73 63 2f 77 69 66 69 2f 73 6f 63 6b 65 74 73 2f 77 70 61 5f 63 74 72 6c ...
02-28 17:49:54.324 D/wpa_supplicant(  659): wlan0: Cancelling scan request
02-28 17:49:54.324 D/wpa_supplicant(  659): wlan0: P2P: Station mode scan operation not pending anymore (sta_scan_pending=0 p2p_cb_on_scan_complete=0)
02-28 17:49:54.324 D/wpa_supplicant(  659): wlan0: WPA: clearing own WPA/RSN IE
02-28 17:49:54.324 D/wpa_supplicant(  659): wlan0: Automatic auth_alg selection: 0x1
02-28 17:49:54.324 I/WifiHW  (  506): EVENT: IFNAME=wlan0 CTRL-EVENT-SSID-REENABLED id=1 ssid="ZTE_AP_6703"
02-28 17:49:54.324 I/WifiHW  (  506): EVENT: IFNAME=wlan0 Trying to associate with 6c:8b:2f:e8:38:24 (SSID='ZTE_AP_6703' freq=2437 MHz)
02-28 17:49:54.324 D/wpa_supplicant(  659): RSN: PMKSA cache search - network_ctx=0xb91deab0 try_opportunistic=0
02-28 17:49:54.324 D/wpa_supplicant(  659): RSN: Search for BSSID 6c:8b:2f:e8:38:24
02-28 17:49:54.324 D/wpa_supplicant(  659): RSN: No PMKSA cache entry found
02-28 17:49:54.324 D/wpa_supplicant(  659): wlan0: RSN: using IEEE 802.11i/D9.0
02-28 17:49:54.324 D/wpa_supplicant(  659): wlan0: WPA: Selected cipher suites: group 16 pairwise 16 key_mgmt 2 proto 2
02-28 17:49:54.324 D/wpa_supplicant(  659): wlan0: WPA: clearing AP WPA IE
02-28 17:49:54.324 D/wpa_supplicant(  659): WPA: set AP RSN IE - hexdump(len=22): 30 14 01 00 00 0f ac 04 01 00 00 0f ac 04 01 00 00 0f ac 02 0c 00
02-28 17:49:54.324 D/wpa_supplicant(  659): wlan0: WPA: using GTK CCMP
02-28 17:49:54.324 D/wpa_supplicant(  659): wlan0: WPA: using PTK CCMP
02-28 17:49:54.324 D/wpa_supplicant(  659): wlan0: WPA: using KEY_MGMT WPA-PSK
02-28 17:49:54.324 D/wpa_supplicant(  659): WPA: Set own WPA IE default - hexdump(len=22): 30 14 01 00 00 0f ac 04 01 00 00 0f ac 04 01 00 00 0f ac 02 00 00
02-28 17:49:54.324 D/wpa_supplicant(  659): wlan0: No keys have been configured - skip key clearing
02-28 17:49:54.324 D/wpa_supplicant(  659): Limit connection to BSSID 6c:8b:2f:e8:38:24 freq=2437 MHz based on scan results (bssid_set=0)
02-28 17:49:54.324 D/wpa_supplicant(  659): nl80211: Get shared freq for PHY phy0
02-28 17:49:54.324 D/wpa_supplicant(  659): nl80211: No shared interface for PHY (phy0) in associated state
02-28 17:49:54.324 D/wpa_supplicant(  659): nl80211: Set mode ifindex 3 iftype 2 (STATION)
02-28 17:49:54.324 D/wpa_supplicant(  659): nl80211: Unsubscribe mgmt frames handle 0xb91dd840 (mode change)
02-28 17:49:54.324 D/wpa_supplicant(  659): nl80211: Subscribe to mgmt frames with non-AP handle 0xb91dd840
02-28 17:49:54.324 D/wpa_supplicant(  659): nl80211: Register frame type=0xd0 nl_handle=0xb91dd840
02-28 17:49:54.324 D/wpa_supplicant(  659): nl80211: Register frame match - hexdump(len=2): 04 0a
02-28 17:49:54.324 D/wpa_supplicant(  659): nl80211: Register frame type=0xd0 nl_handle=0xb91dd840
02-28 17:49:54.324 D/wpa_supplicant(  659): nl80211: Register frame match - hexdump(len=2): 04 0b
02-28 17:49:54.324 D/wpa_supplicant(  659): nl80211: Register frame type=0xd0 nl_handle=0xb91dd840
02-28 17:49:54.324 D/wpa_supplicant(  659): nl80211: Register frame match - hexdump(len=2): 04 0c
02-28 17:49:54.324 D/wpa_supplicant(  659): nl80211: Register frame type=0xd0 nl_handle=0xb91dd840
02-28 17:49:54.324 D/wpa_supplicant(  659): nl80211: Register frame match - hexdump(len=2): 04 0d
02-28 17:49:54.324 D/wpa_supplicant(  659): nl80211: Register frame type=0xd0 nl_handle=0xb91dd840
02-28 17:49:54.324 D/wpa_supplicant(  659): nl80211: Register frame match - hexdump(len=6): 04 09 50 6f 9a 09
02-28 17:49:54.324 D/wpa_supplicant(  659): nl80211: Register frame type=0xd0 nl_handle=0xb91dd840
02-28 17:49:54.324 D/wpa_supplicant(  659): nl80211: Register frame match - hexdump(len=5): 7f 50 6f 9a 09
02-28 17:49:54.334 D/wpa_supplicant(  659): nl80211: Register frame type=0xd0 nl_handle=0xb91dd840
02-28 17:49:54.334 D/wpa_supplicant(  659): nl80211: Register frame match - hexdump(len=1): 06
02-28 17:49:54.334 D/wpa_supplicant(  659): nl80211: Register frame type=0xd0 nl_handle=0xb91dd840
02-28 17:49:54.334 D/wpa_supplicant(  659): nl80211: Register frame match - hexdump(len=2): 0a 07
02-28 17:49:54.334 D/wpa_supplicant(  659): nl80211: Register frame type=0xd0 nl_handle=0xb91dd840
02-28 17:49:54.334 D/wpa_supplicant(  659): nl80211: Register frame match - hexdump(len=2): 0a 11
02-28 17:49:54.334 D/wpa_supplicant(  659): nl80211: Connect (ifindex=3)
02-28 17:49:54.334 D/wpa_supplicant(  659):   * bssid=6c:8b:2f:e8:38:24
02-28 17:49:54.334 D/wpa_supplicant(  659):   * freq=2437
02-28 17:49:54.334 D/wpa_supplicant(  659):   * SSID - hexdump(len=11): 5a 54 45 5f 41 50 5f 36 37 30 33
02-28 17:49:54.334 D/wpa_supplicant(  659):   * IEs - hexdump(len=22): 30 14 01 00 00 0f ac 04 01 00 00 0f ac 04 01 00 00 0f ac 02 00 00
02-28 17:49:54.334 D/wpa_supplicant(  659):   * Auth Type 0
02-28 17:49:54.334 D/wpa_supplicant(  659):   * WPA Versions 0x2
02-28 17:49:54.364 E/memtrack(  608): Couldn't load memtrack module (No such file or directory)
02-28 17:49:54.364 E/android.os.Debug(  608): failed to load memtrack module: -2
02-28 17:49:54.374 D/wpa_supplicant(  659): nl80211: Connect request send successfully
02-28 17:49:54.374 D/wpa_supplicant(  659): wlan0: Setting authentication timeout: 10 sec 0 usec
02-28 17:49:54.374 D/wpa_supplicant(  659): wlan0: State: SCANNING -> ASSOCIATING
02-28 17:49:54.374 D/wpa_supplicant(  659): wpa_driver_nl80211_set_operstate: operstate 0->0 (DORMANT)
02-28 17:49:54.374 D/wpa_supplicant(  659): netlink: Operstate: linkmode=-1, operstate=5
02-28 17:49:54.374 D/wpa_supplicant(  659): CTRL_IFACE monitor send - hexdump(len=39): 2f 64 61 74 61 2f 6d 69 73 63 2f 77 69 66 69 2f 73 6f 63 6b 65 74 73 2f 77 70 61 5f 63 74 72 6c ...
02-28 17:49:54.374 I/WifiHW  (  506): EVENT: IFNAME=wlan0 CTRL-EVENT-STATE-CHANGE id=1 state=5 BSSID=00:00:00:00:00:00 SSID=ZTE_AP_6703
02-28 17:49:54.374 D/wpa_supplicant(  659): EAPOL: External notification - EAP success=0
02-28 17:49:54.374 D/wpa_supplicant(  659): EAPOL: Supplicant port status: Unauthorized
02-28 17:49:54.374 D/wpa_supplicant(  659): nl80211: Set supplicant port unauthorized for 00:00:00:00:00:00
02-28 17:49:54.374 D/wpa_supplicant(  659): EAPOL: External notification - EAP fail=0
02-28 17:49:54.374 D/wpa_supplicant(  659): EAPOL: Supplicant port status: Unauthorized
02-28 17:49:54.374 D/wpa_supplicant(  659): nl80211: Set supplicant port unauthorized for 00:00:00:00:00:00
02-28 17:49:54.374 D/wpa_supplicant(  659): EAPOL: External notification - portControl=Auto
02-28 17:49:54.374 D/wpa_supplicant(  659): EAPOL: Supplicant port status: Unauthorized
02-28 17:49:54.374 D/wpa_supplicant(  659): nl80211: Set supplicant port unauthorized for 00:00:00:00:00:00
02-28 17:49:54.374 D/wpa_supplicant(  659): RX ctrl_iface - hexdump(len=25): 42 53 53 20 52 41 4e 47 45 3d 30 2d 20 4d 41 53 4b 3d 30 78 32 31 39 38 37
02-28 17:49:54.374 D/wpa_supplicant(  659): wlan0: Control interface command 'BSS RANGE=0- MASK=0x21987'
02-28 17:49:54.374 D/wpa_supplicant(  659): RTM_NEWLINK: operstate=0 ifi_flags=0x11003 ([UP][LOWER_UP])
02-28 17:49:54.374 D/wpa_supplicant(  659): RTM_NEWLINK, IFLA_IFNAME: Interface 'wlan0' added
02-28 17:49:54.374 I/WifiHW  (  506): REPLY: id=175
02-28 17:49:54.374 D/wpa_supplicant(  659): nl80211: if_removed already cleared - ignore event
02-28 17:49:54.374 I/WifiHW  (  506): REPLY: bssid=f8:d1:11:e7:99:e8
02-28 17:49:54.374 I/WifiHW  (  506): REPLY: freq=2437
02-28 17:49:54.374 I/WifiHW  (  506): REPLY: level=-47
02-28 17:49:54.374 I/WifiHW  (  506): REPLY: tsf=0000029716121136
02-28 17:49:54.374 I/WifiHW  (  506): REPLY: flags=[WPA-PSK-CCMP][WPA2-PSK-CCMP][WPS][ESS]
02-28 17:49:54.374 I/WifiHW  (  506): REPLY: ssid=videotest
02-28 17:49:54.374 I/WifiHW  (  506): REPLY: ====
02-28 17:49:54.374 I/WifiHW  (  506): REPLY: id=176
02-28 17:49:54.374 I/WifiHW  (  506): REPLY: bssid=c8:d7:19:60:62:f2
02-28 17:49:54.374 I/WifiHW  (  506): REPLY: freq=2437
02-28 17:49:54.374 I/WifiHW  (  506): REPLY: level=-43
02-28 17:49:54.374 I/WifiHW  (  506): REPLY: tsf=0000029716121122
02-28 17:49:54.374 I/WifiHW  (  506): REPLY: flags=[WPA2-EAP-CCMP-preauth][ESS]
02-28 17:49:54.374 I/WifiHW  (  506): REPLY: ssid=E3000-2.4G
02-28 17:49:54.374 I/WifiHW  (  506): REPLY: ====
02-28 17:49:54.374 I/WifiHW  (  506): REPLY: id=177
02-28 17:49:54.374 I/WifiHW  (  506): REPLY: bssid=6c:8b:2f:e8:38:24
02-28 17:49:54.374 I/WifiHW  (  506): REPLY: freq=2437
02-28 17:49:54.374 I/WifiHW  (  506): REPLY: level=-50
02-28 17:49:54.374 I/WifiHW  (  506): REPLY: tsf=0000029716121133
02-28 17:49:54.374 I/WifiHW  (  506): REPLY: flags=[WPA2-PSK-CCMP][ESS]
02-28 17:49:54.374 I/WifiHW  (  506): REPLY: ssid=ZTE_AP_6703
02-28 17:49:54.374 I/WifiHW  (  506): REPLY: ====
02-28 17:49:54.374 I/WifiHW  (  506): REPLY: id=178
02-28 17:49:54.374 I/WifiHW  (  506): REPLY: bssid=44:94:fc:3d:da:38
02-28 17:49:54.374 I/WifiHW  (  506): REPLY: freq=2462
02-28 17:49:54.374 I/WifiHW  (  506): REPLY: level=-50
02-28 17:49:54.374 I/WifiHW  (  506): REPLY: tsf=0000029716121169
02-28 17:49:54.374 I/WifiHW  (  506): REPLY: flags=[WPA2-EAP-CCMP-preauth][WPS][ESS]
02-28 17:49:54.374 I/WifiHW  (  506): REPLY: ssid=6300
02-28 17:49:54.374 I/WifiHW  (  506): REPLY: ====
02-28 17:49:54.374 I/WifiHW  (  506): REPLY: id=179
02-28 17:49:54.374 I/WifiHW  (  506): REPLY: bssid=cc:34:29:2b:26:4c
02-28 17:49:54.374 I/WifiHW  (  506): REPLY: freq=2462
02-28 17:49:54.374 I/WifiHW  (  506): REPLY: level=-59
02-28 17:49:54.374 I/WifiHW  (  506): REPLY: tsf=0000029716121185
02-28 17:49:54.374 I/WifiHW  (  506): REPLY: flags=[WPA2-PSK-CCMP][WPS][ESS]
02-28 17:49:54.374 I/WifiHW  (  506): REPLY: ssid=cws-test
02-28 17:49:54.374 I/WifiHW  (  506): REPLY: ====
02-28 17:49:54.374 I/WifiHW  (  506): REPLY: id=180
02-28 17:49:54.374 I/WifiHW  (  506): REPLY: bssid=90:94:e4:03:45:f5
02-28 17:49:54.374 I/WifiHW  (  506): REPLY: freq=2442
02-28 17:49:54.374 I/WifiHW  (  506): REPLY: level=-58
02-28 17:49:54.374 I/WifiHW  (  506): REPLY: tsf=0000029716121158
02-28 17:49:54.374 I/WifiHW  (  506): REPLY: flags=[WPA2-PSK-CCMP+TKIP][ESS]
02-28 17:49:54.374 I/WifiHW  (  506): REPLY: ssid=DAP-2553_D
02-28 17:49:54.374 I/WifiHW  (  506): REPLY: ====
02-28 17:49:54.374 I/WifiHW  (  506): REPLY: id=181
02-28 17:49:54.374 I/WifiHW  (  506): REPLY: bssid=cc:34:29:2c:fb:ec
02-28 17:49:54.374 I/WifiHW  (  506): REPLY: freq=2412
02-28 17:49:54.374 I/WifiHW  (  506): REPLY: level=-63
02-28 17:49:54.374 I/WifiHW  (  506): REPLY: tsf=0000029716121112
02-28 17:49:54.374 I/WifiHW  (  506): REPLY: flags=[WPA-PSK-CCMP][WPA2-PSK-CCMP][WPS][ESS]
02-28 17:49:54.374 I/WifiHW  (  506): REPLY: ssid=linksys
02-28 17:49:54.374 I/WifiHW  (  506): REPLY: ====
02-28 17:49:54.374 I/WifiHW  (  506): REPLY: id=182
02-28 17:49:54.374 I/WifiHW  (  506): REPLY: bssid=c4:17:fe:3f:4f:fb
02-28 17:49:54.374 I/WifiHW  (  506): REPLY: freq=2437
02-28 17:49:54.374 I/WifiHW  (  506): REPLY: level=-62
02-28 17:49:54.374 I/WifiHW  (  506): REPLY: tsf=0000029716121140
02-28 17:49:54.374 I/WifiHW  (  506): REPLY: flags=[WPA2-PSK-CCMP][ESS]
02-28 17:49:54.374 I/WifiHW  (  506): REPLY: ssid=cmcm
02-28 17:49:54.374 I/WifiHW  (  506): REPLY: ====
02-28 17:49:54.374 I/WifiHW  (  506): REPLY: id=183
02-28 17:49:54.374 I/WifiHW  (  506): REPLY: bssid=98:fc:11:81:35:fb
02-28 17:49:54.374 I/WifiHW  (  506): REPLY: freq=2412
02-28 17:49:54.374 I/WifiHW  (  506): REPLY: level=-67
02-28 17:49:54.374 I/WifiHW  (  506): REPLY: tsf=0000029716121116
02-28 17:49:54.374 I/WifiHW  (  506): REPLY: flags=[WPA2-PSK-CCMP][WPS][ESS]
02-28 17:49:54.374 I/WifiHW  (  506): REPLY: ssid=E2000EE
02-28 17:49:54.374 I/WifiHW  (  506): REPLY: ====
02-28 17:49:54.374 I/WifiHW  (  506): REPLY: id=184
02-28 17:49:54.374 I/WifiHW  (  506): REPLY: bssid=e4:d3:32:c0:cf:a4
02-28 17:49:54.374 I/WifiHW  (  506): REPLY: freq=2437
02-28 17:49:54.374 I/WifiHW  (  506): REPLY: level=-74
02-28 17:49:54.374 I/WifiHW  (  506): REPLY: tsf=0000029674921757
02-28 17:49:54.374 I/WifiHW  (  506): REPLY: flags=[WPA2-PSK-CCMP][ESS]
02-28 17:49:54.374 I/WifiHW  (  506): REPLY: ssid=fast
02-28 17:49:54.374 I/WifiHW  (  506): REPLY: ====
02-28 17:49:54.374 I/WifiHW  (  506): REPLY: id=187
02-28 17:49:54.374 I/WifiHW  (  506): REPLY: bssid=c0:cb:38:7f:c9:09
02-28 17:49:54.374 I/WifiHW  (  506): REPLY: freq=2437
02-28 17:49:54.374 I/WifiHW  (  506): REPLY: level=-77
02-28 17:49:54.374 I/WifiHW  (  506): REPLY: tsf=0000029716121154
02-28 17:49:54.374 I/WifiHW  (  506): REPLY: flags=[WPA2-PSK-CCMP][ESS]
02-28 17:49:54.374 I/WifiHW  (  506): REPLY: ssid=360WiFi-7908
02-28 17:49:54.374 I/WifiHW  (  506): REPLY: ====
02-28 17:49:54.374 I/WifiHW  (  506): REPLY: id=188
02-28 17:49:54.374 I/WifiHW  (  506): REPLY: bssid=7a:24:af:24:0f:48
02-28 17:49:54.374 I/WifiHW  (  506): REPLY: freq=2412
02-28 17:49:54.374 I/WifiHW  (  506): REPLY: level=-42
02-28 17:49:54.374 I/WifiHW  (  506): REPLY: tsf=0000029716121172
02-28 17:49:54.374 I/WifiHW  (  506): REPLY: flags=[WEP]
02-28 17:49:54.374 I/WifiHW  (  506): REPLY: ssid=DIRECT-
02-28 17:49:54.374 I/WifiHW  (  506): REPLY: ====
02-28 17:49:54.374 I/WifiHW  (  506): REPLY: id=190
02-28 17:49:54.374 I/WifiHW  (  506): REPLY: bssid=c0:c1:c0:76:81:3c
02-28 17:49:54.374 I/WifiHW  (  506): REPLY: freq=2462
02-28 17:49:54.374 I/WifiHW  (  506): REPLY: level=-59
02-28 17:49:54.374 I/WifiHW  (  506): REPLY: tsf=0000029716121180
02-28 17:49:54.374 I/WifiHW  (  506): REPLY: flags=[WPS][ESS]
02-28 17:49:54.374 I/WifiHW  (  506): REPLY: ssid=E2000
02-28 17:49:54.374 I/WifiHW  (  506): REPLY: ====
02-28 17:49:54.374 I/WifiHW  (  506): REPLY: id=191
02-28 17:49:54.374 I/WifiHW  (  506): REPLY: bssid=50:bd:5f:4b:29:92
02-28 17:49:54.374 I/WifiHW  (  506): REPLY: freq=2437
02-28 17:49:54.374 I/WifiHW  (  506): REPLY: level=-66
02-28 17:49:54.374 I/WifiHW  (  506): REPLY: tsf=0000029716121143
02-28 17:49:54.374 I/WifiHW  (  506): REPLY: flags=[ESS]
02-28 17:49:54.374 I/WifiHW  (  506): REPLY: ssid=Internet-2
02-28 17:49:54.374 I/WifiHW  (  506): REPLY: ====
02-28 17:49:54.374 I/WifiHW  (  506): REPLY: id=192
02-28 17:49:54.374 I/WifiHW  (  506): REPLY: bssid=e4:d3:32:dd:18:62
02-28 17:49:54.374 I/WifiHW  (  506): REPLY: freq=2437
02-28 17:49:54.374 I/WifiHW  (  506): REPLY: level=-73
02-28 17:49:54.374 I/WifiHW  (  506): REPLY: tsf=0000029716121147
02-28 17:49:54.374 I/WifiHW  (  506): REPLY: flags=[ESS]
02-28 17:49:54.374 I/WifiHW  (  506): REPLY: ssid=Internet
02-28 17:49:54.374 I/WifiHW  (  506): REPLY: ====
02-28 17:49:54.374 I/WifiHW  (  506): REPLY: id=193
02-28 17:49:54.374 I/WifiHW  (  506): REPLY: bssid=10:c3:7b:d2:e5:e0
02-28 17:49:54.374 I/WifiHW  (  506): REPLY: freq=2462
02-28 17:49:54.374 I/WifiHW  (  506): REPLY: level=-59
02-28 17:49:54.374 I/WifiHW  (  506): REPLY: tsf=0000029716121165
02-28 17:49:54.374 I/WifiHW  (  506): REPLY: flags=[WPA2-PSK-CCMP][WPS][ESS]
02-28 17:49:54.374 I/WifiHW  (  506): REPLY: ssid=ASUS_RT-AC66U-2.4G
02-28 17:49:54.374 I/WifiHW  (  506): REPLY: ====
02-28 17:49:54.374 I/WifiHW  (  506): REPLY: id=194
02-28 17:49:54.374 I/WifiHW  (  506): REPLY: bssid=e4:d3:32:36:2e:54
02-28 17:49:54.374 I/WifiHW  (  506): REPLY: freq=2472
02-28 17:49:54.374 I/WifiHW  (  506): REPLY: level=-74
02-28 17:49:54.374 I/WifiHW  (  506): REPLY: tsf=0000029716121192
02-28 17:49:54.374 I/WifiHW  (  506): REPLY: flags=[WPA-PSK-CCMP+TKIP][WPA2-PSK-CCMP+TKIP][WPS][ESS]
02-28 17:49:54.374 I/WifiHW  (  506): REPLY: ssid=otc
02-28 17:49:54.374 I/WifiHW  (  506): REPLY: ====
02-28 17:49:54.374 I/WifiHW  (  506): REPLY: id=195
02-28 17:49:54.374 I/WifiHW  (  506): REPLY: bssid=00:0f:e2:0f:9f:c1
02-28 17:49:54.374 I/WifiHW  (  506): REPLY: freq=2462
02-28 17:49:54.374 I/WifiHW  (  506): REPLY: level=-77
02-28 17:49:54.374 I/WifiHW  (  506): REPLY: tsf=0000029716121188
02-28 17:49:54.374 I/WifiHW  (  506): REPLY: flags=[WPA-PSK-CCMP+TKIP][WPA2-PSK-CCMP+TKIP][ESS]
02-28 17:49:54.374 I/WifiHW  (  506): REPLY: ssid=321_WAN
02-28 17:49:54.374 I/WifiHW  (  506): REPLY: ====
02-28 17:49:54.374 I/WifiHW  (  506): REPLY: id=196
02-28 17:49:54.374 I/WifiHW  (  506): REPLY: bssid=cc:b2:55:e2:84:70
02-28 17:49:54.374 I/WifiHW  (  506): REPLY: freq=2447
02-28 17:49:54.374 I/WifiHW  (  506): REPLY: level=-74
02-28 17:49:54.374 I/WifiHW  (  506): REPLY: tsf=0000029716121161
02-28 17:49:54.374 I/WifiHW  (  506): REPLY: flags=[WPA-PSK-TKIP][WPA2-PSK-TKIP][ESS]
02-28 17:49:54.374 I/WifiHW  (  506): REPLY: ssid=DLINK_APK
02-28 17:49:54.374 I/WifiHW  (  506): REPLY: ====
02-28 17:49:54.374 I/WifiHW  (  506): REPLY: id=197
02-28 17:49:54.374 I/WifiHW  (  506): REPLY: bssid=f4:b7:e2:2b:41:b7
02-28 17:49:54.374 I/WifiHW  (  506): REPLY: freq=2437
02-28 17:49:54.374 I/WifiHW  (  506): REPLY: level=-78
02-28 17:49:54.374 I/WifiHW  (  506): REPLY: tsf=0000029716121151
02-28 17:49:54.374 I/WifiHW  (  506): REPLY: flags=[WPA2-PSK-CCMP][ESS]
02-28 17:49:54.374 I/WifiHW  (  506): REPLY: ssid=cmscc
02-28 17:49:54.374 I/WifiHW  (  506): REPLY: ====
02-28 17:49:54.374 I/WifiHW  (  506): REPLY: id=198
02-28 17:49:54.374 I/WifiHW  (  506): REPLY: bssid=c0:a0:bb:20:3b:84
02-28 17:49:54.374 I/WifiHW  (  506): REPLY: freq=2417
02-28 17:49:54.374 I/WifiHW  (  506): REPLY: level=-78
02-28 17:49:54.374 I/WifiHW  (  506): REPLY: tsf=0000029716121129
02-28 17:49:54.374 I/WifiHW  (  506): REPLY: flags=[WPA-PSK-CCMP+TKIP][WPA2-PSK-CCMP+TKIP][WPS][ESS]
02-28 17:49:54.374 I/WifiHW  (  506): REPLY: ssid=dlink-3B84
02-28 17:49:54.374 I/WifiHW  (  506): REPLY: ====
02-28 17:49:54.374 I/WifiHW  (  506): REPLY: id=199
02-28 17:49:54.374 I/WifiHW  (  506): REPLY: bssid=2c:b0:5d:7f:f4:24
02-28 17:49:54.374 I/WifiHW  (  506): REPLY: freq=2412
02-28 17:49:54.374 I/WifiHW  (  506): REPLY: level=-91
02-28 17:49:54.374 I/WifiHW  (  506): REPLY: tsf=0000029716121126
02-28 17:49:54.374 I/WifiHW  (  506): REPLY: flags=[WPA2-PSK-CCMP][WPS][ESS]
02-28 17:49:54.374 I/WifiHW  (  506): REPLY: ssid=NETGEAR38
02-28 17:49:54.374 I/WifiHW  (  506): REPLY: ####
02-28 17:49:54.424 D/AndroidRuntime(  608): Calling main entry com.android.commands.am.Am
02-28 17:49:54.454 I/ActivityManager(  506): START u0 {flg=0x10000000 cmp=org.xwalk.webapi_service_tests/.webapi_service_testsActivity} from pid 608
02-28 17:49:54.464 D/AndroidRuntime(  608): Shutting down VM
02-28 17:49:54.464 D/dalvikvm(  608): GC_CONCURRENT freed 116K, 16% free 702K/832K, paused 0ms+0ms, total 1ms
02-28 17:49:54.464 D/dalvikvm(  608): Compiler shutdown in progress - discarding request
02-28 17:49:54.464 D/dalvikvm(  608): Compiler shutdown in progress - discarding request
02-28 17:49:54.464 D/dalvikvm(  608): Compiler shutdown in progress - discarding request
02-28 17:49:54.464 D/dalvikvm(  608): Compiler shutdown in progress - discarding request
02-28 17:49:54.464 D/dalvikvm(  608): Compiler shutdown in progress - discarding request
02-28 17:49:54.464 D/dalvikvm(  608): Compiler shutdown in progress - discarding request
02-28 17:49:54.464 D/dalvikvm(  608): Compiler shutdown in progress - discarding request
02-28 17:49:54.464 D/dalvikvm(  608): Compiler shutdown in progress - discarding request
02-28 17:49:54.464 D/dalvikvm(  608): Compiler shutdown in progress - discarding request
02-28 17:49:54.464 D/dalvikvm(  608): Compiler shutdown in progress - discarding request
02-28 17:49:54.464 D/dalvikvm(  608): Compiler shutdown in progress - discarding request
02-28 17:49:54.464 D/dalvikvm(  608): Compiler shutdown in progress - discarding request
02-28 17:49:54.464 D/dalvikvm(  608): Compiler shutdown in progress - discarding request
02-28 17:49:54.464 D/dalvikvm(  608): Compiler shutdown in progress - discarding request
02-28 17:49:54.464 D/dalvikvm(  608): Compiler shutdown in progress - discarding request
02-28 17:49:54.464 D/dalvikvm(  608): Compiler shutdown in progress - discarding request
02-28 17:49:54.464 D/dalvikvm(  608): Compiler shutdown in progress - discarding request
02-28 17:49:54.464 D/dalvikvm(  608): Compiler shutdown in progress - discarding request
02-28 17:49:54.464 D/dalvikvm(  608): Compiler shutdown in progress - discarding request
02-28 17:49:54.464 D/dalvikvm(  608): Compiler shutdown in progress - discarding request
02-28 17:49:54.464 D/dalvikvm(  608): Compiler shutdown in progress - discarding request
02-28 17:49:54.464 D/dalvikvm(  608): Compiler shutdown in progress - discarding request
02-28 17:49:54.464 D/dalvikvm(  608): Compiler shutdown in progress - discarding request
02-28 17:49:54.464 D/dalvikvm(  608): Compiler shutdown in progress - discarding request
02-28 17:49:54.464 D/dalvikvm(  608): Compiler shutdown in progress - discarding request
02-28 17:49:54.464 D/dalvikvm(  608): Compiler shutdown in progress - discarding request
02-28 17:49:54.464 D/dalvikvm(  608): Compiler shutdown in progress - discarding request
02-28 17:49:54.464 D/dalvikvm(  608): Compiler shutdown in progress - discarding request
