02-28 18:02:36.564 D/dalvikvm( 8656): Compiler shutdown in progress - discarding request
02-28 18:02:36.564 D/dalvikvm( 8656): Compiler shutdown in progress - discarding request
02-28 18:02:36.564 D/dalvikvm( 8656): Compiler shutdown in progress - discarding request
02-28 18:02:36.564 D/dalvikvm( 8656): Compiler shutdown in progress - discarding request
02-28 18:02:36.564 D/dalvikvm( 8656): Compiler shutdown in progress - discarding request
02-28 18:02:36.564 D/dalvikvm( 8656): Compiler shutdown in progress - discarding request
02-28 18:02:36.564 D/dalvikvm( 8656): Compiler shutdown in progress - discarding request
02-28 18:02:36.564 D/dalvikvm( 8656): Compiler shutdown in progress - discarding request
02-28 18:02:36.564 D/dalvikvm( 8656): Compiler shutdown in progress - discarding request
02-28 18:02:36.564 D/dalvikvm( 8656): Compiler shutdown in progress - discarding request
02-28 18:02:36.564 D/dalvikvm( 8656): Compiler shutdown in progress - discarding request
02-28 18:02:36.564 D/dalvikvm( 8656): Compiler shutdown in progress - discarding request
02-28 18:02:36.564 D/dalvikvm( 8656): Compiler shutdown in progress - discarding request
02-28 18:02:36.564 D/dalvikvm( 8656): Compiler shutdown in progress - discarding request
02-28 18:02:36.564 D/dalvikvm( 8656): Compiler shutdown in progress - discarding request
02-28 18:02:36.564 D/dalvikvm( 8656): Compiler shutdown in progress - discarding request
02-28 18:02:36.564 D/dalvikvm( 8656): Compiler shutdown in progress - discarding request
02-28 18:02:36.564 D/dalvikvm( 8656): Compiler shutdown in progress - discarding request
02-28 18:02:36.564 D/dalvikvm( 8656): Compiler shutdown in progress - discarding request
02-28 18:02:36.564 D/dalvikvm( 8656): Compiler shutdown in progress - discarding request
02-28 18:02:36.564 D/dalvikvm( 8656): Compiler shutdown in progress - discarding request
02-28 18:02:36.564 D/dalvikvm( 8656): Compiler shutdown in progress - discarding request
02-28 18:02:36.564 D/dalvikvm( 8656): Compiler shutdown in progress - discarding request
--------- beginning of /dev/log/main
03-02 12:57:26.414 D/AndroidRuntime(18069): 
03-02 12:57:26.414 D/AndroidRuntime(18069): >>>>>> AndroidRuntime START com.android.internal.os.RuntimeInit <<<<<<
03-02 12:57:26.414 D/AndroidRuntime(18069): CheckJNI is OFF
03-02 12:57:26.414 I/AndroidRuntime(18069): Kernel Release Version: 3.10.20-gf818079
03-02 12:57:26.414 I/dalvikvm(18069): No library specified. The standard exception handler will be used
03-02 12:57:26.414 I/dalvikvm(18069): 
03-02 12:57:26.414 I/dalvikvm(18069): +++++++++++++ Using PCG. +++++++++++++++++++++
03-02 12:57:26.444 D/dalvikvm(18069): Trying to load lib libjavacore.so 0x0
03-02 12:57:26.454 D/dalvikvm(18069): Added shared lib libjavacore.so 0x0
03-02 12:57:26.454 D/dalvikvm(18069): Trying to load lib libnativehelper.so 0x0
03-02 12:57:26.454 D/dalvikvm(18069): Added shared lib libnativehelper.so 0x0
03-02 12:57:26.454 D/dalvikvm(18069): No JNI_OnLoad found in libnativehelper.so 0x0, skipping init
03-02 12:57:26.474 D/dalvikvm(18069): Extra Options: not specified
03-02 12:57:26.514 D/dalvikvm(18069): Note: class Landroid/app/ActivityManagerNative; has 186 unimplemented (abstract) methods
03-02 12:57:26.754 E/memtrack(18069): Couldn't load memtrack module (No such file or directory)
03-02 12:57:26.754 E/android.os.Debug(18069): failed to load memtrack module: -2
03-02 12:57:26.864 D/AndroidRuntime(18069): Calling main entry com.android.commands.am.Am
--------- beginning of /dev/log/system
03-02 12:57:26.934 I/ActivityManager(  506): Force stopping org.xwalk.webapi_service_tests appid=10350 user=0: from pid 18069
03-02 12:57:26.944 D/AndroidRuntime(18069): Shutting down VM
03-02 12:57:26.954 D/dalvikvm(18069): GC_CONCURRENT freed 112K, 16% free 666K/792K, paused 0ms+0ms, total 3ms
03-02 12:57:26.954 D/dalvikvm(18069): Compiler shutdown in progress - discarding request
03-02 12:57:26.954 D/dalvikvm(18069): Compiler shutdown in progress - discarding request
03-02 12:57:26.954 D/dalvikvm(18069): Compiler shutdown in progress - discarding request
03-02 12:57:26.954 D/dalvikvm(18069): Compiler shutdown in progress - discarding request
03-02 12:57:26.954 D/dalvikvm(18069): Compiler shutdown in progress - discarding request
03-02 12:57:26.954 D/dalvikvm(18069): Compiler shutdown in progress - discarding request
03-02 12:57:26.954 D/dalvikvm(18069): Compiler shutdown in progress - discarding request
03-02 12:57:26.964 D/dalvikvm(18069): Compiler shutdown in progress - discarding request
03-02 12:57:26.964 D/dalvikvm(18069): Compiler shutdown in progress - discarding request
03-02 12:57:26.964 D/dalvikvm(18069): Compiler shutdown in progress - discarding request
03-02 12:57:26.964 D/dalvikvm(18069): Compiler shutdown in progress - discarding request
03-02 12:57:26.964 D/dalvikvm(18069): Compiler shutdown in progress - discarding request
03-02 12:57:26.964 D/dalvikvm(18069): Compiler shutdown in progress - discarding request
03-02 12:57:26.964 D/dalvikvm(18069): Compiler shutdown in progress - discarding request
03-02 12:57:26.964 D/dalvikvm(18069): Compiler shutdown in progress - discarding request
03-02 12:57:26.964 D/dalvikvm(18069): Compiler shutdown in progress - discarding request
03-02 12:57:26.964 D/dalvikvm(18069): Compiler shutdown in progress - discarding request
03-02 12:57:26.964 D/dalvikvm(18069): Compiler shutdown in progress - discarding request
03-02 12:57:26.964 D/dalvikvm(18069): Compiler shutdown in progress - discarding request
03-02 12:57:26.964 D/dalvikvm(18069): Compiler shutdown in progress - discarding request
03-02 12:57:26.964 D/dalvikvm(18069): Compiler shutdown in progress - discarding request
03-02 12:57:26.964 D/dalvikvm(18069): Compiler shutdown in progress - discarding request
03-02 12:57:26.964 D/dalvikvm(18069): Compiler shutdown in progress - discarding request
03-02 12:57:26.964 D/dalvikvm(18069): Compiler shutdown in progress - discarding request
03-02 12:57:26.964 D/dalvikvm(18069): Compiler shutdown in progress - discarding request
03-02 12:57:26.964 D/dalvikvm(18069): Compiler shutdown in progress - discarding request
03-02 12:57:26.964 D/dalvikvm(18069): Compiler shutdown in progress - discarding request
03-02 12:57:26.964 D/dalvikvm(18069): Compiler shutdown in progress - discarding request
03-02 12:57:26.964 D/dalvikvm(18069): Compiler shutdown in progress - discarding request
03-02 12:57:26.964 D/dalvikvm(18069): Compiler shutdown in progress - discarding request
03-02 12:57:26.964 D/dalvikvm(18069): Compiler shutdown in progress - discarding request
03-02 12:57:26.964 D/dalvikvm(18069): Compiler shutdown in progress - discarding request
03-02 12:57:26.964 D/dalvikvm(18069): Compiler shutdown in progress - discarding request
03-02 12:57:26.964 D/dalvikvm(18069): Compiler shutdown in progress - discarding request
03-02 12:57:26.964 D/dalvikvm(18069): Compiler shutdown in progress - discarding request
03-02 12:57:26.964 D/dalvikvm(18069): Compiler shutdown in progress - discarding request
03-02 12:57:26.964 D/dalvikvm(18069): Compiler shutdown in progress - discarding request
03-02 12:57:26.964 D/dalvikvm(18069): Compiler shutdown in progress - discarding request
03-02 12:57:26.964 D/dalvikvm(18069): Compiler shutdown in progress - discarding request
03-02 12:57:26.964 D/dalvikvm(18069): Compiler shutdown in progress - discarding request
03-02 12:57:26.964 D/dalvikvm(18069): Compiler shutdown in progress - discarding request
03-02 12:57:26.964 D/dalvikvm(18069): Compiler shutdown in progress - discarding request
03-02 12:57:26.964 D/dalvikvm(18069): Compiler shutdown in progress - discarding request
03-02 12:57:26.964 D/dalvikvm(18069): Compiler shutdown in progress - discarding request
03-02 12:57:26.964 D/dalvikvm(18069): Compiler shutdown in progress - discarding request
03-02 12:57:27.814 D/AndroidRuntime(18080): 
03-02 12:57:27.814 D/AndroidRuntime(18080): >>>>>> AndroidRuntime START com.android.internal.os.RuntimeInit <<<<<<
03-02 12:57:27.814 D/AndroidRuntime(18080): CheckJNI is OFF
03-02 12:57:27.814 I/AndroidRuntime(18080): Kernel Release Version: 3.10.20-gf818079
03-02 12:57:27.814 I/dalvikvm(18080): No library specified. The standard exception handler will be used
03-02 12:57:27.814 I/dalvikvm(18080): 
03-02 12:57:27.814 I/dalvikvm(18080): +++++++++++++ Using PCG. +++++++++++++++++++++
03-02 12:57:27.844 D/dalvikvm(18080): Trying to load lib libjavacore.so 0x0
03-02 12:57:27.844 D/dalvikvm(18080): Added shared lib libjavacore.so 0x0
03-02 12:57:27.854 D/dalvikvm(18080): Trying to load lib libnativehelper.so 0x0
03-02 12:57:27.854 D/dalvikvm(18080): Added shared lib libnativehelper.so 0x0
03-02 12:57:27.854 D/dalvikvm(18080): No JNI_OnLoad found in libnativehelper.so 0x0, skipping init
03-02 12:57:27.874 D/dalvikvm(18080): Extra Options: not specified
03-02 12:57:27.904 D/dalvikvm(18080): Note: class Landroid/app/ActivityManagerNative; has 186 unimplemented (abstract) methods
03-02 12:57:28.144 E/memtrack(18080): Couldn't load memtrack module (No such file or directory)
03-02 12:57:28.144 E/android.os.Debug(18080): failed to load memtrack module: -2
03-02 12:57:28.244 D/AndroidRuntime(18080): Calling main entry com.android.commands.am.Am
03-02 12:57:28.344 D/AndroidRuntime(18080): Shutting down VM
03-02 12:57:28.344 D/dalvikvm(18080): GC_CONCURRENT freed 116K, 16% free 702K/832K, paused 1ms+0ms, total 4ms
03-02 12:57:28.344 I/ActivityManager(  506): START u0 {flg=0x10000000 cmp=org.xwalk.webapi_service_tests/.webapi_service_testsActivity} from pid 18080
03-02 12:57:28.354 D/dalvikvm(18080): Compiler shutdown in progress - discarding request
03-02 12:57:28.354 D/dalvikvm(18080): Compiler shutdown in progress - discarding request
03-02 12:57:28.354 D/dalvikvm(18080): Compiler shutdown in progress - discarding request
03-02 12:57:28.354 D/dalvikvm(18080): Compiler shutdown in progress - discarding request
03-02 12:57:28.354 D/dalvikvm(18080): Compiler shutdown in progress - discarding request
03-02 12:57:28.354 D/dalvikvm(18080): Compiler shutdown in progress - discarding request
03-02 12:57:28.354 D/dalvikvm(18080): Compiler shutdown in progress - discarding request
03-02 12:57:28.354 D/dalvikvm(18080): Compiler shutdown in progress - discarding request
03-02 12:57:28.354 D/dalvikvm(18080): Compiler shutdown in progress - discarding request
03-02 12:57:28.354 D/dalvikvm(18080): Compiler shutdown in progress - discarding request
03-02 12:57:28.354 D/dalvikvm(18080): Compiler shutdown in progress - discarding request
03-02 12:57:28.354 D/dalvikvm(18080): Compiler shutdown in progress - discarding request
03-02 12:57:28.354 D/dalvikvm(18080): Compiler shutdown in progress - discarding request
03-02 12:57:28.354 D/dalvikvm(18080): Compiler shutdown in progress - discarding request
03-02 12:57:28.354 D/dalvikvm(18080): Compiler shutdown in progress - discarding request
03-02 12:57:28.354 D/dalvikvm(18080): Compiler shutdown in progress - discarding request
03-02 12:57:28.354 D/dalvikvm(18080): Compiler shutdown in progress - discarding request
03-02 12:57:28.354 D/dalvikvm(18080): Compiler shutdown in progress - discarding request
03-02 12:57:28.354 D/dalvikvm(18080): Compiler shutdown in progress - discarding request
03-02 12:57:28.354 D/dalvikvm(18080): Compiler shutdown in progress - discarding request
03-02 12:57:28.354 D/dalvikvm(18080): Compiler shutdown in progress - discarding request
03-02 12:57:28.354 D/dalvikvm(18080): Compiler shutdown in progress - discarding request
03-02 12:57:28.354 D/dalvikvm(18080): Compiler shutdown in progress - discarding request
03-02 12:57:28.354 D/dalvikvm(18080): Compiler shutdown in progress - discarding request
03-02 12:57:28.354 D/dalvikvm(18080): Compiler shutdown in progress - discarding request
03-02 12:57:28.354 D/dalvikvm(18080): Compiler shutdown in progress - discarding request
03-02 12:57:28.354 D/dalvikvm(18080): Compiler shutdown in progress - discarding request
03-02 12:57:28.354 D/dalvikvm(18080): Compiler shutdown in progress - discarding request
03-02 12:57:28.354 D/dalvikvm(18080): Compiler shutdown in progress - discarding request
03-02 12:57:28.354 D/dalvikvm(18080): Compiler shutdown in progress - discarding request
03-02 12:57:28.354 D/dalvikvm(18080): Compiler shutdown in progress - discarding request
03-02 12:57:28.354 D/dalvikvm(18080): Compiler shutdown in progress - discarding request
03-02 12:57:28.354 D/dalvikvm(18080): Compiler shutdown in progress - discarding request
03-02 12:57:28.354 D/dalvikvm(18080): Compiler shutdown in progress - discarding request
03-02 12:57:28.354 D/dalvikvm(18080): Compiler shutdown in progress - discarding request
03-02 12:57:28.354 D/dalvikvm(18080): Compiler shutdown in progress - discarding request
03-02 12:57:28.354 D/dalvikvm(18080): Compiler shutdown in progress - discarding request
03-02 12:57:28.354 D/dalvikvm(18080): Compiler shutdown in progress - discarding request
03-02 12:57:28.354 D/dalvikvm(18080): Compiler shutdown in progress - discarding request
03-02 12:57:28.354 D/dalvikvm(18080): Compiler shutdown in progress - discarding request
03-02 12:57:28.354 D/dalvikvm(18080): Compiler shutdown in progress - discarding request
03-02 12:57:28.354 D/dalvikvm(18080): Compiler shutdown in progress - discarding request
03-02 12:57:28.354 D/dalvikvm(18080): Compiler shutdown in progress - discarding request
03-02 12:57:28.354 D/dalvikvm(18080): Compiler shutdown in progress - discarding request
03-02 12:57:28.354 D/dalvikvm(18080): Compiler shutdown in progress - discarding request
03-02 12:57:28.354 D/dalvikvm(18080): Compiler shutdown in progress - discarding request
03-02 12:57:28.354 D/dalvikvm(18080): Compiler shutdown in progress - discarding request
03-02 12:57:28.354 D/dalvikvm(18080): Compiler shutdown in progress - discarding request
03-02 12:57:28.354 D/dalvikvm(18080): Compiler shutdown in progress - discarding request
03-02 12:57:29.214 D/AndroidRuntime(18091): 
03-02 12:57:29.214 D/AndroidRuntime(18091): >>>>>> AndroidRuntime START com.android.internal.os.RuntimeInit <<<<<<
03-02 12:57:29.214 D/AndroidRuntime(18091): CheckJNI is OFF
03-02 12:57:29.214 I/AndroidRuntime(18091): Kernel Release Version: 3.10.20-gf818079
03-02 12:57:29.214 I/dalvikvm(18091): No library specified. The standard exception handler will be used
03-02 12:57:29.224 I/dalvikvm(18091): 
03-02 12:57:29.224 I/dalvikvm(18091): +++++++++++++ Using PCG. +++++++++++++++++++++
03-02 12:57:29.244 D/dalvikvm(18091): Trying to load lib libjavacore.so 0x0
03-02 12:57:29.254 D/dalvikvm(18091): Added shared lib libjavacore.so 0x0
03-02 12:57:29.254 D/dalvikvm(18091): Trying to load lib libnativehelper.so 0x0
03-02 12:57:29.254 D/dalvikvm(18091): Added shared lib libnativehelper.so 0x0
03-02 12:57:29.254 D/dalvikvm(18091): No JNI_OnLoad found in libnativehelper.so 0x0, skipping init
03-02 12:57:29.274 D/dalvikvm(18091): Extra Options: not specified
03-02 12:57:29.314 D/dalvikvm(18091): Note: class Landroid/app/ActivityManagerNative; has 186 unimplemented (abstract) methods
03-02 12:57:29.554 E/memtrack(18091): Couldn't load memtrack module (No such file or directory)
03-02 12:57:29.554 E/android.os.Debug(18091): failed to load memtrack module: -2
03-02 12:57:29.654 D/wpa_supplicant(  659): wlan0: Starting AP scan for wildcard SSID
03-02 12:57:29.654 D/wpa_supplicant(  659): WPS: Building WPS IE for Probe Request
03-02 12:57:29.654 D/wpa_supplicant(  659): WPS:  * Version (hardcoded 0x10)
03-02 12:57:29.654 D/wpa_supplicant(  659): WPS:  * Request Type
03-02 12:57:29.654 D/wpa_supplicant(  659): WPS:  * Config Methods (4288)
03-02 12:57:29.654 D/wpa_supplicant(  659): WPS:  * UUID-E
03-02 12:57:29.654 D/wpa_supplicant(  659): WPS:  * Primary Device Type
03-02 12:57:29.654 D/wpa_supplicant(  659): WPS:  * RF Bands (1)
03-02 12:57:29.654 D/wpa_supplicant(  659): WPS:  * Association State
03-02 12:57:29.654 D/wpa_supplicant(  659): WPS:  * Configuration Error (0)
03-02 12:57:29.654 D/wpa_supplicant(  659): WPS:  * Device Password ID (0)
03-02 12:57:29.654 D/wpa_supplicant(  659): WPS:  * Manufacturer
03-02 12:57:29.654 D/wpa_supplicant(  659): WPS:  * Model Name
03-02 12:57:29.654 D/wpa_supplicant(  659): WPS:  * Model Number
03-02 12:57:29.654 D/wpa_supplicant(  659): WPS:  * Device Name
03-02 12:57:29.654 D/wpa_supplicant(  659): WPS:  * Version2 (0x20)
03-02 12:57:29.654 D/wpa_supplicant(  659): P2P: * P2P IE header
03-02 12:57:29.654 D/wpa_supplicant(  659): P2P: * Capability dev=25 group=00
03-02 12:57:29.654 D/wpa_supplicant(  659): P2P: * Listen Channel: Regulatory Class 81 Channel 11
03-02 12:57:29.654 D/wpa_supplicant(  659): wlan0: nl80211: scan request
03-02 12:57:29.664 D/AndroidRuntime(18091): Calling main entry com.android.commands.am.Am
03-02 12:57:29.754 D/wpa_supplicant(  659): Scan requested (ret=0) - scan timeout 30 seconds
03-02 12:57:29.754 D/wpa_supplicant(  659): nl80211: Drv Event 33 (NL80211_CMD_TRIGGER_SCAN) received for wlan0
03-02 12:57:29.754 D/wpa_supplicant(  659): wlan0: nl80211: Scan trigger
03-02 12:57:29.764 D/AndroidRuntime(18091): Shutting down VM
03-02 12:57:29.764 I/ActivityManager(  506): START u0 {flg=0x10000000 cmp=org.xwalk.webapi_service_tests/.webapi_service_tests} from pid 18091
03-02 12:57:29.774 D/dalvikvm(18091): GC_CONCURRENT freed 112K, 16% free 674K/800K, paused 1ms+0ms, total 6ms
03-02 12:57:29.774 D/dalvikvm(18091): Compiler shutdown in progress - discarding request
03-02 12:57:29.774 D/dalvikvm(18091): Compiler shutdown in progress - discarding request
03-02 12:57:29.774 D/dalvikvm(18091): Compiler shutdown in progress - discarding request
03-02 12:57:29.774 D/dalvikvm(18091): Compiler shutdown in progress - discarding request
03-02 12:57:29.774 D/dalvikvm(18091): Compiler shutdown in progress - discarding request
03-02 12:57:29.774 D/dalvikvm(18091): Compiler shutdown in progress - discarding request
03-02 12:57:29.774 D/dalvikvm(18091): Compiler shutdown in progress - discarding request
03-02 12:57:29.774 D/dalvikvm(18091): Compiler shutdown in progress - discarding request
03-02 12:57:29.774 D/dalvikvm(18091): Compiler shutdown in progress - discarding request
03-02 12:57:29.774 D/dalvikvm(18091): Compiler shutdown in progress - discarding request
03-02 12:57:29.774 D/dalvikvm(18091): Compiler shutdown in progress - discarding request
03-02 12:57:29.774 D/dalvikvm(18091): Compiler shutdown in progress - discarding request
03-02 12:57:29.774 D/dalvikvm(18091): Compiler shutdown in progress - discarding request
03-02 12:57:29.774 D/dalvikvm(18091): Compiler shutdown in progress - discarding request
03-02 12:57:29.774 D/dalvikvm(18091): Compiler shutdown in progress - discarding request
03-02 12:57:29.774 D/dalvikvm(18091): Compiler shutdown in progress - discarding request
03-02 12:57:29.774 D/dalvikvm(18091): Compiler shutdown in progress - discarding request
03-02 12:57:29.784 D/dalvikvm(18091): Compiler shutdown in progress - discarding request
03-02 12:57:29.784 D/dalvikvm(18091): Compiler shutdown in progress - discarding request
03-02 12:57:29.784 D/dalvikvm(18091): Compiler shutdown in progress - discarding request
03-02 12:57:29.784 D/dalvikvm(18091): Compiler shutdown in progress - discarding request
03-02 12:57:29.784 D/dalvikvm(18091): Compiler shutdown in progress - discarding request
03-02 12:57:29.784 D/dalvikvm(18091): Compiler shutdown in progress - discarding request
03-02 12:57:29.784 D/dalvikvm(18091): Compiler shutdown in progress - discarding request
03-02 12:57:29.784 D/dalvikvm(18091): Compiler shutdown in progress - discarding request
03-02 12:57:29.784 D/dalvikvm(18091): Compiler shutdown in progress - discarding request
03-02 12:57:29.784 D/dalvikvm(18091): Compiler shutdown in progress - discarding request
03-02 12:57:29.784 D/dalvikvm(18091): Compiler shutdown in progress - discarding request
03-02 12:57:29.784 D/dalvikvm(18091): Compiler shutdown in progress - discarding request
03-02 12:57:29.784 D/dalvikvm(18091): Compiler shutdown in progress - discarding request
03-02 12:57:29.784 D/dalvikvm(18091): Compiler shutdown in progress - discarding request
03-02 12:57:29.784 D/dalvikvm(18091): Compiler shutdown in progress - discarding request
03-02 12:57:29.784 D/dalvikvm(18091): Compiler shutdown in progress - discarding request
03-02 12:57:29.784 D/dalvikvm(18091): Compiler shutdown in progress - discarding request
03-02 12:57:29.784 D/dalvikvm(18091): Compiler shutdown in progress - discarding request
03-02 12:57:29.784 D/dalvikvm(18091): Compiler shutdown in progress - discarding request
03-02 12:57:29.784 D/dalvikvm(18091): Compiler shutdown in progress - discarding request
03-02 12:57:29.784 D/dalvikvm(18091): Compiler shutdown in progress - discarding request
03-02 12:57:29.784 D/dalvikvm(18091): Compiler shutdown in progress - discarding request
03-02 12:57:29.784 D/dalvikvm(18091): Compiler shutdown in progress - discarding request
03-02 12:57:29.784 D/dalvikvm(18091): Compiler shutdown in progress - discarding request
03-02 12:57:29.784 D/dalvikvm(18091): Compiler shutdown in progress - discarding request
03-02 12:57:29.784 D/dalvikvm(18091): Compiler shutdown in progress - discarding request
03-02 12:57:29.784 D/dalvikvm(18091): Compiler shutdown in progress - discarding request
03-02 12:57:29.784 D/dalvikvm(18091): Compiler shutdown in progress - discarding request
03-02 12:57:29.784 D/dalvikvm(18091): Compiler shutdown in progress - discarding request
03-02 12:57:29.784 D/dalvikvm(18091): Compiler shutdown in progress - discarding request
03-02 12:57:29.784 D/dalvikvm(18091): Compiler shutdown in progress - discarding request
03-02 12:57:29.784 D/dalvikvm(18091): Compiler shutdown in progress - discarding request
03-02 12:57:29.784 D/dalvikvm(18091): Compiler shutdown in progress - discarding request
03-02 12:57:29.784 D/dalvikvm(18091): Compiler shutdown in progress - discarding request
03-02 12:57:30.654 D/AndroidRuntime(18102): 
03-02 12:57:30.654 D/AndroidRuntime(18102): >>>>>> AndroidRuntime START com.android.internal.os.RuntimeInit <<<<<<
03-02 12:57:30.654 D/AndroidRuntime(18102): CheckJNI is OFF
03-02 12:57:30.654 I/AndroidRuntime(18102): Kernel Release Version: 3.10.20-gf818079
03-02 12:57:30.664 I/dalvikvm(18102): No library specified. The standard exception handler will be used
03-02 12:57:30.664 I/dalvikvm(18102): 
03-02 12:57:30.664 I/dalvikvm(18102): +++++++++++++ Using PCG. +++++++++++++++++++++
03-02 12:57:30.694 D/dalvikvm(18102): Trying to load lib libjavacore.so 0x0
03-02 12:57:30.694 D/dalvikvm(18102): Added shared lib libjavacore.so 0x0
03-02 12:57:30.694 D/dalvikvm(18102): Trying to load lib libnativehelper.so 0x0
03-02 12:57:30.694 D/dalvikvm(18102): Added shared lib libnativehelper.so 0x0
03-02 12:57:30.694 D/dalvikvm(18102): No JNI_OnLoad found in libnativehelper.so 0x0, skipping init
03-02 12:57:30.714 D/dalvikvm(18102): Extra Options: not specified
03-02 12:57:30.754 D/dalvikvm(18102): Note: class Landroid/app/ActivityManagerNative; has 186 unimplemented (abstract) methods
03-02 12:57:30.864 D/wpa_supplicant(  659): nl80211: Drv Event 34 (NL80211_CMD_NEW_SCAN_RESULTS) received for wlan0
03-02 12:57:30.864 D/wpa_supplicant(  659): wlan0: nl80211: New scan results available
03-02 12:57:30.864 D/wpa_supplicant(  659): wlan0: Event SCAN_RESULTS (3) received
03-02 12:57:30.864 D/wpa_supplicant(  659): nl80211: Received scan results (24 BSSes)
03-02 12:57:30.864 D/wpa_supplicant(  659): nl80211: Survey data missing
03-02 12:57:30.864 D/wpa_supplicant(  659): wlan0: BSS: Start scan result update 477
03-02 12:57:30.864 D/wpa_supplicant(  659): wlan0: BSS: Add new id 1277 BSSID 90:94:e4:03:45:f5 SSID 'DAP-2553_D'
03-02 12:57:30.864 D/wpa_supplicant(  659): CTRL_IFACE monitor send - hexdump(len=39): 2f 64 61 74 61 2f 6d 69 73 63 2f 77 69 66 69 2f 73 6f 63 6b 65 74 73 2f 77 70 61 5f 63 74 72 6c ...
03-02 12:57:30.864 D/wpa_supplicant(  659): wlan0: BSS: Add new id 1278 BSSID b0:48:7a:51:ff:cc SSID 'Neusoft TP'
03-02 12:57:30.864 D/wpa_supplicant(  659): CTRL_IFACE monitor send - hexdump(len=39): 2f 64 61 74 61 2f 6d 69 73 63 2f 77 69 66 69 2f 73 6f 63 6b 65 74 73 2f 77 70 61 5f 63 74 72 6c ...
03-02 12:57:30.864 D/wpa_supplicant(  659): wlan0: BSS: Add new id 1279 BSSID c0:a0:bb:20:3b:84 SSID 'dlink-3B84'
03-02 12:57:30.864 D/wpa_supplicant(  659): CTRL_IFACE monitor send - hexdump(len=39): 2f 64 61 74 61 2f 6d 69 73 63 2f 77 69 66 69 2f 73 6f 63 6b 65 74 73 2f 77 70 61 5f 63 74 72 6c ...
03-02 12:57:30.864 I/WifiHW  (  506): EVENT: IFNAME=wlan0 CTRL-EVENT-BSS-ADDED 1277 90:94:e4:03:45:f5
03-02 12:57:30.864 D/wpa_supplicant(  659): wlan0: BSS: Add new id 1280 BSSID 2c:b0:5d:7f:f4:24 SSID 'NETGEAR38'
03-02 12:57:30.864 D/wpa_supplicant(  659): CTRL_IFACE monitor send - hexdump(len=39): 2f 64 61 74 61 2f 6d 69 73 63 2f 77 69 66 69 2f 73 6f 63 6b 65 74 73 2f 77 70 61 5f 63 74 72 6c ...
03-02 12:57:30.864 D/wpa_supplicant(  659): wlan0: BSS: Add new id 1281 BSSID 8c:be:be:1e:65:2a SSID 'Mi_WiFi'
03-02 12:57:30.864 I/WifiHW  (  506): EVENT: IFNAME=wlan0 CTRL-EVENT-BSS-ADDED 1278 b0:48:7a:51:ff:cc
03-02 12:57:30.864 D/wpa_supplicant(  659): CTRL_IFACE monitor send - hexdump(len=39): 2f 64 61 74 61 2f 6d 69 73 63 2f 77 69 66 69 2f 73 6f 63 6b 65 74 73 2f 77 70 61 5f 63 74 72 6c ...
03-02 12:57:30.864 I/WifiHW  (  506): EVENT: IFNAME=wlan0 CTRL-EVENT-BSS-ADDED 1279 c0:a0:bb:20:3b:84
03-02 12:57:30.864 D/wpa_supplicant(  659): BSS: last_scan_res_used=23/32 last_scan_full=0
03-02 12:57:30.864 D/wpa_supplicant(  659): wlan0: New scan results available
03-02 12:57:30.864 D/wpa_supplicant(  659): CTRL_IFACE monitor send - hexdump(len=39): 2f 64 61 74 61 2f 6d 69 73 63 2f 77 69 66 69 2f 73 6f 63 6b 65 74 73 2f 77 70 61 5f 63 74 72 6c ...
03-02 12:57:30.864 I/WifiHW  (  506): EVENT: IFNAME=wlan0 CTRL-EVENT-BSS-ADDED 1280 2c:b0:5d:7f:f4:24
03-02 12:57:30.864 I/WifiHW  (  506): EVENT: IFNAME=wlan0 CTRL-EVENT-BSS-ADDED 1281 8c:be:be:1e:65:2a
03-02 12:57:30.864 D/wpa_supplicant(  659): CTRL_IFACE monitor send - hexdump(len=39): 2f 64 61 74 61 2f 6d 69 73 63 2f 77 69 66 69 2f 73 6f 63 6b 65 74 73 2f 77 70 61 5f 63 74 72 6c ...
03-02 12:57:30.864 I/WifiHW  (  506): EVENT: IFNAME=wlan0 CTRL-EVENT-SCAN-RESULTS 
03-02 12:57:30.864 D/wpa_supplicant(  659): Authorize channel 1
03-02 12:57:30.864 D/wpa_supplicant(  659): Authorize channel 2
03-02 12:57:30.864 D/wpa_supplicant(  659): Authorize channel 3
03-02 12:57:30.864 D/wpa_supplicant(  659): Authorize channel 4
03-02 12:57:30.864 D/wpa_supplicant(  659): Authorize channel 5
03-02 12:57:30.864 D/wpa_supplicant(  659): Authorize channel 6
03-02 12:57:30.864 D/wpa_supplicant(  659): Authorize channel 7
03-02 12:57:30.864 D/wpa_supplicant(  659): Authorize channel 8
03-02 12:57:30.864 D/wpa_supplicant(  659): Authorize channel 9
03-02 12:57:30.864 D/wpa_supplicant(  659): Authorize channel 10
03-02 12:57:30.864 D/wpa_supplicant(  659): Authorize channel 11
03-02 12:57:30.864 D/wpa_supplicant(  659): Authorize channel 12
03-02 12:57:30.864 D/wpa_supplicant(  659): Authorize channel 13
03-02 12:57:30.864 D/wpa_supplicant(  659): Authorize channel 1
03-02 12:57:30.864 D/wpa_supplicant(  659): Authorize channel 2
03-02 12:57:30.864 D/wpa_supplicant(  659): Authorize channel 3
03-02 12:57:30.864 D/wpa_supplicant(  659): Authorize channel 4
03-02 12:57:30.864 I/WifiHW  (  506): EVENT: IFNAME=wlan0 WPS-AP-AVAILABLE 
03-02 12:57:30.864 D/wpa_supplicant(  659): Authorize channel 5
03-02 12:57:30.864 D/wpa_supplicant(  659): Authorize channel 6
03-02 12:57:30.864 D/wpa_supplicant(  659): Authorize channel 7
03-02 12:57:30.864 D/wpa_supplicant(  659): Authorize channel 8
03-02 12:57:30.864 D/wpa_supplicant(  659): Authorize channel 9
03-02 12:57:30.864 D/wpa_supplicant(  659): Authorize channel 10
03-02 12:57:30.864 D/wpa_supplicant(  659): Authorize channel 11
03-02 12:57:30.864 D/wpa_supplicant(  659): Authorize channel 12
03-02 12:57:30.864 D/wpa_supplicant(  659): Authorize channel 13
03-02 12:57:30.864 D/wpa_supplicant(  659): Add access point on channel 6
03-02 12:57:30.864 D/wpa_supplicant(  659): Add access point on channel 11
03-02 12:57:30.864 D/wpa_supplicant(  659): Add access point on channel 6
03-02 12:57:30.864 D/wpa_supplicant(  659): Add access point on channel 11
03-02 12:57:30.864 D/wpa_supplicant(  659): Add access point on channel 1
03-02 12:57:30.864 D/wpa_supplicant(  659): Add access point on channel 1
03-02 12:57:30.864 D/wpa_supplicant(  659): Add access point on channel 6
03-02 12:57:30.864 D/wpa_supplicant(  659): Add access point on channel 11
03-02 12:57:30.864 D/wpa_supplicant(  659): Add access point on channel 8
03-02 12:57:30.864 D/wpa_supplicant(  659): Add access point on channel 6
03-02 12:57:30.864 D/wpa_supplicant(  659): Add access point on channel 6
03-02 12:57:30.874 D/wpa_supplicant(  659): Add access point on channel 13
03-02 12:57:30.874 D/wpa_supplicant(  659): Add access point on channel 6
03-02 12:57:30.874 D/wpa_supplicant(  659): Add access point on channel 11
03-02 12:57:30.874 I/WifiHW  (  506): CMD: IFNAME=wlan0 BSS RANGE=0- MASK=0x21987
03-02 12:57:30.874 D/wpa_supplicant(  659): Add access point on channel 6
03-02 12:57:30.874 D/wpa_supplicant(  659): Add access point on channel 6
03-02 12:57:30.874 D/wpa_supplicant(  659): Add access point on channel 6
03-02 12:57:30.874 D/wpa_supplicant(  659): Add access point on channel 1
03-02 12:57:30.874 D/wpa_supplicant(  659): Add access point on channel 1
03-02 12:57:30.874 D/wpa_supplicant(  659): Add access point on channel 11
03-02 12:57:30.874 D/wpa_supplicant(  659): Add access point on channel 6
03-02 12:57:30.874 D/wpa_supplicant(  659): Add access point on channel 6
03-02 12:57:30.874 D/wpa_supplicant(  659): Add access point on channel 7
03-02 12:57:30.874 D/wpa_supplicant(  659): Add access point on channel 9
03-02 12:57:30.874 D/wpa_supplicant(  659): Add access point on channel 2
03-02 12:57:30.874 D/wpa_supplicant(  659): Add access point on channel 1
03-02 12:57:30.874 D/wpa_supplicant(  659): Add access point on channel 1
03-02 12:57:30.874 D/wpa_supplicant(  659): Best Operating channel is = 11
03-02 12:57:30.874 D/wpa_supplicant(  659): WPS: AP[0] 28:2c:b2:44:e4:00 type=0 tries=0 last_attempt=-1 sec ago blacklist=0
03-02 12:57:30.874 D/wpa_supplicant(  659): WPS: AP[1] 14:e6:e4:b8:85:76 type=0 tries=0 last_attempt=-1 sec ago blacklist=0
03-02 12:57:30.874 D/wpa_supplicant(  659): WPS: AP[2] 78:a1:06:55:fe:30 type=0 tries=0 last_attempt=-1 sec ago blacklist=0
03-02 12:57:30.874 D/wpa_supplicant(  659): WPS: AP[3] a8:15:4d:13:9a:08 type=0 tries=0 last_attempt=-1 sec ago blacklist=0
03-02 12:57:30.874 D/wpa_supplicant(  659): WPS: AP[4] 78:54:2e:f5:fb:9e type=0 tries=0 last_attempt=-1 sec ago blacklist=0
03-02 12:57:30.874 D/wpa_supplicant(  659): WPS: AP[5] 20:dc:e6:3f:eb:f2 type=0 tries=0 last_attempt=-1 sec ago blacklist=0
03-02 12:57:30.874 D/wpa_supplicant(  659): WPS: AP[6] 64:09:80:1e:91:78 type=0 tries=0 last_attempt=-1 sec ago blacklist=0
03-02 12:57:30.874 D/wpa_supplicant(  659): WPS: AP[7] ec:88:8f:6a:0c:a8 type=0 tries=0 last_attempt=-1 sec ago blacklist=0
03-02 12:57:30.874 D/wpa_supplicant(  659): WPS: AP[8] d0:15:4a:15:5d:1a type=0 tries=0 last_attempt=-1 sec ago blacklist=0
03-02 12:57:30.874 D/wpa_supplicant(  659): WPS: AP[9] 1c:fa:68:11:5a:b6 type=0 tries=0 last_attempt=-1 sec ago blacklist=0
03-02 12:57:30.874 D/wpa_supplicant(  659): WPS: AP[10] 8c:be:be:26:4b:8b type=0 tries=0 last_attempt=-1 sec ago blacklist=0
03-02 12:57:30.874 D/wpa_supplicant(  659): WPS: AP[11] 64:09:80:15:31:84 type=0 tries=0 last_attempt=-1 sec ago blacklist=0
03-02 12:57:30.874 D/wpa_supplicant(  659): WPS: AP[12] bc:d1:77:f3:0b:28 type=0 tries=0 last_attempt=-1 sec ago blacklist=0
03-02 12:57:30.874 D/wpa_supplicant(  659): WPS: AP[13] c0:61:18:4e:07:fc type=0 tries=0 last_attempt=-1 sec ago blacklist=0
03-02 12:57:30.874 D/wpa_supplicant(  659): WPS: AP[14] f4:ec:38:6d:cf:d6 type=0 tries=0 last_attempt=-1 sec ago blacklist=0
03-02 12:57:30.874 D/wpa_supplicant(  659): WPS: AP[15] e4:d3:32:0a:fb:34 type=0 tries=0 last_attempt=-1 sec ago blacklist=0
03-02 12:57:30.874 D/wpa_supplicant(  659): WPS: AP[16] 8c:be:be:28:2d:f8 type=0 tries=0 last_attempt=-1 sec ago blacklist=0
03-02 12:57:30.874 D/wpa_supplicant(  659): WPS: AP[17] d8:15:0d:c4:57:de type=0 tries=0 last_attempt=-1 sec ago blacklist=0
03-02 12:57:30.874 D/wpa_supplicant(  659): WPS: AP[18] 40:16:9f:9b:64:fa type=0 tries=0 last_attempt=-1 sec ago blacklist=0
03-02 12:57:30.874 D/wpa_supplicant(  659): WPS: AP[19] ec:1a:59:0b:f4:8c type=0 tries=0 last_attempt=-1 sec ago blacklist=0
03-02 12:57:30.874 D/wpa_supplicant(  659): WPS: AP[20] 10:c3:7b:d2:e5:e0 type=0 tries=0 last_attempt=-1 sec ago blacklist=0
03-02 12:57:30.874 D/wpa_supplicant(  659): WPS: AP[21] 44:94:fc:3d:da:38 type=0 tries=0 last_attempt=-1 sec ago blacklist=0
03-02 12:57:30.874 D/wpa_supplicant(  659): WPS: AP[22] f8:d1:11:e7:99:e8 type=0 tries=0 last_attempt=-1 sec ago blacklist=0
03-02 12:57:30.874 D/wpa_supplicant(  659): WPS: AP[23] cc:34:29:2b:26:4c type=0 tries=0 last_attempt=-1 sec ago blacklist=0
03-02 12:57:30.874 D/wpa_supplicant(  659): WPS: AP[24] cc:34:29:2c:fb:ec type=0 tries=0 last_attempt=-1 sec ago blacklist=0
03-02 12:57:30.874 D/wpa_supplicant(  659): WPS: AP[25] 98:fc:11:81:35:fb type=0 tries=0 last_attempt=-1 sec ago blacklist=0
03-02 12:57:30.874 D/wpa_supplicant(  659): WPS: AP[26] c0:c1:c0:76:81:3c type=0 tries=0 last_attempt=-1 sec ago blacklist=0
03-02 12:57:30.874 D/wpa_supplicant(  659): WPS: AP[27] 10:9f:a9:dc:b1:fc type=0 tries=0 last_attempt=-1 sec ago blacklist=0
03-02 12:57:30.874 D/wpa_supplicant(  659): WPS: AP[28] b0:48:7a:51:ff:cc type=0 tries=0 last_attempt=-1 sec ago blacklist=0
03-02 12:57:30.874 D/wpa_supplicant(  659): WPS: AP[29] e4:d3:32:36:2e:54 type=0 tries=0 last_attempt=-1 sec ago blacklist=0
03-02 12:57:30.874 D/wpa_supplicant(  659): WPS: AP[30] 14:d6:4d:28:ef:c8 type=0 tries=0 last_attempt=-1 sec ago blacklist=0
03-02 12:57:30.874 D/wpa_supplicant(  659): WPS: AP[31] c0:a0:bb:20:3b:84 type=0 tries=0 last_attempt=-1 sec ago blacklist=0
03-02 12:57:30.874 D/wpa_supplicant(  659): WPS: AP[32] 2c:b0:5d:7f:f4:24 type=0 tries=0 last_attempt=-1 sec ago blacklist=0
03-02 12:57:30.874 D/wpa_supplicant(  659): WPS: AP[33] 9c:21:6a:0d:eb:72 type=0 tries=0 last_attempt=-1 sec ago blacklist=0
03-02 12:57:30.874 D/wpa_supplicant(  659): WPS: AP[34] 66:09:80:d9:a2:5d type=0 tries=0 last_attempt=-1 sec ago blacklist=0
03-02 12:57:30.874 D/wpa_supplicant(  659): WPS: AP[35] 7a:ff:57:00:13:8e type=0 tries=0 last_attempt=-1 sec ago blacklist=0
03-02 12:57:30.874 D/wpa_supplicant(  659): wlan0: Selecting BSS from priority group 20
03-02 12:57:30.874 D/wpa_supplicant(  659): wlan0: 0: 44:94:fc:3d:da:38 ssid='6300' wpa_ie_len=0 rsn_ie_len=20 caps=0x411 level=-43 wps
03-02 12:57:30.874 D/wpa_supplicant(  659): wlan0:    skip - SSID mismatch
03-02 12:57:30.874 D/wpa_supplicant(  659): wlan0: 1: c8:d7:19:60:62:f2 ssid='E3000-2.4G' wpa_ie_len=0 rsn_ie_len=20 caps=0x411 level=-44
03-02 12:57:30.874 D/wpa_supplicant(  659): wlan0:    skip - SSID mismatch
03-02 12:57:30.874 D/wpa_supplicant(  659): wlan0: 2: 10:c3:7b:d2:e5:e0 ssid='ASUS_RT-AC66U-2.4G' wpa_ie_len=0 rsn_ie_len=20 caps=0x411 level=-52 wps
03-02 12:57:30.874 D/wpa_supplicant(  659): wlan0:    skip - SSID mismatch
03-02 12:57:30.874 D/wpa_supplicant(  659): wlan0: 3: cc:34:29:2b:26:4c ssid='cws-test' wpa_ie_len=0 rsn_ie_len=20 caps=0x431 level=-53 wps
03-02 12:57:30.874 D/wpa_supplicant(  659): wlan0:    skip - SSID mismatch
03-02 12:57:30.874 D/wpa_supplicant(  659): wlan0: 4: f8:d1:11:e7:99:e8 ssid='videotest' wpa_ie_len=22 rsn_ie_len=20 caps=0x531 level=-56 wps
03-02 12:57:30.874 D/wpa_supplicant(  659): wlan0:    skip - SSID mismatch
03-02 12:57:30.874 D/wpa_supplicant(  659): wlan0: 5: 90:94:e4:03:45:f5 ssid='DAP-2553_D' wpa_ie_len=0 rsn_ie_len=24 caps=0x431 level=-57
03-02 12:57:30.874 D/wpa_supplicant(  659): wlan0:    skip - SSID mismatch
03-02 12:57:30.874 D/wpa_supplicant(  659): wlan0: 6: 98:fc:11:81:35:fb ssid='E2000EE' wpa_ie_len=0 rsn_ie_len=20 caps=0x411 level=-63 wps
03-02 12:57:30.874 D/wpa_supplicant(  659): wlan0:    skip - SSID mismatch
03-02 12:57:30.874 D/wpa_supplicant(  659): wlan0: 7: 02:1a:11:f3:82:d3 ssid='io1' wpa_ie_len=0 rsn_ie_len=20 caps=0x431 level=-63
03-02 12:57:30.874 D/wpa_supplicant(  659): wlan0:    skip - SSID mismatch
03-02 12:57:30.874 D/wpa_supplicant(  659): wlan0: 8: cc:34:29:2c:fb:ec ssid='linksys' wpa_ie_len=22 rsn_ie_len=20 caps=0x431 level=-64 wps
03-02 12:57:30.874 D/wpa_supplicant(  659): wlan0:    skip - SSID mismatch
03-02 12:57:30.874 D/wpa_supplicant(  659): wlan0: 9: c4:17:fe:3f:4f:fb ssid='cmcm' wpa_ie_len=0 rsn_ie_len=20 caps=0x511 level=-65
03-02 12:57:30.874 D/wpa_supplicant(  659): wlan0:    skip - SSID mismatch
03-02 12:57:30.874 D/wpa_supplicant(  659): wlan0: 10: 14:d6:4d:28:ef:c8 ssid='dlink' wpa_ie_len=0 rsn_ie_len=20 caps=0x431 level=-68 wps
03-02 12:57:30.874 D/wpa_supplicant(  659): wlan0:    skip - SSID mismatch
03-02 12:57:30.874 D/wpa_supplicant(  659): wlan0: 11: b0:48:7a:51:ff:cc ssid='Neusoft TP' wpa_ie_len=22 rsn_ie_len=20 caps=0x431 level=-69
03-02 12:57:30.874 D/wpa_supplicant(  659): wlan0:    skip - SSID mismatch
03-02 12:57:30.874 D/wpa_supplicant(  659): wlan0: 12: 22:48:9a:ac:31:5b ssid='dean1' wpa_ie_len=0 rsn_ie_len=20 caps=0x431 level=-69
03-02 12:57:30.874 D/wpa_supplicant(  659): wlan0:    skip - SSID mismatch
03-02 12:57:30.874 D/wpa_supplicant(  659): wlan0: 13: e4:d3:32:c0:cf:a4 ssid='fast' wpa_ie_len=0 rsn_ie_len=20 caps=0x411 level=-71
03-02 12:57:30.874 D/wpa_supplicant(  659): wlan0:    skip - SSID mismatch
03-02 12:57:30.874 D/wpa_supplicant(  659): wlan0: 14: 00:0f:e2:0f:9f:c1 ssid='321_WAN' wpa_ie_len=28 rsn_ie_len=24 caps=0x411 level=-73
03-02 12:57:30.874 D/wpa_supplicant(  659): wlan0:    skip - SSID mismatch
03-02 12:57:30.874 D/wpa_supplicant(  659): wlan0: 15: c0:a0:bb:20:3b:84 ssid='dlink-3B84' wpa_ie_len=26 rsn_ie_len=24 caps=0x411 level=-73 wps
03-02 12:57:30.874 D/wpa_supplicant(  659): wlan0:    skip - SSID mismatch
03-02 12:57:30.874 D/wpa_supplicant(  659): wlan0: 16: e4:d3:32:36:2e:54 ssid='otc' wpa_ie_len=26 rsn_ie_len=24 caps=0x411 level=-76 wps
03-02 12:57:30.874 D/wpa_supplicant(  659): wlan0:    skip - SSID mismatch
03-02 12:57:30.874 D/wpa_supplicant(  659): wlan0: 17: 2c:b0:5d:7f:f4:24 ssid='NETGEAR38' wpa_ie_len=0 rsn_ie_len=20 caps=0x431 level=-92 wps
03-02 12:57:30.874 D/wpa_supplicant(  659): wlan0:    skip - SSID mismatch
03-02 12:57:30.874 D/wpa_supplicant(  659): wlan0: 18: 8c:be:be:1e:65:2a ssid='Mi_WiFi' wpa_ie_len=0 rsn_ie_len=20 caps=0x431 level=-93
03-02 12:57:30.874 D/wpa_supplicant(  659): wlan0:    skip - SSID mismatch
03-02 12:57:30.874 D/wpa_supplicant(  659): wlan0: 19: 7a:24:af:24:0f:48 ssid='DIRECT-' wpa_ie_len=0 rsn_ie_len=0 caps=0x410 level=-55
03-02 12:57:30.874 D/wpa_supplicant(  659): wlan0:    skip - SSID mismatch
03-02 12:57:30.874 D/wpa_supplicant(  659): wlan0: 20: c0:c1:c0:76:81:3c ssid='E2000' wpa_ie_len=0 rsn_ie_len=0 caps=0x401 level=-62 wps
03-02 12:57:30.874 D/wpa_supplicant(  659): wlan0:    skip - SSID mismatch
03-02 12:57:30.874 D/wpa_supplicant(  659): wlan0: 21: 50:bd:5f:4b:29:92 ssid='Internet-2' wpa_ie_len=0 rsn_ie_len=0 caps=0x421 level=-69
03-02 12:57:30.874 D/wpa_supplicant(  659): wlan0:    skip - SSID mismatch
03-02 12:57:30.874 D/wpa_supplicant(  659): wlan0: 22: e4:d3:32:dd:18:62 ssid='Internet' wpa_ie_len=0 rsn_ie_len=0 caps=0x421 level=-79
03-02 12:57:30.874 D/wpa_supplicant(  659): wlan0:    skip - SSID mismatch
03-02 12:57:30.874 D/wpa_supplicant(  659): wlan0: Selecting BSS from priority group 19
03-02 12:57:30.874 D/wpa_supplicant(  659): wlan0: 0: 44:94:fc:3d:da:38 ssid='6300' wpa_ie_len=0 rsn_ie_len=20 caps=0x411 level=-43 wps
03-02 12:57:30.874 D/wpa_supplicant(  659): wlan0:    skip - SSID mismatch
03-02 12:57:30.874 D/wpa_supplicant(  659): wlan0: 1: c8:d7:19:60:62:f2 ssid='E3000-2.4G' wpa_ie_len=0 rsn_ie_len=20 caps=0x411 level=-44
03-02 12:57:30.874 D/wpa_supplicant(  659): wlan0:    skip - SSID mismatch
03-02 12:57:30.874 D/wpa_supplicant(  659): wlan0: 2: 10:c3:7b:d2:e5:e0 ssid='ASUS_RT-AC66U-2.4G' wpa_ie_len=0 rsn_ie_len=20 caps=0x411 level=-52 wps
03-02 12:57:30.874 D/wpa_supplicant(  659): wlan0:    skip - SSID mismatch
03-02 12:57:30.874 D/wpa_supplicant(  659): wlan0: 3: cc:34:29:2b:26:4c ssid='cws-test' wpa_ie_len=0 rsn_ie_len=20 caps=0x431 level=-53 wps
03-02 12:57:30.874 D/wpa_supplicant(  659): wlan0:    skip - SSID mismatch
03-02 12:57:30.874 D/wpa_supplicant(  659): wlan0: 4: f8:d1:11:e7:99:e8 ssid='videotest' wpa_ie_len=22 rsn_ie_len=20 caps=0x531 level=-56 wps
03-02 12:57:30.874 D/wpa_supplicant(  659): wlan0:    skip - SSID mismatch
03-02 12:57:30.874 D/wpa_supplicant(  659): wlan0: 5: 90:94:e4:03:45:f5 ssid='DAP-2553_D' wpa_ie_len=0 rsn_ie_len=24 caps=0x431 level=-57
03-02 12:57:30.874 D/wpa_supplicant(  659): wlan0:    skip - SSID mismatch
03-02 12:57:30.874 D/wpa_supplicant(  659): wlan0: 6: 98:fc:11:81:35:fb ssid='E2000EE' wpa_ie_len=0 rsn_ie_len=20 caps=0x411 level=-63 wps
03-02 12:57:30.874 D/wpa_supplicant(  659): wlan0:    skip - SSID mismatch
03-02 12:57:30.874 D/wpa_supplicant(  659): wlan0: 7: 02:1a:11:f3:82:d3 ssid='io1' wpa_ie_len=0 rsn_ie_len=20 caps=0x431 level=-63
03-02 12:57:30.874 D/wpa_supplicant(  659): wlan0:    skip - SSID mismatch
03-02 12:57:30.874 D/wpa_supplicant(  659): wlan0: 8: cc:34:29:2c:fb:ec ssid='linksys' wpa_ie_len=22 rsn_ie_len=20 caps=0x431 level=-64 wps
03-02 12:57:30.874 D/wpa_supplicant(  659): wlan0:    skip - SSID mismatch
03-02 12:57:30.874 D/wpa_supplicant(  659): wlan0: 9: c4:17:fe:3f:4f:fb ssid='cmcm' wpa_ie_len=0 rsn_ie_len=20 caps=0x511 level=-65
03-02 12:57:30.874 D/wpa_supplicant(  659): wlan0:    skip - SSID mismatch
03-02 12:57:30.874 D/wpa_supplicant(  659): wlan0: 10: 14:d6:4d:28:ef:c8 ssid='dlink' wpa_ie_len=0 rsn_ie_len=20 caps=0x431 level=-68 wps
03-02 12:57:30.874 D/wpa_supplicant(  659): wlan0:    skip - SSID mismatch
03-02 12:57:30.874 D/wpa_supplicant(  659): wlan0: 11: b0:48:7a:51:ff:cc ssid='Neusoft TP' wpa_ie_len=22 rsn_ie_len=20 caps=0x431 level=-69
03-02 12:57:30.874 D/wpa_supplicant(  659): wlan0:    skip - SSID mismatch
03-02 12:57:30.874 D/wpa_supplicant(  659): wlan0: 12: 22:48:9a:ac:31:5b ssid='dean1' wpa_ie_len=0 rsn_ie_len=20 caps=0x431 level=-69
03-02 12:57:30.874 D/wpa_supplicant(  659): wlan0:    skip - SSID mismatch
03-02 12:57:30.874 D/wpa_supplicant(  659): wlan0: 13: e4:d3:32:c0:cf:a4 ssid='fast' wpa_ie_len=0 rsn_ie_len=20 caps=0x411 level=-71
03-02 12:57:30.874 D/wpa_supplicant(  659): wlan0:    skip - SSID mismatch
03-02 12:57:30.874 D/wpa_supplicant(  659): wlan0: 14: 00:0f:e2:0f:9f:c1 ssid='321_WAN' wpa_ie_len=28 rsn_ie_len=24 caps=0x411 level=-73
03-02 12:57:30.874 D/wpa_supplicant(  659): wlan0:    skip - SSID mismatch
03-02 12:57:30.874 D/wpa_supplicant(  659): wlan0: 15: c0:a0:bb:20:3b:84 ssid='dlink-3B84' wpa_ie_len=26 rsn_ie_len=24 caps=0x411 level=-73 wps
03-02 12:57:30.874 D/wpa_supplicant(  659): wlan0:    skip - SSID mismatch
03-02 12:57:30.874 D/wpa_supplicant(  659): wlan0: 16: e4:d3:32:36:2e:54 ssid='otc' wpa_ie_len=26 rsn_ie_len=24 caps=0x411 level=-76 wps
03-02 12:57:30.874 D/wpa_supplicant(  659): wlan0:    skip - SSID mismatch
03-02 12:57:30.874 D/wpa_supplicant(  659): wlan0: 17: 2c:b0:5d:7f:f4:24 ssid='NETGEAR38' wpa_ie_len=0 rsn_ie_len=20 caps=0x431 level=-92 wps
03-02 12:57:30.874 D/wpa_supplicant(  659): wlan0:    skip - SSID mismatch
03-02 12:57:30.874 D/wpa_supplicant(  659): wlan0: 18: 8c:be:be:1e:65:2a ssid='Mi_WiFi' wpa_ie_len=0 rsn_ie_len=20 caps=0x431 level=-93
03-02 12:57:30.874 D/wpa_supplicant(  659): wlan0:    skip - SSID mismatch
03-02 12:57:30.874 D/wpa_supplicant(  659): wlan0: 19: 7a:24:af:24:0f:48 ssid='DIRECT-' wpa_ie_len=0 rsn_ie_len=0 caps=0x410 level=-55
03-02 12:57:30.874 D/wpa_supplicant(  659): wlan0:    skip - SSID mismatch
03-02 12:57:30.874 D/wpa_supplicant(  659): wlan0: 20: c0:c1:c0:76:81:3c ssid='E2000' wpa_ie_len=0 rsn_ie_len=0 caps=0x401 level=-62 wps
03-02 12:57:30.874 D/wpa_supplicant(  659): wlan0:    skip - SSID mismatch
03-02 12:57:30.874 D/wpa_supplicant(  659): wlan0: 21: 50:bd:5f:4b:29:92 ssid='Internet-2' wpa_ie_len=0 rsn_ie_len=0 caps=0x421 level=-69
03-02 12:57:30.874 D/wpa_supplicant(  659): wlan0:    skip - SSID mismatch
03-02 12:57:30.874 D/wpa_supplicant(  659): wlan0: 22: e4:d3:32:dd:18:62 ssid='Internet' wpa_ie_len=0 rsn_ie_len=0 caps=0x421 level=-79
03-02 12:57:30.874 D/wpa_supplicant(  659): wlan0:    skip - SSID mismatch
03-02 12:57:30.874 D/wpa_supplicant(  659): wlan0: Selecting BSS from priority group 18
03-02 12:57:30.874 D/wpa_supplicant(  659): wlan0: 0: 44:94:fc:3d:da:38 ssid='6300' wpa_ie_len=0 rsn_ie_len=20 caps=0x411 level=-43 wps
03-02 12:57:30.874 D/wpa_supplicant(  659): wlan0:    skip - SSID mismatch
03-02 12:57:30.874 D/wpa_supplicant(  659): wlan0: 1: c8:d7:19:60:62:f2 ssid='E3000-2.4G' wpa_ie_len=0 rsn_ie_len=20 caps=0x411 level=-44
03-02 12:57:30.874 D/wpa_supplicant(  659): wlan0:    skip - SSID mismatch
03-02 12:57:30.874 D/wpa_supplicant(  659): wlan0: 2: 10:c3:7b:d2:e