--------- beginning of /dev/log/main
03-02 13:19:24.624 D/AndroidRuntime(20999): 
03-02 13:19:24.624 D/AndroidRuntime(20999): >>>>>> AndroidRuntime START com.android.internal.os.RuntimeInit <<<<<<
03-02 13:19:24.624 D/AndroidRuntime(20999): CheckJNI is OFF
03-02 13:19:24.624 I/AndroidRuntime(20999): Kernel Release Version: 3.10.20-gf818079
03-02 13:19:24.624 I/dalvikvm(20999): No library specified. The standard exception handler will be used
03-02 13:19:24.624 I/dalvikvm(20999): 
03-02 13:19:24.624 I/dalvikvm(20999): +++++++++++++ Using PCG. +++++++++++++++++++++
03-02 13:19:24.634 D/dalvikvm(20999): Trying to load lib libjavacore.so 0x0
03-02 13:19:24.634 D/dalvikvm(20999): Added shared lib libjavacore.so 0x0
03-02 13:19:24.634 D/dalvikvm(20999): Trying to load lib libnativehelper.so 0x0
03-02 13:19:24.634 D/dalvikvm(20999): Added shared lib libnativehelper.so 0x0
03-02 13:19:24.634 D/dalvikvm(20999): No JNI_OnLoad found in libnativehelper.so 0x0, skipping init
03-02 13:19:24.644 D/dalvikvm(20999): Extra Options: not specified
03-02 13:19:24.654 D/dalvikvm(20999): Note: class Landroid/app/ActivityManagerNative; has 186 unimplemented (abstract) methods
03-02 13:19:24.724 E/memtrack(20999): Couldn't load memtrack module (No such file or directory)
03-02 13:19:24.724 E/android.os.Debug(20999): failed to load memtrack module: -2
03-02 13:19:24.764 D/AndroidRuntime(20999): Calling main entry com.android.commands.am.Am
03-02 13:19:24.794 D/AndroidRuntime(20999): Shutting down VM
03-02 13:19:24.794 D/dalvikvm(20999): GC_CONCURRENT freed 112K, 16% free 666K/792K, paused 0ms+0ms, total 1ms
--------- beginning of /dev/log/system
03-02 13:19:24.794 I/ActivityManager(  506): Force stopping org.xwalk.webapi_noneservice_tests appid=10343 user=0: from pid 20999
03-02 13:19:24.804 D/dalvikvm(20999): Compiler shutdown in progress - discarding request
03-02 13:19:24.804 D/dalvikvm(20999): Compiler shutdown in progress - discarding request
03-02 13:19:24.804 D/dalvikvm(20999): Compiler shutdown in progress - discarding request
03-02 13:19:24.804 D/dalvikvm(20999): Compiler shutdown in progress - discarding request
03-02 13:19:24.804 D/dalvikvm(20999): Compiler shutdown in progress - discarding request
03-02 13:19:24.804 D/dalvikvm(20999): Compiler shutdown in progress - discarding request
03-02 13:19:24.804 D/dalvikvm(20999): Compiler shutdown in progress - discarding request
03-02 13:19:24.804 D/dalvikvm(20999): Compiler shutdown in progress - discarding request
03-02 13:19:24.804 D/dalvikvm(20999): Compiler shutdown in progress - discarding request
03-02 13:19:24.804 D/dalvikvm(20999): Compiler shutdown in progress - discarding request
03-02 13:19:24.804 D/dalvikvm(20999): Compiler shutdown in progress - discarding request
03-02 13:19:24.804 D/dalvikvm(20999): Compiler shutdown in progress - discarding request
03-02 13:19:24.804 D/dalvikvm(20999): Compiler shutdown in progress - discarding request
03-02 13:19:24.804 D/dalvikvm(20999): Compiler shutdown in progress - discarding request
03-02 13:19:24.804 D/dalvikvm(20999): Compiler shutdown in progress - discarding request
03-02 13:19:24.804 D/dalvikvm(20999): Compiler shutdown in progress - discarding request
03-02 13:19:24.804 D/dalvikvm(20999): Compiler shutdown in progress - discarding request
03-02 13:19:24.804 D/dalvikvm(20999): Compiler shutdown in progress - discarding request
03-02 13:19:24.804 D/dalvikvm(20999): Compiler shutdown in progress - discarding request
03-02 13:19:24.804 D/dalvikvm(20999): Compiler shutdown in progress - discarding request
03-02 13:19:24.804 D/dalvikvm(20999): Compiler shutdown in progress - discarding request
03-02 13:19:24.804 D/dalvikvm(20999): Compiler shutdown in progress - discarding request
03-02 13:19:24.804 D/dalvikvm(20999): Compiler shutdown in progress - discarding request
03-02 13:19:24.804 D/dalvikvm(20999): Compiler shutdown in progress - discarding request
03-02 13:19:24.804 D/dalvikvm(20999): Compiler shutdown in progress - discarding request
03-02 13:19:24.804 D/dalvikvm(20999): Compiler shutdown in progress - discarding request
03-02 13:19:24.804 D/dalvikvm(20999): Compiler shutdown in progress - discarding request
03-02 13:19:24.804 D/dalvikvm(20999): Compiler shutdown in progress - discarding request
03-02 13:19:24.804 D/dalvikvm(20999): Compiler shutdown in progress - discarding request
03-02 13:19:24.804 D/dalvikvm(20999): Compiler shutdown in progress - discarding request
03-02 13:19:24.804 D/dalvikvm(20999): Compiler shutdown in progress - discarding request
03-02 13:19:24.804 D/dalvikvm(20999): Compiler shutdown in progress - discarding request
03-02 13:19:24.804 D/dalvikvm(20999): Compiler shutdown in progress - discarding request
03-02 13:19:24.804 D/dalvikvm(20999): Compiler shutdown in progress - discarding request
03-02 13:19:24.804 D/dalvikvm(20999): Compiler shutdown in progress - discarding request
03-02 13:19:24.804 D/dalvikvm(20999): Compiler shutdown in progress - discarding request
03-02 13:19:24.804 D/dalvikvm(20999): Compiler shutdown in progress - discarding request
03-02 13:19:24.804 D/dalvikvm(20999): Compiler shutdown in progress - discarding request
03-02 13:19:24.804 D/dalvikvm(20999): Compiler shutdown in progress - discarding request
03-02 13:19:24.804 D/dalvikvm(20999): Compiler shutdown in progress - discarding request
03-02 13:19:24.804 D/dalvikvm(20999): Compiler shutdown in progress - discarding request
03-02 13:19:24.804 D/dalvikvm(20999): Compiler shutdown in progress - discarding request
03-02 13:19:24.804 D/dalvikvm(20999): Compiler shutdown in progress - discarding request
03-02 13:19:25.424 D/AndroidRuntime(21010): 
03-02 13:19:25.424 D/AndroidRuntime(21010): >>>>>> AndroidRuntime START com.android.internal.os.RuntimeInit <<<<<<
03-02 13:19:25.424 D/AndroidRuntime(21010): CheckJNI is OFF
03-02 13:19:25.424 I/AndroidRuntime(21010): Kernel Release Version: 3.10.20-gf818079
03-02 13:19:25.424 I/dalvikvm(21010): No library specified. The standard exception handler will be used
03-02 13:19:25.424 I/dalvikvm(21010): 
03-02 13:19:25.424 I/dalvikvm(21010): +++++++++++++ Using PCG. +++++++++++++++++++++
03-02 13:19:25.434 D/dalvikvm(21010): Trying to load lib libjavacore.so 0x0
03-02 13:19:25.434 D/dalvikvm(21010): Added shared lib libjavacore.so 0x0
03-02 13:19:25.434 D/dalvikvm(21010): Trying to load lib libnativehelper.so 0x0
03-02 13:19:25.434 D/dalvikvm(21010): Added shared lib libnativehelper.so 0x0
03-02 13:19:25.434 D/dalvikvm(21010): No JNI_OnLoad found in libnativehelper.so 0x0, skipping init
03-02 13:19:25.444 D/dalvikvm(21010): Extra Options: not specified
03-02 13:19:25.454 D/dalvikvm(21010): Note: class Landroid/app/ActivityManagerNative; has 186 unimplemented (abstract) methods
03-02 13:19:25.534 E/memtrack(21010): Couldn't load memtrack module (No such file or directory)
03-02 13:19:25.534 E/android.os.Debug(21010): failed to load memtrack module: -2
03-02 13:19:25.564 D/AndroidRuntime(21010): Calling main entry com.android.commands.am.Am
03-02 13:19:25.594 D/AndroidRuntime(21010): Shutting down VM
03-02 13:19:25.594 D/dalvikvm(21010): GC_CONCURRENT freed 117K, 16% free 702K/832K, paused 0ms+0ms, total 1ms
03-02 13:19:25.594 I/ActivityManager(  506): START u0 {flg=0x10000000 cmp=org.xwalk.webapi_noneservice_tests/.webapi_noneservice_testsActivity} from pid 21010
03-02 13:19:25.604 D/dalvikvm(21010): Compiler shutdown in progress - discarding request
03-02 13:19:25.604 D/dalvikvm(21010): Compiler shutdown in progress - discarding request
03-02 13:19:25.604 D/dalvikvm(21010): Compiler shutdown in progress - discarding request
03-02 13:19:25.604 D/dalvikvm(21010): Compiler shutdown in progress - discarding request
03-02 13:19:25.604 D/dalvikvm(21010): Compiler shutdown in progress - discarding request
03-02 13:19:25.604 D/dalvikvm(21010): Compiler shutdown in progress - discarding request
03-02 13:19:25.604 D/dalvikvm(21010): Compiler shutdown in progress - discarding request
03-02 13:19:25.604 D/dalvikvm(21010): Compiler shutdown in progress - discarding request
03-02 13:19:25.604 D/dalvikvm(21010): Compiler shutdown in progress - discarding request
03-02 13:19:25.604 D/dalvikvm(21010): Compiler shutdown in progress - discarding request
03-02 13:19:25.604 D/dalvikvm(21010): Compiler shutdown in progress - discarding request
03-02 13:19:25.604 D/dalvikvm(21010): Compiler shutdown in progress - discarding request
03-02 13:19:25.604 D/dalvikvm(21010): Compiler shutdown in progress - discarding request
03-02 13:19:25.604 D/dalvikvm(21010): Compiler shutdown in progress - discarding request
03-02 13:19:25.604 D/dalvikvm(21010): Compiler shutdown in progress - discarding request
03-02 13:19:25.604 D/dalvikvm(21010): Compiler shutdown in progress - discarding request
03-02 13:19:25.604 D/dalvikvm(21010): Compiler shutdown in progress - discarding request
03-02 13:19:25.604 D/dalvikvm(21010): Compiler shutdown in progress - discarding request
03-02 13:19:25.604 D/dalvikvm(21010): Compiler shutdown in progress - discarding request
03-02 13:19:25.604 D/dalvikvm(21010): Compiler shutdown in progress - discarding request
03-02 13:19:25.604 D/dalvikvm(21010): Compiler shutdown in progress - discarding request
03-02 13:19:25.604 D/dalvikvm(21010): Compiler shutdown in progress - discarding request
03-02 13:19:25.604 D/dalvikvm(21010): Compiler shutdown in progress - discarding request
03-02 13:19:25.604 D/dalvikvm(21010): Compiler shutdown in progress - discarding request
03-02 13:19:25.604 D/dalvikvm(21010): Compiler shutdown in progress - discarding request
03-02 13:19:25.604 D/dalvikvm(21010): Compiler shutdown in progress - discarding request
03-02 13:19:25.604 D/dalvikvm(21010): Compiler shutdown in progress - discarding request
03-02 13:19:25.604 D/dalvikvm(21010): Compiler shutdown in progress - discarding request
03-02 13:19:25.604 D/dalvikvm(21010): Compiler shutdown in progress - discarding request
03-02 13:19:25.604 D/dalvikvm(21010): Compiler shutdown in progress - discarding request
03-02 13:19:25.604 D/dalvikvm(21010): Compiler shutdown in progress - discarding request
03-02 13:19:25.604 D/dalvikvm(21010): Compiler shutdown in progress - discarding request
03-02 13:19:25.604 D/dalvikvm(21010): Compiler shutdown in progress - discarding request
03-02 13:19:25.604 D/dalvikvm(21010): Compiler shutdown in progress - discarding request
03-02 13:19:25.604 D/dalvikvm(21010): Compiler shutdown in progress - discarding request
03-02 13:19:25.604 D/dalvikvm(21010): Compiler shutdown in progress - discarding request
03-02 13:19:25.604 D/dalvikvm(21010): Compiler shutdown in progress - discarding request
03-02 13:19:25.604 D/dalvikvm(21010): Compiler shutdown in progress - discarding request
03-02 13:19:25.604 D/dalvikvm(21010): Compiler shutdown in progress - discarding request
03-02 13:19:25.604 D/dalvikvm(21010): Compiler shutdown in progress - discarding request
03-02 13:19:25.604 D/dalvikvm(21010): Compiler shutdown in progress - discarding request
03-02 13:19:25.604 D/dalvikvm(21010): Compiler shutdown in progress - discarding request
03-02 13:19:25.604 D/dalvikvm(21010): Compiler shutdown in progress - discarding request
03-02 13:19:25.604 D/dalvikvm(21010): Compiler shutdown in progress - discarding request
03-02 13:19:25.604 D/dalvikvm(21010): Compiler shutdown in progress - discarding request
03-02 13:19:25.604 D/dalvikvm(21010): Compiler shutdown in progress - discarding request
03-02 13:19:26.224 D/AndroidRuntime(21021): 
03-02 13:19:26.224 D/AndroidRuntime(21021): >>>>>> AndroidRuntime START com.android.internal.os.RuntimeInit <<<<<<
03-02 13:19:26.224 D/AndroidRuntime(21021): CheckJNI is OFF
03-02 13:19:26.224 I/AndroidRuntime(21021): Kernel Release Version: 3.10.20-gf818079
03-02 13:19:26.224 I/dalvikvm(21021): No library specified. The standard exception handler will be used
03-02 13:19:26.224 I/dalvikvm(21021): 
03-02 13:19:26.224 I/dalvikvm(21021): +++++++++++++ Using PCG. +++++++++++++++++++++
03-02 13:19:26.234 D/dalvikvm(21021): Trying to load lib libjavacore.so 0x0
03-02 13:19:26.234 D/dalvikvm(21021): Added shared lib libjavacore.so 0x0
03-02 13:19:26.234 D/dalvikvm(21021): Trying to load lib libnativehelper.so 0x0
03-02 13:19:26.234 D/dalvikvm(21021): Added shared lib libnativehelper.so 0x0
03-02 13:19:26.234 D/dalvikvm(21021): No JNI_OnLoad found in libnativehelper.so 0x0, skipping init
03-02 13:19:26.244 D/dalvikvm(21021): Extra Options: not specified
03-02 13:19:26.254 D/dalvikvm(21021): Note: class Landroid/app/ActivityManagerNative; has 186 unimplemented (abstract) methods
03-02 13:19:26.324 E/memtrack(21021): Couldn't load memtrack module (No such file or directory)
03-02 13:19:26.324 E/android.os.Debug(21021): failed to load memtrack module: -2
03-02 13:19:26.364 D/AndroidRuntime(21021): Calling main entry com.android.commands.am.Am
03-02 13:19:26.394 I/ActivityManager(  506): START u0 {flg=0x10000000 cmp=org.xwalk.webapi_noneservice_tests/.webapi_noneservice_tests} from pid 21021
03-02 13:19:26.404 D/AndroidRuntime(21021): Shutting down VM
03-02 13:19:26.404 D/dalvikvm(21021): GC_CONCURRENT freed 113K, 16% free 674K/800K, paused 1ms+0ms, total 2ms
03-02 13:19:26.414 D/dalvikvm(21021): Compiler shutdown in progress - discarding request
03-02 13:19:26.414 D/dalvikvm(21021): Compiler shutdown in progress - discarding request
03-02 13:19:26.414 D/dalvikvm(21021): Compiler shutdown in progress - discarding request
03-02 13:19:26.414 D/dalvikvm(21021): Compiler shutdown in progress - discarding request
03-02 13:19:26.414 D/dalvikvm(21021): Compiler shutdown in progress - discarding request
03-02 13:19:26.414 D/dalvikvm(21021): Compiler shutdown in progress - discarding request
03-02 13:19:26.414 D/dalvikvm(21021): Compiler shutdown in progress - discarding request
03-02 13:19:26.414 D/dalvikvm(21021): Compiler shutdown in progress - discarding request
03-02 13:19:26.414 D/dalvikvm(21021): Compiler shutdown in progress - discarding request
03-02 13:19:26.414 D/dalvikvm(21021): Compiler shutdown in progress - discarding request
03-02 13:19:26.414 D/dalvikvm(21021): Compiler shutdown in progress - discarding request
03-02 13:19:26.414 D/dalvikvm(21021): Compiler shutdown in progress - discarding request
03-02 13:19:26.414 D/dalvikvm(21021): Compiler shutdown in progress - discarding request
03-02 13:19:26.414 D/dalvikvm(21021): Compiler shutdown in progress - discarding request
03-02 13:19:26.414 D/dalvikvm(21021): Compiler shutdown in progress - discarding request
03-02 13:19:26.414 D/dalvikvm(21021): Compiler shutdown in progress - discarding request
03-02 13:19:26.414 D/dalvikvm(21021): Compiler shutdown in progress - discarding request
03-02 13:19:26.414 D/dalvikvm(21021): Compiler shutdown in progress - discarding request
03-02 13:19:26.414 D/dalvikvm(21021): Compiler shutdown in progress - discarding request
03-02 13:19:26.414 D/dalvikvm(21021): Compiler shutdown in progress - discarding request
03-02 13:19:26.414 D/dalvikvm(21021): Compiler shutdown in progress - discarding request
03-02 13:19:26.414 D/dalvikvm(21021): Compiler shutdown in progress - discarding request
03-02 13:19:26.414 D/dalvikvm(21021): Compiler shutdown in progress - discarding request
03-02 13:19:26.414 D/dalvikvm(21021): Compiler shutdown in progress - discarding request
03-02 13:19:26.414 D/dalvikvm(21021): Compiler shutdown in progress - discarding request
03-02 13:19:26.414 D/dalvikvm(21021): Compiler shutdown in progress - discarding request
03-02 13:19:26.414 D/dalvikvm(21021): Compiler shutdown in progress - discarding request
03-02 13:19:26.414 D/dalvikvm(21021): Compiler shutdown in progress - discarding request
03-02 13:19:26.414 D/dalvikvm(21021): Compiler shutdown in progress - discarding request
03-02 13:19:26.414 D/dalvikvm(21021): Compiler shutdown in progress - discarding request
03-02 13:19:26.414 D/dalvikvm(21021): Compiler shutdown in progress - discarding request
03-02 13:19:26.414 D/dalvikvm(21021): Compiler shutdown in progress - discarding request
03-02 13:19:26.414 D/dalvikvm(21021): Compiler shutdown in progress - discarding request
03-02 13:19:26.414 D/dalvikvm(21021): Compiler shutdown in progress - discarding request
03-02 13:19:26.414 D/dalvikvm(21021): Compiler shutdown in progress - discarding request
03-02 13:19:26.414 D/dalvikvm(21021): Compiler shutdown in progress - discarding request
03-02 13:19:26.414 D/dalvikvm(21021): Compiler shutdown in progress - discarding request
03-02 13:19:26.414 D/dalvikvm(21021): Compiler shutdown in progress - discarding request
03-02 13:19:26.414 D/dalvikvm(21021): Compiler shutdown in progress - discarding request
03-02 13:19:26.414 D/dalvikvm(21021): Compiler shutdown in progress - discarding request
03-02 13:19:26.414 D/dalvikvm(21021): Compiler shutdown in progress - discarding request
03-02 13:19:26.414 D/dalvikvm(21021): Compiler shutdown in progress - discarding request
03-02 13:19:26.414 D/dalvikvm(21021): Compiler shutdown in progress - discarding request
03-02 13:19:26.414 D/dalvikvm(21021): Compiler shutdown in progress - discarding request
03-02 13:19:26.414 D/dalvikvm(21021): Compiler shutdown in progress - discarding request
03-02 13:19:27.034 D/AndroidRuntime(21032): 
03-02 13:19:27.034 D/AndroidRuntime(21032): >>>>>> AndroidRuntime START com.android.internal.os.RuntimeInit <<<<<<
03-02 13:19:27.034 D/AndroidRuntime(21032): CheckJNI is OFF
03-02 13:19:27.034 I/AndroidRuntime(21032): Kernel Release Version: 3.10.20-gf818079
03-02 13:19:27.034 I/dalvikvm(21032): No library specified. The standard exception handler will be used
03-02 13:19:27.034 I/dalvikvm(21032): 
03-02 13:19:27.034 I/dalvikvm(21032): +++++++++++++ Using PCG. +++++++++++++++++++++
03-02 13:19:27.044 D/dalvikvm(21032): Trying to load lib libjavacore.so 0x0
03-02 13:19:27.044 D/dalvikvm(21032): Added shared lib libjavacore.so 0x0
03-02 13:19:27.054 D/dalvikvm(21032): Trying to load lib libnativehelper.so 0x0
03-02 13:19:27.054 D/dalvikvm(21032): Added shared lib libnativehelper.so 0x0
03-02 13:19:27.054 D/dalvikvm(21032): No JNI_OnLoad found in libnativehelper.so 0x0, skipping init
03-02 13:19:27.054 D/dalvikvm(21032): Extra Options: not specified
03-02 13:19:27.064 D/dalvikvm(21032): Note: class Landroid/app/ActivityManagerNative; has 186 unimplemented (abstract) methods
03-02 13:19:27.134 E/memtrack(21032): Couldn't load memtrack module (No such file or directory)
03-02 13:19:27.134 E/android.os.Debug(21032): failed to load memtrack module: -2
03-02 13:19:27.174 D/AndroidRuntime(21032): Calling main entry com.android.commands.am.Am
03-02 13:19:27.204 I/ActivityManager(  506): START u0 {flg=0x10000000 cmp=org.xwalk.webapi_noneservice_tests/.WebapiNoneserviceTestsActivity} from pid 21032
03-02 13:19:27.214 D/AndroidRuntime(21032): Shutting down VM
03-02 13:19:27.224 D/dalvikvm(21032): GC_CONCURRENT freed 122K, 19% free 677K/832K, paused 0ms+1ms, total 1ms
03-02 13:19:27.224 D/dalvikvm(21032): Compiler shutdown in progress - discarding request
03-02 13:19:27.224 D/dalvikvm(21032): Compiler shutdown in progress - discarding request
03-02 13:19:27.224 D/dalvikvm(21032): Compiler shutdown in progress - discarding request
03-02 13:19:27.224 D/dalvikvm(21032): Compiler shutdown in progress - discarding request
03-02 13:19:27.224 D/dalvikvm(21032): Compiler shutdown in progress - discarding request
03-02 13:19:27.224 D/dalvikvm(21032): Compiler shutdown in progress - discarding request
03-02 13:19:27.224 D/dalvikvm(21032): Compiler shutdown in progress - discarding request
03-02 13:19:27.224 D/dalvikvm(21032): Compiler shutdown in progress - discarding request
03-02 13:19:27.224 D/dalvikvm(21032): Compiler shutdown in progress - discarding request
03-02 13:19:27.224 D/dalvikvm(21032): Compiler shutdown in progress - discarding request
03-02 13:19:27.224 D/dalvikvm(21032): Compiler shutdown in progress - discarding request
03-02 13:19:27.224 D/dalvikvm(21032): Compiler shutdown in progress - discarding request
03-02 13:19:27.224 D/dalvikvm(21032): Compiler shutdown in progress - discarding request
03-02 13:19:27.224 D/dalvikvm(21032): Compiler shutdown in progress - discarding request
03-02 13:19:27.224 D/dalvikvm(21032): Compiler shutdown in progress - discarding request
03-02 13:19:27.224 D/dalvikvm(21032): Compiler shutdown in progress - discarding request
03-02 13:19:27.224 D/dalvikvm(21032): Compiler shutdown in progress - discarding request
03-02 13:19:27.224 D/dalvikvm(21032): Compiler shutdown in progress - discarding request
03-02 13:19:27.224 D/dalvikvm(21032): Compiler shutdown in progress - discarding request
03-02 13:19:27.224 D/dalvikvm(21032): Compiler shutdown in progress - discarding request
03-02 13:19:27.224 D/dalvikvm(21032): Compiler shutdown in progress - discarding request
03-02 13:19:27.224 D/dalvikvm(21032): Compiler shutdown in progress - discarding request
03-02 13:19:27.224 D/dalvikvm(21032): Compiler shutdown in progress - discarding request
03-02 13:19:27.224 D/dalvikvm(21032): Compiler shutdown in progress - discarding request
03-02 13:19:27.224 D/dalvikvm(21032): Compiler shutdown in progress - discarding request
03-02 13:19:27.224 D/dalvikvm(21032): Compiler shutdown in progress - discarding request
03-02 13:19:27.224 D/dalvikvm(21032): Compiler shutdown in progress - discarding request
03-02 13:19:27.224 D/dalvikvm(21032): Compiler shutdown in progress - discarding request
03-02 13:19:27.224 D/dalvikvm(21032): Compiler shutdown in progress - discarding request
03-02 13:19:27.224 D/dalvikvm(21032): Compiler shutdown in progress - discarding request
03-02 13:19:27.224 D/dalvikvm(21032): Compiler shutdown in progress - discarding request
03-02 13:19:27.224 D/dalvikvm(21032): Compiler shutdown in progress - discarding request
03-02 13:19:27.224 D/dalvikvm(21032): Compiler shutdown in progress - discarding request
03-02 13:19:27.224 D/dalvikvm(21032): Compiler shutdown in progress - discarding request
03-02 13:19:27.224 D/dalvikvm(21032): Compiler shutdown in progress - discarding request
03-02 13:19:27.224 D/dalvikvm(21032): Compiler shutdown in progress - discarding request
03-02 13:19:27.224 D/dalvikvm(21032): Compiler shutdown in progress - discarding request
03-02 13:19:27.224 D/dalvikvm(21032): Compiler shutdown in progress - discarding request
03-02 13:19:27.224 D/dalvikvm(21032): Compiler shutdown in progress - discarding request
03-02 13:19:27.224 D/dalvikvm(21032): Compiler shutdown in progress - discarding request
03-02 13:19:27.224 D/dalvikvm(21032): Compiler shutdown in progress - discarding request
03-02 13:19:27.224 D/dalvikvm(21032): Compiler shutdown in progress - discarding request
03-02 13:19:27.224 D/dalvikvm(21032): Compiler shutdown in progress - discarding request
03-02 13:19:27.224 D/dalvikvm(21032): Compiler shutdown in progress - discarding request
03-02 13:19:27.254 I/SecurityManagerService(  621): SMS received security event: App[START/org.xwalk.webapi_noneservice_tests]
03-02 13:19:27.254 D/dalvikvm(21044): Process 21044 nice name: org.xwalk.webapi_noneservice_tests
03-02 13:19:27.254 D/dalvikvm(21044): Extra Options: not specified
03-02 13:19:27.264 D/WindowManager(  506): adjustConfigurationLw, config:{1.0 ?mcc?mnc ?locale ?layoutDir sw600dp w600dp h888dp 213dpi lrg port ?uimode ?night finger -keyb/v/h -nav/v} mLidState:1 mHasDockFeature:false mHasKeyboardFeature:false mHasHallSensorFeature:true config.hardKeyboardHidden:2
03-02 13:19:27.264 I/ActivityManager(  506): Start proc org.xwalk.webapi_noneservice_tests for activity org.xwalk.webapi_noneservice_tests/.WebapiNoneserviceTestsActivity: pid=21044 uid=10343 gids={50343, 3003, 1028, 1015}
03-02 13:19:27.264 I/ActivityManager(  506): [TopPkgCurBat]	NowPkgName[org.xwalk.webapi_noneservice_tests]	Battery[63]	TimeTick[1425273567279]	OldPkgName[com.chrome.beta]
03-02 13:19:27.294 D/dalvikvm(21044): Trying to load lib /data/app-lib/org.xwalk.webapi_noneservice_tests-1/libxwalkcore.so 0x43d7e3f0
03-02 13:19:27.304 D/dalvikvm(21044): Added shared lib /data/app-lib/org.xwalk.webapi_noneservice_tests-1/libxwalkcore.so 0x43d7e3f0
03-02 13:19:27.304 D/        (17796): Surface destroy: ANDROID_NATIVE_WINDOW_MAGIC
03-02 13:19:27.304 I/LibraryLoader(21044): Time to load native libraries: 15 ms (timestamps 6539-6554)
03-02 13:19:27.304 I/LibraryLoader(21044): Expected native library version number "",actual native library version number ""
03-02 13:19:27.324 I/LibraryLoader(21044): Expected native library version number "",actual native library version number ""
03-02 13:19:27.324 I/chromium(21044): [INFO:library_loader_hooks.cc(112)] Chromium logging enabled: level = 0, default verbosity = 0
03-02 13:19:27.334 I/BrowserStartupController(21044): Initializing chromium process, singleProcess=true
03-02 13:19:27.384 D/        (16090): Surface destroy: ANDROID_NATIVE_WINDOW_MAGIC
03-02 13:19:27.784 W/AudioManagerAndroid(21044): Requires BLUETOOTH permission
03-02 13:19:27.794 I/ufoGralloc(21044): Hello, this is UFO GRALLOC/Intel Corporation
03-02 13:19:27.804 D/        (21044): Pixel Format : GGL_PIXEL_FORMAT_RGBA_8888
03-02 13:19:27.804 D/        (21044): droid_create_context : config id = 1 conf->NativeVisualID=1
03-02 13:19:27.804 D/        (21044): Pixel Format : GGL_PIXEL_FORMAT_RGBA_8888
03-02 13:19:27.804 I/        (21044): Requested context : GLES 2.0
03-02 13:19:27.824 W/chromium(21044): [WARNING:proxy_service.cc(899)] PAC support disabled because there is no system implementation
03-02 13:19:27.834 W/dalvikvm(21044): VFY: unable to find class referenced in signature (Landroid/view/inputmethod/CursorAnchorInfo;)
03-02 13:19:27.834 I/dalvikvm(21044): Could not find method android.view.inputmethod.InputMethodManager.updateCursorAnchorInfo, referenced from method org.chromium.content.browser.input.InputMethodManagerWrapper.updateCursorAnchorInfo
03-02 13:19:27.834 W/dalvikvm(21044): VFY: unable to resolve virtual method 1241: Landroid/view/inputmethod/InputMethodManager;.updateCursorAnchorInfo (Landroid/view/View;Landroid/view/inputmethod/CursorAnchorInfo;)V
03-02 13:19:27.834 D/dalvikvm(21044): VFY: replacing opcode 0x6e at 0x000a
03-02 13:19:27.874 E/cutils  (  164): Failed to mkdirat(/Removable/MicroSD): Read-only file system
03-02 13:19:27.874 W/ContextImpl(21044): Failed to ensure directory: /Removable/MicroSD/Android/data/org.xwalk.webapi_noneservice_tests/cache
03-02 13:19:27.874 W/XWalkExtensionManager(21044): Failed to read extensions-config.json
03-02 13:19:27.874 E/chromium(21044): [ERROR:unix_domain_server_socket_posix.cc(106)] Not implemented reached in virtual int net::UnixDomainServerSocket::GetLocalAddress(net::IPEndPoint*) const
03-02 13:19:27.874 W/Vold    (  164): Returning OperationFailed - no handler for errno 30
03-02 13:19:27.884 I/dalvikvm(21044): Could not find method android.app.Activity.finishAndRemoveTask, referenced from method org.chromium.base.ApiCompatibilityUtils.finishAndRemoveTask
03-02 13:19:27.884 W/dalvikvm(21044): VFY: unable to resolve virtual method 4: Landroid/app/Activity;.finishAndRemoveTask ()V
03-02 13:19:27.884 D/dalvikvm(21044): VFY: replacing opcode 0x6e at 0x0006
03-02 13:19:27.884 I/dalvikvm(21044): Could not find method android.os.PowerManager.isInteractive, referenced from method org.chromium.base.ApiCompatibilityUtils.isInteractive
03-02 13:19:27.884 W/dalvikvm(21044): VFY: unable to resolve virtual method 768: Landroid/os/PowerManager;.isInteractive ()Z
03-02 13:19:27.884 D/dalvikvm(21044): VFY: replacing opcode 0x6e at 0x000e
03-02 13:19:27.884 I/dalvikvm(21044): Could not find method android.view.Window.getNavigationBarColor, referenced from method org.chromium.base.ApiCompatibilityUtils.setStatusBarColor
03-02 13:19:27.884 W/dalvikvm(21044): VFY: unable to resolve virtual method 1144: Landroid/view/Window;.getNavigationBarColor ()I
03-02 13:19:27.884 D/dalvikvm(21044): VFY: replacing opcode 0x6e at 0x0010
03-02 13:19:27.884 I/dalvikvm(21044): Could not find method android.view.Window.setStatusBarColor, referenced from method org.chromium.base.ApiCompatibilityUtils.setStatusBarColor
03-02 13:19:27.884 W/dalvikvm(21044): VFY: unable to resolve virtual method 1149: Landroid/view/Window;.setStatusBarColor (I)V
03-02 13:19:27.884 D/dalvikvm(21044): VFY: replacing opcode 0x6e at 0x0019
03-02 13:19:27.884 E/dalvikvm(21044): Could not find class 'android.app.ActivityManager$TaskDescription', referenced from method org.chromium.base.ApiCompatibilityUtils.setTaskDescription
03-02 13:19:27.884 W/dalvikvm(21044): VFY: unable to resolve new-instance 11 (Landroid/app/ActivityManager$TaskDescription;) in Lorg/chromium/base/ApiCompatibilityUtils;
03-02 13:19:27.884 D/dalvikvm(21044): VFY: replacing opcode 0x22 at 0x0006
03-02 13:19:27.884 D/dalvikvm(21044): DexOpt: unable to opt direct call 0x001e at 0x08 in Lorg/chromium/base/ApiCompatibilityUtils;.setTaskDescription
03-02 13:19:27.884 I/chromium(21044): [INFO:xwalk_extension_renderer_controller.cc(47)] EXTENSION PROCESS DISABLED.
03-02 13:19:27.934 D/        (21044): Pixel Format : GGL_PIXEL_FORMAT_RGBA_8888
03-02 13:19:27.934 D/        (21044): droid_create_context : config id = 1 conf->NativeVisualID=1
03-02 13:19:27.934 D/        (21044): Pixel Format : GGL_PIXEL_FORMAT_RGBA_8888
03-02 13:19:27.934 I/        (21044): Requested context : GLES 2.0
03-02 13:19:27.974 D/dalvikvm(  506): GC_EXPLICIT freed 2290K, 46% free 19769K/36368K, paused 1ms+7ms, total 59ms
03-02 13:19:28.014 D/        (21044): droid_create_context : config id = 5 conf->NativeVisualID=1
03-02 13:19:28.014 D/        (21044): Pixel Format : GGL_PIXEL_FORMAT_RGBA_8888
03-02 13:19:28.014 I/        (21044): Requested context : GLES 2.0
03-02 13:19:28.024 D/        (21044): Pixel Format : GGL_PIXEL_FORMAT_RGBA_8888
03-02 13:19:28.024 D/OpenGLRenderer(21044): Enabling debug mode 0
03-02 13:19:28.084 W/BindingManager(21044): Cannot call determinedVisibility() - never saw a connection for the pid: 21044
03-02 13:19:28.084 W/IInputConnectionWrapper(16090): showStatusIcon on inactive InputConnection
03-02 13:19:28.084 D/XT9IME  (13333): new subtype :en_US ,keyboard
03-02 13:19:28.084 I/ActivityManager(  506): Displayed org.xwalk.webapi_noneservice_tests/.WebapiNoneserviceTestsActivity: +834ms
03-02 13:19:28.094 D/        (21044): Pixel Format : GGL_PIXEL_FORMAT_RGBA_8888
03-02 13:19:28.094 D/        (21044): droid_create_context : config id = 1 conf->NativeVisualID=1
03-02 13:19:28.094 D/        (21044): Pixel Format : GGL_PIXEL_FORMAT_RGBA_8888
03-02 13:19:28.094 I/        (21044): Requested context : GLES 2.0
03-02 13:19:28.104 D/        (21044): Swap interval set to = 1 value
03-02 13:19:28.104 D/BatteryStatsImpl(  506): noteStopWakeLocked system isFromForeground = false
03-02 13:19:28.144 E/TabPersistentStore(16090): Failed to create state folder: /data/data/com.chrome.beta/app_tabs/0
03-02 13:19:29.044 W/BindingManager(21044): Cannot call determinedVisibility() - never saw a connection for the pid: 21044
03-02 13:19:29.144 D/wpa_supplicant(  659): wlan0: Starting AP scan for wildcard SSID
03-02 13:19:29.144 D/wpa_supplicant(  659): WPS: Building WPS IE for Probe Request
03-02 13:19:29.144 D/wpa_supplicant(  659): WPS:  * Version (hardcoded 0x10)
03-02 13:19:29.144 D/wpa_supplicant(  659): WPS:  * Request Type
03-02 13:19:29.144 D/wpa_supplicant(  659): WPS:  * Config Methods (4288)
03-02 13:19:29.144 D/wpa_supplicant(  659): WPS:  * UUID-E
03-02 13:19:29.144 D/wpa_supplicant(  659): WPS:  * Primary Device Type
03-02 13:19:29.144 D/wpa_supplicant(  659): WPS:  * RF Bands (1)
03-02 13:19:29.144 D/wpa_supplicant(  659): WPS:  * Association State
03-02 13:19:29.144 D/wpa_supplicant(  659): WPS:  * Configuration Error (0)
03-02 13:19:29.144 D/wpa_supplicant(  659): WPS:  * Device Password ID (0)
03-02 13:19:29.144 D/wpa_supplicant(  659): WPS:  * Manufacturer
03-02 13:19:29.144 D/wpa_supplicant(  659): WPS:  * Model Name
03-02 13:19:29.144 D/wpa_supplicant(  659): WPS:  * Model Number
03-02 13:19:29.144 D/wpa_supplicant(  659): WPS:  * Device Name
03-02 13:19:29.144 D/wpa_supplicant(  659): WPS:  * Version2 (0x20)
03-02 13:19:29.144 D/wpa_supplicant(  659): P2P: * P2P IE header
03-02 13:19:29.144 D/wpa_supplicant(  659): P2P: * Capability dev=25 group=00
03-02 13:19:29.144 D/wpa_supplicant(  659): P2P: * Listen Channel: Regulatory Class 81 Channel 11
03-02 13:19:29.144 D/wpa_supplicant(  659): wlan0: nl80211: scan request
03-02 13:19:29.244 D/wpa_supplicant(  659): Scan requested (ret=0) - scan timeout 30 seconds
03-02 13:19:29.244 D/wpa_supplicant(  659): nl80211: Drv Event 33 (NL80211_CMD_TRIGGER_SCAN) received for wlan0
03-02 13:19:29.244 D/wpa_supplicant(  659): wlan0: nl80211: Scan trigger
03-02 13:19:29.334 I/chromium(21044): [INFO:CONSOLE(0)] "Synchronous XMLHttpRequest on the main thread is deprecated because of its detrimental effects to the end user's experience. For more help, check http://xhr.spec.whatwg.org/.", source:  (0)
03-02 13:19:29.384 D/        (21044): Pixel Format : GGL_PIXEL_FORMAT_RGBA_8888
03-02 13:19:29.384 D/        (21044): droid_create_context : config id = 1 conf->NativeVisualID=1
03-02 13:19:29.384 D/        (21044): Pixel Format : GGL_PIXEL_FORMAT_RGBA_8888
03-02 13:19:29.384 I/        (21044): Requested context : GLES 2.0
03-02 13:19:30.364 D/wpa_supplicant(  659): RTM_NEWLINK: operstate=0 ifi_flags=0x11003 ([UP][LOWER_UP])
03-02 13:19:30.364 D/wpa_supplicant(  659): RTM_NEWLINK, IFLA_IFNAME: Interface 'wlan0' added
03-02 13:19:30.364 D/wpa_supplicant(  659): nl80211: if_removed already cleared - ignore event
03-02 13:19:30.364 D/wpa_supplicant(  659): nl80211: Drv Event 34 (NL80211_CMD_NEW_SCAN_RESULTS) received for wlan0
03-02 13:19:30.364 D/wpa_supplicant(  659): wlan0: nl80211: New scan results available
03-02 13:19:30.364 D/wpa_supplicant(  659): wlan0: Event SCAN_RESULTS (3) received
03-02 13:19:30.364 D/wpa_supplicant(  659): nl80211: Received scan results (24 BSSes)
03-02 13:19:30.364 D/wpa_supplicant(  659): nl80211: Survey data missing
03-02 13:19:30.364 D/wpa_supplicant(  659): wlan0: BSS: Start scan result update 509
03-02 13:19:30.364 D/wpa_supplicant(  659): wlan0: BSS: Add new id 1337 BSSID cc:b2:55:e2:84:70 SSID 'DLINK_APK'
03-02 13:19:30.364 D/wpa_supplicant(  659): CTRL_IFACE monitor send - hexdump(len=39): 2f 64 61 74 61 2f 6d 69 73 63 2f 77 69 66 69 2f 73 6f 63 6b 65 74 73 2f 77 70 61 5f 63 74 72 6c ...
03-02 13:19:30.364 D/wpa_supplicant(  659): wlan0: BSS: Add new id 1338 BSSID 1c:65:9d:e8:79:44 SSID 'Connectify-me'
03-02 13:19:30.364 D/wpa_supplicant(  659): CTRL_IFACE monitor send - hexdump(len=39): 2f 64 61 74 61 2f 6d 69 73 63 2f 77 69 66 69 2f 73 6f 63 6b 65 74 73 2f 77 70 61 5f 63 74 72 6c ...
03-02 13:19:30.364 D/wpa_supplicant(  659): wlan0: BSS: Add new id 1339 BSSID e4:d3:32:db:f6:03 SSID 'adddda'
03-02 13:19:30.364 D/wpa_supplicant(  659): CTRL_IFACE monitor send - hexdump(len=39): 2f 64 61 74 61 2f 6d 69 73 63 2f 77 69 66 69 2f 73 6f 63 6b 65 74 73 2f 77 70 61 5f 63 74 72 6c ...
03-02 13:19:30.364 D/wpa_supplicant(  659): wlan0: BSS: Add new id 1340 BSSID e4:d3:32:dd:18:62 SSID 'Internet'
03-02 13:19:30.364 D/wpa_supplicant(  659): CTRL_IFACE monitor send - hexdump(len=39): 2f 64 61 74 61 2f 6d 69 73 63 2f 77 69 66 69 2f 73 6f 63 6b 65 74 73 2f 77 70 61 5f 63 74 72 6c ...
03-02 13:19:30.364 D/wpa_supplicant(  659): BSS: last_scan_res_used=23/32 last_scan_full=0
03-02 13:19:30.364 D/wpa_supplicant(  659): wlan0: New scan results available
03-02 13:19:30.364 D/wpa_supplicant(  659): CTRL_IFACE monitor send - hexdump(len=39): 2f 64 61 74 61 2f 6d 69 73 63 2f 77 69 66 69 2f 73 6f 63 6b 65 74 73 2f 77 70 61 5f 63 74 72 6c ...
03-02 13:19:30.364 D/wpa_supplicant(  659): CTRL_IFACE monitor send - hexdump(len=39): 2f 64 61 74 61 2f 6d 69 73 63 2f 77 69 66 69 2f 73 6f 63 6b 65 74 73 2f 77 70 61 5f 63 74 72 6c ...
03-02 13:19:30.364 D/wpa_supplicant(  659): Authorize channel 1
03-02 13:19:30.364 D/wpa_supplicant(  659): Authorize channel 2
03-02 13:19:30.364 D/wpa_supplicant(  659): Authorize channel 3
03-02 13:19:30.364 D/wpa_supplicant(  659): Authorize channel 4
03-02 13:19:30.364 D/wpa_supplicant(  659): Authorize channel 5
03-02 13:19:30.364 D/wpa_supplicant(  659): Authorize channel 6
03-02 13:19:30.364 D/wpa_supplicant(  659): Authorize channel 7
03-02 13:19:30.364 D/wpa_supplicant(  659): Authorize channel 8
03-02 13:19:30.364 D/wpa_supplicant(  659): Authorize channel 9
03-02 13:19:30.364 D/wpa_supplicant(  659): Authorize channel 10
03-02 13:19:30.364 D/wpa_supplicant(  659): Authorize channel 11
03-02 13:19:30.364 D/wpa_supplicant(  659): Authorize channel 12
03-02 13:19:30.364 D/wpa_supplicant(  659): Authorize channel 13
03-02 13:19:30.364 D/wpa_supplicant(  659): Authorize channel 1
03-02 13:19:30.364 D/wpa_supplicant(  659): Authorize channel 2
03-02 13:19:30.364 D/wpa_supplicant(  659): Authorize channel 3
03-02 13:19:30.364 D/wpa_supplicant(  659): Authorize channel 4
03-02 13:19:30.364 D/wpa_supplicant(  659): Authorize channel 5
03-02 13:19:30.364 D/wpa_supplicant(  659): Authorize channel 6
03-02 13:19:30.364 D/wpa_supplicant(  659): Authorize channel 7
03-02 13:19:30.364 D/wpa_supplicant(  659): Authorize channel 8
03-02 13:19:30.364 D/wpa_supplicant(  659): Authorize channel 9
03-02 13:19:30.364 D/wpa_supplicant(  659): Authorize channel 10
03-02 13:19:30.364 D/wpa_supplicant(  659): Authorize channel 11
03-02 13:19:30.364 I/WifiHW  (  506): EVENT: IFNAME=wlan0 CTRL-EVENT-BSS-ADDED 1337 cc:b2:55:e2:84:70
03-02 13:19:30.364 I/WifiHW  (  506): EVENT: IFNAME=wlan0 CTRL-EVENT-BSS-ADDED 1338 1c:65:9d:e8:79:44
03-02 13:19:30.364 I/WifiHW  (  506): EVENT: IFNAME=wlan0 CTRL-EVENT-BSS-ADDED 1339 e4:d3:32:db:f6:03
03-02 13:19:30.364 I/WifiHW  (  506): EVENT: IFNAME=wlan0 CTRL-EVENT-BSS-ADDED 1340 e4:d3:32:dd:18:62
03-02 13:19:30.364 I/WifiHW  (  506): EVENT: IFNAME=wlan0 CTRL-EVENT-SCAN-RESULTS 
03-02 13:19:30.364 I/WifiHW  (  506): EVENT: IFNAME=wlan0 WPS-AP-AVAILABLE 
03-02 13:19:30.364 I/WifiHW  (  506): CMD: IFNAME=wlan0 BSS RANGE=0- MASK=0x21987
03-02 13:19:30.364 D/wpa_supplicant(  659): Authorize channel 12
03-02 13:19:30.364 D/wpa_supplicant(  659): Authorize channel 13
03-02 13:19:30.364 D/wpa_supplicant(  659): Add access point on channel 6
03-02 13:19:30.364 D/wpa_supplicant(  659): Add access point on channel 11
03-02 13:19:30.364 D/wpa_supplicant(  659): Add access point on channel 6
03-02 13:19:30.364 D/wpa_supplicant(  659): Add access point on channel 11
03-02 13:19:30.364 D/wpa_supplicant(  659): Add access point on channel 1
03-02 13:19:30.364 D/wpa_supplicant(  659): Add access point on channel 1
03-02 13:19:30.364 D/wpa_supplicant(  659): Add access point on channel 6
03-02 13:19:30.364 D/wpa_supplicant(  659): Add access point on channel 11
03-02 13:19:30.364 D/wpa_supplicant(  659): Add access point on channel 6
03-02 13:19:30.364 D/wpa_supplicant(  659): Add access point on channel 1
03-02 13:19:30.364 D/wpa_supplicant(  659): Add access point on channel 1
03-02 13:19:30.364 D/wpa_supplicant(  659): Add access point on channel 11
03-02 13:19:30.364 D/wpa_supplicant(  659): Add access point on channel 6
03-02 13:19:30.364 D/wpa_supplicant(  659): Add access point on channel 7
03-02 13:19:30.364 D/wpa_supplicant(  659): Add access point on channel 13
03-02 13:19:30.364 D/wpa_supplicant(  659): Add access point on channel 6
03-02 13:19:30.364 D/wpa_supplicant(  659): Add access point on channel 6
03-02 13:19:30.364 D/wpa_supplicant(  659): Add access point on channel 6
03-02 13:19:30.364 D/wpa_supplicant(  659): Add access point on channel 1
03-02 13:19:30.364 D/wpa_supplicant(  659): Add access point on channel 6
03-02 13:19:30.364 D/wpa_supplicant(  659): Add access point on channel 6
03-02 13:19:30.364 D/wpa_supplicant(  659): Add access point on channel 9
03-02 13:19:30.364 D/wpa_supplicant(  659): Add access point on channel 6
03-02 13:19:30.364 D/wpa_supplicant(  659): Add access point on channel 8
03-02 13:19:30.364 D/wpa_supplicant(  659): Add access point on channel 6
03-02 13:19:30.364 D/wpa_supplicant(  659): Add access point on channel 8
03-02 13:19:30.364 D/wpa_supplicant(  659): Add access point on channel 6
03-02 13:19:30.364 D/wpa_supplicant(  659): Best Operating channel is = 1
03-02 13:19:30.364 D/wpa_supplicant(  659): WPS: AP[0] 28:2c:b2:44:e4:00 type=0 tries=0 last_attempt=-1 sec ago blacklist=0
03-02 13:19:30.364 D/wpa_supplicant(  659): WPS: AP[1] 14:e6:e4:b8:85:76 type=0 tries=0 last_attempt=-1 sec ago blacklist=0
03-02 13:19:30.364 D/wpa_supplicant(  659): WPS: AP[2] 78:a1:06:55:fe:30 type=0 tries=0 last_attempt=-1 sec ago blacklist=0
03-02 13:19:30.364 D/wpa_supplicant(  659): WPS: AP[3] a8:15:4d:13:9a:08 type=0 tries=0 last_attempt=-1 sec ago blacklist=0
03-02 13:19:30.364 D/wpa_supplicant(  659): WPS: AP[4] 78:54:2e:f5:fb:9e type=0 tries=0 last_attempt=-1 sec ago blacklist=0
03-02 13:19:30.364 D/wpa_supplicant(  659): WPS: AP[5] 20:dc:e6:3f:eb:f2 type=0 tries=0 last_attempt=-1 sec ago blacklist=0
03-02 13:19:30.364 D/wpa_supplicant(  659): WPS: AP[6] 64:09:80:1e:91:78 type=0 tries=0 last_attempt=-1 sec ago blacklist=0
03-02 13:19:30.364 D/wpa_supplicant(  659): WPS: AP[7] ec:88:8f:6a:0c:a8 type=0 tries=0 last_attempt=-1 sec ago blacklist=0
03-02 13:19:30.364 D/wpa_supplicant(  659): WPS: AP[8] d0:15:4a:15:5d:1a type=0 tries=0 last_attempt=-1 sec ago blacklist=0
03-02 13:19:30.364 D/wpa_supplicant(  659): WPS: AP[9] 1c:fa:68:11:5a:b6 type=0 tries=0 last_attempt=-1 sec ago blacklist=0
03-02 13:19:30.364 D/wpa_supplicant(  659): WPS: AP[10] 8c:be:be:26:4b:8b type=0 tries=0 last_attempt=-1 sec ago blacklist=0
03-02 13:19:30.364 D/wpa_supplicant(  659): WPS: AP[11] 64:09:80:15:31:84 type=0 tries=0 last_attempt=-1 sec ago blacklist=0
03-02 13:19:30.364 D/wpa_supplicant(  659): WPS: AP[12] bc:d1:77:f3:0b:28 type=0 tries=0 last_attempt=-1 sec ago blacklist=0
03-02 13:19:30.364 D/wpa_supplicant(  659): WPS: AP[13] c0:61:18:4e:07:fc type=0 tries=0 last_attempt=-1 sec ago blacklist=0
03-02 13:19:30.364 D/wpa_supplicant(  659): WPS: AP[14] f4:ec:38:6d:cf:d6 type=0 tries=0 last_attempt=-1 sec ago blacklist=0
03-02 13:19:30.364 D/wpa_supplicant(  659): WPS: AP[15] e4:d3:32:0a:fb:34 type=0 tries=0 last_attempt=-1 sec ago blacklist=0
03-02 13:19:30.364 D/wpa_supplicant(  659): WPS: AP[16] 8c:be:be:28:2d:f8 type=0 tries=0 last_attempt=-1 sec ago blacklist=0
03-02 13:19:30.364 D/wpa_supplicant(  659): WPS: AP[17] d8:15:0d:c4:57:de type=0 tries=0 last_attempt=-1 sec ago blacklist=0
03-02 13:19:30.364 D/wpa_supplicant(  659): WPS: AP[18] 40:16:9f:9b:64:fa type=0 tries=0 last_attempt=-1 sec ago blacklist=0
03-02 13:19:30.364 D/wpa_supplicant(  659): WPS: AP[19] ec:1a:59:0b:f4:8c type=0 tries=0 last_attempt=-1 sec ago blacklist=0
03-02 13:19:30.364 D/wpa_supplicant(  659): WPS: AP[20] 10:c3:7b:d2:e5:e0 type=0 tries=0 last_attempt=-1 sec ago blacklist=0
03-02 13:19:30.364 D/wpa_supplicant(  659): WPS: AP[21] 44:94:fc:3d:da:38 type=0 tries=0 last_attempt=-1 sec ago blacklist=0
03-02 13:19:30.364 D/wpa_supplicant(  659): WPS: AP[22] f8:d1:11:e7:99:e8 type=0 tries=0 last_attempt=-1 sec ago blacklist=0
03-02 13:19:30.364 D/wpa_supplicant(  659): WPS: AP[23] cc:34:29:2b:26:4c type=0 tries=0 last_attempt=-1 sec ago blacklist=0
03-02 13:19:30.364 D/wpa_supplicant(  659): WPS: AP[24] cc:34:29:2c:fb:ec type=0 tries=0 last_attempt=-1 sec ago blacklist=0
03-02 13:19:30.364 D/wpa_supplicant(  659): WPS: AP[25] 98:fc:11:81:35:fb type=0 tries=0 last_attempt=-1 sec ago blacklist=0
03-02 13:19:30.364 D/wpa_supplicant(  659): WPS: AP[26] c0:c1:c0:76:81:3c type=0 tries=0 last_attempt=-1 sec ago blacklist=0
03-02 13:19:30.364 D/wpa_supplicant(  659): WPS: AP[27] 10:9f:a9:dc:b1:fc type=0 tries=0 last_attempt=-1 sec ago blacklist=0
03-02 13:19:30.364 D/wpa_supplicant(  659): WPS: AP[28] b0:48:7a:51:ff:cc type=0 tries=0 last_attempt=-1 sec ago blacklist=0
03-02 13:19:30.364 D/wpa_supplicant(  659): WPS: AP[29] e4:d3:32:36:2e:54 type=0 tries=0 last_attempt=-1 sec ago blacklist=0
03-02 13:19:30.364 D/wpa_supplicant(  659): WPS: AP[30] 14:d6:4d:28:ef:c8 type=0 tries=0 last_attempt=-1 sec ago blacklist=0
03-02 13:19:30.364 D/wpa_supplicant(  659): WPS: AP[31] c0:a0:bb:20:3b:84 type=0 tries=0 last_attempt=-1 sec ago blacklist=0
03-02 13:19:30.364 D/wpa_supplicant(  659): WPS: AP[32] 2c:b0:5d:7f:f4:24 type=0 tries=0 last_attempt=-1 sec ago blacklist=0
03-02 13:19:30.364 D/wpa_supplicant(  659): WPS: AP[33] 9c:21:6a:0d:eb:72 type=0 tries=0 last_attempt=-1 sec ago blacklist=0
03-02 13:19:30.364 D/wpa_supplicant(  659): WPS: AP[34] 66:09:80:d9:a2:5d type=0 tries=0 last_attempt=-1 sec ago blacklist=0
03-02 13:19:30.364 D/wpa_supplicant(  659): WPS: AP[35] 7a:ff:57:00:13:8e type=0 tries=0 last_attempt=-1 sec ago blacklist=0
03-02 13:19:30.364 D/wpa_supplicant(  659): wlan0: Selecting BSS from priority group 20
03-02 13:19:30.364 D/wpa_supplicant(  659): wlan0: 0: 44:94:fc:3d:da:38 ssid='6300' wpa_ie_len=0 rsn_ie_len=20 caps=0x411 level=-43 wps
03-02 13:19:30.364 D/wpa_supplicant(  659): wlan0:    skip - SSID mismatch
03-02 13:19:30.364 D/wpa_supplicant(  659): wlan0: 1: c8:d7:19:60:62:f2 ssid='E3000-2.4G' wpa_ie_len=0 rsn_ie_len=20 caps=0x411 level=-44
03-02 13:19:30.364 D/wpa_supplicant(  659): wlan0:    skip - SSID mismatch
03-02 13:19:30.364 D/wpa_supplicant(  659): wlan0: 2: f8:d1:11:e7:99:e8 ssid='videotest' wpa_ie_len=22 rsn_ie_len=20 caps=0x531 level=-54 wps
03-02 13:19:30.364 D/wpa_supplicant(  659): wlan0:    skip - SSID mismatch
03-02 13:19:30.364 D/wpa_supplicant(  659): wlan0: 3: cc:34:29:2b:26:4c ssid='cws-test' wpa_ie_len=0 rsn_ie_len=20 caps=0x431 level=-55 wps
03-02 13:19:30.364 D/wpa_supplicant(  659): wlan0:    skip - SSID mismatch
03-02 13:19:30.364 D/wpa_supplicant(  659): wlan0: 4: 10:c3:7b:d2:e5:e0 ssid='ASUS_RT-AC66U-2.4G' wpa_ie_len=0 rsn_ie_len=20 caps=0x411 level=-58 wps
03-02 13:19:30.364 D/wpa_supplicant(  659): wlan0:    skip - SSID mismatch
03-02 13:19:30.364 D/wpa_supplicant(  659): wlan0: 5: 90:94:e4:03:45:f5 ssid='DAP-2553_D' wpa_ie_len=0 rsn_ie_len=24 caps=0x431 level=-60
03-02 13:19:30.364 D/wpa_supplicant(  659): wlan0:    skip - SSID mismatch
03-02 13:19:30.364 D/wpa_supplicant(  659): wlan0: 6: cc:b2:55:e2:84:70 ssid='DLINK_APK' wpa_ie_len=22 rsn_ie_len=20 caps=0x411 level=-61
03-02 13:19:30.364 D/wpa_supplicant(  659): wlan0:    skip - SSID mismatch
03-02 13:19:30.364 D/wpa_supplicant(  659): wlan0: 7: 98:fc:11:81:35:fb ssid='E2000EE' wpa_ie_len=0 rsn_ie_len=20 caps=0x411 level=-62 wps
03-02 13:19:30.364 D/wpa_supplicant(  659): wlan0:    skip - SSID mismatch
03-02 13:19:30.364 D/wpa_supplicant(  659): wlan0: 8: c4:17:fe:3f:4f:fb ssid='cmcm' wpa_ie_len=0 rsn_ie_len=20 caps=0x511 level=-63
03-02 13:19:30.364 D/wpa_supplicant(  659): wlan0:    skip - SSID mismatch
03-02 13:19:30.364 D/wpa_supplicant(  659): wlan0: 9: cc:34:29:2c:fb:ec ssid='linksys' wpa_ie_len=22 rsn_ie_len=20 caps=0x431 level=-65 wps
03-02 13:19:30.364 D/wpa_supplicant(  659): wlan0:    skip - SSID mismatch
03-02 13:19:30.364 D/wpa_supplicant(  659): wlan0: 10: 14:d6:4d:28:ef:c8 ssid='dlink' wpa_ie_len=0 rsn_ie_len=20 caps=0x431 level=-67 wps
03-02 13:19:30.364 D/wpa_supplicant(  659): wlan0:    skip - SSID mismatch
03-02 13:19:30.364 D/wpa_supplicant(  659): wlan0: 11: 22:48:9a:ac:31:5b ssid='dean1' wpa_ie_len=0 rsn_ie_len=20 caps=0x431 level=-69
03-02 13:19:30.364 D/wpa_supplicant(  659): wlan0:    skip - SSID mismatch
03-02 13:19:30.364 D/wpa_supplicant(  659): wlan0: 12: 1c:65:9d:e8:79:44 ssid='Connectify-me' wpa_ie_len=0 rsn_ie_len=20 caps=0x511 level=-72
03-02 13:19:30.364 D/wpa_supplicant(  659): wlan0:    skip - SSID mismatch
03-02 13:19:30.364 D/wpa_supplicant(  659): wlan0: 13: 02:1a:11:f3:82:d3 ssid='io1' wpa_ie_len=0 rsn_ie_len=20 caps=0x431 level=-74
03-02 13:19:30.364 D/wpa_supplicant(  659): wlan0:    skip - SSID mismatch
03-02 13:19:30.364 D/wpa_supplicant(  659): wlan0: 14: e4:d3:32:c0:cf:a4 ssid='fast' wpa_ie_len=0 rsn_ie_len=20 caps=0x411 level=-75
03-02 13:19:30.364 D/wpa_supplicant(  659): wlan0:    skip - SSID mismatch
03-02 13:19:30.364 D/wpa_supplicant(  659): wlan0: 15: 22:48:9a:ac:31:7f ssid='WiFi874' wpa_ie_len=0 rsn_ie_len=20 caps=0x431 level=-79
03-02 13:19:30.364 D/wpa_supplicant(  659): wlan0:    skip - SSID mismatch
03-02 13:19:30.364 D/wpa_supplicant(  659): wlan0: 16: e4:d3:32:db:f6:03 ssid='adddda' wpa_ie_len=0 rsn_ie_len=20 caps=0x31 level=-75
03-02 13:19:30.364 D/wpa_supplicant(  659): wlan0:    skip - SSID mismatch
03-02 13:19:30.364 D/wpa_supplicant(  659): wlan0: 17: 2c:b0:5d:7f:f4:24 ssid='NETGEAR38' wpa_ie_len=0 rsn_ie_len=20 caps=0x431 level=-87 wps
03-02 13:19:30.364 D/wpa_supplicant(  659): wlan0:    skip - SSID mismatch
03-02 13:19:30.364 D/wpa_supplicant(  659): wlan0: 18: 7a:24:af:24:0f:48 ssid='DIRECT-' wpa_ie_len=0 rsn_ie_len=0 caps=0x410 level=-50
03-02 13:19:30.364 D/wpa_supplicant(  659): wlan0:    skip - SSID mismatch
03-02 13:19:30.364 D/wpa_supplicant(  659): wlan0: 19: c0:c1:c0:76:81:3c ssid='E2000' wpa_ie_len=0 rsn_ie_len=0 caps=0x401 level=-58 wps
03-02 13:19:30.364 D/wpa_supplicant(  659): wlan0:    skip - SSID mismatch
03-02 13:19:30.364 D/wpa_supplicant(  659): wlan0: 20: 50:bd:5f:4b:29:92 ssid='Internet-2' wpa_ie_len=0 rsn_ie_len=0 caps=0x421 level=-63
03-02 13:19:30.364 D/wpa_supplicant(  659): wlan0:    skip - SSID mismatch
03-02 13:19:30.364 D/wpa_supplicant(  659): wlan0: 21: e4:d3:32:dd:18:62 ssid='Internet' wpa_ie_len=0 rsn_ie_len=0 caps=0x421 level=-75
03-02 13:19:30.364 D/wpa_supplicant(  659): wlan0:    skip - SSID mismatch
03-02 13:19:30.364 D/wpa_supplicant(  659): wlan0: 22: 00:25:86:5c:5e:30 ssid='internet' wpa_ie_len=0 rsn_ie_len=0 caps=0x421 level=-83
03-02 13:19:30.364 D/wpa_supplicant(  659): wlan0:    skip - SSID mismatch
03-02 13:19:30.364 D/wpa_supplicant(  659): wlan0: Selecting BSS from priority group 19
03-02 13:19:30.364 D/wpa_supplicant(  659): wlan0: 0: 44:94:fc:3d:da:38 ssid='6300' wpa_ie_len=0 rsn_ie_len=20 caps=0x411 level=-43 wps
03-02 13:19:30.364 D/wpa_supplicant(  659): wlan0:    skip - SSID mismatch
