--------- beginning of /dev/log/main
02-25 10:10:15.699 D/AndroidRuntime( 2001): 
02-25 10:10:15.699 D/AndroidRuntime( 2001): >>>>>> AndroidRuntime START com.android.internal.os.RuntimeInit <<<<<<
02-25 10:10:15.699 D/AndroidRuntime( 2001): CheckJNI is OFF
02-25 10:10:15.699 I/AndroidRuntime( 2001): Kernel Release Version: 3.10.20-gf818079
02-25 10:10:15.699 I/dalvikvm( 2001): No library specified. The standard exception handler will be used
02-25 10:10:15.699 I/dalvikvm( 2001): 
02-25 10:10:15.699 I/dalvikvm( 2001): +++++++++++++ Using PCG. +++++++++++++++++++++
02-25 10:10:15.709 D/dalvikvm( 2001): Trying to load lib libjavacore.so 0x0
02-25 10:10:15.709 D/dalvikvm( 2001): Added shared lib libjavacore.so 0x0
02-25 10:10:15.709 D/dalvikvm( 2001): Trying to load lib libnativehelper.so 0x0
02-25 10:10:15.709 D/dalvikvm( 2001): Added shared lib libnativehelper.so 0x0
02-25 10:10:15.709 D/dalvikvm( 2001): No JNI_OnLoad found in libnativehelper.so 0x0, skipping init
02-25 10:10:15.719 D/dalvikvm( 2001): Extra Options: not specified
02-25 10:10:15.729 D/dalvikvm( 2001): Note: class Landroid/app/ActivityManagerNative; has 186 unimplemented (abstract) methods
02-25 10:10:15.799 E/memtrack( 2001): Couldn't load memtrack module (No such file or directory)
02-25 10:10:15.799 E/android.os.Debug( 2001): failed to load memtrack module: -2
02-25 10:10:15.829 D/AndroidRuntime( 2001): Calling main entry com.android.commands.am.Am
02-25 10:10:15.859 D/AndroidRuntime( 2001): Shutting down VM
02-25 10:10:15.859 D/dalvikvm( 2001): GC_CONCURRENT freed 112K, 16% free 666K/792K, paused 0ms+0ms, total 1ms
--------- beginning of /dev/log/system
02-25 10:10:15.859 I/ActivityManager(  506): Force stopping org.xwalk.webapi_noneservice_tests appid=10259 user=0: from pid 2001
02-25 10:10:15.869 D/dalvikvm( 2001): Compiler shutdown in progress - discarding request
02-25 10:10:15.869 D/dalvikvm( 2001): Compiler shutdown in progress - discarding request
02-25 10:10:15.869 D/dalvikvm( 2001): Compiler shutdown in progress - discarding request
02-25 10:10:15.869 D/dalvikvm( 2001): Compiler shutdown in progress - discarding request
02-25 10:10:15.869 D/dalvikvm( 2001): Compiler shutdown in progress - discarding request
02-25 10:10:15.869 D/dalvikvm( 2001): Compiler shutdown in progress - discarding request
02-25 10:10:15.869 D/dalvikvm( 2001): Compiler shutdown in progress - discarding request
02-25 10:10:15.869 D/dalvikvm( 2001): Compiler shutdown in progress - discarding request
02-25 10:10:15.869 D/dalvikvm( 2001): Compiler shutdown in progress - discarding request
02-25 10:10:15.869 D/dalvikvm( 2001): Compiler shutdown in progress - discarding request
02-25 10:10:15.869 D/dalvikvm( 2001): Compiler shutdown in progress - discarding request
02-25 10:10:15.869 D/dalvikvm( 2001): Compiler shutdown in progress - discarding request
02-25 10:10:15.869 D/dalvikvm( 2001): Compiler shutdown in progress - discarding request
02-25 10:10:15.869 D/dalvikvm( 2001): Compiler shutdown in progress - discarding request
02-25 10:10:15.869 D/dalvikvm( 2001): Compiler shutdown in progress - discarding request
02-25 10:10:15.869 D/dalvikvm( 2001): Compiler shutdown in progress - discarding request
02-25 10:10:15.869 D/dalvikvm( 2001): Compiler shutdown in progress - discarding request
02-25 10:10:15.869 D/dalvikvm( 2001): Compiler shutdown in progress - discarding request
02-25 10:10:15.869 D/dalvikvm( 2001): Compiler shutdown in progress - discarding request
02-25 10:10:15.869 D/dalvikvm( 2001): Compiler shutdown in progress - discarding request
02-25 10:10:15.869 D/dalvikvm( 2001): Compiler shutdown in progress - discarding request
02-25 10:10:15.869 D/dalvikvm( 2001): Compiler shutdown in progress - discarding request
02-25 10:10:15.869 D/dalvikvm( 2001): Compiler shutdown in progress - discarding request
02-25 10:10:15.869 D/dalvikvm( 2001): Compiler shutdown in progress - discarding request
02-25 10:10:15.869 D/dalvikvm( 2001): Compiler shutdown in progress - discarding request
02-25 10:10:15.869 D/dalvikvm( 2001): Compiler shutdown in progress - discarding request
02-25 10:10:15.869 D/dalvikvm( 2001): Compiler shutdown in progress - discarding request
02-25 10:10:15.869 D/dalvikvm( 2001): Compiler shutdown in progress - discarding request
02-25 10:10:15.869 D/dalvikvm( 2001): Compiler shutdown in progress - discarding request
02-25 10:10:15.869 D/dalvikvm( 2001): Compiler shutdown in progress - discarding request
02-25 10:10:15.869 D/dalvikvm( 2001): Compiler shutdown in progress - discarding request
02-25 10:10:15.869 D/dalvikvm( 2001): Compiler shutdown in progress - discarding request
02-25 10:10:15.869 D/dalvikvm( 2001): Compiler shutdown in progress - discarding request
02-25 10:10:15.869 D/dalvikvm( 2001): Compiler shutdown in progress - discarding request
02-25 10:10:15.869 D/dalvikvm( 2001): Compiler shutdown in progress - discarding request
02-25 10:10:15.869 D/dalvikvm( 2001): Compiler shutdown in progress - discarding request
02-25 10:10:15.869 D/dalvikvm( 2001): Compiler shutdown in progress - discarding request
02-25 10:10:15.869 D/dalvikvm( 2001): Compiler shutdown in progress - discarding request
02-25 10:10:15.869 D/dalvikvm( 2001): Compiler shutdown in progress - discarding request
02-25 10:10:15.869 D/dalvikvm( 2001): Compiler shutdown in progress - discarding request
02-25 10:10:15.869 D/dalvikvm( 2001): Compiler shutdown in progress - discarding request
02-25 10:10:15.869 D/dalvikvm( 2001): Compiler shutdown in progress - discarding request
02-25 10:10:15.869 D/dalvikvm( 2001): Compiler shutdown in progress - discarding request
02-25 10:10:15.869 D/dalvikvm( 2001): Compiler shutdown in progress - discarding request
02-25 10:10:15.869 D/dalvikvm( 2001): Compiler shutdown in progress - discarding request
02-25 10:10:16.489 D/AndroidRuntime( 2012): 
02-25 10:10:16.489 D/AndroidRuntime( 2012): >>>>>> AndroidRuntime START com.android.internal.os.RuntimeInit <<<<<<
02-25 10:10:16.489 D/AndroidRuntime( 2012): CheckJNI is OFF
02-25 10:10:16.489 I/AndroidRuntime( 2012): Kernel Release Version: 3.10.20-gf818079
02-25 10:10:16.489 I/dalvikvm( 2012): No library specified. The standard exception handler will be used
02-25 10:10:16.499 I/dalvikvm( 2012): 
02-25 10:10:16.499 I/dalvikvm( 2012): +++++++++++++ Using PCG. +++++++++++++++++++++
02-25 10:10:16.499 D/dalvikvm( 2012): Trying to load lib libjavacore.so 0x0
02-25 10:10:16.499 D/dalvikvm( 2012): Added shared lib libjavacore.so 0x0
02-25 10:10:16.509 D/dalvikvm( 2012): Trying to load lib libnativehelper.so 0x0
02-25 10:10:16.509 D/dalvikvm( 2012): Added shared lib libnativehelper.so 0x0
02-25 10:10:16.509 D/dalvikvm( 2012): No JNI_OnLoad found in libnativehelper.so 0x0, skipping init
02-25 10:10:16.509 D/dalvikvm( 2012): Extra Options: not specified
02-25 10:10:16.519 D/dalvikvm( 2012): Note: class Landroid/app/ActivityManagerNative; has 186 unimplemented (abstract) methods
02-25 10:10:16.599 E/memtrack( 2012): Couldn't load memtrack module (No such file or directory)
02-25 10:10:16.599 E/android.os.Debug( 2012): failed to load memtrack module: -2
02-25 10:10:16.629 D/AndroidRuntime( 2012): Calling main entry com.android.commands.am.Am
02-25 10:10:16.659 D/AndroidRuntime( 2012): Shutting down VM
02-25 10:10:16.659 I/ActivityManager(  506): START u0 {flg=0x10000000 cmp=org.xwalk.webapi_noneservice_tests/.webapi_noneservice_testsActivity} from pid 2012
02-25 10:10:16.669 D/dalvikvm( 2012): GC_CONCURRENT freed 117K, 16% free 702K/832K, paused 0ms+0ms, total 1ms
02-25 10:10:16.669 D/dalvikvm( 2012): Compiler shutdown in progress - discarding request
02-25 10:10:16.669 D/dalvikvm( 2012): Compiler shutdown in progress - discarding request
02-25 10:10:16.669 D/dalvikvm( 2012): Compiler shutdown in progress - discarding request
02-25 10:10:16.669 D/dalvikvm( 2012): Compiler shutdown in progress - discarding request
02-25 10:10:16.669 D/dalvikvm( 2012): Compiler shutdown in progress - discarding request
02-25 10:10:16.669 D/dalvikvm( 2012): Compiler shutdown in progress - discarding request
02-25 10:10:16.669 D/dalvikvm( 2012): Compiler shutdown in progress - discarding request
02-25 10:10:16.669 D/dalvikvm( 2012): Compiler shutdown in progress - discarding request
02-25 10:10:16.669 D/dalvikvm( 2012): Compiler shutdown in progress - discarding request
02-25 10:10:16.669 D/dalvikvm( 2012): Compiler shutdown in progress - discarding request
02-25 10:10:16.669 D/dalvikvm( 2012): Compiler shutdown in progress - discarding request
02-25 10:10:16.669 D/dalvikvm( 2012): Compiler shutdown in progress - discarding request
02-25 10:10:16.669 D/dalvikvm( 2012): Compiler shutdown in progress - discarding request
02-25 10:10:16.669 D/dalvikvm( 2012): Compiler shutdown in progress - discarding request
02-25 10:10:16.669 D/dalvikvm( 2012): Compiler shutdown in progress - discarding request
02-25 10:10:16.669 D/dalvikvm( 2012): Compiler shutdown in progress - discarding request
02-25 10:10:16.669 D/dalvikvm( 2012): Compiler shutdown in progress - discarding request
02-25 10:10:16.669 D/dalvikvm( 2012): Compiler shutdown in progress - discarding request
02-25 10:10:16.669 D/dalvikvm( 2012): Compiler shutdown in progress - discarding request
02-25 10:10:16.669 D/dalvikvm( 2012): Compiler shutdown in progress - discarding request
02-25 10:10:16.669 D/dalvikvm( 2012): Compiler shutdown in progress - discarding request
02-25 10:10:16.669 D/dalvikvm( 2012): Compiler shutdown in progress - discarding request
02-25 10:10:16.669 D/dalvikvm( 2012): Compiler shutdown in progress - discarding request
02-25 10:10:16.669 D/dalvikvm( 2012): Compiler shutdown in progress - discarding request
02-25 10:10:16.669 D/dalvikvm( 2012): Compiler shutdown in progress - discarding request
02-25 10:10:16.669 D/dalvikvm( 2012): Compiler shutdown in progress - discarding request
02-25 10:10:16.669 D/dalvikvm( 2012): Compiler shutdown in progress - discarding request
02-25 10:10:16.669 D/dalvikvm( 2012): Compiler shutdown in progress - discarding request
02-25 10:10:16.669 D/dalvikvm( 2012): Compiler shutdown in progress - discarding request
02-25 10:10:16.669 D/dalvikvm( 2012): Compiler shutdown in progress - discarding request
02-25 10:10:16.669 D/dalvikvm( 2012): Compiler shutdown in progress - discarding request
02-25 10:10:16.669 D/dalvikvm( 2012): Compiler shutdown in progress - discarding request
02-25 10:10:16.669 D/dalvikvm( 2012): Compiler shutdown in progress - discarding request
02-25 10:10:16.669 D/dalvikvm( 2012): Compiler shutdown in progress - discarding request
02-25 10:10:16.669 D/dalvikvm( 2012): Compiler shutdown in progress - discarding request
02-25 10:10:16.669 D/dalvikvm( 2012): Compiler shutdown in progress - discarding request
02-25 10:10:16.669 D/dalvikvm( 2012): Compiler shutdown in progress - discarding request
02-25 10:10:16.669 D/dalvikvm( 2012): Compiler shutdown in progress - discarding request
02-25 10:10:16.669 D/dalvikvm( 2012): Compiler shutdown in progress - discarding request
02-25 10:10:16.669 D/dalvikvm( 2012): Compiler shutdown in progress - discarding request
02-25 10:10:16.669 D/dalvikvm( 2012): Compiler shutdown in progress - discarding request
02-25 10:10:16.669 D/dalvikvm( 2012): Compiler shutdown in progress - discarding request
02-25 10:10:16.669 D/dalvikvm( 2012): Compiler shutdown in progress - discarding request
02-25 10:10:16.669 D/dalvikvm( 2012): Compiler shutdown in progress - discarding request
02-25 10:10:16.669 D/dalvikvm( 2012): Compiler shutdown in progress - discarding request
02-25 10:10:16.669 D/dalvikvm( 2012): Compiler shutdown in progress - discarding request
02-25 10:10:17.309 D/AndroidRuntime( 2023): 
02-25 10:10:17.309 D/AndroidRuntime( 2023): >>>>>> AndroidRuntime START com.android.internal.os.RuntimeInit <<<<<<
02-25 10:10:17.309 D/AndroidRuntime( 2023): CheckJNI is OFF
02-25 10:10:17.309 I/AndroidRuntime( 2023): Kernel Release Version: 3.10.20-gf818079
02-25 10:10:17.309 I/dalvikvm( 2023): No library specified. The standard exception handler will be used
02-25 10:10:17.309 I/dalvikvm( 2023): 
02-25 10:10:17.309 I/dalvikvm( 2023): +++++++++++++ Using PCG. +++++++++++++++++++++
02-25 10:10:17.319 D/dalvikvm( 2023): Trying to load lib libjavacore.so 0x0
02-25 10:10:17.319 D/dalvikvm( 2023): Added shared lib libjavacore.so 0x0
02-25 10:10:17.319 D/dalvikvm( 2023): Trying to load lib libnativehelper.so 0x0
02-25 10:10:17.319 D/dalvikvm( 2023): Added shared lib libnativehelper.so 0x0
02-25 10:10:17.319 D/dalvikvm( 2023): No JNI_OnLoad found in libnativehelper.so 0x0, skipping init
02-25 10:10:17.329 D/dalvikvm( 2023): Extra Options: not specified
02-25 10:10:17.339 D/dalvikvm( 2023): Note: class Landroid/app/ActivityManagerNative; has 186 unimplemented (abstract) methods
02-25 10:10:17.409 E/memtrack( 2023): Couldn't load memtrack module (No such file or directory)
02-25 10:10:17.409 E/android.os.Debug( 2023): failed to load memtrack module: -2
02-25 10:10:17.449 D/AndroidRuntime( 2023): Calling main entry com.android.commands.am.Am
02-25 10:10:17.479 I/ActivityManager(  506): START u0 {flg=0x10000000 cmp=org.xwalk.webapi_noneservice_tests/.webapi_noneservice_tests} from pid 2023
02-25 10:10:17.479 W/ufoGralloc(  171): registerBuffer() handle 0xb95d5a10/3 didn't require registration
02-25 10:10:17.509 D/AndroidRuntime( 2023): Shutting down VM
02-25 10:10:17.509 D/dalvikvm( 2023): GC_CONCURRENT freed 114K, 16% free 701K/832K, paused 0ms+0ms, total 1ms
02-25 10:10:17.509 I/SecurityManagerService(  602): SMS received security event: App[START/org.xwalk.webapi_noneservice_tests]
02-25 10:10:17.519 I/dalvikvm( 2023): Total arena pages for JIT: 11
02-25 10:10:17.519 I/dalvikvm( 2023): Total arena pages for JIT: 12
02-25 10:10:17.519 I/dalvikvm( 2023): Total arena pages for JIT: 13
02-25 10:10:17.519 I/dalvikvm( 2023): Total arena pages for JIT: 14
02-25 10:10:17.519 I/dalvikvm( 2023): Total arena pages for JIT: 15
02-25 10:10:17.519 D/dalvikvm( 2034): Late-enabling CheckJNI
02-25 10:10:17.519 D/dalvikvm( 2034): Try to disable coredump for pid 2034
02-25 10:10:17.519 D/dalvikvm( 2034): Process 2034 nice name: org.xwalk.webapi_noneservice_tests
02-25 10:10:17.519 D/dalvikvm( 2034): Extra Options: not specified
02-25 10:10:17.519 I/ActivityManager(  506): Start proc org.xwalk.webapi_noneservice_tests for activity org.xwalk.webapi_noneservice_tests/.webapi_noneservice_tests: pid=2034 uid=10259 gids={50259, 3003, 1028, 1015}
02-25 10:10:17.549 D/WindowManager(  506): adjustConfigurationLw, config:{1.0 ?mcc?mnc ?locale ?layoutDir sw600dp w600dp h888dp 213dpi lrg port ?uimode ?night finger -keyb/v/h -nav/v} mLidState:1 mHasDockFeature:false mHasKeyboardFeature:false mHasHallSensorFeature:true config.hardKeyboardHidden:2
02-25 10:10:17.549 D/dalvikvm( 2023): Compiler shutdown in progress - discarding request
02-25 10:10:17.549 D/dalvikvm( 2023): Compiler shutdown in progress - discarding request
02-25 10:10:17.549 D/dalvikvm( 2023): Compiler shutdown in progress - discarding request
02-25 10:10:17.549 D/dalvikvm( 2023): Compiler shutdown in progress - discarding request
02-25 10:10:17.549 D/dalvikvm( 2023): Compiler shutdown in progress - discarding request
02-25 10:10:17.549 D/dalvikvm( 2023): Compiler shutdown in progress - discarding request
02-25 10:10:17.549 D/dalvikvm( 2023): Compiler shutdown in progress - discarding request
02-25 10:10:17.549 D/dalvikvm( 2023): Compiler shutdown in progress - discarding request
02-25 10:10:17.549 D/dalvikvm( 2023): Compiler shutdown in progress - discarding request
02-25 10:10:17.549 D/dalvikvm( 2023): Compiler shutdown in progress - discarding request
02-25 10:10:17.549 D/dalvikvm( 2023): Compiler shutdown in progress - discarding request
02-25 10:10:17.549 D/dalvikvm( 2023): Compiler shutdown in progress - discarding request
02-25 10:10:17.549 D/dalvikvm( 2023): Compiler shutdown in progress - discarding request
02-25 10:10:17.549 D/dalvikvm( 2023): Compiler shutdown in progress - discarding request
02-25 10:10:17.549 D/dalvikvm( 2023): Compiler shutdown in progress - discarding request
02-25 10:10:17.549 D/dalvikvm( 2023): Compiler shutdown in progress - discarding request
02-25 10:10:17.549 D/dalvikvm( 2023): Compiler shutdown in progress - discarding request
02-25 10:10:17.549 D/dalvikvm( 2023): Compiler shutdown in progress - discarding request
02-25 10:10:17.549 D/dalvikvm( 2023): Compiler shutdown in progress - discarding request
02-25 10:10:17.549 D/dalvikvm( 2023): Compiler shutdown in progress - discarding request
02-25 10:10:17.549 D/dalvikvm( 2023): Compiler shutdown in progress - discarding request
02-25 10:10:17.549 D/dalvikvm( 2023): Compiler shutdown in progress - discarding request
02-25 10:10:17.549 D/dalvikvm( 2023): Compiler shutdown in progress - discarding request
02-25 10:10:17.549 D/dalvikvm( 2023): Compiler shutdown in progress - discarding request
02-25 10:10:17.549 D/dalvikvm( 2023): Compiler shutdown in progress - discarding request
02-25 10:10:17.549 D/dalvikvm( 2023): Compiler shutdown in progress - discarding request
02-25 10:10:17.549 D/dalvikvm( 2023): Compiler shutdown in progress - discarding request
02-25 10:10:17.549 D/dalvikvm( 2023): Compiler shutdown in progress - discarding request
02-25 10:10:17.549 D/dalvikvm( 2023): Compiler shutdown in progress - discarding request
02-25 10:10:17.549 D/dalvikvm( 2023): Compiler shutdown in progress - discarding request
02-25 10:10:17.549 I/ActivityManager(  506): [TopPkgCurBat]	NowPkgName[org.xwalk.webapi_noneservice_tests]	Battery[100]	TimeTick[1424830217561]	OldPkgName[testkit.stub]
02-25 10:10:17.599 I/CordovaLog( 2034): Changing log level to DEBUG(3)
02-25 10:10:17.599 D/CordovaActivity( 2034): CordovaActivity.init()
02-25 10:10:17.609 D/dalvikvm( 2034): Trying to load lib /data/app-lib/org.xwalk.webapi_noneservice_tests-1/libxwalkcore.so 0x43d847c0
02-25 10:10:17.679 D/dalvikvm( 2034): Added shared lib /data/app-lib/org.xwalk.webapi_noneservice_tests-1/libxwalkcore.so 0x43d847c0
02-25 10:10:17.699 I/LibraryLoader( 2034): Time to load native libraries: 94 ms (timestamps 1819-1913)
02-25 10:10:17.699 I/LibraryLoader( 2034): Expected native library version number "",actual native library version number ""
02-25 10:10:17.719 I/LibraryLoader( 2034): Expected native library version number "",actual native library version number ""
02-25 10:10:17.719 I/chromium( 2034): [INFO:library_loader_hooks.cc(112)] Chromium logging enabled: level = 0, default verbosity = 0
02-25 10:10:17.779 I/BrowserStartupController( 2034): Initializing chromium process, singleProcess=true
02-25 10:10:18.219 W/chromium( 2034): [WARNING:dns_config_service_posix.cc(293)] Failed to read DnsConfig.
02-25 10:10:18.219 W/AudioManagerAndroid( 2034): Requires BLUETOOTH permission
02-25 10:10:18.229 I/ufoGralloc( 2034): Hello, this is UFO GRALLOC/Intel Corporation
02-25 10:10:18.239 D/        ( 2034): Pixel Format : GGL_PIXEL_FORMAT_RGBA_8888
02-25 10:10:18.239 D/        ( 2034): droid_create_context : config id = 1 conf->NativeVisualID=1
02-25 10:10:18.239 D/        ( 2034): Pixel Format : GGL_PIXEL_FORMAT_RGBA_8888
02-25 10:10:18.239 I/        ( 2034): Requested context : GLES 2.0
02-25 10:10:18.289 W/chromium( 2034): [WARNING:proxy_service.cc(899)] PAC support disabled because there is no system implementation
02-25 10:10:18.299 W/dalvikvm( 2034): VFY: unable to find class referenced in signature (Landroid/view/inputmethod/CursorAnchorInfo;)
02-25 10:10:18.299 I/dalvikvm( 2034): Could not find method android.view.inputmethod.InputMethodManager.updateCursorAnchorInfo, referenced from method org.chromium.content.browser.input.InputMethodManagerWrapper.updateCursorAnchorInfo
02-25 10:10:18.299 W/dalvikvm( 2034): VFY: unable to resolve virtual method 1368: Landroid/view/inputmethod/InputMethodManager;.updateCursorAnchorInfo (Landroid/view/View;Landroid/view/inputmethod/CursorAnchorInfo;)V
02-25 10:10:18.299 D/dalvikvm( 2034): VFY: replacing opcode 0x6e at 0x000a
02-25 10:10:18.389 E/cutils  (  163): Failed to mkdirat(/Removable/MicroSD): Read-only file system
02-25 10:10:18.389 W/ContextImpl( 2034): Failed to ensure directory: /Removable/MicroSD/Android/data/org.xwalk.webapi_noneservice_tests/cache
02-25 10:10:18.389 W/Vold    (  163): Returning OperationFailed - no handler for errno 30
02-25 10:10:18.399 D/CordovaActivity( 2034): CordovaActivity.createViews()
02-25 10:10:18.399 E/chromium( 2034): [ERROR:unix_domain_server_socket_posix.cc(106)] Not implemented reached in virtual int net::UnixDomainServerSocket::GetLocalAddress(net::IPEndPoint*) const
02-25 10:10:18.399 D/CordovaWebView( 2034): >>> loadUrl(file:///android_asset/www/index.html)
02-25 10:10:18.399 D/PluginManager( 2034): init()
02-25 10:10:18.399 E/cutils  (  163): Failed to mkdirat(/Removable/MicroSD): Read-only file system
02-25 10:10:18.399 W/Vold    (  163): Returning OperationFailed - no handler for errno 30
02-25 10:10:18.409 W/ContextImpl( 2034): Failed to ensure directory: /Removable/MicroSD/Android/data/org.xwalk.webapi_noneservice_tests/files
02-25 10:10:18.409 E/cutils  (  163): Failed to mkdirat(/Removable/MicroSD): Read-only file system
02-25 10:10:18.409 W/ContextImpl( 2034): Failed to ensure directory: /Removable/MicroSD/Android/data/org.xwalk.webapi_noneservice_tests/cache
02-25 10:10:18.409 D/CordovaWebView( 2034): >>> loadUrlNow()
02-25 10:10:18.409 I/dalvikvm( 2034): Could not find method android.app.Activity.finishAndRemoveTask, referenced from method org.chromium.base.ApiCompatibilityUtils.finishAndRemoveTask
02-25 10:10:18.409 W/dalvikvm( 2034): VFY: unable to resolve virtual method 6: Landroid/app/Activity;.finishAndRemoveTask ()V
02-25 10:10:18.409 D/dalvikvm( 2034): VFY: replacing opcode 0x6e at 0x0006
02-25 10:10:18.409 I/dalvikvm( 2034): Could not find method android.os.PowerManager.isInteractive, referenced from method org.chromium.base.ApiCompatibilityUtils.isInteractive
02-25 10:10:18.409 W/dalvikvm( 2034): VFY: unable to resolve virtual method 874: Landroid/os/PowerManager;.isInteractive ()Z
02-25 10:10:18.409 D/dalvikvm( 2034): VFY: replacing opcode 0x6e at 0x000e
02-25 10:10:18.409 I/dalvikvm( 2034): Could not find method android.view.Window.getNavigationBarColor, referenced from method org.chromium.base.ApiCompatibilityUtils.setStatusBarColor
02-25 10:10:18.409 W/dalvikvm( 2034): VFY: unable to resolve virtual method 1268: Landroid/view/Window;.getNavigationBarColor ()I
02-25 10:10:18.409 D/dalvikvm( 2034): VFY: replacing opcode 0x6e at 0x0010
02-25 10:10:18.409 I/dalvikvm( 2034): Could not find method android.view.Window.setStatusBarColor, referenced from method org.chromium.base.ApiCompatibilityUtils.setStatusBarColor
02-25 10:10:18.409 W/dalvikvm( 2034): VFY: unable to resolve virtual method 1274: Landroid/view/Window;.setStatusBarColor (I)V
02-25 10:10:18.409 D/dalvikvm( 2034): VFY: replacing opcode 0x6e at 0x0019
02-25 10:10:18.409 E/dalvikvm( 2034): Could not find class 'android.app.ActivityManager$TaskDescription', referenced from method org.chromium.base.ApiCompatibilityUtils.setTaskDescription
02-25 10:10:18.409 W/dalvikvm( 2034): VFY: unable to resolve new-instance 13 (Landroid/app/ActivityManager$TaskDescription;) in Lorg/chromium/base/ApiCompatibilityUtils;
02-25 10:10:18.409 D/dalvikvm( 2034): VFY: replacing opcode 0x22 at 0x0006
02-25 10:10:18.409 D/dalvikvm( 2034): DexOpt: unable to opt direct call 0x002f at 0x08 in Lorg/chromium/base/ApiCompatibilityUtils;.setTaskDescription
02-25 10:10:18.409 W/Vold    (  163): Returning OperationFailed - no handler for errno 30
02-25 10:10:18.489 I/chromium( 2034): [INFO:xwalk_extension_renderer_controller.cc(47)] EXTENSION PROCESS DISABLED.
02-25 10:10:18.499 D/CordovaActivity( 2034): Resuming the App
02-25 10:10:18.509 D/SoftKeyboardDetect( 2034): Ignore this event
02-25 10:10:18.529 D/        ( 2034): droid_create_context : config id = 5 conf->NativeVisualID=1
02-25 10:10:18.529 D/        ( 2034): Pixel Format : GGL_PIXEL_FORMAT_RGBA_8888
02-25 10:10:18.529 I/        ( 2034): Requested context : GLES 2.0
02-25 10:10:18.539 D/        ( 2034): Pixel Format : GGL_PIXEL_FORMAT_RGBA_8888
02-25 10:10:18.539 D/OpenGLRenderer( 2034): Enabling debug mode 0
02-25 10:10:18.539 D/SoftKeyboardDetect( 2034): Ignore this event
02-25 10:10:18.549 D/XT9IME  (  731): new subtype :zh_CN ,pinyin
02-25 10:10:18.569 D/BatteryStatsImpl(  506): noteStopWakeLocked system isFromForeground = false
02-25 10:10:18.579 I/ActivityManager(  506): Displayed org.xwalk.webapi_noneservice_tests/.webapi_noneservice_tests: +1s67ms
02-25 10:10:18.689 D/CordovaActivity( 2034): onMessage(onPageStarted,file:///android_asset/www/index.html)
02-25 10:10:18.729 D/        ( 2034): Pixel Format : GGL_PIXEL_FORMAT_RGBA_8888
02-25 10:10:18.729 D/        ( 2034): droid_create_context : config id = 1 conf->NativeVisualID=1
02-25 10:10:18.729 D/        ( 2034): Pixel Format : GGL_PIXEL_FORMAT_RGBA_8888
02-25 10:10:18.729 I/        ( 2034): Requested context : GLES 2.0
02-25 10:10:18.759 W/BindingManager( 2034): Cannot call determinedVisibility() - never saw a connection for the pid: 2034
02-25 10:10:18.849 D/CordovaActivity( 2034): onMessage(onPageFinished,file:///android_asset/www/index.html)
02-25 10:10:19.859 D/CordovaActivity( 2034): onMessage(onPageStarted,file:///android_asset/www/index_real.html?testprefix=./)
02-25 10:10:19.919 W/BindingManager( 2034): Cannot call determinedVisibility() - never saw a connection for the pid: 2034
02-25 10:10:20.199 I/chromium( 2034): [INFO:CONSOLE(0)] "Synchronous XMLHttpRequest on the main thread is deprecated because of its detrimental effects to the end user's experience. For more help, check http://xhr.spec.whatwg.org/.", source:  (0)
02-25 10:10:20.259 D/CordovaActivity( 2034): onMessage(onPageFinished,file:///android_asset/www/index_real.html?testprefix=./)
02-25 10:10:20.859 D/CordovaActivity( 2034): onMessage(spinner,stop)
02-25 10:10:20.889 D/        ( 2034): Pixel Format : GGL_PIXEL_FORMAT_RGBA_8888
02-25 10:10:20.889 D/        ( 2034): droid_create_context : config id = 1 conf->NativeVisualID=1
02-25 10:10:20.889 D/        ( 2034): Pixel Format : GGL_PIXEL_FORMAT_RGBA_8888
02-25 10:10:20.889 I/        ( 2034): Requested context : GLES 2.0
02-25 10:10:20.919 D/        ( 2034): Swap interval set to = 1 value
02-25 10:10:20.989 D/        ( 2034): Pixel Format : GGL_PIXEL_FORMAT_RGBA_8888
02-25 10:10:20.989 D/        ( 2034): droid_create_context : config id = 1 conf->NativeVisualID=1
02-25 10:10:20.989 D/        ( 2034): Pixel Format : GGL_PIXEL_FORMAT_RGBA_8888
02-25 10:10:20.989 I/        ( 2034): Requested context : GLES 2.0
02-25 10:10:21.569 D/wpa_supplicant(  694): wlan0: Starting AP scan for wildcard SSID
02-25 10:10:21.569 D/wpa_supplicant(  694): WPS: Building WPS IE for Probe Request
02-25 10:10:21.569 D/wpa_supplicant(  694): WPS:  * Version (hardcoded 0x10)
02-25 10:10:21.569 D/wpa_supplicant(  694): WPS:  * Request Type
02-25 10:10:21.569 D/wpa_supplicant(  694): WPS:  * Config Methods (4288)
02-25 10:10:21.569 D/wpa_supplicant(  694): WPS:  * UUID-E
02-25 10:10:21.569 D/wpa_supplicant(  694): WPS:  * Primary Device Type
02-25 10:10:21.569 D/wpa_supplicant(  694): WPS:  * RF Bands (1)
02-25 10:10:21.569 D/wpa_supplicant(  694): WPS:  * Association State
02-25 10:10:21.569 D/wpa_supplicant(  694): WPS:  * Configuration Error (0)
02-25 10:10:21.569 D/wpa_supplicant(  694): WPS:  * Device Password ID (0)
02-25 10:10:21.569 D/wpa_supplicant(  694): WPS:  * Manufacturer
02-25 10:10:21.569 D/wpa_supplicant(  694): WPS:  * Model Name
02-25 10:10:21.569 D/wpa_supplicant(  694): WPS:  * Model Number
02-25 10:10:21.569 D/wpa_supplicant(  694): WPS:  * Device Name
02-25 10:10:21.569 D/wpa_supplicant(  694): WPS:  * Version2 (0x20)
02-25 10:10:21.569 D/wpa_supplicant(  694): P2P: * P2P IE header
02-25 10:10:21.569 D/wpa_supplicant(  694): P2P: * Capability dev=25 group=00
02-25 10:10:21.569 D/wpa_supplicant(  694): P2P: * Listen Channel: Regulatory Class 81 Channel 6
02-25 10:10:21.569 D/wpa_supplicant(  694): wlan0: nl80211: scan request
02-25 10:10:21.679 D/wpa_supplicant(  694): Scan requested (ret=0) - scan timeout 30 seconds
02-25 10:10:21.679 D/wpa_supplicant(  694): nl80211: Drv Event 33 (NL80211_CMD_TRIGGER_SCAN) received for wlan0
02-25 10:10:21.679 D/wpa_supplicant(  694): wlan0: nl80211: Scan trigger
02-25 10:10:22.279 D/CordovaActivity( 2034): onMessage(spinner,stop)
02-25 10:10:22.409 D/        ( 2034): droid_create_context : config id = 1 conf->NativeVisualID=1
02-25 10:10:22.409 D/        ( 2034): Pixel Format : GGL_PIXEL_FORMAT_RGBA_8888
02-25 10:10:22.409 I/        ( 2034): Requested context : GLES 2.0
02-25 10:10:22.429 E/AndroidProtocolHandler( 2034): Unable to open asset URL: file:///android_asset/www//opt/tct-video-html5-tests/video/w3c/foo
02-25 10:10:22.599 E/MediaResourceGetter( 2034): File does not exist.
02-25 10:10:22.599 E/MediaResourceGetter( 2034): Unable to configure metadata extractor
02-25 10:10:22.609 E/chromium( 2034): [ERROR:webmediaplayer_android.cc(449)] Not implemented reached in virtual void content::WebMediaPlayerAndroid::setRate(double)
02-25 10:10:22.609 I/MediaFocusControl(  506):  AudioFocus  requestAudioFocus() from android.media.AudioManager@21efeb60org.chromium.media.MediaPlayerListener@21fa81a0
02-25 10:10:22.609 V/Avrcp   ( 1132): New genId = 3, clearing = 1
02-25 10:10:22.649 E/wrs-omxil-core(  186): OMX_GetHandle(): exit failure, OMX.Intel.hw_vd.h264 not found
02-25 10:10:22.649 I/libva   (  186): VA-API version 0.34.0
02-25 10:10:22.649 I/libva   (  186): va_getDriverName() returns 0
02-25 10:10:22.649 I/libva   (  186): Trying to open /system/lib/i965_drv_video.so
02-25 10:10:22.649 I/libva   (  186): Found init function __vaDriverInit_0_32
02-25 10:10:22.649 I/libva   (  186): va_openDriver() returns 0
02-25 10:10:22.659 I/OMXCodec(  186): [OMX.Intel.hw_vd.h264] AVC profile = 66 (Baseline), level = 30
02-25 10:10:22.659 I/OMXCodec(  186): [OMX.Intel.hw_vd.h264] video dimensions are 320 x 240
02-25 10:10:22.659 I/OMXCodec(  186): [OMX.Intel.hw_vd.h264] Crop rect is 320 x 240 @ (0, 0)
02-25 10:10:22.659 D/AudioHardwareALSA(  186): setParameters
02-25 10:10:22.659 W/RouteManager(  186): doSetParameters: Unhandled argument.
02-25 10:10:22.659 I/SoftOMXPlugin(  186): Created OMXPlugin : OMX.Intel.aac.decoder
02-25 10:10:22.659 E/wrs-omxil-core(  186): OMX_GetHandle(): exit failure, OMX.Intel.hw_vd.h264 not found
02-25 10:10:22.659 I/libva   (  186): VA-API version 0.34.0
02-25 10:10:22.659 I/libva   (  186): va_getDriverName() returns 0
02-25 10:10:22.659 I/libva   (  186): Trying to open /system/lib/i965_drv_video.so
02-25 10:10:22.659 I/libva   (  186): Found init function __vaDriverInit_0_32
02-25 10:10:22.659 I/libva   (  186): va_openDriver() returns 0
02-25 10:10:22.659 I/OMXCodec(  186): [OMX.Intel.hw_vd.h264] AVC profile = 66 (Baseline), level = 30
02-25 10:10:22.659 I/OMXCodec(  186): [OMX.Intel.hw_vd.h264] video dimensions are 320 x 240
02-25 10:10:22.659 I/OMXCodec(  186): [OMX.Intel.hw_vd.h264] Crop rect is 320 x 240 @ (0, 0)
02-25 10:10:22.689 E/MediaPlayer( 2034): Should have subtitle controller already set
02-25 10:10:22.689 D/MediaPlayer( 2034): getMetadata
02-25 10:10:22.699 D/SoftKeyboardDetect( 2034): Ignore this event
02-25 10:10:22.789 D/wpa_supplicant(  694): nl80211: Drv Event 34 (NL80211_CMD_NEW_SCAN_RESULTS) received for wlan0
02-25 10:10:22.789 D/wpa_supplicant(  694): wlan0: nl80211: New scan results available
02-25 10:10:22.789 D/wpa_supplicant(  694): wlan0: Event SCAN_RESULTS (3) received
02-25 10:10:22.789 D/wpa_supplicant(  694): nl80211: Received scan results (22 BSSes)
02-25 10:10:22.789 D/wpa_supplicant(  694): nl80211: Survey data missing
02-25 10:10:22.789 D/wpa_supplicant(  694): wlan0: BSS: Start scan result update 35
02-25 10:10:22.789 D/wpa_supplicant(  694): BSS: last_scan_res_used=22/32 last_scan_full=0
02-25 10:10:22.789 D/wpa_supplicant(  694): wlan0: New scan results available
02-25 10:10:22.789 D/wpa_supplicant(  694): CTRL_IFACE monitor send - hexdump(len=39): 2f 64 61 74 61 2f 6d 69 73 63 2f 77 69 66 69 2f 73 6f 63 6b 65 74 73 2f 77 70 61 5f 63 74 72 6c ...
02-25 10:10:22.789 D/wpa_supplicant(  694): CTRL_IFACE monitor send - hexdump(len=39): 2f 64 61 74 61 2f 6d 69 73 63 2f 77 69 66 69 2f 73 6f 63 6b 65 74 73 2f 77 70 61 5f 63 74 72 6c ...
02-25 10:10:22.789 D/wpa_supplicant(  694): Authorize channel 1
02-25 10:10:22.789 I/WifiHW  (  506): EVENT: IFNAME=wlan0 CTRL-EVENT-SCAN-RESULTS 
02-25 10:10:22.789 D/wpa_supplicant(  694): Authorize channel 2
02-25 10:10:22.789 D/wpa_supplicant(  694): Authorize channel 3
02-25 10:10:22.789 D/wpa_supplicant(  694): Authorize channel 4
02-25 10:10:22.789 D/wpa_supplicant(  694): Authorize channel 5
02-25 10:10:22.789 D/wpa_supplicant(  694): Authorize channel 6
02-25 10:10:22.789 D/wpa_supplicant(  694): Authorize channel 7
02-25 10:10:22.789 D/wpa_supplicant(  694): Authorize channel 8
02-25 10:10:22.789 D/wpa_supplicant(  694): Authorize channel 9
02-25 10:10:22.789 D/wpa_supplicant(  694): Authorize channel 10
02-25 10:10:22.789 D/wpa_supplicant(  694): Authorize channel 11
02-25 10:10:22.789 D/wpa_supplicant(  694): Authorize channel 12
02-25 10:10:22.789 D/wpa_supplicant(  694): Authorize channel 13
02-25 10:10:22.789 D/wpa_supplicant(  694): Authorize channel 1
02-25 10:10:22.789 D/wpa_supplicant(  694): Authorize channel 2
02-25 10:10:22.789 I/WifiHW  (  506): CMD: IFNAME=wlan0 BSS RANGE=0- MASK=0x21987
02-25 10:10:22.789 I/WifiHW  (  506): EVENT: IFNAME=wlan0 WPS-AP-AVAILABLE 
02-25 10:10:22.789 D/wpa_supplicant(  694): Authorize channel 3
02-25 10:10:22.789 D/wpa_supplicant(  694): Authorize channel 4
02-25 10:10:22.789 D/wpa_supplicant(  694): Authorize channel 5
02-25 10:10:22.789 D/wpa_supplicant(  694): Authorize channel 6
02-25 10:10:22.789 D/wpa_supplicant(  694): Authorize channel 7
02-25 10:10:22.789 D/wpa_supplicant(  694): Authorize channel 8
02-25 10:10:22.789 D/wpa_supplicant(  694): Authorize channel 9
02-25 10:10:22.789 D/wpa_supplicant(  694): Authorize channel 10
02-25 10:10:22.789 D/wpa_supplicant(  694): Authorize channel 11
02-25 10:10:22.789 D/wpa_supplicant(  694): Authorize channel 12
02-25 10:10:22.789 D/wpa_supplicant(  694): Authorize channel 13
02-25 10:10:22.789 D/wpa_supplicant(  694): Add access point on channel 6
02-25 10:10:22.789 D/wpa_supplicant(  694): Add access point on channel 6
02-25 10:10:22.789 D/wpa_supplicant(  694): Add access point on channel 1
02-25 10:10:22.789 D/wpa_supplicant(  694): Add access point on channel 11
02-25 10:10:22.789 D/wpa_supplicant(  694): Add access point on channel 3
02-25 10:10:22.789 D/wpa_supplicant(  694): Add access point on channel 1
02-25 10:10:22.789 D/wpa_supplicant(  694): Add access point on channel 1
02-25 10:10:22.789 D/wpa_supplicant(  694): Add access point on channel 6
02-25 10:10:22.789 D/wpa_supplicant(  694): Add access point on channel 9
02-25 10:10:22.789 D/wpa_supplicant(  694): Add access point on channel 11
02-25 10:10:22.789 D/wpa_supplicant(  694): Add access point on channel 6
02-25 10:10:22.789 D/wpa_supplicant(  694): Add access point on channel 6
02-25 10:10:22.789 D/wpa_supplicant(  694): Add access point on channel 6
02-25 10:10:22.789 D/wpa_supplicant(  694): Add access point on channel 6
02-25 10:10:22.789 D/wpa_supplicant(  694): Add access point on channel 6
02-25 10:10:22.789 D/wpa_supplicant(  694): Add access point on channel 11
02-25 10:10:22.789 D/wpa_supplicant(  694): Add access point on channel 11
02-25 10:10:22.789 D/wpa_supplicant(  694): Add access point on channel 1
02-25 10:10:22.789 D/wpa_supplicant(  694): Add access point on channel 6
02-25 10:10:22.789 D/wpa_supplicant(  694): Add access point on channel 6
02-25 10:10:22.789 D/wpa_supplicant(  694): Add access point on channel 8
02-25 10:10:22.789 D/wpa_supplicant(  694): Add access point on channel 2
02-25 10:10:22.789 D/wpa_supplicant(  694): Add access point on channel 6
02-25 10:10:22.789 D/wpa_supplicant(  694): Add access point on channel 11
02-25 10:10:22.789 D/wpa_supplicant(  694): Best Operating channel is = 11
02-25 10:10:22.789 D/wpa_supplicant(  694): WPS: AP[0] f8:d1:11:e7:99:e8 type=0 tries=0 last_attempt=-1 sec ago blacklist=0
02-25 10:10:22.789 D/wpa_supplicant(  694): WPS: AP[1] cc:34:29:2c:fb:ec type=0 tries=0 last_attempt=-1 sec ago blacklist=0
02-25 10:10:22.789 D/wpa_supplicant(  694): WPS: AP[2] cc:34:29:2b:26:4c type=0 tries=0 last_attempt=-1 sec ago blacklist=0
02-25 10:10:22.789 D/wpa_supplicant(  694): WPS: AP[3] b0:48:7a:51:ff:cc type=0 tries=0 last_attempt=-1 sec ago blacklist=0
02-25 10:10:22.789 D/wpa_supplicant(  694): WPS: AP[4] c0:a0:bb:20:3b:84 type=0 tries=0 last_attempt=-1 sec ago blacklist=0
02-25 10:10:22.789 D/wpa_supplicant(  694): WPS: AP[5] 2c:b0:5d:7f:f4:24 type=0 tries=0 last_attempt=-1 sec ago blacklist=0
02-25 10:10:22.789 D/wpa_supplicant(  694): WPS: AP[6] 9c:21:6a:0d:eb:72 type=0 tries=0 last_attempt=-1 sec ago blacklist=0
02-25 10:10:22.789 D/wpa_supplicant(  694): WPS: AP[7] c8:d7:19:60:62:f2 type=0 tries=0 last_attempt=-1 sec ago blacklist=0
02-25 10:10:22.789 D/wpa_supplicant(  694): WPS: AP[8] 44:94:fc:3d:da:38 type=0 tries=0 last_attempt=-1 sec ago blacklist=0
02-25 10:10:22.789 D/wpa_supplicant(  694): WPS: AP[9] 10:c3:7b:d2:e5:e0 type=0 tries=0 last_attempt=-1 sec ago blacklist=0
02-25 10:10:22.789 D/wpa_supplicant(  694): wlan0: Selecting BSS from priority group 19
02-25 10:10:22.789 D/wpa_supplicant(  694): wlan0: 0: c8:d7:19:60:62:f2 ssid='E3000-2.4G' wpa_ie_len=0 rsn_ie_len=20 caps=0x411 level=-43 wps
02-25 10:10:22.789 D/wpa_supplicant(  694): wlan0:    skip - SSID mismatch
02-25 10:10:22.789 D/wpa_supplicant(  694): wlan0: 1: f8:d1:11:e7:99:e8 ssid='videotest' wpa_ie_len=22 rsn_ie_len=20 caps=0x531 level=-44 wps
02-25 10:10:22.789 D/wpa_supplicant(  694): wlan0:    skip - SSID mismatch
02-25 10:10:22.789 D/wpa_supplicant(  694): wlan0: 2: 10:c3:7b:d2:e5:e0 ssid='ASUS_RT-AC66U-2.4G' wpa_ie_len=0 rsn_ie_len=20 caps=0x411 level=-49 wps
02-25 10:10:22.789 D/wpa_supplicant(  694): wlan0:    skip - SSID mismatch
02-25 10:10:22.789 D/wpa_supplicant(  694): wlan0: 3: 02:1a:11:ff:f7:0a ssid='io1' wpa_ie_len=0 rsn_ie_len=20 caps=0x431 level=-49
02-25 10:10:22.789 D/wpa_supplicant(  694): wlan0:    skip - SSID mismatch
02-25 10:10:22.789 D/wpa_supplicant(  694): wlan0: 4: cc:34:29:2b:26:4c ssid='cws-test' wpa_ie_len=0 rsn_ie_len=20 caps=0x431 level=-54 wps
02-25 10:10:22.789 D/wpa_supplicant(  694): wlan0:    skip - SSID mismatch
02-25 10:10:22.789 D/wpa_supplicant(  694): wlan0: 5: 98:fc:11:81:35:fb ssid='E2000EE' wpa_ie_len=0 rsn_ie_len=20 caps=0x411 level=-55
02-25 10:10:22.789 D/wpa_supplicant(  694): wlan0:    skip - SSID mismatch
02-25 10:10:22.789 D/wpa_supplicant(  694): wlan0: 6: 44:94:fc:3d:da:38 ssid='6300' wpa_ie_len=0 rsn_ie_len=20 caps=0x411 level=-55 wps
02-25 10:10:22.789 D/wpa_supplicant(  694): wlan0:    skip - SSID mismatch
02-25 10:10:22.789 D/wpa_supplicant(  694): wlan0: 7: 90:94:e4:03:45:f5 ssid='DAP-2553_D' wpa_ie_len=0 rsn_ie_len=24 caps=0x431 level=-59
02-25 10:10:22.789 D/wpa_supplicant(  694): wlan0:    skip - SSID mismatch
02-25 10:10:22.789 D/wpa_supplicant(  694): wlan0: 8: c4:17:fe:3f:4f:fb ssid='cmcm' wpa_ie_len=0 rsn_ie_len=20 caps=0x511 level=-62
02-25 10:10:22.789 D/wpa_supplicant(  694): wlan0:    skip - SSID mismatch
02-25 10:10:22.799 D/wpa_supplicant(  694): wlan0: 9: cc:34:29:2c:fb:ec ssid='linksys' wpa_ie_len=22 rsn_ie_len=20 caps=0x431 level=-62 wps
02-25 10:10:22.799 D/wpa_supplicant(  694): wlan0:    skip - SSID mismatch
02-25 10:10:22.799 D/wpa_supplicant(  694): wlan0: 10: cc:b2:55:e2:84:70 ssid='DLINK_APK' wpa_ie_len=22 rsn_ie_len=20 caps=0x411 level=-62
02-25 10:10:22.799 D/wpa_supplicant(  694): wlan0:    skip - SSID mismatch
02-25 10:10:22.799 D/wpa_supplicant(  694): wlan0: 11: 22:48:9a:ac:31:5b ssid='dean1' wpa_ie_len=0 rsn_ie_len=20 caps=0x431 level=-66
02-25 10:10:22.799 D/wpa_supplicant(  694): wlan0:    skip - SSID mismatch
02-25 10:10:22.799 D/wpa_supplicant(  694): wlan0: 12: e4:d3:32:c0:cf:a4 ssid='fast' wpa_ie_len=0 rsn_ie_len=20 caps=0x411 level=-67
02-25 10:10:22.799 D/wpa_supplicant(  694): wlan0:    skip - SSID mismatch
02-25 10:10:22.799 D/wpa_supplicant(  694): wlan0: 13: b0:48:7a:51:ff:cc ssid='Neusoft TP' wpa_ie_len=22 rsn_ie_len=20 caps=0x431 level=-70 wps
02-25 10:10:22.799 D/wpa_supplicant(  694): wlan0:    skip - SSID mismatch
02-25 10:10:22.799 D/wpa_supplicant(  694): wlan0: 14: 74:e5:43:24:f4:5b ssid='Dttest' wpa_ie_len=0 rsn_ie_len=20 caps=0x31 level=-70
02-25 10:10:22.799 D/wpa_supplicant(  694): wlan0:    skip - SSID mismatch
02-25 10:10:22.799 D/wpa_supplicant(  694): wlan0: 15: 80:1f:02:43:fb:e8 ssid='Edimax AP' wpa_ie_len=0 rsn_ie_len=20 caps=0x411 level=-71
02-25 10:10:22.799 D/wpa_supplicant(  694): wlan0:    skip - SSID mismatch
02-25 10:10:22.799 D/wpa_supplicant(  694): wlan0: 16: 00:0f:e2:0f:9f:c1 ssid='321_WAN' wpa_ie_len=28 rsn_ie_len=24 caps=0x411 level=-73
02-25 10:10:22.799 D/wpa_supplicant(  694): wlan0:    skip - SSID mismatch
02-25 10:10:22.799 D/wpa_supplicant(  694): wlan0: 17: f4:b7:e2:2b:41:b7 ssid='cmscc' wpa_ie_len=0 rsn_ie_len=20 caps=0x31 level=-73
02-25 10:10:22.799 D/wpa_supplicant(  694): wlan0:    skip - SSID mismatch
02-25 10:10:22.799 D/wpa_supplicant(  694): wlan0: 18: c0:a0:bb:20:3b:84 ssid='dlink-3B84' wpa_ie_len=26 rsn_ie_len=24 caps=0x411 level=-78 wps
02-25 10:10:22.799 D/wpa_supplicant(  694): wlan0:    skip - SSID mismatch
02-25 10:10:22.799 D/wpa_supplicant(  694): wlan0: 19: 50:bd:5f:4b:29:92 ssid='Internet-2' wpa_ie_len=0 rsn_ie_len=0 caps=0x421 level=-69
02-25 10:10:22.799 D/wpa_supplicant(  694): wlan0:    skip - SSID mismatch
02-25 10:10:22.799 D/wpa_supplicant(  694): wlan0: 20: e4:d3:32:dd:18:62 ssid='Internet' wpa_ie_len=0 rsn_ie_len=0 caps=0x421 level=-69
02-25 10:10:22.799 D/wpa_supplicant(  694): wlan0:    skip - SSID mismatch
02-25 10:10:22.799 D/wpa_supplicant(  694): wlan0: 21: 00:25:86:5c:5e:30 ssid='internet' wpa_ie_len=0 rsn_ie_len=0 caps=0x421 level=-79
02-25 10:10:22.799 D/wpa_supplicant(  694): wlan0:    skip - SSID mismatch
02-25 10:10:22.799 D/wpa_supplicant(  694): wlan0: Selecting BSS from priority group 18
02-25 10:10:22.799 D/wpa_supplicant(  694): wlan0: 0: c8:d7:19:60:62:f2 ssid='E3000-2.4G' wpa_ie_len=0 rsn_ie_len=20 caps=0x411 level=-43 wps
02-25 10:10:22.799 D/wpa_supplicant(  694): wlan0:    skip - SSID mismatch
02-25 10:10:22.799 D/wpa_supplicant(  694): wlan0: 1: f8:d1:11:e7:99:e8 ssid='videotest' wpa_ie_len=22 rsn_ie_len=20 caps=0x531 level=-44 wps
02-25 10:10:22.799 D/wpa_supplicant(  694): wlan0:    skip - SSID mismatch
02-25 10:10:22.799 D/wpa_supplicant(  694): wlan0: 2: 10:c3:7b:d2:e5:e0 ssid='ASUS_RT-AC66U-2.4G' wpa_ie_len=0 rsn_ie_len=20 caps=0x411 level=-49 wps
02-25 10:10:22.799 D/wpa_supplicant(  694): wlan0:    skip - SSID mismatch
02-25 10:10:22.799 D/wpa_supplicant(  694): wlan0: 3: 02:1a:11:ff:f7:0a ssid='io1' wpa_ie_len=0 rsn_ie_len=20 caps=0x431 level=-49
02-25 10:10:22.799 D/wpa_supplicant(  694): wlan0:    skip - SSID mismatch
02-25 10:10:22.799 D/wpa_supplicant(  694): wlan0: 4: cc:34:29:2b:26:4c ssid='cws-test' wpa_ie_len=0 rsn_ie_len=20 caps=0x431 level=-54 wps
02-25 10:10:22.799 D/wpa_supplicant(  694): wlan0:    skip - SSID mismatch
02-25 10:10:22.799 D/wpa_supplicant(  694): wlan0: 5: 98:fc:11:81:35:fb ssid='E2000EE' wpa_ie_len=0 rsn_ie_len=20 caps=0x411 level=-55
02-25 10:10:22.799 D/wpa_supplicant(  694): wlan0:    skip - SSID mismatch
02-25 10:10:22.799 D/wpa_supplicant(  694): wlan0: 6: 44:94:fc:3d:da:38 ssid='6300' wpa_ie_len=0 rsn_ie_len=20 caps=0x411 level=-55 wps
02-25 10:10:22.799 D/wpa_supplicant(  694): wlan0:    skip - SSID mismatch
02-25 10:10:22.799 D/wpa_supplicant(  694): wlan0: 7: 90:94:e4:03:45:f5 ssid='DAP-2553_D' wpa_ie_len=0 rsn_ie_len=24 caps=0x431 level=-59
02-25 10:10:22.799 D/wpa_supplicant(  694): wlan0:    skip - SSID mismatch
02-25 10:10:22.799 D/wpa_supplicant(  694): wlan0: 8: c4:17:fe:3f:4f:fb ssid='cmcm' wpa_ie_len=0 rsn_ie_len=20 caps=0x511 level=-62
02-25 10:10:22.799 D/wpa_supplicant(  694): wlan0:    skip - SSID mismatch
02-25 10:10:22.799 D/wpa_supplicant(  694): wlan0: 9: cc:34:29:2c:fb:ec ssid='linksys' wpa_ie_len=22 rsn_ie_len=20 caps=0x431 level=-62 wps
02-25 10:10:22.799 D/wpa_supplicant(  694): wlan0:    skip - SSID mismatch
02-25 10:10:22.799 D/wpa_supplicant(  694): wlan0: 10: cc:b2:55:e2:84:70 ssid='DLINK_APK' wpa_ie_len=22 rsn_ie_len=20 caps=0x411 level=-62
02-25 10:10:22.799 D/wpa_supplicant(  694): wlan0:    skip - SSID mismatch
02-25 10:10:22.799 D/wpa_supplicant(  694): wlan0: 11: 22:48:9a:ac:31:5b ssid='dean1' wpa_ie_len=0 rsn_ie_len=20 caps=0x431 level=-66
02-25 10:10:22.799 D/wpa_supplicant(  694): wlan0:    skip - SSID mismatch
02-25 10:10:22.799 D/wpa_supplicant(  694): wlan0: 12: e4:d3:32:c0:cf:a4 ssid='fast' wpa_ie_len=0 rsn_ie_len=20 caps=0x411 level=-67
02-25 10:10:22.799 D/wpa_supplicant(  694): wlan0:    skip - SSID mismatch
02-25 10:10:22.799 D/wpa_supplicant(  694): wlan0: 13: b0:48:7a:51:ff:cc ssid='Neusoft TP' wpa_ie_len=22 rsn_ie_len=20 caps=0x431 level=-70 wps
02-25 10:10:22.799 D/wpa_supplicant(  694): wlan0:    skip - SSID mismatch
02-25 10:10:22.799 D/wpa_supplicant(  694): wlan0: 14: 74:e5:43:24:f4:5b ssid='Dttest' wpa_ie_len=0 rsn_ie_len=20 caps=0x31 level=-70
02-25 10:10:22.799 D/wpa_supplicant(  694): wlan0:    skip - SSID mismatch
02-25 10:10:22.799 D/wpa_supplicant(  694): wlan0: 15: 80:1f:02:43:fb:e8 ssid='Edimax AP' wpa_ie_len=0 rsn_ie_len=20 caps=0x411 level=-71
02-25 10:10:22.799 D/wpa_supplicant(  694): wlan0:    skip - SSID mismatch
02-25 10:10:22.799 D/wpa_supplicant(  694): wlan0: 16: 00:0f:e2:0f:9f:c1 ssid='321_WAN' wpa_ie_len=28 rsn_ie_len=24 caps=0x411 level=-73
02-25 10:10:22.799 D/wpa_supplicant(  694): wlan0:    skip - SSID mismatch
02-25 10:10:22.799 D/wpa_supplicant(  694): wlan0: 17: f4:b7:e2:2b:41:b7 ssid='cmscc' wpa_ie_len=0 rsn_ie_len=20 caps=0x31 level=-73
02-25 10:10:22.799 D/wpa_supplicant(  694): wlan0:    skip - SSID mismatch
02-25 10:10:22.799 D/wpa_supplicant(  694): wlan0: 18: c0:a0:bb:20:3b:84 ssid='dlink-3B84' wpa_ie_len=26 rsn_ie_len=24 caps=0x411 level=-78 wps
02-25 10:10:22.799 D/wpa_supplicant(  694): wlan0:    skip - SSID mismatch
02-25 10:10:22.799 D/wpa_supplicant(  694): wlan0: 19: 50:bd:5f:4b:29:92 ssid='Internet-2' wpa_ie_len=0 rsn_ie_len=0 caps=0x421 level=-69
02-25 10:10:22.799 D/wpa_supplicant(  694): wlan0:    skip - SSID mismatch
02-25 10:10:22.799 D/wpa_supplicant(  694): wlan0: 20: e4:d3:32:dd:18:62 ssid='Internet' wpa_ie_len=0 rsn_ie_len=0 caps=0x421 level=-69
02-25 10:10:22.799 D/wpa_supplicant(  694): wlan0:    skip - SSID mismatch
02-25 10:10:22.799 D/wpa_supplicant(  694): wlan0: 21: 00:25:86:5c:5e:30 ssid='internet' wpa_ie_len=0 rsn_ie_len=0 caps=0x421 level=-79
02-25 10:10:22.799 D/wpa_supplicant(  694): wlan0:    skip - SSID mismatch
02-25 10:10:22.799 D/wpa_supplicant(  694): wlan0: Selecting BSS from priority group 17
02-25 10:10:22.799 D/wpa_supplicant(  694): wlan0: 0: c8:d7:19:60:62:f2 ssid='E3000-2.4G' wpa_ie_len=0 rsn_ie_len=20 caps=0x411 level=-43 wps
02-25 10:10:22.799 D/wpa_supplicant(  694): wlan0:    skip - SSID mismatch
02-25 10:10:22.799 D/wpa_supplicant(  694): wlan0: 1: f8:d1:11:e7:99:e8 ssid='videotest' wpa_ie_len=22 rsn_ie_len=20 caps=0x531 level=-44 wps
02-25 10:10:22.799 D/wpa_supplicant(  694): wlan0:    skip - SSID mismatch
02-25 10:10:22.799 D/wpa_supplicant(  694): wlan0: 2: 10:c3:7b:d2:e5:e0 ssid='ASUS_RT-AC66U-2.4G' wpa_ie_len=0 rsn_ie_len=20 caps=0x411 level=-49 wps
02-25 10:10:22.799 D/wpa_supplicant(  694): wlan0:    skip - SSID mismatch
02-25 10:10:22.799 D/wpa_supplicant(  694): wlan0: 3: 02:1a:11:ff:f7:0a ssid='io1' wpa_ie_len=0 rsn_ie_len=20 caps=0x431 level=-49
02-25 10:10:22.799 D/wpa_supplicant(  694): wlan0:    skip - SSID mismatch
02-25 10:10:22.799 D/wpa_supplicant(  694): wlan0: 4: cc:34:29:2b:26:4c ssid='cws-test' wpa_ie_len=0 rsn_ie_len=20 caps=0x431 level=-54 wps
02-25 10:10:22.799 D/wpa_supplicant(  694): wlan0:    skip - SSID mismatch
02-25 10:10:22.799 D/wpa_supplicant(  694): wlan0: 5: 98:fc:11:81:35:fb ssid='E2000EE' wpa_ie_len=0 rsn_ie_len=20 caps=0x411 level=-55
02-25 10:10:22.799 D/wpa_supplicant(  694): wlan0:    skip - SSID mismatch
02-25 10:10:22.799 D/wpa_supplicant(  694): wlan0: 6: 44:94:fc:3d:da:38 ssid='6300' wpa_ie_len=0 rsn_ie_len=20 caps=0x411 level=-55 wps
02-25 10:10:22.799 D/wpa_supplicant(  694): wlan0:    skip - SSID mismatch
02-25 10:10:22.799 D/wpa_supplicant(  694): wlan0: 7: 90:94:e4:03:45:f5 ssid='DAP-2553_D' wpa_ie_len=0 rsn_ie_len=24 caps=0x431 level=-59
02-25 10:10:22.799 D/wpa_supplicant(  694): wlan0:    skip - SSID mismatch
02-25 10:10:22.799 D/wpa_supplicant(  694): wlan0: 8: c4:17:fe:3f:4f:fb ssid='cmcm' wpa_ie_len=0 rsn_ie_len=20 caps=0x511 level=-62
02-25 10:10:22.799 D/wpa_supplicant(  694): wlan0:    skip - SSID mismatch
02-25 10:10:22.799 D/wpa_supplicant(  694): wlan0: 9: cc:34:29:2c:fb:ec ssid='linksys' wpa_ie_len=22 rsn_ie_len=20 caps=0x431 level=-62 wps
02-25 10:10:22.799 D/wpa_supplicant(  694): wlan0:    skip - SSID mismatch
02-25 10:10:22.799 D/wpa_supplicant(  694): wlan0: 10: cc:b2:55:e2:84:70 ssid='DLINK_APK' wpa_ie_len=22 rsn_ie_len=20 caps=0x411 level=-62
02-25 10:10:22.799 D/wpa_supplicant(  694): wlan0:    skip - SSID mismatch
02-25 10:10:22.799 D/wpa_supplicant(  694): wlan0: 11: 22:48:9a:ac:31:5b ssid='dean1' wpa_ie_len=0 rsn_ie_len=20 caps=0x431 level=-66
02-25 10:10:22.799 D/wpa_supplicant(  694): wlan0:    skip - SSID mismatch
02-25 10:10:22.799 D/wpa_supplicant(  694): wlan0: 12: e4:d3:32:c0:cf:a4 ssid='fast' wpa_ie_len=0 rsn_ie_len=20 caps=0x411 level=-67
02-25 10:10:22.799 D/wpa_supplicant(  694): wlan0:    skip - SSID mismatch
02-25 10:10:22.799 D/wpa_supplicant(  694): wlan0: 13: b0:48:7a:51:ff:cc ssid='Neusoft TP' wpa_ie_len=22 rsn_ie_len=20 caps=0x431 level=-70 wps
02-25 10:10:22.799 D/wpa_supplicant(  694): wlan0:    skip - SSID mismatch
