02-25 10:55:45.019 D/wpa_supplicant(  694): wlan0: 15: 2c:b0:5d:7f:f4:24 ssid='NETGEAR38' wpa_ie_len=0 rsn_ie_len=20 caps=0x431 level=-89 wps
02-25 10:55:45.019 D/wpa_supplicant(  694): wlan0:    skip - SSID mismatch
02-25 10:55:45.019 D/wpa_supplicant(  694): wlan0: 16: 02:09:4c:23:ef:0a ssid='DIRECT-' wpa_ie_len=0 rsn_ie_len=0 caps=0x410 level=-82
02-25 10:55:45.019 D/wpa_supplicant(  694): wlan0:    skip - SSID mismatch
02-25 10:55:45.019 D/wpa_supplicant(  694): wlan0: 17: 50:bd:5f:4b:29:92 ssid='Internet-2' wpa_ie_len=0 rsn_ie_len=0 caps=0x421 level=-64
02-25 10:55:45.019 D/wpa_supplicant(  694): wlan0:    skip - SSID mismatch
02-25 10:55:45.019 D/wpa_supplicant(  694): wlan0: 18: e4:d3:32:dd:18:62 ssid='Internet' wpa_ie_len=0 rsn_ie_len=0 caps=0x421 level=-72
02-25 10:55:45.019 D/wpa_supplicant(  694): wlan0:    skip - SSID mismatch
02-25 10:55:45.019 D/wpa_supplicant(  694): wlan0: Selecting BSS from priority group 15
02-25 10:55:45.019 D/wpa_supplicant(  694): wlan0: 0: f8:d1:11:e7:99:e8 ssid='videotest' wpa_ie_len=22 rsn_ie_len=20 caps=0x531 level=-40 wps
02-25 10:55:45.019 D/wpa_supplicant(  694): wlan0:    skip - SSID mismatch
02-25 10:55:45.019 D/wpa_supplicant(  694): wlan0: 1: 02:1a:11:ff:f7:0a ssid='io1' wpa_ie_len=0 rsn_ie_len=20 caps=0x431 level=-52
02-25 10:55:45.019 D/wpa_supplicant(  694): wlan0:    skip - SSID mismatch
02-25 10:55:45.019 D/wpa_supplicant(  694): wlan0: 2: c8:d7:19:60:62:f2 ssid='E3000-2.4G' wpa_ie_len=0 rsn_ie_len=20 caps=0x411 level=-52 wps
02-25 10:55:45.019 D/wpa_supplicant(  694): wlan0:    skip - SSID mismatch
02-25 10:55:45.019 D/wpa_supplicant(  694): wlan0: 3: 90:94:e4:03:45:f5 ssid='DAP-2553_D' wpa_ie_len=0 rsn_ie_len=24 caps=0x431 level=-53
02-25 10:55:45.019 D/wpa_supplicant(  694): wlan0:    skip - SSID mismatch
02-25 10:55:45.019 D/wpa_supplicant(  694): wlan0: 4: 44:94:fc:3d:da:38 ssid='6300' wpa_ie_len=0 rsn_ie_len=20 caps=0x411 level=-57 wps
02-25 10:55:45.019 D/wpa_supplicant(  694): wlan0:    skip - SSID mismatch
02-25 10:55:45.029 D/wpa_supplicant(  694): wlan0: 5: 98:fc:11:81:35:fb ssid='E2000EE' wpa_ie_len=0 rsn_ie_len=20 caps=0x411 level=-61
02-25 10:55:45.029 D/wpa_supplicant(  694): wlan0:    skip - SSID mismatch
02-25 10:55:45.029 D/wpa_supplicant(  694): wlan0: 6: 10:c3:7b:d2:e5:e0 ssid='ASUS_RT-AC66U-2.4G' wpa_ie_len=0 rsn_ie_len=20 caps=0x411 level=-61 wps
02-25 10:55:45.029 D/wpa_supplicant(  694): wlan0:    skip - SSID mismatch
02-25 10:55:45.029 D/wpa_supplicant(  694): wlan0: 7: b0:48:7a:51:ff:cc ssid='Neusoft TP' wpa_ie_len=22 rsn_ie_len=20 caps=0x431 level=-61 wps
02-25 10:55:45.029 D/wpa_supplicant(  694): wlan0:    skip - SSID mismatch
02-25 10:55:45.029 D/wpa_supplicant(  694): wlan0: 8: cc:34:29:2b:26:4c ssid='cws-test' wpa_ie_len=0 rsn_ie_len=20 caps=0x431 level=-64 wps
02-25 10:55:45.029 D/wpa_supplicant(  694): wlan0:    skip - SSID mismatch
02-25 10:55:45.029 D/wpa_supplicant(  694): wlan0: 9: c4:17:fe:3f:4f:fb ssid='cmcm' wpa_ie_len=0 rsn_ie_len=20 caps=0x511 level=-67
02-25 10:55:45.029 D/wpa_supplicant(  694): wlan0:    skip - SSID mismatch
02-25 10:55:45.029 D/wpa_supplicant(  694): wlan0: 10: 22:48:9a:ac:31:5b ssid='dean1' wpa_ie_len=0 rsn_ie_len=20 caps=0x431 level=-67
02-25 10:55:45.029 D/wpa_supplicant(  694): wlan0:    skip - SSID mismatch
02-25 10:55:45.029 D/wpa_supplicant(  694): wlan0: 11: e4:d3:32:c0:cf:a4 ssid='fast' wpa_ie_len=0 rsn_ie_len=20 caps=0x411 level=-67
02-25 10:55:45.029 D/wpa_supplicant(  694): wlan0:    skip - SSID mismatch
02-25 10:55:45.029 D/wpa_supplicant(  694): wlan0: 12: 80:1f:02:43:fb:e8 ssid='Edimax AP' wpa_ie_len=0 rsn_ie_len=20 caps=0x411 level=-70
02-25 10:55:45.029 D/wpa_supplicant(  694): wlan0:    skip - SSID mismatch
02-25 10:55:45.029 D/wpa_supplicant(  694): wlan0: 13: cc:34:29:2c:fb:ec ssid='linksys' wpa_ie_len=22 rsn_ie_len=20 caps=0x431 level=-71 wps
02-25 10:55:45.029 D/wpa_supplicant(  694): wlan0:    skip - SSID mismatch
02-25 10:55:45.029 D/wpa_supplicant(  694): wlan0: 14: c0:a0:bb:20:3b:84 ssid='dlink-3B84' wpa_ie_len=26 rsn_ie_len=24 caps=0x411 level=-73 wps
02-25 10:55:45.029 D/wpa_supplicant(  694): wlan0:    skip - SSID mismatch
02-25 10:55:45.029 D/wpa_supplicant(  694): wlan0: 15: 2c:b0:5d:7f:f4:24 ssid='NETGEAR38' wpa_ie_len=0 rsn_ie_len=20 caps=0x431 level=-89 wps
02-25 10:55:45.029 D/wpa_supplicant(  694): wlan0:    skip - SSID mismatch
02-25 10:55:45.029 D/wpa_supplicant(  694): wlan0: 16: 02:09:4c:23:ef:0a ssid='DIRECT-' wpa_ie_len=0 rsn_ie_len=0 caps=0x410 level=-82
02-25 10:55:45.029 D/wpa_supplicant(  694): wlan0:    skip - SSID mismatch
02-25 10:55:45.029 D/wpa_supplicant(  694): wlan0: 17: 50:bd:5f:4b:29:92 ssid='Internet-2' wpa_ie_len=0 rsn_ie_len=0 caps=0x421 level=-64
02-25 10:55:45.029 D/wpa_supplicant(  694): wlan0:    skip - SSID mismatch
02-25 10:55:45.029 D/wpa_supplicant(  694): wlan0: 18: e4:d3:32:dd:18:62 ssid='Internet' wpa_ie_len=0 rsn_ie_len=0 caps=0x421 level=-72
02-25 10:55:45.029 D/wpa_supplicant(  694): wlan0:    skip - SSID mismatch
02-25 10:55:45.029 D/wpa_supplicant(  694): wlan0: Selecting BSS from priority group 4
02-25 10:55:45.029 D/wpa_supplicant(  694): wlan0: 0: f8:d1:11:e7:99:e8 ssid='videotest' wpa_ie_len=22 rsn_ie_len=20 caps=0x531 level=-40 wps
02-25 10:55:45.029 D/wpa_supplicant(  694): wlan0:    skip - SSID mismatch
02-25 10:55:45.029 D/wpa_supplicant(  694): wlan0: 1: 02:1a:11:ff:f7:0a ssid='io1' wpa_ie_len=0 rsn_ie_len=20 caps=0x431 level=-52
02-25 10:55:45.029 D/wpa_supplicant(  694): wlan0:    skip - SSID mismatch
02-25 10:55:45.029 D/wpa_supplicant(  694): wlan0: 2: c8:d7:19:60:62:f2 ssid='E3000-2.4G' wpa_ie_len=0 rsn_ie_len=20 caps=0x411 level=-52 wps
02-25 10:55:45.029 D/wpa_supplicant(  694): wlan0:    skip - SSID mismatch
02-25 10:55:45.029 D/wpa_supplicant(  694): wlan0: 3: 90:94:e4:03:45:f5 ssid='DAP-2553_D' wpa_ie_len=0 rsn_ie_len=24 caps=0x431 level=-53
02-25 10:55:45.029 D/wpa_supplicant(  694): wlan0:    skip - SSID mismatch
02-25 10:55:45.029 D/wpa_supplicant(  694): wlan0: 4: 44:94:fc:3d:da:38 ssid='6300' wpa_ie_len=0 rsn_ie_len=20 caps=0x411 level=-57 wps
02-25 10:55:45.029 D/wpa_supplicant(  694): wlan0:    skip - SSID mismatch
02-25 10:55:45.029 D/wpa_supplicant(  694): wlan0: 5: 98:fc:11:81:35:fb ssid='E2000EE' wpa_ie_len=0 rsn_ie_len=20 caps=0x411 level=-61
02-25 10:55:45.029 D/wpa_supplicant(  694): wlan0:    skip - SSID mismatch
02-25 10:55:45.029 D/wpa_supplicant(  694): wlan0: 6: 10:c3:7b:d2:e5:e0 ssid='ASUS_RT-AC66U-2.4G' wpa_ie_len=0 rsn_ie_len=20 caps=0x411 level=-61 wps
02-25 10:55:45.029 D/wpa_supplicant(  694): wlan0:    skip - SSID mismatch
02-25 10:55:45.029 D/wpa_supplicant(  694): wlan0: 7: b0:48:7a:51:ff:cc ssid='Neusoft TP' wpa_ie_len=22 rsn_ie_len=20 caps=0x431 level=-61 wps
02-25 10:55:45.029 D/wpa_supplicant(  694): wlan0:    skip - SSID mismatch
02-25 10:55:45.029 D/wpa_supplicant(  694): wlan0: 8: cc:34:29:2b:26:4c ssid='cws-test' wpa_ie_len=0 rsn_ie_len=20 caps=0x431 level=-64 wps
02-25 10:55:45.029 D/wpa_supplicant(  694): wlan0:    skip - SSID mismatch
02-25 10:55:45.029 D/wpa_supplicant(  694): wlan0: 9: c4:17:fe:3f:4f:fb ssid='cmcm' wpa_ie_len=0 rsn_ie_len=20 caps=0x511 level=-67
02-25 10:55:45.029 D/wpa_supplicant(  694): wlan0:    skip - SSID mismatch
02-25 10:55:45.029 D/wpa_supplicant(  694): wlan0: 10: 22:48:9a:ac:31:5b ssid='dean1' wpa_ie_len=0 rsn_ie_len=20 caps=0x431 level=-67
02-25 10:55:45.029 D/wpa_supplicant(  694): wlan0:    skip - SSID mismatch
02-25 10:55:45.029 D/wpa_supplicant(  694): wlan0: 11: e4:d3:32:c0:cf:a4 ssid='fast' wpa_ie_len=0 rsn_ie_len=20 caps=0x411 level=-67
02-25 10:55:45.029 D/wpa_supplicant(  694): wlan0:    skip - SSID mismatch
02-25 10:55:45.029 D/wpa_supplicant(  694): wlan0: 12: 80:1f:02:43:fb:e8 ssid='Edimax AP' wpa_ie_len=0 rsn_ie_len=20 caps=0x411 level=-70
02-25 10:55:45.029 D/wpa_supplicant(  694): wlan0:    skip - SSID mismatch
02-25 10:55:45.029 D/wpa_supplicant(  694): wlan0: 13: cc:34:29:2c:fb:ec ssid='linksys' wpa_ie_len=22 rsn_ie_len=20 caps=0x431 level=-71 wps
02-25 10:55:45.029 D/wpa_supplicant(  694): wlan0:    skip - SSID mismatch
02-25 10:55:45.029 D/wpa_supplicant(  694): wlan0: 14: c0:a0:bb:20:3b:84 ssid='dlink-3B84' wpa_ie_len=26 rsn_ie_len=24 caps=0x411 level=-73 wps
02-25 10:55:45.029 D/wpa_supplicant(  694): wlan0:    skip - SSID mismatch
02-25 10:55:45.029 D/wpa_supplicant(  694): wlan0: 15: 2c:b0:5d:7f:f4:24 ssid='NETGEAR38' wpa_ie_len=0 rsn_ie_len=20 caps=0x431 level=-89 wps
02-25 10:55:45.029 D/wpa_supplicant(  694): wlan0:    skip - SSID mismatch
02-25 10:55:45.029 D/wpa_supplicant(  694): wlan0: 16: 02:09:4c:23:ef:0a ssid='DIRECT-' wpa_ie_len=0 rsn_ie_len=0 caps=0x410 level=-82
02-25 10:55:45.029 D/wpa_supplicant(  694): wlan0:    skip - SSID mismatch
02-25 10:55:45.029 D/wpa_supplicant(  694): wlan0: 17: 50:bd:5f:4b:29:92 ssid='Internet-2' wpa_ie_len=0 rsn_ie_len=0 caps=0x421 level=-64
02-25 10:55:45.029 D/wpa_supplicant(  694): wlan0:    skip - SSID mismatch
02-25 10:55:45.029 D/wpa_supplicant(  694): wlan0: 18: e4:d3:32:dd:18:62 ssid='Internet' wpa_ie_len=0 rsn_ie_len=0 caps=0x421 level=-72
02-25 10:55:45.029 D/wpa_supplicant(  694): wlan0:    skip - SSID mismatch
02-25 10:55:45.029 D/wpa_supplicant(  694): wlan0: No suitable network found
02-25 10:55:45.029 D/wpa_supplicant(  694): wlan0: Setting scan request: 40 sec 0 usec
02-25 10:55:45.029 D/wpa_supplicant(  694): wlan0: Checking for other virtual interfaces sharing same radio (phy0) in event_scan_results
02-25 10:55:45.029 D/wpa_supplicant(  694): p2p-dev-wlan0: Updating scan results from sibling
02-25 10:55:45.029 D/wpa_supplicant(  694): nl80211: Received scan results (19 BSSes)
02-25 10:55:45.029 D/wpa_supplicant(  694): nl80211: Survey data missing
02-25 10:55:45.029 D/wpa_supplicant(  694): p2p-dev-wlan0: BSS: Start scan result update 101
02-25 10:55:45.029 D/wpa_supplicant(  694): BSS: No P2P IE - skipping BSS f8:d1:11:e7:99:e8 update for P2P interface
02-25 10:55:45.029 D/wpa_supplicant(  694): BSS: No P2P IE - skipping BSS 02:1a:11:ff:f7:0a update for P2P interface
02-25 10:55:45.029 D/wpa_supplicant(  694): BSS: No P2P IE - skipping BSS c8:d7:19:60:62:f2 update for P2P interface
02-25 10:55:45.029 D/wpa_supplicant(  694): BSS: No P2P IE - skipping BSS 90:94:e4:03:45:f5 update for P2P interface
02-25 10:55:45.029 D/wpa_supplicant(  694): BSS: No P2P IE - skipping BSS 44:94:fc:3d:da:38 update for P2P interface
02-25 10:55:45.029 D/wpa_supplicant(  694): BSS: No P2P IE - skipping BSS 98:fc:11:81:35:fb update for P2P interface
02-25 10:55:45.029 D/wpa_supplicant(  694): BSS: No P2P IE - skipping BSS 10:c3:7b:d2:e5:e0 update for P2P interface
02-25 10:55:45.029 D/wpa_supplicant(  694): BSS: No P2P IE - skipping BSS b0:48:7a:51:ff:cc update for P2P interface
02-25 10:55:45.029 D/wpa_supplicant(  694): BSS: No P2P IE - skipping BSS cc:34:29:2b:26:4c update for P2P interface
02-25 10:55:45.029 D/wpa_supplicant(  694): BSS: No P2P IE - skipping BSS c4:17:fe:3f:4f:fb update for P2P interface
02-25 10:55:45.029 D/wpa_supplicant(  694): BSS: No P2P IE - skipping BSS 22:48:9a:ac:31:5b update for P2P interface
02-25 10:55:45.029 D/wpa_supplicant(  694): BSS: No P2P IE - skipping BSS e4:d3:32:c0:cf:a4 update for P2P interface
02-25 10:55:45.029 D/wpa_supplicant(  694): BSS: No P2P IE - skipping BSS 80:1f:02:43:fb:e8 update for P2P interface
02-25 10:55:45.029 D/wpa_supplicant(  694): BSS: No P2P IE - skipping BSS cc:34:29:2c:fb:ec update for P2P interface
02-25 10:55:45.029 D/wpa_supplicant(  694): BSS: No P2P IE - skipping BSS c0:a0:bb:20:3b:84 update for P2P interface
02-25 10:55:45.029 D/wpa_supplicant(  694): BSS: No P2P IE - skipping BSS 2c:b0:5d:7f:f4:24 update for P2P interface
02-25 10:55:45.029 D/wpa_supplicant(  694): BSS: No P2P IE - skipping BSS 02:09:4c:23:ef:0a update for P2P interface
02-25 10:55:45.029 D/wpa_supplicant(  694): BSS: No P2P IE - skipping BSS 50:bd:5f:4b:29:92 update for P2P interface
02-25 10:55:45.029 D/wpa_supplicant(  694): BSS: No P2P IE - skipping BSS e4:d3:32:dd:18:62 update for P2P interface
02-25 10:55:45.029 D/wpa_supplicant(  694): BSS: last_scan_res_used=0/0 last_scan_full=0
02-25 10:55:45.029 D/wpa_supplicant(  694): p2p-dev-wlan0: New scan results available
02-25 10:55:45.029 D/wpa_supplicant(  694): CTRL_IFACE monitor send - hexdump(len=39): 2f 64 61 74 61 2f 6d 69 73 63 2f 77 69 66 69 2f 73 6f 63 6b 65 74 73 2f 77 70 61 5f 63 74 72 6c ...
02-25 10:55:45.029 I/WifiHW  (  506): EVENT: IFNAME=p2p-dev-wlan0 CTRL-EVENT-SCAN-RESULTS 
02-25 10:55:45.029 D/wpa_supplicant(  694): WPS: AP[0] f8:d1:11:e7:99:e8 type=0 tries=0 last_attempt=-1 sec ago blacklist=0
02-25 10:55:45.029 D/wpa_supplicant(  694): WPS: AP[1] cc:34:29:2c:fb:ec type=0 tries=0 last_attempt=-1 sec ago blacklist=0
02-25 10:55:45.029 D/wpa_supplicant(  694): WPS: AP[2] cc:34:29:2b:26:4c type=0 tries=0 last_attempt=-1 sec ago blacklist=0
02-25 10:55:45.029 D/wpa_supplicant(  694): WPS: AP[3] b0:48:7a:51:ff:cc type=0 tries=0 last_attempt=-1 sec ago blacklist=0
02-25 10:55:45.029 D/wpa_supplicant(  694): WPS: AP[4] c0:a0:bb:20:3b:84 type=0 tries=0 last_attempt=-1 sec ago blacklist=0
02-25 10:55:45.029 D/wpa_supplicant(  694): WPS: AP[5] 2c:b0:5d:7f:f4:24 type=0 tries=0 last_attempt=-1 sec ago blacklist=0
02-25 10:55:45.029 D/wpa_supplicant(  694): WPS: AP[6] 9c:21:6a:0d:eb:72 type=0 tries=0 last_attempt=-1 sec ago blacklist=0
02-25 10:55:45.029 D/wpa_supplicant(  694): WPS: AP[7] c8:d7:19:60:62:f2 type=0 tries=0 last_attempt=-1 sec ago blacklist=0
02-25 10:55:45.029 D/wpa_supplicant(  694): WPS: AP[8] 44:94:fc:3d:da:38 type=0 tries=0 last_attempt=-1 sec ago blacklist=0
02-25 10:55:45.029 D/wpa_supplicant(  694): WPS: AP[9] 10:c3:7b:d2:e5:e0 type=0 tries=0 last_attempt=-1 sec ago blacklist=0
02-25 10:55:45.029 D/wpa_supplicant(  694): p2p-dev-wlan0: No suitable network found
02-25 10:55:45.029 D/wpa_supplicant(  694): p2p-dev-wlan0: Short-circuit new scan request since there are no enabled networks
02-25 10:55:45.029 D/wpa_supplicant(  694): p2p-dev-wlan0: State: INACTIVE -> INACTIVE
02-25 10:55:45.029 D/wpa_supplicant(  694): wlan0: P2P: Station mode scan operation not pending anymore (sta_scan_pending=0 p2p_cb_on_scan_complete=0)
02-25 10:55:45.029 D/wpa_supplicant(  694): RX ctrl_iface - hexdump(len=25): 42 53 53 20 52 41 4e 47 45 3d 30 2d 20 4d 41 53 4b 3d 30 78 32 31 39 38 37
02-25 10:55:45.029 D/wpa_supplicant(  694): wlan0: Control interface command 'BSS RANGE=0- MASK=0x21987'
02-25 10:55:45.029 I/WifiHW  (  506): REPLY: id=0
02-25 10:55:45.029 I/WifiHW  (  506): REPLY: bssid=f8:d1:11:e7:99:e8
02-25 10:55:45.029 I/WifiHW  (  506): REPLY: freq=2437
02-25 10:55:45.029 I/WifiHW  (  506): REPLY: level=-40
02-25 10:55:45.029 I/WifiHW  (  506): REPLY: tsf=0000004119225603
02-25 10:55:45.029 I/WifiHW  (  506): REPLY: flags=[WPA-PSK-CCMP][WPA2-PSK-CCMP][WPS][ESS]
02-25 10:55:45.029 I/WifiHW  (  506): REPLY: ssid=videotest
02-25 10:55:45.029 I/WifiHW  (  506): REPLY: ====
02-25 10:55:45.029 I/WifiHW  (  506): REPLY: id=1
02-25 10:55:45.029 I/WifiHW  (  506): REPLY: bssid=02:1a:11:ff:f7:0a
02-25 10:55:45.029 I/WifiHW  (  506): REPLY: freq=2437
02-25 10:55:45.029 I/WifiHW  (  506): REPLY: level=-52
02-25 10:55:45.029 I/WifiHW  (  506): REPLY: tsf=0000004119225595
02-25 10:55:45.029 I/WifiHW  (  506): REPLY: flags=[WPA2-PSK-CCMP][ESS]
02-25 10:55:45.029 I/WifiHW  (  506): REPLY: ssid=io1
02-25 10:55:45.029 I/WifiHW  (  506): REPLY: ====
02-25 10:55:45.029 I/WifiHW  (  506): REPLY: id=2
02-25 10:55:45.029 I/WifiHW  (  506): REPLY: bssid=cc:34:29:2c:fb:ec
02-25 10:55:45.029 I/WifiHW  (  506): REPLY: freq=2412
02-25 10:55:45.029 I/WifiHW  (  506): REPLY: level=-71
02-25 10:55:45.029 I/WifiHW  (  506): REPLY: tsf=0000004119225549
02-25 10:55:45.029 I/WifiHW  (  506): REPLY: flags=[WPA-PSK-CCMP][WPA2-PSK-CCMP][WPS][ESS]
02-25 10:55:45.029 I/WifiHW  (  506): REPLY: ssid=linksys
02-25 10:55:45.029 I/WifiHW  (  506): REPLY: ====
02-25 10:55:45.029 I/WifiHW  (  506): REPLY: id=3
02-25 10:55:45.029 I/WifiHW  (  506): REPLY: bssid=cc:34:29:2b:26:4c
02-25 10:55:45.029 I/WifiHW  (  506): REPLY: freq=2462
02-25 10:55:45.029 I/WifiHW  (  506): REPLY: level=-64
02-25 10:55:45.029 I/WifiHW  (  506): REPLY: tsf=0000004119225703
02-25 10:55:45.029 I/WifiHW  (  506): REPLY: flags=[WPA2-PSK-CCMP][WPS][ESS]
02-25 10:55:45.029 I/WifiHW  (  506): REPLY: ssid=cws-test
02-25 10:55:45.029 I/WifiHW  (  506): REPLY: ====
02-25 10:55:45.029 I/WifiHW  (  506): REPLY: id=4
02-25 10:55:45.029 I/WifiHW  (  506): REPLY: bssid=90:94:e4:03:45:f5
02-25 10:55:45.029 I/WifiHW  (  506): REPLY: freq=2422
02-25 10:55:45.029 I/WifiHW  (  506): REPLY: level=-53
02-25 10:55:45.029 I/WifiHW  (  506): REPLY: tsf=0000004119225577
02-25 10:55:45.029 I/WifiHW  (  506): REPLY: flags=[WPA2-PSK-CCMP+TKIP][ESS]
02-25 10:55:45.029 I/WifiHW  (  506): REPLY: ssid=DAP-2553_D
02-25 10:55:45.029 I/WifiHW  (  506): REPLY: ====
02-25 10:55:45.029 I/WifiHW  (  506): REPLY: id=5
02-25 10:55:45.029 I/WifiHW  (  506): REPLY: bssid=98:fc:11:81:35:fb
02-25 10:55:45.029 I/WifiHW  (  506): REPLY: freq=2412
02-25 10:55:45.029 I/WifiHW  (  506): REPLY: level=-61
02-25 10:55:45.029 I/WifiHW  (  506): REPLY: tsf=0000004119225540
02-25 10:55:45.029 I/WifiHW  (  506): REPLY: flags=[WPA2-EAP-CCMP-preauth][ESS]
02-25 10:55:45.029 I/WifiHW  (  506): REPLY: ssid=E2000EE
02-25 10:55:45.029 I/WifiHW  (  506): REPLY: ====
02-25 10:55:45.029 I/WifiHW  (  506): REPLY: id=6
02-25 10:55:45.029 I/WifiHW  (  506): REPLY: bssid=80:1f:02:43:fb:e8
02-25 10:55:45.029 I/WifiHW  (  506): REPLY: freq=2412
02-25 10:55:45.029 I/WifiHW  (  506): REPLY: level=-70
02-25 10:55:45.029 I/WifiHW  (  506): REPLY: tsf=0000004119225558
02-25 10:55:45.029 I/WifiHW  (  506): REPLY: flags=[WPA2-PSK-CCMP-preauth][ESS]
02-25 10:55:45.029 I/WifiHW  (  506): REPLY: ssid=Edimax AP
02-25 10:55:45.029 I/WifiHW  (  506): REPLY: ====
02-25 10:55:45.029 I/WifiHW  (  506): REPLY: id=8
02-25 10:55:45.029 I/WifiHW  (  506): REPLY: bssid=b0:48:7a:51:ff:cc
02-25 10:55:45.029 I/WifiHW  (  506): REPLY: freq=2452
02-25 10:55:45.029 I/WifiHW  (  506): REPLY: level=-61
02-25 10:55:45.029 I/WifiHW  (  506): REPLY: tsf=0000004119225675
02-25 10:55:45.029 I/WifiHW  (  506): REPLY: flags=[WPA-PSK-CCMP][WPA2-PSK-CCMP][WPS][ESS]
02-25 10:55:45.029 I/WifiHW  (  506): REPLY: ssid=Neusoft TP
02-25 10:55:45.029 I/WifiHW  (  506): REPLY: ====
02-25 10:55:45.029 I/WifiHW  (  506): REPLY: id=17
02-25 10:55:45.029 I/WifiHW  (  506): REPLY: bssid=50:bd:5f:4b:29:92
02-25 10:55:45.029 I/WifiHW  (  506): REPLY: freq=2437
02-25 10:55:45.029 I/WifiHW  (  506): REPLY: level=-64
02-25 10:55:45.029 I/WifiHW  (  506): REPLY: tsf=0000004119225640
02-25 10:55:45.029 I/WifiHW  (  506): REPLY: flags=[ESS]
02-25 10:55:45.029 I/WifiHW  (  506): REPLY: ssid=Internet-2
02-25 10:55:45.029 I/WifiHW  (  506): REPLY: ====
02-25 10:55:45.029 I/WifiHW  (  506): REPLY: id=29
02-25 10:55:45.029 I/WifiHW  (  506): REPLY: bssid=c8:d7:19:60:62:f2
02-25 10:55:45.029 I/WifiHW  (  506): REPLY: freq=2437
02-25 10:55:45.029 I/WifiHW  (  506): REPLY: level=-52
02-25 10:55:45.029 I/WifiHW  (  506): REPLY: tsf=0000004119225613
02-25 10:55:45.029 I/WifiHW  (  506): REPLY: flags=[WPA2-PSK-CCMP][WPS][ESS]
02-25 10:55:45.029 I/WifiHW  (  506): REPLY: ssid=E3000-2.4G
02-25 10:55:45.029 I/WifiHW  (  506): REPLY: ====
02-25 10:55:45.029 I/WifiHW  (  506): REPLY: id=31
02-25 10:55:45.029 I/WifiHW  (  506): REPLY: bssid=44:94:fc:3d:da:38
02-25 10:55:45.029 I/WifiHW  (  506): REPLY: freq=2462
02-25 10:55:45.029 I/WifiHW  (  506): REPLY: level=-57
02-25 10:55:45.029 I/WifiHW  (  506): REPLY: tsf=0000004119225684
02-25 10:55:45.029 I/WifiHW  (  506): REPLY: flags=[WPA2-EAP-CCMP-preauth][WPS][ESS]
02-25 10:55:45.029 I/WifiHW  (  506): REPLY: ssid=6300
02-25 10:55:45.029 I/WifiHW  (  506): REPLY: ====
02-25 10:55:45.029 I/WifiHW  (  506): REPLY: id=32
02-25 10:55:45.029 I/WifiHW  (  506): REPLY: bssid=10:c3:7b:d2:e5:e0
02-25 10:55:45.029 I/WifiHW  (  506): REPLY: freq=2462
02-25 10:55:45.029 I/WifiHW  (  506): REPLY: level=-61
02-25 10:55:45.029 I/WifiHW  (  506): REPLY: tsf=0000004119225693
02-25 10:55:45.029 I/WifiHW  (  506): REPLY: flags=[WPA2-PSK-CCMP][WPS][ESS]
02-25 10:55:45.029 I/WifiHW  (  506): REPLY: ssid=ASUS_RT-AC66U-2.4G
02-25 10:55:45.029 I/WifiHW  (  506): REPLY: ====
02-25 10:55:45.029 I/WifiHW  (  506): REPLY: id=59
02-25 10:55:45.029 I/WifiHW  (  506): REPLY: bssid=e4:d3:32:c0:cf:a4
02-25 10:55:45.029 I/WifiHW  (  506): REPLY: freq=2437
02-25 10:55:45.029 I/WifiHW  (  506): REPLY: level=-67
02-25 10:55:45.029 I/WifiHW  (  506): REPLY: tsf=0000004119225631
02-25 10:55:45.029 I/WifiHW  (  506): REPLY: flags=[WPA2-PSK-CCMP][ESS]
02-25 10:55:45.029 I/WifiHW  (  506): REPLY: ssid=fast
02-25 10:55:45.029 I/WifiHW  (  506): REPLY: ====
02-25 10:55:45.029 I/WifiHW  (  506): REPLY: id=80
02-25 10:55:45.029 I/WifiHW  (  506): REPLY: bssid=c4:17:fe:3f:4f:fb
02-25 10:55:45.029 I/WifiHW  (  506): REPLY: freq=2437
02-25 10:55:45.029 I/WifiHW  (  506): REPLY: level=-67
02-25 10:55:45.029 I/WifiHW  (  506): REPLY: tsf=0000004119225648
02-25 10:55:45.029 I/WifiHW  (  506): REPLY: flags=[WPA2-PSK-CCMP][ESS]
02-25 10:55:45.029 I/WifiHW  (  506): REPLY: ssid=cmcm
02-25 10:55:45.029 I/WifiHW  (  506): REPLY: ====
02-25 10:55:45.029 I/WifiHW  (  506): REPLY: id=96
02-25 10:55:45.029 I/WifiHW  (  506): REPLY: bssid=22:48:9a:ac:31:5b
02-25 10:55:45.029 I/WifiHW  (  506): REPLY: freq=2437
02-25 10:55:45.029 I/WifiHW  (  506): REPLY: level=-67
02-25 10:55:45.029 I/WifiHW  (  506): REPLY: tsf=0000004119225623
02-25 10:55:45.029 I/WifiHW  (  506): REPLY: flags=[WPA2-PSK-CCMP][ESS]
02-25 10:55:45.029 I/WifiHW  (  506): REPLY: ssid=dean1
02-25 10:55:45.029 I/WifiHW  (  506): REPLY: ====
02-25 10:55:45.029 I/WifiHW  (  506): REPLY: id=122
02-25 10:55:45.029 I/WifiHW  (  506): REPLY: bssid=c0:a0:bb:20:3b:84
02-25 10:55:45.029 I/WifiHW  (  506): REPLY: freq=2417
02-25 10:55:45.029 I/WifiHW  (  506): REPLY: level=-73
02-25 10:55:45.029 I/WifiHW  (  506): REPLY: tsf=0000004119225586
02-25 10:55:45.029 I/WifiHW  (  506): REPLY: flags=[WPA-PSK-CCMP+TKIP][WPA2-PSK-CCMP+TKIP][WPS][ESS]
02-25 10:55:45.029 I/WifiHW  (  506): REPLY: ssid=dlink-3B84
02-25 10:55:45.029 I/WifiHW  (  506): REPLY: ====
02-25 10:55:45.029 I/WifiHW  (  506): REPLY: id=128
02-25 10:55:45.029 I/WifiHW  (  506): REPLY: bssid=00:0f:e2:0f:9f:c1
02-25 10:55:45.029 I/WifiHW  (  506): REPLY: freq=2462
02-25 10:55:45.029 I/WifiHW  (  506): REPLY: level=-84
02-25 10:55:45.029 I/WifiHW  (  506): REPLY: tsf=0000004077973321
02-25 10:55:45.029 I/WifiHW  (  506): REPLY: flags=[WPA-PSK-CCMP+TKIP][WPA2-PSK-CCMP+TKIP][ESS]
02-25 10:55:45.029 I/WifiHW  (  506): REPLY: ssid=321_WAN
02-25 10:55:45.029 I/WifiHW  (  506): REPLY: ====
02-25 10:55:45.029 I/WifiHW  (  506): REPLY: id=130
02-25 10:55:45.029 I/WifiHW  (  506): REPLY: bssid=02:1a:11:f9:f0:51
02-25 10:55:45.029 I/WifiHW  (  506): REPLY: freq=2437
02-25 10:55:45.029 I/WifiHW  (  506): REPLY: level=-73
02-25 10:55:45.029 I/WifiHW  (  506): REPLY: tsf=0000004077973265
02-25 10:55:45.029 I/WifiHW  (  506): REPLY: flags=[WPA2-PSK-CCMP][ESS]
02-25 10:55:45.029 I/WifiHW  (  506): REPLY: ssid=AndroidSystem
02-25 10:55:45.029 I/WifiHW  (  506): REPLY: ====
02-25 10:55:45.029 I/WifiHW  (  506): REPLY: id=131
02-25 10:55:45.029 I/WifiHW  (  506): REPLY: bssid=2c:b0:5d:7f:f4:24
02-25 10:55:45.029 I/WifiHW  (  506): REPLY: freq=2412
02-25 10:55:45.029 I/WifiHW  (  506): REPLY: level=-89
02-25 10:55:45.029 I/WifiHW  (  506): REPLY: tsf=0000004119225568
02-25 10:55:45.029 I/WifiHW  (  506): REPLY: flags=[WPA2-PSK-CCMP][WPS][ESS]
02-25 10:55:45.029 I/WifiHW  (  506): REPLY: ssid=NETGEAR38
02-25 10:55:45.029 I/WifiHW  (  506): REPLY: ====
02-25 10:55:45.029 I/WifiHW  (  506): REPLY: id=133
02-25 10:55:45.029 I/WifiHW  (  506): REPLY: bssid=e4:d3:32:dd:18:62
02-25 10:55:45.029 I/WifiHW  (  506): REPLY: freq=2437
02-25 10:55:45.029 I/WifiHW  (  506): REPLY: level=-72
02-25 10:55:45.029 I/WifiHW  (  506): REPLY: tsf=0000004119225666
02-25 10:55:45.029 I/WifiHW  (  506): REPLY: flags=[ESS]
02-25 10:55:45.029 I/WifiHW  (  506): REPLY: ssid=Internet
02-25 10:55:45.029 I/WifiHW  (  506): REPLY: ====
02-25 10:55:45.029 I/WifiHW  (  506): REPLY: id=135
02-25 10:55:45.029 I/WifiHW  (  506): REPLY: bssid=00:25:86:5c:5e:30
02-25 10:55:45.029 I/WifiHW  (  506): REPLY: freq=2437
02-25 10:55:45.029 I/WifiHW  (  506): REPLY: level=-80
02-25 10:55:45.029 I/WifiHW  (  506): REPLY: tsf=0000004077973240
02-25 10:55:45.029 I/WifiHW  (  506): REPLY: flags=[ESS]
02-25 10:55:45.029 I/WifiHW  (  506): REPLY: ssid=internet
02-25 10:55:45.029 I/WifiHW  (  506): REPLY: ====
02-25 10:55:45.029 I/WifiHW  (  506): REPLY: id=137
02-25 10:55:45.029 I/WifiHW  (  506): REPLY: bssid=02:09:4c:23:ef:0a
02-25 10:55:45.029 I/WifiHW  (  506): REPLY: freq=2412
02-25 10:55:45.029 I/WifiHW  (  506): REPLY: level=-82
02-25 10:55:45.029 I/WifiHW  (  506): REPLY: tsf=0000004119225657
02-25 10:55:45.029 I/WifiHW  (  506): REPLY: flags=[WEP]
02-25 10:55:45.029 I/WifiHW  (  506): REPLY: ssid=DIRECT-
02-25 10:55:45.029 I/WifiHW  (  506): REPLY: ####
02-25 10:55:48.699 W/BindingManager(10382): Cannot call determinedVisibility() - never saw a connection for the pid: 10382
02-25 10:55:49.389 I/chromium(10382): [INFO:CONSOLE(1)] "Uncaught SyntaxError: Unexpected token :", source: http://127.0.0.1:8080/opt/webapi-resourcetiming-w3c-tests/resourcetiming/w3c/submission/resources/generate_resource.cgi?types=script&id=1 (1)
02-25 10:55:49.399 I/chromium(10382): [INFO:CONSOLE(1)] "Uncaught SyntaxError: Unexpected token :", source: http://127.0.0.1:8080/opt/webapi-resourcetiming-w3c-tests/resourcetiming/w3c/submission/resources/generate_resource.cgi?types=script&id=2 (1)
02-25 10:55:49.399 I/chromium(10382): [INFO:CONSOLE(1)] "Uncaught SyntaxError: Unexpected token :", source: http://127.0.0.1:8080/opt/webapi-resourcetiming-w3c-tests/resourcetiming/w3c/submission/resources/generate_resource.cgi?types=script&id=3 (1)
02-25 10:55:49.409 I/chromium(10382): [INFO:CONSOLE(1)] "Uncaught SyntaxError: Unexpected token :", source: http://127.0.0.1:8080/opt/webapi-resourcetiming-w3c-tests/resourcetiming/w3c/submission/resources/generate_resource.cgi?types=script&id=5 (1)
02-25 10:55:49.409 I/chromium(10382): [INFO:CONSOLE(1)] "Uncaught SyntaxError: Unexpected token :", source: http://127.0.0.1:8080/opt/webapi-resourcetiming-w3c-tests/resourcetiming/w3c/submission/resources/generate_resource.cgi?types=script&id=4 (1)
02-25 10:55:49.429 I/chromium(10382): [INFO:CONSOLE(1)] "Uncaught SyntaxError: Unexpected token :", source: http://127.0.0.1:8080/opt/webapi-resourcetiming-w3c-tests/resourcetiming/w3c/submission/resources/generate_resource.cgi?types=script&id=7 (1)
02-25 10:55:49.429 I/chromium(10382): [INFO:CONSOLE(1)] "Uncaught SyntaxError: Unexpected token :", source: http://127.0.0.1:8080/opt/webapi-resourcetiming-w3c-tests/resourcetiming/w3c/submission/resources/generate_resource.cgi?types=script&id=6 (1)
02-25 10:55:49.439 I/chromium(10382): [INFO:CONSOLE(1)] "Uncaught SyntaxError: Unexpected token :", source: http://127.0.0.1:8080/opt/webapi-resourcetiming-w3c-tests/resourcetiming/w3c/submission/resources/generate_resource.cgi?types=script&id=9 (1)
02-25 10:55:49.439 I/chromium(10382): [INFO:CONSOLE(1)] "Uncaught SyntaxError: Unexpected token :", source: http://127.0.0.1:8080/opt/webapi-resourcetiming-w3c-tests/resourcetiming/w3c/submission/resources/generate_resource.cgi?types=script&id=8 (1)
02-25 10:55:50.599 D/AndroidRuntime(10914): 
02-25 10:55:50.599 D/AndroidRuntime(10914): >>>>>> AndroidRuntime START com.android.internal.os.RuntimeInit <<<<<<
02-25 10:55:50.599 D/AndroidRuntime(10914): CheckJNI is OFF
02-25 10:55:50.599 I/AndroidRuntime(10914): Kernel Release Version: 3.10.20-gf818079
02-25 10:55:50.599 I/dalvikvm(10914): No library specified. The standard exception handler will be used
02-25 10:55:50.599 I/dalvikvm(10914): 
02-25 10:55:50.599 I/dalvikvm(10914): +++++++++++++ Using PCG. +++++++++++++++++++++
02-25 10:55:50.609 D/dalvikvm(10914): Trying to load lib libjavacore.so 0x0
02-25 10:55:50.609 D/dalvikvm(10914): Added shared lib libjavacore.so 0x0
02-25 10:55:50.609 D/dalvikvm(10914): Trying to load lib libnativehelper.so 0x0
02-25 10:55:50.609 D/dalvikvm(10914): Added shared lib libnativehelper.so 0x0
02-25 10:55:50.609 D/dalvikvm(10914): No JNI_OnLoad found in libnativehelper.so 0x0, skipping init
02-25 10:55:50.619 D/dalvikvm(10914): Extra Options: not specified
02-25 10:55:50.629 D/dalvikvm(10914): Note: class Landroid/app/ActivityManagerNative; has 186 unimplemented (abstract) methods
02-25 10:55:50.699 E/memtrack(10914): Couldn't load memtrack module (No such file or directory)
02-25 10:55:50.699 E/android.os.Debug(10914): failed to load memtrack module: -2
02-25 10:55:50.739 D/AndroidRuntime(10914): Calling main entry com.android.commands.am.Am
02-25 10:55:50.769 I/ActivityManager(  506): Force stopping org.xwalk.webapi_service_tests appid=10266 user=0: from pid 10914
02-25 10:55:50.769 I/ActivityManager(  506): Killing 10382:org.xwalk.webapi_service_tests/u0a266 (adj 0): stop org.xwalk.webapi_service_tests
02-25 10:55:50.769 I/SecurityManagerService(  602): SMS received security event: App[STOP/org.xwalk.webapi_service_tests]
02-25 10:55:50.769 D/WindowManager(  506): adjustConfigurationLw, config:{1.0 ?mcc?mnc ?locale ?layoutDir sw600dp w600dp h888dp 213dpi lrg port ?uimode ?night finger -keyb/v/h -nav/v} mLidState:1 mHasDockFeature:false mHasKeyboardFeature:false mHasHallSensorFeature:true config.hardKeyboardHidden:2
02-25 10:55:50.769 D/AndroidRuntime(10914): Shutting down VM
02-25 10:55:50.769 W/ActivityManager(  506): Force removing ActivityRecord{21fb9768 u0 org.xwalk.webapi_service_tests/.webapi_service_tests t29}: app died, no saved state
02-25 10:55:50.769 I/ActivityManager(  506): [TopPkgCurBat]	NowPkgName[com.asus.launcher]	Battery[100]	TimeTick[1424832950784]	OldPkgName[org.xwalk.webapi_service_tests]
02-25 10:55:50.789 D/dalvikvm(10914): GC_CONCURRENT freed 112K, 16% free 666K/792K, paused 0ms+0ms, total 3ms
02-25 10:55:50.789 D/dalvikvm(10914): Compiler shutdown in progress - discarding request
02-25 10:55:50.789 D/dalvikvm(10914): Compiler shutdown in progress - discarding request
02-25 10:55:50.789 D/dalvikvm(10914): Compiler shutdown in progress - discarding request
02-25 10:55:50.789 D/dalvikvm(10914): Compiler shutdown in progress - discarding request
02-25 10:55:50.789 D/dalvikvm(10914): Compiler shutdown in progress - discarding request
02-25 10:55:50.789 D/dalvikvm(10914): Compiler shutdown in progress - discarding request
02-25 10:55:50.789 D/dalvikvm(10914): Compiler shutdown in progress - discarding request
02-25 10:55:50.789 D/dalvikvm(10914): Compiler shutdown in progress - discarding request
02-25 10:55:50.789 D/dalvikvm(10914): Compiler shutdown in progress - discarding request
02-25 10:55:50.789 D/dalvikvm(10914): Compiler shutdown in progress - discarding request
02-25 10:55:50.789 D/dalvikvm(10914): Compiler shutdown in progress - discarding request
02-25 10:55:50.789 D/dalvikvm(10914): Compiler shutdown in progress - discarding request
02-25 10:55:50.789 D/dalvikvm(10914): Compiler shutdown in progress - discarding request
02-25 10:55:50.789 D/dalvikvm(10914): Compiler shutdown in progress - discarding request
02-25 10:55:50.789 D/dalvikvm(10914): Compiler shutdown in progress - discarding request
02-25 10:55:50.789 D/dalvikvm(10914): Compiler shutdown in progress - discarding request
02-25 10:55:50.789 D/dalvikvm(10914): Compiler shutdown in progress - discarding request
02-25 10:55:50.789 D/dalvikvm(10914): Compiler shutdown in progress - discarding request
02-25 10:55:50.789 D/dalvikvm(10914): Compiler shutdown in progress - discarding request
02-25 10:55:50.789 D/dalvikvm(10914): Compiler shutdown in progress - discarding request
02-25 10:55:50.789 D/dalvikvm(10914): Compiler shutdown in progress - discarding request
02-25 10:55:50.789 D/dalvikvm(10914): Compiler shutdown in progress - discarding request
02-25 10:55:50.789 D/dalvikvm(10914): Compiler shutdown in progress - discarding request
02-25 10:55:50.789 D/dalvikvm(10914): Compiler shutdown in progress - discarding request
02-25 10:55:50.789 D/dalvikvm(10914): Compiler shutdown in progress - discarding request
02-25 10:55:50.789 D/dalvikvm(10914): Compiler shutdown in progress - discarding request
02-25 10:55:50.789 D/dalvikvm(10914): Compiler shutdown in progress - discarding request
02-25 10:55:50.789 D/dalvikvm(10914): Compiler shutdown in progress - discarding request
02-25 10:55:50.789 D/dalvikvm(10914): Compiler shutdown in progress - discarding request
02-25 10:55:50.789 D/dalvikvm(10914): Compiler shutdown in progress - discarding request
02-25 10:55:50.789 D/dalvikvm(10914): Compiler shutdown in progress - discarding request
02-25 10:55:50.789 D/dalvikvm(10914): Compiler shutdown in progress - discarding request
02-25 10:55:50.789 D/dalvikvm(10914): Compiler shutdown in progress - discarding request
02-25 10:55:50.789 D/dalvikvm(10914): Compiler shutdown in progress - discarding request
02-25 10:55:50.789 D/dalvikvm(10914): Compiler shutdown in progress - discarding request
02-25 10:55:50.789 D/dalvikvm(10914): Compiler shutdown in progress - discarding request
02-25 10:55:50.789 D/dalvikvm(10914): Compiler shutdown in progress - discarding request
02-25 10:55:50.789 D/dalvikvm(10914): Compiler shutdown in progress - discarding request
02-25 10:55:50.789 D/dalvikvm(10914): Compiler shutdown in progress - discarding request
02-25 10:55:50.789 D/dalvikvm(10914): Compiler shutdown in progress - discarding request
02-25 10:55:50.829 D/dalvikvm(  506): GC_EXPLICIT freed 2581K, 24% free 15065K/19704K, paused 1ms+7ms, total 54ms
02-25 10:55:50.839 V/WeatherTimeProvider( 1537): widget on Visibility Changed
02-25 10:55:50.839 I/WindowState(  506): WIN DEATH: Window{22272610 u0 org.xwalk.webapi_service_tests/org.xwalk.webapi_service_tests.webapi_service_tests}
02-25 10:55:50.859 D/        (  702): Pixel Format : GGL_PIXEL_FORMAT_RGBA_8888
02-25 10:55:50.859 W/InputMethodManagerService(  506): Got RemoteException sending setActive(false) notification to pid 10382 uid 10266
02-25 10:55:50.879 W/Binder  (  731): Caught a RuntimeException from the binder stub implementation.
02-25 10:55:50.879 W/Binder  (  731): java.lang.NullPointerException
02-25 10:55:50.879 W/Binder  (  731): 	at android.inputmethodservice.IInputMethodWrapper.setSessionEnabled(IInputMethodWrapper.java:280)
02-25 10:55:50.879 W/Binder  (  731): 	at com.android.internal.view.IInputMethod$Stub.onTransact(IInputMethod.java:129)
02-25 10:55:50.879 W/Binder  (  731): 	at android.os.Binder.execTransact(Binder.java:404)
02-25 10:55:50.879 W/Binder  (  731): 	at dalvik.system.NativeStart.run(Native Method)
02-25 10:55:50.879 D/XT9IME  (  731): new subtype :zh_CN ,pinyin
02-25 10:55:50.899 D/ImageWallpaper(  571): onVisibilityChanged: mVisible, visible=false, true
02-25 10:55:50.899 D/ImageWallpaper(  571): Visibility changed to visible=true
02-25 10:55:50.899 D/ImageWallpaper(  571): Suppressed drawFrame since redraw is not needed and offsets have not changed.
