02-25 14:07:26.459 V/upi_ug31xx(  166): state->check_backup_count = 1
02-25 14:07:29.479 D/wpa_supplicant(  694): wlan0: Starting AP scan for wildcard SSID
02-25 14:07:29.489 D/wpa_supplicant(  694): WPS: Building WPS IE for Probe Request
02-25 14:07:29.489 D/wpa_supplicant(  694): WPS:  * Version (hardcoded 0x10)
02-25 14:07:29.489 D/wpa_supplicant(  694): WPS:  * Request Type
02-25 14:07:29.489 D/wpa_supplicant(  694): WPS:  * Config Methods (4288)
02-25 14:07:29.489 D/wpa_supplicant(  694): WPS:  * UUID-E
02-25 14:07:29.489 D/wpa_supplicant(  694): WPS:  * Primary Device Type
02-25 14:07:29.489 D/wpa_supplicant(  694): WPS:  * RF Bands (1)
02-25 14:07:29.489 D/wpa_supplicant(  694): WPS:  * Association State
02-25 14:07:29.489 D/wpa_supplicant(  694): WPS:  * Configuration Error (0)
02-25 14:07:29.489 D/wpa_supplicant(  694): WPS:  * Device Password ID (0)
02-25 14:07:29.489 D/wpa_supplicant(  694): WPS:  * Manufacturer
02-25 14:07:29.489 D/wpa_supplicant(  694): WPS:  * Model Name
02-25 14:07:29.489 D/wpa_supplicant(  694): WPS:  * Model Number
02-25 14:07:29.489 D/wpa_supplicant(  694): WPS:  * Device Name
02-25 14:07:29.489 D/wpa_supplicant(  694): WPS:  * Version2 (0x20)
02-25 14:07:29.489 D/wpa_supplicant(  694): P2P: * P2P IE header
02-25 14:07:29.489 D/wpa_supplicant(  694): P2P: * Capability dev=25 group=00
02-25 14:07:29.489 D/wpa_supplicant(  694): P2P: * Listen Channel: Regulatory Class 81 Channel 6
02-25 14:07:29.489 D/wpa_supplicant(  694): wlan0: nl80211: scan request
02-25 14:07:29.589 D/wpa_supplicant(  694): Scan requested (ret=0) - scan timeout 30 seconds
02-25 14:07:29.589 D/wpa_supplicant(  694): nl80211: Drv Event 33 (NL80211_CMD_TRIGGER_SCAN) received for wlan0
02-25 14:07:29.589 D/wpa_supplicant(  694): wlan0: nl80211: Scan trigger
02-25 14:07:30.709 D/wpa_supplicant(  694): nl80211: Drv Event 34 (NL80211_CMD_NEW_SCAN_RESULTS) received for wlan0
02-25 14:07:30.709 D/wpa_supplicant(  694): wlan0: nl80211: New scan results available
02-25 14:07:30.709 D/wpa_supplicant(  694): wlan0: Event SCAN_RESULTS (3) received
02-25 14:07:30.709 D/wpa_supplicant(  694): nl80211: Received scan results (20 BSSes)
02-25 14:07:30.709 D/wpa_supplicant(  694): nl80211: Survey data missing
02-25 14:07:30.709 D/wpa_supplicant(  694): wlan0: BSS: Start scan result update 380
02-25 14:07:30.709 D/wpa_supplicant(  694): wlan0: BSS: Add new id 450 BSSID 00:25:86:5c:5e:30 SSID 'internet'
02-25 14:07:30.709 D/wpa_supplicant(  694): CTRL_IFACE monitor send - hexdump(len=39): 2f 64 61 74 61 2f 6d 69 73 63 2f 77 69 66 69 2f 73 6f 63 6b 65 74 73 2f 77 70 61 5f 63 74 72 6c ...
02-25 14:07:30.709 I/WifiHW  (  506): EVENT: IFNAME=wlan0 CTRL-EVENT-BSS-ADDED 450 00:25:86:5c:5e:30
02-25 14:07:30.709 D/wpa_supplicant(  694): BSS: last_scan_res_used=20/32 last_scan_full=0
02-25 14:07:30.709 D/wpa_supplicant(  694): wlan0: New scan results available
02-25 14:07:30.709 D/wpa_supplicant(  694): CTRL_IFACE monitor send - hexdump(len=39): 2f 64 61 74 61 2f 6d 69 73 63 2f 77 69 66 69 2f 73 6f 63 6b 65 74 73 2f 77 70 61 5f 63 74 72 6c ...
02-25 14:07:30.709 I/WifiHW  (  506): EVENT: IFNAME=wlan0 CTRL-EVENT-SCAN-RESULTS 
02-25 14:07:30.709 I/WifiHW  (  506): CMD: IFNAME=wlan0 BSS RANGE=0- MASK=0x21987
02-25 14:07:30.709 D/wpa_supplicant(  694): CTRL_IFACE monitor send - hexdump(len=39): 2f 64 61 74 61 2f 6d 69 73 63 2f 77 69 66 69 2f 73 6f 63 6b 65 74 73 2f 77 70 61 5f 63 74 72 6c ...
02-25 14:07:30.709 I/WifiHW  (  506): EVENT: IFNAME=wlan0 WPS-AP-AVAILABLE 
02-25 14:07:30.709 D/wpa_supplicant(  694): Authorize channel 1
02-25 14:07:30.709 D/wpa_supplicant(  694): Authorize channel 2
02-25 14:07:30.709 D/wpa_supplicant(  694): Authorize channel 3
02-25 14:07:30.709 D/wpa_supplicant(  694): Authorize channel 4
02-25 14:07:30.709 D/wpa_supplicant(  694): Authorize channel 5
02-25 14:07:30.709 D/wpa_supplicant(  694): Authorize channel 6
02-25 14:07:30.709 D/wpa_supplicant(  694): Authorize channel 7
02-25 14:07:30.709 D/wpa_supplicant(  694): Authorize channel 8
02-25 14:07:30.709 D/wpa_supplicant(  694): Authorize channel 9
02-25 14:07:30.709 D/wpa_supplicant(  694): Authorize channel 10
02-25 14:07:30.709 D/wpa_supplicant(  694): Authorize channel 11
02-25 14:07:30.709 D/wpa_supplicant(  694): Authorize channel 12
02-25 14:07:30.709 D/wpa_supplicant(  694): Authorize channel 13
02-25 14:07:30.709 D/wpa_supplicant(  694): Authorize channel 1
02-25 14:07:30.709 D/wpa_supplicant(  694): Authorize channel 2
02-25 14:07:30.709 D/wpa_supplicant(  694): Authorize channel 3
02-25 14:07:30.709 D/wpa_supplicant(  694): Authorize channel 4
02-25 14:07:30.709 D/wpa_supplicant(  694): Authorize channel 5
02-25 14:07:30.709 D/wpa_supplicant(  694): Authorize channel 6
02-25 14:07:30.709 D/wpa_supplicant(  694): Authorize channel 7
02-25 14:07:30.709 D/wpa_supplicant(  694): Authorize channel 8
02-25 14:07:30.709 D/wpa_supplicant(  694): Authorize channel 9
02-25 14:07:30.709 D/wpa_supplicant(  694): Authorize channel 10
02-25 14:07:30.709 D/wpa_supplicant(  694): Authorize channel 11
02-25 14:07:30.709 D/wpa_supplicant(  694): Authorize channel 12
02-25 14:07:30.709 D/wpa_supplicant(  694): Authorize channel 13
02-25 14:07:30.709 D/wpa_supplicant(  694): Add access point on channel 6
02-25 14:07:30.709 D/wpa_supplicant(  694): Add access point on channel 6
02-25 14:07:30.709 D/wpa_supplicant(  694): Add access point on channel 1
02-25 14:07:30.709 D/wpa_supplicant(  694): Add access point on channel 11
02-25 14:07:30.709 D/wpa_supplicant(  694): Add access point on channel 3
02-25 14:07:30.709 D/wpa_supplicant(  694): Add access point on channel 1
02-25 14:07:30.709 D/wpa_supplicant(  694): Add access point on channel 6
02-25 14:07:30.709 D/wpa_supplicant(  694): Add access point on channel 11
02-25 14:07:30.709 D/wpa_supplicant(  694): Add access point on channel 11
02-25 14:07:30.709 D/wpa_supplicant(  694): Add access point on channel 1
02-25 14:07:30.709 D/wpa_supplicant(  694): Add access point on channel 6
02-25 14:07:30.709 D/wpa_supplicant(  694): Add access point on channel 6
02-25 14:07:30.709 D/wpa_supplicant(  694): Add access point on channel 11
02-25 14:07:30.709 D/wpa_supplicant(  694): Add access point on channel 1
02-25 14:07:30.719 D/wpa_supplicant(  694): Add access point on channel 6
02-25 14:07:30.719 D/wpa_supplicant(  694): Add access point on channel 6
02-25 14:07:30.719 D/wpa_supplicant(  694): Add access point on channel 6
02-25 14:07:30.719 D/wpa_supplicant(  694): Add access point on channel 6
02-25 14:07:30.719 D/wpa_supplicant(  694): Add access point on channel 9
02-25 14:07:30.719 D/wpa_supplicant(  694): Add access point on channel 2
02-25 14:07:30.719 D/wpa_supplicant(  694): Add access point on channel 8
02-25 14:07:30.719 D/wpa_supplicant(  694): Add access point on channel 6
02-25 14:07:30.719 D/wpa_supplicant(  694): Best Operating channel is = 11
02-25 14:07:30.719 D/wpa_supplicant(  694): WPS: AP[0] f8:d1:11:e7:99:e8 type=0 tries=0 last_attempt=-1 sec ago blacklist=0
02-25 14:07:30.719 D/wpa_supplicant(  694): WPS: AP[1] cc:34:29:2c:fb:ec type=0 tries=0 last_attempt=-1 sec ago blacklist=0
02-25 14:07:30.719 D/wpa_supplicant(  694): WPS: AP[2] cc:34:29:2b:26:4c type=0 tries=0 last_attempt=-1 sec ago blacklist=0
02-25 14:07:30.719 D/wpa_supplicant(  694): WPS: AP[3] b0:48:7a:51:ff:cc type=0 tries=0 last_attempt=-1 sec ago blacklist=0
02-25 14:07:30.719 D/wpa_supplicant(  694): WPS: AP[4] c0:a0:bb:20:3b:84 type=0 tries=0 last_attempt=-1 sec ago blacklist=0
02-25 14:07:30.719 D/wpa_supplicant(  694): WPS: AP[5] 2c:b0:5d:7f:f4:24 type=0 tries=0 last_attempt=-1 sec ago blacklist=0
02-25 14:07:30.719 D/wpa_supplicant(  694): WPS: AP[6] 9c:21:6a:0d:eb:72 type=0 tries=0 last_attempt=-1 sec ago blacklist=0
02-25 14:07:30.719 D/wpa_supplicant(  694): WPS: AP[7] c8:d7:19:60:62:f2 type=0 tries=0 last_attempt=-1 sec ago blacklist=0
02-25 14:07:30.719 D/wpa_supplicant(  694): WPS: AP[8] 44:94:fc:3d:da:38 type=0 tries=0 last_attempt=-1 sec ago blacklist=0
02-25 14:07:30.719 D/wpa_supplicant(  694): WPS: AP[9] 10:c3:7b:d2:e5:e0 type=0 tries=0 last_attempt=-1 sec ago blacklist=0
02-25 14:07:30.719 D/wpa_supplicant(  694): WPS: AP[10] e4:d3:32:db:f6:03 type=0 tries=0 last_attempt=-1 sec ago blacklist=0
02-25 14:07:30.719 D/wpa_supplicant(  694): wlan0: Selecting BSS from priority group 19
02-25 14:07:30.719 D/wpa_supplicant(  694): wlan0: 0: f8:d1:11:e7:99:e8 ssid='videotest' wpa_ie_len=22 rsn_ie_len=20 caps=0x531 level=-46 wps
02-25 14:07:30.719 D/wpa_supplicant(  694): wlan0:    skip - SSID mismatch
02-25 14:07:30.719 D/wpa_supplicant(  694): wlan0: 1: c8:d7:19:60:62:f2 ssid='E3000-2.4G' wpa_ie_len=0 rsn_ie_len=20 caps=0x411 level=-51 wps
02-25 14:07:30.719 D/wpa_supplicant(  694): wlan0:    skip - SSID mismatch
02-25 14:07:30.719 D/wpa_supplicant(  694): wlan0: 2: 44:94:fc:3d:da:38 ssid='6300' wpa_ie_len=0 rsn_ie_len=20 caps=0x411 level=-60 wps
02-25 14:07:30.719 D/wpa_supplicant(  694): wlan0:    skip - SSID mismatch
02-25 14:07:30.719 D/wpa_supplicant(  694): wlan0: 3: cc:34:29:2b:26:4c ssid='cws-test' wpa_ie_len=0 rsn_ie_len=20 caps=0x431 level=-60 wps
02-25 14:07:30.719 D/wpa_supplicant(  694): wlan0:    skip - SSID mismatch
02-25 14:07:30.719 D/wpa_supplicant(  694): wlan0: 4: cc:34:29:2c:fb:ec ssid='linksys' wpa_ie_len=22 rsn_ie_len=20 caps=0x431 level=-61 wps
02-25 14:07:30.719 D/wpa_supplicant(  694): wlan0:    skip - SSID mismatch
02-25 14:07:30.719 D/wpa_supplicant(  694): wlan0: 5: c4:17:fe:3f:4f:fb ssid='cmcm' wpa_ie_len=0 rsn_ie_len=20 caps=0x511 level=-61
02-25 14:07:30.719 D/wpa_supplicant(  694): wlan0:    skip - SSID mismatch
02-25 14:07:30.719 D/wpa_supplicant(  694): wlan0: 6: 10:c3:7b:d2:e5:e0 ssid='ASUS_RT-AC66U-2.4G' wpa_ie_len=0 rsn_ie_len=20 caps=0x411 level=-62 wps
02-25 14:07:30.719 D/wpa_supplicant(  694): wlan0:    skip - SSID mismatch
02-25 14:07:30.719 D/wpa_supplicant(  694): wlan0: 7: 98:fc:11:81:35:fb ssid='E2000EE' wpa_ie_len=0 rsn_ie_len=20 caps=0x411 level=-64
02-25 14:07:30.719 D/wpa_supplicant(  694): wlan0:    skip - SSID mismatch
02-25 14:07:30.719 D/wpa_supplicant(  694): wlan0: 8: cc:b2:55:e2:84:70 ssid='DLINK_APK' wpa_ie_len=22 rsn_ie_len=20 caps=0x411 level=-67
02-25 14:07:30.719 D/wpa_supplicant(  694): wlan0:    skip - SSID mismatch
02-25 14:07:30.719 D/wpa_supplicant(  694): wlan0: 9: 90:94:e4:03:45:f5 ssid='DAP-2553_D' wpa_ie_len=0 rsn_ie_len=24 caps=0x431 level=-67
02-25 14:07:30.719 D/wpa_supplicant(  694): wlan0:    skip - SSID mismatch
02-25 14:07:30.719 D/wpa_supplicant(  694): wlan0: 10: 22:48:9a:ac:31:5b ssid='dean1' wpa_ie_len=0 rsn_ie_len=20 caps=0x431 level=-68
02-25 14:07:30.719 D/wpa_supplicant(  694): wlan0:    skip - SSID mismatch
02-25 14:07:30.719 D/wpa_supplicant(  694): wlan0: 11: 02:1a:11:ff:f7:0a ssid='io1' wpa_ie_len=0 rsn_ie_len=20 caps=0x431 level=-69
02-25 14:07:30.719 D/wpa_supplicant(  694): wlan0:    skip - SSID mismatch
02-25 14:07:30.719 D/wpa_supplicant(  694): wlan0: 12: e4:d3:32:c0:cf:a4 ssid='fast' wpa_ie_len=0 rsn_ie_len=20 caps=0x411 level=-69
02-25 14:07:30.719 D/wpa_supplicant(  694): wlan0:    skip - SSID mismatch
02-25 14:07:30.719 D/wpa_supplicant(  694): wlan0: 13: b0:48:7a:51:ff:cc ssid='Neusoft TP' wpa_ie_len=22 rsn_ie_len=20 caps=0x431 level=-70 wps
02-25 14:07:30.719 D/wpa_supplicant(  694): wlan0:    skip - SSID mismatch
02-25 14:07:30.719 D/wpa_supplicant(  694): wlan0: 14: 80:1f:02:43:fb:e8 ssid='Edimax AP' wpa_ie_len=0 rsn_ie_len=20 caps=0x411 level=-74
02-25 14:07:30.719 D/wpa_supplicant(  694): wlan0:    skip - SSID mismatch
02-25 14:07:30.719 D/wpa_supplicant(  694): wlan0: 15: 00:0f:e2:0f:9f:c1 ssid='321_WAN' wpa_ie_len=28 rsn_ie_len=24 caps=0x411 level=-78
02-25 14:07:30.719 D/wpa_supplicant(  694): wlan0:    skip - SSID mismatch
02-25 14:07:30.719 D/wpa_supplicant(  694): wlan0: 16: 74:e5:43:24:f4:5b ssid='Dttest' wpa_ie_len=0 rsn_ie_len=20 caps=0x31 level=-79
02-25 14:07:30.719 D/wpa_supplicant(  694): wlan0:    skip - SSID mismatch
02-25 14:07:30.719 D/wpa_supplicant(  694): wlan0: 17: 50:bd:5f:4b:29:92 ssid='Internet-2' wpa_ie_len=0 rsn_ie_len=0 caps=0x421 level=-63
02-25 14:07:30.719 D/wpa_supplicant(  694): wlan0:    skip - SSID mismatch
02-25 14:07:30.719 D/wpa_supplicant(  694): wlan0: 18: e4:d3:32:dd:18:62 ssid='Internet' wpa_ie_len=0 rsn_ie_len=0 caps=0x421 level=-71
02-25 14:07:30.719 D/wpa_supplicant(  694): wlan0:    skip - SSID mismatch
02-25 14:07:30.719 D/wpa_supplicant(  694): wlan0: 19: 00:25:86:5c:5e:30 ssid='internet' wpa_ie_len=0 rsn_ie_len=0 caps=0x421 level=-83
02-25 14:07:30.719 D/wpa_supplicant(  694): wlan0:    skip - SSID mismatch
02-25 14:07:30.719 D/wpa_supplicant(  694): wlan0: Selecting BSS from priority group 18
02-25 14:07:30.719 D/wpa_supplicant(  694): wlan0: 0: f8:d1:11:e7:99:e8 ssid='videotest' wpa_ie_len=22 rsn_ie_len=20 caps=0x531 level=-46 wps
02-25 14:07:30.719 D/wpa_supplicant(  694): wlan0:    skip - SSID mismatch
02-25 14:07:30.719 D/wpa_supplicant(  694): wlan0: 1: c8:d7:19:60:62:f2 ssid='E3000-2.4G' wpa_ie_len=0 rsn_ie_len=20 caps=0x411 level=-51 wps
02-25 14:07:30.719 D/wpa_supplicant(  694): wlan0:    skip - SSID mismatch
02-25 14:07:30.719 D/wpa_supplicant(  694): wlan0: 2: 44:94:fc:3d:da:38 ssid='6300' wpa_ie_len=0 rsn_ie_len=20 caps=0x411 level=-60 wps
02-25 14:07:30.719 D/wpa_supplicant(  694): wlan0:    skip - SSID mismatch
02-25 14:07:30.719 D/wpa_supplicant(  694): wlan0: 3: cc:34:29:2b:26:4c ssid='cws-test' wpa_ie_len=0 rsn_ie_len=20 caps=0x431 level=-60 wps
02-25 14:07:30.719 D/wpa_supplicant(  694): wlan0:    skip - SSID mismatch
02-25 14:07:30.719 D/wpa_supplicant(  694): wlan0: 4: cc:34:29:2c:fb:ec ssid='linksys' wpa_ie_len=22 rsn_ie_len=20 caps=0x431 level=-61 wps
02-25 14:07:30.719 D/wpa_supplicant(  694): wlan0:    skip - SSID mismatch
02-25 14:07:30.719 D/wpa_supplicant(  694): wlan0: 5: c4:17:fe:3f:4f:fb ssid='cmcm' wpa_ie_len=0 rsn_ie_len=20 caps=0x511 level=-61
02-25 14:07:30.719 D/wpa_supplicant(  694): wlan0:    skip - SSID mismatch
02-25 14:07:30.719 D/wpa_supplicant(  694): wlan0: 6: 10:c3:7b:d2:e5:e0 ssid='ASUS_RT-AC66U-2.4G' wpa_ie_len=0 rsn_ie_len=20 caps=0x411 level=-62 wps
02-25 14:07:30.719 D/wpa_supplicant(  694): wlan0:    skip - SSID mismatch
02-25 14:07:30.719 D/wpa_supplicant(  694): wlan0: 7: 98:fc:11:81:35:fb ssid='E2000EE' wpa_ie_len=0 rsn_ie_len=20 caps=0x411 level=-64
02-25 14:07:30.719 D/wpa_supplicant(  694): wlan0:    skip - SSID mismatch
02-25 14:07:30.719 D/wpa_supplicant(  694): wlan0: 8: cc:b2:55:e2:84:70 ssid='DLINK_APK' wpa_ie_len=22 rsn_ie_len=20 caps=0x411 level=-67
02-25 14:07:30.719 D/wpa_supplicant(  694): wlan0:    skip - SSID mismatch
02-25 14:07:30.719 D/wpa_supplicant(  694): wlan0: 9: 90:94:e4:03:45:f5 ssid='DAP-2553_D' wpa_ie_len=0 rsn_ie_len=24 caps=0x431 level=-67
02-25 14:07:30.719 D/wpa_supplicant(  694): wlan0:    skip - SSID mismatch
02-25 14:07:30.719 D/wpa_supplicant(  694): wlan0: 10: 22:48:9a:ac:31:5b ssid='dean1' wpa_ie_len=0 rsn_ie_len=20 caps=0x431 level=-68
02-25 14:07:30.719 D/wpa_supplicant(  694): wlan0:    skip - SSID mismatch
02-25 14:07:30.719 D/wpa_supplicant(  694): wlan0: 11: 02:1a:11:ff:f7:0a ssid='io1' wpa_ie_len=0 rsn_ie_len=20 caps=0x431 level=-69
02-25 14:07:30.719 D/wpa_supplicant(  694): wlan0:    skip - SSID mismatch
02-25 14:07:30.719 D/wpa_supplicant(  694): wlan0: 12: e4:d3:32:c0:cf:a4 ssid='fast' wpa_ie_len=0 rsn_ie_len=20 caps=0x411 level=-69
02-25 14:07:30.719 D/wpa_supplicant(  694): wlan0:    skip - SSID mismatch
02-25 14:07:30.719 D/wpa_supplicant(  694): wlan0: 13: b0:48:7a:51:ff:cc ssid='Neusoft TP' wpa_ie_len=22 rsn_ie_len=20 caps=0x431 level=-70 wps
02-25 14:07:30.719 D/wpa_supplicant(  694): wlan0:    skip - SSID mismatch
02-25 14:07:30.719 D/wpa_supplicant(  694): wlan0: 14: 80:1f:02:43:fb:e8 ssid='Edimax AP' wpa_ie_len=0 rsn_ie_len=20 caps=0x411 level=-74
02-25 14:07:30.719 D/wpa_supplicant(  694): wlan0:    skip - SSID mismatch
02-25 14:07:30.719 D/wpa_supplicant(  694): wlan0: 15: 00:0f:e2:0f:9f:c1 ssid='321_WAN' wpa_ie_len=28 rsn_ie_len=24 caps=0x411 level=-78
02-25 14:07:30.719 D/wpa_supplicant(  694): wlan0:    skip - SSID mismatch
02-25 14:07:30.719 D/wpa_supplicant(  694): wlan0: 16: 74:e5:43:24:f4:5b ssid='Dttest' wpa_ie_len=0 rsn_ie_len=20 caps=0x31 level=-79
02-25 14:07:30.719 D/wpa_supplicant(  694): wlan0:    skip - SSID mismatch
02-25 14:07:30.719 D/wpa_supplicant(  694): wlan0: 17: 50:bd:5f:4b:29:92 ssid='Internet-2' wpa_ie_len=0 rsn_ie_len=0 caps=0x421 level=-63
02-25 14:07:30.719 D/wpa_supplicant(  694): wlan0:    skip - SSID mismatch
02-25 14:07:30.719 D/wpa_supplicant(  694): wlan0: 18: e4:d3:32:dd:18:62 ssid='Internet' wpa_ie_len=0 rsn_ie_len=0 caps=0x421 level=-71
02-25 14:07:30.719 D/wpa_supplicant(  694): wlan0:    skip - SSID mismatch
02-25 14:07:30.719 D/wpa_supplicant(  694): wlan0: 19: 00:25:86:5c:5e:30 ssid='internet' wpa_ie_len=0 rsn_ie_len=0 caps=0x421 level=-83
02-25 14:07:30.719 D/wpa_supplicant(  694): wlan0:    skip - SSID mismatch
02-25 14:07:30.719 D/wpa_supplicant(  694): wlan0: Selecting BSS from priority group 17
02-25 14:07:30.719 D/wpa_supplicant(  694): wlan0: 0: f8:d1:11:e7:99:e8 ssid='videotest' wpa_ie_len=22 rsn_ie_len=20 caps=0x531 level=-46 wps
02-25 14:07:30.719 D/wpa_supplicant(  694): wlan0:    skip - SSID mismatch
02-25 14:07:30.719 D/wpa_supplicant(  694): wlan0: 1: c8:d7:19:60:62:f2 ssid='E3000-2.4G' wpa_ie_len=0 rsn_ie_len=20 caps=0x411 level=-51 wps
02-25 14:07:30.719 D/wpa_supplicant(  694): wlan0:    skip - SSID mismatch
02-25 14:07:30.719 D/wpa_supplicant(  694): wlan0: 2: 44:94:fc:3d:da:38 ssid='6300' wpa_ie_len=0 rsn_ie_len=20 caps=0x411 level=-60 wps
02-25 14:07:30.719 D/wpa_supplicant(  694): wlan0:    skip - SSID mismatch
02-25 14:07:30.719 D/wpa_supplicant(  694): wlan0: 3: cc:34:29:2b:26:4c ssid='cws-test' wpa_ie_len=0 rsn_ie_len=20 caps=0x431 level=-60 wps
02-25 14:07:30.719 D/wpa_supplicant(  694): wlan0:    skip - SSID mismatch
02-25 14:07:30.719 D/wpa_supplicant(  694): wlan0: 4: cc:34:29:2c:fb:ec ssid='linksys' wpa_ie_len=22 rsn_ie_len=20 caps=0x431 level=-61 wps
02-25 14:07:30.719 D/wpa_supplicant(  694): wlan0:    skip - SSID mismatch
02-25 14:07:30.719 D/wpa_supplicant(  694): wlan0: 5: c4:17:fe:3f:4f:fb ssid='cmcm' wpa_ie_len=0 rsn_ie_len=20 caps=0x511 level=-61
02-25 14:07:30.719 D/wpa_supplicant(  694): wlan0:    skip - SSID mismatch
02-25 14:07:30.719 D/wpa_supplicant(  694): wlan0: 6: 10:c3:7b:d2:e5:e0 ssid='ASUS_RT-AC66U-2.4G' wpa_ie_len=0 rsn_ie_len=20 caps=0x411 level=-62 wps
02-25 14:07:30.719 D/wpa_supplicant(  694): wlan0:    skip - SSID mismatch
02-25 14:07:30.719 D/wpa_supplicant(  694): wlan0: 7: 98:fc:11:81:35:fb ssid='E2000EE' wpa_ie_len=0 rsn_ie_len=20 caps=0x411 level=-64
02-25 14:07:30.719 D/wpa_supplicant(  694): wlan0:    skip - SSID mismatch
02-25 14:07:30.719 D/wpa_supplicant(  694): wlan0: 8: cc:b2:55:e2:84:70 ssid='DLINK_APK' wpa_ie_len=22 rsn_ie_len=20 caps=0x411 level=-67
02-25 14:07:30.719 D/wpa_supplicant(  694): wlan0:    skip - SSID mismatch
02-25 14:07:30.719 D/wpa_supplicant(  694): wlan0: 9: 90:94:e4:03:45:f5 ssid='DAP-2553_D' wpa_ie_len=0 rsn_ie_len=24 caps=0x431 level=-67
02-25 14:07:30.719 D/wpa_supplicant(  694): wlan0:    skip - SSID mismatch
02-25 14:07:30.719 D/wpa_supplicant(  694): wlan0: 10: 22:48:9a:ac:31:5b ssid='dean1' wpa_ie_len=0 rsn_ie_len=20 caps=0x431 level=-68
02-25 14:07:30.719 D/wpa_supplicant(  694): wlan0:    skip - SSID mismatch
02-25 14:07:30.719 D/wpa_supplicant(  694): wlan0: 11: 02:1a:11:ff:f7:0a ssid='io1' wpa_ie_len=0 rsn_ie_len=20 caps=0x431 level=-69
02-25 14:07:30.719 D/wpa_supplicant(  694): wlan0:    skip - SSID mismatch
02-25 14:07:30.719 D/wpa_supplicant(  694): wlan0: 12: e4:d3:32:c0:cf:a4 ssid='fast' wpa_ie_len=0 rsn_ie_len=20 caps=0x411 level=-69
02-25 14:07:30.719 D/wpa_supplicant(  694): wlan0:    skip - SSID mismatch
02-25 14:07:30.719 D/wpa_supplicant(  694): wlan0: 13: b0:48:7a:51:ff:cc ssid='Neusoft TP' wpa_ie_len=22 rsn_ie_len=20 caps=0x431 level=-70 wps
02-25 14:07:30.719 D/wpa_supplicant(  694): wlan0:    skip - SSID mismatch
02-25 14:07:30.719 D/wpa_supplicant(  694): wlan0: 14: 80:1f:02:43:fb:e8 ssid='Edimax AP' wpa_ie_len=0 rsn_ie_len=20 caps=0x411 level=-74
02-25 14:07:30.719 D/wpa_supplicant(  694): wlan0:    skip - SSID mismatch
02-25 14:07:30.719 D/wpa_supplicant(  694): wlan0: 15: 00:0f:e2:0f:9f:c1 ssid='321_WAN' wpa_ie_len=28 rsn_ie_len=24 caps=0x411 level=-78
02-25 14:07:30.719 D/wpa_supplicant(  694): wlan0:    skip - SSID mismatch
02-25 14:07:30.719 D/wpa_supplicant(  694): wlan0: 16: 74:e5:43:24:f4:5b ssid='Dttest' wpa_ie_len=0 rsn_ie_len=20 caps=0x31 level=-79
02-25 14:07:30.719 D/wpa_supplicant(  694): wlan0:    skip - SSID mismatch
02-25 14:07:30.719 D/wpa_supplicant(  694): wlan0: 17: 50:bd:5f:4b:29:92 ssid='Internet-2' wpa_ie_len=0 rsn_ie_len=0 caps=0x421 level=-63
02-25 14:07:30.719 D/wpa_supplicant(  694): wlan0:    skip - SSID mismatch
02-25 14:07:30.719 D/wpa_supplicant(  694): wlan0: 18: e4:d3:32:dd:18:62 ssid='Internet' wpa_ie_len=0 rsn_ie_len=0 caps=0x421 level=-71
02-25 14:07:30.719 D/wpa_supplicant(  694): wlan0:    skip - SSID mismatch
02-25 14:07:30.719 D/wpa_supplicant(  694): wlan0: 19: 00:25:86:5c:5e:30 ssid='internet' wpa_ie_len=0 rsn_ie_len=0 caps=0x421 level=-83
02-25 14:07:30.719 D/wpa_supplicant(  694): wlan0:    skip - SSID mismatch
02-25 14:07:30.719 D/wpa_supplicant(  694): wlan0: Selecting BSS from priority group 15
02-25 14:07:30.719 D/wpa_supplicant(  694): wlan0: 0: f8:d1:11:e7:99:e8 ssid='videotest' wpa_ie_len=22 rsn_ie_len=20 caps=0x531 level=-46 wps
02-25 14:07:30.719 D/wpa_supplicant(  694): wlan0:    skip - SSID mismatch
02-25 14:07:30.719 D/wpa_supplicant(  694): wlan0: 1: c8:d7:19:60:62:f2 ssid='E3000-2.4G' wpa_ie_len=0 rsn_ie_len=20 caps=0x411 level=-51 wps
02-25 14:07:30.719 D/wpa_supplicant(  694): wlan0:    skip - SSID mismatch
02-25 14:07:30.719 D/wpa_supplicant(  694): wlan0: 2: 44:94:fc:3d:da:38 ssid='6300' wpa_ie_len=0 rsn_ie_len=20 caps=0x411 level=-60 wps
02-25 14:07:30.719 D/wpa_supplicant(  694): wlan0:    skip - SSID mismatch
02-25 14:07:30.719 D/wpa_supplicant(  694): wlan0: 3: cc:34:29:2b:26:4c ssid='cws-test' wpa_ie_len=0 rsn_ie_len=20 caps=0x431 level=-60 wps
02-25 14:07:30.719 D/wpa_supplicant(  694): wlan0:    skip - SSID mismatch
02-25 14:07:30.719 D/wpa_supplicant(  694): wlan0: 4: cc:34:29:2c:fb:ec ssid='linksys' wpa_ie_len=22 rsn_ie_len=20 caps=0x431 level=-61 wps
02-25 14:07:30.719 D/wpa_supplicant(  694): wlan0:    skip - SSID mismatch
02-25 14:07:30.719 D/wpa_supplicant(  694): wlan0: 5: c4:17:fe:3f:4f:fb ssid='cmcm' wpa_ie_len=0 rsn_ie_len=20 caps=0x511 level=-61
02-25 14:07:30.719 D/wpa_supplicant(  694): wlan0:    skip - SSID mismatch
02-25 14:07:30.719 D/wpa_supplicant(  694): wlan0: 6: 10:c3:7b:d2:e5:e0 ssid='ASUS_RT-AC66U-2.4G' wpa_ie_len=0 rsn_ie_len=20 caps=0x411 level=-62 wps
02-25 14:07:30.719 D/wpa_supplicant(  694): wlan0:    skip - SSID mismatch
02-25 14:07:30.719 D/wpa_supplicant(  694): wlan0: 7: 98:fc:11:81:35:fb ssid='E2000EE' wpa_ie_len=0 rsn_ie_len=20 caps=0x411 level=-64
02-25 14:07:30.719 D/wpa_supplicant(  694): wlan0:    skip - SSID mismatch
02-25 14:07:30.719 D/wpa_supplicant(  694): wlan0: 8: cc:b2:55:e2:84:70 ssid='DLINK_APK' wpa_ie_len=22 rsn_ie_len=20 caps=0x411 level=-67
02-25 14:07:30.719 D/wpa_supplicant(  694): wlan0:    skip - SSID mismatch
02-25 14:07:30.719 D/wpa_supplicant(  694): wlan0: 9: 90:94:e4:03:45:f5 ssid='DAP-2553_D' wpa_ie_len=0 rsn_ie_len=24 caps=0x431 level=-67
02-25 14:07:30.719 D/wpa_supplicant(  694): wlan0:    skip - SSID mismatch
02-25 14:07:30.719 D/wpa_supplicant(  694): wlan0: 10: 22:48:9a:ac:31:5b ssid='dean1' wpa_ie_len=0 rsn_ie_len=20 caps=0x431 level=-68
02-25 14:07:30.719 D/wpa_supplicant(  694): wlan0:    skip - SSID mismatch
02-25 14:07:30.719 D/wpa_supplicant(  694): wlan0: 11: 02:1a:11:ff:f7:0a ssid='io1' wpa_ie_len=0 rsn_ie_len=20 caps=0x431 level=-69
02-25 14:07:30.719 D/wpa_supplicant(  694): wlan0:    skip - SSID mismatch
02-25 14:07:30.719 D/wpa_supplicant(  694): wlan0: 12: e4:d3:32:c0:cf:a4 ssid='fast' wpa_ie_len=0 rsn_ie_len=20 caps=0x411 level=-69
02-25 14:07:30.719 D/wpa_supplicant(  694): wlan0:    skip - SSID mismatch
02-25 14:07:30.719 D/wpa_supplicant(  694): wlan0: 13: b0:48:7a:51:ff:cc ssid='Neusoft TP' wpa_ie_len=22 rsn_ie_len=20 caps=0x431 level=-70 wps
02-25 14:07:30.719 D/wpa_supplicant(  694): wlan0:    skip - SSID mismatch
02-25 14:07:30.719 D/wpa_supplicant(  694): wlan0: 14: 80:1f:02:43:fb:e8 ssid='Edimax AP' wpa_ie_len=0 rsn_ie_len=20 caps=0x411 level=-74
02-25 14:07:30.719 D/wpa_supplicant(  694): wlan0:    skip - SSID mismatch
02-25 14:07:30.719 D/wpa_supplicant(  694): wlan0: 15: 00:0f:e2:0f:9f:c1 ssid='321_WAN' wpa_ie_len=28 rsn_ie_len=24 caps=0x411 level=-78
02-25 14:07:30.719 D/wpa_supplicant(  694): wlan0:    skip - SSID mismatch
02-25 14:07:30.719 D/wpa_supplicant(  694): wlan0: 16: 74:e5:43:24:f4:5b ssid='Dttest' wpa_ie_len=0 rsn_ie_len=20 caps=0x31 level=-79
02-25 14:07:30.719 D/wpa_supplicant(  694): wlan0:    skip - SSID mismatch
02-25 14:07:30.719 D/wpa_supplicant(  694): wlan0: 17: 50:bd:5f:4b:29:92 ssid='Internet-2' wpa_ie_len=0 rsn_ie_len=0 caps=0x421 level=-63
02-25 14:07:30.719 D/wpa_supplicant(  694): wlan0:    skip - SSID mismatch
02-25 14:07:30.719 D/wpa_supplicant(  694): wlan0: 18: e4:d3:32:dd:18:62 ssid='Internet' wpa_ie_len=0 rsn_ie_len=0 caps=0x421 level=-71
02-25 14:07:30.719 D/wpa_supplicant(  694): wlan0:    skip - SSID mismatch
02-25 14:07:30.719 D/wpa_supplicant(  694): wlan0: 19: 00:25:86:5c:5e:30 ssid='internet' wpa_ie_len=0 rsn_ie_len=0 caps=0x421 level=-83
02-25 14:07:30.719 D/wpa_supplicant(  694): wlan0:    skip - SSID mismatch
02-25 14:07:30.719 D/wpa_supplicant(  694): wlan0: Selecting BSS from priority group 4
02-25 14:07:30.719 D/wpa_supplicant(  694): wlan0: 0: f8:d1:11:e7:99:e8 ssid='videotest' wpa_ie_len=22 rsn_ie_len=20 caps=0x531 level=-46 wps
02-25 14:07:30.719 D/wpa_supplicant(  694): wlan0:    skip - SSID mismatch
02-25 14:07:30.719 D/wpa_supplicant(  694): wlan0: 1: c8:d7:19:60:62:f2 ssid='E3000-2.4G' wpa_ie_len=0 rsn_ie_len=20 caps=0x411 level=-51 wps
02-25 14:07:30.719 D/wpa_supplicant(  694): wlan0:    skip - SSID mismatch
02-25 14:07:30.719 D/wpa_supplicant(  694): wlan0: 2: 44:94:fc:3d:da:38 ssid='6300' wpa_ie_len=0 rsn_ie_len=20 caps=0x411 level=-60 wps
02-25 14:07:30.719 D/wpa_supplicant(  694): wlan0:    skip - SSID mismatch
02-25 14:07:30.719 D/wpa_supplicant(  694): wlan0: 3: cc:34:29:2b:26:4c ssid='cws-test' wpa_ie_len=0 rsn_ie_len=20 caps=0x431 level=-60 wps
02-25 14:07:30.719 D/wpa_supplicant(  694): wlan0:    skip - SSID mismatch
02-25 14:07:30.719 D/wpa_supplicant(  694): wlan0: 4: cc:34:29:2c:fb:ec ssid='linksys' wpa_ie_len=22 rsn_ie_len=20 caps=0x431 level=-61 wps
02-25 14:07:30.719 D/wpa_supplicant(  694): wlan0:    skip - SSID mismatch
02-25 14:07:30.719 D/wpa_supplicant(  694): wlan0: 5: c4:17:fe:3f:4f:fb ssid='cmcm' wpa_ie_len=0 rsn_ie_len=20 caps=0x511 level=-61
02-25 14:07:30.719 D/wpa_supplicant(  694): wlan0:    skip - SSID mismatch
02-25 14:07:30.719 D/wpa_supplicant(  694): wlan0: 6: 10:c3:7b:d2:e5:e0 ssid='ASUS_RT-AC66U-2.4G' wpa_ie_len=0 rsn_ie_len=20 caps=0x411 level=-62 wps
02-25 14:07:30.719 D/wpa_supplicant(  694): wlan0:    skip - SSID mismatch
02-25 14:07:30.719 D/wpa_supplicant(  694): wlan0: 7: 98:fc:11:81:35:fb ssid='E2000EE' wpa_ie_len=0 rsn_ie_len=20 caps=0x411 level=-64
02-25 14:07:30.719 D/wpa_supplicant(  694): wlan0:    skip - SSID mismatch
02-25 14:07:30.719 D/wpa_supplicant(  694): wlan0: 8: cc:b2:55:e2:84:70 ssid='DLINK_APK' wpa_ie_len=22 rsn_ie_len=20 caps=0x411 level=-67
02-25 14:07:30.719 D/wpa_supplicant(  694): wlan0:    skip - SSID mismatch
02-25 14:07:30.719 D/wpa_supplicant(  694): wlan0: 9: 90:94:e4:03:45:f5 ssid='DAP-2553_D' wpa_ie_len=0 rsn_ie_len=24 caps=0x431 level=-67
02-25 14:07:30.719 D/wpa_supplicant(  694): wlan0:    skip - SSID mismatch
02-25 14:07:30.719 D/wpa_supplicant(  694): wlan0: 10: 22:48:9a:ac:31:5b ssid='dean1' wpa_ie_len=0 rsn_ie_len=20 caps=0x431 level=-68
02-25 14:07:30.719 D/wpa_supplicant(  694): wlan0:    skip - SSID mismatch
02-25 14:07:30.719 D/wpa_supplicant(  694): wlan0: 11: 02:1a:11:ff:f7:0a ssid='io1' wpa_ie_len=0 rsn_ie_len=20 caps=0x431 level=-69
02-25 14:07:30.719 D/wpa_supplicant(  694): wlan0:    skip - SSID mismatch
02-25 14:07:30.719 D/wpa_supplicant(  694): wlan0: 12: e4:d3:32:c0:cf:a4 ssid='fast' wpa_ie_len=0 rsn_ie_len=20 caps=0x411 level=-69
02-25 14:07:30.719 D/wpa_supplicant(  694): wlan0:    skip - SSID mismatch
02-25 14:07:30.719 D/wpa_supplicant(  694): wlan0: 13: b0:48:7a:51:ff:cc ssid='Neusoft TP' wpa_ie_len=22 rsn_ie_len=20 caps=0x431 level=-70 wps
02-25 14:07:30.719 D/wpa_supplicant(  694): wlan0:    skip - SSID mismatch
02-25 14:07:30.719 D/wpa_supplicant(  694): wlan0: 14: 80:1f:02:43:fb:e8 ssid='Edimax AP' wpa_ie_len=0 rsn_ie_len=20 caps=0x411 level=-74
02-25 14:07:30.719 D/wpa_supplicant(  694): wlan0:    skip - SSID mismatch
02-25 14:07:30.719 D/wpa_supplicant(  694): wlan0: 15: 00:0f:e2:0f:9f:c1 ssid='321_WAN' wpa_ie_len=28 rsn_ie_len=24 caps=0x411 level=-78
02-25 14:07:30.719 D/wpa_supplicant(  694): wlan0:    skip - SSID mismatch
02-25 14:07:30.719 D/wpa_supplicant(  694): wlan0: 16: 74:e5:43:24:f4:5b ssid='Dttest' wpa_ie_len=0 rsn_ie_len=20 caps=0x31 level=-79
02-25 14:07:30.719 D/wpa_supplicant(  694): wlan0:    skip - SSID mismatch
02-25 14:07:30.719 D/wpa_supplicant(  694): wlan0: 17: 50:bd:5f:4b:29:92 ssid='Internet-2' wpa_ie_len=0 rsn_ie_len=0 caps=0x421 level=-63
02-25 14:07:30.719 D/wpa_supplicant(  694): wlan0:    skip - SSID mismatch
02-25 14:07:30.719 D/wpa_supplicant(  694): wlan0: 18: e4:d3:32:dd:18:62 ssid='Internet' wpa_ie_len=0 rsn_ie_len=0 caps=0x421 level=-71
02-25 14:07:30.719 D/wpa_supplicant(  694): wlan0:    skip - SSID mismatch
02-25 14:07:30.719 D/wpa_supplicant(  694): wlan0: 19: 00:25:86:5c:5e:30 ssid='internet' wpa_ie_len=0 rsn_ie_len=0 caps=0x421 level=-83
02-25 14:07:30.719 D/wpa_supplicant(  694): wlan0:    skip - SSID mismatch
02-25 14:07:30.719 D/wpa_supplicant(  694): wlan0: No suitable network found
02-25 14:07:30.719 D/wpa_supplicant(  694): wlan0: Setting scan request: 40 sec 0 usec
02-25 14:07:30.719 D/wpa_supplicant(  694): wlan0: Checking for other virtual interfaces sharing same radio (phy0) in event_scan_results
02-25 14:07:30.719 D/wpa_supplicant(  694): p2p-dev-wlan0: Updating scan results from sibling
02-25 14:07:30.719 D/wpa_supplicant(  694): nl80211: Received scan results (20 BSSes)
02-25 14:07:30.719 D/wpa_supplicant(  694): nl80211: Survey data missing
02-25 14:07:30.729 D/wpa_supplicant(  694): p2p-dev-wlan0: BSS: Start scan result update 380
02-25 14:07:30.729 D/wpa_supplicant(  694): BSS: No P2P IE - skipping BSS f8:d1:11:e7:99:e8 update for P2P interface
02-25 14:07:30.729 D/wpa_supplicant(  694): BSS: No P2P IE - skipping BSS c8:d7:19:60:62:f2 update for P2P interface
02-25 14:07:30.729 D/wpa_supplicant(  694): BSS: No P2P IE - skipping BSS 44:94:fc:3d:da:38 update for P2P interface
02-25 14:07:30.729 D/wpa_supplicant(  694): BSS: No P2P IE - skipping BSS cc:34:29:2b:26:4c update for P2P interface
02-25 14:07:30.729 D/wpa_supplicant(  694): BSS: No P2P IE - skipping BSS cc:34:29:2c:fb:ec update for P2P interface
02-25 14:07:30.729 D/wpa_supplicant(  694): BSS: No P2P IE - skipping BSS c4:17:fe:3f:4f:fb update for P2P interface
02-25 14:07:30.729 D/wpa_supplicant(  694): BSS: No P2P IE - skipping BSS 10:c3:7b:d2:e5:e0 update for P2P interface
02-25 14:07:30.729 D/wpa_supplicant(  694): BSS: No P2P IE - skipping BSS 98:fc:11:81:35:fb update for P2P interface
02-25 14:07:30.729 D/wpa_supplicant(  694): BSS: No P2P IE - skipping BSS cc:b2:55:e2:84:70 update for P2P interface
02-25 14:07:30.729 D/wpa_supplicant(  694): BSS: No P2P IE - skipping BSS 90:94:e4:03:45:f5 update for P2P interface
02-25 14:07:30.729 D/wpa_supplicant(  694): BSS: No P2P IE - skipping BSS 22:48:9a:ac:31:5b update for P2P interface
02-25 14:07:30.729 D/wpa_supplicant(  694): BSS: No P2P IE - skipping BSS 02:1a:11:ff:f7:0a update for P2P interface
02-25 14:07:30.729 D/wpa_supplicant(  694): BSS: No P2P IE - skipping BSS e4:d3:32:c0:cf:a4 update for P2P interface
02-25 14:07:30.729 D/wpa_supplicant(  694): BSS: No P2P IE - skipping BSS b0:48:7a:51:ff:cc update for P2P interface
02-25 14:07:30.729 D/wpa_supplicant(  694): BSS: No P2P IE - skipping BSS 80:1f:02:43:fb:e8 update for P2P interface
02-25 14:07:30.729 D/wpa_supplicant(  694): BSS: No P2P IE - skipping BSS 00:0f:e2:0f:9f:c1 update for P2P interface
02-25 14:07:30.729 D/wpa_supplicant(  694): BSS: No P2P IE - skipping BSS 74:e5:43:24:f4:5b update for P2P interface
02-25 14:07:30.729 D/wpa_supplicant(  694): BSS: No P2P IE - skipping BSS 50:bd:5f:4b:29:92 update for P2P interface
02-25 14:07:30.729 D/wpa_supplicant(  694): BSS: No P2P IE - skipping BSS e4:d3:32:dd:18:62 update for P2P interface
02-25 14:07:30.729 D/wpa_supplicant(  694): BSS: No P2P IE - skipping BSS 00:25:86:5c:5e:30 update for P2P interface
02-25 14:07:30.729 D/wpa_supplicant(  694): BSS: last_scan_res_used=0/0 last_scan_full=0
02-25 14:07:30.729 D/wpa_supplicant(  694): p2p-dev-wlan0: New scan results available
02-25 14:07:30.729 D/wpa_supplicant(  694): CTRL_IFACE monitor send - hexdump(len=39): 2f 64 61 74 61 2f 6d 69 73 63 2f 77 69 66 69 2f 73 6f 63 6b 65 74 73 2f 77 70 61 5f 63 74 72 6c ...
02-25 14:07:30.729 I/WifiHW  (  506): EVENT: IFNAME=p2p-dev-wlan0 CTRL-EVENT-SCAN-RESULTS 
02-25 14:07:30.729 D/wpa_supplicant(  694): WPS: AP[0] f8:d1:11:e7:99:e8 type=0 tries=0 last_attempt=-1 sec ago blacklist=0
02-25 14:07:30.729 D/wpa_supplicant(  694): WPS: AP[1] cc:34:29:2c:fb:ec type=0 tries=0 last_attempt=-1 sec ago blacklist=0
02-25 14:07:30.729 D/wpa_supplicant(  694): WPS: AP[2] cc:34:29:2b:26:4c type=0 tries=0 last_attempt=-1 sec ago blacklist=0
02-25 14:07:30.729 D/wpa_supplicant(  694): WPS: AP[3] b0:48:7a:51:ff:cc type=0 tries=0 last_attempt=-1 sec ago blacklist=0
02-25 14:07:30.729 D/wpa_supplicant(  694): WPS: AP[4] c0:a0:bb:20:3b:84 type=0 tries=0 last_attempt=-1 sec ago blacklist=0
02-25 14:07:30.729 D/wpa_supplicant(  694): WPS: AP[5] 2c:b0:5d:7f:f4:24 type=0 tries=0 last_attempt=-1 sec ago blacklist=0
02-25 14:07:30.729 D/wpa_supplicant(  694): WPS: AP[6] 9c:21:6a:0d:eb:72 type=0 tries=0 last_attempt=-1 sec ago blacklist=0
02-25 14:07:30.729 D/wpa_supplicant(  694): WPS: AP[7] c8:d7:19:60:62:f2 type=0 tries=0 last_attempt=-1 sec ago blacklist=0
02-25 14:07:30.729 D/wpa_supplicant(  694): WPS: AP[8] 44:94:fc:3d:da:38 type=0 tries=0 last_attempt=-1 sec ago blacklist=0
02-25 14:07:30.729 D/wpa_supplicant(  694): WPS: AP[9] 10:c3:7b:d2:e5:e0 type=0 tries=0 last_attempt=-1 sec ago blacklist=0
02-25 14:07:30.729 D/wpa_supplicant(  694): WPS: AP[10] e4:d3:32:db:f6:03 type=0 tries=0 last_attempt=-1 sec ago blacklist=0
02-25 14:07:30.729 D/wpa_supplicant(  694): p2p-dev-wlan0: No suitable network found
02-25 14:07:30.729 D/wpa_supplicant(  694): p2p-dev-wlan0: Short-circuit new scan request since there are no enabled networks
02-25 14:07:30.729 D/wpa_supplicant(  694): p2p-dev-wlan0: State: INACTIVE -> INACTIVE
02-25 14:07:30.729 D/wpa_supplicant(  694): wlan0: P2P: Station mode scan operation not pending anymore (sta_scan_pending=0 p2p_cb_on_scan_complete=0)
02-25 14:07:30.729 D/wpa_supplicant(  694): RX ctrl_iface - hexdump(len=25): 42 53 53 20 52 41 4e 47 45 3d 30 2d 20 4d 41 53 4b 3d 30 78 32 31 39 38 37
02-25 14:07:30.729 D/wpa_supplicant(  694): wlan0: Control interface command 'BSS RANGE=0- MASK=0x21987'
02-25 14:07:30.729 D/wpa_supplicant(  694): RTM_NEWLINK: operstate=0 ifi_flags=0x11003 ([UP][LOWER_UP])
02-25 14:07:30.729 D/wpa_supplicant(  694): RTM_NEWLINK, IFLA_IFNAME: Interface 'wlan0' added
02-25 14:07:30.729 I/WifiHW  (  506): REPLY: id=0
02-25 14:07:30.729 I/WifiHW  (  506): REPLY: bssid=f8:d1:11:e7:99:e8
02-25 14:07:30.729 I/WifiHW  (  506): REPLY: freq=2437
02-25 14:07:30.729 I/WifiHW  (  506): REPLY: level=-46
02-25 14:07:30.729 I/WifiHW  (  506): REPLY: tsf=0000015624920472
02-25 14:07:30.729 I/WifiHW  (  506): REPLY: flags=[WPA-PSK-CCMP][WPA2-PSK-CCMP][WPS][ESS]
02-25 14:07:30.729 I/WifiHW  (  506): REPLY: ssid=videotest
02-25 14:07:30.729 I/WifiHW  (  506): REPLY: ====
02-25 14:07:30.729 I/WifiHW  (  506): REPLY: id=1
02-25 14:07:30.729 I/WifiHW  (  506): REPLY: bssid=02:1a:11:ff:f7:0a
02-25 14:07:30.729 D/wpa_supplicant(  694): nl80211: if_removed already cleared - ignore event
02-25 14:07:30.729 I/WifiHW  (  506): REPLY: freq=2437
02-25 14:07:30.729 I/WifiHW  (  506): REPLY: level=-69
02-25 14:07:30.729 I/WifiHW  (  506): REPLY: tsf=0000015624920551
02-25 14:07:30.729 I/WifiHW  (  506): REPLY: flags=[WPA2-PSK-CCMP][ESS]
02-25 14:07:30.729 I/WifiHW  (  506): REPLY: ssid=io1
02-25 14:07:30.729 I/WifiHW  (  506): REPLY: ====
02-25 14:07:30.729 I/WifiHW  (  506): REPLY: id=2
02-25 14:07:30.729 I/WifiHW  (  506): REPLY: bssid=cc:34:29:2c:fb:ec
02-25 14:07:30.729 I/WifiHW  (  506): REPLY: freq=2412
02-25 14:07:30.739 I/WifiHW  (  506): REPLY: level=-61
02-25 14:07:30.739 I/WifiHW  (  506): REPLY: tsf=0000015624920463
02-25 14:07:30.739 I/WifiHW  (  506): REPLY: flags=[WPA-PSK-CCMP][WPA2-PSK-CCMP][WPS][ESS]
02-25 14:07:30.739 I/WifiHW  (  506): REPLY: ssid=linksys
02-25 14:07:30.739 I/WifiHW  (  506): REPLY: ====
02-25 14:07:30.739 I/WifiHW  (  506): REPLY: id=3
02-25 14:07:30.739 I/WifiHW  (  506): REPLY: bssid=cc:34:29:2b:26:4c
02-25 14:07:30.739 I/WifiHW  (  506): REPLY: freq=2462
02-25 14:07:30.739 I/WifiHW  (  506): REPLY: level=-60
02-25 14:07:30.739 I/WifiHW  (  506): REPLY: tsf=0000015624920573
02-25 14:07:30.739 I/WifiHW  (  506): REPLY: flags=[WPA2-PSK-CCMP][WPS][ESS]
02-25 14:07:30.739 I/WifiHW  (  506): REPLY: ssid=cws-test
02-25 14:07:30.739 I/WifiHW  (  506): REPLY: ====
02-25 14:07:30.739 I/WifiHW  (  506): REPLY: id=4
02-25 14:07:30.739 I/WifiHW  (  506): REPLY: bssid=90:94:e4:03:45:f5
02-25 14:07:30.739 I/WifiHW  (  506): REPLY: freq=2422
02-25 14:07:30.739 I/WifiHW  (  506): REPLY: level=-67
02-25 14:07:30.739 I/WifiHW  (  506): REPLY: tsf=0000015624920428
02-25 14:07:30.739 I/WifiHW  (  506): REPLY: flags=[WPA2-PSK-CCMP+TKIP][ESS]
02-25 14:07:30.739 I/WifiHW  (  506): REPLY: ssid=DAP-2553_D
02-25 14:07:30.739 I/WifiHW  (  506): REPLY: ====
02-25 14:07:30.739 I/WifiHW  (  506): REPLY: id=5
02-25 14:07:30.739 I/WifiHW  (  506): REPLY: bssid=98:fc:11:81:35:fb
02-25 14:07:30.739 I/WifiHW  (  506): REPLY: freq=2412
02-25 14:07:30.739 I/WifiHW  (  506): REPLY: level=-64
02-25 14:07:30.739 I/WifiHW  (  506): REPLY: tsf=0000015624920437
02-25 14:07:30.739 I/WifiHW  (  506): REPLY: flags=[WPA2-EAP-CCMP-preauth][ESS]
02-25 14:07:30.739 I/WifiHW  (  506): REPLY: ssid=E2000EE
02-25 14:07:30.739 I/WifiHW  (  506): REPLY: ====
02-25 14:07:30.739 I/WifiHW  (  506): REPLY: id=29
02-25 14:07:30.739 I/WifiHW  (  506): REPLY: bssid=c8:d7:19:60:62:f2
02-25 14:07:30.739 I/WifiHW  (  506): REPLY: freq=2437
02-25 14:07:30.739 I/WifiHW  (  506): REPLY: level=-51
02-25 14:07:30.739 I/WifiHW  (  506): REPLY: tsf=0000015624920525
02-25 14:07:30.739 I/WifiHW  (  506): REPLY: flags=[WPA2-PSK-CCMP][WPS][ESS]
02-25 14:07:30.739 I/WifiHW  (  506): REPLY: ssid=E3000-2.4G
02-25 14:07:30.739 I/WifiHW  (  506): REPLY: ====
02-25 14:07:30.739 I/WifiHW  (  506): REPLY: id=31
02-25 14:07:30.739 I/WifiHW  (  506): REPLY: bssid=44:94:fc:3d:da:38
02-25 14:07:30.739 I/WifiHW  (  506): REPLY: freq=2462
02-25 14:07:30.739 I/WifiHW  (  506): REPLY: level=-60
02-25 14:07:30.739 I/WifiHW  (  506): REPLY: tsf=0000015624920600
02-25 14:07:30.739 I/WifiHW  (  506): REPLY: flags=[WPA2-EAP-CCMP-preauth][WPS][ESS]
02-25 14:07:30.739 I/WifiHW  (  506): REPLY: ssid=6300
02-25 14:07:30.739 I/WifiHW  (  506): REPLY: ====
02-25 14:07:30.739 I/WifiHW  (  506): REPLY: id=32
02-25 14:07:30.739 I/WifiHW  (  506): REPLY: bssid=10:c3:7b:d2:e5:e0
02-25 14:07:30.739 I/WifiHW  (  506): REPLY: freq=2462
02-25 14:07:30.739 I/WifiHW  (  506): REPLY: level=-62
02-25 14:07:30.739 I/WifiHW  (  506): REPLY: tsf=0000015624920582
02-25 14:07:30.739 I/WifiHW  (  506): REPLY: flags=[WPA2-PSK-CCMP][WPS][ESS]
02-25 14:07:30.739 I/WifiHW  (  506): REPLY: ssid=ASUS_RT-AC66U-2.4G
02-25 14:07:30.739 I/WifiHW  (  506): REPLY: ====
02-25 14:07:30.739 I/WifiHW  (  506): REPLY: id=171
02-25 14:07:30.739 I/WifiHW  (  506): REPLY: bssid=80:1f:02:43:fb:e8
02-25 14:07:30.739 I/WifiHW  (  506): REPLY: freq=2412
02-25 14:07:30.739 I/WifiHW  (  506): REPLY: level=-74
02-25 14:07:30.739 I/WifiHW  (  506): REPLY: tsf=0000015624920455
02-25 14:07:30.739 I/WifiHW  (  506): REPLY: flags=[WPA2-PSK-CCMP-preauth][ESS]
02-25 14:07:30.739 I/WifiHW  (  506): REPLY: ssid=Edimax AP
02-25 14:07:30.739 I/WifiHW  (  506): REPLY: ====
02-25 14:07:30.739 I/WifiHW  (  506): REPLY: id=220
02-25 14:07:30.739 I/WifiHW  (  506): REPLY: bssid=c4:17:fe:3f:4f:fb
02-25 14:07:30.739 I/WifiHW  (  506): REPLY: freq=2437
02-25 14:07:30.739 I/WifiHW  (  506): REPLY: level=-61
02-25 14:07:30.739 I/WifiHW  (  506): REPLY: tsf=0000015624920480
02-25 14:07:30.739 I/WifiHW  (  506): REPLY: flags=[WPA2-PSK-CCMP][ESS]
02-25 14:07:30.739 I/WifiHW  (  506): REPLY: ssid=cmcm
02-25 14:07:30.739 I/WifiHW  (  506): REPLY: ====
02-25 14:07:30.739 I/WifiHW  (  506): REPLY: id=399
02-25 14:07:30.739 I/WifiHW  (  506): REPLY: bssid=50:bd:5f:4b:29:92
02-25 14:07:30.739 I/WifiHW  (  506): REPLY: freq=2437
02-25 14:07:30.739 I/WifiHW  (  506): REPLY: level=-63
02-25 14:07:30.739 I/WifiHW  (  506): REPLY: tsf=0000015624920489
02-25 14:07:30.739 I/WifiHW  (  506): REPLY: flags=[ESS]
02-25 14:07:30.739 I/WifiHW  (  506): REPLY: ssid=Internet-2
02-25 14:07:30.739 I/WifiHW  (  506): REPLY: ====
02-25 14:07:30.739 I/WifiHW  (  506): REPLY: id=406
02-25 14:07:30.739 I/WifiHW  (  506): REPLY: bssid=00:0f:e2:0f:9f:c1
02-25 14:07:30.739 I/WifiHW  (  506): REPLY: freq=2462
02-25 14:07:30.739 I/WifiHW  (  506): REPLY: level=-78
02-25 14:07:30.739 I/WifiHW  (  506): REPLY: tsf=0000015624920592
02-25 14:07:30.739 I/WifiHW  (  506): REPLY: flags=[WPA-PSK-CCMP+TKIP][WPA2-PSK-CCMP+TKIP][ESS]
02-25 14:07:30.739 I/WifiHW  (  506): REPLY: ssid=321_WAN
02-25 14:07:30.739 I/WifiHW  (  506): REPLY: ====
02-25 14:07:30.739 I/WifiHW  (  506): REPLY: id=407
02-25 14:07:30.739 I/WifiHW  (  506): REPLY: bssid=74:e5:43:24:f4:5b
02-25 14:07:30.739 I/WifiHW  (  506): REPLY: freq=2412
02-25 14:07:30.739 I/WifiHW  (  506): REPLY: level=-79
02-25 14:07:30.739 I/WifiHW  (  506): REPLY: tsf=0000015624920445
02-25 14:07:30.739 I/WifiHW  (  506): REPLY: flags=[WPA2-PSK-CCMP][ESS]
02-25 14:07:30.739 I/WifiHW  (  506): REPLY: ssid=Dttest
02-25 14:07:30.739 I/WifiHW  (  506): REPLY: ====
02-25 14:07:30.739 I/WifiHW  (  506): REPLY: id=433
02-25 14:07:30.739 I/WifiHW  (  506): REPLY: bssid=02:1a:11:f9:f0:51
02-25 14:07:30.739 I/WifiHW  (  506): REPLY: freq=2437
02-25 14:07:30.739 I/WifiHW  (  506): REPLY: level=-79
02-25 14:07:30.739 I/WifiHW  (  506): REPLY: tsf=0000015583684216
02-25 14:07:30.739 I/WifiHW  (  506): REPLY: flags=[WPA2-PSK-CCMP][ESS]
02-25 14:07:30.739 I/WifiHW  (  506): REPLY: ssid=AndroidSystem
02-25 14:07:30.739 I/WifiHW  (  506): REPLY: ====
02-25 14:07:30.739 I/WifiHW  (  506): REPLY: id=437
02-25 14:07:30.739 I/WifiHW  (  506): REPLY: bssid=e4:d3:32:c0:cf:a4
02-25 14:07:30.739 I/WifiHW  (  506): REPLY: freq=2437
02-25 14:07:30.739 I/WifiHW  (  506): REPLY: level=-69
02-25 14:07:30.739 I/WifiHW  (  506): REPLY: tsf=0000015624920508
02-25 14:07:30.739 I/WifiHW  (  506): REPLY: flags=[WPA2-PSK-CCMP][ESS]
02-25 14:07:30.739 I/WifiHW  (  506): REPLY: ssid=fast
02-25 14:07:30.739 I/WifiHW  (  506): REPLY: ====
02-25 14:07:30.739 I/WifiHW  (  506): REPLY: id=438
02-25 14:07:30.739 I/WifiHW  (  506): REPLY: bssid=e4:d3:32:dd:18:62
02-25 14:07:30.739 I/WifiHW  (  506): REPLY: freq=2437
02-25 14:07:30.739 I/WifiHW  (  506): REPLY: level=-71
02-25 14:07:30.739 I/WifiHW  (  506): REPLY: tsf=0000015624920533
02-25 14:07:30.739 I/WifiHW  (  506): REPLY: flags=[ESS]
02-25 14:07:30.739 I/WifiHW  (  506): REPLY: ssid=Internet
02-25 14:07:30.739 I/WifiHW  (  506): REPLY: ====
02-25 14:07:30.739 I/WifiHW  (  506): REPLY: id=439
02-25 14:07:30.739 I/WifiHW  (  506): REPLY: bssid=22:48:9a:ac:31:5b
02-25 14:07:30.739 I/WifiHW  (  506): REPLY: freq=2437
02-25 14:07:30.739 I/WifiHW  (  506): REPLY: level=-68
02-25 14:07:30.739 I/WifiHW  (  506): REPLY: tsf=0000015624920499
02-25 14:07:30.739 I/WifiHW  (  506): REPLY: flags=[WPA2-PSK-CCMP][ESS]
02-25 14:07:30.739 I/WifiHW  (  506): REPLY: ssid=dean1
02-25 14:07:30.739 I/WifiHW  (  506): REPLY: ====
02-25 14:07:30.739 I/WifiHW  (  506): REPLY: id=443
02-25 14:07:30.739 I/WifiHW  (  506): REPLY: bssid=b0:48:7a:51:ff:cc
02-25 14:07:30.739 I/WifiHW  (  506): REPLY: freq=2452
02-25 14:07:30.739 I/WifiHW  (  506): REPLY: level=-70
02-25 14:07:30.739 I/WifiHW  (  506): REPLY: tsf=0000015624920564
02-25 14:07:30.739 I/WifiHW  (  506): REPLY: flags=[WPA-PSK-CCMP][WPA2-PSK-CCMP][WPS][ESS]
02-25 14:07:30.739 I/WifiHW  (  506): REPLY: ssid=Neusoft TP
02-25 14:07:30.739 I/WifiHW  (  506): REPLY: ====
02-25 14:07:30.739 I/WifiHW  (  506): REPLY: id=448
02-25 14:07:30.739 I/WifiHW  (  506): REPLY: bssid=c0:a0:bb:20:3b:84
02-25 14:07:30.739 I/WifiHW  (  506): REPLY: freq=2417
02-25 14:07:30.739 I/WifiHW  (  506): REPLY: level=-78
02-25 14:07:30.739 I/WifiHW  (  506): REPLY: tsf=0000015583684170
02-25 14:07:30.739 I/WifiHW  (  506): REPLY: flags=[WPA-PSK-CCMP+TKIP][WPA2-PSK-CCMP+TKIP][WPS][ESS]
02-25 14:07:30.739 I/WifiHW  (  506): REPLY: ssid=dlink-3B84
02-25 14:07:30.739 I/WifiHW  (  506): REPLY: ====
02-25 14:07:30.739 I/WifiHW  (  506): REPLY: id=449
02-25 14:07:30.739 I/WifiHW  (  506): REPLY: bssid=cc:b2:55:e2:84:70
02-25 14:07:30.739 I/WifiHW  (  506): REPLY: freq=2447
02-25 14:07:30.739 I/WifiHW  (  506): REPLY: level=-67
02-25 14:07:30.739 I/WifiHW  (  506): REPLY: tsf=0000015624920543
02-25 14:07:30.739 I/WifiHW  (  506): REPLY: flags=[WPA-PSK-TKIP][WPA2-PSK-TKIP][ESS]
02-25 14:07:30.739 I/WifiHW  (  506): REPLY: ssid=DLINK_APK
02-25 14:07:30.739 I/WifiHW  (  506): REPLY: ====
02-25 14:07:30.739 I/WifiHW  (  506): REPLY: id=450
02-25 14:07:30.739 I/WifiHW  (  506): REPLY: bssid=00:25:86:5c:5e:30
02-25 14:07:30.739 I/WifiHW  (  506): REPLY: freq=2437
02-25 14:07:30.739 I/WifiHW  (  506): REPLY: level=-83
02-25 14:07:30.739 I/WifiHW  (  506): REPLY: tsf=0000015624920516
02-25 14:07:30.739 I/WifiHW  (  506): REPLY: flags=[ESS]
02-25 14:07:30.739 I/WifiHW  (  506): REPLY: ssid=internet
02-25 14:07:30.739 I/WifiHW  (  506): REPLY: ####
02-25 14:07:56.689 D/EVENT_THREAD(  186): void CEventThread::run() POLLIN event on Fd (1)
02-25 14:07:56.689 D/EVENT_THREAD(  186): void CEventThread::run() Do poll with timeout: -1
02-25 14:07:56.689 I/upi_ug31xx(  166): (1252) update_capacity
02-25 14:07:56.689 I/[UPI]   (  166): <UG31/E>[UpiReadCapacity]: V=4108(4104), T=322(324-384), I=-302, C=-3(-3-0)
02-25 14:07:56.689 I/[UPI]   (  166): <UG31/E>[UpiReadCapacity]: (0x0000214a) 3453 (3328) / 3822 (3915) = 90
02-25 14:07:56.689 I/[UPI]   (  166): <UG31/E>[UpiReadCapacity]: (0x0000214a) 3453 (3328) / 3822 (3915) = 90
02-25 14:07:56.689 I/[UPI]   (  166): <UG31/E>[UpiReadCapacity]: (0x0000214a) 3450 (3450) / 3822 (3915) = 90
02-25 14:07:56.689 I/[UPI]   (  166): <UG31/E>[RsocFilterCountTime]: (0x0000214a) Step=1(91160), Full=0(91160), Lock=91160(1800000)
02-25 14:07:56.689 I/[UPI]   (  166): <UG31/E>[UpiReadCapacity]: (0x0000214a) 3450 (3450) / 3822 (3915) = 90 (-302--302)
02-25 14:07:56.689 I/[UPI]   (  166): <UG31/E><BATT> M:normal, P:90(90-90)%, V:4104mV, C:-273mA, T:32.4C(384), S:0x0000214a(000), R:3450mAh, F:3822mAh, Q:-544mAh, CC:3, P:30.330(542-0)s, BO:7, 97:615:0-44af-9m:B001-20140514-144301 (2)
02-25 14:07:56.689 D/EVENT_THREAD(  186): void CEventThread::run() POLLIN event on Fd (1)
02-25 14:07:56.689 D/EVENT_THREAD(  186): void CEventThread::run() Do poll with timeout: -1
02-25 14:07:56.689 I/upi_ug31xx(  166): (1253) backup_data 
02-25 14:07:56.689 V/upi_ug31xx(  166): state->check_backup_count = 2
02-25 14:07:59.989 D/BatteryStatsImpl(  506): noteStopWakeLocked system isFromForeground = false
02-25 14:08:00.009 D/Clock   (  571): ACTION_TIME_TICK
02-25 14:08:00.009 D/Clock   (  571): update clock:下午2:08
02-25 14:08:00.029 D/BatteryStatsImpl(  506): noteStopWakeLocked system isFromForeground = false
02-25 14:08:01.989 D/AndroidRuntime(15000): 
02-25 14:08:01.989 D/AndroidRuntime(15000): >>>>>> AndroidRuntime START com.android.internal.os.RuntimeInit <<<<<<
02-25 14:08:01.989 D/AndroidRuntime(15000): CheckJNI is OFF
02-25 14:08:01.989 I/AndroidRuntime(15000): Kernel Release Version: 3.10.20-gf818079
02-25 14:08:01.989 I/dalvikvm(15000): No library specified. The standard exception handler will be used
02-25 14:08:01.989 I/dalvikvm(15000): 
02-25 14:08:01.989 I/dalvikvm(15000): +++++++++++++ Using PCG. +++++++++++++++++++++
02-25 14:08:01.999 D/dalvikvm(15000): Trying to load lib libjavacore.so 0x0
02-25 14:08:01.999 D/dalvikvm(15000): Added shared lib libjavacore.so 0x0
02-25 14:08:01.999 D/dalvikvm(15000): Trying to load lib libnativehelper.so 0x0
02-25 14:08:01.999 D/dalvikvm(15000): Added shared lib libnativehelper.so 0x0
02-25 14:08:01.999 D/dalvikvm(15000): No JNI_OnLoad found in libnativehelper.so 0x0, skipping init
02-25 14:08:02.009 D/dalvikvm(15000): Extra Options: not specified
02-25 14:08:02.019 D/dalvikvm(15000): Note: class Landroid/app/ActivityManagerNative; has 186 unimplemented (abstract) methods
02-25 14:08:02.089 E/memtrack(15000): Couldn't load memtrack module (No such file or directory)
02-25 14:08:02.089 E/android.os.Debug(15000): failed to load memtrack module: -2
02-25 14:08:02.129 D/AndroidRuntime(15000): Calling main entry com.android.commands.am.Am
02-25 14:08:02.149 I/ActivityManager(  506): Force stopping org.xwalk.webapi_service_tests appid=10266 user=0: from pid 15000
02-25 14:08:02.149 I/ActivityManager(  506): Killing 14116:org.xwalk.webapi_service_tests/u0a266 (adj 0): stop org.xwalk.webapi_service_tests
