02-25 10:59:52.479 D/wpa_supplicant(  694): WPS: AP[6] 9c:21:6a:0d:eb:72 type=0 tries=0 last_attempt=-1 sec ago blacklist=0
02-25 10:59:52.479 D/wpa_supplicant(  694): WPS: AP[7] c8:d7:19:60:62:f2 type=0 tries=0 last_attempt=-1 sec ago blacklist=0
02-25 10:59:52.479 I/WifiHW  (  506): EVENT: IFNAME=wlan0 CTRL-EVENT-BSS-REMOVED 139 00:0f:e2:0f:9f:c1
02-25 10:59:52.479 D/wpa_supplicant(  694): WPS: AP[8] 44:94:fc:3d:da:38 type=0 tries=0 last_attempt=-1 sec ago blacklist=0
02-25 10:59:52.479 D/wpa_supplicant(  694): WPS: AP[9] 10:c3:7b:d2:e5:e0 type=0 tries=0 last_attempt=-1 sec ago blacklist=0
02-25 10:59:52.479 D/wpa_supplicant(  694): wlan0: Selecting BSS from priority group 19
02-25 10:59:52.479 D/wpa_supplicant(  694): wlan0: 0: f8:d1:11:e7:99:e8 ssid='videotest' wpa_ie_len=22 rsn_ie_len=20 caps=0x531 level=-42 wps
02-25 10:59:52.479 D/wpa_supplicant(  694): wlan0:    skip - SSID mismatch
02-25 10:59:52.479 D/wpa_supplicant(  694): wlan0: 1: c8:d7:19:60:62:f2 ssid='E3000-2.4G' wpa_ie_len=0 rsn_ie_len=20 caps=0x411 level=-44 wps
02-25 10:59:52.479 D/wpa_supplicant(  694): wlan0:    skip - SSID mismatch
02-25 10:59:52.479 I/WifiHW  (  506): EVENT: IFNAME=wlan0 CTRL-EVENT-SCAN-RESULTS 
02-25 10:59:52.479 I/WifiHW  (  506): EVENT: IFNAME=wlan0 WPS-AP-AVAILABLE 
02-25 10:59:52.479 D/wpa_supplicant(  694): wlan0: 2: 02:1a:11:ff:f7:0a ssid='io1' wpa_ie_len=0 rsn_ie_len=20 caps=0x431 level=-51
02-25 10:59:52.479 D/wpa_supplicant(  694): wlan0:    skip - SSID mismatch
02-25 10:59:52.479 D/wpa_supplicant(  694): wlan0: 3: 10:c3:7b:d2:e5:e0 ssid='ASUS_RT-AC66U-2.4G' wpa_ie_len=0 rsn_ie_len=20 caps=0x411 level=-55 wps
02-25 10:59:52.479 D/wpa_supplicant(  694): wlan0:    skip - SSID mismatch
02-25 10:59:52.479 D/wpa_supplicant(  694): wlan0: 4: cc:34:29:2b:26:4c ssid='cws-test' wpa_ie_len=0 rsn_ie_len=20 caps=0x431 level=-55 wps
02-25 10:59:52.479 D/wpa_supplicant(  694): wlan0:    skip - SSID mismatch
02-25 10:59:52.479 D/wpa_supplicant(  694): wlan0: 5: b0:48:7a:51:ff:cc ssid='Neusoft TP' wpa_ie_len=22 rsn_ie_len=20 caps=0x431 level=-58 wps
02-25 10:59:52.479 D/wpa_supplicant(  694): wlan0:    skip - SSID mismatch
02-25 10:59:52.479 I/WifiHW  (  506): CMD: IFNAME=wlan0 BSS RANGE=0- MASK=0x21987
02-25 10:59:52.479 D/wpa_supplicant(  694): wlan0: 6: 90:94:e4:03:45:f5 ssid='DAP-2553_D' wpa_ie_len=0 rsn_ie_len=24 caps=0x431 level=-58
02-25 10:59:52.479 D/wpa_supplicant(  694): wlan0:    skip - SSID mismatch
02-25 10:59:52.479 D/wpa_supplicant(  694): wlan0: 7: 44:94:fc:3d:da:38 ssid='6300' wpa_ie_len=0 rsn_ie_len=20 caps=0x411 level=-59 wps
02-25 10:59:52.479 D/wpa_supplicant(  694): wlan0:    skip - SSID mismatch
02-25 10:59:52.479 D/wpa_supplicant(  694): wlan0: 8: 98:fc:11:81:35:fb ssid='E2000EE' wpa_ie_len=0 rsn_ie_len=20 caps=0x411 level=-61
02-25 10:59:52.479 D/wpa_supplicant(  694): wlan0:    skip - SSID mismatch
02-25 10:59:52.479 D/wpa_supplicant(  694): wlan0: 9: e4:d3:32:c0:cf:a4 ssid='fast' wpa_ie_len=0 rsn_ie_len=20 caps=0x411 level=-67
02-25 10:59:52.479 D/wpa_supplicant(  694): wlan0:    skip - SSID mismatch
02-25 10:59:52.479 D/wpa_supplicant(  694): wlan0: 10: c4:17:fe:3f:4f:fb ssid='cmcm' wpa_ie_len=0 rsn_ie_len=20 caps=0x511 level=-68
02-25 10:59:52.479 D/wpa_supplicant(  694): wlan0:    skip - SSID mismatch
02-25 10:59:52.479 D/wpa_supplicant(  694): wlan0: 11: cc:34:29:2c:fb:ec ssid='linksys' wpa_ie_len=22 rsn_ie_len=20 caps=0x431 level=-69 wps
02-25 10:59:52.479 D/wpa_supplicant(  694): wlan0:    skip - SSID mismatch
02-25 10:59:52.479 D/wpa_supplicant(  694): wlan0: 12: 22:48:9a:ac:31:5b ssid='dean1' wpa_ie_len=0 rsn_ie_len=20 caps=0x431 level=-70
02-25 10:59:52.479 D/wpa_supplicant(  694): wlan0:    skip - SSID mismatch
02-25 10:59:52.479 D/wpa_supplicant(  694): wlan0: 13: 80:1f:02:43:fb:e8 ssid='Edimax AP' wpa_ie_len=0 rsn_ie_len=20 caps=0x411 level=-72
02-25 10:59:52.479 D/wpa_supplicant(  694): wlan0:    skip - SSID mismatch
02-25 10:59:52.479 D/wpa_supplicant(  694): wlan0: 14: c0:a0:bb:20:3b:84 ssid='dlink-3B84' wpa_ie_len=26 rsn_ie_len=24 caps=0x411 level=-76 wps
02-25 10:59:52.479 D/wpa_supplicant(  694): wlan0:    skip - SSID mismatch
02-25 10:59:52.479 D/wpa_supplicant(  694): wlan0: 15: 50:bd:5f:4b:29:92 ssid='Internet-2' wpa_ie_len=0 rsn_ie_len=0 caps=0x421 level=-63
02-25 10:59:52.479 D/wpa_supplicant(  694): wlan0:    skip - SSID mismatch
02-25 10:59:52.479 D/wpa_supplicant(  694): wlan0: 16: e4:d3:32:dd:18:62 ssid='Internet' wpa_ie_len=0 rsn_ie_len=0 caps=0x421 level=-72
02-25 10:59:52.479 D/wpa_supplicant(  694): wlan0:    skip - SSID mismatch
02-25 10:59:52.479 D/wpa_supplicant(  694): wlan0: Selecting BSS from priority group 18
02-25 10:59:52.479 D/wpa_supplicant(  694): wlan0: 0: f8:d1:11:e7:99:e8 ssid='videotest' wpa_ie_len=22 rsn_ie_len=20 caps=0x531 level=-42 wps
02-25 10:59:52.479 D/wpa_supplicant(  694): wlan0:    skip - SSID mismatch
02-25 10:59:52.479 D/wpa_supplicant(  694): wlan0: 1: c8:d7:19:60:62:f2 ssid='E3000-2.4G' wpa_ie_len=0 rsn_ie_len=20 caps=0x411 level=-44 wps
02-25 10:59:52.479 D/wpa_supplicant(  694): wlan0:    skip - SSID mismatch
02-25 10:59:52.479 D/wpa_supplicant(  694): wlan0: 2: 02:1a:11:ff:f7:0a ssid='io1' wpa_ie_len=0 rsn_ie_len=20 caps=0x431 level=-51
02-25 10:59:52.479 D/wpa_supplicant(  694): wlan0:    skip - SSID mismatch
02-25 10:59:52.479 D/wpa_supplicant(  694): wlan0: 3: 10:c3:7b:d2:e5:e0 ssid='ASUS_RT-AC66U-2.4G' wpa_ie_len=0 rsn_ie_len=20 caps=0x411 level=-55 wps
02-25 10:59:52.479 D/wpa_supplicant(  694): wlan0:    skip - SSID mismatch
02-25 10:59:52.479 D/wpa_supplicant(  694): wlan0: 4: cc:34:29:2b:26:4c ssid='cws-test' wpa_ie_len=0 rsn_ie_len=20 caps=0x431 level=-55 wps
02-25 10:59:52.479 D/wpa_supplicant(  694): wlan0:    skip - SSID mismatch
02-25 10:59:52.479 D/wpa_supplicant(  694): wlan0: 5: b0:48:7a:51:ff:cc ssid='Neusoft TP' wpa_ie_len=22 rsn_ie_len=20 caps=0x431 level=-58 wps
02-25 10:59:52.479 D/wpa_supplicant(  694): wlan0:    skip - SSID mismatch
02-25 10:59:52.479 D/wpa_supplicant(  694): wlan0: 6: 90:94:e4:03:45:f5 ssid='DAP-2553_D' wpa_ie_len=0 rsn_ie_len=24 caps=0x431 level=-58
02-25 10:59:52.479 D/wpa_supplicant(  694): wlan0:    skip - SSID mismatch
02-25 10:59:52.479 D/wpa_supplicant(  694): wlan0: 7: 44:94:fc:3d:da:38 ssid='6300' wpa_ie_len=0 rsn_ie_len=20 caps=0x411 level=-59 wps
02-25 10:59:52.479 D/wpa_supplicant(  694): wlan0:    skip - SSID mismatch
02-25 10:59:52.479 D/wpa_supplicant(  694): wlan0: 8: 98:fc:11:81:35:fb ssid='E2000EE' wpa_ie_len=0 rsn_ie_len=20 caps=0x411 level=-61
02-25 10:59:52.479 D/wpa_supplicant(  694): wlan0:    skip - SSID mismatch
02-25 10:59:52.479 D/wpa_supplicant(  694): wlan0: 9: e4:d3:32:c0:cf:a4 ssid='fast' wpa_ie_len=0 rsn_ie_len=20 caps=0x411 level=-67
02-25 10:59:52.479 D/wpa_supplicant(  694): wlan0:    skip - SSID mismatch
02-25 10:59:52.479 D/wpa_supplicant(  694): wlan0: 10: c4:17:fe:3f:4f:fb ssid='cmcm' wpa_ie_len=0 rsn_ie_len=20 caps=0x511 level=-68
02-25 10:59:52.479 D/wpa_supplicant(  694): wlan0:    skip - SSID mismatch
02-25 10:59:52.479 D/wpa_supplicant(  694): wlan0: 11: cc:34:29:2c:fb:ec ssid='linksys' wpa_ie_len=22 rsn_ie_len=20 caps=0x431 level=-69 wps
02-25 10:59:52.479 D/wpa_supplicant(  694): wlan0:    skip - SSID mismatch
02-25 10:59:52.479 D/wpa_supplicant(  694): wlan0: 12: 22:48:9a:ac:31:5b ssid='dean1' wpa_ie_len=0 rsn_ie_len=20 caps=0x431 level=-70
02-25 10:59:52.479 D/wpa_supplicant(  694): wlan0:    skip - SSID mismatch
02-25 10:59:52.479 D/wpa_supplicant(  694): wlan0: 13: 80:1f:02:43:fb:e8 ssid='Edimax AP' wpa_ie_len=0 rsn_ie_len=20 caps=0x411 level=-72
02-25 10:59:52.479 D/wpa_supplicant(  694): wlan0:    skip - SSID mismatch
02-25 10:59:52.479 D/wpa_supplicant(  694): wlan0: 14: c0:a0:bb:20:3b:84 ssid='dlink-3B84' wpa_ie_len=26 rsn_ie_len=24 caps=0x411 level=-76 wps
02-25 10:59:52.479 D/wpa_supplicant(  694): wlan0:    skip - SSID mismatch
02-25 10:59:52.479 D/wpa_supplicant(  694): wlan0: 15: 50:bd:5f:4b:29:92 ssid='Internet-2' wpa_ie_len=0 rsn_ie_len=0 caps=0x421 level=-63
02-25 10:59:52.479 D/wpa_supplicant(  694): wlan0:    skip - SSID mismatch
02-25 10:59:52.479 D/wpa_supplicant(  694): wlan0: 16: e4:d3:32:dd:18:62 ssid='Internet' wpa_ie_len=0 rsn_ie_len=0 caps=0x421 level=-72
02-25 10:59:52.479 D/wpa_supplicant(  694): wlan0:    skip - SSID mismatch
02-25 10:59:52.479 D/wpa_supplicant(  694): wlan0: Selecting BSS from priority group 17
02-25 10:59:52.479 D/wpa_supplicant(  694): wlan0: 0: f8:d1:11:e7:99:e8 ssid='videotest' wpa_ie_len=22 rsn_ie_len=20 caps=0x531 level=-42 wps
02-25 10:59:52.479 D/wpa_supplicant(  694): wlan0:    skip - SSID mismatch
02-25 10:59:52.479 D/wpa_supplicant(  694): wlan0: 1: c8:d7:19:60:62:f2 ssid='E3000-2.4G' wpa_ie_len=0 rsn_ie_len=20 caps=0x411 level=-44 wps
02-25 10:59:52.479 D/wpa_supplicant(  694): wlan0:    skip - SSID mismatch
02-25 10:59:52.479 D/wpa_supplicant(  694): wlan0: 2: 02:1a:11:ff:f7:0a ssid='io1' wpa_ie_len=0 rsn_ie_len=20 caps=0x431 level=-51
02-25 10:59:52.479 D/wpa_supplicant(  694): wlan0:    skip - SSID mismatch
02-25 10:59:52.479 D/wpa_supplicant(  694): wlan0: 3: 10:c3:7b:d2:e5:e0 ssid='ASUS_RT-AC66U-2.4G' wpa_ie_len=0 rsn_ie_len=20 caps=0x411 level=-55 wps
02-25 10:59:52.479 D/wpa_supplicant(  694): wlan0:    skip - SSID mismatch
02-25 10:59:52.479 D/wpa_supplicant(  694): wlan0: 4: cc:34:29:2b:26:4c ssid='cws-test' wpa_ie_len=0 rsn_ie_len=20 caps=0x431 level=-55 wps
02-25 10:59:52.479 D/wpa_supplicant(  694): wlan0:    skip - SSID mismatch
02-25 10:59:52.479 D/wpa_supplicant(  694): wlan0: 5: b0:48:7a:51:ff:cc ssid='Neusoft TP' wpa_ie_len=22 rsn_ie_len=20 caps=0x431 level=-58 wps
02-25 10:59:52.479 D/wpa_supplicant(  694): wlan0:    skip - SSID mismatch
02-25 10:59:52.479 D/wpa_supplicant(  694): wlan0: 6: 90:94:e4:03:45:f5 ssid='DAP-2553_D' wpa_ie_len=0 rsn_ie_len=24 caps=0x431 level=-58
02-25 10:59:52.479 D/wpa_supplicant(  694): wlan0:    skip - SSID mismatch
02-25 10:59:52.479 D/wpa_supplicant(  694): wlan0: 7: 44:94:fc:3d:da:38 ssid='6300' wpa_ie_len=0 rsn_ie_len=20 caps=0x411 level=-59 wps
02-25 10:59:52.479 D/wpa_supplicant(  694): wlan0:    skip - SSID mismatch
02-25 10:59:52.479 D/wpa_supplicant(  694): wlan0: 8: 98:fc:11:81:35:fb ssid='E2000EE' wpa_ie_len=0 rsn_ie_len=20 caps=0x411 level=-61
02-25 10:59:52.479 D/wpa_supplicant(  694): wlan0:    skip - SSID mismatch
02-25 10:59:52.479 D/wpa_supplicant(  694): wlan0: 9: e4:d3:32:c0:cf:a4 ssid='fast' wpa_ie_len=0 rsn_ie_len=20 caps=0x411 level=-67
02-25 10:59:52.479 D/wpa_supplicant(  694): wlan0:    skip - SSID mismatch
02-25 10:59:52.479 D/wpa_supplicant(  694): wlan0: 10: c4:17:fe:3f:4f:fb ssid='cmcm' wpa_ie_len=0 rsn_ie_len=20 caps=0x511 level=-68
02-25 10:59:52.479 D/wpa_supplicant(  694): wlan0:    skip - SSID mismatch
02-25 10:59:52.479 D/wpa_supplicant(  694): wlan0: 11: cc:34:29:2c:fb:ec ssid='linksys' wpa_ie_len=22 rsn_ie_len=20 caps=0x431 level=-69 wps
02-25 10:59:52.479 D/wpa_supplicant(  694): wlan0:    skip - SSID mismatch
02-25 10:59:52.479 D/wpa_supplicant(  694): wlan0: 12: 22:48:9a:ac:31:5b ssid='dean1' wpa_ie_len=0 rsn_ie_len=20 caps=0x431 level=-70
02-25 10:59:52.479 D/wpa_supplicant(  694): wlan0:    skip - SSID mismatch
02-25 10:59:52.479 D/wpa_supplicant(  694): wlan0: 13: 80:1f:02:43:fb:e8 ssid='Edimax AP' wpa_ie_len=0 rsn_ie_len=20 caps=0x411 level=-72
02-25 10:59:52.479 D/wpa_supplicant(  694): wlan0:    skip - SSID mismatch
02-25 10:59:52.479 D/wpa_supplicant(  694): wlan0: 14: c0:a0:bb:20:3b:84 ssid='dlink-3B84' wpa_ie_len=26 rsn_ie_len=24 caps=0x411 level=-76 wps
02-25 10:59:52.479 D/wpa_supplicant(  694): wlan0:    skip - SSID mismatch
02-25 10:59:52.479 D/wpa_supplicant(  694): wlan0: 15: 50:bd:5f:4b:29:92 ssid='Internet-2' wpa_ie_len=0 rsn_ie_len=0 caps=0x421 level=-63
02-25 10:59:52.479 D/wpa_supplicant(  694): wlan0:    skip - SSID mismatch
02-25 10:59:52.479 D/wpa_supplicant(  694): wlan0: 16: e4:d3:32:dd:18:62 ssid='Internet' wpa_ie_len=0 rsn_ie_len=0 caps=0x421 level=-72
02-25 10:59:52.479 D/wpa_supplicant(  694): wlan0:    skip - SSID mismatch
02-25 10:59:52.479 D/wpa_supplicant(  694): wlan0: Selecting BSS from priority group 15
02-25 10:59:52.479 D/wpa_supplicant(  694): wlan0: 0: f8:d1:11:e7:99:e8 ssid='videotest' wpa_ie_len=22 rsn_ie_len=20 caps=0x531 level=-42 wps
02-25 10:59:52.479 D/wpa_supplicant(  694): wlan0:    skip - SSID mismatch
02-25 10:59:52.479 D/wpa_supplicant(  694): wlan0: 1: c8:d7:19:60:62:f2 ssid='E3000-2.4G' wpa_ie_len=0 rsn_ie_len=20 caps=0x411 level=-44 wps
02-25 10:59:52.479 D/wpa_supplicant(  694): wlan0:    skip - SSID mismatch
02-25 10:59:52.479 D/wpa_supplicant(  694): wlan0: 2: 02:1a:11:ff:f7:0a ssid='io1' wpa_ie_len=0 rsn_ie_len=20 caps=0x431 level=-51
02-25 10:59:52.479 D/wpa_supplicant(  694): wlan0:    skip - SSID mismatch
02-25 10:59:52.479 D/wpa_supplicant(  694): wlan0: 3: 10:c3:7b:d2:e5:e0 ssid='ASUS_RT-AC66U-2.4G' wpa_ie_len=0 rsn_ie_len=20 caps=0x411 level=-55 wps
02-25 10:59:52.479 D/wpa_supplicant(  694): wlan0:    skip - SSID mismatch
02-25 10:59:52.479 D/wpa_supplicant(  694): wlan0: 4: cc:34:29:2b:26:4c ssid='cws-test' wpa_ie_len=0 rsn_ie_len=20 caps=0x431 level=-55 wps
02-25 10:59:52.479 D/wpa_supplicant(  694): wlan0:    skip - SSID mismatch
02-25 10:59:52.479 D/wpa_supplicant(  694): wlan0: 5: b0:48:7a:51:ff:cc ssid='Neusoft TP' wpa_ie_len=22 rsn_ie_len=20 caps=0x431 level=-58 wps
02-25 10:59:52.479 D/wpa_supplicant(  694): wlan0:    skip - SSID mismatch
02-25 10:59:52.479 D/wpa_supplicant(  694): wlan0: 6: 90:94:e4:03:45:f5 ssid='DAP-2553_D' wpa_ie_len=0 rsn_ie_len=24 caps=0x431 level=-58
02-25 10:59:52.479 D/wpa_supplicant(  694): wlan0:    skip - SSID mismatch
02-25 10:59:52.479 D/wpa_supplicant(  694): wlan0: 7: 44:94:fc:3d:da:38 ssid='6300' wpa_ie_len=0 rsn_ie_len=20 caps=0x411 level=-59 wps
02-25 10:59:52.479 D/wpa_supplicant(  694): wlan0:    skip - SSID mismatch
02-25 10:59:52.479 D/wpa_supplicant(  694): wlan0: 8: 98:fc:11:81:35:fb ssid='E2000EE' wpa_ie_len=0 rsn_ie_len=20 caps=0x411 level=-61
02-25 10:59:52.479 D/wpa_supplicant(  694): wlan0:    skip - SSID mismatch
02-25 10:59:52.479 D/wpa_supplicant(  694): wlan0: 9: e4:d3:32:c0:cf:a4 ssid='fast' wpa_ie_len=0 rsn_ie_len=20 caps=0x411 level=-67
02-25 10:59:52.479 D/wpa_supplicant(  694): wlan0:    skip - SSID mismatch
02-25 10:59:52.479 D/wpa_supplicant(  694): wlan0: 10: c4:17:fe:3f:4f:fb ssid='cmcm' wpa_ie_len=0 rsn_ie_len=20 caps=0x511 level=-68
02-25 10:59:52.479 D/wpa_supplicant(  694): wlan0:    skip - SSID mismatch
02-25 10:59:52.479 D/wpa_supplicant(  694): wlan0: 11: cc:34:29:2c:fb:ec ssid='linksys' wpa_ie_len=22 rsn_ie_len=20 caps=0x431 level=-69 wps
02-25 10:59:52.479 D/wpa_supplicant(  694): wlan0:    skip - SSID mismatch
02-25 10:59:52.479 D/wpa_supplicant(  694): wlan0: 12: 22:48:9a:ac:31:5b ssid='dean1' wpa_ie_len=0 rsn_ie_len=20 caps=0x431 level=-70
02-25 10:59:52.479 D/wpa_supplicant(  694): wlan0:    skip - SSID mismatch
02-25 10:59:52.479 D/wpa_supplicant(  694): wlan0: 13: 80:1f:02:43:fb:e8 ssid='Edimax AP' wpa_ie_len=0 rsn_ie_len=20 caps=0x411 level=-72
02-25 10:59:52.479 D/wpa_supplicant(  694): wlan0:    skip - SSID mismatch
02-25 10:59:52.479 D/wpa_supplicant(  694): wlan0: 14: c0:a0:bb:20:3b:84 ssid='dlink-3B84' wpa_ie_len=26 rsn_ie_len=24 caps=0x411 level=-76 wps
02-25 10:59:52.479 D/wpa_supplicant(  694): wlan0:    skip - SSID mismatch
02-25 10:59:52.479 D/wpa_supplicant(  694): wlan0: 15: 50:bd:5f:4b:29:92 ssid='Internet-2' wpa_ie_len=0 rsn_ie_len=0 caps=0x421 level=-63
02-25 10:59:52.479 D/wpa_supplicant(  694): wlan0:    skip - SSID mismatch
02-25 10:59:52.479 D/wpa_supplicant(  694): wlan0: 16: e4:d3:32:dd:18:62 ssid='Internet' wpa_ie_len=0 rsn_ie_len=0 caps=0x421 level=-72
02-25 10:59:52.479 D/wpa_supplicant(  694): wlan0:    skip - SSID mismatch
02-25 10:59:52.479 D/wpa_supplicant(  694): wlan0: Selecting BSS from priority group 4
02-25 10:59:52.479 D/wpa_supplicant(  694): wlan0: 0: f8:d1:11:e7:99:e8 ssid='videotest' wpa_ie_len=22 rsn_ie_len=20 caps=0x531 level=-42 wps
02-25 10:59:52.479 D/wpa_supplicant(  694): wlan0:    skip - SSID mismatch
02-25 10:59:52.479 D/wpa_supplicant(  694): wlan0: 1: c8:d7:19:60:62:f2 ssid='E3000-2.4G' wpa_ie_len=0 rsn_ie_len=20 caps=0x411 level=-44 wps
02-25 10:59:52.479 D/wpa_supplicant(  694): wlan0:    skip - SSID mismatch
02-25 10:59:52.479 D/wpa_supplicant(  694): wlan0: 2: 02:1a:11:ff:f7:0a ssid='io1' wpa_ie_len=0 rsn_ie_len=20 caps=0x431 level=-51
02-25 10:59:52.479 D/wpa_supplicant(  694): wlan0:    skip - SSID mismatch
02-25 10:59:52.479 D/wpa_supplicant(  694): wlan0: 3: 10:c3:7b:d2:e5:e0 ssid='ASUS_RT-AC66U-2.4G' wpa_ie_len=0 rsn_ie_len=20 caps=0x411 level=-55 wps
02-25 10:59:52.479 D/wpa_supplicant(  694): wlan0:    skip - SSID mismatch
02-25 10:59:52.479 D/wpa_supplicant(  694): wlan0: 4: cc:34:29:2b:26:4c ssid='cws-test' wpa_ie_len=0 rsn_ie_len=20 caps=0x431 level=-55 wps
02-25 10:59:52.479 D/wpa_supplicant(  694): wlan0:    skip - SSID mismatch
02-25 10:59:52.479 D/wpa_supplicant(  694): wlan0: 5: b0:48:7a:51:ff:cc ssid='Neusoft TP' wpa_ie_len=22 rsn_ie_len=20 caps=0x431 level=-58 wps
02-25 10:59:52.479 D/wpa_supplicant(  694): wlan0:    skip - SSID mismatch
02-25 10:59:52.479 D/wpa_supplicant(  694): wlan0: 6: 90:94:e4:03:45:f5 ssid='DAP-2553_D' wpa_ie_len=0 rsn_ie_len=24 caps=0x431 level=-58
02-25 10:59:52.479 D/wpa_supplicant(  694): wlan0:    skip - SSID mismatch
02-25 10:59:52.479 D/wpa_supplicant(  694): wlan0: 7: 44:94:fc:3d:da:38 ssid='6300' wpa_ie_len=0 rsn_ie_len=20 caps=0x411 level=-59 wps
02-25 10:59:52.479 D/wpa_supplicant(  694): wlan0:    skip - SSID mismatch
02-25 10:59:52.479 D/wpa_supplicant(  694): wlan0: 8: 98:fc:11:81:35:fb ssid='E2000EE' wpa_ie_len=0 rsn_ie_len=20 caps=0x411 level=-61
02-25 10:59:52.479 D/wpa_supplicant(  694): wlan0:    skip - SSID mismatch
02-25 10:59:52.479 D/wpa_supplicant(  694): wlan0: 9: e4:d3:32:c0:cf:a4 ssid='fast' wpa_ie_len=0 rsn_ie_len=20 caps=0x411 level=-67
02-25 10:59:52.479 D/wpa_supplicant(  694): wlan0:    skip - SSID mismatch
02-25 10:59:52.479 D/wpa_supplicant(  694): wlan0: 10: c4:17:fe:3f:4f:fb ssid='cmcm' wpa_ie_len=0 rsn_ie_len=20 caps=0x511 level=-68
02-25 10:59:52.479 D/wpa_supplicant(  694): wlan0:    skip - SSID mismatch
02-25 10:59:52.479 D/wpa_supplicant(  694): wlan0: 11: cc:34:29:2c:fb:ec ssid='linksys' wpa_ie_len=22 rsn_ie_len=20 caps=0x431 level=-69 wps
02-25 10:59:52.479 D/wpa_supplicant(  694): wlan0:    skip - SSID mismatch
02-25 10:59:52.479 D/wpa_supplicant(  694): wlan0: 12: 22:48:9a:ac:31:5b ssid='dean1' wpa_ie_len=0 rsn_ie_len=20 caps=0x431 level=-70
02-25 10:59:52.479 D/wpa_supplicant(  694): wlan0:    skip - SSID mismatch
02-25 10:59:52.479 D/wpa_supplicant(  694): wlan0: 13: 80:1f:02:43:fb:e8 ssid='Edimax AP' wpa_ie_len=0 rsn_ie_len=20 caps=0x411 level=-72
02-25 10:59:52.479 D/wpa_supplicant(  694): wlan0:    skip - SSID mismatch
02-25 10:59:52.479 D/wpa_supplicant(  694): wlan0: 14: c0:a0:bb:20:3b:84 ssid='dlink-3B84' wpa_ie_len=26 rsn_ie_len=24 caps=0x411 level=-76 wps
02-25 10:59:52.479 D/wpa_supplicant(  694): wlan0:    skip - SSID mismatch
02-25 10:59:52.479 D/wpa_supplicant(  694): wlan0: 15: 50:bd:5f:4b:29:92 ssid='Internet-2' wpa_ie_len=0 rsn_ie_len=0 caps=0x421 level=-63
02-25 10:59:52.479 D/wpa_supplicant(  694): wlan0:    skip - SSID mismatch
02-25 10:59:52.479 D/wpa_supplicant(  694): wlan0: 16: e4:d3:32:dd:18:62 ssid='Internet' wpa_ie_len=0 rsn_ie_len=0 caps=0x421 level=-72
02-25 10:59:52.479 D/wpa_supplicant(  694): wlan0:    skip - SSID mismatch
02-25 10:59:52.479 D/wpa_supplicant(  694): wlan0: No suitable network found
02-25 10:59:52.479 D/wpa_supplicant(  694): wlan0: Setting scan request: 40 sec 0 usec
02-25 10:59:52.479 D/wpa_supplicant(  694): wlan0: Checking for other virtual interfaces sharing same radio (phy0) in event_scan_results
02-25 10:59:52.479 D/wpa_supplicant(  694): p2p-dev-wlan0: Updating scan results from sibling
02-25 10:59:52.479 D/wpa_supplicant(  694): nl80211: Received scan results (17 BSSes)
02-25 10:59:52.479 D/wpa_supplicant(  694): nl80211: Survey data missing
02-25 10:59:52.479 D/wpa_supplicant(  694): p2p-dev-wlan0: BSS: Start scan result update 107
02-25 10:59:52.479 D/wpa_supplicant(  694): BSS: No P2P IE - skipping BSS f8:d1:11:e7:99:e8 update for P2P interface
02-25 10:59:52.479 D/wpa_supplicant(  694): BSS: No P2P IE - skipping BSS c8:d7:19:60:62:f2 update for P2P interface
02-25 10:59:52.479 D/wpa_supplicant(  694): BSS: No P2P IE - skipping BSS 02:1a:11:ff:f7:0a update for P2P interface
02-25 10:59:52.479 D/wpa_supplicant(  694): BSS: No P2P IE - skipping BSS 10:c3:7b:d2:e5:e0 update for P2P interface
02-25 10:59:52.479 D/wpa_supplicant(  694): BSS: No P2P IE - skipping BSS cc:34:29:2b:26:4c update for P2P interface
02-25 10:59:52.479 D/wpa_supplicant(  694): BSS: No P2P IE - skipping BSS b0:48:7a:51:ff:cc update for P2P interface
02-25 10:59:52.479 D/wpa_supplicant(  694): BSS: No P2P IE - skipping BSS 90:94:e4:03:45:f5 update for P2P interface
02-25 10:59:52.479 D/wpa_supplicant(  694): BSS: No P2P IE - skipping BSS 44:94:fc:3d:da:38 update for P2P interface
02-25 10:59:52.479 D/wpa_supplicant(  694): BSS: No P2P IE - skipping BSS 98:fc:11:81:35:fb update for P2P interface
02-25 10:59:52.479 D/wpa_supplicant(  694): BSS: No P2P IE - skipping BSS e4:d3:32:c0:cf:a4 update for P2P interface
02-25 10:59:52.479 D/wpa_supplicant(  694): BSS: No P2P IE - skipping BSS c4:17:fe:3f:4f:fb update for P2P interface
02-25 10:59:52.479 D/wpa_supplicant(  694): BSS: No P2P IE - skipping BSS cc:34:29:2c:fb:ec update for P2P interface
02-25 10:59:52.479 D/wpa_supplicant(  694): BSS: No P2P IE - skipping BSS 22:48:9a:ac:31:5b update for P2P interface
02-25 10:59:52.479 D/wpa_supplicant(  694): BSS: No P2P IE - skipping BSS 80:1f:02:43:fb:e8 update for P2P interface
02-25 10:59:52.479 D/wpa_supplicant(  694): BSS: No P2P IE - skipping BSS c0:a0:bb:20:3b:84 update for P2P interface
02-25 10:59:52.479 D/wpa_supplicant(  694): BSS: No P2P IE - skipping BSS 50:bd:5f:4b:29:92 update for P2P interface
02-25 10:59:52.479 D/wpa_supplicant(  694): BSS: No P2P IE - skipping BSS e4:d3:32:dd:18:62 update for P2P interface
02-25 10:59:52.479 D/wpa_supplicant(  694): BSS: last_scan_res_used=0/0 last_scan_full=0
02-25 10:59:52.479 D/wpa_supplicant(  694): p2p-dev-wlan0: New scan results available
02-25 10:59:52.479 D/wpa_supplicant(  694): CTRL_IFACE monitor send - hexdump(len=39): 2f 64 61 74 61 2f 6d 69 73 63 2f 77 69 66 69 2f 73 6f 63 6b 65 74 73 2f 77 70 61 5f 63 74 72 6c ...
02-25 10:59:52.489 D/wpa_supplicant(  694): WPS: AP[0] f8:d1:11:e7:99:e8 type=0 tries=0 last_attempt=-1 sec ago blacklist=0
02-25 10:59:52.489 D/wpa_supplicant(  694): WPS: AP[1] cc:34:29:2c:fb:ec type=0 tries=0 last_attempt=-1 sec ago blacklist=0
02-25 10:59:52.489 D/wpa_supplicant(  694): WPS: AP[2] cc:34:29:2b:26:4c type=0 tries=0 last_attempt=-1 sec ago blacklist=0
02-25 10:59:52.489 D/wpa_supplicant(  694): WPS: AP[3] b0:48:7a:51:ff:cc type=0 tries=0 last_attempt=-1 sec ago blacklist=0
02-25 10:59:52.489 D/wpa_supplicant(  694): WPS: AP[4] c0:a0:bb:20:3b:84 type=0 tries=0 last_attempt=-1 sec ago blacklist=0
02-25 10:59:52.489 D/wpa_supplicant(  694): WPS: AP[5] 2c:b0:5d:7f:f4:24 type=0 tries=0 last_attempt=-1 sec ago blacklist=0
02-25 10:59:52.489 D/wpa_supplicant(  694): WPS: AP[6] 9c:21:6a:0d:eb:72 type=0 tries=0 last_attempt=-1 sec ago blacklist=0
02-25 10:59:52.489 D/wpa_supplicant(  694): WPS: AP[7] c8:d7:19:60:62:f2 type=0 tries=0 last_attempt=-1 sec ago blacklist=0
02-25 10:59:52.489 D/wpa_supplicant(  694): WPS: AP[8] 44:94:fc:3d:da:38 type=0 tries=0 last_attempt=-1 sec ago blacklist=0
02-25 10:59:52.489 D/wpa_supplicant(  694): WPS: AP[9] 10:c3:7b:d2:e5:e0 type=0 tries=0 last_attempt=-1 sec ago blacklist=0
02-25 10:59:52.489 D/wpa_supplicant(  694): p2p-dev-wlan0: No suitable network found
02-25 10:59:52.489 D/wpa_supplicant(  694): p2p-dev-wlan0: Short-circuit new scan request since there are no enabled networks
02-25 10:59:52.489 D/wpa_supplicant(  694): p2p-dev-wlan0: State: INACTIVE -> INACTIVE
02-25 10:59:52.489 D/wpa_supplicant(  694): wlan0: P2P: Station mode scan operation not pending anymore (sta_scan_pending=0 p2p_cb_on_scan_complete=0)
02-25 10:59:52.489 D/wpa_supplicant(  694): RX ctrl_iface - hexdump(len=25): 42 53 53 20 52 41 4e 47 45 3d 30 2d 20 4d 41 53 4b 3d 30 78 32 31 39 38 37
02-25 10:59:52.489 D/wpa_supplicant(  694): wlan0: Control interface command 'BSS RANGE=0- MASK=0x21987'
02-25 10:59:52.489 D/wpa_supplicant(  694): RTM_NEWLINK: operstate=0 ifi_flags=0x11003 ([UP][LOWER_UP])
02-25 10:59:52.489 D/wpa_supplicant(  694): RTM_NEWLINK, IFLA_IFNAME: Interface 'wlan0' added
02-25 10:59:52.489 D/wpa_supplicant(  694): nl80211: if_removed already cleared - ignore event
02-25 10:59:52.489 I/WifiHW  (  506): REPLY: id=0
02-25 10:59:52.489 I/WifiHW  (  506): REPLY: bssid=f8:d1:11:e7:99:e8
02-25 10:59:52.489 I/WifiHW  (  506): REPLY: freq=2437
02-25 10:59:52.489 I/WifiHW  (  506): REPLY: level=-42
02-25 10:59:52.489 I/WifiHW  (  506): EVENT: IFNAME=p2p-dev-wlan0 CTRL-EVENT-SCAN-RESULTS 
02-25 10:59:52.489 I/WifiHW  (  506): REPLY: tsf=0000004366694745
02-25 10:59:52.489 I/WifiHW  (  506): REPLY: flags=[WPA-PSK-CCMP][WPA2-PSK-CCMP][WPS][ESS]
02-25 10:59:52.489 I/WifiHW  (  506): REPLY: ssid=videotest
02-25 10:59:52.489 I/WifiHW  (  506): REPLY: ====
02-25 10:59:52.489 I/WifiHW  (  506): REPLY: id=1
02-25 10:59:52.489 I/WifiHW  (  506): REPLY: bssid=02:1a:11:ff:f7:0a
02-25 10:59:52.489 I/WifiHW  (  506): REPLY: freq=2437
02-25 10:59:52.489 I/WifiHW  (  506): REPLY: level=-51
02-25 10:59:52.489 I/WifiHW  (  506): REPLY: tsf=0000004366694741
02-25 10:59:52.489 I/WifiHW  (  506): REPLY: flags=[WPA2-PSK-CCMP][ESS]
02-25 10:59:52.489 I/WifiHW  (  506): REPLY: ssid=io1
02-25 10:59:52.489 I/WifiHW  (  506): REPLY: ====
02-25 10:59:52.489 I/WifiHW  (  506): REPLY: id=2
02-25 10:59:52.489 I/WifiHW  (  506): REPLY: bssid=cc:34:29:2c:fb:ec
02-25 10:59:52.489 I/WifiHW  (  506): REPLY: freq=2412
02-25 10:59:52.489 I/WifiHW  (  506): REPLY: level=-69
02-25 10:59:52.489 I/WifiHW  (  506): REPLY: tsf=0000004366694723
02-25 10:59:52.489 I/WifiHW  (  506): REPLY: flags=[WPA-PSK-CCMP][WPA2-PSK-CCMP][WPS][ESS]
02-25 10:59:52.489 I/WifiHW  (  506): REPLY: ssid=linksys
02-25 10:59:52.489 I/WifiHW  (  506): REPLY: ====
02-25 10:59:52.489 I/WifiHW  (  506): REPLY: id=3
02-25 10:59:52.489 I/WifiHW  (  506): REPLY: bssid=cc:34:29:2b:26:4c
02-25 10:59:52.489 I/WifiHW  (  506): REPLY: freq=2462
02-25 10:59:52.489 I/WifiHW  (  506): REPLY: level=-55
02-25 10:59:52.489 I/WifiHW  (  506): REPLY: tsf=0000004366694793
02-25 10:59:52.489 I/WifiHW  (  506): REPLY: flags=[WPA2-PSK-CCMP][WPS][ESS]
02-25 10:59:52.489 I/WifiHW  (  506): REPLY: ssid=cws-test
02-25 10:59:52.489 I/WifiHW  (  506): REPLY: ====
02-25 10:59:52.489 I/WifiHW  (  506): REPLY: id=4
02-25 10:59:52.489 I/WifiHW  (  506): REPLY: bssid=90:94:e4:03:45:f5
02-25 10:59:52.489 I/WifiHW  (  506): REPLY: freq=2422
02-25 10:59:52.489 I/WifiHW  (  506): REPLY: level=-58
02-25 10:59:52.489 I/WifiHW  (  506): REPLY: tsf=0000004366694732
02-25 10:59:52.489 I/WifiHW  (  506): REPLY: flags=[WPA2-PSK-CCMP+TKIP][ESS]
02-25 10:59:52.489 I/WifiHW  (  506): REPLY: ssid=DAP-2553_D
02-25 10:59:52.489 I/WifiHW  (  506): REPLY: ====
02-25 10:59:52.489 I/WifiHW  (  506): REPLY: id=5
02-25 10:59:52.489 I/WifiHW  (  506): REPLY: bssid=98:fc:11:81:35:fb
02-25 10:59:52.489 I/WifiHW  (  506): REPLY: freq=2412
02-25 10:59:52.489 I/WifiHW  (  506): REPLY: level=-61
02-25 10:59:52.489 I/WifiHW  (  506): REPLY: tsf=0000004366694719
02-25 10:59:52.489 I/WifiHW  (  506): REPLY: flags=[WPA2-EAP-CCMP-preauth][ESS]
02-25 10:59:52.489 I/WifiHW  (  506): REPLY: ssid=E2000EE
02-25 10:59:52.489 I/WifiHW  (  506): REPLY: ====
02-25 10:59:52.489 I/WifiHW  (  506): REPLY: id=6
02-25 10:59:52.489 I/WifiHW  (  506): REPLY: bssid=80:1f:02:43:fb:e8
02-25 10:59:52.489 I/WifiHW  (  506): REPLY: freq=2412
02-25 10:59:52.489 I/WifiHW  (  506): REPLY: level=-72
02-25 10:59:52.489 I/WifiHW  (  506): REPLY: tsf=0000004366694727
02-25 10:59:52.489 I/WifiHW  (  506): REPLY: flags=[WPA2-PSK-CCMP-preauth][ESS]
02-25 10:59:52.489 I/WifiHW  (  506): REPLY: ssid=Edimax AP
02-25 10:59:52.489 I/WifiHW  (  506): REPLY: ====
02-25 10:59:52.489 I/WifiHW  (  506): REPLY: id=8
02-25 10:59:52.489 I/WifiHW  (  506): REPLY: bssid=b0:48:7a:51:ff:cc
02-25 10:59:52.489 I/WifiHW  (  506): REPLY: freq=2452
02-25 10:59:52.489 I/WifiHW  (  506): REPLY: level=-58
02-25 10:59:52.489 I/WifiHW  (  506): REPLY: tsf=0000004366694779
02-25 10:59:52.489 I/WifiHW  (  506): REPLY: flags=[WPA-PSK-CCMP][WPA2-PSK-CCMP][WPS][ESS]
02-25 10:59:52.489 I/WifiHW  (  506): REPLY: ssid=Neusoft TP
02-25 10:59:52.489 I/WifiHW  (  506): REPLY: ====
02-25 10:59:52.489 I/WifiHW  (  506): REPLY: id=17
02-25 10:59:52.489 I/WifiHW  (  506): REPLY: bssid=50:bd:5f:4b:29:92
02-25 10:59:52.489 I/WifiHW  (  506): REPLY: freq=2437
02-25 10:59:52.489 I/WifiHW  (  506): REPLY: level=-63
02-25 10:59:52.489 I/WifiHW  (  506): REPLY: tsf=0000004366694774
02-25 10:59:52.489 I/WifiHW  (  506): REPLY: flags=[ESS]
02-25 10:59:52.489 I/WifiHW  (  506): REPLY: ssid=Internet-2
02-25 10:59:52.489 I/WifiHW  (  506): REPLY: ====
02-25 10:59:52.489 I/WifiHW  (  506): REPLY: id=29
02-25 10:59:52.489 I/WifiHW  (  506): REPLY: bssid=c8:d7:19:60:62:f2
02-25 10:59:52.489 I/WifiHW  (  506): REPLY: freq=2437
02-25 10:59:52.489 I/WifiHW  (  506): REPLY: level=-44
02-25 10:59:52.489 I/WifiHW  (  506): REPLY: tsf=0000004366694750
02-25 10:59:52.489 I/WifiHW  (  506): REPLY: flags=[WPA2-PSK-CCMP][WPS][ESS]
02-25 10:59:52.489 I/WifiHW  (  506): REPLY: ssid=E3000-2.4G
02-25 10:59:52.489 I/WifiHW  (  506): REPLY: ====
02-25 10:59:52.489 I/WifiHW  (  506): REPLY: id=31
02-25 10:59:52.489 I/WifiHW  (  506): REPLY: bssid=44:94:fc:3d:da:38
02-25 10:59:52.489 I/WifiHW  (  506): REPLY: freq=2462
02-25 10:59:52.489 I/WifiHW  (  506): REPLY: level=-59
02-25 10:59:52.489 I/WifiHW  (  506): REPLY: tsf=0000004366694789
02-25 10:59:52.489 I/WifiHW  (  506): REPLY: flags=[WPA2-EAP-CCMP-preauth][WPS][ESS]
02-25 10:59:52.489 I/WifiHW  (  506): REPLY: ssid=6300
02-25 10:59:52.489 I/WifiHW  (  506): REPLY: ====
02-25 10:59:52.489 I/WifiHW  (  506): REPLY: id=32
02-25 10:59:52.489 I/WifiHW  (  506): REPLY: bssid=10:c3:7b:d2:e5:e0
02-25 10:59:52.489 I/WifiHW  (  506): REPLY: freq=2462
02-25 10:59:52.489 I/WifiHW  (  506): REPLY: level=-55
02-25 10:59:52.489 I/WifiHW  (  506): REPLY: tsf=0000004366694784
02-25 10:59:52.489 I/WifiHW  (  506): REPLY: flags=[WPA2-PSK-CCMP][WPS][ESS]
02-25 10:59:52.489 I/WifiHW  (  506): REPLY: ssid=ASUS_RT-AC66U-2.4G
02-25 10:59:52.489 I/WifiHW  (  506): REPLY: ====
02-25 10:59:52.489 I/WifiHW  (  506): REPLY: id=80
02-25 10:59:52.489 I/WifiHW  (  506): REPLY: bssid=c4:17:fe:3f:4f:fb
02-25 10:59:52.489 I/WifiHW  (  506): REPLY: freq=2437
02-25 10:59:52.489 I/WifiHW  (  506): REPLY: level=-68
02-25 10:59:52.489 I/WifiHW  (  506): REPLY: tsf=0000004366694754
02-25 10:59:52.489 I/WifiHW  (  506): REPLY: flags=[WPA2-PSK-CCMP][ESS]
02-25 10:59:52.489 I/WifiHW  (  506): REPLY: ssid=cmcm
02-25 10:59:52.489 I/WifiHW  (  506): REPLY: ====
02-25 10:59:52.489 I/WifiHW  (  506): REPLY: id=96
02-25 10:59:52.489 I/WifiHW  (  506): REPLY: bssid=22:48:9a:ac:31:5b
02-25 10:59:52.489 I/WifiHW  (  506): REPLY: freq=2437
02-25 10:59:52.489 I/WifiHW  (  506): REPLY: level=-70
02-25 10:59:52.489 I/WifiHW  (  506): REPLY: tsf=0000004366694764
02-25 10:59:52.489 I/WifiHW  (  506): REPLY: flags=[WPA2-PSK-CCMP][ESS]
02-25 10:59:52.489 I/WifiHW  (  506): REPLY: ssid=dean1
02-25 10:59:52.489 I/WifiHW  (  506): REPLY: ====
02-25 10:59:52.489 I/WifiHW  (  506): REPLY: id=122
02-25 10:59:52.489 I/WifiHW  (  506): REPLY: bssid=c0:a0:bb:20:3b:84
02-25 10:59:52.489 I/WifiHW  (  506): REPLY: freq=2417
02-25 10:59:52.489 I/WifiHW  (  506): REPLY: level=-76
02-25 10:59:52.489 I/WifiHW  (  506): REPLY: tsf=0000004366694737
02-25 10:59:52.489 I/WifiHW  (  506): REPLY: flags=[WPA-PSK-CCMP+TKIP][WPA2-PSK-CCMP+TKIP][WPS][ESS]
02-25 10:59:52.489 I/WifiHW  (  506): REPLY: ssid=dlink-3B84
02-25 10:59:52.489 I/WifiHW  (  506): REPLY: ====
02-25 10:59:52.489 I/WifiHW  (  506): REPLY: id=142
02-25 10:59:52.489 I/WifiHW  (  506): REPLY: bssid=e4:d3:32:c0:cf:a4
02-25 10:59:52.489 I/WifiHW  (  506): REPLY: freq=2437
02-25 10:59:52.489 I/WifiHW  (  506): REPLY: level=-67
02-25 10:59:52.489 I/WifiHW  (  506): REPLY: tsf=0000004366694759
02-25 10:59:52.489 I/WifiHW  (  506): REPLY: flags=[WPA2-PSK-CCMP][ESS]
02-25 10:59:52.489 I/WifiHW  (  506): REPLY: ssid=fast
02-25 10:59:52.489 I/WifiHW  (  506): REPLY: ====
02-25 10:59:52.489 I/WifiHW  (  506): REPLY: id=143
02-25 10:59:52.489 I/WifiHW  (  506): REPLY: bssid=02:09:4c:d9:8b:51
02-25 10:59:52.489 I/WifiHW  (  506): REPLY: freq=2412
02-25 10:59:52.489 I/WifiHW  (  506): REPLY: level=-65
02-25 10:59:52.489 I/WifiHW  (  506): REPLY: tsf=0000004325462839
02-25 10:59:52.489 I/WifiHW  (  506): REPLY: flags=[WEP]
02-25 10:59:52.489 I/WifiHW  (  506): REPLY: ssid=DIRECT-
02-25 10:59:52.489 I/WifiHW  (  506): REPLY: ====
02-25 10:59:52.489 I/WifiHW  (  506): REPLY: id=144
02-25 10:59:52.489 I/WifiHW  (  506): REPLY: bssid=e4:d3:32:dd:18:62
02-25 10:59:52.489 I/WifiHW  (  506): REPLY: freq=2437
02-25 10:59:52.489 I/WifiHW  (  506): REPLY: level=-72
02-25 10:59:52.489 I/WifiHW  (  506): REPLY: tsf=0000004366694769
02-25 10:59:52.489 I/WifiHW  (  506): REPLY: flags=[ESS]
02-25 10:59:52.489 I/WifiHW  (  506): REPLY: ssid=Internet
02-25 10:59:52.489 I/WifiHW  (  506): REPLY: ####
02-25 10:59:52.989 W/BindingManager(10976): Cannot call determinedVisibility() - never saw a connection for the pid: 10976
02-25 10:59:53.699 W/BindingManager(10976): Cannot call determinedVisibility() - never saw a connection for the pid: 10976
02-25 10:59:54.439 W/BindingManager(10976): Cannot call determinedVisibility() - never saw a connection for the pid: 10976
02-25 10:59:55.119 W/BindingManager(10976): Cannot call determinedVisibility() - never saw a connection for the pid: 10976
02-25 10:59:55.779 W/BindingManager(10976): Cannot call determinedVisibility() - never saw a connection for the pid: 10976
02-25 10:59:55.899 D/EVENT_THREAD(  186): void CEventThread::run() POLLIN event on Fd (1)
02-25 10:59:55.899 D/EVENT_THREAD(  186): void CEventThread::run() Do poll with timeout: -1
02-25 10:59:56.519 W/BindingManager(10976): Cannot call determinedVisibility() - never saw a connection for the pid: 10976
02-25 10:59:58.179 W/ufoGralloc(  171): registerBuffer() handle 0xb94c1d40/56 didn't require registration
02-25 10:59:58.209 D/CordovaActivity(10976): Paused the application!
02-25 10:59:58.209 D/CordovaWebView(10976): Handle the pause
02-25 10:59:58.209 D/WindowManager(  506): adjustConfigurationLw, config:{1.0 ?mcc?mnc ?locale ?layoutDir sw600dp w600dp h888dp 213dpi lrg port ?uimode ?night finger -keyb/v/h -nav/v} mLidState:1 mHasDockFeature:false mHasKeyboardFeature:false mHasHallSensorFeature:true config.hardKeyboardHidden:2
02-25 10:59:58.209 I/ActivityManager(  506): [TopPkgCurBat]	NowPkgName[com.asus.launcher]	Battery[100]	TimeTick[1424833198222]	OldPkgName[org.xwalk.webapi_noneservice_tests]
02-25 10:59:58.219 I/chromium(10976): [INFO:CONSOLE(1)] "exception firing pause event from native", source:  (1)
02-25 10:59:58.239 V/WeatherTimeProvider( 1537): widget on Visibility Changed
02-25 10:59:58.249 D/        (  702): Pixel Format : GGL_PIXEL_FORMAT_RGBA_8888
02-25 10:59:58.259 W/IInputConnectionWrapper(10976): showStatusIcon on inactive InputConnection
02-25 10:59:58.259 D/XT9IME  (  731): new subtype :zh_CN ,pinyin
02-25 10:59:58.279 D/ImageWallpaper(  571): onVisibilityChanged: mVisible, visible=false, true
02-25 10:59:58.279 D/ImageWallpaper(  571): Visibility changed to visible=true
02-25 10:59:58.279 D/BatteryStatsImpl(  506): noteStopWakeLocked system isFromForeground = false
02-25 10:59:58.279 D/ImageWallpaper(  571): Suppressed drawFrame since redraw is not needed and offsets have not changed.
02-25 10:59:58.299 D/        (10976): Surface destroy: ANDROID_NATIVE_WINDOW_MAGIC
02-25 10:59:58.299 D/        (10976): Surface destroy: ANDROID_NATIVE_WINDOW_MAGIC
02-25 10:59:58.699 D/        (10976): Pixel Format : GGL_PIXEL_FORMAT_RGBA_8888
02-25 10:59:58.709 W/SurfaceFlinger(  171): couldn't log to binary event log: overflow.
02-25 10:59:58.709 D/CordovaActivity(10976): CordovaActivity.onDestroy()
02-25 10:59:58.709 D/CordovaWebView(10976): >>> loadUrlNow()
02-25 10:59:58.719 W/ScreenOrientationListener(10976): Removing an inexistent observer!
02-25 10:59:59.329 D/AndroidRuntime(11601): 
02-25 10:59:59.329 D/AndroidRuntime(11601): >>>>>> AndroidRuntime START com.android.internal.os.RuntimeInit <<<<<<
02-25 10:59:59.329 D/AndroidRuntime(11601): CheckJNI is OFF
02-25 10:59:59.329 I/AndroidRuntime(11601): Kernel Release Version: 3.10.20-gf818079
02-25 10:59:59.329 I/dalvikvm(11601): No library specified. The standard exception handler will be used
02-25 10:59:59.329 I/dalvikvm(11601): 
02-25 10:59:59.329 I/dalvikvm(11601): +++++++++++++ Using PCG. +++++++++++++++++++++
02-25 10:59:59.339 D/dalvikvm(11601): Trying to load lib libjavacore.so 0x0
02-25 10:59:59.339 D/dalvikvm(11601): Added shared lib libjavacore.so 0x0
02-25 10:59:59.339 D/dalvikvm(11601): Trying to load lib libnativehelper.so 0x0
02-25 10:59:59.339 D/dalvikvm(11601): Added shared lib libnativehelper.so 0x0
02-25 10:59:59.339 D/dalvikvm(11601): No JNI_OnLoad found in libnativehelper.so 0x0, skipping init
02-25 10:59:59.349 D/dalvikvm(11601): Extra Options: not specified
02-25 10:59:59.359 D/dalvikvm(11601): Note: class Landroid/app/ActivityManagerNative; has 186 unimplemented (abstract) methods
02-25 10:59:59.429 E/memtrack(11601): Couldn't load memtrack module (No such file or directory)
02-25 10:59:59.429 E/android.os.Debug(11601): failed to load memtrack module: -2
02-25 10:59:59.469 D/AndroidRuntime(11601): Calling main entry com.android.commands.am.Am
02-25 10:59:59.489 I/ActivityManager(  506): Force stopping org.xwalk.webapi_noneservice_tests appid=10259 user=0: from pid 11601
02-25 10:59:59.489 I/SecurityManagerService(  602): SMS received security event: App[STOP/org.xwalk.webapi_noneservice_tests]
02-25 10:59:59.489 D/AndroidRuntime(11601): Shutting down VM
02-25 10:59:59.489 I/ActivityManager(  506): Killing 10976:org.xwalk.webapi_noneservice_tests/u0a259 (adj 9): stop org.xwalk.webapi_noneservice_tests
02-25 10:59:59.499 D/dalvikvm(11601): GC_CONCURRENT freed 112K, 16% free 666K/792K, paused 2ms+0ms, total 3ms
02-25 10:59:59.499 D/dalvikvm(11601): Compiler shutdown in progress - discarding request
02-25 10:59:59.499 D/dalvikvm(11601): Compiler shutdown in progress - discarding request
02-25 10:59:59.499 D/dalvikvm(11601): Compiler shutdown in progress - discarding request
02-25 10:59:59.499 D/dalvikvm(11601): Compiler shutdown in progress - discarding request
02-25 10:59:59.499 D/dalvikvm(11601): Compiler shutdown in progress - discarding request
02-25 10:59:59.499 D/dalvikvm(11601): Compiler shutdown in progress - discarding request
02-25 10:59:59.499 D/dalvikvm(11601): Compiler shutdown in progress - discarding request
02-25 10:59:59.499 D/dalvikvm(11601): Compiler shutdown in progress - discarding request
02-25 10:59:59.499 D/dalvikvm(11601): Compiler shutdown in progress - discarding request
02-25 10:59:59.499 D/dalvikvm(11601): Compiler shutdown in progress - discarding request
02-25 10:59:59.499 D/dalvikvm(11601): Compiler shutdown in progress - discarding request
02-25 10:59:59.499 D/dalvikvm(11601): Compiler shutdown in progress - discarding request
02-25 10:59:59.499 D/dalvikvm(11601): Compiler shutdown in progress - discarding request
02-25 10:59:59.499 D/dalvikvm(11601): Compiler shutdown in progress - discarding request
02-25 10:59:59.499 D/dalvikvm(11601): Compiler shutdown in progress - discarding request
02-25 10:59:59.499 D/dalvikvm(11601): Compiler shutdown in progress - discarding request
02-25 10:59:59.499 D/dalvikvm(11601): Compiler shutdown in progress - discarding request
02-25 10:59:59.499 D/dalvikvm(11601): Compiler shutdown in progress - discarding request
02-25 10:59:59.499 D/dalvikvm(11601): Compiler shutdown in progress - discarding request
02-25 10:59:59.499 D/dalvikvm(11601): Compiler shutdown in progress - discarding request
02-25 10:59:59.499 D/dalvikvm(11601): Compiler shutdown in progress - discarding request
02-25 10:59:59.499 D/dalvikvm(11601): Compiler shutdown in progress - discarding request
02-25 10:59:59.499 D/dalvikvm(11601): Compiler shutdown in progress - discarding request
02-25 10:59:59.499 D/dalvikvm(11601): Compiler shutdown in progress - discarding request
02-25 10:59:59.499 D/dalvikvm(11601): Compiler shutdown in progress - discarding request
02-25 10:59:59.499 D/dalvikvm(11601): Compiler shutdown in progress - discarding request
02-25 10:59:59.499 D/dalvikvm(11601): Compiler shutdown in progress - discarding request
02-25 10:59:59.499 D/dalvikvm(11601): Compiler shutdown in progress - discarding request
02-25 10:59:59.499 D/dalvikvm(11601): Compiler shutdown in progress - discarding request
02-25 10:59:59.499 D/dalvikvm(11601): Compiler shutdown in progress - discarding request
02-25 10:59:59.499 D/dalvikvm(11601): Compiler shutdown in progress - discarding request
02-25 10:59:59.499 D/dalvikvm(11601): Compiler shutdown in progress - discarding request
02-25 10:59:59.499 D/dalvikvm(11601): Compiler shutdown in progress - discarding request
02-25 10:59:59.499 D/dalvikvm(11601): Compiler shutdown in progress - discarding request
02-25 10:59:59.499 D/dalvikvm(11601): Compiler shutdown in progress - discarding request
02-25 10:59:59.499 D/dalvikvm(11601): Compiler shutdown in progress - discarding request
02-25 10:59:59.499 D/dalvikvm(11601): Compiler shutdown in progress - discarding request
02-25 10:59:59.499 D/dalvikvm(11601): Compiler shutdown in progress - discarding request
02-25 10:59:59.499 D/dalvikvm(11601): Compiler shutdown in progress - discarding request
02-25 10:59:59.499 D/dalvikvm(11601): Compiler shutdown in progress - discarding request
02-25 10:59:59.499 D/dalvikvm(11601): Compiler shutdown in progress - discarding request
02-25 10:59:59.499 D/dalvikvm(11601): Compiler shutdown in progress - discarding request
02-25 10:59:59.499 D/dalvikvm(11601): Compiler shutdown in progress - discarding request
02-25 10:59:59.499 D/dalvikvm(11601): Compiler shutdown in progress - discarding request
02-25 10:59:59.499 D/dalvikvm(11601): Compiler shutdown in progress - discarding request
02-25 10:59:59.999 D/Clock   (  571): ACTION_TIME_TICK
02-25 10:59:59.999 D/Clock   (  571): update clock:上午11:00
02-25 11:00:00.059 D/BatteryStatsImpl(  506): noteStopWakeLocked system isFromForeground = false
