02-25 10:10:31.089 I/libva   (  186): Trying to open /system/lib/i965_drv_video.so
02-25 10:10:31.089 I/libva   (  186): Found init function __vaDriverInit_0_32
02-25 10:10:31.099 I/libva   (  186): va_openDriver() returns 0
02-25 10:10:31.099 I/OMXCodec(  186): [OMX.Intel.hw_vd.h264] AVC profile = 66 (Baseline), level = 30
02-25 10:10:31.099 I/OMXCodec(  186): [OMX.Intel.hw_vd.h264] video dimensions are 320 x 240
02-25 10:10:31.099 I/OMXCodec(  186): [OMX.Intel.hw_vd.h264] Crop rect is 320 x 240 @ (0, 0)
02-25 10:10:31.099 I/MediaFocusControl(  506):  AudioFocus  abandonAudioFocus() from android.media.AudioManager@21efeb60org.chromium.media.MediaPlayerListener@21ff6aa8
02-25 10:10:31.099 V/Avrcp   ( 1132): New genId = 14, clearing = 1
02-25 10:10:31.119 W/BindingManager( 2034): Cannot call determinedVisibility() - never saw a connection for the pid: 2034
02-25 10:10:32.329 W/ufoGralloc(  171): registerBuffer() handle 0xb94c1d40/39 didn't require registration
02-25 10:10:32.339 D/CordovaActivity( 2034): Paused the application!
02-25 10:10:32.339 D/CordovaWebView( 2034): Handle the pause
02-25 10:10:32.349 D/WindowManager(  506): adjustConfigurationLw, config:{1.0 ?mcc?mnc ?locale ?layoutDir sw600dp w600dp h888dp 213dpi lrg port ?uimode ?night finger -keyb/v/h -nav/v} mLidState:1 mHasDockFeature:false mHasKeyboardFeature:false mHasHallSensorFeature:true config.hardKeyboardHidden:2
02-25 10:10:32.349 I/chromium( 2034): [INFO:CONSOLE(1)] "exception firing pause event from native", source:  (1)
02-25 10:10:32.349 I/ActivityManager(  506): [TopPkgCurBat]	NowPkgName[testkit.stub]	Battery[100]	TimeTick[1424830232361]	OldPkgName[org.xwalk.webapi_noneservice_tests]
02-25 10:10:32.379 V/AsusPhoneStatusBar(  571): setLightsOn(true)
02-25 10:10:32.409 D/BatteryStatsImpl(  506): noteStopWakeLocked system isFromForeground = false
02-25 10:10:32.409 D/XT9IME  (  731): new subtype :zh_CN ,pinyin
02-25 10:10:32.419 D/        ( 2034): Surface destroy: ANDROID_NATIVE_WINDOW_MAGIC
02-25 10:10:32.419 D/        ( 2034): Surface destroy: ANDROID_NATIVE_WINDOW_MAGIC
02-25 10:10:32.429 W/IInputConnectionWrapper( 2034): showStatusIcon on inactive InputConnection
02-25 10:10:33.139 D/        ( 2034): Pixel Format : GGL_PIXEL_FORMAT_RGBA_8888
02-25 10:10:33.139 W/SurfaceFlinger(  171): couldn't log to binary event log: overflow.
02-25 10:10:33.139 I/ActivityManager(  506): Killing 1673:com.asus.email/u0a5 (adj 15): empty #9
02-25 10:10:33.149 D/CordovaActivity( 2034): CordovaActivity.onDestroy()
02-25 10:10:33.149 D/CordovaWebView( 2034): >>> loadUrlNow()
02-25 10:10:33.149 W/ScreenOrientationListener( 2034): Removing an inexistent observer!
02-25 10:10:33.209 I/SecurityManagerService(  602): SMS received security event: App[STOP/com.asus.email]
02-25 10:10:33.799 D/AndroidRuntime( 2385): 
02-25 10:10:33.799 D/AndroidRuntime( 2385): >>>>>> AndroidRuntime START com.android.internal.os.RuntimeInit <<<<<<
02-25 10:10:33.799 D/AndroidRuntime( 2385): CheckJNI is OFF
02-25 10:10:33.799 I/AndroidRuntime( 2385): Kernel Release Version: 3.10.20-gf818079
02-25 10:10:33.799 I/dalvikvm( 2385): No library specified. The standard exception handler will be used
02-25 10:10:33.819 I/dalvikvm( 2385): 
02-25 10:10:33.819 I/dalvikvm( 2385): +++++++++++++ Using PCG. +++++++++++++++++++++
02-25 10:10:33.829 D/dalvikvm( 2385): Trying to load lib libjavacore.so 0x0
02-25 10:10:33.829 D/dalvikvm( 2385): Added shared lib libjavacore.so 0x0
02-25 10:10:33.829 D/dalvikvm( 2385): Trying to load lib libnativehelper.so 0x0
02-25 10:10:33.829 D/dalvikvm( 2385): Added shared lib libnativehelper.so 0x0
02-25 10:10:33.829 D/dalvikvm( 2385): No JNI_OnLoad found in libnativehelper.so 0x0, skipping init
02-25 10:10:33.839 D/dalvikvm( 2385): Extra Options: not specified
02-25 10:10:33.859 D/dalvikvm( 2385): Note: class Landroid/app/ActivityManagerNative; has 186 unimplemented (abstract) methods
02-25 10:10:33.929 E/memtrack( 2385): Couldn't load memtrack module (No such file or directory)
02-25 10:10:33.929 E/android.os.Debug( 2385): failed to load memtrack module: -2
02-25 10:10:33.989 D/AndroidRuntime( 2385): Calling main entry com.android.commands.am.Am
02-25 10:10:34.009 I/ActivityManager(  506): Force stopping org.xwalk.webapi_noneservice_tests appid=10259 user=0: from pid 2385
02-25 10:10:34.009 I/SecurityManagerService(  602): SMS received security event: App[STOP/org.xwalk.webapi_noneservice_tests]
02-25 10:10:34.009 D/AndroidRuntime( 2385): Shutting down VM
02-25 10:10:34.009 I/ActivityManager(  506): Killing 2034:org.xwalk.webapi_noneservice_tests/u0a259 (adj 9): stop org.xwalk.webapi_noneservice_tests
02-25 10:10:34.019 D/dalvikvm( 2385): GC_CONCURRENT freed 112K, 16% free 666K/792K, paused 0ms+0ms, total 1ms
02-25 10:10:34.019 D/dalvikvm( 2385): Compiler shutdown in progress - discarding request
02-25 10:10:34.019 D/dalvikvm( 2385): Compiler shutdown in progress - discarding request
02-25 10:10:34.019 D/dalvikvm( 2385): Compiler shutdown in progress - discarding request
02-25 10:10:34.019 D/dalvikvm( 2385): Compiler shutdown in progress - discarding request
02-25 10:10:34.019 D/dalvikvm( 2385): Compiler shutdown in progress - discarding request
02-25 10:10:34.019 D/dalvikvm( 2385): Compiler shutdown in progress - discarding request
02-25 10:10:34.019 D/dalvikvm( 2385): Compiler shutdown in progress - discarding request
02-25 10:10:34.019 D/dalvikvm( 2385): Compiler shutdown in progress - discarding request
02-25 10:10:34.019 D/dalvikvm( 2385): Compiler shutdown in progress - discarding request
02-25 10:10:34.019 D/dalvikvm( 2385): Compiler shutdown in progress - discarding request
02-25 10:10:34.019 D/dalvikvm( 2385): Compiler shutdown in progress - discarding request
02-25 10:10:34.019 D/dalvikvm( 2385): Compiler shutdown in progress - discarding request
02-25 10:10:34.019 D/dalvikvm( 2385): Compiler shutdown in progress - discarding request
02-25 10:10:34.019 D/dalvikvm( 2385): Compiler shutdown in progress - discarding request
02-25 10:10:34.019 D/dalvikvm( 2385): Compiler shutdown in progress - discarding request
02-25 10:10:34.019 D/dalvikvm( 2385): Compiler shutdown in progress - discarding request
02-25 10:10:34.019 D/dalvikvm( 2385): Compiler shutdown in progress - discarding request
02-25 10:10:34.019 D/dalvikvm( 2385): Compiler shutdown in progress - discarding request
02-25 10:10:34.019 D/dalvikvm( 2385): Compiler shutdown in progress - discarding request
02-25 10:10:34.019 D/dalvikvm( 2385): Compiler shutdown in progress - discarding request
02-25 10:10:34.019 D/dalvikvm( 2385): Compiler shutdown in progress - discarding request
02-25 10:10:34.019 D/dalvikvm( 2385): Compiler shutdown in progress - discarding request
02-25 10:10:34.019 D/dalvikvm( 2385): Compiler shutdown in progress - discarding request
02-25 10:10:34.019 D/dalvikvm( 2385): Compiler shutdown in progress - discarding request
02-25 10:10:34.019 D/dalvikvm( 2385): Compiler shutdown in progress - discarding request
02-25 10:10:34.019 D/dalvikvm( 2385): Compiler shutdown in progress - discarding request
02-25 10:10:34.019 D/dalvikvm( 2385): Compiler shutdown in progress - discarding request
02-25 10:10:34.019 D/dalvikvm( 2385): Compiler shutdown in progress - discarding request
02-25 10:10:34.019 D/dalvikvm( 2385): Compiler shutdown in progress - discarding request
02-25 10:10:34.019 D/dalvikvm( 2385): Compiler shutdown in progress - discarding request
02-25 10:10:34.019 D/dalvikvm( 2385): Compiler shutdown in progress - discarding request
02-25 10:10:34.019 D/dalvikvm( 2385): Compiler shutdown in progress - discarding request
02-25 10:10:34.019 D/dalvikvm( 2385): Compiler shutdown in progress - discarding request
02-25 10:10:34.019 D/dalvikvm( 2385): Compiler shutdown in progress - discarding request
02-25 10:10:34.019 D/dalvikvm( 2385): Compiler shutdown in progress - discarding request
02-25 10:10:34.019 D/dalvikvm( 2385): Compiler shutdown in progress - discarding request
02-25 10:10:34.019 D/dalvikvm( 2385): Compiler shutdown in progress - discarding request
02-25 10:10:34.019 D/dalvikvm( 2385): Compiler shutdown in progress - discarding request
02-25 10:10:34.019 D/dalvikvm( 2385): Compiler shutdown in progress - discarding request
02-25 10:10:34.019 D/dalvikvm( 2385): Compiler shutdown in progress - discarding request
02-25 10:10:34.019 D/dalvikvm( 2385): Compiler shutdown in progress - discarding request
02-25 10:10:34.019 D/dalvikvm( 2385): Compiler shutdown in progress - discarding request
--------- beginning of /dev/log/main
02-25 10:10:36.179 D/AndroidRuntime( 2409): 
02-25 10:10:36.179 D/AndroidRuntime( 2409): >>>>>> AndroidRuntime START com.android.internal.os.RuntimeInit <<<<<<
02-25 10:10:36.189 D/AndroidRuntime( 2409): CheckJNI is OFF
02-25 10:10:36.189 I/AndroidRuntime( 2409): Kernel Release Version: 3.10.20-gf818079
02-25 10:10:36.189 I/dalvikvm( 2409): No library specified. The standard exception handler will be used
02-25 10:10:36.189 I/dalvikvm( 2409): 
02-25 10:10:36.189 I/dalvikvm( 2409): +++++++++++++ Using PCG. +++++++++++++++++++++
02-25 10:10:36.199 D/dalvikvm( 2409): Trying to load lib libjavacore.so 0x0
02-25 10:10:36.199 D/dalvikvm( 2409): Added shared lib libjavacore.so 0x0
02-25 10:10:36.199 D/dalvikvm( 2409): Trying to load lib libnativehelper.so 0x0
02-25 10:10:36.199 D/dalvikvm( 2409): Added shared lib libnativehelper.so 0x0
02-25 10:10:36.199 D/dalvikvm( 2409): No JNI_OnLoad found in libnativehelper.so 0x0, skipping init
02-25 10:10:36.209 D/dalvikvm( 2409): Extra Options: not specified
02-25 10:10:36.219 D/dalvikvm( 2409): Note: class Landroid/app/ActivityManagerNative; has 186 unimplemented (abstract) methods
02-25 10:10:36.299 E/memtrack( 2409): Couldn't load memtrack module (No such file or directory)
02-25 10:10:36.299 E/android.os.Debug( 2409): failed to load memtrack module: -2
02-25 10:10:36.329 D/AndroidRuntime( 2409): Calling main entry com.android.commands.am.Am
02-25 10:10:36.349 D/AndroidRuntime( 2409): Shutting down VM
02-25 10:10:36.349 D/dalvikvm( 2409): GC_CONCURRENT freed 108K, 16% free 638K/760K, paused 0ms+0ms, total 1ms
--------- beginning of /dev/log/system
02-25 10:10:36.349 I/ActivityManager(  506): Force stopping org.xwalk.webapi_noneservice_tests appid=10259 user=0: from pid 2409
02-25 10:10:36.369 D/dalvikvm( 2409): Compiler shutdown in progress - discarding request
02-25 10:10:36.369 D/dalvikvm( 2409): Compiler shutdown in progress - discarding request
02-25 10:10:36.369 D/dalvikvm( 2409): Compiler shutdown in progress - discarding request
02-25 10:10:36.369 D/dalvikvm( 2409): Compiler shutdown in progress - discarding request
02-25 10:10:36.369 D/dalvikvm( 2409): Compiler shutdown in progress - discarding request
02-25 10:10:36.369 D/dalvikvm( 2409): Compiler shutdown in progress - discarding request
02-25 10:10:36.369 D/dalvikvm( 2409): Compiler shutdown in progress - discarding request
02-25 10:10:36.369 D/dalvikvm( 2409): Compiler shutdown in progress - discarding request
02-25 10:10:36.369 D/dalvikvm( 2409): Compiler shutdown in progress - discarding request
02-25 10:10:36.369 D/dalvikvm( 2409): Compiler shutdown in progress - discarding request
02-25 10:10:36.369 D/dalvikvm( 2409): Compiler shutdown in progress - discarding request
02-25 10:10:36.369 D/dalvikvm( 2409): Compiler shutdown in progress - discarding request
02-25 10:10:36.369 D/dalvikvm( 2409): Compiler shutdown in progress - discarding request
02-25 10:10:36.369 D/dalvikvm( 2409): Compiler shutdown in progress - discarding request
02-25 10:10:36.369 D/dalvikvm( 2409): Compiler shutdown in progress - discarding request
02-25 10:10:36.369 D/dalvikvm( 2409): Compiler shutdown in progress - discarding request
02-25 10:10:36.369 D/dalvikvm( 2409): Compiler shutdown in progress - discarding request
02-25 10:10:36.369 D/dalvikvm( 2409): Compiler shutdown in progress - discarding request
02-25 10:10:36.369 D/dalvikvm( 2409): Compiler shutdown in progress - discarding request
02-25 10:10:36.369 D/dalvikvm( 2409): Compiler shutdown in progress - discarding request
02-25 10:10:36.369 D/dalvikvm( 2409): Compiler shutdown in progress - discarding request
02-25 10:10:36.369 D/dalvikvm( 2409): Compiler shutdown in progress - discarding request
02-25 10:10:36.369 D/dalvikvm( 2409): Compiler shutdown in progress - discarding request
02-25 10:10:36.369 D/dalvikvm( 2409): Compiler shutdown in progress - discarding request
02-25 10:10:36.369 D/dalvikvm( 2409): Compiler shutdown in progress - discarding request
02-25 10:10:36.369 D/dalvikvm( 2409): Compiler shutdown in progress - discarding request
02-25 10:10:36.369 D/dalvikvm( 2409): Compiler shutdown in progress - discarding request
02-25 10:10:36.369 D/dalvikvm( 2409): Compiler shutdown in progress - discarding request
02-25 10:10:36.369 D/dalvikvm( 2409): Compiler shutdown in progress - discarding request
02-25 10:10:36.369 D/dalvikvm( 2409): Compiler shutdown in progress - discarding request
02-25 10:10:36.369 D/dalvikvm( 2409): Compiler shutdown in progress - discarding request
02-25 10:10:36.369 D/dalvikvm( 2409): Compiler shutdown in progress - discarding request
02-25 10:10:36.369 D/dalvikvm( 2409): Compiler shutdown in progress - discarding request
02-25 10:10:36.369 D/dalvikvm( 2409): Compiler shutdown in progress - discarding request
02-25 10:10:36.369 D/dalvikvm( 2409): Compiler shutdown in progress - discarding request
02-25 10:10:36.369 D/dalvikvm( 2409): Compiler shutdown in progress - discarding request
02-25 10:10:36.369 D/dalvikvm( 2409): Compiler shutdown in progress - discarding request
02-25 10:10:36.369 D/dalvikvm( 2409): Compiler shutdown in progress - discarding request
02-25 10:10:36.369 D/dalvikvm( 2409): Compiler shutdown in progress - discarding request
02-25 10:10:36.369 D/dalvikvm( 2409): Compiler shutdown in progress - discarding request
02-25 10:10:36.369 D/dalvikvm( 2409): Compiler shutdown in progress - discarding request
02-25 10:10:36.369 D/dalvikvm( 2409): Compiler shutdown in progress - discarding request
02-25 10:10:36.369 D/dalvikvm( 2409): Compiler shutdown in progress - discarding request
02-25 10:10:36.979 D/AndroidRuntime( 2420): 
02-25 10:10:36.979 D/AndroidRuntime( 2420): >>>>>> AndroidRuntime START com.android.internal.os.RuntimeInit <<<<<<
02-25 10:10:36.979 D/AndroidRuntime( 2420): CheckJNI is OFF
02-25 10:10:36.979 I/AndroidRuntime( 2420): Kernel Release Version: 3.10.20-gf818079
02-25 10:10:36.979 I/dalvikvm( 2420): No library specified. The standard exception handler will be used
02-25 10:10:36.979 I/dalvikvm( 2420): 
02-25 10:10:36.979 I/dalvikvm( 2420): +++++++++++++ Using PCG. +++++++++++++++++++++
02-25 10:10:36.989 D/dalvikvm( 2420): Trying to load lib libjavacore.so 0x0
02-25 10:10:36.989 D/dalvikvm( 2420): Added shared lib libjavacore.so 0x0
02-25 10:10:36.989 D/dalvikvm( 2420): Trying to load lib libnativehelper.so 0x0
02-25 10:10:36.999 D/dalvikvm( 2420): Added shared lib libnativehelper.so 0x0
02-25 10:10:36.999 D/dalvikvm( 2420): No JNI_OnLoad found in libnativehelper.so 0x0, skipping init
02-25 10:10:36.999 D/dalvikvm( 2420): Extra Options: not specified
02-25 10:10:37.009 D/dalvikvm( 2420): Note: class Landroid/app/ActivityManagerNative; has 186 unimplemented (abstract) methods
02-25 10:10:37.079 E/memtrack( 2420): Couldn't load memtrack module (No such file or directory)
02-25 10:10:37.079 E/android.os.Debug( 2420): failed to load memtrack module: -2
02-25 10:10:37.119 D/AndroidRuntime( 2420): Calling main entry com.android.commands.am.Am
02-25 10:10:37.149 D/AndroidRuntime( 2420): Shutting down VM
02-25 10:10:37.149 I/ActivityManager(  506): START u0 {flg=0x10000000 cmp=org.xwalk.webapi_noneservice_tests/.webapi_noneservice_testsActivity} from pid 2420
02-25 10:10:37.159 D/dalvikvm( 2420): GC_CONCURRENT freed 117K, 16% free 702K/832K, paused 0ms+0ms, total 1ms
02-25 10:10:37.159 D/dalvikvm( 2420): Compiler shutdown in progress - discarding request
02-25 10:10:37.159 D/dalvikvm( 2420): Compiler shutdown in progress - discarding request
02-25 10:10:37.159 D/dalvikvm( 2420): Compiler shutdown in progress - discarding request
02-25 10:10:37.159 D/dalvikvm( 2420): Compiler shutdown in progress - discarding request
02-25 10:10:37.159 D/dalvikvm( 2420): Compiler shutdown in progress - discarding request
02-25 10:10:37.159 D/dalvikvm( 2420): Compiler shutdown in progress - discarding request
02-25 10:10:37.159 D/dalvikvm( 2420): Compiler shutdown in progress - discarding request
02-25 10:10:37.159 D/dalvikvm( 2420): Compiler shutdown in progress - discarding request
02-25 10:10:37.159 D/dalvikvm( 2420): Compiler shutdown in progress - discarding request
02-25 10:10:37.159 D/dalvikvm( 2420): Compiler shutdown in progress - discarding request
02-25 10:10:37.159 D/dalvikvm( 2420): Compiler shutdown in progress - discarding request
02-25 10:10:37.159 D/dalvikvm( 2420): Compiler shutdown in progress - discarding request
02-25 10:10:37.159 D/dalvikvm( 2420): Compiler shutdown in progress - discarding request
02-25 10:10:37.159 D/dalvikvm( 2420): Compiler shutdown in progress - discarding request
02-25 10:10:37.159 D/dalvikvm( 2420): Compiler shutdown in progress - discarding request
02-25 10:10:37.159 D/dalvikvm( 2420): Compiler shutdown in progress - discarding request
02-25 10:10:37.159 D/dalvikvm( 2420): Compiler shutdown in progress - discarding request
02-25 10:10:37.159 D/dalvikvm( 2420): Compiler shutdown in progress - discarding request
02-25 10:10:37.159 D/dalvikvm( 2420): Compiler shutdown in progress - discarding request
02-25 10:10:37.159 D/dalvikvm( 2420): Compiler shutdown in progress - discarding request
02-25 10:10:37.159 D/dalvikvm( 2420): Compiler shutdown in progress - discarding request
02-25 10:10:37.159 D/dalvikvm( 2420): Compiler shutdown in progress - discarding request
02-25 10:10:37.159 D/dalvikvm( 2420): Compiler shutdown in progress - discarding request
02-25 10:10:37.159 D/dalvikvm( 2420): Compiler shutdown in progress - discarding request
02-25 10:10:37.159 D/dalvikvm( 2420): Compiler shutdown in progress - discarding request
02-25 10:10:37.159 D/dalvikvm( 2420): Compiler shutdown in progress - discarding request
02-25 10:10:37.159 D/dalvikvm( 2420): Compiler shutdown in progress - discarding request
02-25 10:10:37.159 D/dalvikvm( 2420): Compiler shutdown in progress - discarding request
02-25 10:10:37.159 D/dalvikvm( 2420): Compiler shutdown in progress - discarding request
02-25 10:10:37.159 D/dalvikvm( 2420): Compiler shutdown in progress - discarding request
02-25 10:10:37.159 D/dalvikvm( 2420): Compiler shutdown in progress - discarding request
02-25 10:10:37.159 D/dalvikvm( 2420): Compiler shutdown in progress - discarding request
02-25 10:10:37.159 D/dalvikvm( 2420): Compiler shutdown in progress - discarding request
02-25 10:10:37.159 D/dalvikvm( 2420): Compiler shutdown in progress - discarding request
02-25 10:10:37.159 D/dalvikvm( 2420): Compiler shutdown in progress - discarding request
02-25 10:10:37.159 D/dalvikvm( 2420): Compiler shutdown in progress - discarding request
02-25 10:10:37.159 D/dalvikvm( 2420): Compiler shutdown in progress - discarding request
02-25 10:10:37.159 D/dalvikvm( 2420): Compiler shutdown in progress - discarding request
02-25 10:10:37.159 D/dalvikvm( 2420): Compiler shutdown in progress - discarding request
02-25 10:10:37.159 D/dalvikvm( 2420): Compiler shutdown in progress - discarding request
02-25 10:10:37.159 D/dalvikvm( 2420): Compiler shutdown in progress - discarding request
02-25 10:10:37.159 D/dalvikvm( 2420): Compiler shutdown in progress - discarding request
02-25 10:10:37.159 D/dalvikvm( 2420): Compiler shutdown in progress - discarding request
02-25 10:10:37.159 D/dalvikvm( 2420): Compiler shutdown in progress - discarding request
02-25 10:10:37.159 D/dalvikvm( 2420): Compiler shutdown in progress - discarding request
02-25 10:10:37.159 D/dalvikvm( 2420): Compiler shutdown in progress - discarding request
02-25 10:10:37.789 D/AndroidRuntime( 2431): 
02-25 10:10:37.789 D/AndroidRuntime( 2431): >>>>>> AndroidRuntime START com.android.internal.os.RuntimeInit <<<<<<
02-25 10:10:37.789 D/AndroidRuntime( 2431): CheckJNI is OFF
02-25 10:10:37.789 I/AndroidRuntime( 2431): Kernel Release Version: 3.10.20-gf818079
02-25 10:10:37.789 I/dalvikvm( 2431): No library specified. The standard exception handler will be used
02-25 10:10:37.799 I/dalvikvm( 2431): 
02-25 10:10:37.799 I/dalvikvm( 2431): +++++++++++++ Using PCG. +++++++++++++++++++++
02-25 10:10:37.799 D/dalvikvm( 2431): Trying to load lib libjavacore.so 0x0
02-25 10:10:37.799 D/dalvikvm( 2431): Added shared lib libjavacore.so 0x0
02-25 10:10:37.809 D/dalvikvm( 2431): Trying to load lib libnativehelper.so 0x0
02-25 10:10:37.809 D/dalvikvm( 2431): Added shared lib libnativehelper.so 0x0
02-25 10:10:37.809 D/dalvikvm( 2431): No JNI_OnLoad found in libnativehelper.so 0x0, skipping init
02-25 10:10:37.809 D/dalvikvm( 2431): Extra Options: not specified
02-25 10:10:37.829 D/dalvikvm( 2431): Note: class Landroid/app/ActivityManagerNative; has 186 unimplemented (abstract) methods
02-25 10:10:37.899 E/memtrack( 2431): Couldn't load memtrack module (No such file or directory)
02-25 10:10:37.899 E/android.os.Debug( 2431): failed to load memtrack module: -2
02-25 10:10:37.929 D/AndroidRuntime( 2431): Calling main entry com.android.commands.am.Am
02-25 10:10:37.959 I/ActivityManager(  506): START u0 {flg=0x10000000 cmp=org.xwalk.webapi_noneservice_tests/.webapi_noneservice_tests} from pid 2431
02-25 10:10:37.969 W/ufoGralloc(  171): registerBuffer() handle 0xb95b6aa0/3 didn't require registration
02-25 10:10:37.999 D/dalvikvm(  506): GC_FOR_ALLOC freed 2122K, 22% free 14567K/18464K, paused 21ms, total 21ms
02-25 10:10:38.009 I/dalvikvm( 2431): Total arena pages for JIT: 11
02-25 10:10:38.009 I/dalvikvm( 2431): Total arena pages for JIT: 12
02-25 10:10:38.009 I/dalvikvm( 2431): Total arena pages for JIT: 13
02-25 10:10:38.009 I/dalvikvm( 2431): Total arena pages for JIT: 14
02-25 10:10:38.009 I/dalvikvm( 2431): Total arena pages for JIT: 15
02-25 10:10:38.019 D/AndroidRuntime( 2431): Shutting down VM
02-25 10:10:38.019 I/SecurityManagerService(  602): SMS received security event: App[START/org.xwalk.webapi_noneservice_tests]
02-25 10:10:38.019 D/dalvikvm( 2431): GC_CONCURRENT freed 114K, 16% free 701K/832K, paused 1ms+0ms, total 2ms
02-25 10:10:38.019 D/dalvikvm( 2442): Late-enabling CheckJNI
02-25 10:10:38.019 D/dalvikvm( 2442): Try to disable coredump for pid 2442
02-25 10:10:38.019 D/dalvikvm( 2442): Process 2442 nice name: org.xwalk.webapi_noneservice_tests
02-25 10:10:38.019 D/dalvikvm( 2442): Extra Options: not specified
02-25 10:10:38.039 D/WindowManager(  506): adjustConfigurationLw, config:{1.0 ?mcc?mnc ?locale ?layoutDir sw600dp w600dp h888dp 213dpi lrg port ?uimode ?night finger -keyb/v/h -nav/v} mLidState:1 mHasDockFeature:false mHasKeyboardFeature:false mHasHallSensorFeature:true config.hardKeyboardHidden:2
02-25 10:10:38.039 D/dalvikvm( 2431): Compiler shutdown in progress - discarding request
02-25 10:10:38.039 D/dalvikvm( 2431): Compiler shutdown in progress - discarding request
02-25 10:10:38.039 D/dalvikvm( 2431): Compiler shutdown in progress - discarding request
02-25 10:10:38.039 D/dalvikvm( 2431): Compiler shutdown in progress - discarding request
02-25 10:10:38.039 D/dalvikvm( 2431): Compiler shutdown in progress - discarding request
02-25 10:10:38.039 D/dalvikvm( 2431): Compiler shutdown in progress - discarding request
02-25 10:10:38.039 D/dalvikvm( 2431): Compiler shutdown in progress - discarding request
02-25 10:10:38.039 D/dalvikvm( 2431): Compiler shutdown in progress - discarding request
02-25 10:10:38.039 D/dalvikvm( 2431): Compiler shutdown in progress - discarding request
02-25 10:10:38.039 D/dalvikvm( 2431): Compiler shutdown in progress - discarding request
02-25 10:10:38.039 D/dalvikvm( 2431): Compiler shutdown in progress - discarding request
02-25 10:10:38.039 D/dalvikvm( 2431): Compiler shutdown in progress - discarding request
02-25 10:10:38.039 D/dalvikvm( 2431): Compiler shutdown in progress - discarding request
02-25 10:10:38.039 D/dalvikvm( 2431): Compiler shutdown in progress - discarding request
02-25 10:10:38.039 D/dalvikvm( 2431): Compiler shutdown in progress - discarding request
02-25 10:10:38.039 D/dalvikvm( 2431): Compiler shutdown in progress - discarding request
02-25 10:10:38.039 D/dalvikvm( 2431): Compiler shutdown in progress - discarding request
02-25 10:10:38.039 D/dalvikvm( 2431): Compiler shutdown in progress - discarding request
02-25 10:10:38.039 D/dalvikvm( 2431): Compiler shutdown in progress - discarding request
02-25 10:10:38.039 D/dalvikvm( 2431): Compiler shutdown in progress - discarding request
02-25 10:10:38.039 D/dalvikvm( 2431): Compiler shutdown in progress - discarding request
02-25 10:10:38.039 D/dalvikvm( 2431): Compiler shutdown in progress - discarding request
02-25 10:10:38.039 D/dalvikvm( 2431): Compiler shutdown in progress - discarding request
02-25 10:10:38.039 D/dalvikvm( 2431): Compiler shutdown in progress - discarding request
02-25 10:10:38.039 D/dalvikvm( 2431): Compiler shutdown in progress - discarding request
02-25 10:10:38.039 D/dalvikvm( 2431): Compiler shutdown in progress - discarding request
02-25 10:10:38.039 D/dalvikvm( 2431): Compiler shutdown in progress - discarding request
02-25 10:10:38.039 D/dalvikvm( 2431): Compiler shutdown in progress - discarding request
02-25 10:10:38.039 D/dalvikvm( 2431): Compiler shutdown in progress - discarding request
02-25 10:10:38.039 D/dalvikvm( 2431): Compiler shutdown in progress - discarding request
02-25 10:10:38.039 D/dalvikvm( 2431): Compiler shutdown in progress - discarding request
02-25 10:10:38.039 D/dalvikvm( 2431): Compiler shutdown in progress - discarding request
02-25 10:10:38.039 D/dalvikvm( 2431): Compiler shutdown in progress - discarding request
02-25 10:10:38.039 D/dalvikvm( 2431): Compiler shutdown in progress - discarding request
02-25 10:10:38.039 I/ActivityManager(  506): Start proc org.xwalk.webapi_noneservice_tests for activity org.xwalk.webapi_noneservice_tests/.webapi_noneservice_tests: pid=2442 uid=10259 gids={50259, 3003, 1028, 1015}
02-25 10:10:38.039 I/ActivityManager(  506): [TopPkgCurBat]	NowPkgName[org.xwalk.webapi_noneservice_tests]	Battery[100]	TimeTick[1424830238053]	OldPkgName[testkit.stub]
02-25 10:10:38.079 I/CordovaLog( 2442): Changing log level to DEBUG(3)
02-25 10:10:38.079 D/CordovaActivity( 2442): CordovaActivity.init()
02-25 10:10:38.079 D/dalvikvm( 2442): Trying to load lib /data/app-lib/org.xwalk.webapi_noneservice_tests-1/libxwalkcore.so 0x43d85a60
02-25 10:10:38.089 D/dalvikvm( 2442): Added shared lib /data/app-lib/org.xwalk.webapi_noneservice_tests-1/libxwalkcore.so 0x43d85a60
02-25 10:10:38.089 I/LibraryLoader( 2442): Time to load native libraries: 11 ms (timestamps 2295-2306)
02-25 10:10:38.089 I/LibraryLoader( 2442): Expected native library version number "",actual native library version number ""
02-25 10:10:38.109 I/LibraryLoader( 2442): Expected native library version number "",actual native library version number ""
02-25 10:10:38.109 I/chromium( 2442): [INFO:library_loader_hooks.cc(112)] Chromium logging enabled: level = 0, default verbosity = 0
02-25 10:10:38.119 I/BrowserStartupController( 2442): Initializing chromium process, singleProcess=true
02-25 10:10:38.499 W/chromium( 2442): [WARNING:dns_config_service_posix.cc(293)] Failed to read DnsConfig.
02-25 10:10:38.499 W/AudioManagerAndroid( 2442): Requires BLUETOOTH permission
02-25 10:10:38.509 I/ufoGralloc( 2442): Hello, this is UFO GRALLOC/Intel Corporation
02-25 10:10:38.519 D/        ( 2442): Pixel Format : GGL_PIXEL_FORMAT_RGBA_8888
02-25 10:10:38.519 D/        ( 2442): droid_create_context : config id = 1 conf->NativeVisualID=1
02-25 10:10:38.519 D/        ( 2442): Pixel Format : GGL_PIXEL_FORMAT_RGBA_8888
02-25 10:10:38.519 I/        ( 2442): Requested context : GLES 2.0
02-25 10:10:38.539 W/chromium( 2442): [WARNING:proxy_service.cc(899)] PAC support disabled because there is no system implementation
02-25 10:10:38.549 W/dalvikvm( 2442): VFY: unable to find class referenced in signature (Landroid/view/inputmethod/CursorAnchorInfo;)
02-25 10:10:38.549 I/dalvikvm( 2442): Could not find method android.view.inputmethod.InputMethodManager.updateCursorAnchorInfo, referenced from method org.chromium.content.browser.input.InputMethodManagerWrapper.updateCursorAnchorInfo
02-25 10:10:38.549 W/dalvikvm( 2442): VFY: unable to resolve virtual method 1368: Landroid/view/inputmethod/InputMethodManager;.updateCursorAnchorInfo (Landroid/view/View;Landroid/view/inputmethod/CursorAnchorInfo;)V
02-25 10:10:38.549 D/dalvikvm( 2442): VFY: replacing opcode 0x6e at 0x000a
02-25 10:10:38.599 E/cutils  (  163): Failed to mkdirat(/Removable/MicroSD): Read-only file system
02-25 10:10:38.599 W/ContextImpl( 2442): Failed to ensure directory: /Removable/MicroSD/Android/data/org.xwalk.webapi_noneservice_tests/cache
02-25 10:10:38.599 W/Vold    (  163): Returning OperationFailed - no handler for errno 30
02-25 10:10:38.609 D/CordovaActivity( 2442): CordovaActivity.createViews()
02-25 10:10:38.609 E/chromium( 2442): [ERROR:unix_domain_server_socket_posix.cc(106)] Not implemented reached in virtual int net::UnixDomainServerSocket::GetLocalAddress(net::IPEndPoint*) const
02-25 10:10:38.609 D/CordovaWebView( 2442): >>> loadUrl(file:///android_asset/www/index.html)
02-25 10:10:38.609 D/PluginManager( 2442): init()
02-25 10:10:38.609 E/cutils  (  163): Failed to mkdirat(/Removable/MicroSD): Read-only file system
02-25 10:10:38.609 W/ContextImpl( 2442): Failed to ensure directory: /Removable/MicroSD/Android/data/org.xwalk.webapi_noneservice_tests/files
02-25 10:10:38.609 E/cutils  (  163): Failed to mkdirat(/Removable/MicroSD): Read-only file system
02-25 10:10:38.609 W/ContextImpl( 2442): Failed to ensure directory: /Removable/MicroSD/Android/data/org.xwalk.webapi_noneservice_tests/cache
02-25 10:10:38.609 D/CordovaWebView( 2442): >>> loadUrlNow()
02-25 10:10:38.609 W/Vold    (  163): Returning OperationFailed - no handler for errno 30
02-25 10:10:38.609 W/Vold    (  163): Returning OperationFailed - no handler for errno 30
02-25 10:10:38.619 I/dalvikvm( 2442): Could not find method android.app.Activity.finishAndRemoveTask, referenced from method org.chromium.base.ApiCompatibilityUtils.finishAndRemoveTask
02-25 10:10:38.619 W/dalvikvm( 2442): VFY: unable to resolve virtual method 6: Landroid/app/Activity;.finishAndRemoveTask ()V
02-25 10:10:38.619 D/dalvikvm( 2442): VFY: replacing opcode 0x6e at 0x0006
02-25 10:10:38.619 I/dalvikvm( 2442): Could not find method android.os.PowerManager.isInteractive, referenced from method org.chromium.base.ApiCompatibilityUtils.isInteractive
02-25 10:10:38.619 W/dalvikvm( 2442): VFY: unable to resolve virtual method 874: Landroid/os/PowerManager;.isInteractive ()Z
02-25 10:10:38.619 D/dalvikvm( 2442): VFY: replacing opcode 0x6e at 0x000e
02-25 10:10:38.619 I/dalvikvm( 2442): Could not find method android.view.Window.getNavigationBarColor, referenced from method org.chromium.base.ApiCompatibilityUtils.setStatusBarColor
02-25 10:10:38.619 W/dalvikvm( 2442): VFY: unable to resolve virtual method 1268: Landroid/view/Window;.getNavigationBarColor ()I
02-25 10:10:38.619 D/dalvikvm( 2442): VFY: replacing opcode 0x6e at 0x0010
02-25 10:10:38.619 I/dalvikvm( 2442): Could not find method android.view.Window.setStatusBarColor, referenced from method org.chromium.base.ApiCompatibilityUtils.setStatusBarColor
02-25 10:10:38.619 W/dalvikvm( 2442): VFY: unable to resolve virtual method 1274: Landroid/view/Window;.setStatusBarColor (I)V
02-25 10:10:38.619 D/dalvikvm( 2442): VFY: replacing opcode 0x6e at 0x0019
02-25 10:10:38.619 E/dalvikvm( 2442): Could not find class 'android.app.ActivityManager$TaskDescription', referenced from method org.chromium.base.ApiCompatibilityUtils.setTaskDescription
02-25 10:10:38.619 W/dalvikvm( 2442): VFY: unable to resolve new-instance 13 (Landroid/app/ActivityManager$TaskDescription;) in Lorg/chromium/base/ApiCompatibilityUtils;
02-25 10:10:38.619 D/dalvikvm( 2442): VFY: replacing opcode 0x22 at 0x0006
02-25 10:10:38.619 D/dalvikvm( 2442): DexOpt: unable to opt direct call 0x002f at 0x08 in Lorg/chromium/base/ApiCompatibilityUtils;.setTaskDescription
02-25 10:10:38.619 I/chromium( 2442): [INFO:xwalk_extension_renderer_controller.cc(47)] EXTENSION PROCESS DISABLED.
02-25 10:10:38.619 D/CordovaActivity( 2442): Resuming the App
02-25 10:10:38.649 D/SoftKeyboardDetect( 2442): Ignore this event
02-25 10:10:38.649 D/        ( 2442): Pixel Format : GGL_PIXEL_FORMAT_RGBA_8888
02-25 10:10:38.649 D/        ( 2442): droid_create_context : config id = 1 conf->NativeVisualID=1
02-25 10:10:38.649 D/        ( 2442): Pixel Format : GGL_PIXEL_FORMAT_RGBA_8888
02-25 10:10:38.649 I/        ( 2442): Requested context : GLES 2.0
02-25 10:10:38.679 D/        ( 2442): droid_create_context : config id = 5 conf->NativeVisualID=1
02-25 10:10:38.679 D/        ( 2442): Pixel Format : GGL_PIXEL_FORMAT_RGBA_8888
02-25 10:10:38.679 I/        ( 2442): Requested context : GLES 2.0
02-25 10:10:38.689 D/        ( 2442): Pixel Format : GGL_PIXEL_FORMAT_RGBA_8888
02-25 10:10:38.699 D/OpenGLRenderer( 2442): Enabling debug mode 0
02-25 10:10:38.699 D/CordovaActivity( 2442): onMessage(onPageStarted,file:///android_asset/www/index.html)
02-25 10:10:38.699 W/BindingManager( 2442): Cannot call determinedVisibility() - never saw a connection for the pid: 2442
02-25 10:10:38.709 D/CordovaActivity( 2442): onMessage(onPageFinished,file:///android_asset/www/index.html)
02-25 10:10:38.709 D/SoftKeyboardDetect( 2442): Ignore this event
02-25 10:10:38.709 D/XT9IME  (  731): new subtype :zh_CN ,pinyin
02-25 10:10:38.739 D/BatteryStatsImpl(  506): noteStopWakeLocked system isFromForeground = false
02-25 10:10:38.759 I/ActivityManager(  506): Displayed org.xwalk.webapi_noneservice_tests/.webapi_noneservice_tests: +742ms
02-25 10:10:39.699 D/CordovaActivity( 2442): onMessage(onPageStarted,file:///android_asset/www/index_real.html?testprefix=./)
02-25 10:10:39.739 W/BindingManager( 2442): Cannot call determinedVisibility() - never saw a connection for the pid: 2442
02-25 10:10:39.939 I/chromium( 2442): [INFO:CONSOLE(0)] "Synchronous XMLHttpRequest on the main thread is deprecated because of its detrimental effects to the end user's experience. For more help, check http://xhr.spec.whatwg.org/.", source:  (0)
02-25 10:10:39.989 D/CordovaActivity( 2442): onMessage(onPageFinished,file:///android_asset/www/index_real.html?testprefix=./)
02-25 10:10:40.709 D/CordovaActivity( 2442): onMessage(spinner,stop)
02-25 10:10:40.729 D/        ( 2442): Pixel Format : GGL_PIXEL_FORMAT_RGBA_8888
02-25 10:10:40.729 D/        ( 2442): droid_create_context : config id = 1 conf->NativeVisualID=1
02-25 10:10:40.729 D/        ( 2442): Pixel Format : GGL_PIXEL_FORMAT_RGBA_8888
02-25 10:10:40.729 I/        ( 2442): Requested context : GLES 2.0
02-25 10:10:40.759 D/        ( 2442): Swap interval set to = 1 value
02-25 10:10:40.819 D/        ( 2442): Pixel Format : GGL_PIXEL_FORMAT_RGBA_8888
02-25 10:10:40.819 D/        ( 2442): droid_create_context : config id = 1 conf->NativeVisualID=1
02-25 10:10:40.819 D/        ( 2442): Pixel Format : GGL_PIXEL_FORMAT_RGBA_8888
02-25 10:10:40.819 I/        ( 2442): Requested context : GLES 2.0
02-25 10:10:41.979 D/EVENT_THREAD(  186): void CEventThread::run() POLLIN event on Fd (1)
02-25 10:10:41.979 D/EVENT_THREAD(  186): void CEventThread::run() Do poll with timeout: -1
02-25 10:10:41.999 D/CordovaActivity( 2442): onMessage(spinner,stop)
02-25 10:10:42.259 D/        ( 2442): droid_create_context : config id = 1 conf->NativeVisualID=1
02-25 10:10:42.259 D/        ( 2442): Pixel Format : GGL_PIXEL_FORMAT_RGBA_8888
02-25 10:10:42.259 I/        ( 2442): Requested context : GLES 2.0
02-25 10:10:42.289 E/MediaResourceGetter( 2442): File does not exist.
02-25 10:10:42.289 E/MediaResourceGetter( 2442): Unable to configure metadata extractor
02-25 10:10:42.299 E/chromium( 2442): [ERROR:webmediaplayer_android.cc(449)] Not implemented reached in virtual void content::WebMediaPlayerAndroid::setRate(double)
02-25 10:10:42.299 I/MediaFocusControl(  506):  AudioFocus  requestAudioFocus() from android.media.AudioManager@21eff490org.chromium.media.MediaPlayerListener@21fa6e00
02-25 10:10:42.299 V/Avrcp   ( 1132): New genId = 15, clearing = 1
02-25 10:10:42.329 E/wrs-omxil-core(  186): OMX_GetHandle(): exit failure, OMX.Intel.hw_vd.h264 not found
02-25 10:10:42.329 I/libva   (  186): VA-API version 0.34.0
02-25 10:10:42.329 I/libva   (  186): va_getDriverName() returns 0
02-25 10:10:42.329 I/libva   (  186): Trying to open /system/lib/i965_drv_video.so
02-25 10:10:42.329 I/libva   (  186): Found init function __vaDriverInit_0_32
02-25 10:10:42.329 I/libva   (  186): va_openDriver() returns 0
02-25 10:10:42.329 I/OMXCodec(  186): [OMX.Intel.hw_vd.h264] AVC profile = 66 (Baseline), level = 30
02-25 10:10:42.329 I/OMXCodec(  186): [OMX.Intel.hw_vd.h264] video dimensions are 320 x 240
02-25 10:10:42.329 I/OMXCodec(  186): [OMX.Intel.hw_vd.h264] Crop rect is 320 x 240 @ (0, 0)
02-25 10:10:42.329 D/AudioHardwareALSA(  186): setParameters
02-25 10:10:42.329 W/RouteManager(  186): doSetParameters: Unhandled argument.
02-25 10:10:42.339 I/SoftOMXPlugin(  186): Created OMXPlugin : OMX.Intel.aac.decoder
02-25 10:10:42.339 E/wrs-omxil-core(  186): OMX_GetHandle(): exit failure, OMX.Intel.hw_vd.h264 not found
02-25 10:10:42.339 I/libva   (  186): VA-API version 0.34.0
02-25 10:10:42.339 I/libva   (  186): va_getDriverName() returns 0
02-25 10:10:42.339 I/libva   (  186): Trying to open /system/lib/i965_drv_video.so
02-25 10:10:42.339 I/libva   (  186): Found init function __vaDriverInit_0_32
02-25 10:10:42.339 I/libva   (  186): va_openDriver() returns 0
02-25 10:10:42.339 I/OMXCodec(  186): [OMX.Intel.hw_vd.h264] AVC profile = 66 (Baseline), level = 30
02-25 10:10:42.339 I/OMXCodec(  186): [OMX.Intel.hw_vd.h264] video dimensions are 320 x 240
02-25 10:10:42.339 I/OMXCodec(  186): [OMX.Intel.hw_vd.h264] Crop rect is 320 x 240 @ (0, 0)
02-25 10:10:42.339 E/MediaPlayer( 2442): Should have subtitle controller already set
02-25 10:10:42.349 D/MediaPlayer( 2442): getMetadata
02-25 10:10:42.349 D/SoftKeyboardDetect( 2442): Ignore this event
02-25 10:10:42.739 D/EVENT_THREAD(  186): void CEventThread::run() POLLIN event on Fd (1)
02-25 10:10:42.739 D/EVENT_THREAD(  186): void CEventThread::run() Do poll with timeout: -1
02-25 10:10:42.739 D/EVENT_THREAD(  186): void CEventThread::run() POLLIN event on Fd (1)
02-25 10:10:42.739 D/EVENT_THREAD(  186): void CEventThread::run() Do poll with timeout: -1
02-25 10:10:42.739 I/upi_ug31xx(  166): (178) update_capacity
02-25 10:10:42.739 I/[UPI]   (  166): <UG31/E>[UpiReadCapacity]: V=4280(4263), T=255(257-321), I=-446, C=-2(-2-0)
02-25 10:10:42.739 I/[UPI]   (  166): <UG31/E>[UpiReadCapacity]: (0x1082195a) 3924 (3886) / 3926 (3926) = 100
02-25 10:10:42.739 I/[UPI]   (  166): <UG31/E>[UpiReadCapacity]: (0x1082195a) 3924 (3886) / 3926 (3926) = 100
02-25 10:10:42.739 I/[UPI]   (  166): <UG31/E>[UpiReadCapacity]: (0x1082195a) 3922 (3922) / 3926 (3926) = 100
02-25 10:10:42.739 I/[UPI]   (  166): <UG31/E>[RsocFilterCountTime]: (0x1082195a) Step=0(30390), Full=11(1386404), Lock=30390(1800000)
02-25 10:10:42.739 I/[UPI]   (  166): <UG31/E>[UpiReadCapacity]: (0x1082195a) 3922 (3922) / 3926 (3926) = 100 (-446--446)
02-25 10:10:42.739 I/[UPI]   (  166): <UG31/E><BATT> M:normal, P:100(100-100)%, V:4260mV, C:-484mA, T:25.7C(321), S:0x1082195a(100), R:3922mAh, F:3926mAh, Q:-6mAh, CC:3, P:30.390(4-0)s, BO:7, 97:615:0-44af-9m:B001-20140514-144301 (1)
02-25 10:10:42.739 I/upi_ug31xx(  166): (179) backup_data 
02-25 10:10:42.739 V/upi_ug31xx(  166): state->check_backup_count = 19
02-25 10:10:42.869 E/wrs-omxil-core(  186): OMX_GetHandle(): exit failure, OMX.Intel.hw_vd.h264 not found
02-25 10:10:42.869 I/libva   (  186): VA-API version 0.34.0
02-25 10:10:42.869 I/libva   (  186): va_getDriverName() returns 0
02-25 10:10:42.869 I/libva   (  186): Trying to open /system/lib/i965_drv_video.so
02-25 10:10:42.879 I/libva   (  186): Found init function __vaDriverInit_0_32
02-25 10:10:42.879 I/libva   (  186): va_openDriver() returns 0
02-25 10:10:42.879 I/OMXCodec(  186): [OMX.Intel.hw_vd.h264] AVC profile = 66 (Baseline), level = 30
02-25 10:10:42.879 I/OMXCodec(  186): [OMX.Intel.hw_vd.h264] video dimensions are 320 x 240
02-25 10:10:42.879 I/OMXCodec(  186): [OMX.Intel.hw_vd.h264] Crop rect is 320 x 240 @ (0, 0)
02-25 10:10:42.879 I/MediaFocusControl(  506):  AudioFocus  abandonAudioFocus() from android.media.AudioManager@21eff490org.chromium.media.MediaPlayerListener@21fa6e00
02-25 10:10:42.889 W/BindingManager( 2442): Cannot call determinedVisibility() - never saw a connection for the pid: 2442
02-25 10:10:42.889 V/Avrcp   ( 1132): New genId = 16, clearing = 1
02-25 10:10:42.929 E/MediaResourceGetter( 2442): File does not exist.
02-25 10:10:42.929 E/MediaResourceGetter( 2442): Unable to configure metadata extractor
02-25 10:10:42.939 E/chromium( 2442): [ERROR:webmediaplayer_android.cc(449)] Not implemented reached in virtual void content::WebMediaPlayerAndroid::setRate(double)
02-25 10:10:42.939 I/MediaFocusControl(  506):  AudioFocus  requestAudioFocus() from android.media.AudioManager@21eff490org.chromium.media.MediaPlayerListener@21fab358
02-25 10:10:42.939 V/Avrcp   ( 1132): New genId = 17, clearing = 1
02-25 10:10:42.969 E/wrs-omxil-core(  186): OMX_GetHandle(): exit failure, OMX.Intel.hw_vd.h264 not found
02-25 10:10:42.979 I/libva   (  186): VA-API version 0.34.0
02-25 10:10:42.979 I/libva   (  186): va_getDriverName() returns 0
02-25 10:10:42.979 I/libva   (  186): Trying to open /system/lib/i965_drv_video.so
02-25 10:10:42.979 I/libva   (  186): Found init function __vaDriverInit_0_32
02-25 10:10:42.979 I/libva   (  186): va_openDriver() returns 0
02-25 10:10:42.979 I/OMXCodec(  186): [OMX.Intel.hw_vd.h264] AVC profile = 66 (Baseline), level = 30
02-25 10:10:42.979 I/OMXCodec(  186): [OMX.Intel.hw_vd.h264] video dimensions are 320 x 240
02-25 10:10:42.979 I/OMXCodec(  186): [OMX.Intel.hw_vd.h264] Crop rect is 320 x 240 @ (0, 0)
02-25 10:10:42.979 D/AudioHardwareALSA(  186): setParameters
02-25 10:10:42.979 W/RouteManager(  186): doSetParameters: Unhandled argument.
02-25 10:10:42.979 I/SoftOMXPlugin(  186): Created OMXPlugin : OMX.Intel.aac.decoder
02-25 10:10:42.989 E/wrs-omxil-core(  186): OMX_GetHandle(): exit failure, OMX.Intel.hw_vd.h264 not found
02-25 10:10:42.989 I/libva   (  186): VA-API version 0.34.0
02-25 10:10:42.989 I/libva   (  186): va_getDriverName() returns 0
02-25 10:10:42.989 I/libva   (  186): Trying to open /system/lib/i965_drv_video.so
02-25 10:10:42.989 I/libva   (  186): Found init function __vaDriverInit_0_32
02-25 10:10:42.989 I/libva   (  186): va_openDriver() returns 0
02-25 10:10:42.989 I/OMXCodec(  186): [OMX.Intel.hw_vd.h264] AVC profile = 66 (Baseline), level = 30
02-25 10:10:42.989 I/OMXCodec(  186): [OMX.Intel.hw_vd.h264] video dimensions are 320 x 240
02-25 10:10:42.989 I/OMXCodec(  186): [OMX.Intel.hw_vd.h264] Crop rect is 320 x 240 @ (0, 0)
02-25 10:10:42.989 D/SoftKeyboardDetect( 2442): Ignore this event
02-25 10:10:42.999 E/MediaPlayer( 2442): Should have subtitle controller already set
02-25 10:10:43.009 D/MediaPlayer( 2442): getMetadata
02-25 10:10:43.539 E/wrs-omxil-core(  186): OMX_GetHandle(): exit failure, OMX.Intel.hw_vd.h264 not found
02-25 10:10:43.539 I/libva   (  186): VA-API version 0.34.0
02-25 10:10:43.539 I/libva   (  186): va_getDriverName() returns 0
02-25 10:10:43.539 I/libva   (  186): Trying to open /system/lib/i965_drv_video.so
02-25 10:10:43.539 I/libva   (  186): Found init function __vaDriverInit_0_32
02-25 10:10:43.539 I/libva   (  186): va_openDriver() returns 0
02-25 10:10:43.539 I/OMXCodec(  186): [OMX.Intel.hw_vd.h264] AVC profile = 66 (Baseline), level = 30
02-25 10:10:43.549 I/OMXCodec(  186): [OMX.Intel.hw_vd.h264] video dimensions are 320 x 240
02-25 10:10:43.549 I/OMXCodec(  186): [OMX.Intel.hw_vd.h264] Crop rect is 320 x 240 @ (0, 0)
02-25 10:10:43.549 I/MediaFocusControl(  506):  AudioFocus  abandonAudioFocus() from android.media.AudioManager@21eff490org.chromium.media.MediaPlayerListener@21fab358
02-25 10:10:43.559 V/Avrcp   ( 1132): New genId = 18, clearing = 1
02-25 10:10:43.559 W/BindingManager( 2442): Cannot call determinedVisibility() - never saw a connection for the pid: 2442
02-25 10:10:43.599 E/MediaResourceGetter( 2442): File does not exist.
02-25 10:10:43.599 E/MediaResourceGetter( 2442): Unable to configure metadata extractor
02-25 10:10:43.609 E/chromium( 2442): [ERROR:webmediaplayer_android.cc(449)] Not implemented reached in virtual void content::WebMediaPlayerAndroid::setRate(double)
02-25 10:10:43.609 I/MediaFocusControl(  506):  AudioFocus  requestAudioFocus() from android.media.AudioManager@21eff490org.chromium.media.MediaPlayerListener@21faf448
02-25 10:10:43.609 V/Avrcp   ( 1132): New genId = 19, clearing = 1
02-25 10:10:43.649 E/wrs-omxil-core(  186): OMX_GetHandle(): exit failure, OMX.Intel.hw_vd.h264 not found
02-25 10:10:43.649 I/libva   (  186): VA-API version 0.34.0
02-25 10:10:43.649 I/libva   (  186): va_getDriverName() returns 0
02-25 10:10:43.649 I/libva   (  186): Trying to open /system/lib/i965_drv_video.so
02-25 10:10:43.649 I/libva   (  186): Found init function __vaDriverInit_0_32
02-25 10:10:43.649 I/libva   (  186): va_openDriver() returns 0
02-25 10:10:43.649 I/OMXCodec(  186): [OMX.Intel.hw_vd.h264] AVC profile = 66 (Baseline), level = 30
02-25 10:10:43.649 I/OMXCodec(  186): [OMX.Intel.hw_vd.h264] video dimensions are 320 x 240
02-25 10:10:43.649 I/OMXCodec(  186): [OMX.Intel.hw_vd.h264] Crop rect is 320 x 240 @ (0, 0)
02-25 10:10:43.649 D/AudioHardwareALSA(  186): setParameters
02-25 10:10:43.649 W/RouteManager(  186): doSetParameters: Unhandled argument.
02-25 10:10:43.649 I/SoftOMXPlugin(  186): Created OMXPlugin : OMX.Intel.aac.decoder
02-25 10:10:43.649 E/wrs-omxil-core(  186): OMX_GetHandle(): exit failure, OMX.Intel.hw_vd.h264 not found
02-25 10:10:43.649 I/libva   (  186): VA-API version 0.34.0
02-25 10:10:43.649 I/libva   (  186): va_getDriverName() returns 0
02-25 10:10:43.649 I/libva   (  186): Trying to open /system/lib/i965_drv_video.so
02-25 10:10:43.659 I/libva   (  186): Found init function __vaDriverInit_0_32
02-25 10:10:43.659 I/libva   (  186): va_openDriver() returns 0
02-25 10:10:43.659 I/OMXCodec(  186): [OMX.Intel.hw_vd.h264] AVC profile = 66 (Baseline), level = 30
02-25 10:10:43.659 I/OMXCodec(  186): [OMX.Intel.hw_vd.h264] video dimensions are 320 x 240
02-25 10:10:43.659 I/OMXCodec(  186): [OMX.Intel.hw_vd.h264] Crop rect is 320 x 240 @ (0, 0)
02-25 10:10:43.659 E/MediaPlayer( 2442): Should have subtitle controller already set
02-25 10:10:43.669 D/MediaPlayer( 2442): getMetadata
02-25 10:10:43.669 D/SoftKeyboardDetect( 2442): Ignore this event
02-25 10:10:43.719 I/OMXCodec(  186): [OMX.Intel.hw_vd.h264] video dimensions are 320 x 256
02-25 10:10:43.719 I/OMXCodec(  186): [OMX.Intel.hw_vd.h264] Crop rect is 320 x 240 @ (0, 0)
02-25 10:10:43.749 D/MOS     (  186): mm:Mos_InitInterface_Linux called
02-25 10:10:43.749 I/MOS     (  186): Init Gmm Cache Policy
02-25 10:10:43.749 D/MOS     (  186): Cache Policy is enabled for media driver on other 
02-25 10:10:43.749 D/MOS     (  186): Cache Policy is enabled for media driver on other 
02-25 10:10:43.749 D/MOS     (  186): Cache Policy is enabled for media driver on other 
02-25 10:10:43.749 D/MOS     (  186): Cache Policy is enabled for media driver on other 
02-25 10:10:43.749 D/MOS     (  186): Cache Policy is enabled for media driver on other 
02-25 10:10:43.749 D/MOS     (  186): Cache Policy is enabled for media driver on other 
02-25 10:10:43.749 D/MOS     (  186): Cache Policy is enabled for media driver on other 
02-25 10:10:43.749 D/MOS     (  186): Cache Policy is enabled for media driver on other 
02-25 10:10:43.749 D/MOS     (  186): Cache Policy is enabled for media driver on other 
02-25 10:10:43.749 D/MOS     (  186): Cache Policy is enabled for media driver on other 
02-25 10:10:43.749 D/MOS     (  186): Cache Policy is enabled for media driver on other 
02-25 10:10:43.749 D/MOS     (  186): Cache Policy is enabled for media driver on other 
02-25 10:10:43.749 D/MOS     (  186): Cache Policy is enabled for media driver on other 
02-25 10:10:43.749 D/MOS     (  186): Cache Policy is enabled for media driver on other 
02-25 10:10:43.749 D/MOS     (  186): Cache Policy is enabled for media driver on other 
02-25 10:10:43.749 D/MOS     (  186): Cache Policy is enabled for media driver on other 
02-25 10:10:43.749 D/MOS     (  186): Cache Policy is enabled for media driver on other 
02-25 10:10:43.749 D/MOS     (  186): Cache Policy is enabled for media driver on other 
02-25 10:10:43.749 D/MOS     (  186): Cache Policy is enabled for media driver on other 
02-25 10:10:43.749 D/MOS     (  186): Cache Policy is enabled for media driver on other 
02-25 10:10:43.749 D/MOS     (  186): Cache Policy is enabled for media driver on other 
02-25 10:10:43.749 D/MOS     (  186): Cache Policy is enabled for media driver on other 
02-25 10:10:43.749 D/MOS     (  186): Cache Policy is enabled for media driver on other 
02-25 10:10:43.749 D/MOS     (  186): Cache Policy is enabled for media driver on other 
02-25 10:10:43.809 I/AudioPolicyManagerBase(  186): APM: getOutput
02-25 10:10:43.809 I/AudioPolicyManagerBase(  186): APM: getOutput
02-25 10:10:43.809 I/AudioPolicyManagerBase(  186): APM: getOutput
02-25 10:10:43.809 I/AudioPolicyManagerBase(  186): APM: getOutput
02-25 10:10:43.809 D/AudioPolicyManagerALSA(  186): startOutput() output 2, stream type 3, session 22
02-25 10:10:43.819 D/AudioHardwareALSA(  186): setStreamParameters: key value pair routing=2;stream_flags=2
02-25 10:10:43.819 D/RouteManager(  186): setOutputFlags: output flags = 0x2 (Prev Flags=0x2)
