02-25 14:08:11.959 D/wpa_supplicant(  694): wlan0: 17: 02:09:4c:7f:39:79 ssid='DIRECT-' wpa_ie_len=0 rsn_ie_len=0 caps=0x410 level=-67
02-25 14:08:11.959 D/wpa_supplicant(  694): wlan0:    skip - SSID mismatch
02-25 14:08:11.959 D/wpa_supplicant(  694): wlan0: 18: 50:bd:5f:4b:29:92 ssid='Internet-2' wpa_ie_len=0 rsn_ie_len=0 caps=0x421 level=-64
02-25 14:08:11.959 D/wpa_supplicant(  694): wlan0:    skip - SSID mismatch
02-25 14:08:11.959 D/wpa_supplicant(  694): wlan0: 19: e4:d3:32:dd:18:62 ssid='Internet' wpa_ie_len=0 rsn_ie_len=0 caps=0x421 level=-72
02-25 14:08:11.959 D/wpa_supplicant(  694): wlan0:    skip - SSID mismatch
02-25 14:08:11.959 D/wpa_supplicant(  694): wlan0: Selecting BSS from priority group 18
02-25 14:08:11.959 D/wpa_supplicant(  694): wlan0: 0: f8:d1:11:e7:99:e8 ssid='videotest' wpa_ie_len=22 rsn_ie_len=20 caps=0x531 level=-46 wps
02-25 14:08:11.959 D/wpa_supplicant(  694): wlan0:    skip - SSID mismatch
02-25 14:08:11.959 D/wpa_supplicant(  694): wlan0: 1: 10:c3:7b:d2:e5:e0 ssid='ASUS_RT-AC66U-2.4G' wpa_ie_len=0 rsn_ie_len=20 caps=0x411 level=-56 wps
02-25 14:08:11.959 D/wpa_supplicant(  694): wlan0:    skip - SSID mismatch
02-25 14:08:11.959 D/wpa_supplicant(  694): wlan0: 2: 02:1a:11:ff:f7:0a ssid='io1' wpa_ie_len=0 rsn_ie_len=20 caps=0x431 level=-57
02-25 14:08:11.959 D/wpa_supplicant(  694): wlan0:    skip - SSID mismatch
02-25 14:08:11.959 D/wpa_supplicant(  694): wlan0: 3: c8:d7:19:60:62:f2 ssid='E3000-2.4G' wpa_ie_len=0 rsn_ie_len=20 caps=0x411 level=-62 wps
02-25 14:08:11.959 D/wpa_supplicant(  694): wlan0:    skip - SSID mismatch
02-25 14:08:11.959 D/wpa_supplicant(  694): wlan0: 4: cc:34:29:2b:26:4c ssid='cws-test' wpa_ie_len=0 rsn_ie_len=20 caps=0x431 level=-63 wps
02-25 14:08:11.959 D/wpa_supplicant(  694): wlan0:    skip - SSID mismatch
02-25 14:08:11.959 D/wpa_supplicant(  694): wlan0: 5: cc:34:29:2c:fb:ec ssid='linksys' wpa_ie_len=22 rsn_ie_len=20 caps=0x431 level=-63 wps
02-25 14:08:11.959 D/wpa_supplicant(  694): wlan0:    skip - SSID mismatch
02-25 14:08:11.959 D/wpa_supplicant(  694): wlan0: 6: c4:17:fe:3f:4f:fb ssid='cmcm' wpa_ie_len=0 rsn_ie_len=20 caps=0x511 level=-64
02-25 14:08:11.959 D/wpa_supplicant(  694): wlan0:    skip - SSID mismatch
02-25 14:08:11.959 D/wpa_supplicant(  694): wlan0: 7: 90:94:e4:03:45:f5 ssid='DAP-2553_D' wpa_ie_len=0 rsn_ie_len=24 caps=0x431 level=-65
02-25 14:08:11.959 D/wpa_supplicant(  694): wlan0:    skip - SSID mismatch
02-25 14:08:11.959 D/wpa_supplicant(  694): wlan0: 8: 44:94:fc:3d:da:38 ssid='6300' wpa_ie_len=0 rsn_ie_len=20 caps=0x411 level=-65 wps
02-25 14:08:11.959 D/wpa_supplicant(  694): wlan0:    skip - SSID mismatch
02-25 14:08:11.959 D/wpa_supplicant(  694): wlan0: 9: 80:1f:02:43:fb:e8 ssid='Edimax AP' wpa_ie_len=0 rsn_ie_len=20 caps=0x411 level=-68
02-25 14:08:11.959 D/wpa_supplicant(  694): wlan0:    skip - SSID mismatch
02-25 14:08:11.959 D/wpa_supplicant(  694): wlan0: 10: 22:48:9a:ac:31:5b ssid='dean1' wpa_ie_len=0 rsn_ie_len=20 caps=0x431 level=-69
02-25 14:08:11.959 D/wpa_supplicant(  694): wlan0:    skip - SSID mismatch
02-25 14:08:11.959 D/wpa_supplicant(  694): wlan0: 11: 98:fc:11:81:35:fb ssid='E2000EE' wpa_ie_len=0 rsn_ie_len=20 caps=0x411 level=-69
02-25 14:08:11.959 D/wpa_supplicant(  694): wlan0:    skip - SSID mismatch
02-25 14:08:11.959 D/wpa_supplicant(  694): wlan0: 12: cc:b2:55:e2:84:70 ssid='DLINK_APK' wpa_ie_len=22 rsn_ie_len=20 caps=0x411 level=-70
02-25 14:08:11.959 D/wpa_supplicant(  694): wlan0:    skip - SSID mismatch
02-25 14:08:11.959 D/wpa_supplicant(  694): wlan0: 13: b0:48:7a:51:ff:cc ssid='Neusoft TP' wpa_ie_len=22 rsn_ie_len=20 caps=0x431 level=-72 wps
02-25 14:08:11.969 D/wpa_supplicant(  694): wlan0:    skip - SSID mismatch
02-25 14:08:11.969 D/wpa_supplicant(  694): wlan0: 14: e4:d3:32:c0:cf:a4 ssid='fast' wpa_ie_len=0 rsn_ie_len=20 caps=0x411 level=-73
02-25 14:08:11.969 D/wpa_supplicant(  694): wlan0:    skip - SSID mismatch
02-25 14:08:11.969 D/wpa_supplicant(  694): wlan0: 15: 74:e5:43:24:f4:5b ssid='Dttest' wpa_ie_len=0 rsn_ie_len=20 caps=0x31 level=-75
02-25 14:08:11.969 D/wpa_supplicant(  694): wlan0:    skip - SSID mismatch
02-25 14:08:11.969 D/wpa_supplicant(  694): wlan0: 16: 00:0f:e2:0f:9f:c1 ssid='321_WAN' wpa_ie_len=28 rsn_ie_len=24 caps=0x411 level=-80
02-25 14:08:11.969 D/wpa_supplicant(  694): wlan0:    skip - SSID mismatch
02-25 14:08:11.969 D/wpa_supplicant(  694): wlan0: 17: 02:09:4c:7f:39:79 ssid='DIRECT-' wpa_ie_len=0 rsn_ie_len=0 caps=0x410 level=-67
02-25 14:08:11.969 D/wpa_supplicant(  694): wlan0:    skip - SSID mismatch
02-25 14:08:11.969 D/wpa_supplicant(  694): wlan0: 18: 50:bd:5f:4b:29:92 ssid='Internet-2' wpa_ie_len=0 rsn_ie_len=0 caps=0x421 level=-64
02-25 14:08:11.969 D/wpa_supplicant(  694): wlan0:    skip - SSID mismatch
02-25 14:08:11.969 D/wpa_supplicant(  694): wlan0: 19: e4:d3:32:dd:18:62 ssid='Internet' wpa_ie_len=0 rsn_ie_len=0 caps=0x421 level=-72
02-25 14:08:11.969 D/wpa_supplicant(  694): wlan0:    skip - SSID mismatch
02-25 14:08:11.969 D/wpa_supplicant(  694): wlan0: Selecting BSS from priority group 17
02-25 14:08:11.969 D/wpa_supplicant(  694): wlan0: 0: f8:d1:11:e7:99:e8 ssid='videotest' wpa_ie_len=22 rsn_ie_len=20 caps=0x531 level=-46 wps
02-25 14:08:11.969 D/wpa_supplicant(  694): wlan0:    skip - SSID mismatch
02-25 14:08:11.969 D/wpa_supplicant(  694): wlan0: 1: 10:c3:7b:d2:e5:e0 ssid='ASUS_RT-AC66U-2.4G' wpa_ie_len=0 rsn_ie_len=20 caps=0x411 level=-56 wps
02-25 14:08:11.969 D/wpa_supplicant(  694): wlan0:    skip - SSID mismatch
02-25 14:08:11.969 D/wpa_supplicant(  694): wlan0: 2: 02:1a:11:ff:f7:0a ssid='io1' wpa_ie_len=0 rsn_ie_len=20 caps=0x431 level=-57
02-25 14:08:11.969 D/wpa_supplicant(  694): wlan0:    skip - SSID mismatch
02-25 14:08:11.969 D/wpa_supplicant(  694): wlan0: 3: c8:d7:19:60:62:f2 ssid='E3000-2.4G' wpa_ie_len=0 rsn_ie_len=20 caps=0x411 level=-62 wps
02-25 14:08:11.969 D/wpa_supplicant(  694): wlan0:    skip - SSID mismatch
02-25 14:08:11.969 D/wpa_supplicant(  694): wlan0: 4: cc:34:29:2b:26:4c ssid='cws-test' wpa_ie_len=0 rsn_ie_len=20 caps=0x431 level=-63 wps
02-25 14:08:11.969 D/wpa_supplicant(  694): wlan0:    skip - SSID mismatch
02-25 14:08:11.969 D/wpa_supplicant(  694): wlan0: 5: cc:34:29:2c:fb:ec ssid='linksys' wpa_ie_len=22 rsn_ie_len=20 caps=0x431 level=-63 wps
02-25 14:08:11.969 D/wpa_supplicant(  694): wlan0:    skip - SSID mismatch
02-25 14:08:11.969 D/wpa_supplicant(  694): wlan0: 6: c4:17:fe:3f:4f:fb ssid='cmcm' wpa_ie_len=0 rsn_ie_len=20 caps=0x511 level=-64
02-25 14:08:11.969 D/wpa_supplicant(  694): wlan0:    skip - SSID mismatch
02-25 14:08:11.969 D/wpa_supplicant(  694): wlan0: 7: 90:94:e4:03:45:f5 ssid='DAP-2553_D' wpa_ie_len=0 rsn_ie_len=24 caps=0x431 level=-65
02-25 14:08:11.969 D/wpa_supplicant(  694): wlan0:    skip - SSID mismatch
02-25 14:08:11.969 D/wpa_supplicant(  694): wlan0: 8: 44:94:fc:3d:da:38 ssid='6300' wpa_ie_len=0 rsn_ie_len=20 caps=0x411 level=-65 wps
02-25 14:08:11.969 D/wpa_supplicant(  694): wlan0:    skip - SSID mismatch
02-25 14:08:11.969 D/wpa_supplicant(  694): wlan0: 9: 80:1f:02:43:fb:e8 ssid='Edimax AP' wpa_ie_len=0 rsn_ie_len=20 caps=0x411 level=-68
02-25 14:08:11.969 D/wpa_supplicant(  694): wlan0:    skip - SSID mismatch
02-25 14:08:11.969 D/wpa_supplicant(  694): wlan0: 10: 22:48:9a:ac:31:5b ssid='dean1' wpa_ie_len=0 rsn_ie_len=20 caps=0x431 level=-69
02-25 14:08:11.969 D/wpa_supplicant(  694): wlan0:    skip - SSID mismatch
02-25 14:08:11.969 D/wpa_supplicant(  694): wlan0: 11: 98:fc:11:81:35:fb ssid='E2000EE' wpa_ie_len=0 rsn_ie_len=20 caps=0x411 level=-69
02-25 14:08:11.969 D/wpa_supplicant(  694): wlan0:    skip - SSID mismatch
02-25 14:08:11.969 D/wpa_supplicant(  694): wlan0: 12: cc:b2:55:e2:84:70 ssid='DLINK_APK' wpa_ie_len=22 rsn_ie_len=20 caps=0x411 level=-70
02-25 14:08:11.969 D/wpa_supplicant(  694): wlan0:    skip - SSID mismatch
02-25 14:08:11.969 D/wpa_supplicant(  694): wlan0: 13: b0:48:7a:51:ff:cc ssid='Neusoft TP' wpa_ie_len=22 rsn_ie_len=20 caps=0x431 level=-72 wps
02-25 14:08:11.969 D/wpa_supplicant(  694): wlan0:    skip - SSID mismatch
02-25 14:08:11.969 D/wpa_supplicant(  694): wlan0: 14: e4:d3:32:c0:cf:a4 ssid='fast' wpa_ie_len=0 rsn_ie_len=20 caps=0x411 level=-73
02-25 14:08:11.969 D/wpa_supplicant(  694): wlan0:    skip - SSID mismatch
02-25 14:08:11.969 D/wpa_supplicant(  694): wlan0: 15: 74:e5:43:24:f4:5b ssid='Dttest' wpa_ie_len=0 rsn_ie_len=20 caps=0x31 level=-75
02-25 14:08:11.969 D/wpa_supplicant(  694): wlan0:    skip - SSID mismatch
02-25 14:08:11.969 D/wpa_supplicant(  694): wlan0: 16: 00:0f:e2:0f:9f:c1 ssid='321_WAN' wpa_ie_len=28 rsn_ie_len=24 caps=0x411 level=-80
02-25 14:08:11.969 D/wpa_supplicant(  694): wlan0:    skip - SSID mismatch
02-25 14:08:11.969 D/wpa_supplicant(  694): wlan0: 17: 02:09:4c:7f:39:79 ssid='DIRECT-' wpa_ie_len=0 rsn_ie_len=0 caps=0x410 level=-67
02-25 14:08:11.969 D/wpa_supplicant(  694): wlan0:    skip - SSID mismatch
02-25 14:08:11.969 D/wpa_supplicant(  694): wlan0: 18: 50:bd:5f:4b:29:92 ssid='Internet-2' wpa_ie_len=0 rsn_ie_len=0 caps=0x421 level=-64
02-25 14:08:11.969 D/wpa_supplicant(  694): wlan0:    skip - SSID mismatch
02-25 14:08:11.969 D/wpa_supplicant(  694): wlan0: 19: e4:d3:32:dd:18:62 ssid='Internet' wpa_ie_len=0 rsn_ie_len=0 caps=0x421 level=-72
02-25 14:08:11.969 D/wpa_supplicant(  694): wlan0:    skip - SSID mismatch
02-25 14:08:11.969 D/wpa_supplicant(  694): wlan0: Selecting BSS from priority group 15
02-25 14:08:11.969 D/wpa_supplicant(  694): wlan0: 0: f8:d1:11:e7:99:e8 ssid='videotest' wpa_ie_len=22 rsn_ie_len=20 caps=0x531 level=-46 wps
02-25 14:08:11.969 D/wpa_supplicant(  694): wlan0:    skip - SSID mismatch
02-25 14:08:11.969 D/wpa_supplicant(  694): wlan0: 1: 10:c3:7b:d2:e5:e0 ssid='ASUS_RT-AC66U-2.4G' wpa_ie_len=0 rsn_ie_len=20 caps=0x411 level=-56 wps
02-25 14:08:11.969 D/wpa_supplicant(  694): wlan0:    skip - SSID mismatch
02-25 14:08:11.969 D/wpa_supplicant(  694): wlan0: 2: 02:1a:11:ff:f7:0a ssid='io1' wpa_ie_len=0 rsn_ie_len=20 caps=0x431 level=-57
02-25 14:08:11.969 D/wpa_supplicant(  694): wlan0:    skip - SSID mismatch
02-25 14:08:11.969 D/wpa_supplicant(  694): wlan0: 3: c8:d7:19:60:62:f2 ssid='E3000-2.4G' wpa_ie_len=0 rsn_ie_len=20 caps=0x411 level=-62 wps
02-25 14:08:11.969 D/wpa_supplicant(  694): wlan0:    skip - SSID mismatch
02-25 14:08:11.969 D/wpa_supplicant(  694): wlan0: 4: cc:34:29:2b:26:4c ssid='cws-test' wpa_ie_len=0 rsn_ie_len=20 caps=0x431 level=-63 wps
02-25 14:08:11.969 D/wpa_supplicant(  694): wlan0:    skip - SSID mismatch
02-25 14:08:11.969 D/wpa_supplicant(  694): wlan0: 5: cc:34:29:2c:fb:ec ssid='linksys' wpa_ie_len=22 rsn_ie_len=20 caps=0x431 level=-63 wps
02-25 14:08:11.969 D/wpa_supplicant(  694): wlan0:    skip - SSID mismatch
02-25 14:08:11.969 D/wpa_supplicant(  694): wlan0: 6: c4:17:fe:3f:4f:fb ssid='cmcm' wpa_ie_len=0 rsn_ie_len=20 caps=0x511 level=-64
02-25 14:08:11.969 D/wpa_supplicant(  694): wlan0:    skip - SSID mismatch
02-25 14:08:11.969 D/wpa_supplicant(  694): wlan0: 7: 90:94:e4:03:45:f5 ssid='DAP-2553_D' wpa_ie_len=0 rsn_ie_len=24 caps=0x431 level=-65
02-25 14:08:11.969 D/wpa_supplicant(  694): wlan0:    skip - SSID mismatch
02-25 14:08:11.969 D/wpa_supplicant(  694): wlan0: 8: 44:94:fc:3d:da:38 ssid='6300' wpa_ie_len=0 rsn_ie_len=20 caps=0x411 level=-65 wps
02-25 14:08:11.969 D/wpa_supplicant(  694): wlan0:    skip - SSID mismatch
02-25 14:08:11.969 D/wpa_supplicant(  694): wlan0: 9: 80:1f:02:43:fb:e8 ssid='Edimax AP' wpa_ie_len=0 rsn_ie_len=20 caps=0x411 level=-68
02-25 14:08:11.969 D/wpa_supplicant(  694): wlan0:    skip - SSID mismatch
02-25 14:08:11.969 D/wpa_supplicant(  694): wlan0: 10: 22:48:9a:ac:31:5b ssid='dean1' wpa_ie_len=0 rsn_ie_len=20 caps=0x431 level=-69
02-25 14:08:11.969 D/wpa_supplicant(  694): wlan0:    skip - SSID mismatch
02-25 14:08:11.969 D/wpa_supplicant(  694): wlan0: 11: 98:fc:11:81:35:fb ssid='E2000EE' wpa_ie_len=0 rsn_ie_len=20 caps=0x411 level=-69
02-25 14:08:11.969 D/wpa_supplicant(  694): wlan0:    skip - SSID mismatch
02-25 14:08:11.969 D/wpa_supplicant(  694): wlan0: 12: cc:b2:55:e2:84:70 ssid='DLINK_APK' wpa_ie_len=22 rsn_ie_len=20 caps=0x411 level=-70
02-25 14:08:11.969 D/wpa_supplicant(  694): wlan0:    skip - SSID mismatch
02-25 14:08:11.969 D/wpa_supplicant(  694): wlan0: 13: b0:48:7a:51:ff:cc ssid='Neusoft TP' wpa_ie_len=22 rsn_ie_len=20 caps=0x431 level=-72 wps
02-25 14:08:11.969 D/wpa_supplicant(  694): wlan0:    skip - SSID mismatch
02-25 14:08:11.969 D/wpa_supplicant(  694): wlan0: 14: e4:d3:32:c0:cf:a4 ssid='fast' wpa_ie_len=0 rsn_ie_len=20 caps=0x411 level=-73
02-25 14:08:11.969 D/wpa_supplicant(  694): wlan0:    skip - SSID mismatch
02-25 14:08:11.969 D/wpa_supplicant(  694): wlan0: 15: 74:e5:43:24:f4:5b ssid='Dttest' wpa_ie_len=0 rsn_ie_len=20 caps=0x31 level=-75
02-25 14:08:11.969 D/wpa_supplicant(  694): wlan0:    skip - SSID mismatch
02-25 14:08:11.969 D/wpa_supplicant(  694): wlan0: 16: 00:0f:e2:0f:9f:c1 ssid='321_WAN' wpa_ie_len=28 rsn_ie_len=24 caps=0x411 level=-80
02-25 14:08:11.969 D/wpa_supplicant(  694): wlan0:    skip - SSID mismatch
02-25 14:08:11.969 D/wpa_supplicant(  694): wlan0: 17: 02:09:4c:7f:39:79 ssid='DIRECT-' wpa_ie_len=0 rsn_ie_len=0 caps=0x410 level=-67
02-25 14:08:11.969 D/wpa_supplicant(  694): wlan0:    skip - SSID mismatch
02-25 14:08:11.969 D/wpa_supplicant(  694): wlan0: 18: 50:bd:5f:4b:29:92 ssid='Internet-2' wpa_ie_len=0 rsn_ie_len=0 caps=0x421 level=-64
02-25 14:08:11.969 D/wpa_supplicant(  694): wlan0:    skip - SSID mismatch
02-25 14:08:11.969 D/wpa_supplicant(  694): wlan0: 19: e4:d3:32:dd:18:62 ssid='Internet' wpa_ie_len=0 rsn_ie_len=0 caps=0x421 level=-72
02-25 14:08:11.969 D/wpa_supplicant(  694): wlan0:    skip - SSID mismatch
02-25 14:08:11.969 D/wpa_supplicant(  694): wlan0: Selecting BSS from priority group 4
02-25 14:08:11.969 D/wpa_supplicant(  694): wlan0: 0: f8:d1:11:e7:99:e8 ssid='videotest' wpa_ie_len=22 rsn_ie_len=20 caps=0x531 level=-46 wps
02-25 14:08:11.969 D/wpa_supplicant(  694): wlan0:    skip - SSID mismatch
02-25 14:08:11.969 D/wpa_supplicant(  694): wlan0: 1: 10:c3:7b:d2:e5:e0 ssid='ASUS_RT-AC66U-2.4G' wpa_ie_len=0 rsn_ie_len=20 caps=0x411 level=-56 wps
02-25 14:08:11.969 D/wpa_supplicant(  694): wlan0:    skip - SSID mismatch
02-25 14:08:11.969 D/wpa_supplicant(  694): wlan0: 2: 02:1a:11:ff:f7:0a ssid='io1' wpa_ie_len=0 rsn_ie_len=20 caps=0x431 level=-57
02-25 14:08:11.969 D/wpa_supplicant(  694): wlan0:    skip - SSID mismatch
02-25 14:08:11.969 D/wpa_supplicant(  694): wlan0: 3: c8:d7:19:60:62:f2 ssid='E3000-2.4G' wpa_ie_len=0 rsn_ie_len=20 caps=0x411 level=-62 wps
02-25 14:08:11.969 D/wpa_supplicant(  694): wlan0:    skip - SSID mismatch
02-25 14:08:11.969 D/wpa_supplicant(  694): wlan0: 4: cc:34:29:2b:26:4c ssid='cws-test' wpa_ie_len=0 rsn_ie_len=20 caps=0x431 level=-63 wps
02-25 14:08:11.969 D/wpa_supplicant(  694): wlan0:    skip - SSID mismatch
02-25 14:08:11.969 D/wpa_supplicant(  694): wlan0: 5: cc:34:29:2c:fb:ec ssid='linksys' wpa_ie_len=22 rsn_ie_len=20 caps=0x431 level=-63 wps
02-25 14:08:11.969 D/wpa_supplicant(  694): wlan0:    skip - SSID mismatch
02-25 14:08:11.969 D/wpa_supplicant(  694): wlan0: 6: c4:17:fe:3f:4f:fb ssid='cmcm' wpa_ie_len=0 rsn_ie_len=20 caps=0x511 level=-64
02-25 14:08:11.969 D/wpa_supplicant(  694): wlan0:    skip - SSID mismatch
02-25 14:08:11.969 D/wpa_supplicant(  694): wlan0: 7: 90:94:e4:03:45:f5 ssid='DAP-2553_D' wpa_ie_len=0 rsn_ie_len=24 caps=0x431 level=-65
02-25 14:08:11.969 D/wpa_supplicant(  694): wlan0:    skip - SSID mismatch
02-25 14:08:11.969 D/wpa_supplicant(  694): wlan0: 8: 44:94:fc:3d:da:38 ssid='6300' wpa_ie_len=0 rsn_ie_len=20 caps=0x411 level=-65 wps
02-25 14:08:11.969 D/wpa_supplicant(  694): wlan0:    skip - SSID mismatch
02-25 14:08:11.969 D/wpa_supplicant(  694): wlan0: 9: 80:1f:02:43:fb:e8 ssid='Edimax AP' wpa_ie_len=0 rsn_ie_len=20 caps=0x411 level=-68
02-25 14:08:11.969 D/wpa_supplicant(  694): wlan0:    skip - SSID mismatch
02-25 14:08:11.969 D/wpa_supplicant(  694): wlan0: 10: 22:48:9a:ac:31:5b ssid='dean1' wpa_ie_len=0 rsn_ie_len=20 caps=0x431 level=-69
02-25 14:08:11.969 D/wpa_supplicant(  694): wlan0:    skip - SSID mismatch
02-25 14:08:11.969 D/wpa_supplicant(  694): wlan0: 11: 98:fc:11:81:35:fb ssid='E2000EE' wpa_ie_len=0 rsn_ie_len=20 caps=0x411 level=-69
02-25 14:08:11.969 D/wpa_supplicant(  694): wlan0:    skip - SSID mismatch
02-25 14:08:11.969 D/wpa_supplicant(  694): wlan0: 12: cc:b2:55:e2:84:70 ssid='DLINK_APK' wpa_ie_len=22 rsn_ie_len=20 caps=0x411 level=-70
02-25 14:08:11.969 D/wpa_supplicant(  694): wlan0:    skip - SSID mismatch
02-25 14:08:11.969 D/wpa_supplicant(  694): wlan0: 13: b0:48:7a:51:ff:cc ssid='Neusoft TP' wpa_ie_len=22 rsn_ie_len=20 caps=0x431 level=-72 wps
02-25 14:08:11.969 D/wpa_supplicant(  694): wlan0:    skip - SSID mismatch
02-25 14:08:11.969 D/wpa_supplicant(  694): wlan0: 14: e4:d3:32:c0:cf:a4 ssid='fast' wpa_ie_len=0 rsn_ie_len=20 caps=0x411 level=-73
02-25 14:08:11.969 D/wpa_supplicant(  694): wlan0:    skip - SSID mismatch
02-25 14:08:11.969 D/wpa_supplicant(  694): wlan0: 15: 74:e5:43:24:f4:5b ssid='Dttest' wpa_ie_len=0 rsn_ie_len=20 caps=0x31 level=-75
02-25 14:08:11.969 D/wpa_supplicant(  694): wlan0:    skip - SSID mismatch
02-25 14:08:11.969 D/wpa_supplicant(  694): wlan0: 16: 00:0f:e2:0f:9f:c1 ssid='321_WAN' wpa_ie_len=28 rsn_ie_len=24 caps=0x411 level=-80
02-25 14:08:11.969 D/wpa_supplicant(  694): wlan0:    skip - SSID mismatch
02-25 14:08:11.969 D/wpa_supplicant(  694): wlan0: 17: 02:09:4c:7f:39:79 ssid='DIRECT-' wpa_ie_len=0 rsn_ie_len=0 caps=0x410 level=-67
02-25 14:08:11.969 D/wpa_supplicant(  694): wlan0:    skip - SSID mismatch
02-25 14:08:11.969 D/wpa_supplicant(  694): wlan0: 18: 50:bd:5f:4b:29:92 ssid='Internet-2' wpa_ie_len=0 rsn_ie_len=0 caps=0x421 level=-64
02-25 14:08:11.969 D/wpa_supplicant(  694): wlan0:    skip - SSID mismatch
02-25 14:08:11.969 D/wpa_supplicant(  694): wlan0: 19: e4:d3:32:dd:18:62 ssid='Internet' wpa_ie_len=0 rsn_ie_len=0 caps=0x421 level=-72
02-25 14:08:11.969 D/wpa_supplicant(  694): wlan0:    skip - SSID mismatch
02-25 14:08:11.969 D/wpa_supplicant(  694): wlan0: No suitable network found
02-25 14:08:11.969 D/wpa_supplicant(  694): wlan0: Setting scan request: 40 sec 0 usec
02-25 14:08:11.969 D/wpa_supplicant(  694): wlan0: Checking for other virtual interfaces sharing same radio (phy0) in event_scan_results
02-25 14:08:11.969 D/wpa_supplicant(  694): p2p-dev-wlan0: Updating scan results from sibling
02-25 14:08:11.969 D/wpa_supplicant(  694): nl80211: Received scan results (20 BSSes)
02-25 14:08:11.969 D/wpa_supplicant(  694): nl80211: Survey data missing
02-25 14:08:11.969 D/wpa_supplicant(  694): p2p-dev-wlan0: BSS: Start scan result update 381
02-25 14:08:11.969 D/wpa_supplicant(  694): BSS: No P2P IE - skipping BSS f8:d1:11:e7:99:e8 update for P2P interface
02-25 14:08:11.969 D/wpa_supplicant(  694): BSS: No P2P IE - skipping BSS 10:c3:7b:d2:e5:e0 update for P2P interface
02-25 14:08:11.969 D/wpa_supplicant(  694): BSS: No P2P IE - skipping BSS 02:1a:11:ff:f7:0a update for P2P interface
02-25 14:08:11.969 D/wpa_supplicant(  694): BSS: No P2P IE - skipping BSS c8:d7:19:60:62:f2 update for P2P interface
02-25 14:08:11.969 D/wpa_supplicant(  694): BSS: No P2P IE - skipping BSS cc:34:29:2b:26:4c update for P2P interface
02-25 14:08:11.969 D/wpa_supplicant(  694): BSS: No P2P IE - skipping BSS cc:34:29:2c:fb:ec update for P2P interface
02-25 14:08:11.969 D/wpa_supplicant(  694): BSS: No P2P IE - skipping BSS c4:17:fe:3f:4f:fb update for P2P interface
02-25 14:08:11.969 D/wpa_supplicant(  694): BSS: No P2P IE - skipping BSS 90:94:e4:03:45:f5 update for P2P interface
02-25 14:08:11.969 D/wpa_supplicant(  694): BSS: No P2P IE - skipping BSS 44:94:fc:3d:da:38 update for P2P interface
02-25 14:08:11.969 D/wpa_supplicant(  694): BSS: No P2P IE - skipping BSS 80:1f:02:43:fb:e8 update for P2P interface
02-25 14:08:11.969 D/wpa_supplicant(  694): BSS: No P2P IE - skipping BSS 22:48:9a:ac:31:5b update for P2P interface
02-25 14:08:11.969 D/wpa_supplicant(  694): BSS: No P2P IE - skipping BSS 98:fc:11:81:35:fb update for P2P interface
02-25 14:08:11.969 D/wpa_supplicant(  694): BSS: No P2P IE - skipping BSS cc:b2:55:e2:84:70 update for P2P interface
02-25 14:08:11.969 D/wpa_supplicant(  694): BSS: No P2P IE - skipping BSS b0:48:7a:51:ff:cc update for P2P interface
02-25 14:08:11.969 D/wpa_supplicant(  694): BSS: No P2P IE - skipping BSS e4:d3:32:c0:cf:a4 update for P2P interface
02-25 14:08:11.969 D/wpa_supplicant(  694): BSS: No P2P IE - skipping BSS 74:e5:43:24:f4:5b update for P2P interface
02-25 14:08:11.969 D/wpa_supplicant(  694): BSS: No P2P IE - skipping BSS 00:0f:e2:0f:9f:c1 update for P2P interface
02-25 14:08:11.969 D/wpa_supplicant(  694): BSS: No P2P IE - skipping BSS 02:09:4c:7f:39:79 update for P2P interface
02-25 14:08:11.969 D/wpa_supplicant(  694): BSS: No P2P IE - skipping BSS 50:bd:5f:4b:29:92 update for P2P interface
02-25 14:08:11.969 D/wpa_supplicant(  694): BSS: No P2P IE - skipping BSS e4:d3:32:dd:18:62 update for P2P interface
02-25 14:08:11.969 D/wpa_supplicant(  694): BSS: last_scan_res_used=0/0 last_scan_full=0
02-25 14:08:11.969 D/wpa_supplicant(  694): p2p-dev-wlan0: New scan results available
02-25 14:08:11.969 D/wpa_supplicant(  694): CTRL_IFACE monitor send - hexdump(len=39): 2f 64 61 74 61 2f 6d 69 73 63 2f 77 69 66 69 2f 73 6f 63 6b 65 74 73 2f 77 70 61 5f 63 74 72 6c ...
02-25 14:08:11.969 D/wpa_supplicant(  694): WPS: AP[0] f8:d1:11:e7:99:e8 type=0 tries=0 last_attempt=-1 sec ago blacklist=0
02-25 14:08:11.969 D/wpa_supplicant(  694): WPS: AP[1] cc:34:29:2c:fb:ec type=0 tries=0 last_attempt=-1 sec ago blacklist=0
02-25 14:08:11.969 D/wpa_supplicant(  694): WPS: AP[2] cc:34:29:2b:26:4c type=0 tries=0 last_attempt=-1 sec ago blacklist=0
02-25 14:08:11.969 D/wpa_supplicant(  694): WPS: AP[3] b0:48:7a:51:ff:cc type=0 tries=0 last_attempt=-1 sec ago blacklist=0
02-25 14:08:11.969 D/wpa_supplicant(  694): WPS: AP[4] c0:a0:bb:20:3b:84 type=0 tries=0 last_attempt=-1 sec ago blacklist=0
02-25 14:08:11.969 D/wpa_supplicant(  694): WPS: AP[5] 2c:b0:5d:7f:f4:24 type=0 tries=0 last_attempt=-1 sec ago blacklist=0
02-25 14:08:11.969 I/WifiHW  (  506): EVENT: IFNAME=p2p-dev-wlan0 CTRL-EVENT-SCAN-RESULTS 
02-25 14:08:11.969 D/wpa_supplicant(  694): WPS: AP[6] 9c:21:6a:0d:eb:72 type=0 tries=0 last_attempt=-1 sec ago blacklist=0
02-25 14:08:11.969 D/wpa_supplicant(  694): WPS: AP[7] c8:d7:19:60:62:f2 type=0 tries=0 last_attempt=-1 sec ago blacklist=0
02-25 14:08:11.969 D/wpa_supplicant(  694): WPS: AP[8] 44:94:fc:3d:da:38 type=0 tries=0 last_attempt=-1 sec ago blacklist=0
02-25 14:08:11.969 D/wpa_supplicant(  694): WPS: AP[9] 10:c3:7b:d2:e5:e0 type=0 tries=0 last_attempt=-1 sec ago blacklist=0
02-25 14:08:11.969 D/wpa_supplicant(  694): WPS: AP[10] e4:d3:32:db:f6:03 type=0 tries=0 last_attempt=-1 sec ago blacklist=0
02-25 14:08:11.969 D/wpa_supplicant(  694): p2p-dev-wlan0: No suitable network found
02-25 14:08:11.969 D/wpa_supplicant(  694): p2p-dev-wlan0: Short-circuit new scan request since there are no enabled networks
02-25 14:08:11.969 D/wpa_supplicant(  694): p2p-dev-wlan0: State: INACTIVE -> INACTIVE
02-25 14:08:11.969 D/wpa_supplicant(  694): wlan0: P2P: Station mode scan operation not pending anymore (sta_scan_pending=0 p2p_cb_on_scan_complete=0)
02-25 14:08:11.969 D/wpa_supplicant(  694): RX ctrl_iface - hexdump(len=25): 42 53 53 20 52 41 4e 47 45 3d 30 2d 20 4d 41 53 4b 3d 30 78 32 31 39 38 37
02-25 14:08:11.979 D/wpa_supplicant(  694): wlan0: Control interface command 'BSS RANGE=0- MASK=0x21987'
02-25 14:08:11.979 I/WifiHW  (  506): REPLY: id=0
02-25 14:08:11.979 I/WifiHW  (  506): REPLY: bssid=f8:d1:11:e7:99:e8
02-25 14:08:11.979 I/WifiHW  (  506): REPLY: freq=2437
02-25 14:08:11.979 I/WifiHW  (  506): REPLY: level=-46
02-25 14:08:11.979 I/WifiHW  (  506): REPLY: tsf=0000015666172209
02-25 14:08:11.979 I/WifiHW  (  506): REPLY: flags=[WPA-PSK-CCMP][WPA2-PSK-CCMP][WPS][ESS]
02-25 14:08:11.979 I/WifiHW  (  506): REPLY: ssid=videotest
02-25 14:08:11.979 I/WifiHW  (  506): REPLY: ====
02-25 14:08:11.979 I/WifiHW  (  506): REPLY: id=1
02-25 14:08:11.979 I/WifiHW  (  506): REPLY: bssid=02:1a:11:ff:f7:0a
02-25 14:08:11.979 I/WifiHW  (  506): REPLY: freq=2437
02-25 14:08:11.979 I/WifiHW  (  506): REPLY: level=-57
02-25 14:08:11.979 I/WifiHW  (  506): REPLY: tsf=0000015666172218
02-25 14:08:11.979 I/WifiHW  (  506): REPLY: flags=[WPA2-PSK-CCMP][ESS]
02-25 14:08:11.979 I/WifiHW  (  506): REPLY: ssid=io1
02-25 14:08:11.979 I/WifiHW  (  506): REPLY: ====
02-25 14:08:11.979 I/WifiHW  (  506): REPLY: id=2
02-25 14:08:11.979 I/WifiHW  (  506): REPLY: bssid=cc:34:29:2c:fb:ec
02-25 14:08:11.979 I/WifiHW  (  506): REPLY: freq=2412
02-25 14:08:11.979 I/WifiHW  (  506): REPLY: level=-63
02-25 14:08:11.979 I/WifiHW  (  506): REPLY: tsf=0000015666172165
02-25 14:08:11.979 I/WifiHW  (  506): REPLY: flags=[WPA-PSK-CCMP][WPA2-PSK-CCMP][WPS][ESS]
02-25 14:08:11.979 I/WifiHW  (  506): REPLY: ssid=linksys
02-25 14:08:11.979 I/WifiHW  (  506): REPLY: ====
02-25 14:08:11.979 I/WifiHW  (  506): REPLY: id=3
02-25 14:08:11.979 I/WifiHW  (  506): REPLY: bssid=cc:34:29:2b:26:4c
02-25 14:08:11.979 I/WifiHW  (  506): REPLY: freq=2462
02-25 14:08:11.979 I/WifiHW  (  506): REPLY: level=-63
02-25 14:08:11.979 I/WifiHW  (  506): REPLY: tsf=0000015666172336
02-25 14:08:11.979 I/WifiHW  (  506): REPLY: flags=[WPA2-PSK-CCMP][WPS][ESS]
02-25 14:08:11.979 I/WifiHW  (  506): REPLY: ssid=cws-test
02-25 14:08:11.979 I/WifiHW  (  506): REPLY: ====
02-25 14:08:11.979 I/WifiHW  (  506): REPLY: id=4
02-25 14:08:11.979 I/WifiHW  (  506): REPLY: bssid=90:94:e4:03:45:f5
02-25 14:08:11.979 I/WifiHW  (  506): REPLY: freq=2422
02-25 14:08:11.979 I/WifiHW  (  506): REPLY: level=-65
02-25 14:08:11.979 I/WifiHW  (  506): REPLY: tsf=0000015666172200
02-25 14:08:11.979 I/WifiHW  (  506): REPLY: flags=[WPA2-PSK-CCMP+TKIP][ESS]
02-25 14:08:11.979 I/WifiHW  (  506): REPLY: ssid=DAP-2553_D
02-25 14:08:11.979 I/WifiHW  (  506): REPLY: ====
02-25 14:08:11.979 I/WifiHW  (  506): REPLY: id=5
02-25 14:08:11.979 I/WifiHW  (  506): REPLY: bssid=98:fc:11:81:35:fb
02-25 14:08:11.979 I/WifiHW  (  506): REPLY: freq=2412
02-25 14:08:11.979 I/WifiHW  (  506): REPLY: level=-69
02-25 14:08:11.979 I/WifiHW  (  506): REPLY: tsf=0000015666172192
02-25 14:08:11.979 I/WifiHW  (  506): REPLY: flags=[WPA2-EAP-CCMP-preauth][ESS]
02-25 14:08:11.979 I/WifiHW  (  506): REPLY: ssid=E2000EE
02-25 14:08:11.979 I/WifiHW  (  506): REPLY: ====
02-25 14:08:11.979 I/WifiHW  (  506): REPLY: id=29
02-25 14:08:11.979 I/WifiHW  (  506): REPLY: bssid=c8:d7:19:60:62:f2
02-25 14:08:11.979 I/WifiHW  (  506): REPLY: freq=2437
02-25 14:08:11.979 I/WifiHW  (  506): REPLY: level=-62
02-25 14:08:11.979 I/WifiHW  (  506): REPLY: tsf=0000015666172234
02-25 14:08:11.979 I/WifiHW  (  506): REPLY: flags=[WPA2-PSK-CCMP][WPS][ESS]
02-25 14:08:11.979 I/WifiHW  (  506): REPLY: ssid=E3000-2.4G
02-25 14:08:11.979 I/WifiHW  (  506): REPLY: ====
02-25 14:08:11.979 I/WifiHW  (  506): REPLY: id=31
02-25 14:08:11.979 I/WifiHW  (  506): REPLY: bssid=44:94:fc:3d:da:38
02-25 14:08:11.979 I/WifiHW  (  506): REPLY: freq=2462
02-25 14:08:11.979 I/WifiHW  (  506): REPLY: level=-65
02-25 14:08:11.979 I/WifiHW  (  506): REPLY: tsf=0000015666172311
02-25 14:08:11.979 I/WifiHW  (  506): REPLY: flags=[WPA2-EAP-CCMP-preauth][WPS][ESS]
02-25 14:08:11.979 I/WifiHW  (  506): REPLY: ssid=6300
02-25 14:08:11.979 I/WifiHW  (  506): REPLY: ====
02-25 14:08:11.979 I/WifiHW  (  506): REPLY: id=32
02-25 14:08:11.979 I/WifiHW  (  506): REPLY: bssid=10:c3:7b:d2:e5:e0
02-25 14:08:11.979 I/WifiHW  (  506): REPLY: freq=2462
02-25 14:08:11.979 I/WifiHW  (  506): REPLY: level=-56
02-25 14:08:11.979 I/WifiHW  (  506): REPLY: tsf=0000015666172320
02-25 14:08:11.979 I/WifiHW  (  506): REPLY: flags=[WPA2-PSK-CCMP][WPS][ESS]
02-25 14:08:11.979 I/WifiHW  (  506): REPLY: ssid=ASUS_RT-AC66U-2.4G
02-25 14:08:11.979 I/WifiHW  (  506): REPLY: ====
02-25 14:08:11.979 I/WifiHW  (  506): REPLY: id=171
02-25 14:08:11.979 I/WifiHW  (  506): REPLY: bssid=80:1f:02:43:fb:e8
02-25 14:08:11.979 I/WifiHW  (  506): REPLY: freq=2412
02-25 14:08:11.979 I/WifiHW  (  506): REPLY: level=-68
02-25 14:08:11.979 I/WifiHW  (  506): REPLY: tsf=0000015666172184
02-25 14:08:11.979 I/WifiHW  (  506): REPLY: flags=[WPA2-PSK-CCMP-preauth][ESS]
02-25 14:08:11.979 I/WifiHW  (  506): REPLY: ssid=Edimax AP
02-25 14:08:11.979 I/WifiHW  (  506): REPLY: ====
02-25 14:08:11.979 I/WifiHW  (  506): REPLY: id=220
02-25 14:08:11.979 I/WifiHW  (  506): REPLY: bssid=c4:17:fe:3f:4f:fb
02-25 14:08:11.979 I/WifiHW  (  506): REPLY: freq=2437
02-25 14:08:11.979 I/WifiHW  (  506): REPLY: level=-64
02-25 14:08:11.979 I/WifiHW  (  506): REPLY: tsf=0000015666172294
02-25 14:08:11.979 I/WifiHW  (  506): REPLY: flags=[WPA2-PSK-CCMP][ESS]
02-25 14:08:11.979 I/WifiHW  (  506): REPLY: ssid=cmcm
02-25 14:08:11.979 I/WifiHW  (  506): REPLY: ====
02-25 14:08:11.979 I/WifiHW  (  506): REPLY: id=399
02-25 14:08:11.979 I/WifiHW  (  506): REPLY: bssid=50:bd:5f:4b:29:92
02-25 14:08:11.979 I/WifiHW  (  506): REPLY: freq=2437
02-25 14:08:11.979 I/WifiHW  (  506): REPLY: level=-64
02-25 14:08:11.979 I/WifiHW  (  506): REPLY: tsf=0000015666172226
02-25 14:08:11.979 I/WifiHW  (  506): REPLY: flags=[ESS]
02-25 14:08:11.979 I/WifiHW  (  506): REPLY: ssid=Internet-2
02-25 14:08:11.979 I/WifiHW  (  506): REPLY: ====
02-25 14:08:11.979 I/WifiHW  (  506): REPLY: id=406
02-25 14:08:11.979 I/WifiHW  (  506): REPLY: bssid=00:0f:e2:0f:9f:c1
02-25 14:08:11.979 I/WifiHW  (  506): REPLY: freq=2462
02-25 14:08:11.979 I/WifiHW  (  506): REPLY: level=-80
02-25 14:08:11.979 I/WifiHW  (  506): REPLY: tsf=0000015666172328
02-25 14:08:11.979 I/WifiHW  (  506): REPLY: flags=[WPA-PSK-CCMP+TKIP][WPA2-PSK-CCMP+TKIP][ESS]
02-25 14:08:11.979 I/WifiHW  (  506): REPLY: ssid=321_WAN
02-25 14:08:11.979 I/WifiHW  (  506): REPLY: ====
02-25 14:08:11.979 I/WifiHW  (  506): REPLY: id=407
02-25 14:08:11.979 I/WifiHW  (  506): REPLY: bssid=74:e5:43:24:f4:5b
02-25 14:08:11.979 I/WifiHW  (  506): REPLY: freq=2412
02-25 14:08:11.979 I/WifiHW  (  506): REPLY: level=-75
02-25 14:08:11.979 I/WifiHW  (  506): REPLY: tsf=0000015666172175
02-25 14:08:11.979 I/WifiHW  (  506): REPLY: flags=[WPA2-PSK-CCMP][ESS]
02-25 14:08:11.979 I/WifiHW  (  506): REPLY: ssid=Dttest
02-25 14:08:11.979 I/WifiHW  (  506): REPLY: ====
02-25 14:08:11.979 I/WifiHW  (  506): REPLY: id=437
02-25 14:08:11.979 I/WifiHW  (  506): REPLY: bssid=e4:d3:32:c0:cf:a4
02-25 14:08:11.979 I/WifiHW  (  506): REPLY: freq=2437
02-25 14:08:11.979 I/WifiHW  (  506): REPLY: level=-73
02-25 14:08:11.979 I/WifiHW  (  506): REPLY: tsf=0000015666172271
02-25 14:08:11.979 I/WifiHW  (  506): REPLY: flags=[WPA2-PSK-CCMP][ESS]
02-25 14:08:11.979 I/WifiHW  (  506): REPLY: ssid=fast
02-25 14:08:11.979 I/WifiHW  (  506): REPLY: ====
02-25 14:08:11.979 I/WifiHW  (  506): REPLY: id=438
02-25 14:08:11.979 I/WifiHW  (  506): REPLY: bssid=e4:d3:32:dd:18:62
02-25 14:08:11.979 I/WifiHW  (  506): REPLY: freq=2437
02-25 14:08:11.979 I/WifiHW  (  506): REPLY: level=-72
02-25 14:08:11.979 I/WifiHW  (  506): REPLY: tsf=0000015666172262
02-25 14:08:11.979 I/WifiHW  (  506): REPLY: flags=[ESS]
02-25 14:08:11.979 I/WifiHW  (  506): REPLY: ssid=Internet
02-25 14:08:11.979 I/WifiHW  (  506): REPLY: ====
02-25 14:08:11.979 I/WifiHW  (  506): REPLY: id=439
02-25 14:08:11.979 I/WifiHW  (  506): REPLY: bssid=22:48:9a:ac:31:5b
02-25 14:08:11.979 I/WifiHW  (  506): REPLY: freq=2437
02-25 14:08:11.979 I/WifiHW  (  506): REPLY: level=-69
02-25 14:08:11.979 I/WifiHW  (  506): REPLY: tsf=0000015666172253
02-25 14:08:11.979 I/WifiHW  (  506): REPLY: flags=[WPA2-PSK-CCMP][ESS]
02-25 14:08:11.979 I/WifiHW  (  506): REPLY: ssid=dean1
02-25 14:08:11.979 I/WifiHW  (  506): REPLY: ====
02-25 14:08:11.979 I/WifiHW  (  506): REPLY: id=443
02-25 14:08:11.979 I/WifiHW  (  506): REPLY: bssid=b0:48:7a:51:ff:cc
02-25 14:08:11.979 I/WifiHW  (  506): REPLY: freq=2452
02-25 14:08:11.979 I/WifiHW  (  506): REPLY: level=-72
02-25 14:08:11.979 I/WifiHW  (  506): REPLY: tsf=0000015666172302
02-25 14:08:11.979 I/WifiHW  (  506): REPLY: flags=[WPA-PSK-CCMP][WPA2-PSK-CCMP][WPS][ESS]
02-25 14:08:11.979 I/WifiHW  (  506): REPLY: ssid=Neusoft TP
02-25 14:08:11.979 I/WifiHW  (  506): REPLY: ====
02-25 14:08:11.979 I/WifiHW  (  506): REPLY: id=449
02-25 14:08:11.979 I/WifiHW  (  506): REPLY: bssid=cc:b2:55:e2:84:70
02-25 14:08:11.979 I/WifiHW  (  506): REPLY: freq=2447
02-25 14:08:11.979 I/WifiHW  (  506): REPLY: level=-70
02-25 14:08:11.979 I/WifiHW  (  506): REPLY: tsf=0000015666172285
02-25 14:08:11.979 I/WifiHW  (  506): REPLY: flags=[WPA-PSK-TKIP][WPA2-PSK-TKIP][ESS]
02-25 14:08:11.979 I/WifiHW  (  506): REPLY: ssid=DLINK_APK
02-25 14:08:11.979 I/WifiHW  (  506): REPLY: ====
02-25 14:08:11.979 I/WifiHW  (  506): REPLY: id=450
02-25 14:08:11.979 I/WifiHW  (  506): REPLY: bssid=00:25:86:5c:5e:30
02-25 14:08:11.979 I/WifiHW  (  506): REPLY: freq=2437
02-25 14:08:11.979 I/WifiHW  (  506): REPLY: level=-83
02-25 14:08:11.979 I/WifiHW  (  506): REPLY: tsf=0000015624920516
02-25 14:08:11.979 I/WifiHW  (  506): REPLY: flags=[ESS]
02-25 14:08:11.979 I/WifiHW  (  506): REPLY: ssid=internet
02-25 14:08:11.979 I/WifiHW  (  506): REPLY: ====
02-25 14:08:11.979 I/WifiHW  (  506): REPLY: id=451
02-25 14:08:11.979 I/WifiHW  (  506): REPLY: bssid=02:09:4c:7f:39:79
02-25 14:08:11.979 I/WifiHW  (  506): REPLY: freq=2412
02-25 14:08:11.979 I/WifiHW  (  506): REPLY: level=-67
02-25 14:08:11.979 I/WifiHW  (  506): REPLY: tsf=0000015666172244
02-25 14:08:11.979 I/WifiHW  (  506): REPLY: flags=[WEP]
02-25 14:08:11.979 I/WifiHW  (  506): REPLY: ssid=DIRECT-
02-25 14:08:11.979 I/WifiHW  (  506): REPLY: ####
02-25 14:08:12.899 W/BindingManager(15033): Cannot call determinedVisibility() - never saw a connection for the pid: 15033
02-25 14:08:13.089 I/chromium(15033): [INFO:CONSOLE(11)] "WebSocket connection to 'ws://127.0.0.1/ws/echo' failed: Error in connection establishment: net::ERR_CONNECTION_REFUSED", source: http://127.0.0.1:8080/opt/tct-websocket-w3c-tests/websocket/w3c/017.html (11)
02-25 14:08:13.089 I/chromium(15033): [INFO:CONSOLE(11)] "WebSocket connection to 'ws://127.0.0.1/ws/echo' failed: Error in connection establishment: net::ERR_CONNECTION_REFUSED", source: http://127.0.0.1:8080/opt/tct-websocket-w3c-tests/websocket/w3c/017.html (11)
02-25 14:08:13.089 I/chromium(15033): [INFO:CONSOLE(11)] "WebSocket connection to 'wss://127.0.0.1/ws/echo' failed: Error in connection establishment: net::ERR_CONNECTION_REFUSED", source: http://127.0.0.1:8080/opt/tct-websocket-w3c-tests/websocket/w3c/017.html (11)
02-25 14:08:13.089 I/chromium(15033): [INFO:CONSOLE(11)] "WebSocket connection to 'wss://127.0.0.1/ws/echo' failed: Error in connection establishment: net::ERR_CONNECTION_REFUSED", source: http://127.0.0.1:8080/opt/tct-websocket-w3c-tests/websocket/w3c/017.html (11)
02-25 14:08:13.779 W/BindingManager(15033): Cannot call determinedVisibility() - never saw a connection for the pid: 15033
02-25 14:08:14.389 W/BindingManager(15033): Cannot call determinedVisibility() - never saw a connection for the pid: 15033
02-25 14:08:15.179 W/BindingManager(15033): Cannot call determinedVisibility() - never saw a connection for the pid: 15033
02-25 14:08:15.209 I/chromium(15033): [INFO:CONSOLE(0)] "WebSocket is already in CLOSING or CLOSED state.", source: http://127.0.0.1:8080/opt/tct-websocket-w3c-tests/websocket/websocket_WebSocket_bufferedAmount_increase_each_call.html (0)
02-25 14:08:15.209 I/chromium(15033): [INFO:CONSOLE(0)] "WebSocket is already in CLOSING or CLOSED state.", source: http://127.0.0.1:8080/opt/tct-websocket-w3c-tests/websocket/websocket_WebSocket_bufferedAmount_increase_each_call.html (0)
02-25 14:08:15.209 I/chromium(15033): [INFO:CONSOLE(0)] "WebSocket is already in CLOSING or CLOSED state.", source: http://127.0.0.1:8080/opt/tct-websocket-w3c-tests/websocket/websocket_WebSocket_bufferedAmount_increase_each_call.html (0)
02-25 14:08:15.209 I/chromium(15033): [INFO:CONSOLE(0)] "WebSocket is already in CLOSING or CLOSED state.", source: http://127.0.0.1:8080/opt/tct-websocket-w3c-tests/websocket/websocket_WebSocket_bufferedAmount_increase_each_call.html (0)
02-25 14:08:15.849 W/BindingManager(15033): Cannot call determinedVisibility() - never saw a connection for the pid: 15033
02-25 14:08:16.619 W/BindingManager(15033): Cannot call determinedVisibility() - never saw a connection for the pid: 15033
02-25 14:08:17.739 W/ufoGralloc(  171): registerBuffer() handle 0xb94b50a0/73 didn't require registration
02-25 14:08:17.779 D/dalvikvm(  506): GC_FOR_ALLOC freed 464K, 27% free 16805K/22996K, paused 37ms, total 37ms
02-25 14:08:17.789 D/CordovaActivity(15033): Paused the application!
02-25 14:08:17.789 D/CordovaWebView(15033): Handle the pause
02-25 14:08:17.789 D/WindowManager(  506): adjustConfigurationLw, config:{1.0 ?mcc?mnc ?locale ?layoutDir sw600dp w600dp h888dp 213dpi lrg port ?uimode ?night finger -keyb/v/h -nav/v} mLidState:1 mHasDockFeature:false mHasKeyboardFeature:false mHasHallSensorFeature:true config.hardKeyboardHidden:2
02-25 14:08:17.789 I/ActivityManager(  506): [TopPkgCurBat]	NowPkgName[com.asus.launcher]	Battery[90]	TimeTick[1424844497806]	OldPkgName[org.xwalk.webapi_service_tests]
02-25 14:08:17.799 I/chromium(15033): [INFO:CONSOLE(1)] "exception firing pause event from native", source:  (1)
02-25 14:08:17.799 V/WeatherTimeProvider( 1537): widget on Visibility Changed
02-25 14:08:17.819 D/        (  702): Pixel Format : GGL_PIXEL_FORMAT_RGBA_8888
02-25 14:08:17.819 W/IInputConnectionWrapper(15033): showStatusIcon on inactive InputConnection
02-25 14:08:17.819 D/XT9IME  (  731): new subtype :zh_CN ,pinyin
02-25 14:08:17.859 D/BatteryStatsImpl(  506): noteStopWakeLocked system isFromForeground = false
02-25 14:08:17.859 D/ImageWallpaper(  571): onVisibilityChanged: mVisible, visible=false, true
02-25 14:08:17.859 D/ImageWallpaper(  571): Visibility changed to visible=true
02-25 14:08:17.859 D/ImageWallpaper(  571): Suppressed drawFrame since redraw is not needed and offsets have not changed.
02-25 14:08:17.889 D/        (15033): Surface destroy: ANDROID_NATIVE_WINDOW_MAGIC
02-25 14:08:17.889 D/        (15033): Surface destroy: ANDROID_NATIVE_WINDOW_MAGIC
02-25 14:08:18.079 D/AndroidRuntime(15207): 
02-25 14:08:18.079 D/AndroidRuntime(15207): >>>>>> AndroidRuntime START com.android.internal.os.RuntimeInit <<<<<<
02-25 14:08:18.079 D/AndroidRuntime(15207): CheckJNI is OFF
02-25 14:08:18.079 I/AndroidRuntime(15207): Kernel Release Version: 3.10.20-gf818079
02-25 14:08:18.079 I/dalvikvm(15207): No library specified. The standard exception handler will be used
02-25 14:08:18.079 I/dalvikvm(15207): 
02-25 14:08:18.079 I/dalvikvm(15207): +++++++++++++ Using PCG. +++++++++++++++++++++
02-25 14:08:18.089 D/dalvikvm(15207): Trying to load lib libjavacore.so 0x0
02-25 14:08:18.089 D/dalvikvm(15207): Added shared lib libjavacore.so 0x0
02-25 14:08:18.089 D/dalvikvm(15207): Trying to load lib libnativehelper.so 0x0
02-25 14:08:18.089 D/dalvikvm(15207): Added shared lib libnativehelper.so 0x0
02-25 14:08:18.089 D/dalvikvm(15207): No JNI_OnLoad found in libnativehelper.so 0x0, skipping init
02-25 14:08:18.099 D/dalvikvm(15207): Extra Options: not specified
02-25 14:08:18.109 D/dalvikvm(15207): Note: class Landroid/app/ActivityManagerNative; has 186 unimplemented (abstract) methods
02-25 14:08:18.189 E/memtrack(15207): Couldn't load memtrack module (No such file or directory)
02-25 14:08:18.189 E/android.os.Debug(15207): failed to load memtrack module: -2
02-25 14:08:18.219 D/AndroidRuntime(15207): Calling main entry com.android.commands.am.Am
02-25 14:08:18.249 I/ActivityManager(  506): Force stopping org.xwalk.webapi_service_tests appid=10266 user=0: from pid 15207
02-25 14:08:18.249 I/SecurityManagerService(  602): SMS received security event: App[STOP/org.xwalk.webapi_service_tests]
02-25 14:08:18.249 D/AndroidRuntime(15207): Shutting down VM
02-25 14:08:18.249 D/dalvikvm(15207): GC_CONCURRENT freed 112K, 16% free 666K/792K, paused 1ms+0ms, total 2ms
02-25 14:08:18.249 I/ActivityManager(  506): Killing 15033:org.xwalk.webapi_service_tests/u0a266 (adj 1): stop org.xwalk.webapi_service_tests
02-25 14:08:18.269 E/JavaBinder(  506): !!! FAILED BINDER TRANSACTION !!!
02-25 14:08:18.269 D/dalvikvm(15207): Compiler shutdown in progress - discarding request
02-25 14:08:18.269 D/dalvikvm(15207): Compiler shutdown in progress - discarding request
02-25 14:08:18.269 D/dalvikvm(15207): Compiler shutdown in progress - discarding request
02-25 14:08:18.269 D/dalvikvm(15207): Compiler shutdown in progress - discarding request
02-25 14:08:18.269 D/dalvikvm(15207): Compiler shutdown in progress - discarding request
02-25 14:08:18.269 D/dalvikvm(15207): Compiler shutdown in progress - discarding request
02-25 14:08:18.269 D/dalvikvm(15207): Compiler shutdown in progress - discarding request
02-25 14:08:18.269 D/dalvikvm(15207): Compiler shutdown in progress - discarding request
02-25 14:08:18.269 D/dalvikvm(15207): Compiler shutdown in progress - discarding request
02-25 14:08:18.269 D/dalvikvm(15207): Compiler shutdown in progress - discarding request
02-25 14:08:18.269 D/dalvikvm(15207): Compiler shutdown in progress - discarding request
02-25 14:08:18.269 D/dalvikvm(15207): Compiler shutdown in progress - discarding request
02-25 14:08:18.269 D/dalvikvm(15207): Compiler shutdown in progress - discarding request
02-25 14:08:18.269 D/dalvikvm(15207): Compiler shutdown in progress - discarding request
02-25 14:08:18.269 D/dalvikvm(15207): Compiler shutdown in progress - discarding request
02-25 14:08:18.269 D/dalvikvm(15207): Compiler shutdown in progress - discarding request
02-25 14:08:18.269 D/dalvikvm(15207): Compiler shutdown in progress - discarding request
02-25 14:08:18.269 D/dalvikvm(15207): Compiler shutdown in progress - discarding request
02-25 14:08:18.269 D/dalvikvm(15207): Compiler shutdown in progress - discarding request
02-25 14:08:18.269 D/dalvikvm(15207): Compiler shutdown in progress - discarding request
02-25 14:08:18.269 D/dalvikvm(15207): Compiler shutdown in progress - discarding request
02-25 14:08:18.269 D/dalvikvm(15207): Compiler shutdown in progress - discarding request
02-25 14:08:18.269 D/dalvikvm(15207): Compiler shutdown in progress - discarding request
02-25 14:08:18.269 D/dalvikvm(15207): Compiler shutdown in progress - discarding request
02-25 14:08:18.269 D/dalvikvm(15207): Compiler shutdown in progress - discarding request
02-25 14:08:18.269 D/dalvikvm(15207): Compiler shutdown in progress - discarding request
02-25 14:08:18.269 D/dalvikvm(15207): Compiler shutdown in progress - discarding request
02-25 14:08:18.269 D/dalvikvm(15207): Compiler shutdown in progress - discarding request
02-25 14:08:18.269 D/dalvikvm(15207): Compiler shutdown in progress - discarding request
02-25 14:08:18.269 D/dalvikvm(15207): Compiler shutdown in progress - discarding request
02-25 14:08:18.269 D/dalvikvm(15207): Compiler shutdown in progress - discarding request
02-25 14:08:18.269 D/dalvikvm(15207): Compiler shutdown in progress - discarding request
02-25 14:08:18.269 D/dalvikvm(15207): Compiler shutdown in progress - discarding request
02-25 14:08:18.269 D/dalvikvm(15207): Compiler shutdown in progress - discarding request
02-25 14:08:18.269 D/dalvikvm(15207): Compiler shutdown in progress - discarding request
02-25 14:08:18.269 D/dalvikvm(15207): Compiler shutdown in progress - discarding request
02-25 14:08:18.269 D/dalvikvm(15207): Compiler shutdown in progress - discarding request
02-25 14:08:18.269 D/dalvikvm(15207): Compiler shutdown in progress - discarding request
02-25 14:08:18.269 D/dalvikvm(15207): Compiler shutdown in progress - discarding request
02-25 14:08:18.269 D/dalvikvm(15207): Compiler shutdown in progress - discarding request
02-25 14:08:18.269 D/dalvikvm(15207): Compiler shutdown in progress - discarding request
02-25 14:08:18.269 D/dalvikvm(15207): Compiler shutdown in progress - discarding request
02-25 14:08:18.269 D/dalvikvm(15207): Compiler shutdown in progress - discarding request
02-25 14:08:18.319 I/WindowState(  506): WIN DEATH: Window{22241f78 u0 org.xwalk.webapi_service_tests/org.xwalk.webapi_service_tests.webapi_service_tests}
