--------- beginning of /dev/log/main
02-25 10:54:44.519 D/AndroidRuntime(10349): 
02-25 10:54:44.519 D/AndroidRuntime(10349): >>>>>> AndroidRuntime START com.android.internal.os.RuntimeInit <<<<<<
02-25 10:54:44.519 D/AndroidRuntime(10349): CheckJNI is OFF
02-25 10:54:44.519 I/AndroidRuntime(10349): Kernel Release Version: 3.10.20-gf818079
02-25 10:54:44.519 I/dalvikvm(10349): No library specified. The standard exception handler will be used
02-25 10:54:44.529 I/dalvikvm(10349): 
02-25 10:54:44.529 I/dalvikvm(10349): +++++++++++++ Using PCG. +++++++++++++++++++++
02-25 10:54:44.529 D/dalvikvm(10349): Trying to load lib libjavacore.so 0x0
02-25 10:54:44.539 D/dalvikvm(10349): Added shared lib libjavacore.so 0x0
02-25 10:54:44.539 D/dalvikvm(10349): Trying to load lib libnativehelper.so 0x0
02-25 10:54:44.539 D/dalvikvm(10349): Added shared lib libnativehelper.so 0x0
02-25 10:54:44.539 D/dalvikvm(10349): No JNI_OnLoad found in libnativehelper.so 0x0, skipping init
02-25 10:54:44.549 D/dalvikvm(10349): Extra Options: not specified
02-25 10:54:44.559 D/dalvikvm(10349): Note: class Landroid/app/ActivityManagerNative; has 186 unimplemented (abstract) methods
02-25 10:54:44.629 E/memtrack(10349): Couldn't load memtrack module (No such file or directory)
02-25 10:54:44.629 E/android.os.Debug(10349): failed to load memtrack module: -2
02-25 10:54:44.659 D/AndroidRuntime(10349): Calling main entry com.android.commands.am.Am
--------- beginning of /dev/log/system
02-25 10:54:44.689 I/ActivityManager(  506): Force stopping org.xwalk.webapi_service_tests appid=10266 user=0: from pid 10349
02-25 10:54:44.689 D/AndroidRuntime(10349): Shutting down VM
02-25 10:54:44.689 D/dalvikvm(10349): GC_CONCURRENT freed 108K, 16% free 638K/760K, paused 0ms+0ms, total 1ms
02-25 10:54:44.699 D/dalvikvm(10349): Compiler shutdown in progress - discarding request
02-25 10:54:44.699 D/dalvikvm(10349): Compiler shutdown in progress - discarding request
02-25 10:54:44.699 D/dalvikvm(10349): Compiler shutdown in progress - discarding request
02-25 10:54:44.699 D/dalvikvm(10349): Compiler shutdown in progress - discarding request
02-25 10:54:44.699 D/dalvikvm(10349): Compiler shutdown in progress - discarding request
02-25 10:54:44.699 D/dalvikvm(10349): Compiler shutdown in progress - discarding request
02-25 10:54:44.699 D/dalvikvm(10349): Compiler shutdown in progress - discarding request
02-25 10:54:44.699 D/dalvikvm(10349): Compiler shutdown in progress - discarding request
02-25 10:54:44.699 D/dalvikvm(10349): Compiler shutdown in progress - discarding request
02-25 10:54:44.699 D/dalvikvm(10349): Compiler shutdown in progress - discarding request
02-25 10:54:44.699 D/dalvikvm(10349): Compiler shutdown in progress - discarding request
02-25 10:54:44.699 D/dalvikvm(10349): Compiler shutdown in progress - discarding request
02-25 10:54:44.699 D/dalvikvm(10349): Compiler shutdown in progress - discarding request
02-25 10:54:44.699 D/dalvikvm(10349): Compiler shutdown in progress - discarding request
02-25 10:54:44.699 D/dalvikvm(10349): Compiler shutdown in progress - discarding request
02-25 10:54:44.699 D/dalvikvm(10349): Compiler shutdown in progress - discarding request
02-25 10:54:44.699 D/dalvikvm(10349): Compiler shutdown in progress - discarding request
02-25 10:54:44.699 D/dalvikvm(10349): Compiler shutdown in progress - discarding request
02-25 10:54:44.699 D/dalvikvm(10349): Compiler shutdown in progress - discarding request
02-25 10:54:44.699 D/dalvikvm(10349): Compiler shutdown in progress - discarding request
02-25 10:54:44.699 D/dalvikvm(10349): Compiler shutdown in progress - discarding request
02-25 10:54:44.699 D/dalvikvm(10349): Compiler shutdown in progress - discarding request
02-25 10:54:44.699 D/dalvikvm(10349): Compiler shutdown in progress - discarding request
02-25 10:54:44.699 D/dalvikvm(10349): Compiler shutdown in progress - discarding request
02-25 10:54:44.699 D/dalvikvm(10349): Compiler shutdown in progress - discarding request
02-25 10:54:44.699 D/dalvikvm(10349): Compiler shutdown in progress - discarding request
02-25 10:54:44.699 D/dalvikvm(10349): Compiler shutdown in progress - discarding request
02-25 10:54:44.699 D/dalvikvm(10349): Compiler shutdown in progress - discarding request
02-25 10:54:44.699 D/dalvikvm(10349): Compiler shutdown in progress - discarding request
02-25 10:54:44.699 D/dalvikvm(10349): Compiler shutdown in progress - discarding request
02-25 10:54:44.699 D/dalvikvm(10349): Compiler shutdown in progress - discarding request
02-25 10:54:44.699 D/dalvikvm(10349): Compiler shutdown in progress - discarding request
02-25 10:54:44.699 D/dalvikvm(10349): Compiler shutdown in progress - discarding request
02-25 10:54:44.699 D/dalvikvm(10349): Compiler shutdown in progress - discarding request
02-25 10:54:44.699 D/dalvikvm(10349): Compiler shutdown in progress - discarding request
02-25 10:54:44.699 D/dalvikvm(10349): Compiler shutdown in progress - discarding request
02-25 10:54:44.699 D/dalvikvm(10349): Compiler shutdown in progress - discarding request
02-25 10:54:44.699 D/dalvikvm(10349): Compiler shutdown in progress - discarding request
02-25 10:54:44.699 D/dalvikvm(10349): Compiler shutdown in progress - discarding request
02-25 10:54:44.699 D/dalvikvm(10349): Compiler shutdown in progress - discarding request
02-25 10:54:44.699 D/dalvikvm(10349): Compiler shutdown in progress - discarding request
02-25 10:54:44.699 D/dalvikvm(10349): Compiler shutdown in progress - discarding request
02-25 10:54:44.699 D/dalvikvm(10349): Compiler shutdown in progress - discarding request
02-25 10:54:45.329 D/AndroidRuntime(10360): 
02-25 10:54:45.329 D/AndroidRuntime(10360): >>>>>> AndroidRuntime START com.android.internal.os.RuntimeInit <<<<<<
02-25 10:54:45.329 D/AndroidRuntime(10360): CheckJNI is OFF
02-25 10:54:45.329 I/AndroidRuntime(10360): Kernel Release Version: 3.10.20-gf818079
02-25 10:54:45.329 I/dalvikvm(10360): No library specified. The standard exception handler will be used
02-25 10:54:45.329 I/dalvikvm(10360): 
02-25 10:54:45.329 I/dalvikvm(10360): +++++++++++++ Using PCG. +++++++++++++++++++++
02-25 10:54:45.339 D/dalvikvm(10360): Trying to load lib libjavacore.so 0x0
02-25 10:54:45.339 D/dalvikvm(10360): Added shared lib libjavacore.so 0x0
02-25 10:54:45.339 D/dalvikvm(10360): Trying to load lib libnativehelper.so 0x0
02-25 10:54:45.349 D/dalvikvm(10360): Added shared lib libnativehelper.so 0x0
02-25 10:54:45.349 D/dalvikvm(10360): No JNI_OnLoad found in libnativehelper.so 0x0, skipping init
02-25 10:54:45.349 D/dalvikvm(10360): Extra Options: not specified
02-25 10:54:45.369 D/dalvikvm(10360): Note: class Landroid/app/ActivityManagerNative; has 186 unimplemented (abstract) methods
02-25 10:54:45.439 E/memtrack(10360): Couldn't load memtrack module (No such file or directory)
02-25 10:54:45.439 E/android.os.Debug(10360): failed to load memtrack module: -2
02-25 10:54:45.479 D/AndroidRuntime(10360): Calling main entry com.android.commands.am.Am
02-25 10:54:45.509 D/AndroidRuntime(10360): Shutting down VM
02-25 10:54:45.509 D/dalvikvm(10360): GC_CONCURRENT freed 116K, 16% free 702K/832K, paused 1ms+0ms, total 2ms
02-25 10:54:45.509 D/dalvikvm(10360): Compiler shutdown in progress - discarding request
02-25 10:54:45.509 D/dalvikvm(10360): Compiler shutdown in progress - discarding request
02-25 10:54:45.509 D/dalvikvm(10360): Compiler shutdown in progress - discarding request
02-25 10:54:45.509 D/dalvikvm(10360): Compiler shutdown in progress - discarding request
02-25 10:54:45.509 D/dalvikvm(10360): Compiler shutdown in progress - discarding request
02-25 10:54:45.509 D/dalvikvm(10360): Compiler shutdown in progress - discarding request
02-25 10:54:45.509 D/dalvikvm(10360): Compiler shutdown in progress - discarding request
02-25 10:54:45.509 D/dalvikvm(10360): Compiler shutdown in progress - discarding request
02-25 10:54:45.509 D/dalvikvm(10360): Compiler shutdown in progress - discarding request
02-25 10:54:45.509 D/dalvikvm(10360): Compiler shutdown in progress - discarding request
02-25 10:54:45.509 D/dalvikvm(10360): Compiler shutdown in progress - discarding request
02-25 10:54:45.509 D/dalvikvm(10360): Compiler shutdown in progress - discarding request
02-25 10:54:45.509 D/dalvikvm(10360): Compiler shutdown in progress - discarding request
02-25 10:54:45.509 D/dalvikvm(10360): Compiler shutdown in progress - discarding request
02-25 10:54:45.509 D/dalvikvm(10360): Compiler shutdown in progress - discarding request
02-25 10:54:45.509 D/dalvikvm(10360): Compiler shutdown in progress - discarding request
02-25 10:54:45.509 D/dalvikvm(10360): Compiler shutdown in progress - discarding request
02-25 10:54:45.509 D/dalvikvm(10360): Compiler shutdown in progress - discarding request
02-25 10:54:45.509 D/dalvikvm(10360): Compiler shutdown in progress - discarding request
02-25 10:54:45.509 D/dalvikvm(10360): Compiler shutdown in progress - discarding request
02-25 10:54:45.509 D/dalvikvm(10360): Compiler shutdown in progress - discarding request
02-25 10:54:45.509 D/dalvikvm(10360): Compiler shutdown in progress - discarding request
02-25 10:54:45.509 D/dalvikvm(10360): Compiler shutdown in progress - discarding request
02-25 10:54:45.509 D/dalvikvm(10360): Compiler shutdown in progress - discarding request
02-25 10:54:45.509 D/dalvikvm(10360): Compiler shutdown in progress - discarding request
02-25 10:54:45.509 D/dalvikvm(10360): Compiler shutdown in progress - discarding request
02-25 10:54:45.509 D/dalvikvm(10360): Compiler shutdown in progress - discarding request
02-25 10:54:45.509 D/dalvikvm(10360): Compiler shutdown in progress - discarding request
02-25 10:54:45.509 D/dalvikvm(10360): Compiler shutdown in progress - discarding request
02-25 10:54:45.509 D/dalvikvm(10360): Compiler shutdown in progress - discarding request
02-25 10:54:45.509 D/dalvikvm(10360): Compiler shutdown in progress - discarding request
02-25 10:54:45.509 D/dalvikvm(10360): Compiler shutdown in progress - discarding request
02-25 10:54:45.509 D/dalvikvm(10360): Compiler shutdown in progress - discarding request
02-25 10:54:45.509 D/dalvikvm(10360): Compiler shutdown in progress - discarding request
02-25 10:54:45.509 D/dalvikvm(10360): Compiler shutdown in progress - discarding request
02-25 10:54:45.509 D/dalvikvm(10360): Compiler shutdown in progress - discarding request
02-25 10:54:45.509 D/dalvikvm(10360): Compiler shutdown in progress - discarding request
02-25 10:54:45.509 D/dalvikvm(10360): Compiler shutdown in progress - discarding request
02-25 10:54:45.509 D/dalvikvm(10360): Compiler shutdown in progress - discarding request
02-25 10:54:45.509 D/dalvikvm(10360): Compiler shutdown in progress - discarding request
02-25 10:54:45.509 D/dalvikvm(10360): Compiler shutdown in progress - discarding request
02-25 10:54:45.509 D/dalvikvm(10360): Compiler shutdown in progress - discarding request
02-25 10:54:45.509 D/dalvikvm(10360): Compiler shutdown in progress - discarding request
02-25 10:54:45.509 D/dalvikvm(10360): Compiler shutdown in progress - discarding request
02-25 10:54:45.509 D/dalvikvm(10360): Compiler shutdown in progress - discarding request
02-25 10:54:45.509 D/dalvikvm(10360): Compiler shutdown in progress - discarding request
02-25 10:54:45.509 I/ActivityManager(  506): START u0 {flg=0x10000000 cmp=org.xwalk.webapi_service_tests/.webapi_service_testsActivity} from pid 10360
02-25 10:54:46.129 D/AndroidRuntime(10371): 
02-25 10:54:46.129 D/AndroidRuntime(10371): >>>>>> AndroidRuntime START com.android.internal.os.RuntimeInit <<<<<<
02-25 10:54:46.129 D/AndroidRuntime(10371): CheckJNI is OFF
02-25 10:54:46.129 I/AndroidRuntime(10371): Kernel Release Version: 3.10.20-gf818079
02-25 10:54:46.129 I/dalvikvm(10371): No library specified. The standard exception handler will be used
02-25 10:54:46.129 I/dalvikvm(10371): 
02-25 10:54:46.129 I/dalvikvm(10371): +++++++++++++ Using PCG. +++++++++++++++++++++
02-25 10:54:46.139 D/dalvikvm(10371): Trying to load lib libjavacore.so 0x0
02-25 10:54:46.139 D/dalvikvm(10371): Added shared lib libjavacore.so 0x0
02-25 10:54:46.139 D/dalvikvm(10371): Trying to load lib libnativehelper.so 0x0
02-25 10:54:46.139 D/dalvikvm(10371): Added shared lib libnativehelper.so 0x0
02-25 10:54:46.139 D/dalvikvm(10371): No JNI_OnLoad found in libnativehelper.so 0x0, skipping init
02-25 10:54:46.149 D/dalvikvm(10371): Extra Options: not specified
02-25 10:54:46.159 D/dalvikvm(10371): Note: class Landroid/app/ActivityManagerNative; has 186 unimplemented (abstract) methods
02-25 10:54:46.229 E/memtrack(10371): Couldn't load memtrack module (No such file or directory)
02-25 10:54:46.229 E/android.os.Debug(10371): failed to load memtrack module: -2
02-25 10:54:46.269 D/AndroidRuntime(10371): Calling main entry com.android.commands.am.Am
02-25 10:54:46.299 D/AndroidRuntime(10371): Shutting down VM
02-25 10:54:46.299 D/dalvikvm(10371): GC_CONCURRENT freed 110K, 16% free 673K/800K, paused 0ms+0ms, total 1ms
02-25 10:54:46.299 I/ActivityManager(  506): START u0 {flg=0x10000000 cmp=org.xwalk.webapi_service_tests/.webapi_service_tests} from pid 10371
02-25 10:54:46.309 I/SecurityManagerService(  602): SMS received security event: App[START/org.xwalk.webapi_service_tests]
02-25 10:54:46.309 D/dalvikvm(10371): Compiler shutdown in progress - discarding request
02-25 10:54:46.309 D/dalvikvm(10371): Compiler shutdown in progress - discarding request
02-25 10:54:46.309 D/dalvikvm(10371): Compiler shutdown in progress - discarding request
02-25 10:54:46.309 D/dalvikvm(10371): Compiler shutdown in progress - discarding request
02-25 10:54:46.309 D/dalvikvm(10371): Compiler shutdown in progress - discarding request
02-25 10:54:46.309 D/dalvikvm(10371): Compiler shutdown in progress - discarding request
02-25 10:54:46.309 D/dalvikvm(10371): Compiler shutdown in progress - discarding request
02-25 10:54:46.309 D/dalvikvm(10371): Compiler shutdown in progress - discarding request
02-25 10:54:46.309 D/dalvikvm(10371): Compiler shutdown in progress - discarding request
02-25 10:54:46.309 D/dalvikvm(10371): Compiler shutdown in progress - discarding request
02-25 10:54:46.309 D/dalvikvm(10371): Compiler shutdown in progress - discarding request
02-25 10:54:46.309 D/dalvikvm(10371): Compiler shutdown in progress - discarding request
02-25 10:54:46.309 D/dalvikvm(10371): Compiler shutdown in progress - discarding request
02-25 10:54:46.309 D/dalvikvm(10371): Compiler shutdown in progress - discarding request
02-25 10:54:46.309 D/dalvikvm(10371): Compiler shutdown in progress - discarding request
02-25 10:54:46.309 D/dalvikvm(10371): Compiler shutdown in progress - discarding request
02-25 10:54:46.309 D/dalvikvm(10371): Compiler shutdown in progress - discarding request
02-25 10:54:46.309 D/dalvikvm(10371): Compiler shutdown in progress - discarding request
02-25 10:54:46.309 D/dalvikvm(10371): Compiler shutdown in progress - discarding request
02-25 10:54:46.309 D/dalvikvm(10371): Compiler shutdown in progress - discarding request
02-25 10:54:46.309 D/dalvikvm(10371): Compiler shutdown in progress - discarding request
02-25 10:54:46.309 D/dalvikvm(10371): Compiler shutdown in progress - discarding request
02-25 10:54:46.309 D/dalvikvm(10371): Compiler shutdown in progress - discarding request
02-25 10:54:46.309 D/dalvikvm(10371): Compiler shutdown in progress - discarding request
02-25 10:54:46.309 D/dalvikvm(10371): Compiler shutdown in progress - discarding request
02-25 10:54:46.309 D/dalvikvm(10371): Compiler shutdown in progress - discarding request
02-25 10:54:46.309 D/dalvikvm(10371): Compiler shutdown in progress - discarding request
02-25 10:54:46.309 D/dalvikvm(10371): Compiler shutdown in progress - discarding request
02-25 10:54:46.309 D/dalvikvm(10371): Compiler shutdown in progress - discarding request
02-25 10:54:46.309 D/dalvikvm(10371): Compiler shutdown in progress - discarding request
02-25 10:54:46.309 D/dalvikvm(10371): Compiler shutdown in progress - discarding request
02-25 10:54:46.309 D/dalvikvm(10371): Compiler shutdown in progress - discarding request
02-25 10:54:46.309 D/dalvikvm(10371): Compiler shutdown in progress - discarding request
02-25 10:54:46.309 D/dalvikvm(10371): Compiler shutdown in progress - discarding request
02-25 10:54:46.309 D/dalvikvm(10371): Compiler shutdown in progress - discarding request
02-25 10:54:46.309 D/dalvikvm(10371): Compiler shutdown in progress - discarding request
02-25 10:54:46.309 D/dalvikvm(10371): Compiler shutdown in progress - discarding request
02-25 10:54:46.309 D/dalvikvm(10371): Compiler shutdown in progress - discarding request
02-25 10:54:46.309 D/dalvikvm(10371): Compiler shutdown in progress - discarding request
02-25 10:54:46.309 D/dalvikvm(10371): Compiler shutdown in progress - discarding request
02-25 10:54:46.309 D/dalvikvm(10371): Compiler shutdown in progress - discarding request
02-25 10:54:46.309 D/dalvikvm(10371): Compiler shutdown in progress - discarding request
02-25 10:54:46.309 D/dalvikvm(10371): Compiler shutdown in progress - discarding request
02-25 10:54:46.309 D/dalvikvm(10371): Compiler shutdown in progress - discarding request
02-25 10:54:46.309 D/dalvikvm(10371): Compiler shutdown in progress - discarding request
02-25 10:54:46.309 D/dalvikvm(10371): Compiler shutdown in progress - discarding request
02-25 10:54:46.309 D/dalvikvm(10371): Compiler shutdown in progress - discarding request
02-25 10:54:46.319 D/dalvikvm(10382): Late-enabling CheckJNI
02-25 10:54:46.319 D/dalvikvm(10382): Try to disable coredump for pid 10382
02-25 10:54:46.319 D/dalvikvm(10382): Process 10382 nice name: org.xwalk.webapi_service_tests
02-25 10:54:46.319 D/dalvikvm(10382): Extra Options: not specified
02-25 10:54:46.319 I/ActivityManager(  506): Start proc org.xwalk.webapi_service_tests for activity org.xwalk.webapi_service_tests/.webapi_service_tests: pid=10382 uid=10266 gids={50266, 3003, 1028, 1015}
02-25 10:54:46.329 D/WindowManager(  506): adjustConfigurationLw, config:{1.0 ?mcc?mnc ?locale ?layoutDir sw600dp w600dp h888dp 213dpi lrg port ?uimode ?night finger -keyb/v/h -nav/v} mLidState:1 mHasDockFeature:false mHasKeyboardFeature:false mHasHallSensorFeature:true config.hardKeyboardHidden:2
02-25 10:54:46.339 V/WeatherTimeProvider( 1537): widget on Visibility Changed
02-25 10:54:46.339 I/ActivityManager(  506): [TopPkgCurBat]	NowPkgName[org.xwalk.webapi_service_tests]	Battery[100]	TimeTick[1424832886348]	OldPkgName[com.asus.launcher]
02-25 10:54:46.359 D/        (  702): Surface destroy: ANDROID_NATIVE_WINDOW_MAGIC
02-25 10:54:46.359 I/CordovaLog(10382): Changing log level to DEBUG(3)
02-25 10:54:46.359 D/CordovaActivity(10382): CordovaActivity.init()
02-25 10:54:46.359 D/dalvikvm(10382): Trying to load lib /data/app-lib/org.xwalk.webapi_service_tests-1/libxwalkcore.so 0x43d817a0
02-25 10:54:46.369 D/dalvikvm(10382): Added shared lib /data/app-lib/org.xwalk.webapi_service_tests-1/libxwalkcore.so 0x43d817a0
02-25 10:54:46.369 I/LibraryLoader(10382): Time to load native libraries: 11 ms (timestamps 575-586)
02-25 10:54:46.369 I/LibraryLoader(10382): Expected native library version number "",actual native library version number ""
02-25 10:54:46.389 I/LibraryLoader(10382): Expected native library version number "",actual native library version number ""
02-25 10:54:46.389 I/chromium(10382): [INFO:library_loader_hooks.cc(112)] Chromium logging enabled: level = 0, default verbosity = 0
02-25 10:54:46.399 I/BrowserStartupController(10382): Initializing chromium process, singleProcess=true
02-25 10:54:46.439 W/chromium(10382): [WARNING:dns_config_service_posix.cc(293)] Failed to read DnsConfig.
02-25 10:54:46.449 W/AudioManagerAndroid(10382): Requires BLUETOOTH permission
02-25 10:54:46.449 I/ufoGralloc(10382): Hello, this is UFO GRALLOC/Intel Corporation
02-25 10:54:46.459 D/        (10382): Pixel Format : GGL_PIXEL_FORMAT_RGBA_8888
02-25 10:54:46.459 D/        (10382): droid_create_context : config id = 1 conf->NativeVisualID=1
02-25 10:54:46.459 D/        (10382): Pixel Format : GGL_PIXEL_FORMAT_RGBA_8888
02-25 10:54:46.459 I/        (10382): Requested context : GLES 2.0
02-25 10:54:46.479 W/chromium(10382): [WARNING:proxy_service.cc(899)] PAC support disabled because there is no system implementation
02-25 10:54:46.479 W/dalvikvm(10382): VFY: unable to find class referenced in signature (Landroid/view/inputmethod/CursorAnchorInfo;)
02-25 10:54:46.479 I/dalvikvm(10382): Could not find method android.view.inputmethod.InputMethodManager.updateCursorAnchorInfo, referenced from method org.chromium.content.browser.input.InputMethodManagerWrapper.updateCursorAnchorInfo
02-25 10:54:46.479 W/dalvikvm(10382): VFY: unable to resolve virtual method 1368: Landroid/view/inputmethod/InputMethodManager;.updateCursorAnchorInfo (Landroid/view/View;Landroid/view/inputmethod/CursorAnchorInfo;)V
02-25 10:54:46.479 D/dalvikvm(10382): VFY: replacing opcode 0x6e at 0x000a
02-25 10:54:46.529 E/cutils  (  163): Failed to mkdirat(/Removable/MicroSD): Read-only file system
02-25 10:54:46.529 W/ContextImpl(10382): Failed to ensure directory: /Removable/MicroSD/Android/data/org.xwalk.webapi_service_tests/cache
02-25 10:54:46.529 W/Vold    (  163): Returning OperationFailed - no handler for errno 30
02-25 10:54:46.539 D/CordovaActivity(10382): CordovaActivity.createViews()
02-25 10:54:46.539 E/chromium(10382): [ERROR:unix_domain_server_socket_posix.cc(106)] Not implemented reached in virtual int net::UnixDomainServerSocket::GetLocalAddress(net::IPEndPoint*) const
02-25 10:54:46.539 D/CordovaWebView(10382): >>> loadUrl(file:///android_asset/www/index.html)
02-25 10:54:46.539 D/PluginManager(10382): init()
02-25 10:54:46.539 E/cutils  (  163): Failed to mkdirat(/Removable/MicroSD): Read-only file system
02-25 10:54:46.539 W/ContextImpl(10382): Failed to ensure directory: /Removable/MicroSD/Android/data/org.xwalk.webapi_service_tests/files
02-25 10:54:46.539 E/cutils  (  163): Failed to mkdirat(/Removable/MicroSD): Read-only file system
02-25 10:54:46.539 W/ContextImpl(10382): Failed to ensure directory: /Removable/MicroSD/Android/data/org.xwalk.webapi_service_tests/cache
02-25 10:54:46.539 D/CordovaWebView(10382): >>> loadUrlNow()
02-25 10:54:46.539 I/dalvikvm(10382): Could not find method android.app.Activity.finishAndRemoveTask, referenced from method org.chromium.base.ApiCompatibilityUtils.finishAndRemoveTask
02-25 10:54:46.539 W/dalvikvm(10382): VFY: unable to resolve virtual method 6: Landroid/app/Activity;.finishAndRemoveTask ()V
02-25 10:54:46.539 D/dalvikvm(10382): VFY: replacing opcode 0x6e at 0x0006
02-25 10:54:46.539 W/Vold    (  163): Returning OperationFailed - no handler for errno 30
02-25 10:54:46.539 W/Vold    (  163): Returning OperationFailed - no handler for errno 30
02-25 10:54:46.549 I/dalvikvm(10382): Could not find method android.os.PowerManager.isInteractive, referenced from method org.chromium.base.ApiCompatibilityUtils.isInteractive
02-25 10:54:46.549 W/dalvikvm(10382): VFY: unable to resolve virtual method 874: Landroid/os/PowerManager;.isInteractive ()Z
02-25 10:54:46.549 D/dalvikvm(10382): VFY: replacing opcode 0x6e at 0x000e
02-25 10:54:46.549 I/dalvikvm(10382): Could not find method android.view.Window.getNavigationBarColor, referenced from method org.chromium.base.ApiCompatibilityUtils.setStatusBarColor
02-25 10:54:46.549 W/dalvikvm(10382): VFY: unable to resolve virtual method 1268: Landroid/view/Window;.getNavigationBarColor ()I
02-25 10:54:46.549 D/dalvikvm(10382): VFY: replacing opcode 0x6e at 0x0010
02-25 10:54:46.549 I/dalvikvm(10382): Could not find method android.view.Window.setStatusBarColor, referenced from method org.chromium.base.ApiCompatibilityUtils.setStatusBarColor
02-25 10:54:46.549 W/dalvikvm(10382): VFY: unable to resolve virtual method 1274: Landroid/view/Window;.setStatusBarColor (I)V
02-25 10:54:46.549 D/dalvikvm(10382): VFY: replacing opcode 0x6e at 0x0019
02-25 10:54:46.549 E/dalvikvm(10382): Could not find class 'android.app.ActivityManager$TaskDescription', referenced from method org.chromium.base.ApiCompatibilityUtils.setTaskDescription
02-25 10:54:46.549 W/dalvikvm(10382): VFY: unable to resolve new-instance 13 (Landroid/app/ActivityManager$TaskDescription;) in Lorg/chromium/base/ApiCompatibilityUtils;
02-25 10:54:46.549 D/dalvikvm(10382): VFY: replacing opcode 0x22 at 0x0006
02-25 10:54:46.549 D/dalvikvm(10382): DexOpt: unable to opt direct call 0x002f at 0x08 in Lorg/chromium/base/ApiCompatibilityUtils;.setTaskDescription
02-25 10:54:46.549 I/chromium(10382): [INFO:xwalk_extension_renderer_controller.cc(47)] EXTENSION PROCESS DISABLED.
02-25 10:54:46.559 D/CordovaActivity(10382): Resuming the App
02-25 10:54:46.569 D/SoftKeyboardDetect(10382): Ignore this event
02-25 10:54:46.569 D/        (10382): droid_create_context : config id = 5 conf->NativeVisualID=1
02-25 10:54:46.569 D/        (10382): Pixel Format : GGL_PIXEL_FORMAT_RGBA_8888
02-25 10:54:46.569 I/        (10382): Requested context : GLES 2.0
02-25 10:54:46.579 D/        (10382): Pixel Format : GGL_PIXEL_FORMAT_RGBA_8888
02-25 10:54:46.589 D/OpenGLRenderer(10382): Enabling debug mode 0
02-25 10:54:46.589 D/        (10382): Pixel Format : GGL_PIXEL_FORMAT_RGBA_8888
02-25 10:54:46.589 D/        (10382): droid_create_context : config id = 1 conf->NativeVisualID=1
02-25 10:54:46.589 D/        (10382): Pixel Format : GGL_PIXEL_FORMAT_RGBA_8888
02-25 10:54:46.589 I/        (10382): Requested context : GLES 2.0
02-25 10:54:46.599 D/XT9IME  (  731): new subtype :zh_CN ,pinyin
02-25 10:54:46.599 D/SoftKeyboardDetect(10382): Ignore this event
02-25 10:54:46.639 D/CordovaActivity(10382): onMessage(onPageStarted,file:///android_asset/www/index.html)
02-25 10:54:46.639 W/BindingManager(10382): Cannot call determinedVisibility() - never saw a connection for the pid: 10382
02-25 10:54:46.649 D/BatteryStatsImpl(  506): noteStopWakeLocked system isFromForeground = false
02-25 10:54:46.649 I/ActivityManager(  506): Displayed org.xwalk.webapi_service_tests/.webapi_service_tests: +346ms
02-25 10:54:46.679 D/CordovaActivity(10382): onMessage(onPageFinished,file:///android_asset/www/index.html)
02-25 10:54:46.679 D/ImageWallpaper(  571): onVisibilityChanged: mVisible, visible=true, false
02-25 10:54:46.679 D/ImageWallpaper(  571): Visibility changed to visible=false
02-25 10:54:46.679 D/ImageWallpaper(  571): Suppressed drawFrame since redraw is not needed and offsets have not changed.
02-25 10:54:47.679 D/CordovaActivity(10382): onMessage(onPageStarted,http://127.0.0.1:8080/index.html)
02-25 10:54:47.759 W/BindingManager(10382): Cannot call determinedVisibility() - never saw a connection for the pid: 10382
02-25 10:54:47.949 I/chromium(10382): [INFO:CONSOLE(0)] "Synchronous XMLHttpRequest on the main thread is deprecated because of its detrimental effects to the end user's experience. For more help, check http://xhr.spec.whatwg.org/.", source:  (0)
02-25 10:54:48.009 D/CordovaActivity(10382): onMessage(onPageFinished,http://127.0.0.1:8080/index.html)
02-25 10:54:48.679 D/CordovaActivity(10382): onMessage(spinner,stop)
02-25 10:54:48.709 D/        (10382): Pixel Format : GGL_PIXEL_FORMAT_RGBA_8888
02-25 10:54:48.709 D/        (10382): droid_create_context : config id = 1 conf->NativeVisualID=1
02-25 10:54:48.709 D/        (10382): Pixel Format : GGL_PIXEL_FORMAT_RGBA_8888
02-25 10:54:48.709 I/        (10382): Requested context : GLES 2.0
02-25 10:54:48.729 D/        (10382): Swap interval set to = 1 value
02-25 10:54:48.789 D/        (10382): Pixel Format : GGL_PIXEL_FORMAT_RGBA_8888
02-25 10:54:48.789 D/        (10382): droid_create_context : config id = 1 conf->NativeVisualID=1
02-25 10:54:48.789 D/        (10382): Pixel Format : GGL_PIXEL_FORMAT_RGBA_8888
02-25 10:54:48.789 I/        (10382): Requested context : GLES 2.0
02-25 10:54:50.009 D/CordovaActivity(10382): onMessage(spinner,stop)
02-25 10:54:50.889 W/BindingManager(10382): Cannot call determinedVisibility() - never saw a connection for the pid: 10382
02-25 10:54:54.659 W/BindingManager(10382): Cannot call determinedVisibility() - never saw a connection for the pid: 10382
02-25 10:54:55.159 D/EVENT_THREAD(  186): void CEventThread::run() POLLIN event on Fd (1)
02-25 10:54:55.159 D/EVENT_THREAD(  186): void CEventThread::run() Do poll with timeout: -1
02-25 10:54:57.919 W/BindingManager(10382): Cannot call determinedVisibility() - never saw a connection for the pid: 10382
02-25 10:54:58.939 W/BindingManager(10382): Cannot call determinedVisibility() - never saw a connection for the pid: 10382
02-25 10:54:59.439 W/BindingManager(10382): Cannot call determinedVisibility() - never saw a connection for the pid: 10382
02-25 10:54:59.989 D/BatteryStatsImpl(  506): noteStopWakeLocked system isFromForeground = false
02-25 10:55:00.009 D/Clock   (  571): ACTION_TIME_TICK
02-25 10:55:00.009 D/Clock   (  571): update clock:上午10:55
02-25 10:55:00.029 D/BatteryStatsImpl(  506): noteStopWakeLocked system isFromForeground = false
02-25 10:55:02.539 D/wpa_supplicant(  694): wlan0: Starting AP scan for wildcard SSID
02-25 10:55:02.539 D/wpa_supplicant(  694): WPS: Building WPS IE for Probe Request
02-25 10:55:02.539 D/wpa_supplicant(  694): WPS:  * Version (hardcoded 0x10)
02-25 10:55:02.539 D/wpa_supplicant(  694): WPS:  * Request Type
02-25 10:55:02.539 D/wpa_supplicant(  694): WPS:  * Config Methods (4288)
02-25 10:55:02.539 D/wpa_supplicant(  694): WPS:  * UUID-E
02-25 10:55:02.539 D/wpa_supplicant(  694): WPS:  * Primary Device Type
02-25 10:55:02.539 D/wpa_supplicant(  694): WPS:  * RF Bands (1)
02-25 10:55:02.539 D/wpa_supplicant(  694): WPS:  * Association State
02-25 10:55:02.539 D/wpa_supplicant(  694): WPS:  * Configuration Error (0)
02-25 10:55:02.539 D/wpa_supplicant(  694): WPS:  * Device Password ID (0)
02-25 10:55:02.539 D/wpa_supplicant(  694): WPS:  * Manufacturer
02-25 10:55:02.539 D/wpa_supplicant(  694): WPS:  * Model Name
02-25 10:55:02.539 D/wpa_supplicant(  694): WPS:  * Model Number
02-25 10:55:02.539 D/wpa_supplicant(  694): WPS:  * Device Name
02-25 10:55:02.539 D/wpa_supplicant(  694): WPS:  * Version2 (0x20)
02-25 10:55:02.539 D/wpa_supplicant(  694): P2P: * P2P IE header
02-25 10:55:02.539 D/wpa_supplicant(  694): P2P: * Capability dev=25 group=00
02-25 10:55:02.539 D/wpa_supplicant(  694): P2P: * Listen Channel: Regulatory Class 81 Channel 6
02-25 10:55:02.539 D/wpa_supplicant(  694): wlan0: nl80211: scan request
02-25 10:55:02.639 D/wpa_supplicant(  694): Scan requested (ret=0) - scan timeout 30 seconds
02-25 10:55:02.639 D/wpa_supplicant(  694): nl80211: Drv Event 33 (NL80211_CMD_TRIGGER_SCAN) received for wlan0
02-25 10:55:02.639 D/wpa_supplicant(  694): wlan0: nl80211: Scan trigger
02-25 10:55:03.759 D/wpa_supplicant(  694): nl80211: Drv Event 34 (NL80211_CMD_NEW_SCAN_RESULTS) received for wlan0
02-25 10:55:03.759 D/wpa_supplicant(  694): wlan0: nl80211: New scan results available
02-25 10:55:03.759 D/wpa_supplicant(  694): wlan0: Event SCAN_RESULTS (3) received
02-25 10:55:03.759 D/wpa_supplicant(  694): nl80211: Received scan results (19 BSSes)
02-25 10:55:03.759 D/wpa_supplicant(  694): nl80211: Survey data missing
02-25 10:55:03.759 D/wpa_supplicant(  694): wlan0: BSS: Start scan result update 100
02-25 10:55:03.759 D/wpa_supplicant(  694): BSS: last_scan_res_used=19/32 last_scan_full=0
02-25 10:55:03.759 D/wpa_supplicant(  694): wlan0: New scan results available
02-25 10:55:03.759 D/wpa_supplicant(  694): CTRL_IFACE monitor send - hexdump(len=39): 2f 64 61 74 61 2f 6d 69 73 63 2f 77 69 66 69 2f 73 6f 63 6b 65 74 73 2f 77 70 61 5f 63 74 72 6c ...
02-25 10:55:03.759 D/wpa_supplicant(  694): CTRL_IFACE monitor send - hexdump(len=39): 2f 64 61 74 61 2f 6d 69 73 63 2f 77 69 66 69 2f 73 6f 63 6b 65 74 73 2f 77 70 61 5f 63 74 72 6c ...
02-25 10:55:03.759 D/wpa_supplicant(  694): Authorize channel 1
02-25 10:55:03.759 D/wpa_supplicant(  694): Authorize channel 2
02-25 10:55:03.759 D/wpa_supplicant(  694): Authorize channel 3
02-25 10:55:03.759 D/wpa_supplicant(  694): Authorize channel 4
02-25 10:55:03.759 D/wpa_supplicant(  694): Authorize channel 5
02-25 10:55:03.759 D/wpa_supplicant(  694): Authorize channel 6
02-25 10:55:03.759 D/wpa_supplicant(  694): Authorize channel 7
02-25 10:55:03.759 D/wpa_supplicant(  694): Authorize channel 8
02-25 10:55:03.759 D/wpa_supplicant(  694): Authorize channel 9
02-25 10:55:03.759 D/wpa_supplicant(  694): Authorize channel 10
02-25 10:55:03.759 D/wpa_supplicant(  694): Authorize channel 11
02-25 10:55:03.759 D/wpa_supplicant(  694): Authorize channel 12
02-25 10:55:03.759 D/wpa_supplicant(  694): Authorize channel 13
02-25 10:55:03.759 D/wpa_supplicant(  694): Authorize channel 1
02-25 10:55:03.759 D/wpa_supplicant(  694): Authorize channel 2
02-25 10:55:03.759 D/wpa_supplicant(  694): Authorize channel 3
02-25 10:55:03.759 D/wpa_supplicant(  694): Authorize channel 4
02-25 10:55:03.759 D/wpa_supplicant(  694): Authorize channel 5
02-25 10:55:03.759 D/wpa_supplicant(  694): Authorize channel 6
02-25 10:55:03.759 D/wpa_supplicant(  694): Authorize channel 7
02-25 10:55:03.759 D/wpa_supplicant(  694): Authorize channel 8
02-25 10:55:03.759 I/WifiHW  (  506): EVENT: IFNAME=wlan0 CTRL-EVENT-SCAN-RESULTS 
02-25 10:55:03.759 I/WifiHW  (  506): EVENT: IFNAME=wlan0 WPS-AP-AVAILABLE 
02-25 10:55:03.759 D/wpa_supplicant(  694): Authorize channel 9
02-25 10:55:03.759 D/wpa_supplicant(  694): Authorize channel 10
02-25 10:55:03.759 I/WifiHW  (  506): CMD: IFNAME=wlan0 BSS RANGE=0- MASK=0x21987
02-25 10:55:03.759 D/wpa_supplicant(  694): Authorize channel 11
02-25 10:55:03.759 D/wpa_supplicant(  694): Authorize channel 12
02-25 10:55:03.759 D/wpa_supplicant(  694): Authorize channel 13
02-25 10:55:03.759 D/wpa_supplicant(  694): Add access point on channel 6
02-25 10:55:03.759 D/wpa_supplicant(  694): Add access point on channel 6
02-25 10:55:03.759 D/wpa_supplicant(  694): Add access point on channel 1
02-25 10:55:03.759 D/wpa_supplicant(  694): Add access point on channel 11
02-25 10:55:03.759 D/wpa_supplicant(  694): Add access point on channel 3
02-25 10:55:03.759 D/wpa_supplicant(  694): Add access point on channel 1
02-25 10:55:03.759 D/wpa_supplicant(  694): Add access point on channel 1
02-25 10:55:03.759 D/wpa_supplicant(  694): Add access point on channel 9
02-25 10:55:03.759 D/wpa_supplicant(  694): Add access point on channel 6
02-25 10:55:03.759 D/wpa_supplicant(  694): Add access point on channel 6
02-25 10:55:03.759 D/wpa_supplicant(  694): Add access point on channel 11
02-25 10:55:03.759 D/wpa_supplicant(  694): Add access point on channel 11
02-25 10:55:03.759 D/wpa_supplicant(  694): Add access point on channel 6
02-25 10:55:03.759 D/wpa_supplicant(  694): Add access point on channel 6
02-25 10:55:03.759 D/wpa_supplicant(  694): Add access point on channel 6
02-25 10:55:03.759 D/wpa_supplicant(  694): Add access point on channel 2
02-25 10:55:03.759 D/wpa_supplicant(  694): Add access point on channel 8
02-25 10:55:03.759 D/wpa_supplicant(  694): Add access point on channel 11
02-25 10:55:03.759 D/wpa_supplicant(  694): Add access point on channel 1
02-25 10:55:03.759 D/wpa_supplicant(  694): Add access point on channel 6
02-25 10:55:03.759 D/wpa_supplicant(  694): Add access point on channel 1
02-25 10:55:03.759 D/wpa_supplicant(  694): Add access point on channel 6
02-25 10:55:03.759 D/wpa_supplicant(  694): Add access point on channel 6
02-25 10:55:03.759 D/wpa_supplicant(  694): Add access point on channel 6
02-25 10:55:03.759 D/wpa_supplicant(  694): Add access point on channel 11
02-25 10:55:03.759 D/wpa_supplicant(  694): Best Operating channel is = 11
02-25 10:55:03.759 D/wpa_supplicant(  694): WPS: AP[0] f8:d1:11:e7:99:e8 type=0 tries=0 last_attempt=-1 sec ago blacklist=0
02-25 10:55:03.759 D/wpa_supplicant(  694): WPS: AP[1] cc:34:29:2c:fb:ec type=0 tries=0 last_attempt=-1 sec ago blacklist=0
02-25 10:55:03.759 D/wpa_supplicant(  694): WPS: AP[2] cc:34:29:2b:26:4c type=0 tries=0 last_attempt=-1 sec ago blacklist=0
02-25 10:55:03.759 D/wpa_supplicant(  694): WPS: AP[3] b0:48:7a:51:ff:cc type=0 tries=0 last_attempt=-1 sec ago blacklist=0
02-25 10:55:03.759 D/wpa_supplicant(  694): WPS: AP[4] c0:a0:bb:20:3b:84 type=0 tries=0 last_attempt=-1 sec ago blacklist=0
02-25 10:55:03.759 D/wpa_supplicant(  694): WPS: AP[5] 2c:b0:5d:7f:f4:24 type=0 tries=0 last_attempt=-1 sec ago blacklist=0
02-25 10:55:03.759 D/wpa_supplicant(  694): WPS: AP[6] 9c:21:6a:0d:eb:72 type=0 tries=0 last_attempt=-1 sec ago blacklist=0
02-25 10:55:03.759 D/wpa_supplicant(  694): WPS: AP[7] c8:d7:19:60:62:f2 type=0 tries=0 last_attempt=-1 sec ago blacklist=0
02-25 10:55:03.759 D/wpa_supplicant(  694): WPS: AP[8] 44:94:fc:3d:da:38 type=0 tries=0 last_attempt=-1 sec ago blacklist=0
02-25 10:55:03.759 D/wpa_supplicant(  694): WPS: AP[9] 10:c3:7b:d2:e5:e0 type=0 tries=0 last_attempt=-1 sec ago blacklist=0
02-25 10:55:03.759 D/wpa_supplicant(  694): wlan0: Selecting BSS from priority group 19
02-25 10:55:03.759 D/wpa_supplicant(  694): wlan0: 0: f8:d1:11:e7:99:e8 ssid='videotest' wpa_ie_len=22 rsn_ie_len=20 caps=0x531 level=-41 wps
02-25 10:55:03.759 D/wpa_supplicant(  694): wlan0:    skip - SSID mismatch
02-25 10:55:03.759 D/wpa_supplicant(  694): wlan0: 1: c8:d7:19:60:62:f2 ssid='E3000-2.4G' wpa_ie_len=0 rsn_ie_len=20 caps=0x411 level=-48 wps
02-25 10:55:03.759 D/wpa_supplicant(  694): wlan0:    skip - SSID mismatch
02-25 10:55:03.759 D/wpa_supplicant(  694): wlan0: 2: 02:1a:11:ff:f7:0a ssid='io1' wpa_ie_len=0 rsn_ie_len=20 caps=0x431 level=-51
02-25 10:55:03.759 D/wpa_supplicant(  694): wlan0:    skip - SSID mismatch
02-25 10:55:03.759 D/wpa_supplicant(  694): wlan0: 3: cc:34:29:2b:26:4c ssid='cws-test' wpa_ie_len=0 rsn_ie_len=20 caps=0x431 level=-54 wps
02-25 10:55:03.759 D/wpa_supplicant(  694): wlan0:    skip - SSID mismatch
02-25 10:55:03.759 D/wpa_supplicant(  694): wlan0: 4: 10:c3:7b:d2:e5:e0 ssid='ASUS_RT-AC66U-2.4G' wpa_ie_len=0 rsn_ie_len=20 caps=0x411 level=-57 wps
02-25 10:55:03.759 D/wpa_supplicant(  694): wlan0:    skip - SSID mismatch
02-25 10:55:03.759 D/wpa_supplicant(  694): wlan0: 5: 90:94:e4:03:45:f5 ssid='DAP-2553_D' wpa_ie_len=0 rsn_ie_len=24 caps=0x431 level=-57
02-25 10:55:03.759 D/wpa_supplicant(  694): wlan0:    skip - SSID mismatch
02-25 10:55:03.759 D/wpa_supplicant(  694): wlan0: 6: b0:48:7a:51:ff:cc ssid='Neusoft TP' wpa_ie_len=22 rsn_ie_len=20 caps=0x431 level=-60 wps
02-25 10:55:03.759 D/wpa_supplicant(  694): wlan0:    skip - SSID mismatch
02-25 10:55:03.759 D/wpa_supplicant(  694): wlan0: 7: 98:fc:11:81:35:fb ssid='E2000EE' wpa_ie_len=0 rsn_ie_len=20 caps=0x411 level=-63
02-25 10:55:03.759 D/wpa_supplicant(  694): wlan0:    skip - SSID mismatch
02-25 10:55:03.759 D/wpa_supplicant(  694): wlan0: 8: cc:34:29:2c:fb:ec ssid='linksys' wpa_ie_len=22 rsn_ie_len=20 caps=0x431 level=-65 wps
02-25 10:55:03.759 D/wpa_supplicant(  694): wlan0:    skip - SSID mismatch
02-25 10:55:03.759 D/wpa_supplicant(  694): wlan0: 9: 44:94:fc:3d:da:38 ssid='6300' wpa_ie_len=0 rsn_ie_len=20 caps=0x411 level=-66 wps
02-25 10:55:03.759 D/wpa_supplicant(  694): wlan0:    skip - SSID mismatch
02-25 10:55:03.759 D/wpa_supplicant(  694): wlan0: 10: e4:d3:32:c0:cf:a4 ssid='fast' wpa_ie_len=0 rsn_ie_len=20 caps=0x411 level=-66
02-25 10:55:03.759 D/wpa_supplicant(  694): wlan0:    skip - SSID mismatch
02-25 10:55:03.759 D/wpa_supplicant(  694): wlan0: 11: c4:17:fe:3f:4f:fb ssid='cmcm' wpa_ie_len=0 rsn_ie_len=20 caps=0x511 level=-67
02-25 10:55:03.759 D/wpa_supplicant(  694): wlan0:    skip - SSID mismatch
02-25 10:55:03.759 D/wpa_supplicant(  694): wlan0: 12: 22:48:9a:ac:31:5b ssid='dean1' wpa_ie_len=0 rsn_ie_len=20 caps=0x431 level=-68
02-25 10:55:03.759 D/wpa_supplicant(  694): wlan0:    skip - SSID mismatch
02-25 10:55:03.759 D/wpa_supplicant(  694): wlan0: 13: 80:1f:02:43:fb:e8 ssid='Edimax AP' wpa_ie_len=0 rsn_ie_len=20 caps=0x411 level=-68
02-25 10:55:03.759 D/wpa_supplicant(  694): wlan0:    skip - SSID mismatch
02-25 10:55:03.759 D/wpa_supplicant(  694): wlan0: 14: c0:a0:bb:20:3b:84 ssid='dlink-3B84' wpa_ie_len=26 rsn_ie_len=24 caps=0x411 level=-72 wps
02-25 10:55:03.759 D/wpa_supplicant(  694): wlan0:    skip - SSID mismatch
02-25 10:55:03.759 D/wpa_supplicant(  694): wlan0: 15: 02:1a:11:f9:f0:51 ssid='AndroidSystem' wpa_ie_len=0 rsn_ie_len=20 caps=0x511 level=-73
02-25 10:55:03.759 D/wpa_supplicant(  694): wlan0:    skip - SSID mismatch
02-25 10:55:03.759 D/wpa_supplicant(  694): wlan0: 16: 00:0f:e2:0f:9f:c1 ssid='321_WAN' wpa_ie_len=28 rsn_ie_len=24 caps=0x411 level=-84
02-25 10:55:03.759 D/wpa_supplicant(  694): wlan0:    skip - SSID mismatch
02-25 10:55:03.759 D/wpa_supplicant(  694): wlan0: 17: 50:bd:5f:4b:29:92 ssid='Internet-2' wpa_ie_len=0 rsn_ie_len=0 caps=0x421 level=-64
02-25 10:55:03.759 D/wpa_supplicant(  694): wlan0:    skip - SSID mismatch
02-25 10:55:03.759 D/wpa_supplicant(  694): wlan0: 18: 00:25:86:5c:5e:30 ssid='internet' wpa_ie_len=0 rsn_ie_len=0 caps=0x421 level=-80
02-25 10:55:03.759 D/wpa_supplicant(  694): wlan0:    skip - SSID mismatch
02-25 10:55:03.759 D/wpa_supplicant(  694): wlan0: Selecting BSS from priority group 18
02-25 10:55:03.759 D/wpa_supplicant(  694): wlan0: 0: f8:d1:11:e7:99:e8 ssid='videotest' wpa_ie_len=22 rsn_ie_len=20 caps=0x531 level=-41 wps
02-25 10:55:03.759 D/wpa_supplicant(  694): wlan0:    skip - SSID mismatch
02-25 10:55:03.759 D/wpa_supplicant(  694): wlan0: 1: c8:d7:19:60:62:f2 ssid='E3000-2.4G' wpa_ie_len=0 rsn_ie_len=20 caps=0x411 level=-48 wps
02-25 10:55:03.759 D/wpa_supplicant(  694): wlan0:    skip - SSID mismatch
02-25 10:55:03.759 D/wpa_supplicant(  694): wlan0: 2: 02:1a:11:ff:f7:0a ssid='io1' wpa_ie_len=0 rsn_ie_len=20 caps=0x431 level=-51
02-25 10:55:03.759 D/wpa_supplicant(  694): wlan0:    skip - SSID mismatch
02-25 10:55:03.759 D/wpa_supplicant(  694): wlan0: 3: cc:34:29:2b:26:4c ssid='cws-test' wpa_ie_len=0 rsn_ie_len=20 caps=0x431 level=-54 wps
02-25 10:55:03.759 D/wpa_supplicant(  694): wlan0:    skip - SSID mismatch
02-25 10:55:03.759 D/wpa_supplicant(  694): wlan0: 4: 10:c3:7b:d2:e5:e0 ssid='ASUS_RT-AC66U-2.4G' wpa_ie_len=0 rsn_ie_len=20 caps=0x411 level=-57 wps
02-25 10:55:03.759 D/wpa_supplicant(  694): wlan0:    skip - SSID mismatch
02-25 10:55:03.759 D/wpa_supplicant(  694): wlan0: 5: 90:94:e4:03:45:f5 ssid='DAP-2553_D' wpa_ie_len=0 rsn_ie_len=24 caps=0x431 level=-57
02-25 10:55:03.759 D/wpa_supplicant(  694): wlan0:    skip - SSID mismatch
02-25 10:55:03.759 D/wpa_supplicant(  694): wlan0: 6: b0:48:7a:51:ff:cc ssid='Neusoft TP' wpa_ie_len=22 rsn_ie_len=20 caps=0x431 level=-60 wps
02-25 10:55:03.759 D/wpa_supplicant(  694): wlan0:    skip - SSID mismatch
02-25 10:55:03.759 D/wpa_supplicant(  694): wlan0: 7: 98:fc:11:81:35:fb ssid='E2000EE' wpa_ie_len=0 rsn_ie_len=20 caps=0x411 level=-63
02-25 10:55:03.759 D/wpa_supplicant(  694): wlan0:    skip - SSID mismatch
02-25 10:55:03.759 D/wpa_supplicant(  694): wlan0: 8: cc:34:29:2c:fb:ec ssid='linksys' wpa_ie_len=22 rsn_ie_len=20 caps=0x431 level=-65 wps
02-25 10:55:03.759 D/wpa_supplicant(  694): wlan0:    skip - SSID mismatch
02-25 10:55:03.759 D/wpa_supplicant(  694): wlan0: 9: 44:94:fc:3d:da:38 ssid='6300' wpa_ie_len=0 rsn_ie_len=20 caps=0x411 level=-66 wps
02-25 10:55:03.759 D/wpa_supplicant(  694): wlan0:    skip - SSID mismatch
02-25 10:55:03.759 D/wpa_supplicant(  694): wlan0: 10: e4:d3:32:c0:cf:a4 ssid='fast' wpa_ie_len=0 rsn_ie_len=20 caps=0x411 level=-66
02-25 10:55:03.759 D/wpa_supplicant(  694): wlan0:    skip - SSID mismatch
02-25 10:55:03.759 D/wpa_supplicant(  694): wlan0: 11: c4:17:fe:3f:4f:fb ssid='cmcm' wpa_ie_len=0 rsn_ie_len=20 caps=0x511 level=-67
02-25 10:55:03.759 D/wpa_supplicant(  694): wlan0:    skip - SSID mismatch
02-25 10:55:03.759 D/wpa_supplicant(  694): wlan0: 12: 22:48:9a:ac:31:5b ssid='dean1' wpa_ie_len=0 rsn_ie_len=20 caps=0x431 level=-68
02-25 10:55:03.759 D/wpa_supplicant(  694): wlan0:    skip - SSID mismatch
02-25 10:55:03.759 D/wpa_supplicant(  694): wlan0: 13: 80:1f:02:43:fb:e8 ssid='Edimax AP' wpa_ie_len=0 rsn_ie_len=20 caps=0x411 level=-68
02-25 10:55:03.759 D/wpa_supplicant(  694): wlan0:    skip - SSID mismatch
02-25 10:55:03.759 D/wpa_supplicant(  694): wlan0: 14: c0:a0:bb:20:3b:84 ssid='dlink-3B84' wpa_ie_len=26 rsn_ie_len=24 caps=0x411 level=-72 wps
02-25 10:55:03.759 D/wpa_supplicant(  694): wlan0:    skip - SSID mismatch
02-25 10:55:03.759 D/wpa_supplicant(  694): wlan0: 15: 02:1a:11:f9:f0:51 ssid='AndroidSystem' wpa_ie_len=0 rsn_ie_len=20 caps=0x511 level=-73
02-25 10:55:03.759 D/wpa_supplicant(  694): wlan0:    skip - SSID mismatch
02-25 10:55:03.759 D/wpa_supplicant(  694): wlan0: 16: 00:0f:e2:0f:9f:c1 ssid='321_WAN' wpa_ie_len=28 rsn_ie_len=24 caps=0x411 level=-84
02-25 10:55:03.759 D/wpa_supplicant(  694): wlan0:    skip - SSID mismatch
02-25 10:55:03.759 D/wpa_supplicant(  694): wlan0: 17: 50:bd:5f:4b:29:92 ssid='Internet-2' wpa_ie_len=0 rsn_ie_len=0 caps=0x421 level=-64
02-25 10:55:03.759 D/wpa_supplicant(  694): wlan0:    skip - SSID mismatch
02-25 10:55:03.759 D/wpa_supplicant(  694): wlan0: 18: 00:25:86:5c:5e:30 ssid='internet' wpa_ie_len=0 rsn_ie_len=0 caps=0x421 level=-80
02-25 10:55:03.759 D/wpa_supplicant(  694): wlan0:    skip - SSID mismatch
02-25 10:55:03.759 D/wpa_supplicant(  694): wlan0: Selecting BSS from priority group 17
02-25 10:55:03.759 D/wpa_supplicant(  694): wlan0: 0: f8:d1:11:e7:99:e8 ssid='videotest' wpa_ie_len=22 rsn_ie_len=20 caps=0x531 level=-41 wps
02-25 10:55:03.759 D/wpa_supplicant(  694): wlan0:    skip - SSID mismatch
02-25 10:55:03.759 D/wpa_supplicant(  694): wlan0: 1: c8:d7:19:60:62:f2 ssid='E3000-2.4G' wpa_ie_len=0 rsn_ie_len=20 caps=0x411 level=-48 wps
02-25 10:55:03.759 D/wpa_supplicant(  694): wlan0:    skip - SSID mismatch
02-25 10:55:03.759 D/wpa_supplicant(  694): wlan0: 2: 02:1a:11:ff:f7:0a ssid='io1' wpa_ie_len=0 rsn_ie_len=20 caps=0x431 level=-51
02-25 10:55:03.759 D/wpa_supplicant(  694): wlan0:    skip - SSID mismatch
02-25 10:55:03.759 D/wpa_supplicant(  694): wlan0: 3: cc:34:29:2b:26:4c ssid='cws-test' wpa_ie_len=0 rsn_ie_len=20 caps=0x431 level=-54 wps
02-25 10:55:03.769 D/wpa_supplicant(  694): wlan0:    skip - SSID mismatch
02-25 10:55:03.769 D/wpa_supplicant(  694): wlan0: 4: 10:c3:7b:d2:e5:e0 ssid='ASUS_RT-AC66U-2.4G' wpa_ie_len=0 rsn_ie_len=20 caps=0x411 level=-57 wps
02-25 10:55:03.769 D/wpa_supplicant(  694): wlan0:    skip - SSID mismatch
02-25 10:55:03.769 D/wpa_supplicant(  694): wlan0: 5: 90:94:e4:03:45:f5 ssid='DAP-2553_D' wpa_ie_len=0 rsn_ie_len=24 caps=0x431 level=-57
02-25 10:55:03.769 D/wpa_supplicant(  694): wlan0:    skip - SSID mismatch
02-25 10:55:03.769 D/wpa_supplicant(  694): wlan0: 6: b0:48:7a:51:ff:cc ssid='Neusoft TP' wpa_ie_len=22 rsn_ie_len=20 caps=0x431 level=-60 wps
02-25 10:55:03.769 D/wpa_supplicant(  694): wlan0:    skip - SSID mismatch
02-25 10:55:03.769 D/wpa_supplicant(  694): wlan0: 7: 98:fc:11:81:35:fb ssid='E2000EE' wpa_ie_len=0 rsn_ie_len=20 caps=0x411 level=-63
02-25 10:55:03.769 D/wpa_supplicant(  694): wlan0:    skip - SSID mismatch
02-25 10:55:03.769 D/wpa_supplicant(  694): wlan0: 8: cc:34:29:2c:fb:ec ssid='linksys' wpa_ie_len=22 rsn_ie_len=20 caps=0x431 level=-65 wps
02-25 10:55:03.769 D/wpa_supplicant(  694): wlan0:    skip - SSID mismatch
02-25 10:55:03.769 D/wpa_supplicant(  694): wlan0: 9: 44:94:fc:3d:da:38 ssid='6300' wpa_ie_len=0 rsn_ie_len=20 caps=0x411 level=-66 wps
02-25 10:55:03.769 D/wpa_supplicant(  694): wlan0:    skip - SSID mismatch
02-25 10:55:03.769 D/wpa_supplicant(  694): wlan0: 10: e4:d3:32:c0:cf:a4 ssid='fast' wpa_ie_len=0 rsn_ie_len=20 caps=0x411 level=-66
02-25 10:55:03.769 D/wpa_supplicant(  694): wlan0:    skip - SSID mismatch
02-25 10:55:03.769 D/wpa_supplicant(  694): wlan0: 11: c4:17:fe:3f:4f:fb ssid='cmcm' wpa_ie_len=0 rsn_ie_len=20 caps=0x511 level=-67
02-25 10:55:03.769 D/wpa_supplicant(  694): wlan0:    skip - SSID mismatch
02-25 10:55:03.769 D/wpa_supplicant(  694): wlan0: 12: 22:48:9a:ac:31:5b ssid='dean1' wpa_ie_len=0 rsn_ie_len=20 caps=0x431 level=-68
02-25 10:55:03.769 D/wpa_supplicant(  694): wlan0:    skip - SSID mismatch
02-25 10:55:03.769 D/wpa_supplicant(  694): wlan0: 13: 80:1f:02:43:fb:e8 ssid='Edimax AP' wpa_ie_len=0 rsn_ie_len=20 caps=0x411 level=-68
02-25 10:55:03.769 D/wpa_supplicant(  694): wlan0:    skip - SSID mismatch
02-25 10:55:03.769 D/wpa_supplicant(  694): wlan0: 14: c0:a0:bb:20:3b:84 ssid='dlink-3B84' wpa_ie_len=26 rsn_ie_len=24 caps=0x411 level=-72 wps
02-25 10:55:03.769 D/wpa_supplicant(  694): wlan0:    skip - SSID mismatch
02-25 10:55:03.769 D/wpa_supplicant(  694): wlan0: 15: 02:1a:11:f9:f0:51 ssid='AndroidSystem' wpa_ie_len=0 rsn_ie_len=20 caps=0x511 level=-73
02-25 10:55:03.769 D/wpa_supplicant(  694): wlan0:    skip - SSID mismatch
02-25 10:55:03.769 D/wpa_supplicant(  694): wlan0: 16: 00:0f:e2:0f:9f:c1 ssid='321_WAN' wpa_ie_len=28 rsn_ie_len=24 caps=0x411 level=-84
02-25 10:55:03.769 D/wpa_supplicant(  694): wlan0:    skip - SSID mismatch
02-25 10:55:03.769 D/wpa_supplicant(  694): wlan0: 17: 50:bd:5f:4b:29:92 ssid='Internet-2' wpa_ie_len=0 rsn_ie_len=0 caps=0x421 level=-64
02-25 10:55:03.769 D/wpa_supplicant(  694): wlan0:    skip - SSID mismatch
02-25 10:55:03.769 D/wpa_supplicant(  694): wlan0: 18: 00:25:86:5c:5e:30 ssid='internet' wpa_ie_len=0 rsn_ie_len=0 caps=0x421 level=-80
02-25 10:55:03.769 D/wpa_supplicant(  694): wlan0:    skip - SSID mismatch
02-25 10:55:03.769 D/wpa_supplicant(  694): wlan0: Selecting BSS from priority group 15
02-25 10:55:03.769 D/wpa_supplicant(  694): wlan0: 0: f8:d1:11:e7:99:e8 ssid='videotest' wpa_ie_len=22 rsn_ie_len=20 caps=0x531 level=-41 wps
02-25 10:55:03.769 D/wpa_supplicant(  694): wlan0:    skip - SSID mismatch
02-25 10:55:03.769 D/wpa_supplicant(  694): wlan0: 1: c8:d7:19:60:62:f2 ssid='E3000-2.4G' wpa_ie_len=0 rsn_ie_len=20 caps=0x411 level=-48 wps
02-25 10:55:03.769 D/wpa_supplicant(  694): wlan0:    skip - SSID mismatch
02-25 10:55:03.769 D/wpa_supplicant(  694): wlan0: 2: 02:1a:11:ff:f7:0a ssid='io1' wpa_ie_len=0 rsn_ie_len=20 caps=0x431 level=-51
