02-25 10:11:29.959 D/dalvikvm( 3289): Compiler shutdown in progress - discarding request
02-25 10:11:29.959 D/dalvikvm( 3289): Compiler shutdown in progress - discarding request
02-25 10:11:29.959 D/dalvikvm( 3289): Compiler shutdown in progress - discarding request
02-25 10:11:29.959 D/dalvikvm( 3289): Compiler shutdown in progress - discarding request
02-25 10:11:29.959 D/dalvikvm( 3289): Compiler shutdown in progress - discarding request
02-25 10:11:29.959 D/dalvikvm( 3289): Compiler shutdown in progress - discarding request
02-25 10:11:29.959 D/dalvikvm( 3289): Compiler shutdown in progress - discarding request
02-25 10:11:29.959 D/dalvikvm( 3289): Compiler shutdown in progress - discarding request
02-25 10:11:29.959 D/dalvikvm( 3289): Compiler shutdown in progress - discarding request
02-25 10:11:29.959 D/dalvikvm( 3289): Compiler shutdown in progress - discarding request
02-25 10:11:29.959 D/dalvikvm( 3289): Compiler shutdown in progress - discarding request
02-25 10:11:29.959 D/dalvikvm( 3289): Compiler shutdown in progress - discarding request
02-25 10:11:29.959 D/dalvikvm( 3289): Compiler shutdown in progress - discarding request
02-25 10:11:29.959 D/dalvikvm( 3289): Compiler shutdown in progress - discarding request
02-25 10:11:29.959 D/dalvikvm( 3289): Compiler shutdown in progress - discarding request
02-25 10:11:29.959 D/dalvikvm( 3289): Compiler shutdown in progress - discarding request
02-25 10:11:29.959 D/dalvikvm( 3289): Compiler shutdown in progress - discarding request
02-25 10:11:29.959 D/dalvikvm( 3289): Compiler shutdown in progress - discarding request
02-25 10:11:29.959 D/dalvikvm( 3289): Compiler shutdown in progress - discarding request
02-25 10:11:29.959 D/dalvikvm( 3289): Compiler shutdown in progress - discarding request
02-25 10:11:29.959 D/dalvikvm( 3289): Compiler shutdown in progress - discarding request
02-25 10:11:29.959 D/dalvikvm( 3289): Compiler shutdown in progress - discarding request
02-25 10:11:29.959 D/dalvikvm( 3289): Compiler shutdown in progress - discarding request
02-25 10:11:29.959 D/dalvikvm( 3289): Compiler shutdown in progress - discarding request
02-25 10:11:29.959 D/dalvikvm( 3289): Compiler shutdown in progress - discarding request
02-25 10:11:29.959 D/dalvikvm( 3289): Compiler shutdown in progress - discarding request
02-25 10:11:29.959 D/dalvikvm( 3289): Compiler shutdown in progress - discarding request
02-25 10:11:30.549 D/AndroidRuntime( 3300): 
02-25 10:11:30.549 D/AndroidRuntime( 3300): >>>>>> AndroidRuntime START com.android.internal.os.RuntimeInit <<<<<<
02-25 10:11:30.549 D/AndroidRuntime( 3300): CheckJNI is OFF
02-25 10:11:30.549 D/AndroidRuntime( 3300): 
02-25 10:11:30.549 D/AndroidRuntime( 3300): >>>>>> AndroidRuntime START com.android.internal.os.RuntimeInit <<<<<<
02-25 10:11:30.549 D/AndroidRuntime( 3300): CheckJNI is OFF
02-25 10:11:30.549 I/AndroidRuntime( 3300): Kernel Release Version: 3.10.20-gf818079
02-25 10:11:30.549 I/AndroidRuntime( 3300): Kernel Release Version: 3.10.20-gf818079
02-25 10:11:30.549 I/dalvikvm( 3300): No library specified. The standard exception handler will be used
02-25 10:11:30.549 I/dalvikvm( 3300): No library specified. The standard exception handler will be used
02-25 10:11:30.549 I/dalvikvm( 3300): 
02-25 10:11:30.549 I/dalvikvm( 3300): +++++++++++++ Using PCG. +++++++++++++++++++++
02-25 10:11:30.549 I/dalvikvm( 3300): 
02-25 10:11:30.549 I/dalvikvm( 3300): +++++++++++++ Using PCG. +++++++++++++++++++++
02-25 10:11:30.559 D/dalvikvm( 3300): Trying to load lib libjavacore.so 0x0
02-25 10:11:30.559 D/dalvikvm( 3300): Trying to load lib libjavacore.so 0x0
02-25 10:11:30.559 D/dalvikvm( 3300): Added shared lib libjavacore.so 0x0
02-25 10:11:30.569 D/dalvikvm( 3300): Trying to load lib libnativehelper.so 0x0
02-25 10:11:30.569 D/dalvikvm( 3300): Added shared lib libnativehelper.so 0x0
02-25 10:11:30.559 D/dalvikvm( 3300): Added shared lib libjavacore.so 0x0
02-25 10:11:30.569 D/dalvikvm( 3300): Trying to load lib libnativehelper.so 0x0
02-25 10:11:30.569 D/dalvikvm( 3300): Added shared lib libnativehelper.so 0x0
02-25 10:11:30.569 D/dalvikvm( 3300): No JNI_OnLoad found in libnativehelper.so 0x0, skipping init
02-25 10:11:30.569 D/dalvikvm( 3300): No JNI_OnLoad found in libnativehelper.so 0x0, skipping init
02-25 10:11:30.569 D/dalvikvm( 3300): Extra Options: not specified
02-25 10:11:30.569 D/dalvikvm( 3300): Extra Options: not specified
02-25 10:11:30.579 D/dalvikvm( 3300): Note: class Landroid/app/ActivityManagerNative; has 186 unimplemented (abstract) methods
02-25 10:11:30.579 D/dalvikvm( 3300): Note: class Landroid/app/ActivityManagerNative; has 186 unimplemented (abstract) methods
02-25 10:11:30.659 E/memtrack( 3300): Couldn't load memtrack module (No such file or directory)
02-25 10:11:30.659 E/memtrack( 3300): Couldn't load memtrack module (No such file or directory)
02-25 10:11:30.659 E/android.os.Debug( 3300): failed to load memtrack module: -2
02-25 10:11:30.659 E/android.os.Debug( 3300): failed to load memtrack module: -2
02-25 10:11:30.699 D/AndroidRuntime( 3300): Calling main entry com.android.commands.am.Am
02-25 10:11:30.699 D/AndroidRuntime( 3300): Calling main entry com.android.commands.am.Am
02-25 10:11:30.729 W/ufoGralloc(  171): registerBuffer() handle 0xb94c1d40/3 didn't require registration
02-25 10:11:30.729 I/ActivityManager(  506): START u0 {flg=0x10000000 cmp=org.xwalk.webapi_noneservice_tests/.webapi_noneservice_tests} from pid 3300
02-25 10:11:30.729 W/ufoGralloc(  171): registerBuffer() handle 0xb94c1d40/3 didn't require registration
02-25 10:11:30.729 I/ActivityManager(  506): START u0 {flg=0x10000000 cmp=org.xwalk.webapi_noneservice_tests/.webapi_noneservice_tests} from pid 3300
02-25 10:11:30.759 D/dalvikvm(  506): GC_FOR_ALLOC freed 1175K, 23% free 14494K/18712K, paused 18ms, total 18ms
02-25 10:11:30.759 D/dalvikvm(  506): GC_FOR_ALLOC freed 1175K, 23% free 14494K/18712K, paused 18ms, total 18ms
02-25 10:11:30.759 I/dalvikvm( 3300): Total arena pages for JIT: 11
02-25 10:11:30.759 I/dalvikvm( 3300): Total arena pages for JIT: 11
02-25 10:11:30.759 I/dalvikvm( 3300): Total arena pages for JIT: 12
02-25 10:11:30.759 I/dalvikvm( 3300): Total arena pages for JIT: 12
02-25 10:11:30.769 I/dalvikvm( 3300): Total arena pages for JIT: 13
02-25 10:11:30.769 I/dalvikvm( 3300): Total arena pages for JIT: 13
02-25 10:11:30.769 I/dalvikvm( 3300): Total arena pages for JIT: 14
02-25 10:11:30.769 I/dalvikvm( 3300): Total arena pages for JIT: 14
02-25 10:11:30.769 I/dalvikvm( 3300): Total arena pages for JIT: 15
02-25 10:11:30.769 I/dalvikvm( 3300): Total arena pages for JIT: 15
02-25 10:11:30.769 D/AndroidRuntime( 3300): Shutting down VM
02-25 10:11:30.769 I/SecurityManagerService(  602): SMS received security event: App[START/org.xwalk.webapi_noneservice_tests]
02-25 10:11:30.769 D/AndroidRuntime( 3300): Shutting down VM
02-25 10:11:30.769 I/SecurityManagerService(  602): SMS received security event: App[START/org.xwalk.webapi_noneservice_tests]
02-25 10:11:30.769 D/dalvikvm( 3300): GC_CONCURRENT freed 114K, 16% free 701K/832K, paused 0ms+0ms, total 1ms
02-25 10:11:30.769 D/dalvikvm( 3300): GC_CONCURRENT freed 114K, 16% free 701K/832K, paused 0ms+0ms, total 1ms
02-25 10:11:30.779 D/dalvikvm( 3311): Late-enabling CheckJNI
02-25 10:11:30.779 D/dalvikvm( 3311): Try to disable coredump for pid 3311
02-25 10:11:30.779 D/dalvikvm( 3311): Process 3311 nice name: org.xwalk.webapi_noneservice_tests
02-25 10:11:30.779 D/dalvikvm( 3311): Late-enabling CheckJNI
02-25 10:11:30.779 D/dalvikvm( 3311): Try to disable coredump for pid 3311
02-25 10:11:30.779 D/dalvikvm( 3311): Process 3311 nice name: org.xwalk.webapi_noneservice_tests
02-25 10:11:30.779 D/dalvikvm( 3311): Extra Options: not specified
02-25 10:11:30.779 I/ActivityManager(  506): Start proc org.xwalk.webapi_noneservice_tests for activity org.xwalk.webapi_noneservice_tests/.webapi_noneservice_tests: pid=3311 uid=10259 gids={50259, 3003, 1028, 1015}
02-25 10:11:30.779 D/dalvikvm( 3311): Extra Options: not specified
02-25 10:11:30.779 I/ActivityManager(  506): Start proc org.xwalk.webapi_noneservice_tests for activity org.xwalk.webapi_noneservice_tests/.webapi_noneservice_tests: pid=3311 uid=10259 gids={50259, 3003, 1028, 1015}
02-25 10:11:30.799 D/dalvikvm( 3300): Compiler shutdown in progress - discarding request
02-25 10:11:30.799 D/dalvikvm( 3300): Compiler shutdown in progress - discarding request
02-25 10:11:30.799 D/dalvikvm( 3300): Compiler shutdown in progress - discarding request
02-25 10:11:30.799 D/dalvikvm( 3300): Compiler shutdown in progress - discarding request
02-25 10:11:30.799 D/dalvikvm( 3300): Compiler shutdown in progress - discarding request
02-25 10:11:30.799 D/dalvikvm( 3300): Compiler shutdown in progress - discarding request
02-25 10:11:30.799 D/dalvikvm( 3300): Compiler shutdown in progress - discarding request
02-25 10:11:30.799 D/dalvikvm( 3300): Compiler shutdown in progress - discarding request
02-25 10:11:30.799 D/dalvikvm( 3300): Compiler shutdown in progress - discarding request
02-25 10:11:30.799 D/dalvikvm( 3300): Compiler shutdown in progress - discarding request
02-25 10:11:30.799 D/dalvikvm( 3300): Compiler shutdown in progress - discarding request
02-25 10:11:30.799 D/dalvikvm( 3300): Compiler shutdown in progress - discarding request
02-25 10:11:30.799 D/dalvikvm( 3300): Compiler shutdown in progress - discarding request
02-25 10:11:30.799 D/dalvikvm( 3300): Compiler shutdown in progress - discarding request
02-25 10:11:30.799 D/dalvikvm( 3300): Compiler shutdown in progress - discarding request
02-25 10:11:30.799 D/dalvikvm( 3300): Compiler shutdown in progress - discarding request
02-25 10:11:30.799 D/dalvikvm( 3300): Compiler shutdown in progress - discarding request
02-25 10:11:30.799 D/dalvikvm( 3300): Compiler shutdown in progress - discarding request
02-25 10:11:30.799 D/dalvikvm( 3300): Compiler shutdown in progress - discarding request
02-25 10:11:30.799 D/dalvikvm( 3300): Compiler shutdown in progress - discarding request
02-25 10:11:30.799 D/dalvikvm( 3300): Compiler shutdown in progress - discarding request
02-25 10:11:30.799 D/dalvikvm( 3300): Compiler shutdown in progress - discarding request
02-25 10:11:30.799 D/dalvikvm( 3300): Compiler shutdown in progress - discarding request
02-25 10:11:30.799 D/dalvikvm( 3300): Compiler shutdown in progress - discarding request
02-25 10:11:30.799 D/dalvikvm( 3300): Compiler shutdown in progress - discarding request
02-25 10:11:30.799 D/dalvikvm( 3300): Compiler shutdown in progress - discarding request
02-25 10:11:30.799 D/dalvikvm( 3300): Compiler shutdown in progress - discarding request
02-25 10:11:30.799 D/dalvikvm( 3300): Compiler shutdown in progress - discarding request
02-25 10:11:30.799 D/dalvikvm( 3300): Compiler shutdown in progress - discarding request
02-25 10:11:30.799 D/dalvikvm( 3300): Compiler shutdown in progress - discarding request
02-25 10:11:30.799 D/dalvikvm( 3300): Compiler shutdown in progress - discarding request
02-25 10:11:30.799 D/dalvikvm( 3300): Compiler shutdown in progress - discarding request
02-25 10:11:30.799 D/dalvikvm( 3300): Compiler shutdown in progress - discarding request
02-25 10:11:30.799 D/dalvikvm( 3300): Compiler shutdown in progress - discarding request
02-25 10:11:30.799 D/dalvikvm( 3300): Compiler shutdown in progress - discarding request
02-25 10:11:30.799 D/dalvikvm( 3300): Compiler shutdown in progress - discarding request
02-25 10:11:30.799 D/dalvikvm( 3300): Compiler shutdown in progress - discarding request
02-25 10:11:30.799 D/dalvikvm( 3300): Compiler shutdown in progress - discarding request
02-25 10:11:30.799 D/dalvikvm( 3300): Compiler shutdown in progress - discarding request
02-25 10:11:30.799 D/dalvikvm( 3300): Compiler shutdown in progress - discarding request
02-25 10:11:30.799 D/dalvikvm( 3300): Compiler shutdown in progress - discarding request
02-25 10:11:30.799 D/dalvikvm( 3300): Compiler shutdown in progress - discarding request
02-25 10:11:30.799 D/dalvikvm( 3300): Compiler shutdown in progress - discarding request
02-25 10:11:30.799 D/dalvikvm( 3300): Compiler shutdown in progress - discarding request
02-25 10:11:30.799 D/dalvikvm( 3300): Compiler shutdown in progress - discarding request
02-25 10:11:30.799 D/dalvikvm( 3300): Compiler shutdown in progress - discarding request
02-25 10:11:30.799 D/dalvikvm( 3300): Compiler shutdown in progress - discarding request
02-25 10:11:30.799 D/dalvikvm( 3300): Compiler shutdown in progress - discarding request
02-25 10:11:30.799 D/dalvikvm( 3300): Compiler shutdown in progress - discarding request
02-25 10:11:30.799 D/dalvikvm( 3300): Compiler shutdown in progress - discarding request
02-25 10:11:30.799 D/dalvikvm( 3300): Compiler shutdown in progress - discarding request
02-25 10:11:30.799 D/dalvikvm( 3300): Compiler shutdown in progress - discarding request
02-25 10:11:30.799 D/dalvikvm( 3300): Compiler shutdown in progress - discarding request
02-25 10:11:30.799 D/dalvikvm( 3300): Compiler shutdown in progress - discarding request
02-25 10:11:30.799 D/dalvikvm( 3300): Compiler shutdown in progress - discarding request
02-25 10:11:30.799 D/dalvikvm( 3300): Compiler shutdown in progress - discarding request
02-25 10:11:30.799 D/dalvikvm( 3300): Compiler shutdown in progress - discarding request
02-25 10:11:30.799 D/dalvikvm( 3300): Compiler shutdown in progress - discarding request
02-25 10:11:30.799 D/dalvikvm( 3300): Compiler shutdown in progress - discarding request
02-25 10:11:30.799 D/WindowManager(  506): adjustConfigurationLw, config:{1.0 ?mcc?mnc ?locale ?layoutDir sw600dp w600dp h888dp 213dpi lrg port ?uimode ?night finger -keyb/v/h -nav/v} mLidState:1 mHasDockFeature:false mHasKeyboardFeature:false mHasHallSensorFeature:true config.hardKeyboardHidden:2
02-25 10:11:30.799 I/ActivityManager(  506): [TopPkgCurBat]	NowPkgName[org.xwalk.webapi_noneservice_tests]	Battery[100]	TimeTick[1424830290816]	OldPkgName[testkit.stub]
02-25 10:11:30.799 D/dalvikvm( 3300): Compiler shutdown in progress - discarding request
02-25 10:11:30.799 D/dalvikvm( 3300): Compiler shutdown in progress - discarding request
02-25 10:11:30.799 D/dalvikvm( 3300): Compiler shutdown in progress - discarding request
02-25 10:11:30.799 D/dalvikvm( 3300): Compiler shutdown in progress - discarding request
02-25 10:11:30.799 D/dalvikvm( 3300): Compiler shutdown in progress - discarding request
02-25 10:11:30.799 D/WindowManager(  506): adjustConfigurationLw, config:{1.0 ?mcc?mnc ?locale ?layoutDir sw600dp w600dp h888dp 213dpi lrg port ?uimode ?night finger -keyb/v/h -nav/v} mLidState:1 mHasDockFeature:false mHasKeyboardFeature:false mHasHallSensorFeature:true config.hardKeyboardHidden:2
02-25 10:11:30.799 I/ActivityManager(  506): [TopPkgCurBat]	NowPkgName[org.xwalk.webapi_noneservice_tests]	Battery[100]	TimeTick[1424830290816]	OldPkgName[testkit.stub]
02-25 10:11:30.839 I/CordovaLog( 3311): Changing log level to DEBUG(3)
02-25 10:11:30.839 I/CordovaLog( 3311): Changing log level to DEBUG(3)
02-25 10:11:30.839 D/CordovaActivity( 3311): CordovaActivity.init()
02-25 10:11:30.839 D/CordovaActivity( 3311): CordovaActivity.init()
02-25 10:11:30.849 D/dalvikvm( 3311): Trying to load lib /data/app-lib/org.xwalk.webapi_noneservice_tests-1/libxwalkcore.so 0x43d88040
02-25 10:11:30.849 D/dalvikvm( 3311): Trying to load lib /data/app-lib/org.xwalk.webapi_noneservice_tests-1/libxwalkcore.so 0x43d88040
02-25 10:11:30.859 D/dalvikvm( 3311): Added shared lib /data/app-lib/org.xwalk.webapi_noneservice_tests-1/libxwalkcore.so 0x43d88040
02-25 10:11:30.859 I/LibraryLoader( 3311): Time to load native libraries: 13 ms (timestamps 5061-5074)
02-25 10:11:30.859 D/dalvikvm( 3311): Added shared lib /data/app-lib/org.xwalk.webapi_noneservice_tests-1/libxwalkcore.so 0x43d88040
02-25 10:11:30.859 I/LibraryLoader( 3311): Time to load native libraries: 13 ms (timestamps 5061-5074)
02-25 10:11:30.859 I/LibraryLoader( 3311): Expected native library version number "",actual native library version number ""
02-25 10:11:30.859 I/LibraryLoader( 3311): Expected native library version number "",actual native library version number ""
02-25 10:11:30.879 I/LibraryLoader( 3311): Expected native library version number "",actual native library version number ""
02-25 10:11:30.879 I/LibraryLoader( 3311): Expected native library version number "",actual native library version number ""
02-25 10:11:30.879 I/chromium( 3311): [INFO:library_loader_hooks.cc(112)] Chromium logging enabled: level = 0, default verbosity = 0
02-25 10:11:30.879 I/chromium( 3311): [INFO:library_loader_hooks.cc(112)] Chromium logging enabled: level = 0, default verbosity = 0
02-25 10:11:30.889 I/BrowserStartupController( 3311): Initializing chromium process, singleProcess=true
02-25 10:11:30.889 I/BrowserStartupController( 3311): Initializing chromium process, singleProcess=true
02-25 10:11:31.269 W/chromium( 3311): [WARNING:dns_config_service_posix.cc(293)] Failed to read DnsConfig.
02-25 10:11:31.269 W/chromium( 3311): [WARNING:dns_config_service_posix.cc(293)] Failed to read DnsConfig.
02-25 10:11:31.279 W/AudioManagerAndroid( 3311): Requires BLUETOOTH permission
02-25 10:11:31.279 W/AudioManagerAndroid( 3311): Requires BLUETOOTH permission
02-25 10:11:31.279 I/ufoGralloc( 3311): Hello, this is UFO GRALLOC/Intel Corporation
02-25 10:11:31.279 I/ufoGralloc( 3311): Hello, this is UFO GRALLOC/Intel Corporation
02-25 10:11:31.289 D/        ( 3311): Pixel Format : GGL_PIXEL_FORMAT_RGBA_8888
02-25 10:11:31.289 D/        ( 3311): droid_create_context : config id = 1 conf->NativeVisualID=1
02-25 10:11:31.289 D/        ( 3311): Pixel Format : GGL_PIXEL_FORMAT_RGBA_8888
02-25 10:11:31.289 D/        ( 3311): Pixel Format : GGL_PIXEL_FORMAT_RGBA_8888
02-25 10:11:31.289 D/        ( 3311): droid_create_context : config id = 1 conf->NativeVisualID=1
02-25 10:11:31.289 D/        ( 3311): Pixel Format : GGL_PIXEL_FORMAT_RGBA_8888
02-25 10:11:31.289 I/        ( 3311): Requested context : GLES 2.0
02-25 10:11:31.289 I/        ( 3311): Requested context : GLES 2.0
02-25 10:11:31.319 W/chromium( 3311): [WARNING:proxy_service.cc(899)] PAC support disabled because there is no system implementation
02-25 10:11:31.319 W/dalvikvm( 3311): VFY: unable to find class referenced in signature (Landroid/view/inputmethod/CursorAnchorInfo;)
02-25 10:11:31.319 I/dalvikvm( 3311): Could not find method android.view.inputmethod.InputMethodManager.updateCursorAnchorInfo, referenced from method org.chromium.content.browser.input.InputMethodManagerWrapper.updateCursorAnchorInfo
02-25 10:11:31.319 W/dalvikvm( 3311): VFY: unable to resolve virtual method 1368: Landroid/view/inputmethod/InputMethodManager;.updateCursorAnchorInfo (Landroid/view/View;Landroid/view/inputmethod/CursorAnchorInfo;)V
02-25 10:11:31.319 W/chromium( 3311): [WARNING:proxy_service.cc(899)] PAC support disabled because there is no system implementation
02-25 10:11:31.319 W/dalvikvm( 3311): VFY: unable to find class referenced in signature (Landroid/view/inputmethod/CursorAnchorInfo;)
02-25 10:11:31.319 I/dalvikvm( 3311): Could not find method android.view.inputmethod.InputMethodManager.updateCursorAnchorInfo, referenced from method org.chromium.content.browser.input.InputMethodManagerWrapper.updateCursorAnchorInfo
02-25 10:11:31.319 W/dalvikvm( 3311): VFY: unable to resolve virtual method 1368: Landroid/view/inputmethod/InputMethodManager;.updateCursorAnchorInfo (Landroid/view/View;Landroid/view/inputmethod/CursorAnchorInfo;)V
02-25 10:11:31.319 D/dalvikvm( 3311): VFY: replacing opcode 0x6e at 0x000a
02-25 10:11:31.319 D/dalvikvm( 3311): VFY: replacing opcode 0x6e at 0x000a
02-25 10:11:31.369 E/cutils  (  163): Failed to mkdirat(/Removable/MicroSD): Read-only file system
02-25 10:11:31.369 E/cutils  (  163): Failed to mkdirat(/Removable/MicroSD): Read-only file system
02-25 10:11:31.369 W/ContextImpl( 3311): Failed to ensure directory: /Removable/MicroSD/Android/data/org.xwalk.webapi_noneservice_tests/cache
02-25 10:11:31.369 W/Vold    (  163): Returning OperationFailed - no handler for errno 30
02-25 10:11:31.369 W/ContextImpl( 3311): Failed to ensure directory: /Removable/MicroSD/Android/data/org.xwalk.webapi_noneservice_tests/cache
02-25 10:11:31.379 D/CordovaActivity( 3311): CordovaActivity.createViews()
02-25 10:11:31.379 E/chromium( 3311): [ERROR:unix_domain_server_socket_posix.cc(106)] Not implemented reached in virtual int net::UnixDomainServerSocket::GetLocalAddress(net::IPEndPoint*) const
02-25 10:11:31.379 D/CordovaWebView( 3311): >>> loadUrl(file:///android_asset/www/index.html)
02-25 10:11:31.369 W/Vold    (  163): Returning OperationFailed - no handler for errno 30
02-25 10:11:31.379 D/CordovaActivity( 3311): CordovaActivity.createViews()
02-25 10:11:31.379 E/chromium( 3311): [ERROR:unix_domain_server_socket_posix.cc(106)] Not implemented reached in virtual int net::UnixDomainServerSocket::GetLocalAddress(net::IPEndPoint*) const
02-25 10:11:31.379 D/CordovaWebView( 3311): >>> loadUrl(file:///android_asset/www/index.html)
02-25 10:11:31.379 D/PluginManager( 3311): init()
02-25 10:11:31.379 D/PluginManager( 3311): init()
02-25 10:11:31.379 E/cutils  (  163): Failed to mkdirat(/Removable/MicroSD): Read-only file system
02-25 10:11:31.379 E/cutils  (  163): Failed to mkdirat(/Removable/MicroSD): Read-only file system
02-25 10:11:31.379 W/Vold    (  163): Returning OperationFailed - no handler for errno 30
02-25 10:11:31.389 W/ContextImpl( 3311): Failed to ensure directory: /Removable/MicroSD/Android/data/org.xwalk.webapi_noneservice_tests/files
02-25 10:11:31.379 W/Vold    (  163): Returning OperationFailed - no handler for errno 30
02-25 10:11:31.389 W/ContextImpl( 3311): Failed to ensure directory: /Removable/MicroSD/Android/data/org.xwalk.webapi_noneservice_tests/files
02-25 10:11:31.389 E/cutils  (  163): Failed to mkdirat(/Removable/MicroSD): Read-only file system
02-25 10:11:31.389 E/cutils  (  163): Failed to mkdirat(/Removable/MicroSD): Read-only file system
02-25 10:11:31.389 W/ContextImpl( 3311): Failed to ensure directory: /Removable/MicroSD/Android/data/org.xwalk.webapi_noneservice_tests/cache
02-25 10:11:31.389 W/ContextImpl( 3311): Failed to ensure directory: /Removable/MicroSD/Android/data/org.xwalk.webapi_noneservice_tests/cache02-25 10:11:31.389 D/CordovaWebView( 3311): >>> loadUrlNow()
02-25 10:11:31.389 I/dalvikvm( 3311): Could not find method android.app.Activity.finishAndRemoveTask, referenced from method org.chromium.base.ApiCompatibilityUtils.finishAndRemoveTask
02-25 10:11:31.389 W/dalvikvm( 3311): VFY: unable to resolve virtual method 6: Landroid/app/Activity;.finishAndRemoveTask ()V

02-25 10:11:31.389 D/dalvikvm( 3311): VFY: replacing opcode 0x6e at 0x0006
02-25 10:11:31.389 I/dalvikvm( 3311): Could not find method android.os.PowerManager.isInteractive, referenced from method org.chromium.base.ApiCompatibilityUtils.isInteractive
02-25 10:11:31.389 W/dalvikvm( 3311): VFY: unable to resolve virtual method 874: Landroid/os/PowerManager;.isInteractive ()Z
02-25 10:11:31.389 D/CordovaWebView( 3311): >>> loadUrlNow()
02-25 10:11:31.389 I/dalvikvm( 3311): Could not find method android.app.Activity.finishAndRemoveTask, referenced from method org.chromium.base.ApiCompatibilityUtils.finishAndRemoveTask
02-25 10:11:31.389 W/dalvikvm( 3311): VFY: unable to resolve virtual method 6: Landroid/app/Activity;.finishAndRemoveTask ()V
02-25 10:11:31.389 D/dalvikvm( 3311): VFY: replacing opcode 0x6e at 0x0006
02-25 10:11:31.389 I/dalvikvm( 3311): Could not find method android.os.PowerManager.isInteractive, referenced from method org.chromium.base.ApiCompatibilityUtils.isInteractive
02-25 10:11:31.389 W/dalvikvm( 3311): VFY: unable to resolve virtual method 874: Landroid/os/PowerManager;.isInteractive ()Z
02-25 10:11:31.389 D/dalvikvm( 3311): VFY: replacing opcode 0x6e at 0x000e
02-25 10:11:31.389 D/dalvikvm( 3311): VFY: replacing opcode 0x6e at 0x000e
02-25 10:11:31.389 I/dalvikvm( 3311): Could not find method android.view.Window.getNavigationBarColor, referenced from method org.chromium.base.ApiCompatibilityUtils.setStatusBarColor
02-25 10:11:31.389 W/dalvikvm( 3311): VFY: unable to resolve virtual method 1268: Landroid/view/Window;.getNavigationBarColor ()I
02-25 10:11:31.389 I/dalvikvm( 3311): Could not find method android.view.Window.getNavigationBarColor, referenced from method org.chromium.base.ApiCompatibilityUtils.setStatusBarColor
02-25 10:11:31.389 W/dalvikvm( 3311): VFY: unable to resolve virtual method 1268: Landroid/view/Window;.getNavigationBarColor ()I
02-25 10:11:31.389 D/dalvikvm( 3311): VFY: replacing opcode 0x6e at 0x0010
02-25 10:11:31.389 I/dalvikvm( 3311): Could not find method android.view.Window.setStatusBarColor, referenced from method org.chromium.base.ApiCompatibilityUtils.setStatusBarColor
02-25 10:11:31.389 D/dalvikvm( 3311): VFY: replacing opcode 0x6e at 0x0010
02-25 10:11:31.389 I/dalvikvm( 3311): Could not find method android.view.Window.setStatusBarColor, referenced from method org.chromium.base.ApiCompatibilityUtils.setStatusBarColor
02-25 10:11:31.389 W/dalvikvm( 3311): VFY: unable to resolve virtual method 1274: Landroid/view/Window;.setStatusBarColor (I)V
02-25 10:11:31.389 W/dalvikvm( 3311): VFY: unable to resolve virtual method 1274: Landroid/view/Window;.setStatusBarColor (I)V
02-25 10:11:31.389 D/dalvikvm( 3311): VFY: replacing opcode 0x6e at 0x0019
02-25 10:11:31.389 E/dalvikvm( 3311): Could not find class 'android.app.ActivityManager$TaskDescription', referenced from method org.chromium.base.ApiCompatibilityUtils.setTaskDescription
02-25 10:11:31.389 D/dalvikvm( 3311): VFY: replacing opcode 0x6e at 0x0019
02-25 10:11:31.389 E/dalvikvm( 3311): Could not find class 'android.app.ActivityManager$TaskDescription', referenced from method org.chromium.base.ApiCompatibilityUtils.setTaskDescription
02-25 10:11:31.389 W/dalvikvm( 3311): VFY: unable to resolve new-instance 13 (Landroid/app/ActivityManager$TaskDescription;) in Lorg/chromium/base/ApiCompatibilityUtils;
02-25 10:11:31.389 W/dalvikvm( 3311): VFY: unable to resolve new-instance 13 (Landroid/app/ActivityManager$TaskDescription;) in Lorg/chromium/base/ApiCompatibilityUtils;
02-25 10:11:31.389 D/dalvikvm( 3311): VFY: replacing opcode 0x22 at 0x0006
02-25 10:11:31.389 D/dalvikvm( 3311): VFY: replacing opcode 0x22 at 0x0006
02-25 10:11:31.389 W/Vold    (  163): Returning OperationFailed - no handler for errno 30
02-25 10:11:31.399 D/dalvikvm( 3311): DexOpt: unable to opt direct call 0x002f at 0x08 in Lorg/chromium/base/ApiCompatibilityUtils;.setTaskDescription
02-25 10:11:31.389 W/Vold    (  163): Returning OperationFailed - no handler for errno 30
02-25 10:11:31.399 D/dalvikvm( 3311): DexOpt: unable to opt direct call 0x002f at 0x08 in Lorg/chromium/base/ApiCompatibilityUtils;.setTaskDescription
02-25 10:11:31.399 I/chromium( 3311): [INFO:xwalk_extension_renderer_controller.cc(47)] EXTENSION PROCESS DISABLED.
02-25 10:11:31.399 I/chromium( 3311): [INFO:xwalk_extension_renderer_controller.cc(47)] EXTENSION PROCESS DISABLED.
02-25 10:11:31.409 D/CordovaActivity( 3311): Resuming the App
02-25 10:11:31.409 D/CordovaActivity( 3311): Resuming the App
02-25 10:11:31.429 D/        ( 3311): Pixel Format : GGL_PIXEL_FORMAT_RGBA_8888
02-25 10:11:31.429 D/        ( 3311): Pixel Format : GGL_PIXEL_FORMAT_RGBA_8888
02-25 10:11:31.429 D/        ( 3311): droid_create_context : config id = 1 conf->NativeVisualID=1
02-25 10:11:31.439 D/        ( 3311): Pixel Format : GGL_PIXEL_FORMAT_RGBA_8888
02-25 10:11:31.429 D/        ( 3311): droid_create_context : config id = 1 conf->NativeVisualID=1
02-25 10:11:31.439 D/        ( 3311): Pixel Format : GGL_PIXEL_FORMAT_RGBA_8888
02-25 10:11:31.439 I/        ( 3311): Requested context : GLES 2.0
02-25 10:11:31.439 I/        ( 3311): Requested context : GLES 2.0
02-25 10:11:31.449 D/SoftKeyboardDetect( 3311): Ignore this event
02-25 10:11:31.449 D/SoftKeyboardDetect( 3311): Ignore this event
02-25 10:11:31.469 D/        ( 3311): droid_create_context : config id = 5 conf->NativeVisualID=1
02-25 10:11:31.469 D/        ( 3311): droid_create_context : config id = 5 conf->NativeVisualID=1
02-25 10:11:31.469 D/        ( 3311): Pixel Format : GGL_PIXEL_FORMAT_RGBA_8888
02-25 10:11:31.469 D/        ( 3311): Pixel Format : GGL_PIXEL_FORMAT_RGBA_8888
02-25 10:11:31.469 I/        ( 3311): Requested context : GLES 2.0
02-25 10:11:31.469 I/        ( 3311): Requested context : GLES 2.0
02-25 10:11:31.479 D/        ( 3311): Pixel Format : GGL_PIXEL_FORMAT_RGBA_8888
02-25 10:11:31.479 D/        ( 3311): Pixel Format : GGL_PIXEL_FORMAT_RGBA_8888
02-25 10:11:31.479 D/OpenGLRenderer( 3311): Enabling debug mode 0
02-25 10:11:31.479 D/OpenGLRenderer( 3311): Enabling debug mode 0
02-25 10:11:31.479 D/CordovaActivity( 3311): onMessage(onPageStarted,file:///android_asset/www/index.html)
02-25 10:11:31.479 D/CordovaActivity( 3311): onMessage(onPageStarted,file:///android_asset/www/index.html)
02-25 10:11:31.479 W/BindingManager( 3311): Cannot call determinedVisibility() - never saw a connection for the pid: 3311
02-25 10:11:31.479 W/BindingManager( 3311): Cannot call determinedVisibility() - never saw a connection for the pid: 3311
02-25 10:11:31.489 D/SoftKeyboardDetect( 3311): Ignore this event
02-25 10:11:31.489 D/SoftKeyboardDetect( 3311): Ignore this event
02-25 10:11:31.519 D/BatteryStatsImpl(  506): noteStopWakeLocked system isFromForeground = false
02-25 10:11:31.519 D/BatteryStatsImpl(  506): noteStopWakeLocked system isFromForeground = false
02-25 10:11:31.529 D/CordovaActivity( 3311): onMessage(onPageFinished,file:///android_asset/www/index.html)
02-25 10:11:31.529 D/CordovaActivity( 3311): onMessage(onPageFinished,file:///android_asset/www/index.html)
02-25 10:11:31.529 D/XT9IME  (  731): new subtype :zh_CN ,pinyin
02-25 10:11:31.529 D/XT9IME  (  731): new subtype :zh_CN ,pinyin
02-25 10:11:31.529 I/ActivityManager(  506): Displayed org.xwalk.webapi_noneservice_tests/.webapi_noneservice_tests: +762ms
02-25 10:11:31.529 I/ActivityManager(  506): Displayed org.xwalk.webapi_noneservice_tests/.webapi_noneservice_tests: +762ms
02-25 10:11:32.529 D/CordovaActivity( 3311): onMessage(onPageStarted,file:///android_asset/www/index_real.html?testprefix=./)
02-25 10:11:32.529 D/CordovaActivity( 3311): onMessage(onPageStarted,file:///android_asset/www/index_real.html?testprefix=./)
02-25 10:11:32.619 W/BindingManager( 3311): Cannot call determinedVisibility() - never saw a connection for the pid: 3311
02-25 10:11:32.619 W/BindingManager( 3311): Cannot call determinedVisibility() - never saw a connection for the pid: 3311
02-25 10:11:32.819 I/chromium( 3311): [INFO:CONSOLE(0)] "Synchronous XMLHttpRequest on the main thread is deprecated because of its detrimental effects to the end user's experience. For more help, check http://xhr.spec.whatwg.org/.", source:  (0)
02-25 10:11:32.819 I/chromium( 3311): [INFO:CONSOLE(0)] "Synchronous XMLHttpRequest on the main thread is deprecated because of its detrimental effects to the end user's experience. For more help, check http://xhr.spec.whatwg.org/.", source:  (0)
02-25 10:11:32.879 D/CordovaActivity( 3311): onMessage(onPageFinished,file:///android_asset/www/index_real.html?testprefix=./)
02-25 10:11:32.879 D/CordovaActivity( 3311): onMessage(onPageFinished,file:///android_asset/www/index_real.html?testprefix=./)
02-25 10:11:33.539 D/CordovaActivity( 3311): onMessage(spinner,stop)
02-25 10:11:33.539 D/CordovaActivity( 3311): onMessage(spinner,stop)
02-25 10:11:33.559 D/        ( 3311): Pixel Format : GGL_PIXEL_FORMAT_RGBA_8888
02-25 10:11:33.559 D/        ( 3311): droid_create_context : config id = 1 conf->NativeVisualID=1
02-25 10:11:33.559 D/        ( 3311): Pixel Format : GGL_PIXEL_FORMAT_RGBA_8888
02-25 10:11:33.559 D/        ( 3311): Pixel Format : GGL_PIXEL_FORMAT_RGBA_8888
02-25 10:11:33.559 D/        ( 3311): droid_create_context : config id = 1 conf->NativeVisualID=1
02-25 10:11:33.559 D/        ( 3311): Pixel Format : GGL_PIXEL_FORMAT_RGBA_8888
02-25 10:11:33.559 I/        ( 3311): Requested context : GLES 2.0
02-25 10:11:33.559 I/        ( 3311): Requested context : GLES 2.0
02-25 10:11:33.589 D/        ( 3311): Swap interval set to = 1 value
02-25 10:11:33.589 D/        ( 3311): Swap interval set to = 1 value
02-25 10:11:33.669 D/        ( 3311): Pixel Format : GGL_PIXEL_FORMAT_RGBA_8888
02-25 10:11:33.669 D/        ( 3311): droid_create_context : config id = 1 conf->NativeVisualID=1
02-25 10:11:33.669 D/        ( 3311): Pixel Format : GGL_PIXEL_FORMAT_RGBA_8888
02-25 10:11:33.669 D/        ( 3311): Pixel Format : GGL_PIXEL_FORMAT_RGBA_8888
02-25 10:11:33.669 D/        ( 3311): droid_create_context : config id = 1 conf->NativeVisualID=1
02-25 10:11:33.669 D/        ( 3311): Pixel Format : GGL_PIXEL_FORMAT_RGBA_8888
02-25 10:11:33.669 I/        ( 3311): Requested context : GLES 2.0
02-25 10:11:33.669 I/        ( 3311): Requested context : GLES 2.0
02-25 10:11:34.889 D/CordovaActivity( 3311): onMessage(spinner,stop)
02-25 10:11:34.889 D/CordovaActivity( 3311): onMessage(spinner,stop)
02-25 10:11:36.839 W/ufoGralloc(  171): registerBuffer() handle 0xb94c1d40/108 didn't require registration
02-25 10:11:36.839 W/ufoGralloc(  171): registerBuffer() handle 0xb94c1d40/108 didn't require registration
02-25 10:11:36.849 D/CordovaActivity( 3311): Paused the application!
02-25 10:11:36.849 D/CordovaActivity( 3311): Paused the application!
02-25 10:11:36.849 D/CordovaWebView( 3311): Handle the pause
02-25 10:11:36.849 D/CordovaWebView( 3311): Handle the pause
02-25 10:11:36.849 D/WindowManager(  506): adjustConfigurationLw, config:{1.0 ?mcc?mnc ?locale ?layoutDir sw600dp w600dp h888dp 213dpi lrg port ?uimode ?night finger -keyb/v/h -nav/v} mLidState:1 mHasDockFeature:false mHasKeyboardFeature:false mHasHallSensorFeature:true config.hardKeyboardHidden:2
02-25 10:11:36.849 D/WindowManager(  506): adjustConfigurationLw, config:{1.0 ?mcc?mnc ?locale ?layoutDir sw600dp w600dp h888dp 213dpi lrg port ?uimode ?night finger -keyb/v/h -nav/v} mLidState:1 mHasDockFeature:false mHasKeyboardFeature:false mHasHallSensorFeature:true config.hardKeyboardHidden:2
02-25 10:11:36.849 I/chromium( 3311): [INFO:CONSOLE(1)] "exception firing pause event from native", source:  (1)
02-25 10:11:36.849 I/ActivityManager(  506): [TopPkgCurBat]	NowPkgName[testkit.stub]	Battery[100]	TimeTick[1424830296859]	OldPkgName[org.xwalk.webapi_noneservice_tests]
02-25 10:11:36.849 I/chromium( 3311): [INFO:CONSOLE(1)] "exception firing pause event from native", source:  (1)
02-25 10:11:36.849 I/ActivityManager(  506): [TopPkgCurBat]	NowPkgName[testkit.stub]	Battery[100]	TimeTick[1424830296859]	OldPkgName[org.xwalk.webapi_noneservice_tests]
02-25 10:11:36.869 V/AsusPhoneStatusBar(  571): setLightsOn(true)
02-25 10:11:36.869 V/AsusPhoneStatusBar(  571): setLightsOn(true)
02-25 10:11:36.869 W/IInputConnectionWrapper( 3311): showStatusIcon on inactive InputConnection
02-25 10:11:36.869 W/InputMethodManagerService(  506): Starting input on non-focused client com.android.internal.view.IInputMethodClient$Stub$Proxy@22239150 (uid=10259 pid=3311)
02-25 10:11:36.869 W/IInputConnectionWrapper( 3311): showStatusIcon on inactive InputConnection
02-25 10:11:36.869 W/InputMethodManagerService(  506): Starting input on non-focused client com.android.internal.view.IInputMethodClient$Stub$Proxy@22239150 (uid=10259 pid=3311)
02-25 10:11:36.879 D/XT9IME  (  731): new subtype :zh_CN ,pinyin
02-25 10:11:36.879 D/XT9IME  (  731): new subtype :zh_CN ,pinyin
02-25 10:11:36.889 D/BatteryStatsImpl(  506): noteStopWakeLocked system isFromForeground = false
02-25 10:11:36.889 D/BatteryStatsImpl(  506): noteStopWakeLocked system isFromForeground = false
02-25 10:11:36.899 D/        ( 3311): Surface destroy: ANDROID_NATIVE_WINDOW_MAGIC
02-25 10:11:36.899 D/        ( 3311): Surface destroy: ANDROID_NATIVE_WINDOW_MAGIC
02-25 10:11:36.909 D/        ( 3311): Surface destroy: ANDROID_NATIVE_WINDOW_MAGIC
02-25 10:11:36.909 D/        ( 3311): Surface destroy: ANDROID_NATIVE_WINDOW_MAGIC
02-25 10:11:36.969 D/AndroidRuntime( 3513): 
02-25 10:11:36.969 D/AndroidRuntime( 3513): >>>>>> AndroidRuntime START com.android.internal.os.RuntimeInit <<<<<<
02-25 10:11:36.969 D/AndroidRuntime( 3513): CheckJNI is OFF
02-25 10:11:36.969 D/AndroidRuntime( 3513): 
02-25 10:11:36.969 D/AndroidRuntime( 3513): >>>>>> AndroidRuntime START com.android.internal.os.RuntimeInit <<<<<<
02-25 10:11:36.969 D/AndroidRuntime( 3513): CheckJNI is OFF
02-25 10:11:36.969 I/AndroidRuntime( 3513): Kernel Release Version: 3.10.20-gf818079
02-25 10:11:36.969 I/AndroidRuntime( 3513): Kernel Release Version: 3.10.20-gf818079
02-25 10:11:36.969 I/dalvikvm( 3513): No library specified. The standard exception handler will be used
02-25 10:11:36.969 I/dalvikvm( 3513): No library specified. The standard exception handler will be used
02-25 10:11:36.979 I/dalvikvm( 3513): 
02-25 10:11:36.979 I/dalvikvm( 3513): +++++++++++++ Using PCG. +++++++++++++++++++++
02-25 10:11:36.979 I/dalvikvm( 3513): 
02-25 10:11:36.979 I/dalvikvm( 3513): +++++++++++++ Using PCG. +++++++++++++++++++++
02-25 10:11:36.979 D/dalvikvm( 3513): Trying to load lib libjavacore.so 0x0
02-25 10:11:36.979 D/dalvikvm( 3513): Trying to load lib libjavacore.so 0x0
02-25 10:11:36.989 D/dalvikvm( 3513): Added shared lib libjavacore.so 0x0
02-25 10:11:36.989 D/dalvikvm( 3513): Trying to load lib libnativehelper.so 0x0
02-25 10:11:36.989 D/dalvikvm( 3513): Added shared lib libnativehelper.so 0x0
02-25 10:11:36.989 D/dalvikvm( 3513): Added shared lib libjavacore.so 0x0
02-25 10:11:36.989 D/dalvikvm( 3513): Trying to load lib libnativehelper.so 0x0
02-25 10:11:36.989 D/dalvikvm( 3513): Added shared lib libnativehelper.so 0x0
02-25 10:11:36.989 D/dalvikvm( 3513): No JNI_OnLoad found in libnativehelper.so 0x0, skipping init
02-25 10:11:36.989 D/dalvikvm( 3513): No JNI_OnLoad found in libnativehelper.so 0x0, skipping init
02-25 10:11:36.989 D/dalvikvm( 3513): Extra Options: not specified
02-25 10:11:36.989 D/dalvikvm( 3513): Extra Options: not specified
02-25 10:11:37.009 D/dalvikvm( 3513): Note: class Landroid/app/ActivityManagerNative; has 186 unimplemented (abstract) methods
02-25 10:11:37.009 D/dalvikvm( 3513): Note: class Landroid/app/ActivityManagerNative; has 186 unimplemented (abstract) methods
02-25 10:11:37.079 E/memtrack( 3513): Couldn't load memtrack module (No such file or directory)
02-25 10:11:37.079 E/memtrack( 3513): Couldn't load memtrack module (No such file or directory)
02-25 10:11:37.079 E/android.os.Debug( 3513): failed to load memtrack module: -2
02-25 10:11:37.079 E/android.os.Debug( 3513): failed to load memtrack module: -2
02-25 10:11:37.109 D/AndroidRuntime( 3513): Calling main entry com.android.commands.am.Am
02-25 10:11:37.109 D/AndroidRuntime( 3513): Calling main entry com.android.commands.am.Am
02-25 10:11:37.139 I/ActivityManager(  506): Force stopping org.xwalk.webapi_noneservice_tests appid=10259 user=0: from pid 3513
02-25 10:11:37.139 I/ActivityManager(  506): Force stopping org.xwalk.webapi_noneservice_tests appid=10259 user=0: from pid 3513
02-25 10:11:37.139 I/ActivityManager(  506): Killing 3311:org.xwalk.webapi_noneservice_tests/u0a259 (adj 1): stop org.xwalk.webapi_noneservice_tests
02-25 10:11:37.149 I/SecurityManagerService(  602): SMS received security event: App[STOP/org.xwalk.webapi_noneservice_tests]
02-25 10:11:37.149 D/AndroidRuntime( 3513): Shutting down VM
02-25 10:11:37.139 I/ActivityManager(  506): Killing 3311:org.xwalk.webapi_noneservice_tests/u0a259 (adj 1): stop org.xwalk.webapi_noneservice_tests
02-25 10:11:37.149 I/SecurityManagerService(  602): SMS received security event: App[STOP/org.xwalk.webapi_noneservice_tests]
02-25 10:11:37.149 D/AndroidRuntime( 3513): Shutting down VM
02-25 10:11:37.159 D/dalvikvm( 3513): GC_CONCURRENT freed 112K, 16% free 666K/792K, paused 1ms+1ms, total 2ms
02-25 10:11:37.159 D/dalvikvm( 3513): GC_CONCURRENT freed 112K, 16% free 666K/792K, paused 1ms+1ms, total 2ms
02-25 10:11:37.159 D/dalvikvm( 3513): Compiler shutdown in progress - discarding request
02-25 10:11:37.159 D/dalvikvm( 3513): Compiler shutdown in progress - discarding request
02-25 10:11:37.159 D/dalvikvm( 3513): Compiler shutdown in progress - discarding request
02-25 10:11:37.159 D/dalvikvm( 3513): Compiler shutdown in progress - discarding request
02-25 10:11:37.159 D/dalvikvm( 3513): Compiler shutdown in progress - discarding request
02-25 10:11:37.159 D/dalvikvm( 3513): Compiler shutdown in progress - discarding request
02-25 10:11:37.159 D/dalvikvm( 3513): Compiler shutdown in progress - discarding request
02-25 10:11:37.159 D/dalvikvm( 3513): Compiler shutdown in progress - discarding request
02-25 10:11:37.159 D/dalvikvm( 3513): Compiler shutdown in progress - discarding request
02-25 10:11:37.159 D/dalvikvm( 3513): Compiler shutdown in progress - discarding request
02-25 10:11:37.159 D/dalvikvm( 3513): Compiler shutdown in progress - discarding request
02-25 10:11:37.159 D/dalvikvm( 3513): Compiler shutdown in progress - discarding request
02-25 10:11:37.159 D/dalvikvm( 3513): Compiler shutdown in progress - discarding request
02-25 10:11:37.159 D/dalvikvm( 3513): Compiler shutdown in progress - discarding request
02-25 10:11:37.159 D/dalvikvm( 3513): Compiler shutdown in progress - discarding request
02-25 10:11:37.159 D/dalvikvm( 3513): Compiler shutdown in progress - discarding request
02-25 10:11:37.159 D/dalvikvm( 3513): Compiler shutdown in progress - discarding request
02-25 10:11:37.159 D/dalvikvm( 3513): Compiler shutdown in progress - discarding request
02-25 10:11:37.159 D/dalvikvm( 3513): Compiler shutdown in progress - discarding request
02-25 10:11:37.159 D/dalvikvm( 3513): Compiler shutdown in progress - discarding request
02-25 10:11:37.159 D/dalvikvm( 3513): Compiler shutdown in progress - discarding request
02-25 10:11:37.159 D/dalvikvm( 3513): Compiler shutdown in progress - discarding request
02-25 10:11:37.159 D/dalvikvm( 3513): Compiler shutdown in progress - discarding request
02-25 10:11:37.159 D/dalvikvm( 3513): Compiler shutdown in progress - discarding request
02-25 10:11:37.159 D/dalvikvm( 3513): Compiler shutdown in progress - discarding request
02-25 10:11:37.159 D/dalvikvm( 3513): Compiler shutdown in progress - discarding request
02-25 10:11:37.159 D/dalvikvm( 3513): Compiler shutdown in progress - discarding request
02-25 10:11:37.159 D/dalvikvm( 3513): Compiler shutdown in progress - discarding request
02-25 10:11:37.159 D/dalvikvm( 3513): Compiler shutdown in progress - discarding request
02-25 10:11:37.159 D/dalvikvm( 3513): Compiler shutdown in progress - discarding request
02-25 10:11:37.159 D/dalvikvm( 3513): Compiler shutdown in progress - discarding request
02-25 10:11:37.159 D/dalvikvm( 3513): Compiler shutdown in progress - discarding request
02-25 10:11:37.159 D/dalvikvm( 3513): Compiler shutdown in progress - discarding request
02-25 10:11:37.159 D/dalvikvm( 3513): Compiler shutdown in progress - discarding request
02-25 10:11:37.159 D/dalvikvm( 3513): Compiler shutdown in progress - discarding request
02-25 10:11:37.159 D/dalvikvm( 3513): Compiler shutdown in progress - discarding request
02-25 10:11:37.159 D/dalvikvm( 3513): Compiler shutdown in progress - discarding request
02-25 10:11:37.159 D/dalvikvm( 3513): Compiler shutdown in progress - discarding request
02-25 10:11:37.159 D/dalvikvm( 3513): Compiler shutdown in progress - discarding request
02-25 10:11:37.159 D/dalvikvm( 3513): Compiler shutdown in progress - discarding request
02-25 10:11:37.159 D/dalvikvm( 3513): Compiler shutdown in progress - discarding request
02-25 10:11:37.159 D/dalvikvm( 3513): Compiler shutdown in progress - discarding request
02-25 10:11:37.159 D/dalvikvm( 3513): Compiler shutdown in progress - discarding request
02-25 10:11:37.169 D/dalvikvm( 3513): Compiler shutdown in progress - discarding request
02-25 10:11:37.159 D/dalvikvm( 3513): Compiler shutdown in progress - discarding request
02-25 10:11:37.169 D/dalvikvm( 3513): Compiler shutdown in progress - discarding request
02-25 10:11:37.169 D/dalvikvm( 3513): Compiler shutdown in progress - discarding request
02-25 10:11:37.169 D/dalvikvm( 3513): Compiler shutdown in progress - discarding request
02-25 10:11:37.169 D/dalvikvm( 3513): Compiler shutdown in progress - discarding request
02-25 10:11:37.169 D/dalvikvm( 3513): Compiler shutdown in progress - discarding request
02-25 10:11:37.169 D/dalvikvm( 3513): Compiler shutdown in progress - discarding request
02-25 10:11:37.169 D/dalvikvm( 3513): Compiler shutdown in progress - discarding request
02-25 10:11:37.169 D/dalvikvm( 3513): Compiler shutdown in progress - discarding request
02-25 10:11:37.169 D/dalvikvm( 3513): Compiler shutdown in progress - discarding request
02-25 10:11:37.169 D/dalvikvm( 3513): Compiler shutdown in progress - discarding request
02-25 10:11:37.169 D/dalvikvm( 3513): Compiler shutdown in progress - discarding request
02-25 10:11:37.169 D/dalvikvm( 3513): Compiler shutdown in progress - discarding request
02-25 10:11:37.169 D/dalvikvm( 3513): Compiler shutdown in progress - discarding request
02-25 10:11:37.169 D/dalvikvm( 3513): Compiler shutdown in progress - discarding request
02-25 10:11:37.169 D/dalvikvm( 3513): Compiler shutdown in progress - discarding request
02-25 10:11:37.169 D/dalvikvm( 3513): Compiler shutdown in progress - discarding request
02-25 10:11:37.169 D/dalvikvm( 3513): Compiler shutdown in progress - discarding request
02-25 10:11:37.169 D/dalvikvm( 3513): Compiler shutdown in progress - discarding request
02-25 10:11:37.169 D/dalvikvm( 3513): Compiler shutdown in progress - discarding request
02-25 10:11:37.169 D/dalvikvm( 3513): Compiler shutdown in progress - discarding request
02-25 10:11:37.169 D/dalvikvm( 3513): Compiler shutdown in progress - discarding request
02-25 10:11:37.169 D/dalvikvm( 3513): Compiler shutdown in progress - discarding request
02-25 10:11:37.169 D/dalvikvm( 3513): Compiler shutdown in progress - discarding request
02-25 10:11:37.169 D/dalvikvm( 3513): Compiler shutdown in progress - discarding request
02-25 10:11:37.169 D/dalvikvm( 3513): Compiler shutdown in progress - discarding request
02-25 10:11:37.169 D/dalvikvm( 3513): Compiler shutdown in progress - discarding request
02-25 10:11:37.169 D/dalvikvm( 3513): Compiler shutdown in progress - discarding request
02-25 10:11:37.169 D/dalvikvm( 3513): Compiler shutdown in progress - discarding request
02-25 10:11:37.169 D/dalvikvm( 3513): Compiler shutdown in progress - discarding request
02-25 10:11:37.169 D/dalvikvm( 3513): Compiler shutdown in progress - discarding request
02-25 10:11:37.169 D/dalvikvm( 3513): Compiler shutdown in progress - discarding request
02-25 10:11:37.169 D/dalvikvm( 3513): Compiler shutdown in progress - discarding request
02-25 10:11:37.169 D/dalvikvm( 3513): Compiler shutdown in progress - discarding request
02-25 10:11:37.169 D/dalvikvm( 3513): Compiler shutdown in progress - discarding request
02-25 10:11:37.169 D/dalvikvm( 3513): Compiler shutdown in progress - discarding request
02-25 10:11:37.169 D/dalvikvm( 3513): Compiler shutdown in progress - discarding request
02-25 10:11:37.169 D/dalvikvm( 3513): Compiler shutdown in progress - discarding request
02-25 10:11:37.169 D/dalvikvm( 3513): Compiler shutdown in progress - discarding request
02-25 10:11:37.169 D/dalvikvm( 3513): Compiler shutdown in progress - discarding request
02-25 10:11:37.169 D/dalvikvm( 3513): Compiler shutdown in progress - discarding request
02-25 10:11:37.169 D/dalvikvm( 3513): Compiler shutdown in progress - discarding request
02-25 10:11:37.169 D/dalvikvm( 3513): Compiler shutdown in progress - discarding request
02-25 10:11:37.169 D/dalvikvm( 3513): Compiler shutdown in progress - discarding request
02-25 10:11:37.169 D/dalvikvm( 3513): Compiler shutdown in progress - discarding request
02-25 10:11:37.169 D/dalvikvm( 3513): Compiler shutdown in progress - discarding request
02-25 10:11:37.169 D/dalvikvm( 3513): Compiler shutdown in progress - discarding request
02-25 10:11:37.169 D/dalvikvm( 3513): Compiler shutdown in progress - discarding request
02-25 10:11:37.169 D/dalvikvm( 3513): Compiler shutdown in progress - discarding request
02-25 10:11:37.169 D/dalvikvm( 3513): Compiler shutdown in progress - discarding request
02-25 10:11:37.169 D/dalvikvm( 3513): Compiler shutdown in progress - discarding request
02-25 10:11:37.169 D/dalvikvm( 3513): Compiler shutdown in progress - discarding request
02-25 10:11:37.169 D/dalvikvm( 3513): Compiler shutdown in progress - discarding request
02-25 10:11:37.169 D/dalvikvm( 3513): Compiler shutdown in progress - discarding request
02-25 10:11:37.219 I/WindowState(  506): WIN DEATH: Window{221f3a68 u0 org.xwalk.webapi_noneservice_tests/org.xwalk.webapi_noneservice_tests.webapi_noneservice_tests EXITING}
02-25 10:11:37.219 I/WindowState(  506): WIN DEATH: Window{221f3a68 u0 org.xwalk.webapi_noneservice_tests/org.xwalk.webapi_noneservice_tests.webapi_noneservice_tests EXITING}
02-25 10:11:37.249 W/SurfaceFlinger(  171): couldn't log to binary event log: overflow.
02-25 10:11:37.249 W/SurfaceFlinger(  171): couldn't log to binary event log: overflow.
02-25 10:11:39.409 D/AndroidRuntime( 3537): 
02-25 10:11:39.409 D/AndroidRuntime( 3537): >>>>>> AndroidRuntime START com.android.internal.os.RuntimeInit <<<<<<
02-25 10:11:39.409 D/AndroidRuntime( 3537): CheckJNI is OFF
--------- beginning of /dev/log/main
02-25 10:11:39.409 I/AndroidRuntime( 3537): Kernel Release Version: 3.10.20-gf818079
02-25 10:11:39.409 D/AndroidRuntime( 3537): 
02-25 10:11:39.409 D/AndroidRuntime( 3537): >>>>>> AndroidRuntime START com.android.internal.os.RuntimeInit <<<<<<
02-25 10:11:39.409 D/AndroidRuntime( 3537): CheckJNI is OFF
02-25 10:11:39.409 I/AndroidRuntime( 3537): Kernel Release Version: 3.10.20-gf818079
02-25 10:11:39.409 I/dalvikvm( 3537): No library specified. The standard exception handler will be used
