--------- beginning of /dev/log/main
02-25 10:57:58.789 D/AndroidRuntime(10942): 
02-25 10:57:58.789 D/AndroidRuntime(10942): >>>>>> AndroidRuntime START com.android.internal.os.RuntimeInit <<<<<<
02-25 10:57:58.789 D/AndroidRuntime(10942): CheckJNI is OFF
02-25 10:57:58.789 I/AndroidRuntime(10942): Kernel Release Version: 3.10.20-gf818079
02-25 10:57:58.789 I/dalvikvm(10942): No library specified. The standard exception handler will be used
02-25 10:57:58.789 I/dalvikvm(10942): 
02-25 10:57:58.789 I/dalvikvm(10942): +++++++++++++ Using PCG. +++++++++++++++++++++
02-25 10:57:58.799 D/dalvikvm(10942): Trying to load lib libjavacore.so 0x0
02-25 10:57:58.799 D/dalvikvm(10942): Added shared lib libjavacore.so 0x0
02-25 10:57:58.799 D/dalvikvm(10942): Trying to load lib libnativehelper.so 0x0
02-25 10:57:58.799 D/dalvikvm(10942): Added shared lib libnativehelper.so 0x0
02-25 10:57:58.799 D/dalvikvm(10942): No JNI_OnLoad found in libnativehelper.so 0x0, skipping init
02-25 10:57:58.809 D/dalvikvm(10942): Extra Options: not specified
02-25 10:57:58.819 D/dalvikvm(10942): Note: class Landroid/app/ActivityManagerNative; has 186 unimplemented (abstract) methods
02-25 10:57:58.889 E/memtrack(10942): Couldn't load memtrack module (No such file or directory)
02-25 10:57:58.889 E/android.os.Debug(10942): failed to load memtrack module: -2
02-25 10:57:58.929 D/AndroidRuntime(10942): Calling main entry com.android.commands.am.Am
--------- beginning of /dev/log/system
02-25 10:57:58.949 I/ActivityManager(  506): Force stopping org.xwalk.webapi_noneservice_tests appid=10259 user=0: from pid 10942
02-25 10:57:58.959 D/AndroidRuntime(10942): Shutting down VM
02-25 10:57:58.969 D/dalvikvm(10942): GC_CONCURRENT freed 112K, 16% free 666K/792K, paused 0ms+1ms, total 1ms
02-25 10:57:58.969 D/dalvikvm(10942): Compiler shutdown in progress - discarding request
02-25 10:57:58.969 D/dalvikvm(10942): Compiler shutdown in progress - discarding request
02-25 10:57:58.969 D/dalvikvm(10942): Compiler shutdown in progress - discarding request
02-25 10:57:58.969 D/dalvikvm(10942): Compiler shutdown in progress - discarding request
02-25 10:57:58.969 D/dalvikvm(10942): Compiler shutdown in progress - discarding request
02-25 10:57:58.969 D/dalvikvm(10942): Compiler shutdown in progress - discarding request
02-25 10:57:58.969 D/dalvikvm(10942): Compiler shutdown in progress - discarding request
02-25 10:57:58.969 D/dalvikvm(10942): Compiler shutdown in progress - discarding request
02-25 10:57:58.969 D/dalvikvm(10942): Compiler shutdown in progress - discarding request
02-25 10:57:58.969 D/dalvikvm(10942): Compiler shutdown in progress - discarding request
02-25 10:57:58.969 D/dalvikvm(10942): Compiler shutdown in progress - discarding request
02-25 10:57:58.969 D/dalvikvm(10942): Compiler shutdown in progress - discarding request
02-25 10:57:58.969 D/dalvikvm(10942): Compiler shutdown in progress - discarding request
02-25 10:57:58.969 D/dalvikvm(10942): Compiler shutdown in progress - discarding request
02-25 10:57:58.969 D/dalvikvm(10942): Compiler shutdown in progress - discarding request
02-25 10:57:58.969 D/dalvikvm(10942): Compiler shutdown in progress - discarding request
02-25 10:57:58.969 D/dalvikvm(10942): Compiler shutdown in progress - discarding request
02-25 10:57:58.969 D/dalvikvm(10942): Compiler shutdown in progress - discarding request
02-25 10:57:58.969 D/dalvikvm(10942): Compiler shutdown in progress - discarding request
02-25 10:57:58.969 D/dalvikvm(10942): Compiler shutdown in progress - discarding request
02-25 10:57:58.969 D/dalvikvm(10942): Compiler shutdown in progress - discarding request
02-25 10:57:58.969 D/dalvikvm(10942): Compiler shutdown in progress - discarding request
02-25 10:57:58.969 D/dalvikvm(10942): Compiler shutdown in progress - discarding request
02-25 10:57:58.969 D/dalvikvm(10942): Compiler shutdown in progress - discarding request
02-25 10:57:58.969 D/dalvikvm(10942): Compiler shutdown in progress - discarding request
02-25 10:57:58.969 D/dalvikvm(10942): Compiler shutdown in progress - discarding request
02-25 10:57:58.969 D/dalvikvm(10942): Compiler shutdown in progress - discarding request
02-25 10:57:58.969 D/dalvikvm(10942): Compiler shutdown in progress - discarding request
02-25 10:57:58.969 D/dalvikvm(10942): Compiler shutdown in progress - discarding request
02-25 10:57:58.969 D/dalvikvm(10942): Compiler shutdown in progress - discarding request
02-25 10:57:58.969 D/dalvikvm(10942): Compiler shutdown in progress - discarding request
02-25 10:57:58.969 D/dalvikvm(10942): Compiler shutdown in progress - discarding request
02-25 10:57:58.969 D/dalvikvm(10942): Compiler shutdown in progress - discarding request
02-25 10:57:58.969 D/dalvikvm(10942): Compiler shutdown in progress - discarding request
02-25 10:57:58.969 D/dalvikvm(10942): Compiler shutdown in progress - discarding request
02-25 10:57:58.969 D/dalvikvm(10942): Compiler shutdown in progress - discarding request
02-25 10:57:58.969 D/dalvikvm(10942): Compiler shutdown in progress - discarding request
02-25 10:57:58.969 D/dalvikvm(10942): Compiler shutdown in progress - discarding request
02-25 10:57:58.969 D/dalvikvm(10942): Compiler shutdown in progress - discarding request
02-25 10:57:58.969 D/dalvikvm(10942): Compiler shutdown in progress - discarding request
02-25 10:57:58.969 D/dalvikvm(10942): Compiler shutdown in progress - discarding request
02-25 10:57:58.969 D/dalvikvm(10942): Compiler shutdown in progress - discarding request
02-25 10:57:59.629 D/AndroidRuntime(10953): 
02-25 10:57:59.629 D/AndroidRuntime(10953): >>>>>> AndroidRuntime START com.android.internal.os.RuntimeInit <<<<<<
02-25 10:57:59.629 D/AndroidRuntime(10953): CheckJNI is OFF
02-25 10:57:59.629 I/AndroidRuntime(10953): Kernel Release Version: 3.10.20-gf818079
02-25 10:57:59.629 I/dalvikvm(10953): No library specified. The standard exception handler will be used
02-25 10:57:59.629 I/dalvikvm(10953): 
02-25 10:57:59.629 I/dalvikvm(10953): +++++++++++++ Using PCG. +++++++++++++++++++++
02-25 10:57:59.639 D/dalvikvm(10953): Trying to load lib libjavacore.so 0x0
02-25 10:57:59.639 D/dalvikvm(10953): Added shared lib libjavacore.so 0x0
02-25 10:57:59.639 D/dalvikvm(10953): Trying to load lib libnativehelper.so 0x0
02-25 10:57:59.649 D/dalvikvm(10953): Added shared lib libnativehelper.so 0x0
02-25 10:57:59.649 D/dalvikvm(10953): No JNI_OnLoad found in libnativehelper.so 0x0, skipping init
02-25 10:57:59.649 D/dalvikvm(10953): Extra Options: not specified
02-25 10:57:59.659 D/dalvikvm(10953): Note: class Landroid/app/ActivityManagerNative; has 186 unimplemented (abstract) methods
02-25 10:57:59.739 E/memtrack(10953): Couldn't load memtrack module (No such file or directory)
02-25 10:57:59.739 E/android.os.Debug(10953): failed to load memtrack module: -2
02-25 10:57:59.769 D/AndroidRuntime(10953): Calling main entry com.android.commands.am.Am
02-25 10:57:59.799 D/AndroidRuntime(10953): Shutting down VM
02-25 10:57:59.799 D/dalvikvm(10953): GC_CONCURRENT freed 113K, 16% free 674K/800K, paused 1ms+0ms, total 2ms
02-25 10:57:59.799 I/ActivityManager(  506): START u0 {flg=0x10000000 cmp=org.xwalk.webapi_noneservice_tests/.webapi_noneservice_testsActivity} from pid 10953
02-25 10:57:59.809 D/dalvikvm(10953): Compiler shutdown in progress - discarding request
02-25 10:57:59.809 D/dalvikvm(10953): Compiler shutdown in progress - discarding request
02-25 10:57:59.809 D/dalvikvm(10953): Compiler shutdown in progress - discarding request
02-25 10:57:59.809 D/dalvikvm(10953): Compiler shutdown in progress - discarding request
02-25 10:57:59.809 D/dalvikvm(10953): Compiler shutdown in progress - discarding request
02-25 10:57:59.809 D/dalvikvm(10953): Compiler shutdown in progress - discarding request
02-25 10:57:59.809 D/dalvikvm(10953): Compiler shutdown in progress - discarding request
02-25 10:57:59.809 D/dalvikvm(10953): Compiler shutdown in progress - discarding request
02-25 10:57:59.809 D/dalvikvm(10953): Compiler shutdown in progress - discarding request
02-25 10:57:59.809 D/dalvikvm(10953): Compiler shutdown in progress - discarding request
02-25 10:57:59.809 D/dalvikvm(10953): Compiler shutdown in progress - discarding request
02-25 10:57:59.809 D/dalvikvm(10953): Compiler shutdown in progress - discarding request
02-25 10:57:59.809 D/dalvikvm(10953): Compiler shutdown in progress - discarding request
02-25 10:57:59.809 D/dalvikvm(10953): Compiler shutdown in progress - discarding request
02-25 10:57:59.809 D/dalvikvm(10953): Compiler shutdown in progress - discarding request
02-25 10:57:59.809 D/dalvikvm(10953): Compiler shutdown in progress - discarding request
02-25 10:57:59.809 D/dalvikvm(10953): Compiler shutdown in progress - discarding request
02-25 10:57:59.809 D/dalvikvm(10953): Compiler shutdown in progress - discarding request
02-25 10:57:59.809 D/dalvikvm(10953): Compiler shutdown in progress - discarding request
02-25 10:57:59.809 D/dalvikvm(10953): Compiler shutdown in progress - discarding request
02-25 10:57:59.809 D/dalvikvm(10953): Compiler shutdown in progress - discarding request
02-25 10:57:59.809 D/dalvikvm(10953): Compiler shutdown in progress - discarding request
02-25 10:57:59.809 D/dalvikvm(10953): Compiler shutdown in progress - discarding request
02-25 10:57:59.809 D/dalvikvm(10953): Compiler shutdown in progress - discarding request
02-25 10:57:59.809 D/dalvikvm(10953): Compiler shutdown in progress - discarding request
02-25 10:57:59.809 D/dalvikvm(10953): Compiler shutdown in progress - discarding request
02-25 10:57:59.809 D/dalvikvm(10953): Compiler shutdown in progress - discarding request
02-25 10:57:59.809 D/dalvikvm(10953): Compiler shutdown in progress - discarding request
02-25 10:57:59.809 D/dalvikvm(10953): Compiler shutdown in progress - discarding request
02-25 10:57:59.809 D/dalvikvm(10953): Compiler shutdown in progress - discarding request
02-25 10:57:59.809 D/dalvikvm(10953): Compiler shutdown in progress - discarding request
02-25 10:57:59.809 D/dalvikvm(10953): Compiler shutdown in progress - discarding request
02-25 10:57:59.809 D/dalvikvm(10953): Compiler shutdown in progress - discarding request
02-25 10:57:59.809 D/dalvikvm(10953): Compiler shutdown in progress - discarding request
02-25 10:57:59.809 D/dalvikvm(10953): Compiler shutdown in progress - discarding request
02-25 10:57:59.809 D/dalvikvm(10953): Compiler shutdown in progress - discarding request
02-25 10:57:59.809 D/dalvikvm(10953): Compiler shutdown in progress - discarding request
02-25 10:57:59.809 D/dalvikvm(10953): Compiler shutdown in progress - discarding request
02-25 10:57:59.809 D/dalvikvm(10953): Compiler shutdown in progress - discarding request
02-25 10:57:59.809 D/dalvikvm(10953): Compiler shutdown in progress - discarding request
02-25 10:57:59.809 D/dalvikvm(10953): Compiler shutdown in progress - discarding request
02-25 10:57:59.809 D/dalvikvm(10953): Compiler shutdown in progress - discarding request
02-25 10:57:59.809 D/dalvikvm(10953): Compiler shutdown in progress - discarding request
02-25 10:57:59.809 D/dalvikvm(10953): Compiler shutdown in progress - discarding request
02-25 10:57:59.809 D/dalvikvm(10953): Compiler shutdown in progress - discarding request
02-25 10:57:59.999 D/Clock   (  571): ACTION_TIME_TICK
02-25 10:57:59.999 D/Clock   (  571): update clock:上午10:58
02-25 10:58:00.079 D/BatteryStatsImpl(  506): noteStopWakeLocked system isFromForeground = false
02-25 10:58:00.409 D/AndroidRuntime(10965): 
02-25 10:58:00.409 D/AndroidRuntime(10965): >>>>>> AndroidRuntime START com.android.internal.os.RuntimeInit <<<<<<
02-25 10:58:00.409 D/AndroidRuntime(10965): CheckJNI is OFF
02-25 10:58:00.409 I/AndroidRuntime(10965): Kernel Release Version: 3.10.20-gf818079
02-25 10:58:00.409 I/dalvikvm(10965): No library specified. The standard exception handler will be used
02-25 10:58:00.409 I/dalvikvm(10965): 
02-25 10:58:00.409 I/dalvikvm(10965): +++++++++++++ Using PCG. +++++++++++++++++++++
02-25 10:58:00.419 D/dalvikvm(10965): Trying to load lib libjavacore.so 0x0
02-25 10:58:00.419 D/dalvikvm(10965): Added shared lib libjavacore.so 0x0
02-25 10:58:00.419 D/dalvikvm(10965): Trying to load lib libnativehelper.so 0x0
02-25 10:58:00.419 D/dalvikvm(10965): Added shared lib libnativehelper.so 0x0
02-25 10:58:00.419 D/dalvikvm(10965): No JNI_OnLoad found in libnativehelper.so 0x0, skipping init
02-25 10:58:00.429 D/dalvikvm(10965): Extra Options: not specified
02-25 10:58:00.439 D/dalvikvm(10965): Note: class Landroid/app/ActivityManagerNative; has 186 unimplemented (abstract) methods
02-25 10:58:00.519 E/memtrack(10965): Couldn't load memtrack module (No such file or directory)
02-25 10:58:00.519 E/android.os.Debug(10965): failed to load memtrack module: -2
02-25 10:58:00.549 D/AndroidRuntime(10965): Calling main entry com.android.commands.am.Am
02-25 10:58:00.579 I/ActivityManager(  506): START u0 {flg=0x10000000 cmp=org.xwalk.webapi_noneservice_tests/.webapi_noneservice_tests} from pid 10965
02-25 10:58:00.589 D/AndroidRuntime(10965): Shutting down VM
02-25 10:58:00.589 I/SecurityManagerService(  602): SMS received security event: App[START/org.xwalk.webapi_noneservice_tests]
02-25 10:58:00.589 V/WeatherTimeProvider( 1537): widget on Visibility Changed
02-25 10:58:00.589 D/dalvikvm(10976): Late-enabling CheckJNI
02-25 10:58:00.589 D/dalvikvm(10976): Try to disable coredump for pid 10976
02-25 10:58:00.589 D/dalvikvm(10976): Process 10976 nice name: org.xwalk.webapi_noneservice_tests
02-25 10:58:00.589 D/dalvikvm(10976): Extra Options: not specified
02-25 10:58:00.599 D/dalvikvm(10965): GC_CONCURRENT freed 114K, 16% free 701K/832K, paused 0ms+0ms, total 1ms
02-25 10:58:00.599 D/dalvikvm(10965): Compiler shutdown in progress - discarding request
02-25 10:58:00.599 D/dalvikvm(10965): Compiler shutdown in progress - discarding request
02-25 10:58:00.599 D/dalvikvm(10965): Compiler shutdown in progress - discarding request
02-25 10:58:00.599 D/dalvikvm(10965): Compiler shutdown in progress - discarding request
02-25 10:58:00.599 D/dalvikvm(10965): Compiler shutdown in progress - discarding request
02-25 10:58:00.599 D/dalvikvm(10965): Compiler shutdown in progress - discarding request
02-25 10:58:00.599 D/dalvikvm(10965): Compiler shutdown in progress - discarding request
02-25 10:58:00.599 D/dalvikvm(10965): Compiler shutdown in progress - discarding request
02-25 10:58:00.599 D/dalvikvm(10965): Compiler shutdown in progress - discarding request
02-25 10:58:00.599 D/dalvikvm(10965): Compiler shutdown in progress - discarding request
02-25 10:58:00.599 D/dalvikvm(10965): Compiler shutdown in progress - discarding request
02-25 10:58:00.599 D/dalvikvm(10965): Compiler shutdown in progress - discarding request
02-25 10:58:00.599 D/dalvikvm(10965): Compiler shutdown in progress - discarding request
02-25 10:58:00.599 D/dalvikvm(10965): Compiler shutdown in progress - discarding request
02-25 10:58:00.599 D/dalvikvm(10965): Compiler shutdown in progress - discarding request
02-25 10:58:00.599 D/dalvikvm(10965): Compiler shutdown in progress - discarding request
02-25 10:58:00.599 D/dalvikvm(10965): Compiler shutdown in progress - discarding request
02-25 10:58:00.599 D/dalvikvm(10965): Compiler shutdown in progress - discarding request
02-25 10:58:00.599 D/dalvikvm(10965): Compiler shutdown in progress - discarding request
02-25 10:58:00.599 D/dalvikvm(10965): Compiler shutdown in progress - discarding request
02-25 10:58:00.599 D/dalvikvm(10965): Compiler shutdown in progress - discarding request
02-25 10:58:00.599 D/dalvikvm(10965): Compiler shutdown in progress - discarding request
02-25 10:58:00.599 D/dalvikvm(10965): Compiler shutdown in progress - discarding request
02-25 10:58:00.599 D/dalvikvm(10965): Compiler shutdown in progress - discarding request
02-25 10:58:00.599 D/dalvikvm(10965): Compiler shutdown in progress - discarding request
02-25 10:58:00.599 D/dalvikvm(10965): Compiler shutdown in progress - discarding request
02-25 10:58:00.599 D/dalvikvm(10965): Compiler shutdown in progress - discarding request
02-25 10:58:00.599 D/dalvikvm(10965): Compiler shutdown in progress - discarding request
02-25 10:58:00.599 D/dalvikvm(10965): Compiler shutdown in progress - discarding request
02-25 10:58:00.599 D/dalvikvm(10965): Compiler shutdown in progress - discarding request
02-25 10:58:00.599 D/dalvikvm(10965): Compiler shutdown in progress - discarding request
02-25 10:58:00.599 D/dalvikvm(10965): Compiler shutdown in progress - discarding request
02-25 10:58:00.599 D/dalvikvm(10965): Compiler shutdown in progress - discarding request
02-25 10:58:00.599 D/dalvikvm(10965): Compiler shutdown in progress - discarding request
02-25 10:58:00.599 D/dalvikvm(10965): Compiler shutdown in progress - discarding request
02-25 10:58:00.599 D/dalvikvm(10965): Compiler shutdown in progress - discarding request
02-25 10:58:00.599 D/dalvikvm(10965): Compiler shutdown in progress - discarding request
02-25 10:58:00.599 D/dalvikvm(10965): Compiler shutdown in progress - discarding request
02-25 10:58:00.599 D/dalvikvm(10965): Compiler shutdown in progress - discarding request
02-25 10:58:00.599 D/dalvikvm(10965): Compiler shutdown in progress - discarding request
02-25 10:58:00.599 D/dalvikvm(10965): Compiler shutdown in progress - discarding request
02-25 10:58:00.599 D/dalvikvm(10965): Compiler shutdown in progress - discarding request
02-25 10:58:00.599 D/dalvikvm(10965): Compiler shutdown in progress - discarding request
02-25 10:58:00.599 D/dalvikvm(10965): Compiler shutdown in progress - discarding request
02-25 10:58:00.599 D/dalvikvm(10965): Compiler shutdown in progress - discarding request
02-25 10:58:00.599 I/ActivityManager(  506): Start proc org.xwalk.webapi_noneservice_tests for activity org.xwalk.webapi_noneservice_tests/.webapi_noneservice_tests: pid=10976 uid=10259 gids={50259, 3003, 1028, 1015}
02-25 10:58:00.609 D/WindowManager(  506): adjustConfigurationLw, config:{1.0 ?mcc?mnc ?locale ?layoutDir sw600dp w600dp h888dp 213dpi lrg port ?uimode ?night finger -keyb/v/h -nav/v} mLidState:1 mHasDockFeature:false mHasKeyboardFeature:false mHasHallSensorFeature:true config.hardKeyboardHidden:2
02-25 10:58:00.619 I/ActivityManager(  506): [TopPkgCurBat]	NowPkgName[org.xwalk.webapi_noneservice_tests]	Battery[100]	TimeTick[1424833080628]	OldPkgName[com.asus.launcher]
02-25 10:58:00.629 D/        (  702): Surface destroy: ANDROID_NATIVE_WINDOW_MAGIC
02-25 10:58:00.649 I/CordovaLog(10976): Changing log level to DEBUG(3)
02-25 10:58:00.649 D/CordovaActivity(10976): CordovaActivity.init()
02-25 10:58:00.649 D/dalvikvm(10976): Trying to load lib /data/app-lib/org.xwalk.webapi_noneservice_tests-1/libxwalkcore.so 0x43d82ba0
02-25 10:58:00.659 D/dalvikvm(10976): Added shared lib /data/app-lib/org.xwalk.webapi_noneservice_tests-1/libxwalkcore.so 0x43d82ba0
02-25 10:58:00.659 I/LibraryLoader(10976): Time to load native libraries: 10 ms (timestamps 4863-4873)
02-25 10:58:00.659 I/LibraryLoader(10976): Expected native library version number "",actual native library version number ""
02-25 10:58:00.679 I/LibraryLoader(10976): Expected native library version number "",actual native library version number ""
02-25 10:58:00.679 I/chromium(10976): [INFO:library_loader_hooks.cc(112)] Chromium logging enabled: level = 0, default verbosity = 0
02-25 10:58:00.689 I/BrowserStartupController(10976): Initializing chromium process, singleProcess=true
02-25 10:58:00.949 D/ImageWallpaper(  571): onVisibilityChanged: mVisible, visible=true, false
02-25 10:58:00.949 D/ImageWallpaper(  571): Visibility changed to visible=false
02-25 10:58:00.949 D/ImageWallpaper(  571): Suppressed drawFrame since redraw is not needed and offsets have not changed.
02-25 10:58:01.079 W/chromium(10976): [WARNING:dns_config_service_posix.cc(293)] Failed to read DnsConfig.
02-25 10:58:01.079 W/AudioManagerAndroid(10976): Requires BLUETOOTH permission
02-25 10:58:01.079 I/ufoGralloc(10976): Hello, this is UFO GRALLOC/Intel Corporation
02-25 10:58:01.089 D/        (10976): Pixel Format : GGL_PIXEL_FORMAT_RGBA_8888
02-25 10:58:01.089 D/        (10976): droid_create_context : config id = 1 conf->NativeVisualID=1
02-25 10:58:01.089 D/        (10976): Pixel Format : GGL_PIXEL_FORMAT_RGBA_8888
02-25 10:58:01.089 I/        (10976): Requested context : GLES 2.0
02-25 10:58:01.109 W/chromium(10976): [WARNING:proxy_service.cc(899)] PAC support disabled because there is no system implementation
02-25 10:58:01.119 W/dalvikvm(10976): VFY: unable to find class referenced in signature (Landroid/view/inputmethod/CursorAnchorInfo;)
02-25 10:58:01.119 I/dalvikvm(10976): Could not find method android.view.inputmethod.InputMethodManager.updateCursorAnchorInfo, referenced from method org.chromium.content.browser.input.InputMethodManagerWrapper.updateCursorAnchorInfo
02-25 10:58:01.119 W/dalvikvm(10976): VFY: unable to resolve virtual method 1368: Landroid/view/inputmethod/InputMethodManager;.updateCursorAnchorInfo (Landroid/view/View;Landroid/view/inputmethod/CursorAnchorInfo;)V
02-25 10:58:01.119 D/dalvikvm(10976): VFY: replacing opcode 0x6e at 0x000a
02-25 10:58:01.169 E/cutils  (  163): Failed to mkdirat(/Removable/MicroSD): Read-only file system
02-25 10:58:01.169 W/ContextImpl(10976): Failed to ensure directory: /Removable/MicroSD/Android/data/org.xwalk.webapi_noneservice_tests/cache
02-25 10:58:01.169 W/Vold    (  163): Returning OperationFailed - no handler for errno 30
02-25 10:58:01.169 D/CordovaActivity(10976): CordovaActivity.createViews()
02-25 10:58:01.179 E/chromium(10976): [ERROR:unix_domain_server_socket_posix.cc(106)] Not implemented reached in virtual int net::UnixDomainServerSocket::GetLocalAddress(net::IPEndPoint*) const
02-25 10:58:01.179 D/CordovaWebView(10976): >>> loadUrl(file:///android_asset/www/index.html)
02-25 10:58:01.179 D/PluginManager(10976): init()
02-25 10:58:01.179 E/cutils  (  163): Failed to mkdirat(/Removable/MicroSD): Read-only file system
02-25 10:58:01.179 W/Vold    (  163): Returning OperationFailed - no handler for errno 30
02-25 10:58:01.189 W/ContextImpl(10976): Failed to ensure directory: /Removable/MicroSD/Android/data/org.xwalk.webapi_noneservice_tests/files
02-25 10:58:01.189 E/cutils  (  163): Failed to mkdirat(/Removable/MicroSD): Read-only file system
02-25 10:58:01.189 W/ContextImpl(10976): Failed to ensure directory: /Removable/MicroSD/Android/data/org.xwalk.webapi_noneservice_tests/cache
02-25 10:58:01.189 D/CordovaWebView(10976): >>> loadUrlNow()
02-25 10:58:01.189 I/dalvikvm(10976): Could not find method android.app.Activity.finishAndRemoveTask, referenced from method org.chromium.base.ApiCompatibilityUtils.finishAndRemoveTask
02-25 10:58:01.189 W/dalvikvm(10976): VFY: unable to resolve virtual method 6: Landroid/app/Activity;.finishAndRemoveTask ()V
02-25 10:58:01.189 D/dalvikvm(10976): VFY: replacing opcode 0x6e at 0x0006
02-25 10:58:01.189 I/dalvikvm(10976): Could not find method android.os.PowerManager.isInteractive, referenced from method org.chromium.base.ApiCompatibilityUtils.isInteractive
02-25 10:58:01.189 W/dalvikvm(10976): VFY: unable to resolve virtual method 874: Landroid/os/PowerManager;.isInteractive ()Z
02-25 10:58:01.189 D/dalvikvm(10976): VFY: replacing opcode 0x6e at 0x000e
02-25 10:58:01.189 I/dalvikvm(10976): Could not find method android.view.Window.getNavigationBarColor, referenced from method org.chromium.base.ApiCompatibilityUtils.setStatusBarColor
02-25 10:58:01.189 W/dalvikvm(10976): VFY: unable to resolve virtual method 1268: Landroid/view/Window;.getNavigationBarColor ()I
02-25 10:58:01.189 D/dalvikvm(10976): VFY: replacing opcode 0x6e at 0x0010
02-25 10:58:01.189 I/dalvikvm(10976): Could not find method android.view.Window.setStatusBarColor, referenced from method org.chromium.base.ApiCompatibilityUtils.setStatusBarColor
02-25 10:58:01.189 W/dalvikvm(10976): VFY: unable to resolve virtual method 1274: Landroid/view/Window;.setStatusBarColor (I)V
02-25 10:58:01.189 D/dalvikvm(10976): VFY: replacing opcode 0x6e at 0x0019
02-25 10:58:01.189 E/dalvikvm(10976): Could not find class 'android.app.ActivityManager$TaskDescription', referenced from method org.chromium.base.ApiCompatibilityUtils.setTaskDescription
02-25 10:58:01.189 W/dalvikvm(10976): VFY: unable to resolve new-instance 13 (Landroid/app/ActivityManager$TaskDescription;) in Lorg/chromium/base/ApiCompatibilityUtils;
02-25 10:58:01.189 D/dalvikvm(10976): VFY: replacing opcode 0x22 at 0x0006
02-25 10:58:01.189 D/dalvikvm(10976): DexOpt: unable to opt direct call 0x002f at 0x08 in Lorg/chromium/base/ApiCompatibilityUtils;.setTaskDescription
02-25 10:58:01.189 W/Vold    (  163): Returning OperationFailed - no handler for errno 30
02-25 10:58:01.199 I/chromium(10976): [INFO:xwalk_extension_renderer_controller.cc(47)] EXTENSION PROCESS DISABLED.
02-25 10:58:01.199 D/CordovaActivity(10976): Resuming the App
02-25 10:58:01.219 D/SoftKeyboardDetect(10976): Ignore this event
02-25 10:58:01.229 D/        (10976): droid_create_context : config id = 5 conf->NativeVisualID=1
02-25 10:58:01.229 D/        (10976): Pixel Format : GGL_PIXEL_FORMAT_RGBA_8888
02-25 10:58:01.229 I/        (10976): Requested context : GLES 2.0
02-25 10:58:01.239 D/        (10976): Pixel Format : GGL_PIXEL_FORMAT_RGBA_8888
02-25 10:58:01.239 D/        (10976): droid_create_context : config id = 1 conf->NativeVisualID=1
02-25 10:58:01.239 D/        (10976): Pixel Format : GGL_PIXEL_FORMAT_RGBA_8888
02-25 10:58:01.239 I/        (10976): Requested context : GLES 2.0
02-25 10:58:01.249 D/        (10976): Pixel Format : GGL_PIXEL_FORMAT_RGBA_8888
02-25 10:58:01.249 D/OpenGLRenderer(10976): Enabling debug mode 0
02-25 10:58:01.259 D/XT9IME  (  731): new subtype :zh_CN ,pinyin
02-25 10:58:01.259 W/BindingManager(10976): Cannot call determinedVisibility() - never saw a connection for the pid: 10976
02-25 10:58:01.269 D/SoftKeyboardDetect(10976): Ignore this event
02-25 10:58:01.289 D/CordovaActivity(10976): onMessage(onPageStarted,file:///android_asset/www/index.html)
02-25 10:58:01.289 D/BatteryStatsImpl(  506): noteStopWakeLocked system isFromForeground = false
02-25 10:58:01.299 I/ActivityManager(  506): Displayed org.xwalk.webapi_noneservice_tests/.webapi_noneservice_tests: +710ms
02-25 10:58:01.329 D/CordovaActivity(10976): onMessage(onPageFinished,file:///android_asset/www/index.html)
02-25 10:58:02.329 D/CordovaActivity(10976): onMessage(onPageStarted,file:///android_asset/www/index_real.html?testprefix=./)
02-25 10:58:02.399 W/BindingManager(10976): Cannot call determinedVisibility() - never saw a connection for the pid: 10976
02-25 10:58:02.599 I/chromium(10976): [INFO:CONSOLE(0)] "Synchronous XMLHttpRequest on the main thread is deprecated because of its detrimental effects to the end user's experience. For more help, check http://xhr.spec.whatwg.org/.", source:  (0)
02-25 10:58:02.649 D/CordovaActivity(10976): onMessage(onPageFinished,file:///android_asset/www/index_real.html?testprefix=./)
02-25 10:58:03.329 D/CordovaActivity(10976): onMessage(spinner,stop)
02-25 10:58:03.349 D/        (10976): Pixel Format : GGL_PIXEL_FORMAT_RGBA_8888
02-25 10:58:03.349 D/        (10976): droid_create_context : config id = 1 conf->NativeVisualID=1
02-25 10:58:03.349 D/        (10976): Pixel Format : GGL_PIXEL_FORMAT_RGBA_8888
02-25 10:58:03.349 I/        (10976): Requested context : GLES 2.0
02-25 10:58:03.379 D/        (10976): Swap interval set to = 1 value
02-25 10:58:03.449 D/        (10976): Pixel Format : GGL_PIXEL_FORMAT_RGBA_8888
02-25 10:58:03.449 D/        (10976): droid_create_context : config id = 1 conf->NativeVisualID=1
02-25 10:58:03.449 D/        (10976): Pixel Format : GGL_PIXEL_FORMAT_RGBA_8888
02-25 10:58:03.449 I/        (10976): Requested context : GLES 2.0
02-25 10:58:04.459 W/BindingManager(10976): Cannot call determinedVisibility() - never saw a connection for the pid: 10976
02-25 10:58:04.649 D/CordovaActivity(10976): onMessage(spinner,stop)
02-25 10:58:05.149 W/BindingManager(10976): Cannot call determinedVisibility() - never saw a connection for the pid: 10976
02-25 10:58:05.819 W/BindingManager(10976): Cannot call determinedVisibility() - never saw a connection for the pid: 10976
02-25 10:58:06.459 W/BindingManager(10976): Cannot call determinedVisibility() - never saw a connection for the pid: 10976
02-25 10:58:07.099 W/BindingManager(10976): Cannot call determinedVisibility() - never saw a connection for the pid: 10976
02-25 10:58:07.729 W/BindingManager(10976): Cannot call determinedVisibility() - never saw a connection for the pid: 10976
02-25 10:58:08.409 W/BindingManager(10976): Cannot call determinedVisibility() - never saw a connection for the pid: 10976
02-25 10:58:09.099 W/BindingManager(10976): Cannot call determinedVisibility() - never saw a connection for the pid: 10976
02-25 10:58:09.429 D/EVENT_THREAD(  186): void CEventThread::run() POLLIN event on Fd (1)
02-25 10:58:09.429 D/EVENT_THREAD(  186): void CEventThread::run() Do poll with timeout: -1
02-25 10:58:09.429 I/upi_ug31xx(  166): (502) update_capacity
02-25 10:58:09.429 I/[UPI]   (  166): <UG31/E>[UpiReadCapacity]: V=4241(4242), T=310(311-372), I=-218, C=-1(-1-0)
02-25 10:58:09.429 I/[UPI]   (  166): <UG31/E>[UpiReadCapacity]: (0x0080095a) 3907 (3874) / 3926 (4025) = 100
02-25 10:58:09.429 I/[UPI]   (  166): <UG31/E>[UpiReadCapacity]: (0x0080095a) 3907 (3874) / 3926 (4025) = 100
02-25 10:58:09.429 I/[UPI]   (  166): <UG31/E>[UpiReadCapacity]: (0x0080095a) 3906 (3906) / 3926 (4025) = 99
02-25 10:58:09.429 I/[UPI]   (  166): <UG31/E>[RsocFilterCountTime]: (0x0080095a) Step=0(30340), Full=35(4233094), Lock=30340(1800000)
02-25 10:58:09.429 I/[UPI]   (  166): <UG31/E>[UpiReadCapacity]: (0x0080095a) 3907 (3906) / 3926 (4025) = 100 (-218--218)
02-25 10:58:09.429 I/[UPI]   (  166): <UG31/E><BATT> M:normal, P:100(100-99)%, V:4241mV, C:-297mA, T:31.1C(372), S:0x0080095a(100), R:3907mAh, F:3926mAh, Q:-113mAh, CC:3, P:30.340(111-0)s, BO:7, 97:615:0-44af-9m:B001-20140514-144301 (1)
02-25 10:58:09.429 D/EVENT_THREAD(  186): void CEventThread::run() POLLIN event on Fd (1)
02-25 10:58:09.429 D/EVENT_THREAD(  186): void CEventThread::run() Do poll with timeout: -1
02-25 10:58:09.489 I/upi_ug31xx(  166): (503) backup_data 
02-25 10:58:09.489 V/upi_ug31xx(  166): state->check_backup_count = 8
02-25 10:58:09.759 W/BindingManager(10976): Cannot call determinedVisibility() - never saw a connection for the pid: 10976
02-25 10:58:10.429 W/BindingManager(10976): Cannot call determinedVisibility() - never saw a connection for the pid: 10976
02-25 10:58:11.079 W/BindingManager(10976): Cannot call determinedVisibility() - never saw a connection for the pid: 10976
02-25 10:58:11.709 W/BindingManager(10976): Cannot call determinedVisibility() - never saw a connection for the pid: 10976
02-25 10:58:12.349 W/BindingManager(10976): Cannot call determinedVisibility() - never saw a connection for the pid: 10976
02-25 10:58:13.029 W/BindingManager(10976): Cannot call determinedVisibility() - never saw a connection for the pid: 10976
02-25 10:58:13.679 W/BindingManager(10976): Cannot call determinedVisibility() - never saw a connection for the pid: 10976
02-25 10:58:14.359 W/BindingManager(10976): Cannot call determinedVisibility() - never saw a connection for the pid: 10976
02-25 10:58:15.029 W/BindingManager(10976): Cannot call determinedVisibility() - never saw a connection for the pid: 10976
02-25 10:58:15.689 W/BindingManager(10976): Cannot call determinedVisibility() - never saw a connection for the pid: 10976
02-25 10:58:16.359 W/BindingManager(10976): Cannot call determinedVisibility() - never saw a connection for the pid: 10976
02-25 10:58:16.979 W/BindingManager(10976): Cannot call determinedVisibility() - never saw a connection for the pid: 10976
02-25 10:58:17.659 W/BindingManager(10976): Cannot call determinedVisibility() - never saw a connection for the pid: 10976
02-25 10:58:18.359 W/BindingManager(10976): Cannot call determinedVisibility() - never saw a connection for the pid: 10976
02-25 10:58:18.999 W/BindingManager(10976): Cannot call determinedVisibility() - never saw a connection for the pid: 10976
02-25 10:58:19.639 W/BindingManager(10976): Cannot call determinedVisibility() - never saw a connection for the pid: 10976
02-25 10:58:20.309 W/BindingManager(10976): Cannot call determinedVisibility() - never saw a connection for the pid: 10976
02-25 10:58:20.979 W/BindingManager(10976): Cannot call determinedVisibility() - never saw a connection for the pid: 10976
02-25 10:58:21.649 W/BindingManager(10976): Cannot call determinedVisibility() - never saw a connection for the pid: 10976
02-25 10:58:22.299 W/BindingManager(10976): Cannot call determinedVisibility() - never saw a connection for the pid: 10976
02-25 10:58:22.979 W/BindingManager(10976): Cannot call determinedVisibility() - never saw a connection for the pid: 10976
02-25 10:58:23.609 W/BindingManager(10976): Cannot call determinedVisibility() - never saw a connection for the pid: 10976
02-25 10:58:24.239 W/BindingManager(10976): Cannot call determinedVisibility() - never saw a connection for the pid: 10976
02-25 10:58:24.919 W/BindingManager(10976): Cannot call determinedVisibility() - never saw a connection for the pid: 10976
02-25 10:58:25.579 W/BindingManager(10976): Cannot call determinedVisibility() - never saw a connection for the pid: 10976
02-25 10:58:26.249 W/BindingManager(10976): Cannot call determinedVisibility() - never saw a connection for the pid: 10976
02-25 10:58:26.939 W/BindingManager(10976): Cannot call determinedVisibility() - never saw a connection for the pid: 10976
02-25 10:58:27.609 W/BindingManager(10976): Cannot call determinedVisibility() - never saw a connection for the pid: 10976
02-25 10:58:28.299 W/BindingManager(10976): Cannot call determinedVisibility() - never saw a connection for the pid: 10976
02-25 10:58:28.779 D/wpa_supplicant(  694): wlan0: Starting AP scan for wildcard SSID
02-25 10:58:28.779 D/wpa_supplicant(  694): WPS: Building WPS IE for Probe Request
02-25 10:58:28.779 D/wpa_supplicant(  694): WPS:  * Version (hardcoded 0x10)
02-25 10:58:28.779 D/wpa_supplicant(  694): WPS:  * Request Type
02-25 10:58:28.779 D/wpa_supplicant(  694): WPS:  * Config Methods (4288)
02-25 10:58:28.779 D/wpa_supplicant(  694): WPS:  * UUID-E
02-25 10:58:28.779 D/wpa_supplicant(  694): WPS:  * Primary Device Type
02-25 10:58:28.779 D/wpa_supplicant(  694): WPS:  * RF Bands (1)
02-25 10:58:28.779 D/wpa_supplicant(  694): WPS:  * Association State
02-25 10:58:28.779 D/wpa_supplicant(  694): WPS:  * Configuration Error (0)
02-25 10:58:28.779 D/wpa_supplicant(  694): WPS:  * Device Password ID (0)
02-25 10:58:28.779 D/wpa_supplicant(  694): WPS:  * Manufacturer
02-25 10:58:28.779 D/wpa_supplicant(  694): WPS:  * Model Name
02-25 10:58:28.779 D/wpa_supplicant(  694): WPS:  * Model Number
02-25 10:58:28.779 D/wpa_supplicant(  694): WPS:  * Device Name
02-25 10:58:28.779 D/wpa_supplicant(  694): WPS:  * Version2 (0x20)
02-25 10:58:28.779 D/wpa_supplicant(  694): P2P: * P2P IE header
02-25 10:58:28.779 D/wpa_supplicant(  694): P2P: * Capability dev=25 group=00
02-25 10:58:28.779 D/wpa_supplicant(  694): P2P: * Listen Channel: Regulatory Class 81 Channel 6
02-25 10:58:28.779 D/wpa_supplicant(  694): wlan0: nl80211: scan request
02-25 10:58:28.879 D/wpa_supplicant(  694): Scan requested (ret=0) - scan timeout 30 seconds
02-25 10:58:28.879 D/wpa_supplicant(  694): nl80211: Drv Event 33 (NL80211_CMD_TRIGGER_SCAN) received for wlan0
02-25 10:58:28.879 D/wpa_supplicant(  694): wlan0: nl80211: Scan trigger
02-25 10:58:29.009 W/BindingManager(10976): Cannot call determinedVisibility() - never saw a connection for the pid: 10976
02-25 10:58:29.709 W/BindingManager(10976): Cannot call determinedVisibility() - never saw a connection for the pid: 10976
02-25 10:58:29.999 D/wpa_supplicant(  694): nl80211: Drv Event 34 (NL80211_CMD_NEW_SCAN_RESULTS) received for wlan0
02-25 10:58:29.999 D/wpa_supplicant(  694): wlan0: nl80211: New scan results available
02-25 10:58:29.999 D/wpa_supplicant(  694): wlan0: Event SCAN_RESULTS (3) received
02-25 10:58:29.999 D/wpa_supplicant(  694): nl80211: Received scan results (20 BSSes)
02-25 10:58:29.999 D/wpa_supplicant(  694): nl80211: Survey data missing
02-25 10:58:29.999 D/wpa_supplicant(  694): wlan0: BSS: Start scan result update 105
02-25 10:58:29.999 D/wpa_supplicant(  694): wlan0: BSS: Add new id 141 BSSID cc:b2:55:e2:84:70 SSID 'DLINK_APK'
02-25 10:58:29.999 D/wpa_supplicant(  694): CTRL_IFACE monitor send - hexdump(len=39): 2f 64 61 74 61 2f 6d 69 73 63 2f 77 69 66 69 2f 73 6f 63 6b 65 74 73 2f 77 70 61 5f 63 74 72 6c ...
02-25 10:58:29.999 D/wpa_supplicant(  694): wlan0: BSS: Add new id 142 BSSID e4:d3:32:c0:cf:a4 SSID 'fast'
02-25 10:58:29.999 D/wpa_supplicant(  694): CTRL_IFACE monitor send - hexdump(len=39): 2f 64 61 74 61 2f 6d 69 73 63 2f 77 69 66 69 2f 73 6f 63 6b 65 74 73 2f 77 70 61 5f 63 74 72 6c ...
02-25 10:58:29.999 D/wpa_supplicant(  694): wlan0: BSS: Add new id 143 BSSID 02:09:4c:d9:8b:51 SSID 'DIRECT-'
02-25 10:58:29.999 D/wpa_supplicant(  694): CTRL_IFACE monitor send - hexdump(len=39): 2f 64 61 74 61 2f 6d 69 73 63 2f 77 69 66 69 2f 73 6f 63 6b 65 74 73 2f 77 70 61 5f 63 74 72 6c ...
02-25 10:58:29.999 D/wpa_supplicant(  694): wlan0: BSS: Add new id 144 BSSID e4:d3:32:dd:18:62 SSID 'Internet'
02-25 10:58:29.999 D/wpa_supplicant(  694): CTRL_IFACE monitor send - hexdump(len=39): 2f 64 61 74 61 2f 6d 69 73 63 2f 77 69 66 69 2f 73 6f 63 6b 65 74 73 2f 77 70 61 5f 63 74 72 6c ...
02-25 10:58:29.999 D/wpa_supplicant(  694): BSS: last_scan_res_used=20/32 last_scan_full=0
02-25 10:58:29.999 D/wpa_supplicant(  694): wlan0: New scan results available
02-25 10:58:29.999 D/wpa_supplicant(  694): CTRL_IFACE monitor send - hexdump(len=39): 2f 64 61 74 61 2f 6d 69 73 63 2f 77 69 66 69 2f 73 6f 63 6b 65 74 73 2f 77 70 61 5f 63 74 72 6c ...
02-25 10:58:29.999 D/wpa_supplicant(  694): CTRL_IFACE monitor send - hexdump(len=39): 2f 64 61 74 61 2f 6d 69 73 63 2f 77 69 66 69 2f 73 6f 63 6b 65 74 73 2f 77 70 61 5f 63 74 72 6c ...
02-25 10:58:29.999 D/wpa_supplicant(  694): Authorize channel 1
02-25 10:58:29.999 D/wpa_supplicant(  694): Authorize channel 2
02-25 10:58:29.999 D/wpa_supplicant(  694): Authorize channel 3
02-25 10:58:29.999 D/wpa_supplicant(  694): Authorize channel 4
02-25 10:58:29.999 D/wpa_supplicant(  694): Authorize channel 5
02-25 10:58:29.999 D/wpa_supplicant(  694): Authorize channel 6
02-25 10:58:29.999 D/wpa_supplicant(  694): Authorize channel 7
02-25 10:58:29.999 D/wpa_supplicant(  694): Authorize channel 8
02-25 10:58:29.999 D/wpa_supplicant(  694): Authorize channel 9
02-25 10:58:29.999 D/wpa_supplicant(  694): Authorize channel 10
02-25 10:58:29.999 D/wpa_supplicant(  694): Authorize channel 11
02-25 10:58:29.999 D/wpa_supplicant(  694): Authorize channel 12
02-25 10:58:29.999 D/wpa_supplicant(  694): Authorize channel 13
02-25 10:58:29.999 D/wpa_supplicant(  694): Authorize channel 1
02-25 10:58:29.999 D/wpa_supplicant(  694): Authorize channel 2
02-25 10:58:29.999 D/wpa_supplicant(  694): Authorize channel 3
02-25 10:58:29.999 D/wpa_supplicant(  694): Authorize channel 4
02-25 10:58:29.999 D/wpa_supplicant(  694): Authorize channel 5
02-25 10:58:29.999 D/wpa_supplicant(  694): Authorize channel 6
02-25 10:58:29.999 D/wpa_supplicant(  694): Authorize channel 7
02-25 10:58:29.999 D/wpa_supplicant(  694): Authorize channel 8
02-25 10:58:29.999 D/wpa_supplicant(  694): Authorize channel 9
02-25 10:58:29.999 D/wpa_supplicant(  694): Authorize channel 10
02-25 10:58:29.999 D/wpa_supplicant(  694): Authorize channel 11
02-25 10:58:29.999 D/wpa_supplicant(  694): Authorize channel 12
02-25 10:58:29.999 D/wpa_supplicant(  694): Authorize channel 13
02-25 10:58:29.999 D/wpa_supplicant(  694): Add access point on channel 6
02-25 10:58:29.999 D/wpa_supplicant(  694): Add access point on channel 6
02-25 10:58:29.999 D/wpa_supplicant(  694): Add access point on channel 1
02-25 10:58:29.999 D/wpa_supplicant(  694): Add access point on channel 11
02-25 10:58:29.999 D/wpa_supplicant(  694): Add access point on channel 3
02-25 10:58:29.999 D/wpa_supplicant(  694): Add access point on channel 1
02-25 10:58:29.999 D/wpa_supplicant(  694): Add access point on channel 1
02-25 10:58:29.999 D/wpa_supplicant(  694): Add access point on channel 9
02-25 10:58:29.999 D/wpa_supplicant(  694): Add access point on channel 6
02-25 10:58:29.999 D/wpa_supplicant(  694): Add access point on channel 6
02-25 10:58:29.999 D/wpa_supplicant(  694): Add access point on channel 11
02-25 10:58:29.999 D/wpa_supplicant(  694): Add access point on channel 11
02-25 10:58:29.999 I/WifiHW  (  506): EVENT: IFNAME=wlan0 CTRL-EVENT-BSS-ADDED 141 cc:b2:55:e2:84:70
02-25 10:58:29.999 D/wpa_supplicant(  694): Add access point on channel 6
02-25 10:58:29.999 D/wpa_supplicant(  694): Add access point on channel 6
02-25 10:58:29.999 D/wpa_supplicant(  694): Add access point on channel 2
02-25 10:58:29.999 D/wpa_supplicant(  694): Add access point on channel 11
02-25 10:58:29.999 D/wpa_supplicant(  694): Add access point on channel 6
02-25 10:58:29.999 D/wpa_supplicant(  694): Add access point on channel 8
02-25 10:58:29.999 D/wpa_supplicant(  694): Add access point on channel 6
02-25 10:58:29.999 D/wpa_supplicant(  694): Add access point on channel 1
02-25 10:58:29.999 D/wpa_supplicant(  694): Add access point on channel 6
02-25 10:58:29.999 D/wpa_supplicant(  694): Best Operating channel is = 11
02-25 10:58:29.999 I/WifiHW  (  506): EVENT: IFNAME=wlan0 CTRL-EVENT-BSS-ADDED 142 e4:d3:32:c0:cf:a4
02-25 10:58:29.999 D/wpa_supplicant(  694): WPS: AP[0] f8:d1:11:e7:99:e8 type=0 tries=0 last_attempt=-1 sec ago blacklist=0
02-25 10:58:29.999 D/wpa_supplicant(  694): WPS: AP[1] cc:34:29:2c:fb:ec type=0 tries=0 last_attempt=-1 sec ago blacklist=0
02-25 10:58:29.999 I/WifiHW  (  506): EVENT: IFNAME=wlan0 CTRL-EVENT-BSS-ADDED 143 02:09:4c:d9:8b:51
02-25 10:58:29.999 I/WifiHW  (  506): EVENT: IFNAME=wlan0 CTRL-EVENT-BSS-ADDED 144 e4:d3:32:dd:18:62
02-25 10:58:29.999 I/WifiHW  (  506): EVENT: IFNAME=wlan0 CTRL-EVENT-SCAN-RESULTS 
02-25 10:58:29.999 I/WifiHW  (  506): EVENT: IFNAME=wlan0 WPS-AP-AVAILABLE 
02-25 10:58:29.999 D/wpa_supplicant(  694): WPS: AP[2] cc:34:29:2b:26:4c type=0 tries=0 last_attempt=-1 sec ago blacklist=0
02-25 10:58:29.999 D/wpa_supplicant(  694): WPS: AP[3] b0:48:7a:51:ff:cc type=0 tries=0 last_attempt=-1 sec ago blacklist=0
02-25 10:58:29.999 D/wpa_supplicant(  694): WPS: AP[4] c0:a0:bb:20:3b:84 type=0 tries=0 last_attempt=-1 sec ago blacklist=0
02-25 10:58:29.999 D/wpa_supplicant(  694): WPS: AP[5] 2c:b0:5d:7f:f4:24 type=0 tries=0 last_attempt=-1 sec ago blacklist=0
02-25 10:58:29.999 D/wpa_supplicant(  694): WPS: AP[6] 9c:21:6a:0d:eb:72 type=0 tries=0 last_attempt=-1 sec ago blacklist=0
02-25 10:58:29.999 D/wpa_supplicant(  694): WPS: AP[7] c8:d7:19:60:62:f2 type=0 tries=0 last_attempt=-1 sec ago blacklist=0
02-25 10:58:29.999 D/wpa_supplicant(  694): WPS: AP[8] 44:94:fc:3d:da:38 type=0 tries=0 last_attempt=-1 sec ago blacklist=0
02-25 10:58:29.999 D/wpa_supplicant(  694): WPS: AP[9] 10:c3:7b:d2:e5:e0 type=0 tries=0 last_attempt=-1 sec ago blacklist=0
02-25 10:58:29.999 D/wpa_supplicant(  694): wlan0: Selecting BSS from priority group 19
02-25 10:58:29.999 D/wpa_supplicant(  694): wlan0: 0: f8:d1:11:e7:99:e8 ssid='videotest' wpa_ie_len=22 rsn_ie_len=20 caps=0x531 level=-41 wps
02-25 10:58:29.999 D/wpa_supplicant(  694): wlan0:    skip - SSID mismatch
02-25 10:58:29.999 D/wpa_supplicant(  694): wlan0: 1: c8:d7:19:60:62:f2 ssid='E3000-2.4G' wpa_ie_len=0 rsn_ie_len=20 caps=0x411 level=-44 wps
02-25 10:58:29.999 D/wpa_supplicant(  694): wlan0:    skip - SSID mismatch
02-25 10:58:29.999 D/wpa_supplicant(  694): wlan0: 2: 02:1a:11:ff:f7:0a ssid='io1' wpa_ie_len=0 rsn_ie_len=20 caps=0x431 level=-51
02-25 10:58:29.999 D/wpa_supplicant(  694): wlan0:    skip - SSID mismatch
02-25 10:58:29.999 D/wpa_supplicant(  694): wlan0: 3: cc:34:29:2b:26:4c ssid='cws-test' wpa_ie_len=0 rsn_ie_len=20 caps=0x431 level=-57 wps
02-25 10:58:29.999 D/wpa_supplicant(  694): wlan0:    skip - SSID mismatch
02-25 10:58:29.999 D/wpa_supplicant(  694): wlan0: 4: 10:c3:7b:d2:e5:e0 ssid='ASUS_RT-AC66U-2.4G' wpa_ie_len=0 rsn_ie_len=20 caps=0x411 level=-57 wps
02-25 10:58:29.999 D/wpa_supplicant(  694): wlan0:    skip - SSID mismatch
02-25 10:58:29.999 D/wpa_supplicant(  694): wlan0: 5: 98:fc:11:81:35:fb ssid='E2000EE' wpa_ie_len=0 rsn_ie_len=20 caps=0x411 level=-60
02-25 10:58:29.999 D/wpa_supplicant(  694): wlan0:    skip - SSID mismatch
02-25 10:58:29.999 D/wpa_supplicant(  694): wlan0: 6: b0:48:7a:51:ff:cc ssid='Neusoft TP' wpa_ie_len=22 rsn_ie_len=20 caps=0x431 level=-61 wps
02-25 10:58:29.999 D/wpa_supplicant(  694): wlan0:    skip - SSID mismatch
02-25 10:58:29.999 D/wpa_supplicant(  694): wlan0: 7: 44:94:fc:3d:da:38 ssid='6300' wpa_ie_len=0 rsn_ie_len=20 caps=0x411 level=-64 wps
02-25 10:58:29.999 D/wpa_supplicant(  694): wlan0:    skip - SSID mismatch
02-25 10:58:29.999 D/wpa_supplicant(  694): wlan0: 8: cc:b2:55:e2:84:70 ssid='DLINK_APK' wpa_ie_len=22 rsn_ie_len=20 caps=0x411 level=-66
02-25 10:58:29.999 D/wpa_supplicant(  694): wlan0:    skip - SSID mismatch
02-25 10:58:29.999 D/wpa_supplicant(  694): wlan0: 9: cc:34:29:2c:fb:ec ssid='linksys' wpa_ie_len=22 rsn_ie_len=20 caps=0x431 level=-66 wps
02-25 10:58:29.999 D/wpa_supplicant(  694): wlan0:    skip - SSID mismatch
02-25 10:58:29.999 D/wpa_supplicant(  694): wlan0: 10: c4:17:fe:3f:4f:fb ssid='cmcm' wpa_ie_len=0 rsn_ie_len=20 caps=0x511 level=-66
02-25 10:58:29.999 D/wpa_supplicant(  694): wlan0:    skip - SSID mismatch
02-25 10:58:29.999 D/wpa_supplicant(  694): wlan0: 11: 22:48:9a:ac:31:5b ssid='dean1' wpa_ie_len=0 rsn_ie_len=20 caps=0x431 level=-70
02-25 10:58:29.999 D/wpa_supplicant(  694): wlan0:    skip - SSID mismatch
02-25 10:58:29.999 D/wpa_supplicant(  694): wlan0: 12: e4:d3:32:c0:cf:a4 ssid='fast' wpa_ie_len=0 rsn_ie_len=20 caps=0x411 level=-72
02-25 10:58:29.999 D/wpa_supplicant(  694): wlan0:    skip - SSID mismatch
02-25 10:58:29.999 D/wpa_supplicant(  694): wlan0: 13: 80:1f:02:43:fb:e8 ssid='Edimax AP' wpa_ie_len=0 rsn_ie_len=20 caps=0x411 level=-72
02-25 10:58:29.999 D/wpa_supplicant(  694): wlan0:    skip - SSID mismatch
02-25 10:58:29.999 D/wpa_supplicant(  694): wlan0: 14: c0:a0:bb:20:3b:84 ssid='dlink-3B84' wpa_ie_len=26 rsn_ie_len=24 caps=0x411 level=-75 wps
02-25 10:58:29.999 D/wpa_supplicant(  694): wlan0:    skip - SSID mismatch
02-25 10:58:29.999 D/wpa_supplicant(  694): wlan0: 15: 00:0f:e2:0f:9f:c1 ssid='321_WAN' wpa_ie_len=28 rsn_ie_len=24 caps=0x411 level=-76
02-25 10:58:29.999 D/wpa_supplicant(  694): wlan0:    skip - SSID mismatch
02-25 10:58:29.999 D/wpa_supplicant(  694): wlan0: 16: 90:94:e4:03:45:f5 ssid='DAP-2553_D' wpa_ie_len=0 rsn_ie_len=24 caps=0x431 level=-88
02-25 10:58:29.999 D/wpa_supplicant(  694): wlan0:    skip - SSID mismatch
02-25 10:58:29.999 D/wpa_supplicant(  694): wlan0: 17: 02:09:4c:d9:8b:51 ssid='DIRECT-' wpa_ie_len=0 rsn_ie_len=0 caps=0x410 level=-67
02-25 10:58:29.999 D/wpa_supplicant(  694): wlan0:    skip - SSID mismatch
02-25 10:58:29.999 D/wpa_supplicant(  694): wlan0: 18: 50:bd:5f:4b:29:92 ssid='Internet-2' wpa_ie_len=0 rsn_ie_len=0 caps=0x421 level=-63
02-25 10:58:29.999 D/wpa_supplicant(  694): wlan0:    skip - SSID mismatch
02-25 10:58:29.999 D/wpa_supplicant(  694): wlan0: 19: e4:d3:32:dd:18:62 ssid='Internet' wpa_ie_len=0 rsn_ie_len=0 caps=0x421 level=-77
02-25 10:58:29.999 D/wpa_supplicant(  694): wlan0:    skip - SSID mismatch
02-25 10:58:29.999 D/wpa_supplicant(  694): wlan0: Selecting BSS from priority group 18
02-25 10:58:29.999 D/wpa_supplicant(  694): wlan0: 0: f8:d1:11:e7:99:e8 ssid='videotest' wpa_ie_len=22 rsn_ie_len=20 caps=0x531 level=-41 wps
02-25 10:58:29.999 D/wpa_supplicant(  694): wlan0:    skip - SSID mismatch
02-25 10:58:29.999 D/wpa_supplicant(  694): wlan0: 1: c8:d7:19:60:62:f2 ssid='E3000-2.4G' wpa_ie_len=0 rsn_ie_len=20 caps=0x411 level=-44 wps
02-25 10:58:29.999 D/wpa_supplicant(  694): wlan0:    skip - SSID mismatch
02-25 10:58:29.999 D/wpa_supplicant(  694): wlan0: 2: 02:1a:11:ff:f7:0a ssid='io1' wpa_ie_len=0 rsn_ie_len=20 caps=0x431 level=-51
02-25 10:58:29.999 D/wpa_supplicant(  694): wlan0:    skip - SSID mismatch
02-25 10:58:29.999 D/wpa_supplicant(  694): wlan0: 3: cc:34:29:2b:26:4c ssid='cws-test' wpa_ie_len=0 rsn_ie_len=20 caps=0x431 level=-57 wps
02-25 10:58:29.999 D/wpa_supplicant(  694): wlan0:    skip - SSID mismatch
02-25 10:58:29.999 D/wpa_supplicant(  694): wlan0: 4: 10:c3:7b:d2:e5:e0 ssid='ASUS_RT-AC66U-2.4G' wpa_ie_len=0 rsn_ie_len=20 caps=0x411 level=-57 wps
02-25 10:58:29.999 D/wpa_supplicant(  694): wlan0:    skip - SSID mismatch
02-25 10:58:29.999 D/wpa_supplicant(  694): wlan0: 5: 98:fc:11:81:35:fb ssid='E2000EE' wpa_ie_len=0 rsn_ie_len=20 caps=0x411 level=-60
02-25 10:58:29.999 D/wpa_supplicant(  694): wlan0:    skip - SSID mismatch
02-25 10:58:29.999 D/wpa_supplicant(  694): wlan0: 6: b0:48:7a:51:ff:cc ssid='Neusoft TP' wpa_ie_len=22 rsn_ie_len=20 caps=0x431 level=-61 wps
02-25 10:58:29.999 D/wpa_supplicant(  694): wlan0:    skip - SSID mismatch
02-25 10:58:29.999 D/wpa_supplicant(  694): wlan0: 7: 44:94:fc:3d:da:38 ssid='6300' wpa_ie_len=0 rsn_ie_len=20 caps=0x411 level=-64 wps
02-25 10:58:29.999 D/wpa_supplicant(  694): wlan0:    skip - SSID mismatch
02-25 10:58:29.999 D/wpa_supplicant(  694): wlan0: 8: cc:b2:55:e2:84:70 ssid='DLINK_APK' wpa_ie_len=22 rsn_ie_len=20 caps=0x411 level=-66
02-25 10:58:29.999 D/wpa_supplicant(  694): wlan0:    skip - SSID mismatch
02-25 10:58:29.999 D/wpa_supplicant(  694): wlan0: 9: cc:34:29:2c:fb:ec ssid='linksys' wpa_ie_len=22 rsn_ie_len=20 caps=0x431 level=-66 wps
02-25 10:58:29.999 D/wpa_supplicant(  694): wlan0:    skip - SSID mismatch
02-25 10:58:29.999 D/wpa_supplicant(  694): wlan0: 10: c4:17:fe:3f:4f:fb ssid='cmcm' wpa_ie_len=0 rsn_ie_len=20 caps=0x511 level=-66
