02-25 10:55:03.769 D/wpa_supplicant(  694): wlan0:    skip - SSID mismatch
02-25 10:55:03.769 D/wpa_supplicant(  694): wlan0: 3: cc:34:29:2b:26:4c ssid='cws-test' wpa_ie_len=0 rsn_ie_len=20 caps=0x431 level=-54 wps
02-25 10:55:03.769 D/wpa_supplicant(  694): wlan0:    skip - SSID mismatch
02-25 10:55:03.769 D/wpa_supplicant(  694): wlan0: 4: 10:c3:7b:d2:e5:e0 ssid='ASUS_RT-AC66U-2.4G' wpa_ie_len=0 rsn_ie_len=20 caps=0x411 level=-57 wps
02-25 10:55:03.769 D/wpa_supplicant(  694): wlan0:    skip - SSID mismatch
02-25 10:55:03.769 D/wpa_supplicant(  694): wlan0: 5: 90:94:e4:03:45:f5 ssid='DAP-2553_D' wpa_ie_len=0 rsn_ie_len=24 caps=0x431 level=-57
02-25 10:55:03.769 D/wpa_supplicant(  694): wlan0:    skip - SSID mismatch
02-25 10:55:03.769 D/wpa_supplicant(  694): wlan0: 6: b0:48:7a:51:ff:cc ssid='Neusoft TP' wpa_ie_len=22 rsn_ie_len=20 caps=0x431 level=-60 wps
02-25 10:55:03.769 D/wpa_supplicant(  694): wlan0:    skip - SSID mismatch
02-25 10:55:03.769 D/wpa_supplicant(  694): wlan0: 7: 98:fc:11:81:35:fb ssid='E2000EE' wpa_ie_len=0 rsn_ie_len=20 caps=0x411 level=-63
02-25 10:55:03.769 D/wpa_supplicant(  694): wlan0:    skip - SSID mismatch
02-25 10:55:03.769 D/wpa_supplicant(  694): wlan0: 8: cc:34:29:2c:fb:ec ssid='linksys' wpa_ie_len=22 rsn_ie_len=20 caps=0x431 level=-65 wps
02-25 10:55:03.769 D/wpa_supplicant(  694): wlan0:    skip - SSID mismatch
02-25 10:55:03.769 D/wpa_supplicant(  694): wlan0: 9: 44:94:fc:3d:da:38 ssid='6300' wpa_ie_len=0 rsn_ie_len=20 caps=0x411 level=-66 wps
02-25 10:55:03.769 D/wpa_supplicant(  694): wlan0:    skip - SSID mismatch
02-25 10:55:03.769 D/wpa_supplicant(  694): wlan0: 10: e4:d3:32:c0:cf:a4 ssid='fast' wpa_ie_len=0 rsn_ie_len=20 caps=0x411 level=-66
02-25 10:55:03.769 D/wpa_supplicant(  694): wlan0:    skip - SSID mismatch
02-25 10:55:03.769 D/wpa_supplicant(  694): wlan0: 11: c4:17:fe:3f:4f:fb ssid='cmcm' wpa_ie_len=0 rsn_ie_len=20 caps=0x511 level=-67
02-25 10:55:03.769 D/wpa_supplicant(  694): wlan0:    skip - SSID mismatch
02-25 10:55:03.769 D/wpa_supplicant(  694): wlan0: 12: 22:48:9a:ac:31:5b ssid='dean1' wpa_ie_len=0 rsn_ie_len=20 caps=0x431 level=-68
02-25 10:55:03.769 D/wpa_supplicant(  694): wlan0:    skip - SSID mismatch
02-25 10:55:03.769 D/wpa_supplicant(  694): wlan0: 13: 80:1f:02:43:fb:e8 ssid='Edimax AP' wpa_ie_len=0 rsn_ie_len=20 caps=0x411 level=-68
02-25 10:55:03.769 D/wpa_supplicant(  694): wlan0:    skip - SSID mismatch
02-25 10:55:03.769 D/wpa_supplicant(  694): wlan0: 14: c0:a0:bb:20:3b:84 ssid='dlink-3B84' wpa_ie_len=26 rsn_ie_len=24 caps=0x411 level=-72 wps
02-25 10:55:03.769 D/wpa_supplicant(  694): wlan0:    skip - SSID mismatch
02-25 10:55:03.769 D/wpa_supplicant(  694): wlan0: 15: 02:1a:11:f9:f0:51 ssid='AndroidSystem' wpa_ie_len=0 rsn_ie_len=20 caps=0x511 level=-73
02-25 10:55:03.769 D/wpa_supplicant(  694): wlan0:    skip - SSID mismatch
02-25 10:55:03.769 D/wpa_supplicant(  694): wlan0: 16: 00:0f:e2:0f:9f:c1 ssid='321_WAN' wpa_ie_len=28 rsn_ie_len=24 caps=0x411 level=-84
02-25 10:55:03.769 D/wpa_supplicant(  694): wlan0:    skip - SSID mismatch
02-25 10:55:03.769 D/wpa_supplicant(  694): wlan0: 17: 50:bd:5f:4b:29:92 ssid='Internet-2' wpa_ie_len=0 rsn_ie_len=0 caps=0x421 level=-64
02-25 10:55:03.769 D/wpa_supplicant(  694): wlan0:    skip - SSID mismatch
02-25 10:55:03.769 D/wpa_supplicant(  694): wlan0: 18: 00:25:86:5c:5e:30 ssid='internet' wpa_ie_len=0 rsn_ie_len=0 caps=0x421 level=-80
02-25 10:55:03.769 D/wpa_supplicant(  694): wlan0:    skip - SSID mismatch
02-25 10:55:03.769 D/wpa_supplicant(  694): wlan0: Selecting BSS from priority group 4
02-25 10:55:03.769 D/wpa_supplicant(  694): wlan0: 0: f8:d1:11:e7:99:e8 ssid='videotest' wpa_ie_len=22 rsn_ie_len=20 caps=0x531 level=-41 wps
02-25 10:55:03.769 D/wpa_supplicant(  694): wlan0:    skip - SSID mismatch
02-25 10:55:03.769 D/wpa_supplicant(  694): wlan0: 1: c8:d7:19:60:62:f2 ssid='E3000-2.4G' wpa_ie_len=0 rsn_ie_len=20 caps=0x411 level=-48 wps
02-25 10:55:03.769 D/wpa_supplicant(  694): wlan0:    skip - SSID mismatch
02-25 10:55:03.769 D/wpa_supplicant(  694): wlan0: 2: 02:1a:11:ff:f7:0a ssid='io1' wpa_ie_len=0 rsn_ie_len=20 caps=0x431 level=-51
02-25 10:55:03.769 D/wpa_supplicant(  694): wlan0:    skip - SSID mismatch
02-25 10:55:03.769 D/wpa_supplicant(  694): wlan0: 3: cc:34:29:2b:26:4c ssid='cws-test' wpa_ie_len=0 rsn_ie_len=20 caps=0x431 level=-54 wps
02-25 10:55:03.769 D/wpa_supplicant(  694): wlan0:    skip - SSID mismatch
02-25 10:55:03.769 D/wpa_supplicant(  694): wlan0: 4: 10:c3:7b:d2:e5:e0 ssid='ASUS_RT-AC66U-2.4G' wpa_ie_len=0 rsn_ie_len=20 caps=0x411 level=-57 wps
02-25 10:55:03.769 D/wpa_supplicant(  694): wlan0:    skip - SSID mismatch
02-25 10:55:03.769 D/wpa_supplicant(  694): wlan0: 5: 90:94:e4:03:45:f5 ssid='DAP-2553_D' wpa_ie_len=0 rsn_ie_len=24 caps=0x431 level=-57
02-25 10:55:03.769 D/wpa_supplicant(  694): wlan0:    skip - SSID mismatch
02-25 10:55:03.769 D/wpa_supplicant(  694): wlan0: 6: b0:48:7a:51:ff:cc ssid='Neusoft TP' wpa_ie_len=22 rsn_ie_len=20 caps=0x431 level=-60 wps
02-25 10:55:03.769 D/wpa_supplicant(  694): wlan0:    skip - SSID mismatch
02-25 10:55:03.769 D/wpa_supplicant(  694): wlan0: 7: 98:fc:11:81:35:fb ssid='E2000EE' wpa_ie_len=0 rsn_ie_len=20 caps=0x411 level=-63
02-25 10:55:03.769 D/wpa_supplicant(  694): wlan0:    skip - SSID mismatch
02-25 10:55:03.769 D/wpa_supplicant(  694): wlan0: 8: cc:34:29:2c:fb:ec ssid='linksys' wpa_ie_len=22 rsn_ie_len=20 caps=0x431 level=-65 wps
02-25 10:55:03.769 D/wpa_supplicant(  694): wlan0:    skip - SSID mismatch
02-25 10:55:03.769 D/wpa_supplicant(  694): wlan0: 9: 44:94:fc:3d:da:38 ssid='6300' wpa_ie_len=0 rsn_ie_len=20 caps=0x411 level=-66 wps
02-25 10:55:03.769 D/wpa_supplicant(  694): wlan0:    skip - SSID mismatch
02-25 10:55:03.769 D/wpa_supplicant(  694): wlan0: 10: e4:d3:32:c0:cf:a4 ssid='fast' wpa_ie_len=0 rsn_ie_len=20 caps=0x411 level=-66
02-25 10:55:03.769 D/wpa_supplicant(  694): wlan0:    skip - SSID mismatch
02-25 10:55:03.769 D/wpa_supplicant(  694): wlan0: 11: c4:17:fe:3f:4f:fb ssid='cmcm' wpa_ie_len=0 rsn_ie_len=20 caps=0x511 level=-67
02-25 10:55:03.769 D/wpa_supplicant(  694): wlan0:    skip - SSID mismatch
02-25 10:55:03.769 D/wpa_supplicant(  694): wlan0: 12: 22:48:9a:ac:31:5b ssid='dean1' wpa_ie_len=0 rsn_ie_len=20 caps=0x431 level=-68
02-25 10:55:03.769 D/wpa_supplicant(  694): wlan0:    skip - SSID mismatch
02-25 10:55:03.769 D/wpa_supplicant(  694): wlan0: 13: 80:1f:02:43:fb:e8 ssid='Edimax AP' wpa_ie_len=0 rsn_ie_len=20 caps=0x411 level=-68
02-25 10:55:03.769 D/wpa_supplicant(  694): wlan0:    skip - SSID mismatch
02-25 10:55:03.769 D/wpa_supplicant(  694): wlan0: 14: c0:a0:bb:20:3b:84 ssid='dlink-3B84' wpa_ie_len=26 rsn_ie_len=24 caps=0x411 level=-72 wps
02-25 10:55:03.769 D/wpa_supplicant(  694): wlan0:    skip - SSID mismatch
02-25 10:55:03.769 D/wpa_supplicant(  694): wlan0: 15: 02:1a:11:f9:f0:51 ssid='AndroidSystem' wpa_ie_len=0 rsn_ie_len=20 caps=0x511 level=-73
02-25 10:55:03.769 D/wpa_supplicant(  694): wlan0:    skip - SSID mismatch
02-25 10:55:03.769 D/wpa_supplicant(  694): wlan0: 16: 00:0f:e2:0f:9f:c1 ssid='321_WAN' wpa_ie_len=28 rsn_ie_len=24 caps=0x411 level=-84
02-25 10:55:03.769 D/wpa_supplicant(  694): wlan0:    skip - SSID mismatch
02-25 10:55:03.769 D/wpa_supplicant(  694): wlan0: 17: 50:bd:5f:4b:29:92 ssid='Internet-2' wpa_ie_len=0 rsn_ie_len=0 caps=0x421 level=-64
02-25 10:55:03.769 D/wpa_supplicant(  694): wlan0:    skip - SSID mismatch
02-25 10:55:03.769 D/wpa_supplicant(  694): wlan0: 18: 00:25:86:5c:5e:30 ssid='internet' wpa_ie_len=0 rsn_ie_len=0 caps=0x421 level=-80
02-25 10:55:03.769 D/wpa_supplicant(  694): wlan0:    skip - SSID mismatch
02-25 10:55:03.769 D/wpa_supplicant(  694): wlan0: No suitable network found
02-25 10:55:03.769 D/wpa_supplicant(  694): wlan0: Setting scan request: 40 sec 0 usec
02-25 10:55:03.769 D/wpa_supplicant(  694): wlan0: Checking for other virtual interfaces sharing same radio (phy0) in event_scan_results
02-25 10:55:03.769 D/wpa_supplicant(  694): p2p-dev-wlan0: Updating scan results from sibling
02-25 10:55:03.769 D/wpa_supplicant(  694): nl80211: Received scan results (19 BSSes)
02-25 10:55:03.769 D/wpa_supplicant(  694): nl80211: Survey data missing
02-25 10:55:03.769 D/wpa_supplicant(  694): p2p-dev-wlan0: BSS: Start scan result update 100
02-25 10:55:03.769 D/wpa_supplicant(  694): BSS: No P2P IE - skipping BSS f8:d1:11:e7:99:e8 update for P2P interface
02-25 10:55:03.769 D/wpa_supplicant(  694): BSS: No P2P IE - skipping BSS c8:d7:19:60:62:f2 update for P2P interface
02-25 10:55:03.769 D/wpa_supplicant(  694): BSS: No P2P IE - skipping BSS 02:1a:11:ff:f7:0a update for P2P interface
02-25 10:55:03.769 D/wpa_supplicant(  694): BSS: No P2P IE - skipping BSS cc:34:29:2b:26:4c update for P2P interface
02-25 10:55:03.769 D/wpa_supplicant(  694): BSS: No P2P IE - skipping BSS 10:c3:7b:d2:e5:e0 update for P2P interface
02-25 10:55:03.769 D/wpa_supplicant(  694): BSS: No P2P IE - skipping BSS 90:94:e4:03:45:f5 update for P2P interface
02-25 10:55:03.769 D/wpa_supplicant(  694): BSS: No P2P IE - skipping BSS b0:48:7a:51:ff:cc update for P2P interface
02-25 10:55:03.769 D/wpa_supplicant(  694): BSS: No P2P IE - skipping BSS 98:fc:11:81:35:fb update for P2P interface
02-25 10:55:03.769 D/wpa_supplicant(  694): BSS: No P2P IE - skipping BSS cc:34:29:2c:fb:ec update for P2P interface
02-25 10:55:03.769 D/wpa_supplicant(  694): BSS: No P2P IE - skipping BSS 44:94:fc:3d:da:38 update for P2P interface
02-25 10:55:03.769 D/wpa_supplicant(  694): BSS: No P2P IE - skipping BSS e4:d3:32:c0:cf:a4 update for P2P interface
02-25 10:55:03.769 D/wpa_supplicant(  694): BSS: No P2P IE - skipping BSS c4:17:fe:3f:4f:fb update for P2P interface
02-25 10:55:03.769 D/wpa_supplicant(  694): BSS: No P2P IE - skipping BSS 22:48:9a:ac:31:5b update for P2P interface
02-25 10:55:03.769 D/wpa_supplicant(  694): BSS: No P2P IE - skipping BSS 80:1f:02:43:fb:e8 update for P2P interface
02-25 10:55:03.769 D/wpa_supplicant(  694): BSS: No P2P IE - skipping BSS c0:a0:bb:20:3b:84 update for P2P interface
02-25 10:55:03.769 D/wpa_supplicant(  694): BSS: No P2P IE - skipping BSS 02:1a:11:f9:f0:51 update for P2P interface
02-25 10:55:03.769 D/wpa_supplicant(  694): BSS: No P2P IE - skipping BSS 00:0f:e2:0f:9f:c1 update for P2P interface
02-25 10:55:03.769 D/wpa_supplicant(  694): BSS: No P2P IE - skipping BSS 50:bd:5f:4b:29:92 update for P2P interface
02-25 10:55:03.769 D/wpa_supplicant(  694): BSS: No P2P IE - skipping BSS 00:25:86:5c:5e:30 update for P2P interface
02-25 10:55:03.769 D/wpa_supplicant(  694): BSS: last_scan_res_used=0/0 last_scan_full=0
02-25 10:55:03.769 D/wpa_supplicant(  694): p2p-dev-wlan0: New scan results available
02-25 10:55:03.769 D/wpa_supplicant(  694): CTRL_IFACE monitor send - hexdump(len=39): 2f 64 61 74 61 2f 6d 69 73 63 2f 77 69 66 69 2f 73 6f 63 6b 65 74 73 2f 77 70 61 5f 63 74 72 6c ...
02-25 10:55:03.769 I/WifiHW  (  506): EVENT: IFNAME=p2p-dev-wlan0 CTRL-EVENT-SCAN-RESULTS 
02-25 10:55:03.779 D/wpa_supplicant(  694): WPS: AP[0] f8:d1:11:e7:99:e8 type=0 tries=0 last_attempt=-1 sec ago blacklist=0
02-25 10:55:03.779 D/wpa_supplicant(  694): WPS: AP[1] cc:34:29:2c:fb:ec type=0 tries=0 last_attempt=-1 sec ago blacklist=0
02-25 10:55:03.779 D/wpa_supplicant(  694): WPS: AP[2] cc:34:29:2b:26:4c type=0 tries=0 last_attempt=-1 sec ago blacklist=0
02-25 10:55:03.779 D/wpa_supplicant(  694): WPS: AP[3] b0:48:7a:51:ff:cc type=0 tries=0 last_attempt=-1 sec ago blacklist=0
02-25 10:55:03.779 D/wpa_supplicant(  694): WPS: AP[4] c0:a0:bb:20:3b:84 type=0 tries=0 last_attempt=-1 sec ago blacklist=0
02-25 10:55:03.779 D/wpa_supplicant(  694): WPS: AP[5] 2c:b0:5d:7f:f4:24 type=0 tries=0 last_attempt=-1 sec ago blacklist=0
02-25 10:55:03.779 D/wpa_supplicant(  694): WPS: AP[6] 9c:21:6a:0d:eb:72 type=0 tries=0 last_attempt=-1 sec ago blacklist=0
02-25 10:55:03.779 D/wpa_supplicant(  694): WPS: AP[7] c8:d7:19:60:62:f2 type=0 tries=0 last_attempt=-1 sec ago blacklist=0
02-25 10:55:03.779 D/wpa_supplicant(  694): WPS: AP[8] 44:94:fc:3d:da:38 type=0 tries=0 last_attempt=-1 sec ago blacklist=0
02-25 10:55:03.779 D/wpa_supplicant(  694): WPS: AP[9] 10:c3:7b:d2:e5:e0 type=0 tries=0 last_attempt=-1 sec ago blacklist=0
02-25 10:55:03.779 D/wpa_supplicant(  694): p2p-dev-wlan0: No suitable network found
02-25 10:55:03.779 D/wpa_supplicant(  694): p2p-dev-wlan0: Short-circuit new scan request since there are no enabled networks
02-25 10:55:03.779 D/wpa_supplicant(  694): p2p-dev-wlan0: State: INACTIVE -> INACTIVE
02-25 10:55:03.779 D/wpa_supplicant(  694): wlan0: P2P: Station mode scan operation not pending anymore (sta_scan_pending=0 p2p_cb_on_scan_complete=0)
02-25 10:55:03.779 D/wpa_supplicant(  694): RX ctrl_iface - hexdump(len=25): 42 53 53 20 52 41 4e 47 45 3d 30 2d 20 4d 41 53 4b 3d 30 78 32 31 39 38 37
02-25 10:55:03.779 D/wpa_supplicant(  694): wlan0: Control interface command 'BSS RANGE=0- MASK=0x21987'
02-25 10:55:03.779 I/WifiHW  (  506): REPLY: id=0
02-25 10:55:03.779 I/WifiHW  (  506): REPLY: bssid=f8:d1:11:e7:99:e8
02-25 10:55:03.779 I/WifiHW  (  506): REPLY: freq=2437
02-25 10:55:03.779 I/WifiHW  (  506): REPLY: level=-41
02-25 10:55:03.779 D/wpa_supplicant(  694): RTM_NEWLINK: operstate=0 ifi_flags=0x11003 ([UP][LOWER_UP])
02-25 10:55:03.779 I/WifiHW  (  506): REPLY: tsf=0000004077973216
02-25 10:55:03.779 I/WifiHW  (  506): REPLY: flags=[WPA-PSK-CCMP][WPA2-PSK-CCMP][WPS][ESS]
02-25 10:55:03.779 I/WifiHW  (  506): REPLY: ssid=videotest
02-25 10:55:03.779 I/WifiHW  (  506): REPLY: ====
02-25 10:55:03.779 I/WifiHW  (  506): REPLY: id=1
02-25 10:55:03.779 I/WifiHW  (  506): REPLY: bssid=02:1a:11:ff:f7:0a
02-25 10:55:03.779 I/WifiHW  (  506): REPLY: freq=2437
02-25 10:55:03.779 I/WifiHW  (  506): REPLY: level=-51
02-25 10:55:03.779 I/WifiHW  (  506): REPLY: tsf=0000004077973207
02-25 10:55:03.779 I/WifiHW  (  506): REPLY: flags=[WPA2-PSK-CCMP][ESS]
02-25 10:55:03.779 I/WifiHW  (  506): REPLY: ssid=io1
02-25 10:55:03.779 I/WifiHW  (  506): REPLY: ====
02-25 10:55:03.779 I/WifiHW  (  506): REPLY: id=2
02-25 10:55:03.779 I/WifiHW  (  506): REPLY: bssid=cc:34:29:2c:fb:ec
02-25 10:55:03.779 I/WifiHW  (  506): REPLY: freq=2412
02-25 10:55:03.779 I/WifiHW  (  506): REPLY: level=-65
02-25 10:55:03.779 I/WifiHW  (  506): REPLY: tsf=0000004077973160
02-25 10:55:03.779 I/WifiHW  (  506): REPLY: flags=[WPA-PSK-CCMP][WPA2-PSK-CCMP][WPS][ESS]
02-25 10:55:03.779 I/WifiHW  (  506): REPLY: ssid=linksys
02-25 10:55:03.779 I/WifiHW  (  506): REPLY: ====
02-25 10:55:03.779 I/WifiHW  (  506): REPLY: id=3
02-25 10:55:03.779 I/WifiHW  (  506): REPLY: bssid=cc:34:29:2b:26:4c
02-25 10:55:03.779 I/WifiHW  (  506): REPLY: freq=2462
02-25 10:55:03.779 I/WifiHW  (  506): REPLY: level=-54
02-25 10:55:03.779 I/WifiHW  (  506): REPLY: tsf=0000004077973302
02-25 10:55:03.779 I/WifiHW  (  506): REPLY: flags=[WPA2-PSK-CCMP][WPS][ESS]
02-25 10:55:03.779 I/WifiHW  (  506): REPLY: ssid=cws-test
02-25 10:55:03.779 I/WifiHW  (  506): REPLY: ====
02-25 10:55:03.779 I/WifiHW  (  506): REPLY: id=4
02-25 10:55:03.779 I/WifiHW  (  506): REPLY: bssid=90:94:e4:03:45:f5
02-25 10:55:03.779 I/WifiHW  (  506): REPLY: freq=2422
02-25 10:55:03.779 I/WifiHW  (  506): REPLY: level=-57
02-25 10:55:03.779 I/WifiHW  (  506): REPLY: tsf=0000004077973177
02-25 10:55:03.779 I/WifiHW  (  506): REPLY: flags=[WPA2-PSK-CCMP+TKIP][ESS]
02-25 10:55:03.779 I/WifiHW  (  506): REPLY: ssid=DAP-2553_D
02-25 10:55:03.779 I/WifiHW  (  506): REPLY: ====
02-25 10:55:03.779 I/WifiHW  (  506): REPLY: id=5
02-25 10:55:03.779 I/WifiHW  (  506): REPLY: bssid=98:fc:11:81:35:fb
02-25 10:55:03.779 I/WifiHW  (  506): REPLY: freq=2412
02-25 10:55:03.779 I/WifiHW  (  506): REPLY: level=-63
02-25 10:55:03.779 I/WifiHW  (  506): REPLY: tsf=0000004077973151
02-25 10:55:03.779 I/WifiHW  (  506): REPLY: flags=[WPA2-EAP-CCMP-preauth][ESS]
02-25 10:55:03.779 I/WifiHW  (  506): REPLY: ssid=E2000EE
02-25 10:55:03.779 I/WifiHW  (  506): REPLY: ====
02-25 10:55:03.779 I/WifiHW  (  506): REPLY: id=6
02-25 10:55:03.779 I/WifiHW  (  506): REPLY: bssid=80:1f:02:43:fb:e8
02-25 10:55:03.779 I/WifiHW  (  506): REPLY: freq=2412
02-25 10:55:03.779 I/WifiHW  (  506): REPLY: level=-68
02-25 10:55:03.779 I/WifiHW  (  506): REPLY: tsf=0000004077973169
02-25 10:55:03.779 I/WifiHW  (  506): REPLY: flags=[WPA2-PSK-CCMP-preauth][ESS]
02-25 10:55:03.779 I/WifiHW  (  506): REPLY: ssid=Edimax AP
02-25 10:55:03.779 I/WifiHW  (  506): REPLY: ====
02-25 10:55:03.779 I/WifiHW  (  506): REPLY: id=8
02-25 10:55:03.779 I/WifiHW  (  506): REPLY: bssid=b0:48:7a:51:ff:cc
02-25 10:55:03.779 I/WifiHW  (  506): REPLY: freq=2452
02-25 10:55:03.779 I/WifiHW  (  506): REPLY: level=-60
02-25 10:55:03.779 I/WifiHW  (  506): REPLY: tsf=0000004077973283
02-25 10:55:03.779 D/wpa_supplicant(  694): RTM_NEWLINK, IFLA_IFNAME: Interface 'wlan0' added
02-25 10:55:03.779 I/WifiHW  (  506): REPLY: flags=[WPA-PSK-CCMP][WPA2-PSK-CCMP][WPS][ESS]
02-25 10:55:03.779 I/WifiHW  (  506): REPLY: ssid=Neusoft TP
02-25 10:55:03.779 I/WifiHW  (  506): REPLY: ====
02-25 10:55:03.779 I/WifiHW  (  506): REPLY: id=17
02-25 10:55:03.779 I/WifiHW  (  506): REPLY: bssid=50:bd:5f:4b:29:92
02-25 10:55:03.779 I/WifiHW  (  506): REPLY: freq=2437
02-25 10:55:03.779 I/WifiHW  (  506): REPLY: level=-64
02-25 10:55:03.779 I/WifiHW  (  506): REPLY: tsf=0000004077973257
02-25 10:55:03.779 I/WifiHW  (  506): REPLY: flags=[ESS]
02-25 10:55:03.779 I/WifiHW  (  506): REPLY: ssid=Internet-2
02-25 10:55:03.779 I/WifiHW  (  506): REPLY: ====
02-25 10:55:03.779 I/WifiHW  (  506): REPLY: id=29
02-25 10:55:03.779 I/WifiHW  (  506): REPLY: bssid=c8:d7:19:60:62:f2
02-25 10:55:03.779 I/WifiHW  (  506): REPLY: freq=2437
02-25 10:55:03.779 I/WifiHW  (  506): REPLY: level=-48
02-25 10:55:03.779 I/WifiHW  (  506): REPLY: tsf=0000004077973199
02-25 10:55:03.779 I/WifiHW  (  506): REPLY: flags=[WPA2-PSK-CCMP][WPS][ESS]
02-25 10:55:03.779 I/WifiHW  (  506): REPLY: ssid=E3000-2.4G
02-25 10:55:03.779 I/WifiHW  (  506): REPLY: ====
02-25 10:55:03.779 I/WifiHW  (  506): REPLY: id=31
02-25 10:55:03.779 I/WifiHW  (  506): REPLY: bssid=44:94:fc:3d:da:38
02-25 10:55:03.779 I/WifiHW  (  506): REPLY: freq=2462
02-25 10:55:03.779 I/WifiHW  (  506): REPLY: level=-66
02-25 10:55:03.779 I/WifiHW  (  506): REPLY: tsf=0000004077973311
02-25 10:55:03.779 I/WifiHW  (  506): REPLY: flags=[WPA2-EAP-CCMP-preauth][WPS][ESS]
02-25 10:55:03.779 I/WifiHW  (  506): REPLY: ssid=6300
02-25 10:55:03.779 I/WifiHW  (  506): REPLY: ====
02-25 10:55:03.779 I/WifiHW  (  506): REPLY: id=32
02-25 10:55:03.779 I/WifiHW  (  506): REPLY: bssid=10:c3:7b:d2:e5:e0
02-25 10:55:03.779 I/WifiHW  (  506): REPLY: freq=2462
02-25 10:55:03.779 I/WifiHW  (  506): REPLY: level=-57
02-25 10:55:03.779 I/WifiHW  (  506): REPLY: tsf=0000004077973292
02-25 10:55:03.779 D/wpa_supplicant(  694): nl80211: if_removed already cleared - ignore event
02-25 10:55:03.779 I/WifiHW  (  506): REPLY: flags=[WPA2-PSK-CCMP][WPS][ESS]
02-25 10:55:03.779 I/WifiHW  (  506): REPLY: ssid=ASUS_RT-AC66U-2.4G
02-25 10:55:03.779 I/WifiHW  (  506): REPLY: ====
02-25 10:55:03.779 I/WifiHW  (  506): REPLY: id=59
02-25 10:55:03.779 I/WifiHW  (  506): REPLY: bssid=e4:d3:32:c0:cf:a4
02-25 10:55:03.779 I/WifiHW  (  506): REPLY: freq=2437
02-25 10:55:03.779 I/WifiHW  (  506): REPLY: level=-66
02-25 10:55:03.779 I/WifiHW  (  506): REPLY: tsf=0000004077973274
02-25 10:55:03.779 I/WifiHW  (  506): REPLY: flags=[WPA2-PSK-CCMP][ESS]
02-25 10:55:03.779 I/WifiHW  (  506): REPLY: ssid=fast
02-25 10:55:03.779 I/WifiHW  (  506): REPLY: ====
02-25 10:55:03.779 I/WifiHW  (  506): REPLY: id=80
02-25 10:55:03.779 I/WifiHW  (  506): REPLY: bssid=c4:17:fe:3f:4f:fb
02-25 10:55:03.779 I/WifiHW  (  506): REPLY: freq=2437
02-25 10:55:03.779 I/WifiHW  (  506): REPLY: level=-67
02-25 10:55:03.779 I/WifiHW  (  506): REPLY: tsf=0000004077973248
02-25 10:55:03.779 I/WifiHW  (  506): REPLY: flags=[WPA2-PSK-CCMP][ESS]
02-25 10:55:03.779 I/WifiHW  (  506): REPLY: ssid=cmcm
02-25 10:55:03.779 I/WifiHW  (  506): REPLY: ====
02-25 10:55:03.779 I/WifiHW  (  506): REPLY: id=96
02-25 10:55:03.779 I/WifiHW  (  506): REPLY: bssid=22:48:9a:ac:31:5b
02-25 10:55:03.779 I/WifiHW  (  506): REPLY: freq=2437
02-25 10:55:03.779 I/WifiHW  (  506): REPLY: level=-68
02-25 10:55:03.779 I/WifiHW  (  506): REPLY: tsf=0000004077973225
02-25 10:55:03.779 I/WifiHW  (  506): REPLY: flags=[WPA2-PSK-CCMP][ESS]
02-25 10:55:03.779 I/WifiHW  (  506): REPLY: ssid=dean1
02-25 10:55:03.779 I/WifiHW  (  506): REPLY: ====
02-25 10:55:03.779 I/WifiHW  (  506): REPLY: id=122
02-25 10:55:03.779 I/WifiHW  (  506): REPLY: bssid=c0:a0:bb:20:3b:84
02-25 10:55:03.779 I/WifiHW  (  506): REPLY: freq=2417
02-25 10:55:03.779 I/WifiHW  (  506): REPLY: level=-72
02-25 10:55:03.779 I/WifiHW  (  506): REPLY: tsf=0000004077973186
02-25 10:55:03.779 I/WifiHW  (  506): REPLY: flags=[WPA-PSK-CCMP+TKIP][WPA2-PSK-CCMP+TKIP][WPS][ESS]
02-25 10:55:03.779 I/WifiHW  (  506): REPLY: ssid=dlink-3B84
02-25 10:55:03.779 I/WifiHW  (  506): REPLY: ====
02-25 10:55:03.779 I/WifiHW  (  506): REPLY: id=125
02-25 10:55:03.779 I/WifiHW  (  506): REPLY: bssid=cc:b2:55:e2:84:70
02-25 10:55:03.779 I/WifiHW  (  506): REPLY: freq=2447
02-25 10:55:03.779 I/WifiHW  (  506): REPLY: level=-71
02-25 10:55:03.779 I/WifiHW  (  506): REPLY: tsf=0000004036737540
02-25 10:55:03.779 I/WifiHW  (  506): REPLY: flags=[WPA-PSK-TKIP][WPA2-PSK-TKIP][ESS]
02-25 10:55:03.779 I/WifiHW  (  506): REPLY: ssid=DLINK_APK
02-25 10:55:03.779 I/WifiHW  (  506): REPLY: ====
02-25 10:55:03.779 I/WifiHW  (  506): REPLY: id=128
02-25 10:55:03.779 I/WifiHW  (  506): REPLY: bssid=00:0f:e2:0f:9f:c1
02-25 10:55:03.779 I/WifiHW  (  506): REPLY: freq=2462
02-25 10:55:03.779 I/WifiHW  (  506): REPLY: level=-84
02-25 10:55:03.779 I/WifiHW  (  506): REPLY: tsf=0000004077973321
02-25 10:55:03.779 I/WifiHW  (  506): REPLY: flags=[WPA-PSK-CCMP+TKIP][WPA2-PSK-CCMP+TKIP][ESS]
02-25 10:55:03.779 I/WifiHW  (  506): REPLY: ssid=321_WAN
02-25 10:55:03.779 I/WifiHW  (  506): REPLY: ====
02-25 10:55:03.779 I/WifiHW  (  506): REPLY: id=129
02-25 10:55:03.779 I/WifiHW  (  506): REPLY: bssid=02:09:4c:d9:8b:51
02-25 10:55:03.779 I/WifiHW  (  506): REPLY: freq=2412
02-25 10:55:03.779 I/WifiHW  (  506): REPLY: level=-72
02-25 10:55:03.779 I/WifiHW  (  506): REPLY: tsf=0000004036737494
02-25 10:55:03.779 I/WifiHW  (  506): REPLY: flags=[WEP]
02-25 10:55:03.779 I/WifiHW  (  506): REPLY: ssid=DIRECT-
02-25 10:55:03.779 I/WifiHW  (  506): REPLY: ====
02-25 10:55:03.779 I/WifiHW  (  506): REPLY: id=130
02-25 10:55:03.779 I/WifiHW  (  506): REPLY: bssid=02:1a:11:f9:f0:51
02-25 10:55:03.779 I/WifiHW  (  506): REPLY: freq=2437
02-25 10:55:03.779 I/WifiHW  (  506): REPLY: level=-73
02-25 10:55:03.779 I/WifiHW  (  506): REPLY: tsf=0000004077973265
02-25 10:55:03.779 I/WifiHW  (  506): REPLY: flags=[WPA2-PSK-CCMP][ESS]
02-25 10:55:03.779 I/WifiHW  (  506): REPLY: ssid=AndroidSystem
02-25 10:55:03.779 I/WifiHW  (  506): REPLY: ====
02-25 10:55:03.779 I/WifiHW  (  506): REPLY: id=131
02-25 10:55:03.779 I/WifiHW  (  506): REPLY: bssid=2c:b0:5d:7f:f4:24
02-25 10:55:03.779 I/WifiHW  (  506): REPLY: freq=2412
02-25 10:55:03.779 I/WifiHW  (  506): REPLY: level=-85
02-25 10:55:03.779 I/WifiHW  (  506): REPLY: tsf=0000004036737405
02-25 10:55:03.779 I/WifiHW  (  506): REPLY: flags=[WPA2-PSK-CCMP][WPS][ESS]
02-25 10:55:03.779 I/WifiHW  (  506): REPLY: ssid=NETGEAR38
02-25 10:55:03.779 I/WifiHW  (  506): REPLY: ====
02-25 10:55:03.779 I/WifiHW  (  506): REPLY: id=133
02-25 10:55:03.779 I/WifiHW  (  506): REPLY: bssid=e4:d3:32:dd:18:62
02-25 10:55:03.779 I/WifiHW  (  506): REPLY: freq=2437
02-25 10:55:03.779 I/WifiHW  (  506): REPLY: level=-74
02-25 10:55:03.779 I/WifiHW  (  506): REPLY: tsf=0000004036737448
02-25 10:55:03.779 I/WifiHW  (  506): REPLY: flags=[ESS]
02-25 10:55:03.779 I/WifiHW  (  506): REPLY: ssid=Internet
02-25 10:55:03.779 I/WifiHW  (  506): REPLY: ====
02-25 10:55:03.779 I/WifiHW  (  506): REPLY: id=134
02-25 10:55:03.779 I/WifiHW  (  506): REPLY: bssid=24:05:0f:2e:8a:21
02-25 10:55:03.779 I/WifiHW  (  506): REPLY: freq=2437
02-25 10:55:03.779 I/WifiHW  (  506): REPLY: level=-79
02-25 10:55:03.779 I/WifiHW  (  506): REPLY: tsf=0000004036737521
02-25 10:55:03.779 I/WifiHW  (  506): REPLY: flags=[WPA-PSK-CCMP][WPA2-PSK-CCMP][ESS]
02-25 10:55:03.779 I/WifiHW  (  506): REPLY: ssid=Online_360_m
02-25 10:55:03.779 I/WifiHW  (  506): REPLY: ====
02-25 10:55:03.779 I/WifiHW  (  506): REPLY: id=135
02-25 10:55:03.779 I/WifiHW  (  506): REPLY: bssid=00:25:86:5c:5e:30
02-25 10:55:03.779 I/WifiHW  (  506): REPLY: freq=2437
02-25 10:55:03.779 I/WifiHW  (  506): REPLY: level=-80
02-25 10:55:03.779 I/WifiHW  (  506): REPLY: tsf=0000004077973240
02-25 10:55:03.779 I/WifiHW  (  506): REPLY: flags=[ESS]
02-25 10:55:03.779 I/WifiHW  (  506): REPLY: ssid=internet
02-25 10:55:03.779 I/WifiHW  (  506): REPLY: ====
02-25 10:55:03.779 I/WifiHW  (  506): REPLY: id=136
02-25 10:55:03.779 I/WifiHW  (  506): REPLY: bssid=00:0f:e2:7b:38:b1
02-25 10:55:03.779 I/WifiHW  (  506): REPLY: freq=2462
02-25 10:55:03.779 I/WifiHW  (  506): REPLY: level=-91
02-25 10:55:03.779 I/WifiHW  (  506): REPLY: tsf=0000004036737584
02-25 10:55:03.779 I/WifiHW  (  506): REPLY: flags=[ESS]
02-25 10:55:03.779 I/WifiHW  (  506): REPLY: ssid=Internet
02-25 10:55:03.779 I/WifiHW  (  506): REPLY: ####
02-25 10:55:07.099 D/EVENT_THREAD(  186): void CEventThread::run() POLLIN event on Fd (1)
02-25 10:55:07.099 D/EVENT_THREAD(  186): void CEventThread::run() Do poll with timeout: -1
02-25 10:55:07.099 I/upi_ug31xx(  166): (490) update_capacity
02-25 10:55:07.099 I/[UPI]   (  166): <UG31/E>[UpiReadCapacity]: V=4244(4242), T=309(311-371), I=-288, C=-2(-2-0)
02-25 10:55:07.099 I/[UPI]   (  166): <UG31/E>[UpiReadCapacity]: (0x0080095a) 3907 (3884) / 3926 (4025) = 100
02-25 10:55:07.099 I/[UPI]   (  166): <UG31/E>[UpiReadCapacity]: (0x0080095a) 3907 (3884) / 3926 (4025) = 100
02-25 10:55:07.099 I/[UPI]   (  166): <UG31/E>[UpiReadCapacity]: (0x0080095a) 3905 (3905) / 3926 (4025) = 99
02-25 10:55:07.099 I/[UPI]   (  166): <UG31/E>[RsocFilterCountTime]: (0x0080095a) Step=0(30410), Full=33(4050764), Lock=30410(1800000)
02-25 10:55:07.099 I/[UPI]   (  166): <UG31/E>[UpiReadCapacity]: (0x0080095a) 3907 (3905) / 3926 (4025) = 100 (-288--288)
02-25 10:55:07.099 I/[UPI]   (  166): <UG31/E><BATT> M:normal, P:100(100-99)%, V:4241mV, C:-286mA, T:31.1C(371), S:0x0080095a(100), R:3907mAh, F:3926mAh, Q:-103mAh, CC:3, P:30.410(101-0)s, BO:7, 97:615:0-44af-9m:B001-20140514-144301 (1)
02-25 10:55:07.149 D/EVENT_THREAD(  186): void CEventThread::run() POLLIN event on Fd (1)
02-25 10:55:07.149 D/EVENT_THREAD(  186): void CEventThread::run() Do poll with timeout: -1
02-25 10:55:07.149 I/upi_ug31xx(  166): (491) backup_data 
02-25 10:55:07.149 V/upi_ug31xx(  166): state->check_backup_count = 2
02-25 10:55:20.989 D/BatteryStatsImpl(  506): noteStopWakeLocked system isFromForeground = false
02-25 10:55:37.529 D/EVENT_THREAD(  186): void CEventThread::run() POLLIN event on Fd (1)
02-25 10:55:37.529 D/EVENT_THREAD(  186): void CEventThread::run() Do poll with timeout: -1
02-25 10:55:37.529 I/upi_ug31xx(  166): (492) update_capacity
02-25 10:55:37.529 I/[UPI]   (  166): <UG31/E>[UpiReadCapacity]: V=4243(4241), T=309(311-371), I=-286, C=-3(-3-0)
02-25 10:55:37.529 I/[UPI]   (  166): <UG31/E>[UpiReadCapacity]: (0x0080095a) 3907 (3881) / 3926 (4025) = 100
02-25 10:55:37.529 I/[UPI]   (  166): <UG31/E>[UpiReadCapacity]: (0x0080095a) 3907 (3881) / 3926 (4025) = 100
02-25 10:55:37.529 I/[UPI]   (  166): <UG31/E>[UpiReadCapacity]: (0x0080095a) 3904 (3904) / 3926 (4025) = 99
02-25 10:55:37.529 I/[UPI]   (  166): <UG31/E>[RsocFilterCountTime]: (0x0080095a) Step=0(30430), Full=34(4081194), Lock=30430(1800000)
02-25 10:55:37.529 I/[UPI]   (  166): <UG31/E>[UpiReadCapacity]: (0x0080095a) 3907 (3904) / 3926 (4025) = 100 (-286--286)
02-25 10:55:37.529 I/[UPI]   (  166): <UG31/E><BATT> M:normal, P:100(100-99)%, V:4241mV, C:-285mA, T:31.1C(371), S:0x0080095a(100), R:3907mAh, F:3926mAh, Q:-106mAh, CC:3, P:30.430(104-0)s, BO:7, 97:615:0-44af-9m:B001-20140514-144301 (1)
02-25 10:55:37.539 D/EVENT_THREAD(  186): void CEventThread::run() POLLIN event on Fd (1)
02-25 10:55:37.539 D/EVENT_THREAD(  186): void CEventThread::run() Do poll with timeout: -1
02-25 10:55:37.589 I/upi_ug31xx(  166): (493) backup_data 
02-25 10:55:37.589 V/upi_ug31xx(  166): state->check_backup_count = 3
02-25 10:55:43.779 D/wpa_supplicant(  694): wlan0: Starting AP scan for wildcard SSID
02-25 10:55:43.779 D/wpa_supplicant(  694): WPS: Building WPS IE for Probe Request
02-25 10:55:43.779 D/wpa_supplicant(  694): WPS:  * Version (hardcoded 0x10)
02-25 10:55:43.779 D/wpa_supplicant(  694): WPS:  * Request Type
02-25 10:55:43.779 D/wpa_supplicant(  694): WPS:  * Config Methods (4288)
02-25 10:55:43.779 D/wpa_supplicant(  694): WPS:  * UUID-E
02-25 10:55:43.779 D/wpa_supplicant(  694): WPS:  * Primary Device Type
02-25 10:55:43.779 D/wpa_supplicant(  694): WPS:  * RF Bands (1)
02-25 10:55:43.779 D/wpa_supplicant(  694): WPS:  * Association State
02-25 10:55:43.779 D/wpa_supplicant(  694): WPS:  * Configuration Error (0)
02-25 10:55:43.779 D/wpa_supplicant(  694): WPS:  * Device Password ID (0)
02-25 10:55:43.779 D/wpa_supplicant(  694): WPS:  * Manufacturer
02-25 10:55:43.779 D/wpa_supplicant(  694): WPS:  * Model Name
02-25 10:55:43.779 D/wpa_supplicant(  694): WPS:  * Model Number
02-25 10:55:43.779 D/wpa_supplicant(  694): WPS:  * Device Name
02-25 10:55:43.779 D/wpa_supplicant(  694): WPS:  * Version2 (0x20)
02-25 10:55:43.779 D/wpa_supplicant(  694): P2P: * P2P IE header
02-25 10:55:43.779 D/wpa_supplicant(  694): P2P: * Capability dev=25 group=00
02-25 10:55:43.779 D/wpa_supplicant(  694): P2P: * Listen Channel: Regulatory Class 81 Channel 6
02-25 10:55:43.779 D/wpa_supplicant(  694): wlan0: nl80211: scan request
02-25 10:55:43.889 D/wpa_supplicant(  694): Scan requested (ret=0) - scan timeout 30 seconds
02-25 10:55:43.889 D/wpa_supplicant(  694): nl80211: Drv Event 33 (NL80211_CMD_TRIGGER_SCAN) received for wlan0
02-25 10:55:43.889 D/wpa_supplicant(  694): wlan0: nl80211: Scan trigger
02-25 10:55:45.009 D/wpa_supplicant(  694): RTM_NEWLINK: operstate=0 ifi_flags=0x11003 ([UP][LOWER_UP])
02-25 10:55:45.009 D/wpa_supplicant(  694): RTM_NEWLINK, IFLA_IFNAME: Interface 'wlan0' added
02-25 10:55:45.009 D/wpa_supplicant(  694): nl80211: if_removed already cleared - ignore event
02-25 10:55:45.009 D/wpa_supplicant(  694): nl80211: Drv Event 34 (NL80211_CMD_NEW_SCAN_RESULTS) received for wlan0
02-25 10:55:45.009 D/wpa_supplicant(  694): wlan0: nl80211: New scan results available
02-25 10:55:45.009 D/wpa_supplicant(  694): wlan0: Event SCAN_RESULTS (3) received
02-25 10:55:45.009 D/wpa_supplicant(  694): nl80211: Received scan results (19 BSSes)
02-25 10:55:45.009 D/wpa_supplicant(  694): nl80211: Survey data missing
02-25 10:55:45.009 D/wpa_supplicant(  694): wlan0: BSS: Start scan result update 101
02-25 10:55:45.009 D/wpa_supplicant(  694): wlan0: BSS: Add new id 137 BSSID 02:09:4c:23:ef:0a SSID 'DIRECT-'
02-25 10:55:45.009 D/wpa_supplicant(  694): CTRL_IFACE monitor send - hexdump(len=39): 2f 64 61 74 61 2f 6d 69 73 63 2f 77 69 66 69 2f 73 6f 63 6b 65 74 73 2f 77 70 61 5f 63 74 72 6c ...
02-25 10:55:45.009 D/wpa_supplicant(  694): wlan0: BSS: Remove id 125 BSSID cc:b2:55:e2:84:70 SSID 'DLINK_APK' due to no match in scan
02-25 10:55:45.009 D/wpa_supplicant(  694): CTRL_IFACE monitor send - hexdump(len=39): 2f 64 61 74 61 2f 6d 69 73 63 2f 77 69 66 69 2f 73 6f 63 6b 65 74 73 2f 77 70 61 5f 63 74 72 6c ...
02-25 10:55:45.009 D/wpa_supplicant(  694): wlan0: BSS: Remove id 134 BSSID 24:05:0f:2e:8a:21 SSID 'Online_360_m' due to no match in scan
02-25 10:55:45.019 D/wpa_supplicant(  694): CTRL_IFACE monitor send - hexdump(len=39): 2f 64 61 74 61 2f 6d 69 73 63 2f 77 69 66 69 2f 73 6f 63 6b 65 74 73 2f 77 70 61 5f 63 74 72 6c ...
02-25 10:55:45.019 I/WifiHW  (  506): EVENT: IFNAME=wlan0 CTRL-EVENT-BSS-ADDED 137 02:09:4c:23:ef:0a
02-25 10:55:45.019 I/WifiHW  (  506): EVENT: IFNAME=wlan0 CTRL-EVENT-BSS-REMOVED 125 cc:b2:55:e2:84:70
02-25 10:55:45.019 I/WifiHW  (  506): EVENT: IFNAME=wlan0 CTRL-EVENT-BSS-REMOVED 134 24:05:0f:2e:8a:21
02-25 10:55:45.019 D/wpa_supplicant(  694): wlan0: BSS: Remove id 129 BSSID 02:09:4c:d9:8b:51 SSID 'DIRECT-' due to no match in scan
02-25 10:55:45.019 D/wpa_supplicant(  694): CTRL_IFACE monitor send - hexdump(len=39): 2f 64 61 74 61 2f 6d 69 73 63 2f 77 69 66 69 2f 73 6f 63 6b 65 74 73 2f 77 70 61 5f 63 74 72 6c ...
02-25 10:55:45.019 I/WifiHW  (  506): EVENT: IFNAME=wlan0 CTRL-EVENT-BSS-REMOVED 129 02:09:4c:d9:8b:51
02-25 10:55:45.019 D/wpa_supplicant(  694): wlan0: BSS: Remove id 136 BSSID 00:0f:e2:7b:38:b1 SSID 'Internet' due to no match in scan
02-25 10:55:45.019 D/wpa_supplicant(  694): CTRL_IFACE monitor send - hexdump(len=39): 2f 64 61 74 61 2f 6d 69 73 63 2f 77 69 66 69 2f 73 6f 63 6b 65 74 73 2f 77 70 61 5f 63 74 72 6c ...
02-25 10:55:45.019 D/wpa_supplicant(  694): BSS: last_scan_res_used=19/32 last_scan_full=0
02-25 10:55:45.019 D/wpa_supplicant(  694): wlan0: New scan results available
02-25 10:55:45.019 D/wpa_supplicant(  694): CTRL_IFACE monitor send - hexdump(len=39): 2f 64 61 74 61 2f 6d 69 73 63 2f 77 69 66 69 2f 73 6f 63 6b 65 74 73 2f 77 70 61 5f 63 74 72 6c ...
02-25 10:55:45.019 I/WifiHW  (  506): EVENT: IFNAME=wlan0 CTRL-EVENT-BSS-REMOVED 136 00:0f:e2:7b:38:b1
02-25 10:55:45.019 D/wpa_supplicant(  694): CTRL_IFACE monitor send - hexdump(len=39): 2f 64 61 74 61 2f 6d 69 73 63 2f 77 69 66 69 2f 73 6f 63 6b 65 74 73 2f 77 70 61 5f 63 74 72 6c ...
02-25 10:55:45.019 D/wpa_supplicant(  694): Authorize channel 1
02-25 10:55:45.019 D/wpa_supplicant(  694): Authorize channel 2
02-25 10:55:45.019 I/WifiHW  (  506): EVENT: IFNAME=wlan0 CTRL-EVENT-SCAN-RESULTS 
02-25 10:55:45.019 D/wpa_supplicant(  694): Authorize channel 3
02-25 10:55:45.019 D/wpa_supplicant(  694): Authorize channel 4
02-25 10:55:45.019 D/wpa_supplicant(  694): Authorize channel 5
02-25 10:55:45.019 D/wpa_supplicant(  694): Authorize channel 6
02-25 10:55:45.019 D/wpa_supplicant(  694): Authorize channel 7
02-25 10:55:45.019 D/wpa_supplicant(  694): Authorize channel 8
02-25 10:55:45.019 D/wpa_supplicant(  694): Authorize channel 9
02-25 10:55:45.019 D/wpa_supplicant(  694): Authorize channel 10
02-25 10:55:45.019 D/wpa_supplicant(  694): Authorize channel 11
02-25 10:55:45.019 D/wpa_supplicant(  694): Authorize channel 12
02-25 10:55:45.019 D/wpa_supplicant(  694): Authorize channel 13
02-25 10:55:45.019 D/wpa_supplicant(  694): Authorize channel 1
02-25 10:55:45.019 D/wpa_supplicant(  694): Authorize channel 2
02-25 10:55:45.019 D/wpa_supplicant(  694): Authorize channel 3
02-25 10:55:45.019 D/wpa_supplicant(  694): Authorize channel 4
02-25 10:55:45.019 D/wpa_supplicant(  694): Authorize channel 5
02-25 10:55:45.019 D/wpa_supplicant(  694): Authorize channel 6
02-25 10:55:45.019 D/wpa_supplicant(  694): Authorize channel 7
02-25 10:55:45.019 D/wpa_supplicant(  694): Authorize channel 8
02-25 10:55:45.019 D/wpa_supplicant(  694): Authorize channel 9
02-25 10:55:45.019 D/wpa_supplicant(  694): Authorize channel 10
02-25 10:55:45.019 D/wpa_supplicant(  694): Authorize channel 11
02-25 10:55:45.019 D/wpa_supplicant(  694): Authorize channel 12
02-25 10:55:45.019 D/wpa_supplicant(  694): Authorize channel 13
02-25 10:55:45.019 D/wpa_supplicant(  694): Add access point on channel 6
02-25 10:55:45.019 D/wpa_supplicant(  694): Add access point on channel 6
02-25 10:55:45.019 D/wpa_supplicant(  694): Add access point on channel 1
02-25 10:55:45.019 D/wpa_supplicant(  694): Add access point on channel 11
02-25 10:55:45.019 D/wpa_supplicant(  694): Add access point on channel 3
02-25 10:55:45.019 D/wpa_supplicant(  694): Add access point on channel 1
02-25 10:55:45.019 D/wpa_supplicant(  694): Add access point on channel 1
02-25 10:55:45.019 D/wpa_supplicant(  694): Add access point on channel 9
02-25 10:55:45.019 D/wpa_supplicant(  694): Add access point on channel 6
02-25 10:55:45.019 D/wpa_supplicant(  694): Add access point on channel 6
02-25 10:55:45.019 D/wpa_supplicant(  694): Add access point on channel 11
02-25 10:55:45.019 D/wpa_supplicant(  694): Add access point on channel 11
02-25 10:55:45.019 D/wpa_supplicant(  694): Add access point on channel 6
02-25 10:55:45.019 D/wpa_supplicant(  694): Add access point on channel 6
02-25 10:55:45.019 D/wpa_supplicant(  694): Add access point on channel 6
02-25 10:55:45.019 D/wpa_supplicant(  694): Add access point on channel 2
02-25 10:55:45.019 D/wpa_supplicant(  694): Add access point on channel 11
02-25 10:55:45.019 D/wpa_supplicant(  694): Add access point on channel 6
02-25 10:55:45.019 D/wpa_supplicant(  694): Add access point on channel 1
02-25 10:55:45.019 D/wpa_supplicant(  694): Add access point on channel 6
02-25 10:55:45.019 I/WifiHW  (  506): CMD: IFNAME=wlan0 BSS RANGE=0- MASK=0x21987
02-25 10:55:45.019 D/wpa_supplicant(  694): Add access point on channel 6
02-25 10:55:45.019 D/wpa_supplicant(  694): Add access point on channel 1
02-25 10:55:45.019 D/wpa_supplicant(  694): Best Operating channel is = 11
02-25 10:55:45.019 I/WifiHW  (  506): EVENT: IFNAME=wlan0 WPS-AP-AVAILABLE 
02-25 10:55:45.019 D/wpa_supplicant(  694): WPS: AP[0] f8:d1:11:e7:99:e8 type=0 tries=0 last_attempt=-1 sec ago blacklist=0
02-25 10:55:45.019 D/wpa_supplicant(  694): WPS: AP[1] cc:34:29:2c:fb:ec type=0 tries=0 last_attempt=-1 sec ago blacklist=0
02-25 10:55:45.019 D/wpa_supplicant(  694): WPS: AP[2] cc:34:29:2b:26:4c type=0 tries=0 last_attempt=-1 sec ago blacklist=0
02-25 10:55:45.019 D/wpa_supplicant(  694): WPS: AP[3] b0:48:7a:51:ff:cc type=0 tries=0 last_attempt=-1 sec ago blacklist=0
02-25 10:55:45.019 D/wpa_supplicant(  694): WPS: AP[4] c0:a0:bb:20:3b:84 type=0 tries=0 last_attempt=-1 sec ago blacklist=0
02-25 10:55:45.019 D/wpa_supplicant(  694): WPS: AP[5] 2c:b0:5d:7f:f4:24 type=0 tries=0 last_attempt=-1 sec ago blacklist=0
02-25 10:55:45.019 D/wpa_supplicant(  694): WPS: AP[6] 9c:21:6a:0d:eb:72 type=0 tries=0 last_attempt=-1 sec ago blacklist=0
02-25 10:55:45.019 D/wpa_supplicant(  694): WPS: AP[7] c8:d7:19:60:62:f2 type=0 tries=0 last_attempt=-1 sec ago blacklist=0
02-25 10:55:45.019 D/wpa_supplicant(  694): WPS: AP[8] 44:94:fc:3d:da:38 type=0 tries=0 last_attempt=-1 sec ago blacklist=0
02-25 10:55:45.019 D/wpa_supplicant(  694): WPS: AP[9] 10:c3:7b:d2:e5:e0 type=0 tries=0 last_attempt=-1 sec ago blacklist=0
02-25 10:55:45.019 D/wpa_supplicant(  694): wlan0: Selecting BSS from priority group 19
02-25 10:55:45.019 D/wpa_supplicant(  694): wlan0: 0: f8:d1:11:e7:99:e8 ssid='videotest' wpa_ie_len=22 rsn_ie_len=20 caps=0x531 level=-40 wps
02-25 10:55:45.019 D/wpa_supplicant(  694): wlan0:    skip - SSID mismatch
02-25 10:55:45.019 D/wpa_supplicant(  694): wlan0: 1: 02:1a:11:ff:f7:0a ssid='io1' wpa_ie_len=0 rsn_ie_len=20 caps=0x431 level=-52
02-25 10:55:45.019 D/wpa_supplicant(  694): wlan0:    skip - SSID mismatch
02-25 10:55:45.019 D/wpa_supplicant(  694): wlan0: 2: c8:d7:19:60:62:f2 ssid='E3000-2.4G' wpa_ie_len=0 rsn_ie_len=20 caps=0x411 level=-52 wps
02-25 10:55:45.019 D/wpa_supplicant(  694): wlan0:    skip - SSID mismatch
02-25 10:55:45.019 D/wpa_supplicant(  694): wlan0: 3: 90:94:e4:03:45:f5 ssid='DAP-2553_D' wpa_ie_len=0 rsn_ie_len=24 caps=0x431 level=-53
02-25 10:55:45.019 D/wpa_supplicant(  694): wlan0:    skip - SSID mismatch
02-25 10:55:45.019 D/wpa_supplicant(  694): wlan0: 4: 44:94:fc:3d:da:38 ssid='6300' wpa_ie_len=0 rsn_ie_len=20 caps=0x411 level=-57 wps
02-25 10:55:45.019 D/wpa_supplicant(  694): wlan0:    skip - SSID mismatch
02-25 10:55:45.019 D/wpa_supplicant(  694): wlan0: 5: 98:fc:11:81:35:fb ssid='E2000EE' wpa_ie_len=0 rsn_ie_len=20 caps=0x411 level=-61
02-25 10:55:45.019 D/wpa_supplicant(  694): wlan0:    skip - SSID mismatch
02-25 10:55:45.019 D/wpa_supplicant(  694): wlan0: 6: 10:c3:7b:d2:e5:e0 ssid='ASUS_RT-AC66U-2.4G' wpa_ie_len=0 rsn_ie_len=20 caps=0x411 level=-61 wps
02-25 10:55:45.019 D/wpa_supplicant(  694): wlan0:    skip - SSID mismatch
02-25 10:55:45.019 D/wpa_supplicant(  694): wlan0: 7: b0:48:7a:51:ff:cc ssid='Neusoft TP' wpa_ie_len=22 rsn_ie_len=20 caps=0x431 level=-61 wps
02-25 10:55:45.019 D/wpa_supplicant(  694): wlan0:    skip - SSID mismatch
02-25 10:55:45.019 D/wpa_supplicant(  694): wlan0: 8: cc:34:29:2b:26:4c ssid='cws-test' wpa_ie_len=0 rsn_ie_len=20 caps=0x431 level=-64 wps
02-25 10:55:45.019 D/wpa_supplicant(  694): wlan0:    skip - SSID mismatch
02-25 10:55:45.019 D/wpa_supplicant(  694): wlan0: 9: c4:17:fe:3f:4f:fb ssid='cmcm' wpa_ie_len=0 rsn_ie_len=20 caps=0x511 level=-67
02-25 10:55:45.019 D/wpa_supplicant(  694): wlan0:    skip - SSID mismatch
02-25 10:55:45.019 D/wpa_supplicant(  694): wlan0: 10: 22:48:9a:ac:31:5b ssid='dean1' wpa_ie_len=0 rsn_ie_len=20 caps=0x431 level=-67
02-25 10:55:45.019 D/wpa_supplicant(  694): wlan0:    skip - SSID mismatch
02-25 10:55:45.019 D/wpa_supplicant(  694): wlan0: 11: e4:d3:32:c0:cf:a4 ssid='fast' wpa_ie_len=0 rsn_ie_len=20 caps=0x411 level=-67
02-25 10:55:45.019 D/wpa_supplicant(  694): wlan0:    skip - SSID mismatch
02-25 10:55:45.019 D/wpa_supplicant(  694): wlan0: 12: 80:1f:02:43:fb:e8 ssid='Edimax AP' wpa_ie_len=0 rsn_ie_len=20 caps=0x411 level=-70
02-25 10:55:45.019 D/wpa_supplicant(  694): wlan0:    skip - SSID mismatch
02-25 10:55:45.019 D/wpa_supplicant(  694): wlan0: 13: cc:34:29:2c:fb:ec ssid='linksys' wpa_ie_len=22 rsn_ie_len=20 caps=0x431 level=-71 wps
02-25 10:55:45.019 D/wpa_supplicant(  694): wlan0:    skip - SSID mismatch
02-25 10:55:45.019 D/wpa_supplicant(  694): wlan0: 14: c0:a0:bb:20:3b:84 ssid='dlink-3B84' wpa_ie_len=26 rsn_ie_len=24 caps=0x411 level=-73 wps
02-25 10:55:45.019 D/wpa_supplicant(  694): wlan0:    skip - SSID mismatch
02-25 10:55:45.019 D/wpa_supplicant(  694): wlan0: 15: 2c:b0:5d:7f:f4:24 ssid='NETGEAR38' wpa_ie_len=0 rsn_ie_len=20 caps=0x431 level=-89 wps
02-25 10:55:45.019 D/wpa_supplicant(  694): wlan0:    skip - SSID mismatch
02-25 10:55:45.019 D/wpa_supplicant(  694): wlan0: 16: 02:09:4c:23:ef:0a ssid='DIRECT-' wpa_ie_len=0 rsn_ie_len=0 caps=0x410 level=-82
02-25 10:55:45.019 D/wpa_supplicant(  694): wlan0:    skip - SSID mismatch
02-25 10:55:45.019 D/wpa_supplicant(  694): wlan0: 17: 50:bd:5f:4b:29:92 ssid='Internet-2' wpa_ie_len=0 rsn_ie_len=0 caps=0x421 level=-64
02-25 10:55:45.019 D/wpa_supplicant(  694): wlan0:    skip - SSID mismatch
02-25 10:55:45.019 D/wpa_supplicant(  694): wlan0: 18: e4:d3:32:dd:18:62 ssid='Internet' wpa_ie_len=0 rsn_ie_len=0 caps=0x421 level=-72
02-25 10:55:45.019 D/wpa_supplicant(  694): wlan0:    skip - SSID mismatch
02-25 10:55:45.019 D/wpa_supplicant(  694): wlan0: Selecting BSS from priority group 18
02-25 10:55:45.019 D/wpa_supplicant(  694): wlan0: 0: f8:d1:11:e7:99:e8 ssid='videotest' wpa_ie_len=22 rsn_ie_len=20 caps=0x531 level=-40 wps
02-25 10:55:45.019 D/wpa_supplicant(  694): wlan0:    skip - SSID mismatch
02-25 10:55:45.019 D/wpa_supplicant(  694): wlan0: 1: 02:1a:11:ff:f7:0a ssid='io1' wpa_ie_len=0 rsn_ie_len=20 caps=0x431 level=-52
02-25 10:55:45.019 D/wpa_supplicant(  694): wlan0:    skip - SSID mismatch
02-25 10:55:45.019 D/wpa_supplicant(  694): wlan0: 2: c8:d7:19:60:62:f2 ssid='E3000-2.4G' wpa_ie_len=0 rsn_ie_len=20 caps=0x411 level=-52 wps
02-25 10:55:45.019 D/wpa_supplicant(  694): wlan0:    skip - SSID mismatch
02-25 10:55:45.019 D/wpa_supplicant(  694): wlan0: 3: 90:94:e4:03:45:f5 ssid='DAP-2553_D' wpa_ie_len=0 rsn_ie_len=24 caps=0x431 level=-53
02-25 10:55:45.019 D/wpa_supplicant(  694): wlan0:    skip - SSID mismatch
02-25 10:55:45.019 D/wpa_supplicant(  694): wlan0: 4: 44:94:fc:3d:da:38 ssid='6300' wpa_ie_len=0 rsn_ie_len=20 caps=0x411 level=-57 wps
02-25 10:55:45.019 D/wpa_supplicant(  694): wlan0:    skip - SSID mismatch
02-25 10:55:45.019 D/wpa_supplicant(  694): wlan0: 5: 98:fc:11:81:35:fb ssid='E2000EE' wpa_ie_len=0 rsn_ie_len=20 caps=0x411 level=-61
02-25 10:55:45.019 D/wpa_supplicant(  694): wlan0:    skip - SSID mismatch
02-25 10:55:45.019 D/wpa_supplicant(  694): wlan0: 6: 10:c3:7b:d2:e5:e0 ssid='ASUS_RT-AC66U-2.4G' wpa_ie_len=0 rsn_ie_len=20 caps=0x411 level=-61 wps
02-25 10:55:45.019 D/wpa_supplicant(  694): wlan0:    skip - SSID mismatch
02-25 10:55:45.019 D/wpa_supplicant(  694): wlan0: 7: b0:48:7a:51:ff:cc ssid='Neusoft TP' wpa_ie_len=22 rsn_ie_len=20 caps=0x431 level=-61 wps
02-25 10:55:45.019 D/wpa_supplicant(  694): wlan0:    skip - SSID mismatch
02-25 10:55:45.019 D/wpa_supplicant(  694): wlan0: 8: cc:34:29:2b:26:4c ssid='cws-test' wpa_ie_len=0 rsn_ie_len=20 caps=0x431 level=-64 wps
02-25 10:55:45.019 D/wpa_supplicant(  694): wlan0:    skip - SSID mismatch
02-25 10:55:45.019 D/wpa_supplicant(  694): wlan0: 9: c4:17:fe:3f:4f:fb ssid='cmcm' wpa_ie_len=0 rsn_ie_len=20 caps=0x511 level=-67
02-25 10:55:45.019 D/wpa_supplicant(  694): wlan0:    skip - SSID mismatch
02-25 10:55:45.019 D/wpa_supplicant(  694): wlan0: 10: 22:48:9a:ac:31:5b ssid='dean1' wpa_ie_len=0 rsn_ie_len=20 caps=0x431 level=-67
02-25 10:55:45.019 D/wpa_supplicant(  694): wlan0:    skip - SSID mismatch
02-25 10:55:45.019 D/wpa_supplicant(  694): wlan0: 11: e4:d3:32:c0:cf:a4 ssid='fast' wpa_ie_len=0 rsn_ie_len=20 caps=0x411 level=-67
02-25 10:55:45.019 D/wpa_supplicant(  694): wlan0:    skip - SSID mismatch
02-25 10:55:45.019 D/wpa_supplicant(  694): wlan0: 12: 80:1f:02:43:fb:e8 ssid='Edimax AP' wpa_ie_len=0 rsn_ie_len=20 caps=0x411 level=-70
02-25 10:55:45.019 D/wpa_supplicant(  694): wlan0:    skip - SSID mismatch
02-25 10:55:45.019 D/wpa_supplicant(  694): wlan0: 13: cc:34:29:2c:fb:ec ssid='linksys' wpa_ie_len=22 rsn_ie_len=20 caps=0x431 level=-71 wps
02-25 10:55:45.019 D/wpa_supplicant(  694): wlan0:    skip - SSID mismatch
02-25 10:55:45.019 D/wpa_supplicant(  694): wlan0: 14: c0:a0:bb:20:3b:84 ssid='dlink-3B84' wpa_ie_len=26 rsn_ie_len=24 caps=0x411 level=-73 wps
02-25 10:55:45.019 D/wpa_supplicant(  694): wlan0:    skip - SSID mismatch
02-25 10:55:45.019 D/wpa_supplicant(  694): wlan0: 15: 2c:b0:5d:7f:f4:24 ssid='NETGEAR38' wpa_ie_len=0 rsn_ie_len=20 caps=0x431 level=-89 wps
02-25 10:55:45.019 D/wpa_supplicant(  694): wlan0:    skip - SSID mismatch
02-25 10:55:45.019 D/wpa_supplicant(  694): wlan0: 16: 02:09:4c:23:ef:0a ssid='DIRECT-' wpa_ie_len=0 rsn_ie_len=0 caps=0x410 level=-82
02-25 10:55:45.019 D/wpa_supplicant(  694): wlan0:    skip - SSID mismatch
02-25 10:55:45.019 D/wpa_supplicant(  694): wlan0: 17: 50:bd:5f:4b:29:92 ssid='Internet-2' wpa_ie_len=0 rsn_ie_len=0 caps=0x421 level=-64
02-25 10:55:45.019 D/wpa_supplicant(  694): wlan0:    skip - SSID mismatch
02-25 10:55:45.019 D/wpa_supplicant(  694): wlan0: 18: e4:d3:32:dd:18:62 ssid='Internet' wpa_ie_len=0 rsn_ie_len=0 caps=0x421 level=-72
02-25 10:55:45.019 D/wpa_supplicant(  694): wlan0:    skip - SSID mismatch
02-25 10:55:45.019 D/wpa_supplicant(  694): wlan0: Selecting BSS from priority group 17
02-25 10:55:45.019 D/wpa_supplicant(  694): wlan0: 0: f8:d1:11:e7:99:e8 ssid='videotest' wpa_ie_len=22 rsn_ie_len=20 caps=0x531 level=-40 wps
02-25 10:55:45.019 D/wpa_supplicant(  694): wlan0:    skip - SSID mismatch
02-25 10:55:45.019 D/wpa_supplicant(  694): wlan0: 1: 02:1a:11:ff:f7:0a ssid='io1' wpa_ie_len=0 rsn_ie_len=20 caps=0x431 level=-52
02-25 10:55:45.019 D/wpa_supplicant(  694): wlan0:    skip - SSID mismatch
02-25 10:55:45.019 D/wpa_supplicant(  694): wlan0: 2: c8:d7:19:60:62:f2 ssid='E3000-2.4G' wpa_ie_len=0 rsn_ie_len=20 caps=0x411 level=-52 wps
02-25 10:55:45.019 D/wpa_supplicant(  694): wlan0:    skip - SSID mismatch
02-25 10:55:45.019 D/wpa_supplicant(  694): wlan0: 3: 90:94:e4:03:45:f5 ssid='DAP-2553_D' wpa_ie_len=0 rsn_ie_len=24 caps=0x431 level=-53
02-25 10:55:45.019 D/wpa_supplicant(  694): wlan0:    skip - SSID mismatch
02-25 10:55:45.019 D/wpa_supplicant(  694): wlan0: 4: 44:94:fc:3d:da:38 ssid='6300' wpa_ie_len=0 rsn_ie_len=20 caps=0x411 level=-57 wps
02-25 10:55:45.019 D/wpa_supplicant(  694): wlan0:    skip - SSID mismatch
02-25 10:55:45.019 D/wpa_supplicant(  694): wlan0: 5: 98:fc:11:81:35:fb ssid='E2000EE' wpa_ie_len=0 rsn_ie_len=20 caps=0x411 level=-61
02-25 10:55:45.019 D/wpa_supplicant(  694): wlan0:    skip - SSID mismatch
02-25 10:55:45.019 D/wpa_supplicant(  694): wlan0: 6: 10:c3:7b:d2:e5:e0 ssid='ASUS_RT-AC66U-2.4G' wpa_ie_len=0 rsn_ie_len=20 caps=0x411 level=-61 wps
02-25 10:55:45.019 D/wpa_supplicant(  694): wlan0:    skip - SSID mismatch
02-25 10:55:45.019 D/wpa_supplicant(  694): wlan0: 7: b0:48:7a:51:ff:cc ssid='Neusoft TP' wpa_ie_len=22 rsn_ie_len=20 caps=0x431 level=-61 wps
02-25 10:55:45.019 D/wpa_supplicant(  694): wlan0:    skip - SSID mismatch
02-25 10:55:45.019 D/wpa_supplicant(  694): wlan0: 8: cc:34:29:2b:26:4c ssid='cws-test' wpa_ie_len=0 rsn_ie_len=20 caps=0x431 level=-64 wps
02-25 10:55:45.019 D/wpa_supplicant(  694): wlan0:    skip - SSID mismatch
02-25 10:55:45.019 D/wpa_supplicant(  694): wlan0: 9: c4:17:fe:3f:4f:fb ssid='cmcm' wpa_ie_len=0 rsn_ie_len=20 caps=0x511 level=-67
02-25 10:55:45.019 D/wpa_supplicant(  694): wlan0:    skip - SSID mismatch
02-25 10:55:45.019 D/wpa_supplicant(  694): wlan0: 10: 22:48:9a:ac:31:5b ssid='dean1' wpa_ie_len=0 rsn_ie_len=20 caps=0x431 level=-67
02-25 10:55:45.019 D/wpa_supplicant(  694): wlan0:    skip - SSID mismatch
02-25 10:55:45.019 D/wpa_supplicant(  694): wlan0: 11: e4:d3:32:c0:cf:a4 ssid='fast' wpa_ie_len=0 rsn_ie_len=20 caps=0x411 level=-67
02-25 10:55:45.019 D/wpa_supplicant(  694): wlan0:    skip - SSID mismatch
02-25 10:55:45.019 D/wpa_supplicant(  694): wlan0: 12: 80:1f:02:43:fb:e8 ssid='Edimax AP' wpa_ie_len=0 rsn_ie_len=20 caps=0x411 level=-70
02-25 10:55:45.019 D/wpa_supplicant(  694): wlan0:    skip - SSID mismatch
02-25 10:55:45.019 D/wpa_supplicant(  694): wlan0: 13: cc:34:29:2c:fb:ec ssid='linksys' wpa_ie_len=22 rsn_ie_len=20 caps=0x431 level=-71 wps
02-25 10:55:45.019 D/wpa_supplicant(  694): wlan0:    skip - SSID mismatch
02-25 10:55:45.019 D/wpa_supplicant(  694): wlan0: 14: c0:a0:bb:20:3b:84 ssid='dlink-3B84' wpa_ie_len=26 rsn_ie_len=24 caps=0x411 level=-73 wps
02-25 10:55:45.019 D/wpa_supplicant(  694): wlan0:    skip - SSID mismatch
