02-25 10:10:43.819 D/RouteManager(  186): setDevices: 0x2
02-25 10:10:43.819 D/RouteManager(  186): setDevices: 0x2
02-25 10:10:43.819 D/RouteManager(  186): setDevices: set device = IHF to output stream
02-25 10:10:43.819 D/RouteManager(  186): setStreamParameters: identical Platform State, do not reconsider routing
02-25 10:10:43.819 W/MediaPlayer( 2442): info/warning (3, 0)
02-25 10:10:43.829 D/        ( 2442): droid_create_image_android_native_buffer HAL_PIXEL_FORMAT_NV12_TILED_INTEL for native name=62
02-25 10:10:43.829 D/AudioResamplerIA(  186): Create AudioResamplerIA Resampler: Input rate 22050, output rate 48000
02-25 10:10:43.829 D/PROPERTY(  186): get media.dump_output.befconv: 0
02-25 10:10:43.829 D/PROPERTY(  186): get media.dump_output.aftconv: 0
02-25 10:10:43.829 D/RouteManager(  186): startStream: {+++ RECONSIDER ROUTING +++} due to output stream start event
02-25 10:10:43.829 D/RouteManager(  186): reconsiderRouting
02-25 10:10:43.829 D/EVENT_THREAD(  186): void CEventThread::trig(uint16_t): in
02-25 10:10:43.829 D/EVENT_THREAD(  186): void CEventThread::trig(uint16_t): out
02-25 10:10:43.829 D/RouteManager(  186): doReconsiderRouting:       Platform State:
02-25 10:10:43.829 D/RouteManager(  186): doReconsiderRouting:          -Modem Alive = 0 
02-25 10:10:43.829 D/RouteManager(  186): doReconsiderRouting:          -Modem Call Active = 0 
02-25 10:10:43.829 D/RouteManager(  186): doReconsiderRouting:          -Is Shared I2S glitch free=1 
02-25 10:10:43.829 D/RouteManager(  186): doReconsiderRouting:          -Android Telephony Mode = Normal 
02-25 10:10:43.829 D/RouteManager(  186): doReconsiderRouting:          -RTE MGR HW Mode = Normal 
02-25 10:10:43.829 D/RouteManager(  186): doReconsiderRouting:          -BT Enabled = 1 
02-25 10:10:43.829 D/RouteManager(  186): doReconsiderRouting:          -BT NREC = 0 
02-25 10:10:43.829 D/RouteManager(  186): doReconsiderRouting:          -BT Band = NB 
02-25 10:10:43.829 D/RouteManager(  186): doReconsiderRouting:          -Platform output device = IHF 
02-25 10:10:43.829 D/RouteManager(  186): doReconsiderRouting:          -Platform input device = <none> 
02-25 10:10:43.829 D/RouteManager(  186): doReconsiderRouting:          -Platform input source = None 
02-25 10:10:43.829 D/RouteManager(  186): doReconsiderRouting:          -Platform Band type = NB 
02-25 10:10:43.829 D/RouteManager(  186): doReconsiderRouting:          -Platform Has Direct Stream = no 
02-25 10:10:43.829 D/RouteManager(  186): doReconsiderRouting:          -Platform TTY direction = <none> 
02-25 10:10:43.829 D/RouteManager(  186): doReconsiderRouting:          -Platform HAC Mode = Off 
02-25 10:10:43.829 D/RouteManager(  186): doReconsiderRouting:          -Platform Screen State = On 
02-25 10:10:43.829 D/RouteManager(  186): doReconsiderRouting:          -Platform Context Awareness = false 
02-25 10:10:43.829 D/RouteManager(  186): doReconsiderRouting:          -Platform Always Listening = false 
02-25 10:10:43.829 D/RouteManager(  186): doReconsiderRouting:          -Platform FM State = Off 
02-25 10:10:43.829 D/RouteManager(  186): doReconsiderRouting:          -Platform Bypass Non Linear PP State = Off 
02-25 10:10:43.829 D/RouteManager(  186): doReconsiderRouting:          -Platform Bypass Linear PP State = Off 
02-25 10:10:43.829 D/RouteManager(  186): doReconsiderRouting:          -Platform MicMute = Off 
02-25 10:10:43.829 D/RouteManager(  186): doReconsiderRouting:      Route state:
02-25 10:10:43.829 D/RouteManager(  186): doReconsiderRouting:          -Previously Enabled Route in Input = <none>
02-25 10:10:43.829 D/RouteManager(  186): doReconsiderRouting:          -Previously Enabled Route in Output = <none>
02-25 10:10:43.829 D/RouteManager(  186): doReconsiderRouting:          -Selected Route in Input = <none>
02-25 10:10:43.829 D/RouteManager(  186): doReconsiderRouting:          -Selected Route in Output = Media|HwCodecMedia
02-25 10:10:43.829 D/RouteManager(  186): doReconsiderRouting:          -Route that need reconfiguration in Input = <none>
02-25 10:10:43.829 D/RouteManager(  186): doReconsiderRouting:          -Route that need reconfiguration in Output = <none>
02-25 10:10:43.829 D/RouteManager(  186): executeMuteStage: --------------- Routing Stage = Mute ---------------
02-25 10:10:43.829 D/RouteManager(  186): parameter-framework: Selection criterion changed event: Criterion name: RoutageState, current state: Flow
02-25 10:10:43.829 D/RouteManager(  186): parameter-framework: Configuration application request {
02-25 10:10:43.829 D/RouteManager(  186): parameter-framework:     Applying configurations {
02-25 10:10:43.829 D/RouteManager(  186): parameter-framework:     } Applying configurations
02-25 10:10:43.829 D/RouteManager(  186): parameter-framework: } Configuration application request
02-25 10:10:43.829 D/RouteManager(  186): executeDisableStage: --------------- Routing Stage = Disable ---------------
02-25 10:10:43.829 D/RouteManager(  186): parameter-framework: Selection criterion changed event: Criterion name: RoutageState, current state: Path
02-25 10:10:43.829 D/RouteManager(  186): parameter-framework: Configuration application request {
02-25 10:10:43.829 D/RouteManager(  186): parameter-framework:     Applying configurations {
02-25 10:10:43.829 D/RouteManager(  186): parameter-framework:     } Applying configurations
02-25 10:10:43.829 D/RouteManager(  186): parameter-framework: } Configuration application request
02-25 10:10:43.829 D/RouteManager(  186): executeConfigureStage: --------------- Routing Stage = Configure ---------------
02-25 10:10:43.829 D/RouteManager(  186): parameter-framework: Selection criterion changed event: Criterion name: RoutageState, current state: Configure
02-25 10:10:43.829 D/RouteManager(  186): parameter-framework: Selection criterion changed event: Criterion name: OpenedPlaybackRoutes, current state: Media|HwCodecMedia
02-25 10:10:43.829 D/RouteManager(  186): parameter-framework: Configuration application request {
02-25 10:10:43.829 D/RouteManager(  186): parameter-framework:     Applying configurations {
02-25 10:10:43.829 D/RouteManager(  186): parameter-framework:         Applying configuration "Activated" from domain "Routing.Configure.LPE_Mixer.IHF"
02-25 10:10:43.859 D/RouteManager(  186): parameter-framework:     } Applying configurations
02-25 10:10:43.859 D/RouteManager(  186): parameter-framework: } Configuration application request
02-25 10:10:43.859 D/RouteManager(  186): executeEnableStage: --------------- Routing Stage = Enable ---------------
02-25 10:10:43.859 D/RouteManager(  186): parameter-framework: Selection criterion changed event: Criterion name: RoutageState, current state: Path|Configure
02-25 10:10:43.859 D/RouteManager(  186): doEnableRoutes: Routes to be enabled(routed) in Output = Media|HwCodecMedia
02-25 10:10:43.859 D/RouteManager(  186): parameter-framework: Configuration application request {
02-25 10:10:43.859 D/RouteManager(  186): parameter-framework:     Applying configurations {
02-25 10:10:43.859 D/RouteManager(  186): parameter-framework:         Applying configuration "Enable" from domain "Routing.Enable.HWCodec.Playback.IHF"
02-25 10:10:43.859 D/RouteManager(  186): parameter-framework:         Applying configuration "Enable" from domain "Routing.Enable.HWCodec.Playback.Multimedia.IHF"
02-25 10:10:43.859 D/RouteManager(  186): parameter-framework:         Applying configuration "Enable" from domain "Routing.Enable.HWCodec.Playback.Multimedia.Playback"
02-25 10:10:43.869 D/RouteManager(  186): parameter-framework:     } Applying configurations
02-25 10:10:43.869 D/RouteManager(  186): parameter-framework: } Configuration application request
02-25 10:10:43.869 D/RouteManager(  186): doEnableRoutes: Routes to be enabled(routed) in Output = Media|HwCodecMedia
02-25 10:10:43.869 D/RouteManager/StreamRoute(  186): openPcmDevice called for card (baytrailaudio,0)
02-25 10:10:43.869 D/RouteManager/StreamRoute(  186): openPcmDevice		 config=rate(48000), format(0), channels(2))
02-25 10:10:43.869 D/RouteManager/StreamRoute(  186): openPcmDevice		 period_size=1152, period_count=4
02-25 10:10:43.869 D/RouteManager/StreamRoute(  186): openPcmDevice		 startTh=4607, stop Th=4608 silence Th=0
02-25 10:10:43.959 D/ALSAStreamOps(  186): attachRouteL output stream
02-25 10:10:43.959 D/AudioConversion(  186): configure: no convertion required
02-25 10:10:43.959 D/RouteManager(  186): executeUnmuteStage: --------------- Routing Stage = Unmute ---------------
02-25 10:10:43.959 D/RouteManager(  186): parameter-framework: Selection criterion changed event: Criterion name: RoutageState, current state: Flow|Path|Configure
02-25 10:10:43.959 D/RouteManager(  186): parameter-framework: Configuration application request {
02-25 10:10:43.959 D/RouteManager(  186): parameter-framework:     Applying configurations {
02-25 10:10:43.959 D/RouteManager(  186): parameter-framework:     } Applying configurations
02-25 10:10:43.959 D/RouteManager(  186): parameter-framework: } Configuration application request
02-25 10:10:43.959 D/EVENT_THREAD(  186): void CEventThread::run() Do poll with timeout: -1
02-25 10:10:43.959 D/RouteManager(  186): reconsiderRouting: DONE
02-25 10:10:44.049 D/        ( 2442): droid_create_image_android_native_buffer HAL_PIXEL_FORMAT_NV12_TILED_INTEL for native name=63
02-25 10:10:44.079 D/        ( 2442): droid_create_image_android_native_buffer HAL_PIXEL_FORMAT_NV12_TILED_INTEL for native name=64
02-25 10:10:44.129 D/        ( 2442): droid_create_image_android_native_buffer HAL_PIXEL_FORMAT_NV12_TILED_INTEL for native name=65
02-25 10:10:44.169 D/        ( 2442): droid_create_image_android_native_buffer HAL_PIXEL_FORMAT_NV12_TILED_INTEL for native name=66
02-25 10:10:44.219 D/        ( 2442): droid_create_image_android_native_buffer HAL_PIXEL_FORMAT_NV12_TILED_INTEL for native name=68
02-25 10:10:44.259 D/        ( 2442): droid_create_image_android_native_buffer HAL_PIXEL_FORMAT_NV12_TILED_INTEL for native name=69
02-25 10:10:44.309 D/        ( 2442): droid_create_image_android_native_buffer HAL_PIXEL_FORMAT_NV12_TILED_INTEL for native name=70
02-25 10:10:44.349 D/        ( 2442): droid_create_image_android_native_buffer HAL_PIXEL_FORMAT_NV12_TILED_INTEL for native name=71
02-25 10:10:44.389 D/        ( 2442): droid_create_image_android_native_buffer HAL_PIXEL_FORMAT_NV12_TILED_INTEL for native name=72
02-25 10:10:44.429 D/        ( 2442): droid_create_image_android_native_buffer HAL_PIXEL_FORMAT_NV12_TILED_INTEL for native name=73
02-25 10:10:44.479 D/        ( 2442): droid_create_image_android_native_buffer HAL_PIXEL_FORMAT_NV12_TILED_INTEL for native name=74
02-25 10:10:44.519 D/        ( 2442): droid_create_image_android_native_buffer HAL_PIXEL_FORMAT_NV12_TILED_INTEL for native name=75
02-25 10:10:44.559 D/        ( 2442): droid_create_image_android_native_buffer HAL_PIXEL_FORMAT_NV12_TILED_INTEL for native name=76
02-25 10:10:44.609 D/        ( 2442): droid_create_image_android_native_buffer HAL_PIXEL_FORMAT_NV12_TILED_INTEL for native name=77
02-25 10:10:44.639 D/        ( 2442): droid_create_image_android_native_buffer HAL_PIXEL_FORMAT_NV12_TILED_INTEL for native name=78
02-25 10:10:44.679 D/        ( 2442): droid_create_image_android_native_buffer HAL_PIXEL_FORMAT_NV12_TILED_INTEL for native name=79
02-25 10:10:44.709 D/        ( 2442): droid_create_image_android_native_buffer HAL_PIXEL_FORMAT_NV12_TILED_INTEL for native name=80
02-25 10:10:44.759 D/        ( 2442): droid_create_image_android_native_buffer HAL_PIXEL_FORMAT_NV12_TILED_INTEL for native name=81
02-25 10:10:44.789 D/        ( 2442): droid_create_image_android_native_buffer HAL_PIXEL_FORMAT_NV12_TILED_INTEL for native name=82
02-25 10:10:44.849 D/        ( 2442): droid_create_image_android_native_buffer HAL_PIXEL_FORMAT_NV12_TILED_INTEL for native name=83
02-25 10:10:44.879 D/        ( 2442): droid_create_image_android_native_buffer HAL_PIXEL_FORMAT_NV12_TILED_INTEL for native name=84
02-25 10:10:44.929 D/        ( 2442): droid_create_image_android_native_buffer HAL_PIXEL_FORMAT_NV12_TILED_INTEL for native name=85
02-25 10:10:44.979 D/        ( 2442): droid_create_image_android_native_buffer HAL_PIXEL_FORMAT_NV12_TILED_INTEL for native name=86
02-25 10:10:45.019 D/        ( 2442): droid_create_image_android_native_buffer HAL_PIXEL_FORMAT_NV12_TILED_INTEL for native name=87
02-25 10:10:45.049 D/        ( 2442): droid_create_image_android_native_buffer HAL_PIXEL_FORMAT_NV12_TILED_INTEL for native name=88
02-25 10:10:46.669 I/MediaPlayer( 2442): Info (700,300)
02-25 10:10:46.689 W/TimedEventQueue(  186): Event 79 was not found in the queue, already cancelled?
02-25 10:10:46.699 E/wrs-omxil-core(  186): OMX_GetHandle(): exit failure, OMX.Intel.hw_vd.h264 not found
02-25 10:10:46.699 I/libva   (  186): VA-API version 0.34.0
02-25 10:10:46.699 I/libva   (  186): va_getDriverName() returns 0
02-25 10:10:46.699 I/libva   (  186): Trying to open /system/lib/i965_drv_video.so
02-25 10:10:46.699 I/libva   (  186): Found init function __vaDriverInit_0_32
02-25 10:10:46.699 I/libva   (  186): va_openDriver() returns 0
02-25 10:10:46.699 I/OMXCodec(  186): [OMX.Intel.hw_vd.h264] AVC profile = 66 (Baseline), level = 30
02-25 10:10:46.699 I/OMXCodec(  186): [OMX.Intel.hw_vd.h264] video dimensions are 320 x 240
02-25 10:10:46.699 I/OMXCodec(  186): [OMX.Intel.hw_vd.h264] Crop rect is 320 x 240 @ (0, 0)
02-25 10:10:46.709 W/TimedEventQueue(  186): Event 80 was not found in the queue, already cancelled?
02-25 10:10:46.719 W/AudioFlinger(  186): session id 22 not found for pid 2442
02-25 10:10:46.719 I/MediaFocusControl(  506):  AudioFocus  abandonAudioFocus() from android.media.AudioManager@21eff490org.chromium.media.MediaPlayerListener@21faf448
02-25 10:10:46.719 V/Avrcp   ( 1132): New genId = 20, clearing = 1
02-25 10:10:46.729 W/BindingManager( 2442): Cannot call determinedVisibility() - never saw a connection for the pid: 2442
02-25 10:10:46.729 W/MediaPlayer( 2442): mediaplayer went away with unhandled events
02-25 10:10:46.729 D/SoftKeyboardDetect( 2442): Ignore this event
02-25 10:10:46.729 D/BatteryStatsImpl(  506): noteStopWakeLocked system isFromForeground = false
02-25 10:10:46.749 E/MediaResourceGetter( 2442): File does not exist.
02-25 10:10:46.749 E/MediaResourceGetter( 2442): Unable to configure metadata extractor
02-25 10:10:46.759 E/chromium( 2442): [ERROR:webmediaplayer_android.cc(449)] Not implemented reached in virtual void content::WebMediaPlayerAndroid::setRate(double)
02-25 10:10:46.769 I/MediaFocusControl(  506):  AudioFocus  requestAudioFocus() from android.media.AudioManager@21eff490org.chromium.media.MediaPlayerListener@21fb9268
02-25 10:10:46.769 V/Avrcp   ( 1132): New genId = 21, clearing = 1
02-25 10:10:46.799 E/wrs-omxil-core(  186): OMX_GetHandle(): exit failure, OMX.Intel.hw_vd.h264 not found
02-25 10:10:46.799 I/libva   (  186): VA-API version 0.34.0
02-25 10:10:46.799 I/libva   (  186): va_getDriverName() returns 0
02-25 10:10:46.799 I/libva   (  186): Trying to open /system/lib/i965_drv_video.so
02-25 10:10:46.799 I/libva   (  186): Found init function __vaDriverInit_0_32
02-25 10:10:46.799 I/libva   (  186): va_openDriver() returns 0
02-25 10:10:46.799 I/OMXCodec(  186): [OMX.Intel.hw_vd.h264] AVC profile = 66 (Baseline), level = 30
02-25 10:10:46.799 I/OMXCodec(  186): [OMX.Intel.hw_vd.h264] video dimensions are 320 x 240
02-25 10:10:46.799 I/OMXCodec(  186): [OMX.Intel.hw_vd.h264] Crop rect is 320 x 240 @ (0, 0)
02-25 10:10:46.799 D/AudioHardwareALSA(  186): setParameters
02-25 10:10:46.799 W/RouteManager(  186): doSetParameters: Unhandled argument.
02-25 10:10:46.799 I/SoftOMXPlugin(  186): Created OMXPlugin : OMX.Intel.aac.decoder
02-25 10:10:46.799 E/wrs-omxil-core(  186): OMX_GetHandle(): exit failure, OMX.Intel.hw_vd.h264 not found
02-25 10:10:46.799 I/libva   (  186): VA-API version 0.34.0
02-25 10:10:46.799 I/libva   (  186): va_getDriverName() returns 0
02-25 10:10:46.799 I/libva   (  186): Trying to open /system/lib/i965_drv_video.so
02-25 10:10:46.809 I/libva   (  186): Found init function __vaDriverInit_0_32
02-25 10:10:46.809 I/libva   (  186): va_openDriver() returns 0
02-25 10:10:46.809 I/OMXCodec(  186): [OMX.Intel.hw_vd.h264] AVC profile = 66 (Baseline), level = 30
02-25 10:10:46.809 I/OMXCodec(  186): [OMX.Intel.hw_vd.h264] video dimensions are 320 x 240
02-25 10:10:46.809 I/OMXCodec(  186): [OMX.Intel.hw_vd.h264] Crop rect is 320 x 240 @ (0, 0)
02-25 10:10:46.809 E/MediaPlayer( 2442): Should have subtitle controller already set
02-25 10:10:46.819 D/SoftKeyboardDetect( 2442): Ignore this event
02-25 10:10:46.829 D/MediaPlayer( 2442): getMetadata
02-25 10:10:47.339 E/wrs-omxil-core(  186): OMX_GetHandle(): exit failure, OMX.Intel.hw_vd.h264 not found
02-25 10:10:47.339 I/libva   (  186): VA-API version 0.34.0
02-25 10:10:47.339 I/libva   (  186): va_getDriverName() returns 0
02-25 10:10:47.339 I/libva   (  186): Trying to open /system/lib/i965_drv_video.so
02-25 10:10:47.349 I/libva   (  186): Found init function __vaDriverInit_0_32
02-25 10:10:47.349 I/libva   (  186): va_openDriver() returns 0
02-25 10:10:47.349 I/OMXCodec(  186): [OMX.Intel.hw_vd.h264] AVC profile = 66 (Baseline), level = 30
02-25 10:10:47.349 I/OMXCodec(  186): [OMX.Intel.hw_vd.h264] video dimensions are 320 x 240
02-25 10:10:47.349 I/OMXCodec(  186): [OMX.Intel.hw_vd.h264] Crop rect is 320 x 240 @ (0, 0)
02-25 10:10:47.359 I/MediaFocusControl(  506):  AudioFocus  abandonAudioFocus() from android.media.AudioManager@21eff490org.chromium.media.MediaPlayerListener@21fb9268
02-25 10:10:47.359 V/Avrcp   ( 1132): New genId = 22, clearing = 1
02-25 10:10:47.369 W/BindingManager( 2442): Cannot call determinedVisibility() - never saw a connection for the pid: 2442
02-25 10:10:47.439 E/MediaResourceGetter( 2442): File does not exist.
02-25 10:10:47.439 E/MediaResourceGetter( 2442): Unable to configure metadata extractor
02-25 10:10:47.579 E/MediaResourceGetter( 2442): File does not exist.
02-25 10:10:47.579 E/MediaResourceGetter( 2442): Unable to configure metadata extractor
02-25 10:10:47.589 E/chromium( 2442): [ERROR:webmediaplayer_android.cc(449)] Not implemented reached in virtual void content::WebMediaPlayerAndroid::setRate(double)
02-25 10:10:47.589 I/MediaFocusControl(  506):  AudioFocus  requestAudioFocus() from android.media.AudioManager@21eff490org.chromium.media.MediaPlayerListener@21fbf430
02-25 10:10:47.589 V/Avrcp   ( 1132): New genId = 23, clearing = 1
02-25 10:10:47.619 E/wrs-omxil-core(  186): OMX_GetHandle(): exit failure, OMX.Intel.hw_vd.h264 not found
02-25 10:10:47.619 I/libva   (  186): VA-API version 0.34.0
02-25 10:10:47.619 I/libva   (  186): va_getDriverName() returns 0
02-25 10:10:47.619 I/libva   (  186): Trying to open /system/lib/i965_drv_video.so
02-25 10:10:47.619 I/libva   (  186): Found init function __vaDriverInit_0_32
02-25 10:10:47.619 I/libva   (  186): va_openDriver() returns 0
02-25 10:10:47.629 I/OMXCodec(  186): [OMX.Intel.hw_vd.h264] AVC profile = 66 (Baseline), level = 30
02-25 10:10:47.629 I/OMXCodec(  186): [OMX.Intel.hw_vd.h264] video dimensions are 320 x 240
02-25 10:10:47.629 I/OMXCodec(  186): [OMX.Intel.hw_vd.h264] Crop rect is 320 x 240 @ (0, 0)
02-25 10:10:47.629 D/AudioHardwareALSA(  186): setParameters
02-25 10:10:47.629 W/RouteManager(  186): doSetParameters: Unhandled argument.
02-25 10:10:47.629 I/SoftOMXPlugin(  186): Created OMXPlugin : OMX.Intel.aac.decoder
02-25 10:10:47.629 E/wrs-omxil-core(  186): OMX_GetHandle(): exit failure, OMX.Intel.hw_vd.h264 not found
02-25 10:10:47.629 I/libva   (  186): VA-API version 0.34.0
02-25 10:10:47.629 I/libva   (  186): va_getDriverName() returns 0
02-25 10:10:47.629 I/libva   (  186): Trying to open /system/lib/i965_drv_video.so
02-25 10:10:47.629 I/libva   (  186): Found init function __vaDriverInit_0_32
02-25 10:10:47.629 I/libva   (  186): va_openDriver() returns 0
02-25 10:10:47.629 I/OMXCodec(  186): [OMX.Intel.hw_vd.h264] AVC profile = 66 (Baseline), level = 30
02-25 10:10:47.629 I/OMXCodec(  186): [OMX.Intel.hw_vd.h264] video dimensions are 320 x 240
02-25 10:10:47.629 I/OMXCodec(  186): [OMX.Intel.hw_vd.h264] Crop rect is 320 x 240 @ (0, 0)
02-25 10:10:47.639 E/MediaPlayer( 2442): Should have subtitle controller already set
02-25 10:10:47.639 D/MediaPlayer( 2442): getMetadata
02-25 10:10:47.649 D/SoftKeyboardDetect( 2442): Ignore this event
02-25 10:10:48.159 E/wrs-omxil-core(  186): OMX_GetHandle(): exit failure, OMX.Intel.hw_vd.h264 not found
02-25 10:10:48.159 I/libva   (  186): VA-API version 0.34.0
02-25 10:10:48.159 I/libva   (  186): va_getDriverName() returns 0
02-25 10:10:48.159 I/libva   (  186): Trying to open /system/lib/i965_drv_video.so
02-25 10:10:48.159 I/libva   (  186): Found init function __vaDriverInit_0_32
02-25 10:10:48.169 I/libva   (  186): va_openDriver() returns 0
02-25 10:10:48.169 I/OMXCodec(  186): [OMX.Intel.hw_vd.h264] AVC profile = 66 (Baseline), level = 30
02-25 10:10:48.169 I/OMXCodec(  186): [OMX.Intel.hw_vd.h264] video dimensions are 320 x 240
02-25 10:10:48.169 I/OMXCodec(  186): [OMX.Intel.hw_vd.h264] Crop rect is 320 x 240 @ (0, 0)
02-25 10:10:48.169 I/MediaFocusControl(  506):  AudioFocus  abandonAudioFocus() from android.media.AudioManager@21eff490org.chromium.media.MediaPlayerListener@21fbf430
02-25 10:10:48.169 V/Avrcp   ( 1132): New genId = 24, clearing = 1
02-25 10:10:48.179 W/BindingManager( 2442): Cannot call determinedVisibility() - never saw a connection for the pid: 2442
02-25 10:10:48.679 E/MediaResourceGetter( 2442): File does not exist.
02-25 10:10:48.679 E/MediaResourceGetter( 2442): Unable to configure metadata extractor
02-25 10:10:48.689 E/chromium( 2442): [ERROR:webmediaplayer_android.cc(449)] Not implemented reached in virtual void content::WebMediaPlayerAndroid::setRate(double)
02-25 10:10:48.689 I/MediaFocusControl(  506):  AudioFocus  requestAudioFocus() from android.media.AudioManager@21eff490org.chromium.media.MediaPlayerListener@21fd1518
02-25 10:10:48.689 V/Avrcp   ( 1132): New genId = 25, clearing = 1
02-25 10:10:48.719 E/wrs-omxil-core(  186): OMX_GetHandle(): exit failure, OMX.Intel.hw_vd.h264 not found
02-25 10:10:48.719 I/libva   (  186): VA-API version 0.34.0
02-25 10:10:48.719 I/libva   (  186): va_getDriverName() returns 0
02-25 10:10:48.719 I/libva   (  186): Trying to open /system/lib/i965_drv_video.so
02-25 10:10:48.719 I/libva   (  186): Found init function __vaDriverInit_0_32
02-25 10:10:48.729 I/libva   (  186): va_openDriver() returns 0
02-25 10:10:48.729 I/OMXCodec(  186): [OMX.Intel.hw_vd.h264] AVC profile = 66 (Baseline), level = 30
02-25 10:10:48.729 I/OMXCodec(  186): [OMX.Intel.hw_vd.h264] video dimensions are 320 x 240
02-25 10:10:48.729 I/OMXCodec(  186): [OMX.Intel.hw_vd.h264] Crop rect is 320 x 240 @ (0, 0)
02-25 10:10:48.729 D/AudioHardwareALSA(  186): setParameters
02-25 10:10:48.729 W/RouteManager(  186): doSetParameters: Unhandled argument.
02-25 10:10:48.729 I/SoftOMXPlugin(  186): Created OMXPlugin : OMX.Intel.aac.decoder
02-25 10:10:48.729 E/wrs-omxil-core(  186): OMX_GetHandle(): exit failure, OMX.Intel.hw_vd.h264 not found
02-25 10:10:48.729 I/libva   (  186): VA-API version 0.34.0
02-25 10:10:48.729 I/libva   (  186): va_getDriverName() returns 0
02-25 10:10:48.729 I/libva   (  186): Trying to open /system/lib/i965_drv_video.so
02-25 10:10:48.729 I/libva   (  186): Found init function __vaDriverInit_0_32
02-25 10:10:48.729 I/libva   (  186): va_openDriver() returns 0
02-25 10:10:48.729 I/OMXCodec(  186): [OMX.Intel.hw_vd.h264] AVC profile = 66 (Baseline), level = 30
02-25 10:10:48.729 I/OMXCodec(  186): [OMX.Intel.hw_vd.h264] video dimensions are 320 x 240
02-25 10:10:48.729 I/OMXCodec(  186): [OMX.Intel.hw_vd.h264] Crop rect is 320 x 240 @ (0, 0)
02-25 10:10:48.739 E/MediaPlayer( 2442): Should have subtitle controller already set
02-25 10:10:48.739 D/MediaPlayer( 2442): getMetadata
02-25 10:10:48.749 D/SoftKeyboardDetect( 2442): Ignore this event
02-25 10:10:48.759 I/OMXCodec(  186): [OMX.Intel.hw_vd.h264] video dimensions are 320 x 256
02-25 10:10:48.759 I/OMXCodec(  186): [OMX.Intel.hw_vd.h264] Crop rect is 320 x 240 @ (0, 0)
02-25 10:10:48.789 D/MOS     (  186): mm:Mos_InitInterface_Linux called
02-25 10:10:48.789 I/MOS     (  186): Init Gmm Cache Policy
02-25 10:10:48.789 D/MOS     (  186): Cache Policy is enabled for media driver on other 
02-25 10:10:48.789 D/MOS     (  186): Cache Policy is enabled for media driver on other 
02-25 10:10:48.789 D/MOS     (  186): Cache Policy is enabled for media driver on other 
02-25 10:10:48.789 D/MOS     (  186): Cache Policy is enabled for media driver on other 
02-25 10:10:48.789 D/MOS     (  186): Cache Policy is enabled for media driver on other 
02-25 10:10:48.789 D/MOS     (  186): Cache Policy is enabled for media driver on other 
02-25 10:10:48.789 D/MOS     (  186): Cache Policy is enabled for media driver on other 
02-25 10:10:48.789 D/MOS     (  186): Cache Policy is enabled for media driver on other 
02-25 10:10:48.789 D/MOS     (  186): Cache Policy is enabled for media driver on other 
02-25 10:10:48.789 D/MOS     (  186): Cache Policy is enabled for media driver on other 
02-25 10:10:48.789 D/MOS     (  186): Cache Policy is enabled for media driver on other 
02-25 10:10:48.789 D/MOS     (  186): Cache Policy is enabled for media driver on other 
02-25 10:10:48.789 D/MOS     (  186): Cache Policy is enabled for media driver on other 
02-25 10:10:48.789 D/MOS     (  186): Cache Policy is enabled for media driver on other 
02-25 10:10:48.789 D/MOS     (  186): Cache Policy is enabled for media driver on other 
02-25 10:10:48.789 D/MOS     (  186): Cache Policy is enabled for media driver on other 
02-25 10:10:48.789 D/MOS     (  186): Cache Policy is enabled for media driver on other 
02-25 10:10:48.789 D/MOS     (  186): Cache Policy is enabled for media driver on other 
02-25 10:10:48.789 D/MOS     (  186): Cache Policy is enabled for media driver on other 
02-25 10:10:48.789 D/MOS     (  186): Cache Policy is enabled for media driver on other 
02-25 10:10:48.789 D/MOS     (  186): Cache Policy is enabled for media driver on other 
02-25 10:10:48.789 D/MOS     (  186): Cache Policy is enabled for media driver on other 
02-25 10:10:48.789 D/MOS     (  186): Cache Policy is enabled for media driver on other 
02-25 10:10:48.789 D/MOS     (  186): Cache Policy is enabled for media driver on other 
02-25 10:10:48.819 I/AudioPolicyManagerBase(  186): APM: getOutput
02-25 10:10:48.819 I/AudioPolicyManagerBase(  186): APM: getOutput
02-25 10:10:48.819 I/AudioPolicyManagerBase(  186): APM: getOutput
02-25 10:10:48.819 I/AudioPolicyManagerBase(  186): APM: getOutput
02-25 10:10:48.819 D/AudioPolicyManagerALSA(  186): startOutput() output 2, stream type 3, session 25
02-25 10:10:48.829 D/AudioHardwareALSA(  186): setStreamParameters: key value pair routing=2;stream_flags=2
02-25 10:10:48.829 D/RouteManager(  186): setOutputFlags: output flags = 0x2 (Prev Flags=0x2)
02-25 10:10:48.829 D/RouteManager(  186): setDevices: 0x2
02-25 10:10:48.829 D/RouteManager(  186): setDevices: 0x2
02-25 10:10:48.829 D/RouteManager(  186): setDevices: set device = IHF to output stream
02-25 10:10:48.829 D/RouteManager(  186): setStreamParameters: identical Platform State, do not reconsider routing
02-25 10:10:48.839 D/AudioResamplerIA(  186): Create AudioResamplerIA Resampler: Input rate 22050, output rate 48000
02-25 10:10:48.979 W/MediaPlayer( 2442): info/warning (3, 0)
02-25 10:10:48.999 D/        ( 2442): droid_create_image_android_native_buffer HAL_PIXEL_FORMAT_NV12_TILED_INTEL for native name=68
02-25 10:10:49.049 D/        ( 2442): droid_create_image_android_native_buffer HAL_PIXEL_FORMAT_NV12_TILED_INTEL for native name=62
02-25 10:10:49.079 D/        ( 2442): droid_create_image_android_native_buffer HAL_PIXEL_FORMAT_NV12_TILED_INTEL for native name=63
02-25 10:10:49.129 D/        ( 2442): droid_create_image_android_native_buffer HAL_PIXEL_FORMAT_NV12_TILED_INTEL for native name=64
02-25 10:10:49.159 D/        ( 2442): droid_create_image_android_native_buffer HAL_PIXEL_FORMAT_NV12_TILED_INTEL for native name=65
02-25 10:10:49.209 D/        ( 2442): droid_create_image_android_native_buffer HAL_PIXEL_FORMAT_NV12_TILED_INTEL for native name=66
02-25 10:10:49.249 D/        ( 2442): droid_create_image_android_native_buffer HAL_PIXEL_FORMAT_NV12_TILED_INTEL for native name=69
02-25 10:10:49.309 D/        ( 2442): droid_create_image_android_native_buffer HAL_PIXEL_FORMAT_NV12_TILED_INTEL for native name=70
02-25 10:10:49.349 D/        ( 2442): droid_create_image_android_native_buffer HAL_PIXEL_FORMAT_NV12_TILED_INTEL for native name=71
02-25 10:10:49.379 D/        ( 2442): droid_create_image_android_native_buffer HAL_PIXEL_FORMAT_NV12_TILED_INTEL for native name=72
02-25 10:10:49.419 D/        ( 2442): droid_create_image_android_native_buffer HAL_PIXEL_FORMAT_NV12_TILED_INTEL for native name=73
02-25 10:10:49.469 D/        ( 2442): droid_create_image_android_native_buffer HAL_PIXEL_FORMAT_NV12_TILED_INTEL for native name=74
02-25 10:10:49.529 D/        ( 2442): droid_create_image_android_native_buffer HAL_PIXEL_FORMAT_NV12_TILED_INTEL for native name=75
02-25 10:10:49.559 D/        ( 2442): droid_create_image_android_native_buffer HAL_PIXEL_FORMAT_NV12_TILED_INTEL for native name=76
02-25 10:10:49.609 D/        ( 2442): droid_create_image_android_native_buffer HAL_PIXEL_FORMAT_NV12_TILED_INTEL for native name=78
02-25 10:10:49.679 D/        ( 2442): droid_create_image_android_native_buffer HAL_PIXEL_FORMAT_NV12_TILED_INTEL for native name=79
02-25 10:10:49.699 D/        ( 2442): droid_create_image_android_native_buffer HAL_PIXEL_FORMAT_NV12_TILED_INTEL for native name=80
02-25 10:10:49.759 D/        ( 2442): droid_create_image_android_native_buffer HAL_PIXEL_FORMAT_NV12_TILED_INTEL for native name=81
02-25 10:10:49.779 D/        ( 2442): droid_create_image_android_native_buffer HAL_PIXEL_FORMAT_NV12_TILED_INTEL for native name=82
02-25 10:10:49.839 D/        ( 2442): droid_create_image_android_native_buffer HAL_PIXEL_FORMAT_NV12_TILED_INTEL for native name=83
02-25 10:10:49.869 D/        ( 2442): droid_create_image_android_native_buffer HAL_PIXEL_FORMAT_NV12_TILED_INTEL for native name=84
02-25 10:10:49.929 D/        ( 2442): droid_create_image_android_native_buffer HAL_PIXEL_FORMAT_NV12_TILED_INTEL for native name=85
02-25 10:10:49.959 D/        ( 2442): droid_create_image_android_native_buffer HAL_PIXEL_FORMAT_NV12_TILED_INTEL for native name=86
02-25 10:10:50.009 D/        ( 2442): droid_create_image_android_native_buffer HAL_PIXEL_FORMAT_NV12_TILED_INTEL for native name=87
02-25 10:10:50.049 D/        ( 2442): droid_create_image_android_native_buffer HAL_PIXEL_FORMAT_NV12_TILED_INTEL for native name=88
02-25 10:10:50.549 D/        ( 2442): droid_create_image_android_native_buffer HAL_PIXEL_FORMAT_NV12_TILED_INTEL for native name=77
02-25 10:10:51.769 W/TimedEventQueue(  186): Event 78 was not found in the queue, already cancelled?
02-25 10:10:51.789 E/wrs-omxil-core(  186): OMX_GetHandle(): exit failure, OMX.Intel.hw_vd.h264 not found
02-25 10:10:51.789 I/libva   (  186): VA-API version 0.34.0
02-25 10:10:51.789 I/libva   (  186): va_getDriverName() returns 0
02-25 10:10:51.789 I/libva   (  186): Trying to open /system/lib/i965_drv_video.so
02-25 10:10:51.789 I/libva   (  186): Found init function __vaDriverInit_0_32
02-25 10:10:51.789 I/libva   (  186): va_openDriver() returns 0
02-25 10:10:51.789 I/OMXCodec(  186): [OMX.Intel.hw_vd.h264] AVC profile = 66 (Baseline), level = 30
02-25 10:10:51.789 I/OMXCodec(  186): [OMX.Intel.hw_vd.h264] video dimensions are 320 x 240
02-25 10:10:51.789 I/OMXCodec(  186): [OMX.Intel.hw_vd.h264] Crop rect is 320 x 240 @ (0, 0)
02-25 10:10:51.799 W/TimedEventQueue(  186): Event 79 was not found in the queue, already cancelled?
02-25 10:10:51.799 W/AudioFlinger(  186): session id 25 not found for pid 2442
02-25 10:10:51.799 I/MediaFocusControl(  506):  AudioFocus  abandonAudioFocus() from android.media.AudioManager@21eff490org.chromium.media.MediaPlayerListener@21fd1518
02-25 10:10:51.799 V/Avrcp   ( 1132): New genId = 26, clearing = 1
02-25 10:10:51.799 W/BindingManager( 2442): Cannot call determinedVisibility() - never saw a connection for the pid: 2442
02-25 10:10:51.799 W/MediaPlayer( 2442): mediaplayer went away with unhandled events
02-25 10:10:51.809 D/SoftKeyboardDetect( 2442): Ignore this event
02-25 10:10:51.809 D/BatteryStatsImpl(  506): noteStopWakeLocked system isFromForeground = false
02-25 10:10:52.219 E/MediaResourceGetter( 2442): File does not exist.
02-25 10:10:52.219 E/MediaResourceGetter( 2442): Unable to configure metadata extractor
02-25 10:10:52.219 E/chromium( 2442): [ERROR:webmediaplayer_android.cc(449)] Not implemented reached in virtual void content::WebMediaPlayerAndroid::setRate(double)
02-25 10:10:52.229 I/MediaFocusControl(  506):  AudioFocus  requestAudioFocus() from android.media.AudioManager@21eff490org.chromium.media.MediaPlayerListener@21fe25b0
02-25 10:10:52.229 V/Avrcp   ( 1132): New genId = 27, clearing = 1
02-25 10:10:52.259 E/wrs-omxil-core(  186): OMX_GetHandle(): exit failure, OMX.Intel.hw_vd.h264 not found
02-25 10:10:52.259 I/libva   (  186): VA-API version 0.34.0
02-25 10:10:52.259 I/libva   (  186): va_getDriverName() returns 0
02-25 10:10:52.259 I/libva   (  186): Trying to open /system/lib/i965_drv_video.so
02-25 10:10:52.259 I/libva   (  186): Found init function __vaDriverInit_0_32
02-25 10:10:52.259 I/libva   (  186): va_openDriver() returns 0
02-25 10:10:52.259 I/OMXCodec(  186): [OMX.Intel.hw_vd.h264] AVC profile = 66 (Baseline), level = 30
02-25 10:10:52.259 I/OMXCodec(  186): [OMX.Intel.hw_vd.h264] video dimensions are 320 x 240
02-25 10:10:52.259 I/OMXCodec(  186): [OMX.Intel.hw_vd.h264] Crop rect is 320 x 240 @ (0, 0)
02-25 10:10:52.259 D/AudioHardwareALSA(  186): setParameters
02-25 10:10:52.259 W/RouteManager(  186): doSetParameters: Unhandled argument.
02-25 10:10:52.259 I/SoftOMXPlugin(  186): Created OMXPlugin : OMX.Intel.aac.decoder
02-25 10:10:52.269 E/wrs-omxil-core(  186): OMX_GetHandle(): exit failure, OMX.Intel.hw_vd.h264 not found
02-25 10:10:52.269 I/libva   (  186): VA-API version 0.34.0
02-25 10:10:52.269 I/libva   (  186): va_getDriverName() returns 0
02-25 10:10:52.269 I/libva   (  186): Trying to open /system/lib/i965_drv_video.so
02-25 10:10:52.269 I/libva   (  186): Found init function __vaDriverInit_0_32
02-25 10:10:52.269 I/libva   (  186): va_openDriver() returns 0
02-25 10:10:52.269 I/OMXCodec(  186): [OMX.Intel.hw_vd.h264] AVC profile = 66 (Baseline), level = 30
02-25 10:10:52.269 I/OMXCodec(  186): [OMX.Intel.hw_vd.h264] video dimensions are 320 x 240
02-25 10:10:52.269 I/OMXCodec(  186): [OMX.Intel.hw_vd.h264] Crop rect is 320 x 240 @ (0, 0)
02-25 10:10:52.279 D/SoftKeyboardDetect( 2442): Ignore this event
02-25 10:10:52.279 E/MediaPlayer( 2442): Should have subtitle controller already set
02-25 10:10:52.279 D/MediaPlayer( 2442): getMetadata
02-25 10:10:52.289 D/SoftKeyboardDetect( 2442): Ignore this event
02-25 10:10:52.289 D/BatteryStatsImpl(  506): noteStopWakeLocked system isFromForeground = false
02-25 10:10:52.779 E/wrs-omxil-core(  186): OMX_GetHandle(): exit failure, OMX.Intel.hw_vd.h264 not found
02-25 10:10:52.779 I/libva   (  186): VA-API version 0.34.0
02-25 10:10:52.779 I/libva   (  186): va_getDriverName() returns 0
02-25 10:10:52.779 I/libva   (  186): Trying to open /system/lib/i965_drv_video.so
02-25 10:10:52.779 I/libva   (  186): Found init function __vaDriverInit_0_32
02-25 10:10:52.779 I/libva   (  186): va_openDriver() returns 0
02-25 10:10:52.789 I/OMXCodec(  186): [OMX.Intel.hw_vd.h264] AVC profile = 66 (Baseline), level = 30
02-25 10:10:52.789 I/OMXCodec(  186): [OMX.Intel.hw_vd.h264] video dimensions are 320 x 240
02-25 10:10:52.789 I/OMXCodec(  186): [OMX.Intel.hw_vd.h264] Crop rect is 320 x 240 @ (0, 0)
02-25 10:10:52.799 I/MediaFocusControl(  506):  AudioFocus  abandonAudioFocus() from android.media.AudioManager@21eff490org.chromium.media.MediaPlayerListener@21fe25b0
02-25 10:10:52.799 V/Avrcp   ( 1132): New genId = 28, clearing = 1
02-25 10:10:52.799 W/BindingManager( 2442): Cannot call determinedVisibility() - never saw a connection for the pid: 2442
02-25 10:10:52.839 E/MediaResourceGetter( 2442): File does not exist.
02-25 10:10:52.839 E/MediaResourceGetter( 2442): Unable to configure metadata extractor
02-25 10:10:53.319 E/MediaResourceGetter( 2442): File does not exist.
02-25 10:10:53.319 E/MediaResourceGetter( 2442): Unable to configure metadata extractor
02-25 10:10:53.329 E/chromium( 2442): [ERROR:webmediaplayer_android.cc(449)] Not implemented reached in virtual void content::WebMediaPlayerAndroid::setRate(double)
02-25 10:10:53.329 I/MediaFocusControl(  506):  AudioFocus  requestAudioFocus() from android.media.AudioManager@21eff490org.chromium.media.MediaPlayerListener@21ff1368
02-25 10:10:53.329 V/Avrcp   ( 1132): New genId = 29, clearing = 1
02-25 10:10:53.359 E/wrs-omxil-core(  186): OMX_GetHandle(): exit failure, OMX.Intel.hw_vd.h264 not found
02-25 10:10:53.359 I/libva   (  186): VA-API version 0.34.0
02-25 10:10:53.359 I/libva   (  186): va_getDriverName() returns 0
02-25 10:10:53.359 I/libva   (  186): Trying to open /system/lib/i965_drv_video.so
02-25 10:10:53.359 I/libva   (  186): Found init function __vaDriverInit_0_32
02-25 10:10:53.359 I/libva   (  186): va_openDriver() returns 0
02-25 10:10:53.369 I/OMXCodec(  186): [OMX.Intel.hw_vd.h264] AVC profile = 66 (Baseline), level = 30
02-25 10:10:53.369 I/OMXCodec(  186): [OMX.Intel.hw_vd.h264] video dimensions are 320 x 240
02-25 10:10:53.369 I/OMXCodec(  186): [OMX.Intel.hw_vd.h264] Crop rect is 320 x 240 @ (0, 0)
02-25 10:10:53.369 D/AudioHardwareALSA(  186): setParameters
02-25 10:10:53.369 W/RouteManager(  186): doSetParameters: Unhandled argument.
02-25 10:10:53.369 I/SoftOMXPlugin(  186): Created OMXPlugin : OMX.Intel.aac.decoder
02-25 10:10:53.369 E/wrs-omxil-core(  186): OMX_GetHandle(): exit failure, OMX.Intel.hw_vd.h264 not found
02-25 10:10:53.369 I/libva   (  186): VA-API version 0.34.0
02-25 10:10:53.369 I/libva   (  186): va_getDriverName() returns 0
02-25 10:10:53.369 I/libva   (  186): Trying to open /system/lib/i965_drv_video.so
02-25 10:10:53.369 I/libva   (  186): Found init function __vaDriverInit_0_32
02-25 10:10:53.369 I/libva   (  186): va_openDriver() returns 0
02-25 10:10:53.369 I/OMXCodec(  186): [OMX.Intel.hw_vd.h264] AVC profile = 66 (Baseline), level = 30
02-25 10:10:53.369 I/OMXCodec(  186): [OMX.Intel.hw_vd.h264] video dimensions are 320 x 240
02-25 10:10:53.369 I/OMXCodec(  186): [OMX.Intel.hw_vd.h264] Crop rect is 320 x 240 @ (0, 0)
02-25 10:10:53.379 D/SoftKeyboardDetect( 2442): Ignore this event
02-25 10:10:53.379 E/MediaPlayer( 2442): Should have subtitle controller already set
02-25 10:10:53.379 D/MediaPlayer( 2442): getMetadata
02-25 10:10:53.919 E/wrs-omxil-core(  186): OMX_GetHandle(): exit failure, OMX.Intel.hw_vd.h264 not found
02-25 10:10:53.929 I/libva   (  186): VA-API version 0.34.0
02-25 10:10:53.929 I/libva   (  186): va_getDriverName() returns 0
02-25 10:10:53.929 I/libva   (  186): Trying to open /system/lib/i965_drv_video.so
02-25 10:10:53.929 I/libva   (  186): Found init function __vaDriverInit_0_32
02-25 10:10:53.929 I/libva   (  186): va_openDriver() returns 0
02-25 10:10:53.929 I/OMXCodec(  186): [OMX.Intel.hw_vd.h264] AVC profile = 66 (Baseline), level = 30
02-25 10:10:53.929 I/OMXCodec(  186): [OMX.Intel.hw_vd.h264] video dimensions are 320 x 240
02-25 10:10:53.929 I/OMXCodec(  186): [OMX.Intel.hw_vd.h264] Crop rect is 320 x 240 @ (0, 0)
02-25 10:10:53.939 I/MediaFocusControl(  506):  AudioFocus  abandonAudioFocus() from android.media.AudioManager@21eff490org.chromium.media.MediaPlayerListener@21ff1368
02-25 10:10:53.939 V/Avrcp   ( 1132): New genId = 30, clearing = 1
02-25 10:10:53.939 W/BindingManager( 2442): Cannot call determinedVisibility() - never saw a connection for the pid: 2442
02-25 10:10:53.989 E/MediaResourceGetter( 2442): File does not exist.
02-25 10:10:53.989 E/MediaResourceGetter( 2442): Unable to configure metadata extractor
02-25 10:10:53.999 E/chromium( 2442): [ERROR:webmediaplayer_android.cc(449)] Not implemented reached in virtual void content::WebMediaPlayerAndroid::setRate(double)
02-25 10:10:53.999 I/MediaFocusControl(  506):  AudioFocus  requestAudioFocus() from android.media.AudioManager@21eff490org.chromium.media.MediaPlayerListener@21ff4ae0
02-25 10:10:53.999 V/Avrcp   ( 1132): New genId = 31, clearing = 1
02-25 10:10:54.029 E/wrs-omxil-core(  186): OMX_GetHandle(): exit failure, OMX.Intel.hw_vd.h264 not found
02-25 10:10:54.029 I/libva   (  186): VA-API version 0.34.0
02-25 10:10:54.029 I/libva   (  186): va_getDriverName() returns 0
02-25 10:10:54.029 I/libva   (  186): Trying to open /system/lib/i965_drv_video.so
02-25 10:10:54.029 I/libva   (  186): Found init function __vaDriverInit_0_32
02-25 10:10:54.029 I/libva   (  186): va_openDriver() returns 0
02-25 10:10:54.029 I/OMXCodec(  186): [OMX.Intel.hw_vd.h264] AVC profile = 66 (Baseline), level = 30
02-25 10:10:54.029 I/OMXCodec(  186): [OMX.Intel.hw_vd.h264] video dimensions are 320 x 240
02-25 10:10:54.029 I/OMXCodec(  186): [OMX.Intel.hw_vd.h264] Crop rect is 320 x 240 @ (0, 0)
02-25 10:10:54.039 D/AudioHardwareALSA(  186): setParameters
02-25 10:10:54.039 W/RouteManager(  186): doSetParameters: Unhandled argument.
02-25 10:10:54.039 I/SoftOMXPlugin(  186): Created OMXPlugin : OMX.Intel.aac.decoder
02-25 10:10:54.039 E/wrs-omxil-core(  186): OMX_GetHandle(): exit failure, OMX.Intel.hw_vd.h264 not found
02-25 10:10:54.039 I/libva   (  186): VA-API version 0.34.0
02-25 10:10:54.039 I/libva   (  186): va_getDriverName() returns 0
02-25 10:10:54.039 I/libva   (  186): Trying to open /system/lib/i965_drv_video.so
02-25 10:10:54.039 I/libva   (  186): Found init function __vaDriverInit_0_32
02-25 10:10:54.039 I/libva   (  186): va_openDriver() returns 0
02-25 10:10:54.039 I/OMXCodec(  186): [OMX.Intel.hw_vd.h264] AVC profile = 66 (Baseline), level = 30
02-25 10:10:54.039 I/OMXCodec(  186): [OMX.Intel.hw_vd.h264] video dimensions are 320 x 240
02-25 10:10:54.039 I/OMXCodec(  186): [OMX.Intel.hw_vd.h264] Crop rect is 320 x 240 @ (0, 0)
02-25 10:10:54.049 D/SoftKeyboardDetect( 2442): Ignore this event
02-25 10:10:54.049 E/MediaPlayer( 2442): Should have subtitle controller already set
02-25 10:10:54.049 D/MediaPlayer( 2442): getMetadata
02-25 10:10:54.579 E/wrs-omxil-core(  186): OMX_GetHandle(): exit failure, OMX.Intel.hw_vd.h264 not found
02-25 10:10:54.589 I/libva   (  186): VA-API version 0.34.0
02-25 10:10:54.589 I/libva   (  186): va_getDriverName() returns 0
02-25 10:10:54.589 I/libva   (  186): Trying to open /system/lib/i965_drv_video.so
02-25 10:10:54.589 I/libva   (  186): Found init function __vaDriverInit_0_32
02-25 10:10:54.589 I/libva   (  186): va_openDriver() returns 0
02-25 10:10:54.589 I/OMXCodec(  186): [OMX.Intel.hw_vd.h264] AVC profile = 66 (Baseline), level = 30
02-25 10:10:54.589 I/OMXCodec(  186): [OMX.Intel.hw_vd.h264] video dimensions are 320 x 240
02-25 10:10:54.589 I/OMXCodec(  186): [OMX.Intel.hw_vd.h264] Crop rect is 320 x 240 @ (0, 0)
02-25 10:10:54.599 I/MediaFocusControl(  506):  AudioFocus  abandonAudioFocus() from android.media.AudioManager@21eff490org.chromium.media.MediaPlayerListener@21ff4ae0
02-25 10:10:54.609 V/Avrcp   ( 1132): New genId = 32, clearing = 1
02-25 10:10:54.609 W/BindingManager( 2442): Cannot call determinedVisibility() - never saw a connection for the pid: 2442
02-25 10:10:54.789 D/PROPERTY(  186): get media.dump_output.befconv: 0
02-25 10:10:54.789 D/PROPERTY(  186): get media.dump_output.aftconv: 0
02-25 10:10:54.789 D/RouteManager(  186): stopStream: {+++ RECONSIDER ROUTING +++} due to output stream stop event
02-25 10:10:54.789 D/RouteManager(  186): reconsiderRouting
02-25 10:10:54.789 D/EVENT_THREAD(  186): void CEventThread::trig(uint16_t): in
02-25 10:10:54.789 D/EVENT_THREAD(  186): void CEventThread::trig(uint16_t): out
02-25 10:10:54.789 D/RouteManager(  186): doReconsiderRouting:       Platform State:
02-25 10:10:54.789 D/RouteManager(  186): doReconsiderRouting:          -Modem Alive = 0 
02-25 10:10:54.789 D/RouteManager(  186): doReconsiderRouting:          -Modem Call Active = 0 
02-25 10:10:54.789 D/RouteManager(  186): doReconsiderRouting:          -Is Shared I2S glitch free=1 
02-25 10:10:54.789 D/RouteManager(  186): doReconsiderRouting:          -Android Telephony Mode = Normal 
02-25 10:10:54.789 D/RouteManager(  186): doReconsiderRouting:          -RTE MGR HW Mode = Normal 
02-25 10:10:54.789 D/RouteManager(  186): doReconsiderRouting:          -BT Enabled = 1 
02-25 10:10:54.789 D/RouteManager(  186): doReconsiderRouting:          -BT NREC = 0 
02-25 10:10:54.789 D/RouteManager(  186): doReconsiderRouting:          -BT Band = NB 
02-25 10:10:54.789 D/RouteManager(  186): doReconsiderRouting:          -Platform output device = IHF 
02-25 10:10:54.789 D/RouteManager(  186): doReconsiderRouting:          -Platform input device = <none> 
02-25 10:10:54.789 D/RouteManager(  186): doReconsiderRouting:          -Platform input source = None 
02-25 10:10:54.789 D/RouteManager(  186): doReconsiderRouting:          -Platform Band type = NB 
02-25 10:10:54.789 D/RouteManager(  186): doReconsiderRouting:          -Platform Has Direct Stream = no 
02-25 10:10:54.789 D/RouteManager(  186): doReconsiderRouting:          -Platform TTY direction = <none> 
02-25 10:10:54.789 D/RouteManager(  186): doReconsiderRouting:          -Platform HAC Mode = Off 
02-25 10:10:54.789 D/RouteManager(  186): doReconsiderRouting:          -Platform Screen State = On 
02-25 10:10:54.789 D/RouteManager(  186): doReconsiderRouting:          -Platform Context Awareness = false 
02-25 10:10:54.789 D/RouteManager(  186): doReconsiderRouting:          -Platform Always Listening = false 
02-25 10:10:54.789 D/RouteManager(  186): doReconsiderRouting:          -Platform FM State = Off 
02-25 10:10:54.789 D/RouteManager(  186): doReconsiderRouting:          -Platform Bypass Non Linear PP State = Off 
02-25 10:10:54.789 D/RouteManager(  186): doReconsiderRouting:          -Platform Bypass Linear PP State = Off 
02-25 10:10:54.789 D/RouteManager(  186): doReconsiderRouting:          -Platform MicMute = Off 
02-25 10:10:54.789 D/RouteManager(  186): doReconsiderRouting:      Route state:
02-25 10:10:54.789 D/RouteManager(  186): doReconsiderRouting:          -Previously Enabled Route in Input = <none>
02-25 10:10:54.789 D/RouteManager(  186): doReconsiderRouting:          -Previously Enabled Route in Output = Media|HwCodecMedia
02-25 10:10:54.789 D/RouteManager(  186): doReconsiderRouting:          -Selected Route in Input = <none>
02-25 10:10:54.789 D/RouteManager(  186): doReconsiderRouting:          -Selected Route in Output = <none>
02-25 10:10:54.789 D/RouteManager(  186): doReconsiderRouting:          -Route that need reconfiguration in Input = <none>
02-25 10:10:54.789 D/RouteManager(  186): doReconsiderRouting:          -Route that need reconfiguration in Output = <none>
02-25 10:10:54.789 D/RouteManager(  186): executeMuteStage: --------------- Routing Stage = Mute ---------------
02-25 10:10:54.789 D/RouteManager(  186): parameter-framework: Selection criterion changed event: Criterion name: RoutageState, current state: Flow
02-25 10:10:54.789 D/RouteManager(  186): muteRoutes: Expected Routes to be muted in Output = Media|HwCodecMedia
02-25 10:10:54.789 D/RouteManager(  186): parameter-framework: Selection criterion changed event: Criterion name: ClosingPlaybackRoutes, current state: Media|HwCodecMedia
02-25 10:10:54.789 D/RouteManager(  186): parameter-framework: Selection criterion changed event: Criterion name: OpenedPlaybackRoutes, current state: <none>
02-25 10:10:54.789 D/RouteManager(  186): parameter-framework: Configuration application request {
02-25 10:10:54.789 D/RouteManager(  186): parameter-framework:     Applying configurations {
02-25 10:10:54.789 D/RouteManager(  186): parameter-framework:     } Applying configurations
02-25 10:10:54.789 D/RouteManager(  186): parameter-framework: } Configuration application request
02-25 10:10:54.789 D/RouteManager(  186): executeDisableStage: --------------- Routing Stage = Disable ---------------
02-25 10:10:54.789 D/RouteManager(  186): parameter-framework: Selection criterion changed event: Criterion name: RoutageState, current state: Path
02-25 10:10:54.789 D/RouteManager(  186): prepareDisableRoutes: Routes to be disabled(unrouted) in Output = Media|HwCodecMedia
02-25 10:10:54.789 D/ALSAStreamOps(  186): detachRouteL output stream
02-25 10:10:54.789 D/RouteManager/StreamRoute(  186): closePcmDevice called for card (baytrailaudio,0)
02-25 10:10:54.809 D/RouteManager(  186): parameter-framework: Configuration application request {
02-25 10:10:54.809 D/RouteManager(  186): parameter-framework:     Applying configurations {
02-25 10:10:54.809 D/RouteManager(  186): parameter-framework:         Applying configuration "Disable" from domain "Routing.Enable.HWCodec.Playback.IHF"
02-25 10:10:54.809 D/RouteManager(  186): parameter-framework:         Applying configuration "Disable" from domain "Routing.Enable.HWCodec.Playback.Multimedia.IHF"
02-25 10:10:54.809 D/RouteManager(  186): parameter-framework:         Applying configuration "Disable" from domain "Routing.Enable.HWCodec.Playback.Multimedia.Playback"
02-25 10:10:54.819 D/RouteManager(  186): parameter-framework:     } Applying configurations
02-25 10:10:54.819 D/RouteManager(  186): parameter-framework: } Configuration application request
02-25 10:10:54.819 D/RouteManager(  186): executeConfigureStage: --------------- Routing Stage = Configure ---------------
