--------- beginning of /dev/log/main
02-25 14:04:49.679 D/EVENT_THREAD(  186): void CEventThread::run() POLLIN event on Fd (1)
02-25 14:04:49.679 D/EVENT_THREAD(  186): void CEventThread::run() Do poll with timeout: -1
02-25 14:04:49.859 D/AndroidRuntime(14082): 
02-25 14:04:49.859 D/AndroidRuntime(14082): >>>>>> AndroidRuntime START com.android.internal.os.RuntimeInit <<<<<<
02-25 14:04:49.859 D/AndroidRuntime(14082): CheckJNI is OFF
02-25 14:04:49.859 I/AndroidRuntime(14082): Kernel Release Version: 3.10.20-gf818079
02-25 14:04:49.869 I/dalvikvm(14082): No library specified. The standard exception handler will be used
02-25 14:04:49.869 I/dalvikvm(14082): 
02-25 14:04:49.869 I/dalvikvm(14082): +++++++++++++ Using PCG. +++++++++++++++++++++
02-25 14:04:49.879 D/dalvikvm(14082): Trying to load lib libjavacore.so 0x0
02-25 14:04:49.879 D/dalvikvm(14082): Added shared lib libjavacore.so 0x0
02-25 14:04:49.879 D/dalvikvm(14082): Trying to load lib libnativehelper.so 0x0
02-25 14:04:49.879 D/dalvikvm(14082): Added shared lib libnativehelper.so 0x0
02-25 14:04:49.879 D/dalvikvm(14082): No JNI_OnLoad found in libnativehelper.so 0x0, skipping init
02-25 14:04:49.889 D/dalvikvm(14082): Extra Options: not specified
02-25 14:04:49.899 D/dalvikvm(14082): Note: class Landroid/app/ActivityManagerNative; has 186 unimplemented (abstract) methods
02-25 14:04:49.969 E/memtrack(14082): Couldn't load memtrack module (No such file or directory)
02-25 14:04:49.969 E/android.os.Debug(14082): failed to load memtrack module: -2
02-25 14:04:50.009 D/AndroidRuntime(14082): Calling main entry com.android.commands.am.Am
--------- beginning of /dev/log/system
02-25 14:04:50.039 I/ActivityManager(  506): Force stopping org.xwalk.webapi_service_tests appid=10266 user=0: from pid 14082
02-25 14:04:50.039 D/AndroidRuntime(14082): Shutting down VM
02-25 14:04:50.049 D/dalvikvm(14082): GC_CONCURRENT freed 112K, 15% free 666K/784K, paused 1ms+0ms, total 2ms
02-25 14:04:50.049 D/dalvikvm(14082): Compiler shutdown in progress - discarding request
02-25 14:04:50.049 D/dalvikvm(14082): Compiler shutdown in progress - discarding request
02-25 14:04:50.049 D/dalvikvm(14082): Compiler shutdown in progress - discarding request
02-25 14:04:50.049 D/dalvikvm(14082): Compiler shutdown in progress - discarding request
02-25 14:04:50.049 D/dalvikvm(14082): Compiler shutdown in progress - discarding request
02-25 14:04:50.049 D/dalvikvm(14082): Compiler shutdown in progress - discarding request
02-25 14:04:50.049 D/dalvikvm(14082): Compiler shutdown in progress - discarding request
02-25 14:04:50.049 D/dalvikvm(14082): Compiler shutdown in progress - discarding request
02-25 14:04:50.049 D/dalvikvm(14082): Compiler shutdown in progress - discarding request
02-25 14:04:50.049 D/dalvikvm(14082): Compiler shutdown in progress - discarding request
02-25 14:04:50.049 D/dalvikvm(14082): Compiler shutdown in progress - discarding request
02-25 14:04:50.049 D/dalvikvm(14082): Compiler shutdown in progress - discarding request
02-25 14:04:50.049 D/dalvikvm(14082): Compiler shutdown in progress - discarding request
02-25 14:04:50.049 D/dalvikvm(14082): Compiler shutdown in progress - discarding request
02-25 14:04:50.049 D/dalvikvm(14082): Compiler shutdown in progress - discarding request
02-25 14:04:50.049 D/dalvikvm(14082): Compiler shutdown in progress - discarding request
02-25 14:04:50.049 D/dalvikvm(14082): Compiler shutdown in progress - discarding request
02-25 14:04:50.049 D/dalvikvm(14082): Compiler shutdown in progress - discarding request
02-25 14:04:50.049 D/dalvikvm(14082): Compiler shutdown in progress - discarding request
02-25 14:04:50.049 D/dalvikvm(14082): Compiler shutdown in progress - discarding request
02-25 14:04:50.049 D/dalvikvm(14082): Compiler shutdown in progress - discarding request
02-25 14:04:50.049 D/dalvikvm(14082): Compiler shutdown in progress - discarding request
02-25 14:04:50.049 D/dalvikvm(14082): Compiler shutdown in progress - discarding request
02-25 14:04:50.049 D/dalvikvm(14082): Compiler shutdown in progress - discarding request
02-25 14:04:50.049 D/dalvikvm(14082): Compiler shutdown in progress - discarding request
02-25 14:04:50.049 D/dalvikvm(14082): Compiler shutdown in progress - discarding request
02-25 14:04:50.049 D/dalvikvm(14082): Compiler shutdown in progress - discarding request
02-25 14:04:50.049 D/dalvikvm(14082): Compiler shutdown in progress - discarding request
02-25 14:04:50.049 D/dalvikvm(14082): Compiler shutdown in progress - discarding request
02-25 14:04:50.049 D/dalvikvm(14082): Compiler shutdown in progress - discarding request
02-25 14:04:50.049 D/dalvikvm(14082): Compiler shutdown in progress - discarding request
02-25 14:04:50.049 D/dalvikvm(14082): Compiler shutdown in progress - discarding request
02-25 14:04:50.049 D/dalvikvm(14082): Compiler shutdown in progress - discarding request
02-25 14:04:50.049 D/dalvikvm(14082): Compiler shutdown in progress - discarding request
02-25 14:04:50.049 D/dalvikvm(14082): Compiler shutdown in progress - discarding request
02-25 14:04:50.049 D/dalvikvm(14082): Compiler shutdown in progress - discarding request
02-25 14:04:50.049 D/dalvikvm(14082): Compiler shutdown in progress - discarding request
02-25 14:04:50.049 D/dalvikvm(14082): Compiler shutdown in progress - discarding request
02-25 14:04:50.049 D/dalvikvm(14082): Compiler shutdown in progress - discarding request
02-25 14:04:50.049 D/dalvikvm(14082): Compiler shutdown in progress - discarding request
02-25 14:04:50.049 D/dalvikvm(14082): Compiler shutdown in progress - discarding request
02-25 14:04:50.049 D/dalvikvm(14082): Compiler shutdown in progress - discarding request
02-25 14:04:50.049 D/dalvikvm(14082): Compiler shutdown in progress - discarding request
02-25 14:04:50.049 D/dalvikvm(14082): Compiler shutdown in progress - discarding request
02-25 14:04:50.049 D/dalvikvm(14082): Compiler shutdown in progress - discarding request
02-25 14:04:50.049 D/dalvikvm(14082): Compiler shutdown in progress - discarding request
02-25 14:04:50.049 D/dalvikvm(14082): Compiler shutdown in progress - discarding request
02-25 14:04:50.049 D/dalvikvm(14082): Compiler shutdown in progress - discarding request
02-25 14:04:50.049 D/dalvikvm(14082): Compiler shutdown in progress - discarding request
02-25 14:04:50.049 D/dalvikvm(14082): Compiler shutdown in progress - discarding request
02-25 14:04:50.529 D/AndroidRuntime(14094): 
02-25 14:04:50.529 D/AndroidRuntime(14094): >>>>>> AndroidRuntime START com.android.internal.os.RuntimeInit <<<<<<
02-25 14:04:50.529 D/AndroidRuntime(14094): CheckJNI is OFF
02-25 14:04:50.529 I/AndroidRuntime(14094): Kernel Release Version: 3.10.20-gf818079
02-25 14:04:50.529 I/dalvikvm(14094): No library specified. The standard exception handler will be used
02-25 14:04:50.529 I/dalvikvm(14094): 
02-25 14:04:50.529 I/dalvikvm(14094): +++++++++++++ Using PCG. +++++++++++++++++++++
02-25 14:04:50.539 D/dalvikvm(14094): Trying to load lib libjavacore.so 0x0
02-25 14:04:50.539 D/dalvikvm(14094): Added shared lib libjavacore.so 0x0
02-25 14:04:50.539 D/dalvikvm(14094): Trying to load lib libnativehelper.so 0x0
02-25 14:04:50.539 D/dalvikvm(14094): Added shared lib libnativehelper.so 0x0
02-25 14:04:50.539 D/dalvikvm(14094): No JNI_OnLoad found in libnativehelper.so 0x0, skipping init
02-25 14:04:50.549 D/dalvikvm(14094): Extra Options: not specified
02-25 14:04:50.559 D/dalvikvm(14094): Note: class Landroid/app/ActivityManagerNative; has 186 unimplemented (abstract) methods
02-25 14:04:50.639 E/memtrack(14094): Couldn't load memtrack module (No such file or directory)
02-25 14:04:50.639 E/android.os.Debug(14094): failed to load memtrack module: -2
02-25 14:04:50.679 D/AndroidRuntime(14094): Calling main entry com.android.commands.am.Am
02-25 14:04:50.709 D/AndroidRuntime(14094): Shutting down VM
02-25 14:04:50.709 D/dalvikvm(14094): GC_CONCURRENT freed 112K, 16% free 674K/800K, paused 0ms+0ms, total 1ms
02-25 14:04:50.709 I/ActivityManager(  506): START u0 {flg=0x10000000 cmp=org.xwalk.webapi_service_tests/.webapi_service_testsActivity} from pid 14094
02-25 14:04:50.719 D/dalvikvm(14094): Compiler shutdown in progress - discarding request
02-25 14:04:50.719 D/dalvikvm(14094): Compiler shutdown in progress - discarding request
02-25 14:04:50.719 D/dalvikvm(14094): Compiler shutdown in progress - discarding request
02-25 14:04:50.719 D/dalvikvm(14094): Compiler shutdown in progress - discarding request
02-25 14:04:50.719 D/dalvikvm(14094): Compiler shutdown in progress - discarding request
02-25 14:04:50.719 D/dalvikvm(14094): Compiler shutdown in progress - discarding request
02-25 14:04:50.719 D/dalvikvm(14094): Compiler shutdown in progress - discarding request
02-25 14:04:50.719 D/dalvikvm(14094): Compiler shutdown in progress - discarding request
02-25 14:04:50.719 D/dalvikvm(14094): Compiler shutdown in progress - discarding request
02-25 14:04:50.719 D/dalvikvm(14094): Compiler shutdown in progress - discarding request
02-25 14:04:50.719 D/dalvikvm(14094): Compiler shutdown in progress - discarding request
02-25 14:04:50.719 D/dalvikvm(14094): Compiler shutdown in progress - discarding request
02-25 14:04:50.719 D/dalvikvm(14094): Compiler shutdown in progress - discarding request
02-25 14:04:50.719 D/dalvikvm(14094): Compiler shutdown in progress - discarding request
02-25 14:04:50.719 D/dalvikvm(14094): Compiler shutdown in progress - discarding request
02-25 14:04:50.719 D/dalvikvm(14094): Compiler shutdown in progress - discarding request
02-25 14:04:50.719 D/dalvikvm(14094): Compiler shutdown in progress - discarding request
02-25 14:04:50.719 D/dalvikvm(14094): Compiler shutdown in progress - discarding request
02-25 14:04:50.719 D/dalvikvm(14094): Compiler shutdown in progress - discarding request
02-25 14:04:50.719 D/dalvikvm(14094): Compiler shutdown in progress - discarding request
02-25 14:04:50.719 D/dalvikvm(14094): Compiler shutdown in progress - discarding request
02-25 14:04:50.719 D/dalvikvm(14094): Compiler shutdown in progress - discarding request
02-25 14:04:50.719 D/dalvikvm(14094): Compiler shutdown in progress - discarding request
02-25 14:04:50.719 D/dalvikvm(14094): Compiler shutdown in progress - discarding request
02-25 14:04:50.719 D/dalvikvm(14094): Compiler shutdown in progress - discarding request
02-25 14:04:50.719 D/dalvikvm(14094): Compiler shutdown in progress - discarding request
02-25 14:04:50.719 D/dalvikvm(14094): Compiler shutdown in progress - discarding request
02-25 14:04:50.719 D/dalvikvm(14094): Compiler shutdown in progress - discarding request
02-25 14:04:50.719 D/dalvikvm(14094): Compiler shutdown in progress - discarding request
02-25 14:04:50.719 D/dalvikvm(14094): Compiler shutdown in progress - discarding request
02-25 14:04:50.719 D/dalvikvm(14094): Compiler shutdown in progress - discarding request
02-25 14:04:50.719 D/dalvikvm(14094): Compiler shutdown in progress - discarding request
02-25 14:04:50.719 D/dalvikvm(14094): Compiler shutdown in progress - discarding request
02-25 14:04:50.719 D/dalvikvm(14094): Compiler shutdown in progress - discarding request
02-25 14:04:50.719 D/dalvikvm(14094): Compiler shutdown in progress - discarding request
02-25 14:04:50.719 D/dalvikvm(14094): Compiler shutdown in progress - discarding request
02-25 14:04:50.719 D/dalvikvm(14094): Compiler shutdown in progress - discarding request
02-25 14:04:50.719 D/dalvikvm(14094): Compiler shutdown in progress - discarding request
02-25 14:04:50.719 D/dalvikvm(14094): Compiler shutdown in progress - discarding request
02-25 14:04:50.719 D/dalvikvm(14094): Compiler shutdown in progress - discarding request
02-25 14:04:50.719 D/dalvikvm(14094): Compiler shutdown in progress - discarding request
02-25 14:04:50.719 D/dalvikvm(14094): Compiler shutdown in progress - discarding request
02-25 14:04:50.719 D/dalvikvm(14094): Compiler shutdown in progress - discarding request
02-25 14:04:50.719 D/dalvikvm(14094): Compiler shutdown in progress - discarding request
02-25 14:04:50.719 D/dalvikvm(14094): Compiler shutdown in progress - discarding request
02-25 14:04:51.309 D/AndroidRuntime(14105): 
02-25 14:04:51.309 D/AndroidRuntime(14105): >>>>>> AndroidRuntime START com.android.internal.os.RuntimeInit <<<<<<
02-25 14:04:51.309 D/AndroidRuntime(14105): CheckJNI is OFF
02-25 14:04:51.309 I/AndroidRuntime(14105): Kernel Release Version: 3.10.20-gf818079
02-25 14:04:51.309 I/dalvikvm(14105): No library specified. The standard exception handler will be used
02-25 14:04:51.319 I/dalvikvm(14105): 
02-25 14:04:51.319 I/dalvikvm(14105): +++++++++++++ Using PCG. +++++++++++++++++++++
02-25 14:04:51.319 D/dalvikvm(14105): Trying to load lib libjavacore.so 0x0
02-25 14:04:51.329 D/dalvikvm(14105): Added shared lib libjavacore.so 0x0
02-25 14:04:51.329 D/dalvikvm(14105): Trying to load lib libnativehelper.so 0x0
02-25 14:04:51.329 D/dalvikvm(14105): Added shared lib libnativehelper.so 0x0
02-25 14:04:51.329 D/dalvikvm(14105): No JNI_OnLoad found in libnativehelper.so 0x0, skipping init
02-25 14:04:51.329 D/dalvikvm(14105): Extra Options: not specified
02-25 14:04:51.349 D/dalvikvm(14105): Note: class Landroid/app/ActivityManagerNative; has 186 unimplemented (abstract) methods
02-25 14:04:51.429 E/memtrack(14105): Couldn't load memtrack module (No such file or directory)
02-25 14:04:51.429 E/android.os.Debug(14105): failed to load memtrack module: -2
02-25 14:04:51.459 D/AndroidRuntime(14105): Calling main entry com.android.commands.am.Am
02-25 14:04:51.499 I/ActivityManager(  506): START u0 {flg=0x10000000 cmp=org.xwalk.webapi_service_tests/.webapi_service_tests} from pid 14105
02-25 14:04:51.519 D/dalvikvm(  506): GC_FOR_ALLOC freed 775K, 27% free 16916K/22996K, paused 20ms, total 20ms
02-25 14:04:51.519 D/AndroidRuntime(14105): Shutting down VM
02-25 14:04:51.529 V/WeatherTimeProvider( 1537): widget on Visibility Changed
02-25 14:04:51.529 I/SecurityManagerService(  602): SMS received security event: App[START/org.xwalk.webapi_service_tests]
02-25 14:04:51.529 D/dalvikvm(14105): GC_CONCURRENT freed 110K, 16% free 673K/800K, paused 0ms+0ms, total 2ms
02-25 14:04:51.529 D/dalvikvm(14105): Compiler shutdown in progress - discarding request
02-25 14:04:51.529 D/dalvikvm(14116): Late-enabling CheckJNI
02-25 14:04:51.529 D/dalvikvm(14116): Try to disable coredump for pid 14116
02-25 14:04:51.529 D/dalvikvm(14116): Process 14116 nice name: org.xwalk.webapi_service_tests
02-25 14:04:51.529 D/dalvikvm(14116): Extra Options: not specified
02-25 14:04:51.539 D/dalvikvm(14105): Compiler shutdown in progress - discarding request
02-25 14:04:51.539 D/dalvikvm(14105): Compiler shutdown in progress - discarding request
02-25 14:04:51.539 D/dalvikvm(14105): Compiler shutdown in progress - discarding request
02-25 14:04:51.539 D/dalvikvm(14105): Compiler shutdown in progress - discarding request
02-25 14:04:51.539 D/dalvikvm(14105): Compiler shutdown in progress - discarding request
02-25 14:04:51.539 D/dalvikvm(14105): Compiler shutdown in progress - discarding request
02-25 14:04:51.539 D/dalvikvm(14105): Compiler shutdown in progress - discarding request
02-25 14:04:51.539 D/dalvikvm(14105): Compiler shutdown in progress - discarding request
02-25 14:04:51.539 D/dalvikvm(14105): Compiler shutdown in progress - discarding request
02-25 14:04:51.539 D/dalvikvm(14105): Compiler shutdown in progress - discarding request
02-25 14:04:51.539 D/dalvikvm(14105): Compiler shutdown in progress - discarding request
02-25 14:04:51.539 D/dalvikvm(14105): Compiler shutdown in progress - discarding request
02-25 14:04:51.539 D/dalvikvm(14105): Compiler shutdown in progress - discarding request
02-25 14:04:51.539 D/dalvikvm(14105): Compiler shutdown in progress - discarding request
02-25 14:04:51.539 D/dalvikvm(14105): Compiler shutdown in progress - discarding request
02-25 14:04:51.539 D/dalvikvm(14105): Compiler shutdown in progress - discarding request
02-25 14:04:51.539 D/dalvikvm(14105): Compiler shutdown in progress - discarding request
02-25 14:04:51.539 D/dalvikvm(14105): Compiler shutdown in progress - discarding request
02-25 14:04:51.539 D/dalvikvm(14105): Compiler shutdown in progress - discarding request
02-25 14:04:51.539 D/dalvikvm(14105): Compiler shutdown in progress - discarding request
02-25 14:04:51.539 D/dalvikvm(14105): Compiler shutdown in progress - discarding request
02-25 14:04:51.539 D/dalvikvm(14105): Compiler shutdown in progress - discarding request
02-25 14:04:51.539 D/dalvikvm(14105): Compiler shutdown in progress - discarding request
02-25 14:04:51.539 D/dalvikvm(14105): Compiler shutdown in progress - discarding request
02-25 14:04:51.539 D/dalvikvm(14105): Compiler shutdown in progress - discarding request
02-25 14:04:51.539 D/dalvikvm(14105): Compiler shutdown in progress - discarding request
02-25 14:04:51.539 D/dalvikvm(14105): Compiler shutdown in progress - discarding request
02-25 14:04:51.539 D/dalvikvm(14105): Compiler shutdown in progress - discarding request
02-25 14:04:51.539 D/dalvikvm(14105): Compiler shutdown in progress - discarding request
02-25 14:04:51.539 D/dalvikvm(14105): Compiler shutdown in progress - discarding request
02-25 14:04:51.539 D/dalvikvm(14105): Compiler shutdown in progress - discarding request
02-25 14:04:51.539 D/dalvikvm(14105): Compiler shutdown in progress - discarding request
02-25 14:04:51.539 D/dalvikvm(14105): Compiler shutdown in progress - discarding request
02-25 14:04:51.539 I/ActivityManager(  506): Start proc org.xwalk.webapi_service_tests for activity org.xwalk.webapi_service_tests/.webapi_service_tests: pid=14116 uid=10266 gids={50266, 3003, 1028, 1015}
02-25 14:04:51.549 D/WindowManager(  506): adjustConfigurationLw, config:{1.0 ?mcc?mnc ?locale ?layoutDir sw600dp w600dp h888dp 213dpi lrg port ?uimode ?night finger -keyb/v/h -nav/v} mLidState:1 mHasDockFeature:false mHasKeyboardFeature:false mHasHallSensorFeature:true config.hardKeyboardHidden:2
02-25 14:04:51.559 I/ActivityManager(  506): [TopPkgCurBat]	NowPkgName[org.xwalk.webapi_service_tests]	Battery[91]	TimeTick[1424844291568]	OldPkgName[com.asus.launcher]
02-25 14:04:51.569 D/        (  702): Surface destroy: ANDROID_NATIVE_WINDOW_MAGIC
02-25 14:04:51.579 I/CordovaLog(14116): Changing log level to DEBUG(3)
02-25 14:04:51.579 D/CordovaActivity(14116): CordovaActivity.init()
02-25 14:04:51.579 D/dalvikvm(14116): Trying to load lib /data/app-lib/org.xwalk.webapi_service_tests-1/libxwalkcore.so 0x43d816a0
02-25 14:04:51.589 D/dalvikvm(14116): Added shared lib /data/app-lib/org.xwalk.webapi_service_tests-1/libxwalkcore.so 0x43d816a0
02-25 14:04:51.589 I/LibraryLoader(14116): Time to load native libraries: 11 ms (timestamps 5798-5809)
02-25 14:04:51.589 I/LibraryLoader(14116): Expected native library version number "",actual native library version number ""
02-25 14:04:51.619 I/LibraryLoader(14116): Expected native library version number "",actual native library version number ""
02-25 14:04:51.619 I/chromium(14116): [INFO:library_loader_hooks.cc(112)] Chromium logging enabled: level = 0, default verbosity = 0
02-25 14:04:51.619 I/BrowserStartupController(14116): Initializing chromium process, singleProcess=true
02-25 14:04:51.669 W/chromium(14116): [WARNING:dns_config_service_posix.cc(293)] Failed to read DnsConfig.
02-25 14:04:51.669 W/AudioManagerAndroid(14116): Requires BLUETOOTH permission
02-25 14:04:51.679 I/ufoGralloc(14116): Hello, this is UFO GRALLOC/Intel Corporation
02-25 14:04:51.679 D/        (14116): Pixel Format : GGL_PIXEL_FORMAT_RGBA_8888
02-25 14:04:51.679 D/        (14116): droid_create_context : config id = 1 conf->NativeVisualID=1
02-25 14:04:51.679 D/        (14116): Pixel Format : GGL_PIXEL_FORMAT_RGBA_8888
02-25 14:04:51.679 I/        (14116): Requested context : GLES 2.0
02-25 14:04:51.709 W/chromium(14116): [WARNING:proxy_service.cc(899)] PAC support disabled because there is no system implementation
02-25 14:04:51.719 W/dalvikvm(14116): VFY: unable to find class referenced in signature (Landroid/view/inputmethod/CursorAnchorInfo;)
02-25 14:04:51.719 I/dalvikvm(14116): Could not find method android.view.inputmethod.InputMethodManager.updateCursorAnchorInfo, referenced from method org.chromium.content.browser.input.InputMethodManagerWrapper.updateCursorAnchorInfo
02-25 14:04:51.719 W/dalvikvm(14116): VFY: unable to resolve virtual method 1368: Landroid/view/inputmethod/InputMethodManager;.updateCursorAnchorInfo (Landroid/view/View;Landroid/view/inputmethod/CursorAnchorInfo;)V
02-25 14:04:51.719 D/dalvikvm(14116): VFY: replacing opcode 0x6e at 0x000a
02-25 14:04:51.759 E/cutils  (  163): Failed to mkdirat(/Removable/MicroSD): Read-only file system
02-25 14:04:51.759 W/ContextImpl(14116): Failed to ensure directory: /Removable/MicroSD/Android/data/org.xwalk.webapi_service_tests/cache
02-25 14:04:51.759 W/Vold    (  163): Returning OperationFailed - no handler for errno 30
02-25 14:04:51.769 D/CordovaActivity(14116): CordovaActivity.createViews()
02-25 14:04:51.769 E/chromium(14116): [ERROR:unix_domain_server_socket_posix.cc(106)] Not implemented reached in virtual int net::UnixDomainServerSocket::GetLocalAddress(net::IPEndPoint*) const
02-25 14:04:51.769 D/CordovaWebView(14116): >>> loadUrl(file:///android_asset/www/index.html)
02-25 14:04:51.769 D/PluginManager(14116): init()
02-25 14:04:51.779 E/cutils  (  163): Failed to mkdirat(/Removable/MicroSD): Read-only file system
02-25 14:04:51.779 W/ContextImpl(14116): Failed to ensure directory: /Removable/MicroSD/Android/data/org.xwalk.webapi_service_tests/files
02-25 14:04:51.779 E/cutils  (  163): Failed to mkdirat(/Removable/MicroSD): Read-only file system
02-25 14:04:51.779 W/ContextImpl(14116): Failed to ensure directory: /Removable/MicroSD/Android/data/org.xwalk.webapi_service_tests/cache
02-25 14:04:51.779 D/CordovaWebView(14116): >>> loadUrlNow()
02-25 14:04:51.779 I/dalvikvm(14116): Could not find method android.app.Activity.finishAndRemoveTask, referenced from method org.chromium.base.ApiCompatibilityUtils.finishAndRemoveTask
02-25 14:04:51.779 W/dalvikvm(14116): VFY: unable to resolve virtual method 6: Landroid/app/Activity;.finishAndRemoveTask ()V
02-25 14:04:51.779 D/dalvikvm(14116): VFY: replacing opcode 0x6e at 0x0006
02-25 14:04:51.779 I/dalvikvm(14116): Could not find method android.os.PowerManager.isInteractive, referenced from method org.chromium.base.ApiCompatibilityUtils.isInteractive
02-25 14:04:51.779 W/dalvikvm(14116): VFY: unable to resolve virtual method 874: Landroid/os/PowerManager;.isInteractive ()Z
02-25 14:04:51.779 D/dalvikvm(14116): VFY: replacing opcode 0x6e at 0x000e
02-25 14:04:51.779 I/dalvikvm(14116): Could not find method android.view.Window.getNavigationBarColor, referenced from method org.chromium.base.ApiCompatibilityUtils.setStatusBarColor
02-25 14:04:51.779 W/dalvikvm(14116): VFY: unable to resolve virtual method 1268: Landroid/view/Window;.getNavigationBarColor ()I
02-25 14:04:51.779 D/dalvikvm(14116): VFY: replacing opcode 0x6e at 0x0010
02-25 14:04:51.779 I/dalvikvm(14116): Could not find method android.view.Window.setStatusBarColor, referenced from method org.chromium.base.ApiCompatibilityUtils.setStatusBarColor
02-25 14:04:51.779 W/dalvikvm(14116): VFY: unable to resolve virtual method 1274: Landroid/view/Window;.setStatusBarColor (I)V
02-25 14:04:51.779 D/dalvikvm(14116): VFY: replacing opcode 0x6e at 0x0019
02-25 14:04:51.779 E/dalvikvm(14116): Could not find class 'android.app.ActivityManager$TaskDescription', referenced from method org.chromium.base.ApiCompatibilityUtils.setTaskDescription
02-25 14:04:51.779 W/dalvikvm(14116): VFY: unable to resolve new-instance 13 (Landroid/app/ActivityManager$TaskDescription;) in Lorg/chromium/base/ApiCompatibilityUtils;
02-25 14:04:51.779 D/dalvikvm(14116): VFY: replacing opcode 0x22 at 0x0006
02-25 14:04:51.779 D/dalvikvm(14116): DexOpt: unable to opt direct call 0x002f at 0x08 in Lorg/chromium/base/ApiCompatibilityUtils;.setTaskDescription
02-25 14:04:51.779 W/Vold    (  163): Returning OperationFailed - no handler for errno 30
02-25 14:04:51.779 W/Vold    (  163): Returning OperationFailed - no handler for errno 30
02-25 14:04:51.789 I/chromium(14116): [INFO:xwalk_extension_renderer_controller.cc(47)] EXTENSION PROCESS DISABLED.
02-25 14:04:51.789 D/CordovaActivity(14116): Resuming the App
02-25 14:04:51.809 D/SoftKeyboardDetect(14116): Ignore this event
02-25 14:04:51.809 D/        (14116): droid_create_context : config id = 5 conf->NativeVisualID=1
02-25 14:04:51.809 D/        (14116): Pixel Format : GGL_PIXEL_FORMAT_RGBA_8888
02-25 14:04:51.819 I/        (14116): Requested context : GLES 2.0
02-25 14:04:51.819 D/        (14116): Pixel Format : GGL_PIXEL_FORMAT_RGBA_8888
02-25 14:04:51.829 D/OpenGLRenderer(14116): Enabling debug mode 0
02-25 14:04:51.829 D/        (14116): Pixel Format : GGL_PIXEL_FORMAT_RGBA_8888
02-25 14:04:51.829 D/        (14116): droid_create_context : config id = 1 conf->NativeVisualID=1
02-25 14:04:51.829 D/        (14116): Pixel Format : GGL_PIXEL_FORMAT_RGBA_8888
02-25 14:04:51.829 I/        (14116): Requested context : GLES 2.0
02-25 14:04:51.839 D/XT9IME  (  731): new subtype :zh_CN ,pinyin
02-25 14:04:51.849 D/SoftKeyboardDetect(14116): Ignore this event
02-25 14:04:51.899 D/CordovaActivity(14116): onMessage(onPageStarted,file:///android_asset/www/index.html)
02-25 14:04:51.899 W/BindingManager(14116): Cannot call determinedVisibility() - never saw a connection for the pid: 14116
02-25 14:04:51.899 D/BatteryStatsImpl(  506): noteStopWakeLocked system isFromForeground = false
02-25 14:04:51.899 I/ActivityManager(  506): Displayed org.xwalk.webapi_service_tests/.webapi_service_tests: +377ms
02-25 14:04:51.909 D/ImageWallpaper(  571): onVisibilityChanged: mVisible, visible=true, false
02-25 14:04:51.909 D/ImageWallpaper(  571): Visibility changed to visible=false
02-25 14:04:51.909 D/ImageWallpaper(  571): Suppressed drawFrame since redraw is not needed and offsets have not changed.
02-25 14:04:51.929 D/CordovaActivity(14116): onMessage(onPageFinished,file:///android_asset/www/index.html)
02-25 14:04:52.939 D/CordovaActivity(14116): onMessage(onPageStarted,http://127.0.0.1:8080/index.html)
02-25 14:04:53.039 W/BindingManager(14116): Cannot call determinedVisibility() - never saw a connection for the pid: 14116
02-25 14:04:53.249 I/chromium(14116): [INFO:CONSOLE(0)] "Synchronous XMLHttpRequest on the main thread is deprecated because of its detrimental effects to the end user's experience. For more help, check http://xhr.spec.whatwg.org/.", source:  (0)
02-25 14:04:53.299 D/CordovaActivity(14116): onMessage(onPageFinished,http://127.0.0.1:8080/index.html)
02-25 14:04:53.939 D/CordovaActivity(14116): onMessage(spinner,stop)
02-25 14:04:53.959 D/        (14116): Pixel Format : GGL_PIXEL_FORMAT_RGBA_8888
02-25 14:04:53.959 D/        (14116): droid_create_context : config id = 1 conf->NativeVisualID=1
02-25 14:04:53.959 D/        (14116): Pixel Format : GGL_PIXEL_FORMAT_RGBA_8888
02-25 14:04:53.959 I/        (14116): Requested context : GLES 2.0
02-25 14:04:53.969 D/        (14116): Swap interval set to = 1 value
02-25 14:04:53.999 D/        (14116): Pixel Format : GGL_PIXEL_FORMAT_RGBA_8888
02-25 14:04:53.999 D/        (14116): droid_create_context : config id = 1 conf->NativeVisualID=1
02-25 14:04:53.999 D/        (14116): Pixel Format : GGL_PIXEL_FORMAT_RGBA_8888
02-25 14:04:53.999 I/        (14116): Requested context : GLES 2.0
02-25 14:04:54.509 D/EVENT_THREAD(  186): void CEventThread::run() POLLIN event on Fd (1)
02-25 14:04:54.509 D/EVENT_THREAD(  186): void CEventThread::run() Do poll with timeout: -1
02-25 14:04:54.509 D/EVENT_THREAD(  186): void CEventThread::run() POLLIN event on Fd (1)
02-25 14:04:54.509 D/EVENT_THREAD(  186): void CEventThread::run() Do poll with timeout: -1
02-25 14:04:54.509 I/upi_ug31xx(  166): (1240) update_capacity
02-25 14:04:54.509 I/[UPI]   (  166): <UG31/E>[UpiReadCapacity]: V=4123(4125), T=321(324-380), I=-174, C=-1(-1-0)
02-25 14:04:54.509 I/[UPI]   (  166): <UG31/E>[UpiReadCapacity]: (0x0000214a) 3469 (3364) / 3822 (3915) = 91
02-25 14:04:54.509 I/[UPI]   (  166): <UG31/E>[UpiReadCapacity]: (0x0000214a) 3469 (3364) / 3822 (3915) = 91
02-25 14:04:54.509 I/[UPI]   (  166): <UG31/E>[UpiReadCapacity]: (0x0000214a) 3468 (3468) / 3822 (3915) = 91
02-25 14:04:54.509 I/[UPI]   (  166): <UG31/E>[RsocFilterCountTime]: (0x0000214a) Step=8(486320), Full=4(486320), Lock=486320(1800000)
02-25 14:04:54.509 I/[UPI]   (  166): <UG31/E>[UpiReadCapacity]: (0x0000214a) 3468 (3468) / 3822 (3915) = 91 (-174--174)
02-25 14:04:54.509 I/[UPI]   (  166): <UG31/E><BATT> M:normal, P:91(91-91)%, V:4126mV, C:-203mA, T:32.4C(380), S:0x0000214a(000), R:3468mAh, F:3822mAh, Q:-526mAh, CC:3, P:30.350(524-0)s, BO:7, 97:615:0-44af-9m:B001-20140514-144301 (2)
02-25 14:04:54.509 I/upi_ug31xx(  166): (1241) backup_data 
02-25 14:04:54.509 V/upi_ug31xx(  166): state->check_backup_count = 14
02-25 14:04:55.089 W/BindingManager(14116): Cannot call determinedVisibility() - never saw a connection for the pid: 14116
02-25 14:04:55.299 D/CordovaActivity(14116): onMessage(spinner,stop)
02-25 14:04:55.759 W/BindingManager(14116): Cannot call determinedVisibility() - never saw a connection for the pid: 14116
02-25 14:04:56.389 W/BindingManager(14116): Cannot call determinedVisibility() - never saw a connection for the pid: 14116
02-25 14:04:57.059 W/BindingManager(14116): Cannot call determinedVisibility() - never saw a connection for the pid: 14116
02-25 14:04:57.699 W/BindingManager(14116): Cannot call determinedVisibility() - never saw a connection for the pid: 14116
02-25 14:04:58.369 W/BindingManager(14116): Cannot call determinedVisibility() - never saw a connection for the pid: 14116
02-25 14:04:59.049 W/BindingManager(14116): Cannot call determinedVisibility() - never saw a connection for the pid: 14116
02-25 14:04:59.719 W/BindingManager(14116): Cannot call determinedVisibility() - never saw a connection for the pid: 14116
02-25 14:04:59.999 D/Clock   (  571): ACTION_TIME_TICK
02-25 14:04:59.999 D/Clock   (  571): update clock:下午2:05
02-25 14:05:00.019 D/BatteryStatsImpl(  506): noteStopWakeLocked system isFromForeground = false
02-25 14:05:00.379 W/BindingManager(14116): Cannot call determinedVisibility() - never saw a connection for the pid: 14116
02-25 14:05:01.099 W/BindingManager(14116): Cannot call determinedVisibility() - never saw a connection for the pid: 14116
02-25 14:05:01.699 W/BindingManager(14116): Cannot call determinedVisibility() - never saw a connection for the pid: 14116
02-25 14:05:02.369 W/BindingManager(14116): Cannot call determinedVisibility() - never saw a connection for the pid: 14116
02-25 14:05:02.609 I/chromium(14116): [INFO:CONSOLE(0)] "'notBlobOrArrayBuffer' is not a valid value for binaryType; binaryType remains unchanged.", source: http://127.0.0.1:8080/opt/tct-websocket-w3c-tests/websocket/w3c/binaryType-wrong-value.htm (0)
02-25 14:05:12.689 W/BindingManager(14116): Cannot call determinedVisibility() - never saw a connection for the pid: 14116
02-25 14:05:13.649 W/BindingManager(14116): Cannot call determinedVisibility() - never saw a connection for the pid: 14116
02-25 14:05:14.329 W/BindingManager(14116): Cannot call determinedVisibility() - never saw a connection for the pid: 14116
02-25 14:05:14.989 W/BindingManager(14116): Cannot call determinedVisibility() - never saw a connection for the pid: 14116
02-25 14:05:15.649 W/BindingManager(14116): Cannot call determinedVisibility() - never saw a connection for the pid: 14116
02-25 14:05:16.329 W/BindingManager(14116): Cannot call determinedVisibility() - never saw a connection for the pid: 14116
02-25 14:05:16.949 W/BindingManager(14116): Cannot call determinedVisibility() - never saw a connection for the pid: 14116
02-25 14:05:17.619 W/BindingManager(14116): Cannot call determinedVisibility() - never saw a connection for the pid: 14116
02-25 14:05:18.259 W/BindingManager(14116): Cannot call determinedVisibility() - never saw a connection for the pid: 14116
02-25 14:05:18.919 W/BindingManager(14116): Cannot call determinedVisibility() - never saw a connection for the pid: 14116
02-25 14:05:19.539 W/BindingManager(14116): Cannot call determinedVisibility() - never saw a connection for the pid: 14116
02-25 14:05:20.309 W/BindingManager(14116): Cannot call determinedVisibility() - never saw a connection for the pid: 14116
02-25 14:05:20.979 W/BindingManager(14116): Cannot call determinedVisibility() - never saw a connection for the pid: 14116
02-25 14:05:21.589 W/BindingManager(14116): Cannot call determinedVisibility() - never saw a connection for the pid: 14116
02-25 14:05:22.269 W/BindingManager(14116): Cannot call determinedVisibility() - never saw a connection for the pid: 14116
02-25 14:05:23.079 W/BindingManager(14116): Cannot call determinedVisibility() - never saw a connection for the pid: 14116
02-25 14:05:23.769 W/BindingManager(14116): Cannot call determinedVisibility() - never saw a connection for the pid: 14116
02-25 14:05:24.419 W/BindingManager(14116): Cannot call determinedVisibility() - never saw a connection for the pid: 14116
02-25 14:05:24.899 D/EVENT_THREAD(  186): void CEventThread::run() POLLIN event on Fd (1)
02-25 14:05:24.899 D/EVENT_THREAD(  186): void CEventThread::run() Do poll with timeout: -1
02-25 14:05:24.899 I/upi_ug31xx(  166): (1242) update_capacity
02-25 14:05:24.899 I/[UPI]   (  166): <UG31/E>[UpiReadCapacity]: V=4122(4122), T=322(324-380), I=-340, C=-3(-3-0)
02-25 14:05:24.899 I/[UPI]   (  166): <UG31/E>[UpiReadCapacity]: (0x0000214a) 3468 (3360) / 3822 (3915) = 91
02-25 14:05:24.899 I/[UPI]   (  166): <UG31/E>[UpiReadCapacity]: (0x0000214a) 3468 (3360) / 3822 (3915) = 91
02-25 14:05:24.899 I/[UPI]   (  166): <UG31/E>[UpiReadCapacity]: (0x0000214a) 3465 (3465) / 3822 (3915) = 91
02-25 14:05:24.899 I/[UPI]   (  166): <UG31/E>[RsocFilterCountTime]: (0x0000214a) Step=8(516700), Full=4(516700), Lock=516700(1800000)
02-25 14:05:24.899 I/[UPI]   (  166): <UG31/E>[UpiReadCapacity]: (0x0000214a) 3465 (3465) / 3822 (3915) = 91 (-340--340)
02-25 14:05:24.899 I/[UPI]   (  166): <UG31/E><BATT> M:normal, P:91(91-91)%, V:4120mV, C:-507mA, T:32.4C(380), S:0x0000214a(000), R:3465mAh, F:3822mAh, Q:-529mAh, CC:3, P:30.380(527-0)s, BO:7, 97:615:0-44af-9m:B001-20140514-144301 (2)
02-25 14:05:24.899 D/EVENT_THREAD(  186): void CEventThread::run() POLLIN event on Fd (1)
02-25 14:05:24.899 D/EVENT_THREAD(  186): void CEventThread::run() Do poll with timeout: -1
02-25 14:05:24.899 I/upi_ug31xx(  166): (1243) backup_data 
02-25 14:05:24.899 V/upi_ug31xx(  166): state->check_backup_count = 15
02-25 14:05:25.109 W/BindingManager(14116): Cannot call determinedVisibility() - never saw a connection for the pid: 14116
02-25 14:05:25.759 W/BindingManager(14116): Cannot call determinedVisibility() - never saw a connection for the pid: 14116
02-25 14:05:25.809 D/wpa_supplicant(  694): wlan0: Starting AP scan for wildcard SSID
02-25 14:05:25.809 D/wpa_supplicant(  694): WPS: Building WPS IE for Probe Request
02-25 14:05:25.809 D/wpa_supplicant(  694): WPS:  * Version (hardcoded 0x10)
02-25 14:05:25.809 D/wpa_supplicant(  694): WPS:  * Request Type
02-25 14:05:25.809 D/wpa_supplicant(  694): WPS:  * Config Methods (4288)
02-25 14:05:25.809 D/wpa_supplicant(  694): WPS:  * UUID-E
02-25 14:05:25.809 D/wpa_supplicant(  694): WPS:  * Primary Device Type
02-25 14:05:25.809 D/wpa_supplicant(  694): WPS:  * RF Bands (1)
02-25 14:05:25.809 D/wpa_supplicant(  694): WPS:  * Association State
02-25 14:05:25.809 D/wpa_supplicant(  694): WPS:  * Configuration Error (0)
02-25 14:05:25.809 D/wpa_supplicant(  694): WPS:  * Device Password ID (0)
02-25 14:05:25.809 D/wpa_supplicant(  694): WPS:  * Manufacturer
02-25 14:05:25.809 D/wpa_supplicant(  694): WPS:  * Model Name
02-25 14:05:25.809 D/wpa_supplicant(  694): WPS:  * Model Number
02-25 14:05:25.809 D/wpa_supplicant(  694): WPS:  * Device Name
02-25 14:05:25.809 D/wpa_supplicant(  694): WPS:  * Version2 (0x20)
02-25 14:05:25.809 D/wpa_supplicant(  694): P2P: * P2P IE header
02-25 14:05:25.809 D/wpa_supplicant(  694): P2P: * Capability dev=25 group=00
02-25 14:05:25.809 D/wpa_supplicant(  694): P2P: * Listen Channel: Regulatory Class 81 Channel 6
02-25 14:05:25.809 D/wpa_supplicant(  694): wlan0: nl80211: scan request
02-25 14:05:25.909 D/wpa_supplicant(  694): Scan requested (ret=0) - scan timeout 30 seconds
02-25 14:05:25.909 D/wpa_supplicant(  694): nl80211: Drv Event 33 (NL80211_CMD_TRIGGER_SCAN) received for wlan0
02-25 14:05:25.909 D/wpa_supplicant(  694): wlan0: nl80211: Scan trigger
02-25 14:05:26.559 W/BindingManager(14116): Cannot call determinedVisibility() - never saw a connection for the pid: 14116
02-25 14:05:27.029 D/wpa_supplicant(  694): nl80211: Drv Event 34 (NL80211_CMD_NEW_SCAN_RESULTS) received for wlan0
02-25 14:05:27.029 D/wpa_supplicant(  694): wlan0: nl80211: New scan results available
02-25 14:05:27.029 D/wpa_supplicant(  694): wlan0: Event SCAN_RESULTS (3) received
02-25 14:05:27.029 D/wpa_supplicant(  694): nl80211: Received scan results (20 BSSes)
02-25 14:05:27.029 D/wpa_supplicant(  694): nl80211: Survey data missing
02-25 14:05:27.029 D/wpa_supplicant(  694): wlan0: BSS: Start scan result update 377
02-25 14:05:27.029 D/wpa_supplicant(  694): wlan0: BSS: Add new id 448 BSSID c0:a0:bb:20:3b:84 SSID 'dlink-3B84'
02-25 14:05:27.029 D/wpa_supplicant(  694): CTRL_IFACE monitor send - hexdump(len=39): 2f 64 61 74 61 2f 6d 69 73 63 2f 77 69 66 69 2f 73 6f 63 6b 65 74 73 2f 77 70 61 5f 63 74 72 6c ...
02-25 14:05:27.029 D/wpa_supplicant(  694): wlan0: BSS: Remove id 440 BSSID cc:b2:55:e2:84:70 SSID 'DLINK_APK' due to no match in scan
02-25 14:05:27.029 D/wpa_supplicant(  694): CTRL_IFACE monitor send - hexdump(len=39): 2f 64 61 74 61 2f 6d 69 73 63 2f 77 69 66 69 2f 73 6f 63 6b 65 74 73 2f 77 70 61 5f 63 74 72 6c ...
02-25 14:05:27.029 I/WifiHW  (  506): EVENT: IFNAME=wlan0 CTRL-EVENT-BSS-ADDED 448 c0:a0:bb:20:3b:84
02-25 14:05:27.029 D/wpa_supplicant(  694): wlan0: BSS: Remove id 446 BSSID 02:09:4c:7f:39:79 SSID 'DIRECT-' due to no match in scan
02-25 14:05:27.029 D/wpa_supplicant(  694): CTRL_IFACE monitor send - hexdump(len=39): 2f 64 61 74 61 2f 6d 69 73 63 2f 77 69 66 69 2f 73 6f 63 6b 65 74 73 2f 77 70 61 5f 63 74 72 6c ...
02-25 14:05:27.029 D/wpa_supplicant(  694): wlan0: BSS: Remove id 445 BSSID 02:09:4c:0c:74:cc SSID 'DIRECT-' due to no match in scan
02-25 14:05:27.029 D/wpa_supplicant(  694): CTRL_IFACE monitor send - hexdump(len=39): 2f 64 61 74 61 2f 6d 69 73 63 2f 77 69 66 69 2f 73 6f 63 6b 65 74 73 2f 77 70 61 5f 63 74 72 6c ...
02-25 14:05:27.029 I/WifiHW  (  506): EVENT: IFNAME=wlan0 CTRL-EVENT-BSS-REMOVED 440 cc:b2:55:e2:84:70
02-25 14:05:27.029 I/WifiHW  (  506): EVENT: IFNAME=wlan0 CTRL-EVENT-BSS-REMOVED 446 02:09:4c:7f:39:79
02-25 14:05:27.029 D/wpa_supplicant(  694): wlan0: BSS: Remove id 447 BSSID 02:09:4c:23:ef:0a SSID 'DIRECT-' due to no match in scan
02-25 14:05:27.029 D/wpa_supplicant(  694): CTRL_IFACE monitor send - hexdump(len=39): 2f 64 61 74 61 2f 6d 69 73 63 2f 77 69 66 69 2f 73 6f 63 6b 65 74 73 2f 77 70 61 5f 63 74 72 6c ...
02-25 14:05:27.029 I/WifiHW  (  506): EVENT: IFNAME=wlan0 CTRL-EVENT-BSS-REMOVED 445 02:09:4c:0c:74:cc
02-25 14:05:27.029 D/wpa_supplicant(  694): BSS: last_scan_res_used=20/32 last_scan_full=0
02-25 14:05:27.029 D/wpa_supplicant(  694): wlan0: New scan results available
02-25 14:05:27.029 D/wpa_supplicant(  694): CTRL_IFACE monitor send - hexdump(len=39): 2f 64 61 74 61 2f 6d 69 73 63 2f 77 69 66 69 2f 73 6f 63 6b 65 74 73 2f 77 70 61 5f 63 74 72 6c ...
02-25 14:05:27.029 I/WifiHW  (  506): EVENT: IFNAME=wlan0 CTRL-EVENT-BSS-REMOVED 447 02:09:4c:23:ef:0a
02-25 14:05:27.029 D/wpa_supplicant(  694): CTRL_IFACE monitor send - hexdump(len=39): 2f 64 61 74 61 2f 6d 69 73 63 2f 77 69 66 69 2f 73 6f 63 6b 65 74 73 2f 77 70 61 5f 63 74 72 6c ...
02-25 14:05:27.029 D/wpa_supplicant(  694): Authorize channel 1
02-25 14:05:27.029 D/wpa_supplicant(  694): Authorize channel 2
02-25 14:05:27.029 D/wpa_supplicant(  694): Authorize channel 3
02-25 14:05:27.029 I/WifiHW  (  506): EVENT: IFNAME=wlan0 CTRL-EVENT-SCAN-RESULTS 
02-25 14:05:27.029 D/wpa_supplicant(  694): Authorize channel 4
02-25 14:05:27.029 D/wpa_supplicant(  694): Authorize channel 5
02-25 14:05:27.029 D/wpa_supplicant(  694): Authorize channel 6
02-25 14:05:27.029 D/wpa_supplicant(  694): Authorize channel 7
02-25 14:05:27.029 D/wpa_supplicant(  694): Authorize channel 8
02-25 14:05:27.029 D/wpa_supplicant(  694): Authorize channel 9
02-25 14:05:27.029 D/wpa_supplicant(  694): Authorize channel 10
02-25 14:05:27.029 D/wpa_supplicant(  694): Authorize channel 11
02-25 14:05:27.029 D/wpa_supplicant(  694): Authorize channel 12
02-25 14:05:27.029 D/wpa_supplicant(  694): Authorize channel 13
02-25 14:05:27.029 D/wpa_supplicant(  694): Authorize channel 1
02-25 14:05:27.029 D/wpa_supplicant(  694): Authorize channel 2
02-25 14:05:27.029 D/wpa_supplicant(  694): Authorize channel 3
02-25 14:05:27.029 D/wpa_supplicant(  694): Authorize channel 4
02-25 14:05:27.029 D/wpa_supplicant(  694): Authorize channel 5
02-25 14:05:27.029 D/wpa_supplicant(  694): Authorize channel 6
02-25 14:05:27.029 D/wpa_supplicant(  694): Authorize channel 7
02-25 14:05:27.029 D/wpa_supplicant(  694): Authorize channel 8
02-25 14:05:27.029 D/wpa_supplicant(  694): Authorize channel 9
02-25 14:05:27.029 I/WifiHW  (  506): EVENT: IFNAME=wlan0 WPS-AP-AVAILABLE 
02-25 14:05:27.029 D/wpa_supplicant(  694): Authorize channel 10
02-25 14:05:27.029 D/wpa_supplicant(  694): Authorize channel 11
02-25 14:05:27.029 D/wpa_supplicant(  694): Authorize channel 12
02-25 14:05:27.029 D/wpa_supplicant(  694): Authorize channel 13
02-25 14:05:27.029 D/wpa_supplicant(  694): Add access point on channel 6
02-25 14:05:27.029 D/wpa_supplicant(  694): Add access point on channel 6
02-25 14:05:27.029 D/wpa_supplicant(  694): Add access point on channel 1
02-25 14:05:27.029 D/wpa_supplicant(  694): Add access point on channel 11
02-25 14:05:27.029 D/wpa_supplicant(  694): Add access point on channel 3
02-25 14:05:27.029 D/wpa_supplicant(  694): Add access point on channel 1
02-25 14:05:27.029 D/wpa_supplicant(  694): Add access point on channel 6
02-25 14:05:27.029 D/wpa_supplicant(  694): Add access point on channel 11
02-25 14:05:27.029 D/wpa_supplicant(  694): Add access point on channel 11
02-25 14:05:27.029 D/wpa_supplicant(  694): Add access point on channel 1
02-25 14:05:27.029 D/wpa_supplicant(  694): Add access point on channel 6
02-25 14:05:27.029 D/wpa_supplicant(  694): Add access point on channel 6
02-25 14:05:27.029 D/wpa_supplicant(  694): Add access point on channel 11
02-25 14:05:27.029 D/wpa_supplicant(  694): Add access point on channel 1
02-25 14:05:27.029 D/wpa_supplicant(  694): Add access point on channel 6
02-25 14:05:27.029 D/wpa_supplicant(  694): Add access point on channel 6
02-25 14:05:27.029 D/wpa_supplicant(  694): Add access point on channel 6
02-25 14:05:27.029 D/wpa_supplicant(  694): Add access point on channel 6
02-25 14:05:27.029 D/wpa_supplicant(  694): Add access point on channel 1
02-25 14:05:27.029 D/wpa_supplicant(  694): Add access point on channel 9
02-25 14:05:27.029 D/wpa_supplicant(  694): Add access point on channel 2
02-25 14:05:27.029 D/wpa_supplicant(  694): Best Operating channel is = 11
02-25 14:05:27.029 I/WifiHW  (  506): CMD: IFNAME=wlan0 BSS RANGE=0- MASK=0x21987
02-25 14:05:27.029 D/wpa_supplicant(  694): WPS: AP[0] f8:d1:11:e7:99:e8 type=0 tries=0 last_attempt=-1 sec ago blacklist=0
02-25 14:05:27.029 D/wpa_supplicant(  694): WPS: AP[1] cc:34:29:2c:fb:ec type=0 tries=0 last_attempt=-1 sec ago blacklist=0
02-25 14:05:27.029 D/wpa_supplicant(  694): WPS: AP[2] cc:34:29:2b:26:4c type=0 tries=0 last_attempt=-1 sec ago blacklist=0
02-25 14:05:27.029 D/wpa_supplicant(  694): WPS: AP[3] b0:48:7a:51:ff:cc type=0 tries=0 last_attempt=-1 sec ago blacklist=0
02-25 14:05:27.029 D/wpa_supplicant(  694): WPS: AP[4] c0:a0:bb:20:3b:84 type=0 tries=0 last_attempt=-1 sec ago blacklist=0
02-25 14:05:27.029 D/wpa_supplicant(  694): WPS: AP[5] 2c:b0:5d:7f:f4:24 type=0 tries=0 last_attempt=-1 sec ago blacklist=0
02-25 14:05:27.029 D/wpa_supplicant(  694): WPS: AP[6] 9c:21:6a:0d:eb:72 type=0 tries=0 last_attempt=-1 sec ago blacklist=0
02-25 14:05:27.029 D/wpa_supplicant(  694): WPS: AP[7] c8:d7:19:60:62:f2 type=0 tries=0 last_attempt=-1 sec ago blacklist=0
02-25 14:05:27.029 D/wpa_supplicant(  694): WPS: AP[8] 44:94:fc:3d:da:38 type=0 tries=0 last_attempt=-1 sec ago blacklist=0
02-25 14:05:27.029 D/wpa_supplicant(  694): WPS: AP[9] 10:c3:7b:d2:e5:e0 type=0 tries=0 last_attempt=-1 sec ago blacklist=0
02-25 14:05:27.029 D/wpa_supplicant(  694): WPS: AP[10] e4:d3:32:db:f6:03 type=0 tries=0 last_attempt=-1 sec ago blacklist=0
02-25 14:05:27.029 D/wpa_supplicant(  694): wlan0: Selecting BSS from priority group 19
02-25 14:05:27.029 D/wpa_supplicant(  694): wlan0: 0: f8:d1:11:e7:99:e8 ssid='videotest' wpa_ie_len=22 rsn_ie_len=20 caps=0x531 level=-47 wps
02-25 14:05:27.029 D/wpa_supplicant(  694): wlan0:    skip - SSID mismatch
02-25 14:05:27.029 D/wpa_supplicant(  694): wlan0: 1: c8:d7:19:60:62:f2 ssid='E3000-2.4G' wpa_ie_len=0 rsn_ie_len=20 caps=0x411 level=-49 wps
02-25 14:05:27.029 D/wpa_supplicant(  694): wlan0:    skip - SSID mismatch
02-25 14:05:27.029 D/wpa_supplicant(  694): wlan0: 2: 44:94:fc:3d:da:38 ssid='6300' wpa_ie_len=0 rsn_ie_len=20 caps=0x411 level=-55 wps
02-25 14:05:27.029 D/wpa_supplicant(  694): wlan0:    skip - SSID mismatch
02-25 14:05:27.029 D/wpa_supplicant(  694): wlan0: 3: cc:34:29:2c:fb:ec ssid='linksys' wpa_ie_len=22 rsn_ie_len=20 caps=0x431 level=-59 wps
02-25 14:05:27.029 D/wpa_supplicant(  694): wlan0:    skip - SSID mismatch
02-25 14:05:27.029 D/wpa_supplicant(  694): wlan0: 4: cc:34:29:2b:26:4c ssid='cws-test' wpa_ie_len=0 rsn_ie_len=20 caps=0x431 level=-62 wps
02-25 14:05:27.029 D/wpa_supplicant(  694): wlan0:    skip - SSID mismatch
02-25 14:05:27.029 D/wpa_supplicant(  694): wlan0: 5: 98:fc:11:81:35:fb ssid='E2000EE' wpa_ie_len=0 rsn_ie_len=20 caps=0x411 level=-63
02-25 14:05:27.029 D/wpa_supplicant(  694): wlan0:    skip - SSID mismatch
02-25 14:05:27.029 D/wpa_supplicant(  694): wlan0: 6: 90:94:e4:03:45:f5 ssid='DAP-2553_D' wpa_ie_len=0 rsn_ie_len=24 caps=0x431 level=-63
02-25 14:05:27.029 D/wpa_supplicant(  694): wlan0:    skip - SSID mismatch
02-25 14:05:27.029 D/wpa_supplicant(  694): wlan0: 7: 22:48:9a:ac:31:5b ssid='dean1' wpa_ie_len=0 rsn_ie_len=20 caps=0x431 level=-66
02-25 14:05:27.029 D/wpa_supplicant(  694): wlan0:    skip - SSID mismatch
02-25 14:05:27.029 D/wpa_supplicant(  694): wlan0: 8: 10:c3:7b:d2:e5:e0 ssid='ASUS_RT-AC66U-2.4G' wpa_ie_len=0 rsn_ie_len=20 caps=0x411 level=-66 wps
02-25 14:05:27.029 D/wpa_supplicant(  694): wlan0:    skip - SSID mismatch
02-25 14:05:27.029 D/wpa_supplicant(  694): wlan0: 9: 02:1a:11:ff:f7:0a ssid='io1' wpa_ie_len=0 rsn_ie_len=20 caps=0x431 level=-67
02-25 14:05:27.029 D/wpa_supplicant(  694): wlan0:    skip - SSID mismatch
02-25 14:05:27.029 D/wpa_supplicant(  694): wlan0: 10: e4:d3:32:c0:cf:a4 ssid='fast' wpa_ie_len=0 rsn_ie_len=20 caps=0x411 level=-68
02-25 14:05:27.029 D/wpa_supplicant(  694): wlan0:    skip - SSID mismatch
02-25 14:05:27.029 D/wpa_supplicant(  694): wlan0: 11: 80:1f:02:43:fb:e8 ssid='Edimax AP' wpa_ie_len=0 rsn_ie_len=20 caps=0x411 level=-69
02-25 14:05:27.029 D/wpa_supplicant(  694): wlan0:    skip - SSID mismatch
02-25 14:05:27.029 D/wpa_supplicant(  694): wlan0: 12: b0:48:7a:51:ff:cc ssid='Neusoft TP' wpa_ie_len=22 rsn_ie_len=20 caps=0x431 level=-69 wps
02-25 14:05:27.029 D/wpa_supplicant(  694): wlan0:    skip - SSID mismatch
02-25 14:05:27.029 D/wpa_supplicant(  694): wlan0: 13: c4:17:fe:3f:4f:fb ssid='cmcm' wpa_ie_len=0 rsn_ie_len=20 caps=0x511 level=-70
02-25 14:05:27.029 D/wpa_supplicant(  694): wlan0:    skip - SSID mismatch
02-25 14:05:27.029 D/wpa_supplicant(  694): wlan0: 14: 02:1a:11:f9:f0:51 ssid='AndroidSystem' wpa_ie_len=0 rsn_ie_len=20 caps=0x511 level=-71
02-25 14:05:27.029 D/wpa_supplicant(  694): wlan0:    skip - SSID mismatch
02-25 14:05:27.029 D/wpa_supplicant(  694): wlan0: 15: 74:e5:43:24:f4:5b ssid='Dttest' wpa_ie_len=0 rsn_ie_len=20 caps=0x31 level=-72
02-25 14:05:27.029 D/wpa_supplicant(  694): wlan0:    skip - SSID mismatch
02-25 14:05:27.029 D/wpa_supplicant(  694): wlan0: 16: 00:0f:e2:0f:9f:c1 ssid='321_WAN' wpa_ie_len=28 rsn_ie_len=24 caps=0x411 level=-77
02-25 14:05:27.029 D/wpa_supplicant(  694): wlan0:    skip - SSID mismatch
02-25 14:05:27.029 D/wpa_supplicant(  694): wlan0: 17: c0:a0:bb:20:3b:84 ssid='dlink-3B84' wpa_ie_len=26 rsn_ie_len=24 caps=0x411 level=-81 wps
02-25 14:05:27.029 D/wpa_supplicant(  694): wlan0:    skip - SSID mismatch
02-25 14:05:27.029 D/wpa_supplicant(  694): wlan0: 18: 50:bd:5f:4b:29:92 ssid='Internet-2' wpa_ie_len=0 rsn_ie_len=0 caps=0x421 level=-64
02-25 14:05:27.029 D/wpa_supplicant(  694): wlan0:    skip - SSID mismatch
02-25 14:05:27.029 D/wpa_supplicant(  694): wlan0: 19: e4:d3:32:dd:18:62 ssid='Internet' wpa_ie_len=0 rsn_ie_len=0 caps=0x421 level=-69
02-25 14:05:27.029 D/wpa_supplicant(  694): wlan0:    skip - SSID mismatch
02-25 14:05:27.029 D/wpa_supplicant(  694): wlan0: Selecting BSS from priority group 18
02-25 14:05:27.029 D/wpa_supplicant(  694): wlan0: 0: f8:d1:11:e7:99:e8 ssid='videotest' wpa_ie_len=22 rsn_ie_len=20 caps=0x531 level=-47 wps
02-25 14:05:27.029 D/wpa_supplicant(  694): wlan0:    skip - SSID mismatch
02-25 14:05:27.029 D/wpa_supplicant(  694): wlan0: 1: c8:d7:19:60:62:f2 ssid='E3000-2.4G' wpa_ie_len=0 rsn_ie_len=20 caps=0x411 level=-49 wps
02-25 14:05:27.029 D/wpa_supplicant(  694): wlan0:    skip - SSID mismatch
02-25 14:05:27.029 D/wpa_supplicant(  694): wlan0: 2: 44:94:fc:3d:da:38 ssid='6300' wpa_ie_len=0 rsn_ie_len=20 caps=0x411 level=-55 wps
02-25 14:05:27.029 D/wpa_supplicant(  694): wlan0:    skip - SSID mismatch
