02-25 10:59:11.249 D/wpa_supplicant(  694): wlan0: 0: f8:d1:11:e7:99:e8 ssid='videotest' wpa_ie_len=22 rsn_ie_len=20 caps=0x531 level=-40 wps
02-25 10:59:11.249 I/WifiHW  (  506): EVENT: IFNAME=wlan0 CTRL-EVENT-SCAN-RESULTS 
02-25 10:59:11.249 D/wpa_supplicant(  694): wlan0:    skip - SSID mismatch
02-25 10:59:11.249 D/wpa_supplicant(  694): wlan0: 1: c8:d7:19:60:62:f2 ssid='E3000-2.4G' wpa_ie_len=0 rsn_ie_len=20 caps=0x411 level=-44 wps
02-25 10:59:11.249 D/wpa_supplicant(  694): wlan0:    skip - SSID mismatch
02-25 10:59:11.249 D/wpa_supplicant(  694): wlan0: 2: 02:1a:11:ff:f7:0a ssid='io1' wpa_ie_len=0 rsn_ie_len=20 caps=0x431 level=-51
02-25 10:59:11.249 D/wpa_supplicant(  694): wlan0:    skip - SSID mismatch
02-25 10:59:11.249 D/wpa_supplicant(  694): wlan0: 3: 10:c3:7b:d2:e5:e0 ssid='ASUS_RT-AC66U-2.4G' wpa_ie_len=0 rsn_ie_len=20 caps=0x411 level=-55 wps
02-25 10:59:11.249 D/wpa_supplicant(  694): wlan0:    skip - SSID mismatch
02-25 10:59:11.249 D/wpa_supplicant(  694): wlan0: 4: cc:34:29:2b:26:4c ssid='cws-test' wpa_ie_len=0 rsn_ie_len=20 caps=0x431 level=-56 wps
02-25 10:59:11.249 D/wpa_supplicant(  694): wlan0:    skip - SSID mismatch
02-25 10:59:11.249 D/wpa_supplicant(  694): wlan0: 5: 90:94:e4:03:45:f5 ssid='DAP-2553_D' wpa_ie_len=0 rsn_ie_len=24 caps=0x431 level=-57
02-25 10:59:11.249 D/wpa_supplicant(  694): wlan0:    skip - SSID mismatch
02-25 10:59:11.249 D/wpa_supplicant(  694): wlan0: 6: b0:48:7a:51:ff:cc ssid='Neusoft TP' wpa_ie_len=22 rsn_ie_len=20 caps=0x431 level=-60 wps
02-25 10:59:11.249 D/wpa_supplicant(  694): wlan0:    skip - SSID mismatch
02-25 10:59:11.249 D/wpa_supplicant(  694): wlan0: 7: 44:94:fc:3d:da:38 ssid='6300' wpa_ie_len=0 rsn_ie_len=20 caps=0x411 level=-62 wps
02-25 10:59:11.249 D/wpa_supplicant(  694): wlan0:    skip - SSID mismatch
02-25 10:59:11.249 D/wpa_supplicant(  694): wlan0: 8: 98:fc:11:81:35:fb ssid='E2000EE' wpa_ie_len=0 rsn_ie_len=20 caps=0x411 level=-62
02-25 10:59:11.249 D/wpa_supplicant(  694): wlan0:    skip - SSID mismatch
02-25 10:59:11.249 D/wpa_supplicant(  694): wlan0: 9: cc:34:29:2c:fb:ec ssid='linksys' wpa_ie_len=22 rsn_ie_len=20 caps=0x431 level=-66 wps
02-25 10:59:11.249 D/wpa_supplicant(  694): wlan0:    skip - SSID mismatch
02-25 10:59:11.249 D/wpa_supplicant(  694): wlan0: 10: 80:1f:02:43:fb:e8 ssid='Edimax AP' wpa_ie_len=0 rsn_ie_len=20 caps=0x411 level=-68
02-25 10:59:11.249 D/wpa_supplicant(  694): wlan0:    skip - SSID mismatch
02-25 10:59:11.249 D/wpa_supplicant(  694): wlan0: 11: c4:17:fe:3f:4f:fb ssid='cmcm' wpa_ie_len=0 rsn_ie_len=20 caps=0x511 level=-69
02-25 10:59:11.249 D/wpa_supplicant(  694): wlan0:    skip - SSID mismatch
02-25 10:59:11.249 D/wpa_supplicant(  694): wlan0: 12: c0:a0:bb:20:3b:84 ssid='dlink-3B84' wpa_ie_len=26 rsn_ie_len=24 caps=0x411 level=-71 wps
02-25 10:59:11.249 D/wpa_supplicant(  694): wlan0:    skip - SSID mismatch
02-25 10:59:11.249 D/wpa_supplicant(  694): wlan0: 13: 22:48:9a:ac:31:5b ssid='dean1' wpa_ie_len=0 rsn_ie_len=20 caps=0x431 level=-76
02-25 10:59:11.249 D/wpa_supplicant(  694): wlan0:    skip - SSID mismatch
02-25 10:59:11.249 D/wpa_supplicant(  694): wlan0: 14: 02:09:4c:d9:8b:51 ssid='DIRECT-' wpa_ie_len=0 rsn_ie_len=0 caps=0x410 level=-65
02-25 10:59:11.249 D/wpa_supplicant(  694): wlan0:    skip - SSID mismatch
02-25 10:59:11.249 D/wpa_supplicant(  694): wlan0: 15: 50:bd:5f:4b:29:92 ssid='Internet-2' wpa_ie_len=0 rsn_ie_len=0 caps=0x421 level=-65
02-25 10:59:11.249 D/wpa_supplicant(  694): wlan0:    skip - SSID mismatch
02-25 10:59:11.249 D/wpa_supplicant(  694): wlan0: 16: e4:d3:32:dd:18:62 ssid='Internet' wpa_ie_len=0 rsn_ie_len=0 caps=0x421 level=-75
02-25 10:59:11.249 D/wpa_supplicant(  694): wlan0:    skip - SSID mismatch
02-25 10:59:11.249 D/wpa_supplicant(  694): wlan0: Selecting BSS from priority group 18
02-25 10:59:11.249 D/wpa_supplicant(  694): wlan0: 0: f8:d1:11:e7:99:e8 ssid='videotest' wpa_ie_len=22 rsn_ie_len=20 caps=0x531 level=-40 wps
02-25 10:59:11.249 D/wpa_supplicant(  694): wlan0:    skip - SSID mismatch
02-25 10:59:11.249 D/wpa_supplicant(  694): wlan0: 1: c8:d7:19:60:62:f2 ssid='E3000-2.4G' wpa_ie_len=0 rsn_ie_len=20 caps=0x411 level=-44 wps
02-25 10:59:11.249 D/wpa_supplicant(  694): wlan0:    skip - SSID mismatch
02-25 10:59:11.249 D/wpa_supplicant(  694): wlan0: 2: 02:1a:11:ff:f7:0a ssid='io1' wpa_ie_len=0 rsn_ie_len=20 caps=0x431 level=-51
02-25 10:59:11.249 D/wpa_supplicant(  694): wlan0:    skip - SSID mismatch
02-25 10:59:11.249 D/wpa_supplicant(  694): wlan0: 3: 10:c3:7b:d2:e5:e0 ssid='ASUS_RT-AC66U-2.4G' wpa_ie_len=0 rsn_ie_len=20 caps=0x411 level=-55 wps
02-25 10:59:11.249 D/wpa_supplicant(  694): wlan0:    skip - SSID mismatch
02-25 10:59:11.249 D/wpa_supplicant(  694): wlan0: 4: cc:34:29:2b:26:4c ssid='cws-test' wpa_ie_len=0 rsn_ie_len=20 caps=0x431 level=-56 wps
02-25 10:59:11.249 D/wpa_supplicant(  694): wlan0:    skip - SSID mismatch
02-25 10:59:11.249 D/wpa_supplicant(  694): wlan0: 5: 90:94:e4:03:45:f5 ssid='DAP-2553_D' wpa_ie_len=0 rsn_ie_len=24 caps=0x431 level=-57
02-25 10:59:11.249 D/wpa_supplicant(  694): wlan0:    skip - SSID mismatch
02-25 10:59:11.249 D/wpa_supplicant(  694): wlan0: 6: b0:48:7a:51:ff:cc ssid='Neusoft TP' wpa_ie_len=22 rsn_ie_len=20 caps=0x431 level=-60 wps
02-25 10:59:11.249 D/wpa_supplicant(  694): wlan0:    skip - SSID mismatch
02-25 10:59:11.249 D/wpa_supplicant(  694): wlan0: 7: 44:94:fc:3d:da:38 ssid='6300' wpa_ie_len=0 rsn_ie_len=20 caps=0x411 level=-62 wps
02-25 10:59:11.249 D/wpa_supplicant(  694): wlan0:    skip - SSID mismatch
02-25 10:59:11.249 D/wpa_supplicant(  694): wlan0: 8: 98:fc:11:81:35:fb ssid='E2000EE' wpa_ie_len=0 rsn_ie_len=20 caps=0x411 level=-62
02-25 10:59:11.249 D/wpa_supplicant(  694): wlan0:    skip - SSID mismatch
02-25 10:59:11.249 D/wpa_supplicant(  694): wlan0: 9: cc:34:29:2c:fb:ec ssid='linksys' wpa_ie_len=22 rsn_ie_len=20 caps=0x431 level=-66 wps
02-25 10:59:11.249 D/wpa_supplicant(  694): wlan0:    skip - SSID mismatch
02-25 10:59:11.249 D/wpa_supplicant(  694): wlan0: 10: 80:1f:02:43:fb:e8 ssid='Edimax AP' wpa_ie_len=0 rsn_ie_len=20 caps=0x411 level=-68
02-25 10:59:11.249 D/wpa_supplicant(  694): wlan0:    skip - SSID mismatch
02-25 10:59:11.249 D/wpa_supplicant(  694): wlan0: 11: c4:17:fe:3f:4f:fb ssid='cmcm' wpa_ie_len=0 rsn_ie_len=20 caps=0x511 level=-69
02-25 10:59:11.249 D/wpa_supplicant(  694): wlan0:    skip - SSID mismatch
02-25 10:59:11.249 D/wpa_supplicant(  694): wlan0: 12: c0:a0:bb:20:3b:84 ssid='dlink-3B84' wpa_ie_len=26 rsn_ie_len=24 caps=0x411 level=-71 wps
02-25 10:59:11.249 D/wpa_supplicant(  694): wlan0:    skip - SSID mismatch
02-25 10:59:11.249 D/wpa_supplicant(  694): wlan0: 13: 22:48:9a:ac:31:5b ssid='dean1' wpa_ie_len=0 rsn_ie_len=20 caps=0x431 level=-76
02-25 10:59:11.249 D/wpa_supplicant(  694): wlan0:    skip - SSID mismatch
02-25 10:59:11.249 D/wpa_supplicant(  694): wlan0: 14: 02:09:4c:d9:8b:51 ssid='DIRECT-' wpa_ie_len=0 rsn_ie_len=0 caps=0x410 level=-65
02-25 10:59:11.249 D/wpa_supplicant(  694): wlan0:    skip - SSID mismatch
02-25 10:59:11.249 D/wpa_supplicant(  694): wlan0: 15: 50:bd:5f:4b:29:92 ssid='Internet-2' wpa_ie_len=0 rsn_ie_len=0 caps=0x421 level=-65
02-25 10:59:11.249 D/wpa_supplicant(  694): wlan0:    skip - SSID mismatch
02-25 10:59:11.249 D/wpa_supplicant(  694): wlan0: 16: e4:d3:32:dd:18:62 ssid='Internet' wpa_ie_len=0 rsn_ie_len=0 caps=0x421 level=-75
02-25 10:59:11.249 D/wpa_supplicant(  694): wlan0:    skip - SSID mismatch
02-25 10:59:11.249 D/wpa_supplicant(  694): wlan0: Selecting BSS from priority group 17
02-25 10:59:11.249 D/wpa_supplicant(  694): wlan0: 0: f8:d1:11:e7:99:e8 ssid='videotest' wpa_ie_len=22 rsn_ie_len=20 caps=0x531 level=-40 wps
02-25 10:59:11.249 D/wpa_supplicant(  694): wlan0:    skip - SSID mismatch
02-25 10:59:11.249 D/wpa_supplicant(  694): wlan0: 1: c8:d7:19:60:62:f2 ssid='E3000-2.4G' wpa_ie_len=0 rsn_ie_len=20 caps=0x411 level=-44 wps
02-25 10:59:11.249 D/wpa_supplicant(  694): wlan0:    skip - SSID mismatch
02-25 10:59:11.249 D/wpa_supplicant(  694): wlan0: 2: 02:1a:11:ff:f7:0a ssid='io1' wpa_ie_len=0 rsn_ie_len=20 caps=0x431 level=-51
02-25 10:59:11.249 D/wpa_supplicant(  694): wlan0:    skip - SSID mismatch
02-25 10:59:11.249 D/wpa_supplicant(  694): wlan0: 3: 10:c3:7b:d2:e5:e0 ssid='ASUS_RT-AC66U-2.4G' wpa_ie_len=0 rsn_ie_len=20 caps=0x411 level=-55 wps
02-25 10:59:11.249 D/wpa_supplicant(  694): wlan0:    skip - SSID mismatch
02-25 10:59:11.249 D/wpa_supplicant(  694): wlan0: 4: cc:34:29:2b:26:4c ssid='cws-test' wpa_ie_len=0 rsn_ie_len=20 caps=0x431 level=-56 wps
02-25 10:59:11.249 D/wpa_supplicant(  694): wlan0:    skip - SSID mismatch
02-25 10:59:11.249 D/wpa_supplicant(  694): wlan0: 5: 90:94:e4:03:45:f5 ssid='DAP-2553_D' wpa_ie_len=0 rsn_ie_len=24 caps=0x431 level=-57
02-25 10:59:11.249 D/wpa_supplicant(  694): wlan0:    skip - SSID mismatch
02-25 10:59:11.249 D/wpa_supplicant(  694): wlan0: 6: b0:48:7a:51:ff:cc ssid='Neusoft TP' wpa_ie_len=22 rsn_ie_len=20 caps=0x431 level=-60 wps
02-25 10:59:11.249 D/wpa_supplicant(  694): wlan0:    skip - SSID mismatch
02-25 10:59:11.249 D/wpa_supplicant(  694): wlan0: 7: 44:94:fc:3d:da:38 ssid='6300' wpa_ie_len=0 rsn_ie_len=20 caps=0x411 level=-62 wps
02-25 10:59:11.249 D/wpa_supplicant(  694): wlan0:    skip - SSID mismatch
02-25 10:59:11.249 D/wpa_supplicant(  694): wlan0: 8: 98:fc:11:81:35:fb ssid='E2000EE' wpa_ie_len=0 rsn_ie_len=20 caps=0x411 level=-62
02-25 10:59:11.249 D/wpa_supplicant(  694): wlan0:    skip - SSID mismatch
02-25 10:59:11.249 D/wpa_supplicant(  694): wlan0: 9: cc:34:29:2c:fb:ec ssid='linksys' wpa_ie_len=22 rsn_ie_len=20 caps=0x431 level=-66 wps
02-25 10:59:11.249 D/wpa_supplicant(  694): wlan0:    skip - SSID mismatch
02-25 10:59:11.249 D/wpa_supplicant(  694): wlan0: 10: 80:1f:02:43:fb:e8 ssid='Edimax AP' wpa_ie_len=0 rsn_ie_len=20 caps=0x411 level=-68
02-25 10:59:11.249 D/wpa_supplicant(  694): wlan0:    skip - SSID mismatch
02-25 10:59:11.249 D/wpa_supplicant(  694): wlan0: 11: c4:17:fe:3f:4f:fb ssid='cmcm' wpa_ie_len=0 rsn_ie_len=20 caps=0x511 level=-69
02-25 10:59:11.249 D/wpa_supplicant(  694): wlan0:    skip - SSID mismatch
02-25 10:59:11.249 D/wpa_supplicant(  694): wlan0: 12: c0:a0:bb:20:3b:84 ssid='dlink-3B84' wpa_ie_len=26 rsn_ie_len=24 caps=0x411 level=-71 wps
02-25 10:59:11.249 D/wpa_supplicant(  694): wlan0:    skip - SSID mismatch
02-25 10:59:11.249 D/wpa_supplicant(  694): wlan0: 13: 22:48:9a:ac:31:5b ssid='dean1' wpa_ie_len=0 rsn_ie_len=20 caps=0x431 level=-76
02-25 10:59:11.249 D/wpa_supplicant(  694): wlan0:    skip - SSID mismatch
02-25 10:59:11.249 D/wpa_supplicant(  694): wlan0: 14: 02:09:4c:d9:8b:51 ssid='DIRECT-' wpa_ie_len=0 rsn_ie_len=0 caps=0x410 level=-65
02-25 10:59:11.249 D/wpa_supplicant(  694): wlan0:    skip - SSID mismatch
02-25 10:59:11.249 D/wpa_supplicant(  694): wlan0: 15: 50:bd:5f:4b:29:92 ssid='Internet-2' wpa_ie_len=0 rsn_ie_len=0 caps=0x421 level=-65
02-25 10:59:11.249 D/wpa_supplicant(  694): wlan0:    skip - SSID mismatch
02-25 10:59:11.249 D/wpa_supplicant(  694): wlan0: 16: e4:d3:32:dd:18:62 ssid='Internet' wpa_ie_len=0 rsn_ie_len=0 caps=0x421 level=-75
02-25 10:59:11.249 D/wpa_supplicant(  694): wlan0:    skip - SSID mismatch
02-25 10:59:11.249 D/wpa_supplicant(  694): wlan0: Selecting BSS from priority group 15
02-25 10:59:11.249 D/wpa_supplicant(  694): wlan0: 0: f8:d1:11:e7:99:e8 ssid='videotest' wpa_ie_len=22 rsn_ie_len=20 caps=0x531 level=-40 wps
02-25 10:59:11.249 D/wpa_supplicant(  694): wlan0:    skip - SSID mismatch
02-25 10:59:11.249 D/wpa_supplicant(  694): wlan0: 1: c8:d7:19:60:62:f2 ssid='E3000-2.4G' wpa_ie_len=0 rsn_ie_len=20 caps=0x411 level=-44 wps
02-25 10:59:11.249 D/wpa_supplicant(  694): wlan0:    skip - SSID mismatch
02-25 10:59:11.249 D/wpa_supplicant(  694): wlan0: 2: 02:1a:11:ff:f7:0a ssid='io1' wpa_ie_len=0 rsn_ie_len=20 caps=0x431 level=-51
02-25 10:59:11.249 D/wpa_supplicant(  694): wlan0:    skip - SSID mismatch
02-25 10:59:11.249 D/wpa_supplicant(  694): wlan0: 3: 10:c3:7b:d2:e5:e0 ssid='ASUS_RT-AC66U-2.4G' wpa_ie_len=0 rsn_ie_len=20 caps=0x411 level=-55 wps
02-25 10:59:11.249 D/wpa_supplicant(  694): wlan0:    skip - SSID mismatch
02-25 10:59:11.249 I/WifiHW  (  506): CMD: IFNAME=wlan0 BSS RANGE=0- MASK=0x21987
02-25 10:59:11.249 D/wpa_supplicant(  694): wlan0: 4: cc:34:29:2b:26:4c ssid='cws-test' wpa_ie_len=0 rsn_ie_len=20 caps=0x431 level=-56 wps
02-25 10:59:11.249 D/wpa_supplicant(  694): wlan0:    skip - SSID mismatch
02-25 10:59:11.249 D/wpa_supplicant(  694): wlan0: 5: 90:94:e4:03:45:f5 ssid='DAP-2553_D' wpa_ie_len=0 rsn_ie_len=24 caps=0x431 level=-57
02-25 10:59:11.249 D/wpa_supplicant(  694): wlan0:    skip - SSID mismatch
02-25 10:59:11.249 D/wpa_supplicant(  694): wlan0: 6: b0:48:7a:51:ff:cc ssid='Neusoft TP' wpa_ie_len=22 rsn_ie_len=20 caps=0x431 level=-60 wps
02-25 10:59:11.249 D/wpa_supplicant(  694): wlan0:    skip - SSID mismatch
02-25 10:59:11.249 D/wpa_supplicant(  694): wlan0: 7: 44:94:fc:3d:da:38 ssid='6300' wpa_ie_len=0 rsn_ie_len=20 caps=0x411 level=-62 wps
02-25 10:59:11.249 D/wpa_supplicant(  694): wlan0:    skip - SSID mismatch
02-25 10:59:11.249 D/wpa_supplicant(  694): wlan0: 8: 98:fc:11:81:35:fb ssid='E2000EE' wpa_ie_len=0 rsn_ie_len=20 caps=0x411 level=-62
02-25 10:59:11.249 D/wpa_supplicant(  694): wlan0:    skip - SSID mismatch
02-25 10:59:11.249 D/wpa_supplicant(  694): wlan0: 9: cc:34:29:2c:fb:ec ssid='linksys' wpa_ie_len=22 rsn_ie_len=20 caps=0x431 level=-66 wps
02-25 10:59:11.249 D/wpa_supplicant(  694): wlan0:    skip - SSID mismatch
02-25 10:59:11.249 D/wpa_supplicant(  694): wlan0: 10: 80:1f:02:43:fb:e8 ssid='Edimax AP' wpa_ie_len=0 rsn_ie_len=20 caps=0x411 level=-68
02-25 10:59:11.249 D/wpa_supplicant(  694): wlan0:    skip - SSID mismatch
02-25 10:59:11.249 D/wpa_supplicant(  694): wlan0: 11: c4:17:fe:3f:4f:fb ssid='cmcm' wpa_ie_len=0 rsn_ie_len=20 caps=0x511 level=-69
02-25 10:59:11.249 D/wpa_supplicant(  694): wlan0:    skip - SSID mismatch
02-25 10:59:11.249 D/wpa_supplicant(  694): wlan0: 12: c0:a0:bb:20:3b:84 ssid='dlink-3B84' wpa_ie_len=26 rsn_ie_len=24 caps=0x411 level=-71 wps
02-25 10:59:11.249 D/wpa_supplicant(  694): wlan0:    skip - SSID mismatch
02-25 10:59:11.249 D/wpa_supplicant(  694): wlan0: 13: 22:48:9a:ac:31:5b ssid='dean1' wpa_ie_len=0 rsn_ie_len=20 caps=0x431 level=-76
02-25 10:59:11.249 D/wpa_supplicant(  694): wlan0:    skip - SSID mismatch
02-25 10:59:11.249 D/wpa_supplicant(  694): wlan0: 14: 02:09:4c:d9:8b:51 ssid='DIRECT-' wpa_ie_len=0 rsn_ie_len=0 caps=0x410 level=-65
02-25 10:59:11.249 D/wpa_supplicant(  694): wlan0:    skip - SSID mismatch
02-25 10:59:11.249 D/wpa_supplicant(  694): wlan0: 15: 50:bd:5f:4b:29:92 ssid='Internet-2' wpa_ie_len=0 rsn_ie_len=0 caps=0x421 level=-65
02-25 10:59:11.249 D/wpa_supplicant(  694): wlan0:    skip - SSID mismatch
02-25 10:59:11.249 D/wpa_supplicant(  694): wlan0: 16: e4:d3:32:dd:18:62 ssid='Internet' wpa_ie_len=0 rsn_ie_len=0 caps=0x421 level=-75
02-25 10:59:11.249 D/wpa_supplicant(  694): wlan0:    skip - SSID mismatch
02-25 10:59:11.249 D/wpa_supplicant(  694): wlan0: Selecting BSS from priority group 4
02-25 10:59:11.249 D/wpa_supplicant(  694): wlan0: 0: f8:d1:11:e7:99:e8 ssid='videotest' wpa_ie_len=22 rsn_ie_len=20 caps=0x531 level=-40 wps
02-25 10:59:11.249 D/wpa_supplicant(  694): wlan0:    skip - SSID mismatch
02-25 10:59:11.249 D/wpa_supplicant(  694): wlan0: 1: c8:d7:19:60:62:f2 ssid='E3000-2.4G' wpa_ie_len=0 rsn_ie_len=20 caps=0x411 level=-44 wps
02-25 10:59:11.249 D/wpa_supplicant(  694): wlan0:    skip - SSID mismatch
02-25 10:59:11.249 D/wpa_supplicant(  694): wlan0: 2: 02:1a:11:ff:f7:0a ssid='io1' wpa_ie_len=0 rsn_ie_len=20 caps=0x431 level=-51
02-25 10:59:11.249 D/wpa_supplicant(  694): wlan0:    skip - SSID mismatch
02-25 10:59:11.249 D/wpa_supplicant(  694): wlan0: 3: 10:c3:7b:d2:e5:e0 ssid='ASUS_RT-AC66U-2.4G' wpa_ie_len=0 rsn_ie_len=20 caps=0x411 level=-55 wps
02-25 10:59:11.249 D/wpa_supplicant(  694): wlan0:    skip - SSID mismatch
02-25 10:59:11.249 D/wpa_supplicant(  694): wlan0: 4: cc:34:29:2b:26:4c ssid='cws-test' wpa_ie_len=0 rsn_ie_len=20 caps=0x431 level=-56 wps
02-25 10:59:11.249 D/wpa_supplicant(  694): wlan0:    skip - SSID mismatch
02-25 10:59:11.249 D/wpa_supplicant(  694): wlan0: 5: 90:94:e4:03:45:f5 ssid='DAP-2553_D' wpa_ie_len=0 rsn_ie_len=24 caps=0x431 level=-57
02-25 10:59:11.249 D/wpa_supplicant(  694): wlan0:    skip - SSID mismatch
02-25 10:59:11.249 D/wpa_supplicant(  694): wlan0: 6: b0:48:7a:51:ff:cc ssid='Neusoft TP' wpa_ie_len=22 rsn_ie_len=20 caps=0x431 level=-60 wps
02-25 10:59:11.249 D/wpa_supplicant(  694): wlan0:    skip - SSID mismatch
02-25 10:59:11.249 D/wpa_supplicant(  694): wlan0: 7: 44:94:fc:3d:da:38 ssid='6300' wpa_ie_len=0 rsn_ie_len=20 caps=0x411 level=-62 wps
02-25 10:59:11.249 D/wpa_supplicant(  694): wlan0:    skip - SSID mismatch
02-25 10:59:11.249 D/wpa_supplicant(  694): wlan0: 8: 98:fc:11:81:35:fb ssid='E2000EE' wpa_ie_len=0 rsn_ie_len=20 caps=0x411 level=-62
02-25 10:59:11.249 D/wpa_supplicant(  694): wlan0:    skip - SSID mismatch
02-25 10:59:11.249 D/wpa_supplicant(  694): wlan0: 9: cc:34:29:2c:fb:ec ssid='linksys' wpa_ie_len=22 rsn_ie_len=20 caps=0x431 level=-66 wps
02-25 10:59:11.249 D/wpa_supplicant(  694): wlan0:    skip - SSID mismatch
02-25 10:59:11.249 D/wpa_supplicant(  694): wlan0: 10: 80:1f:02:43:fb:e8 ssid='Edimax AP' wpa_ie_len=0 rsn_ie_len=20 caps=0x411 level=-68
02-25 10:59:11.249 D/wpa_supplicant(  694): wlan0:    skip - SSID mismatch
02-25 10:59:11.249 D/wpa_supplicant(  694): wlan0: 11: c4:17:fe:3f:4f:fb ssid='cmcm' wpa_ie_len=0 rsn_ie_len=20 caps=0x511 level=-69
02-25 10:59:11.249 D/wpa_supplicant(  694): wlan0:    skip - SSID mismatch
02-25 10:59:11.249 D/wpa_supplicant(  694): wlan0: 12: c0:a0:bb:20:3b:84 ssid='dlink-3B84' wpa_ie_len=26 rsn_ie_len=24 caps=0x411 level=-71 wps
02-25 10:59:11.249 D/wpa_supplicant(  694): wlan0:    skip - SSID mismatch
02-25 10:59:11.249 D/wpa_supplicant(  694): wlan0: 13: 22:48:9a:ac:31:5b ssid='dean1' wpa_ie_len=0 rsn_ie_len=20 caps=0x431 level=-76
02-25 10:59:11.249 D/wpa_supplicant(  694): wlan0:    skip - SSID mismatch
02-25 10:59:11.249 D/wpa_supplicant(  694): wlan0: 14: 02:09:4c:d9:8b:51 ssid='DIRECT-' wpa_ie_len=0 rsn_ie_len=0 caps=0x410 level=-65
02-25 10:59:11.249 D/wpa_supplicant(  694): wlan0:    skip - SSID mismatch
02-25 10:59:11.249 D/wpa_supplicant(  694): wlan0: 15: 50:bd:5f:4b:29:92 ssid='Internet-2' wpa_ie_len=0 rsn_ie_len=0 caps=0x421 level=-65
02-25 10:59:11.249 D/wpa_supplicant(  694): wlan0:    skip - SSID mismatch
02-25 10:59:11.249 D/wpa_supplicant(  694): wlan0: 16: e4:d3:32:dd:18:62 ssid='Internet' wpa_ie_len=0 rsn_ie_len=0 caps=0x421 level=-75
02-25 10:59:11.249 D/wpa_supplicant(  694): wlan0:    skip - SSID mismatch
02-25 10:59:11.249 D/wpa_supplicant(  694): wlan0: No suitable network found
02-25 10:59:11.249 D/wpa_supplicant(  694): wlan0: Setting scan request: 40 sec 0 usec
02-25 10:59:11.249 D/wpa_supplicant(  694): wlan0: Checking for other virtual interfaces sharing same radio (phy0) in event_scan_results
02-25 10:59:11.249 D/wpa_supplicant(  694): p2p-dev-wlan0: Updating scan results from sibling
02-25 10:59:11.249 D/wpa_supplicant(  694): nl80211: Received scan results (17 BSSes)
02-25 10:59:11.249 D/wpa_supplicant(  694): nl80211: Survey data missing
02-25 10:59:11.249 D/wpa_supplicant(  694): p2p-dev-wlan0: BSS: Start scan result update 106
02-25 10:59:11.249 D/wpa_supplicant(  694): BSS: No P2P IE - skipping BSS f8:d1:11:e7:99:e8 update for P2P interface
02-25 10:59:11.249 D/wpa_supplicant(  694): BSS: No P2P IE - skipping BSS c8:d7:19:60:62:f2 update for P2P interface
02-25 10:59:11.249 D/wpa_supplicant(  694): BSS: No P2P IE - skipping BSS 02:1a:11:ff:f7:0a update for P2P interface
02-25 10:59:11.249 D/wpa_supplicant(  694): BSS: No P2P IE - skipping BSS 10:c3:7b:d2:e5:e0 update for P2P interface
02-25 10:59:11.249 D/wpa_supplicant(  694): BSS: No P2P IE - skipping BSS cc:34:29:2b:26:4c update for P2P interface
02-25 10:59:11.249 D/wpa_supplicant(  694): BSS: No P2P IE - skipping BSS 90:94:e4:03:45:f5 update for P2P interface
02-25 10:59:11.249 D/wpa_supplicant(  694): BSS: No P2P IE - skipping BSS b0:48:7a:51:ff:cc update for P2P interface
02-25 10:59:11.249 D/wpa_supplicant(  694): BSS: No P2P IE - skipping BSS 44:94:fc:3d:da:38 update for P2P interface
02-25 10:59:11.249 D/wpa_supplicant(  694): BSS: No P2P IE - skipping BSS 98:fc:11:81:35:fb update for P2P interface
02-25 10:59:11.249 D/wpa_supplicant(  694): BSS: No P2P IE - skipping BSS cc:34:29:2c:fb:ec update for P2P interface
02-25 10:59:11.249 D/wpa_supplicant(  694): BSS: No P2P IE - skipping BSS 80:1f:02:43:fb:e8 update for P2P interface
02-25 10:59:11.249 D/wpa_supplicant(  694): BSS: No P2P IE - skipping BSS c4:17:fe:3f:4f:fb update for P2P interface
02-25 10:59:11.249 I/WifiHW  (  506): EVENT: IFNAME=wlan0 WPS-AP-AVAILABLE 
02-25 10:59:11.249 D/wpa_supplicant(  694): BSS: No P2P IE - skipping BSS c0:a0:bb:20:3b:84 update for P2P interface
02-25 10:59:11.249 D/wpa_supplicant(  694): BSS: No P2P IE - skipping BSS 22:48:9a:ac:31:5b update for P2P interface
02-25 10:59:11.249 D/wpa_supplicant(  694): BSS: No P2P IE - skipping BSS 02:09:4c:d9:8b:51 update for P2P interface
02-25 10:59:11.249 D/wpa_supplicant(  694): BSS: No P2P IE - skipping BSS 50:bd:5f:4b:29:92 update for P2P interface
02-25 10:59:11.249 D/wpa_supplicant(  694): BSS: No P2P IE - skipping BSS e4:d3:32:dd:18:62 update for P2P interface
02-25 10:59:11.249 D/wpa_supplicant(  694): BSS: last_scan_res_used=0/0 last_scan_full=0
02-25 10:59:11.249 D/wpa_supplicant(  694): p2p-dev-wlan0: New scan results available
02-25 10:59:11.249 D/wpa_supplicant(  694): CTRL_IFACE monitor send - hexdump(len=39): 2f 64 61 74 61 2f 6d 69 73 63 2f 77 69 66 69 2f 73 6f 63 6b 65 74 73 2f 77 70 61 5f 63 74 72 6c ...
02-25 10:59:11.249 D/wpa_supplicant(  694): WPS: AP[0] f8:d1:11:e7:99:e8 type=0 tries=0 last_attempt=-1 sec ago blacklist=0
02-25 10:59:11.249 D/wpa_supplicant(  694): WPS: AP[1] cc:34:29:2c:fb:ec type=0 tries=0 last_attempt=-1 sec ago blacklist=0
02-25 10:59:11.249 D/wpa_supplicant(  694): WPS: AP[2] cc:34:29:2b:26:4c type=0 tries=0 last_attempt=-1 sec ago blacklist=0
02-25 10:59:11.249 D/wpa_supplicant(  694): WPS: AP[3] b0:48:7a:51:ff:cc type=0 tries=0 last_attempt=-1 sec ago blacklist=0
02-25 10:59:11.249 D/wpa_supplicant(  694): WPS: AP[4] c0:a0:bb:20:3b:84 type=0 tries=0 last_attempt=-1 sec ago blacklist=0
02-25 10:59:11.249 D/wpa_supplicant(  694): WPS: AP[5] 2c:b0:5d:7f:f4:24 type=0 tries=0 last_attempt=-1 sec ago blacklist=0
02-25 10:59:11.249 D/wpa_supplicant(  694): WPS: AP[6] 9c:21:6a:0d:eb:72 type=0 tries=0 last_attempt=-1 sec ago blacklist=0
02-25 10:59:11.249 D/wpa_supplicant(  694): WPS: AP[7] c8:d7:19:60:62:f2 type=0 tries=0 last_attempt=-1 sec ago blacklist=0
02-25 10:59:11.249 D/wpa_supplicant(  694): WPS: AP[8] 44:94:fc:3d:da:38 type=0 tries=0 last_attempt=-1 sec ago blacklist=0
02-25 10:59:11.249 D/wpa_supplicant(  694): WPS: AP[9] 10:c3:7b:d2:e5:e0 type=0 tries=0 last_attempt=-1 sec ago blacklist=0
02-25 10:59:11.249 D/wpa_supplicant(  694): p2p-dev-wlan0: No suitable network found
02-25 10:59:11.249 D/wpa_supplicant(  694): p2p-dev-wlan0: Short-circuit new scan request since there are no enabled networks
02-25 10:59:11.249 D/wpa_supplicant(  694): p2p-dev-wlan0: State: INACTIVE -> INACTIVE
02-25 10:59:11.249 D/wpa_supplicant(  694): wlan0: P2P: Station mode scan operation not pending anymore (sta_scan_pending=0 p2p_cb_on_scan_complete=0)
02-25 10:59:11.249 D/wpa_supplicant(  694): RX ctrl_iface - hexdump(len=25): 42 53 53 20 52 41 4e 47 45 3d 30 2d 20 4d 41 53 4b 3d 30 78 32 31 39 38 37
02-25 10:59:11.249 D/wpa_supplicant(  694): wlan0: Control interface command 'BSS RANGE=0- MASK=0x21987'
02-25 10:59:11.249 I/WifiHW  (  506): REPLY: id=0
02-25 10:59:11.249 I/WifiHW  (  506): REPLY: bssid=f8:d1:11:e7:99:e8
02-25 10:59:11.249 I/WifiHW  (  506): REPLY: freq=2437
02-25 10:59:11.249 I/WifiHW  (  506): REPLY: level=-40
02-25 10:59:11.249 I/WifiHW  (  506): REPLY: tsf=0000004325462825
02-25 10:59:11.249 I/WifiHW  (  506): REPLY: flags=[WPA-PSK-CCMP][WPA2-PSK-CCMP][WPS][ESS]
02-25 10:59:11.249 I/WifiHW  (  506): REPLY: ssid=videotest
02-25 10:59:11.249 I/WifiHW  (  506): REPLY: ====
02-25 10:59:11.249 I/WifiHW  (  506): REPLY: id=1
02-25 10:59:11.249 I/WifiHW  (  506): REPLY: bssid=02:1a:11:ff:f7:0a
02-25 10:59:11.249 I/WifiHW  (  506): REPLY: freq=2437
02-25 10:59:11.249 I/WifiHW  (  506): REPLY: level=-51
02-25 10:59:11.249 I/WifiHW  (  506): REPLY: tsf=0000004325462828
02-25 10:59:11.249 I/WifiHW  (  506): REPLY: flags=[WPA2-PSK-CCMP][ESS]
02-25 10:59:11.249 I/WifiHW  (  506): REPLY: ssid=io1
02-25 10:59:11.249 I/WifiHW  (  506): REPLY: ====
02-25 10:59:11.249 I/WifiHW  (  506): REPLY: id=2
02-25 10:59:11.249 I/WifiHW  (  506): REPLY: bssid=cc:34:29:2c:fb:ec
02-25 10:59:11.249 I/WifiHW  (  506): REPLY: freq=2412
02-25 10:59:11.249 I/WifiHW  (  506): REPLY: level=-66
02-25 10:59:11.249 I/WifiHW  (  506): REPLY: tsf=0000004325462810
02-25 10:59:11.249 I/WifiHW  (  506): REPLY: flags=[WPA-PSK-CCMP][WPA2-PSK-CCMP][WPS][ESS]
02-25 10:59:11.249 I/WifiHW  (  506): REPLY: ssid=linksys
02-25 10:59:11.249 I/WifiHW  (  506): REPLY: ====
02-25 10:59:11.249 I/WifiHW  (  506): REPLY: id=3
02-25 10:59:11.249 I/WifiHW  (  506): REPLY: bssid=cc:34:29:2b:26:4c
02-25 10:59:11.249 I/WifiHW  (  506): REPLY: freq=2462
02-25 10:59:11.249 I/WifiHW  (  506): REPLY: level=-56
02-25 10:59:11.249 I/WifiHW  (  506): REPLY: tsf=0000004325462846
02-25 10:59:11.249 I/WifiHW  (  506): REPLY: flags=[WPA2-PSK-CCMP][WPS][ESS]
02-25 10:59:11.249 I/WifiHW  (  506): REPLY: ssid=cws-test
02-25 10:59:11.249 I/WifiHW  (  506): REPLY: ====
02-25 10:59:11.249 I/WifiHW  (  506): REPLY: id=4
02-25 10:59:11.249 I/WifiHW  (  506): REPLY: bssid=90:94:e4:03:45:f5
02-25 10:59:11.249 I/WifiHW  (  506): REPLY: freq=2422
02-25 10:59:11.249 I/WifiHW  (  506): EVENT: IFNAME=p2p-dev-wlan0 CTRL-EVENT-SCAN-RESULTS 
02-25 10:59:11.249 I/WifiHW  (  506): REPLY: level=-57
02-25 10:59:11.249 I/WifiHW  (  506): REPLY: tsf=0000004325462817
02-25 10:59:11.249 I/WifiHW  (  506): REPLY: flags=[WPA2-PSK-CCMP+TKIP][ESS]
02-25 10:59:11.249 I/WifiHW  (  506): REPLY: ssid=DAP-2553_D
02-25 10:59:11.249 I/WifiHW  (  506): REPLY: ====
02-25 10:59:11.249 I/WifiHW  (  506): REPLY: id=5
02-25 10:59:11.249 I/WifiHW  (  506): REPLY: bssid=98:fc:11:81:35:fb
02-25 10:59:11.249 I/WifiHW  (  506): REPLY: freq=2412
02-25 10:59:11.249 I/WifiHW  (  506): REPLY: level=-62
02-25 10:59:11.249 I/WifiHW  (  506): REPLY: tsf=0000004325462813
02-25 10:59:11.249 I/WifiHW  (  506): REPLY: flags=[WPA2-EAP-CCMP-preauth][ESS]
02-25 10:59:11.249 I/WifiHW  (  506): REPLY: ssid=E2000EE
02-25 10:59:11.249 I/WifiHW  (  506): REPLY: ====
02-25 10:59:11.249 I/WifiHW  (  506): REPLY: id=6
02-25 10:59:11.249 I/WifiHW  (  506): REPLY: bssid=80:1f:02:43:fb:e8
02-25 10:59:11.249 I/WifiHW  (  506): REPLY: freq=2412
02-25 10:59:11.249 I/WifiHW  (  506): REPLY: level=-68
02-25 10:59:11.249 I/WifiHW  (  506): REPLY: tsf=0000004325462815
02-25 10:59:11.249 I/WifiHW  (  506): REPLY: flags=[WPA2-PSK-CCMP-preauth][ESS]
02-25 10:59:11.249 I/WifiHW  (  506): REPLY: ssid=Edimax AP
02-25 10:59:11.249 I/WifiHW  (  506): REPLY: ====
02-25 10:59:11.249 I/WifiHW  (  506): REPLY: id=8
02-25 10:59:11.249 I/WifiHW  (  506): REPLY: bssid=b0:48:7a:51:ff:cc
02-25 10:59:11.249 I/WifiHW  (  506): REPLY: freq=2452
02-25 10:59:11.249 I/WifiHW  (  506): REPLY: level=-60
02-25 10:59:11.249 I/WifiHW  (  506): REPLY: tsf=0000004325462849
02-25 10:59:11.249 I/WifiHW  (  506): REPLY: flags=[WPA-PSK-CCMP][WPA2-PSK-CCMP][WPS][ESS]
02-25 10:59:11.249 I/WifiHW  (  506): REPLY: ssid=Neusoft TP
02-25 10:59:11.249 I/WifiHW  (  506): REPLY: ====
02-25 10:59:11.249 I/WifiHW  (  506): REPLY: id=17
02-25 10:59:11.249 I/WifiHW  (  506): REPLY: bssid=50:bd:5f:4b:29:92
02-25 10:59:11.249 I/WifiHW  (  506): REPLY: freq=2437
02-25 10:59:11.249 I/WifiHW  (  506): REPLY: level=-65
02-25 10:59:11.249 I/WifiHW  (  506): REPLY: tsf=0000004325462823
02-25 10:59:11.249 I/WifiHW  (  506): REPLY: flags=[ESS]
02-25 10:59:11.249 I/WifiHW  (  506): REPLY: ssid=Internet-2
02-25 10:59:11.249 I/WifiHW  (  506): REPLY: ====
02-25 10:59:11.249 I/WifiHW  (  506): REPLY: id=29
02-25 10:59:11.249 I/WifiHW  (  506): REPLY: bssid=c8:d7:19:60:62:f2
02-25 10:59:11.249 I/WifiHW  (  506): REPLY: freq=2437
02-25 10:59:11.249 I/WifiHW  (  506): REPLY: level=-44
02-25 10:59:11.249 I/WifiHW  (  506): REPLY: tsf=0000004325462830
02-25 10:59:11.249 I/WifiHW  (  506): REPLY: flags=[WPA2-PSK-CCMP][WPS][ESS]
02-25 10:59:11.249 I/WifiHW  (  506): REPLY: ssid=E3000-2.4G
02-25 10:59:11.249 I/WifiHW  (  506): REPLY: ====
02-25 10:59:11.249 I/WifiHW  (  506): REPLY: id=31
02-25 10:59:11.249 I/WifiHW  (  506): REPLY: bssid=44:94:fc:3d:da:38
02-25 10:59:11.249 I/WifiHW  (  506): REPLY: freq=2462
02-25 10:59:11.249 I/WifiHW  (  506): REPLY: level=-62
02-25 10:59:11.249 I/WifiHW  (  506): REPLY: tsf=0000004325462855
02-25 10:59:11.249 I/WifiHW  (  506): REPLY: flags=[WPA2-EAP-CCMP-preauth][WPS][ESS]
02-25 10:59:11.249 I/WifiHW  (  506): REPLY: ssid=6300
02-25 10:59:11.249 I/WifiHW  (  506): REPLY: ====
02-25 10:59:11.249 I/WifiHW  (  506): REPLY: id=32
02-25 10:59:11.249 I/WifiHW  (  506): REPLY: bssid=10:c3:7b:d2:e5:e0
02-25 10:59:11.249 I/WifiHW  (  506): REPLY: freq=2462
02-25 10:59:11.249 I/WifiHW  (  506): REPLY: level=-55
02-25 10:59:11.249 I/WifiHW  (  506): REPLY: tsf=0000004325462852
02-25 10:59:11.249 I/WifiHW  (  506): REPLY: flags=[WPA2-PSK-CCMP][WPS][ESS]
02-25 10:59:11.249 I/WifiHW  (  506): REPLY: ssid=ASUS_RT-AC66U-2.4G
02-25 10:59:11.249 I/WifiHW  (  506): REPLY: ====
02-25 10:59:11.249 I/WifiHW  (  506): REPLY: id=80
02-25 10:59:11.249 I/WifiHW  (  506): REPLY: bssid=c4:17:fe:3f:4f:fb
02-25 10:59:11.249 I/WifiHW  (  506): REPLY: freq=2437
02-25 10:59:11.249 I/WifiHW  (  506): REPLY: level=-69
02-25 10:59:11.249 I/WifiHW  (  506): REPLY: tsf=0000004325462836
02-25 10:59:11.249 I/WifiHW  (  506): REPLY: flags=[WPA2-PSK-CCMP][ESS]
02-25 10:59:11.249 I/WifiHW  (  506): REPLY: ssid=cmcm
02-25 10:59:11.249 I/WifiHW  (  506): REPLY: ====
02-25 10:59:11.249 I/WifiHW  (  506): REPLY: id=96
02-25 10:59:11.249 I/WifiHW  (  506): REPLY: bssid=22:48:9a:ac:31:5b
02-25 10:59:11.249 I/WifiHW  (  506): REPLY: freq=2437
02-25 10:59:11.249 I/WifiHW  (  506): REPLY: level=-76
02-25 10:59:11.249 I/WifiHW  (  506): REPLY: tsf=0000004325462842
02-25 10:59:11.249 I/WifiHW  (  506): REPLY: flags=[WPA2-PSK-CCMP][ESS]
02-25 10:59:11.249 I/WifiHW  (  506): REPLY: ssid=dean1
02-25 10:59:11.249 I/WifiHW  (  506): REPLY: ====
02-25 10:59:11.249 I/WifiHW  (  506): REPLY: id=122
02-25 10:59:11.249 I/WifiHW  (  506): REPLY: bssid=c0:a0:bb:20:3b:84
02-25 10:59:11.249 I/WifiHW  (  506): REPLY: freq=2417
02-25 10:59:11.249 I/WifiHW  (  506): REPLY: level=-71
02-25 10:59:11.249 I/WifiHW  (  506): REPLY: tsf=0000004325462820
02-25 10:59:11.249 I/WifiHW  (  506): REPLY: flags=[WPA-PSK-CCMP+TKIP][WPA2-PSK-CCMP+TKIP][WPS][ESS]
02-25 10:59:11.249 I/WifiHW  (  506): REPLY: ssid=dlink-3B84
02-25 10:59:11.249 I/WifiHW  (  506): REPLY: ====
02-25 10:59:11.249 I/WifiHW  (  506): REPLY: id=139
02-25 10:59:11.249 I/WifiHW  (  506): REPLY: bssid=00:0f:e2:0f:9f:c1
02-25 10:59:11.249 I/WifiHW  (  506): REPLY: freq=2462
02-25 10:59:11.249 I/WifiHW  (  506): REPLY: level=-76
02-25 10:59:11.249 I/WifiHW  (  506): REPLY: tsf=0000004284212495
02-25 10:59:11.249 I/WifiHW  (  506): REPLY: flags=[WPA-PSK-CCMP+TKIP][WPA2-PSK-CCMP+TKIP][ESS]
02-25 10:59:11.249 I/WifiHW  (  506): REPLY: ssid=321_WAN
02-25 10:59:11.249 I/WifiHW  (  506): REPLY: ====
02-25 10:59:11.249 I/WifiHW  (  506): REPLY: id=141
02-25 10:59:11.249 I/WifiHW  (  506): REPLY: bssid=cc:b2:55:e2:84:70
02-25 10:59:11.249 I/WifiHW  (  506): REPLY: freq=2447
02-25 10:59:11.249 I/WifiHW  (  506): REPLY: level=-66
02-25 10:59:11.249 I/WifiHW  (  506): REPLY: tsf=0000004284212461
02-25 10:59:11.249 I/WifiHW  (  506): REPLY: flags=[WPA-PSK-TKIP][WPA2-PSK-TKIP][ESS]
02-25 10:59:11.249 I/WifiHW  (  506): REPLY: ssid=DLINK_APK
02-25 10:59:11.249 I/WifiHW  (  506): REPLY: ====
02-25 10:59:11.249 I/WifiHW  (  506): REPLY: id=142
02-25 10:59:11.249 I/WifiHW  (  506): REPLY: bssid=e4:d3:32:c0:cf:a4
02-25 10:59:11.249 I/WifiHW  (  506): REPLY: freq=2437
02-25 10:59:11.249 I/WifiHW  (  506): REPLY: level=-72
02-25 10:59:11.249 I/WifiHW  (  506): REPLY: tsf=0000004284212442
02-25 10:59:11.249 I/WifiHW  (  506): REPLY: flags=[WPA2-PSK-CCMP][ESS]
02-25 10:59:11.249 I/WifiHW  (  506): REPLY: ssid=fast
02-25 10:59:11.249 I/WifiHW  (  506): REPLY: ====
02-25 10:59:11.249 I/WifiHW  (  506): REPLY: id=143
02-25 10:59:11.249 I/WifiHW  (  506): REPLY: bssid=02:09:4c:d9:8b:51
02-25 10:59:11.249 I/WifiHW  (  506): REPLY: freq=2412
02-25 10:59:11.249 I/WifiHW  (  506): REPLY: level=-65
02-25 10:59:11.249 I/WifiHW  (  506): REPLY: tsf=0000004325462839
02-25 10:59:11.249 I/WifiHW  (  506): REPLY: flags=[WEP]
02-25 10:59:11.249 I/WifiHW  (  506): REPLY: ssid=DIRECT-
02-25 10:59:11.249 I/WifiHW  (  506): REPLY: ====
02-25 10:59:11.249 I/WifiHW  (  506): REPLY: id=144
02-25 10:59:11.249 I/WifiHW  (  506): REPLY: bssid=e4:d3:32:dd:18:62
02-25 10:59:11.249 I/WifiHW  (  506): REPLY: freq=2437
02-25 10:59:11.249 I/WifiHW  (  506): REPLY: level=-75
02-25 10:59:11.249 I/WifiHW  (  506): REPLY: tsf=0000004325462833
02-25 10:59:11.249 I/WifiHW  (  506): REPLY: flags=[ESS]
02-25 10:59:11.249 I/WifiHW  (  506): REPLY: ssid=Internet
02-25 10:59:11.249 I/WifiHW  (  506): REPLY: ####
02-25 10:59:11.269 W/BindingManager(10976): Cannot call determinedVisibility() - never saw a connection for the pid: 10976
02-25 10:59:11.959 W/BindingManager(10976): Cannot call determinedVisibility() - never saw a connection for the pid: 10976
02-25 10:59:12.649 W/BindingManager(10976): Cannot call determinedVisibility() - never saw a connection for the pid: 10976
02-25 10:59:13.349 W/BindingManager(10976): Cannot call determinedVisibility() - never saw a connection for the pid: 10976
02-25 10:59:14.069 W/BindingManager(10976): Cannot call determinedVisibility() - never saw a connection for the pid: 10976
02-25 10:59:14.779 W/BindingManager(10976): Cannot call determinedVisibility() - never saw a connection for the pid: 10976
02-25 10:59:15.469 W/BindingManager(10976): Cannot call determinedVisibility() - never saw a connection for the pid: 10976
02-25 10:59:16.119 W/BindingManager(10976): Cannot call determinedVisibility() - never saw a connection for the pid: 10976
02-25 10:59:16.779 W/BindingManager(10976): Cannot call determinedVisibility() - never saw a connection for the pid: 10976
02-25 10:59:17.429 W/BindingManager(10976): Cannot call determinedVisibility() - never saw a connection for the pid: 10976
02-25 10:59:17.429 D/dalvikvm(10976): GC_CONCURRENT freed 2371K, 25% free 7403K/9832K, paused 1ms+10ms, total 21ms
02-25 10:59:18.069 W/BindingManager(10976): Cannot call determinedVisibility() - never saw a connection for the pid: 10976
02-25 10:59:18.719 W/BindingManager(10976): Cannot call determinedVisibility() - never saw a connection for the pid: 10976
02-25 10:59:19.379 W/BindingManager(10976): Cannot call determinedVisibility() - never saw a connection for the pid: 10976
02-25 10:59:20.089 W/BindingManager(10976): Cannot call determinedVisibility() - never saw a connection for the pid: 10976
02-25 10:59:20.759 W/BindingManager(10976): Cannot call determinedVisibility() - never saw a connection for the pid: 10976
02-25 10:59:21.529 W/BindingManager(10976): Cannot call determinedVisibility() - never saw a connection for the pid: 10976
02-25 10:59:22.259 W/BindingManager(10976): Cannot call determinedVisibility() - never saw a connection for the pid: 10976
02-25 10:59:22.939 W/BindingManager(10976): Cannot call determinedVisibility() - never saw a connection for the pid: 10976
02-25 10:59:23.649 W/BindingManager(10976): Cannot call determinedVisibility() - never saw a connection for the pid: 10976
02-25 10:59:24.329 W/BindingManager(10976): Cannot call determinedVisibility() - never saw a connection for the pid: 10976
02-25 10:59:25.029 W/BindingManager(10976): Cannot call determinedVisibility() - never saw a connection for the pid: 10976
02-25 10:59:25.719 W/BindingManager(10976): Cannot call determinedVisibility() - never saw a connection for the pid: 10976
02-25 10:59:26.409 W/BindingManager(10976): Cannot call determinedVisibility() - never saw a connection for the pid: 10976
02-25 10:59:27.109 W/BindingManager(10976): Cannot call determinedVisibility() - never saw a connection for the pid: 10976
02-25 10:59:27.759 W/BindingManager(10976): Cannot call determinedVisibility() - never saw a connection for the pid: 10976
02-25 10:59:28.399 W/BindingManager(10976): Cannot call determinedVisibility() - never saw a connection for the pid: 10976
02-25 10:59:29.049 W/BindingManager(10976): Cannot call determinedVisibility() - never saw a connection for the pid: 10976
02-25 10:59:29.679 W/BindingManager(10976): Cannot call determinedVisibility() - never saw a connection for the pid: 10976
02-25 10:59:30.379 W/BindingManager(10976): Cannot call determinedVisibility() - never saw a connection for the pid: 10976
02-25 10:59:31.019 W/BindingManager(10976): Cannot call determinedVisibility() - never saw a connection for the pid: 10976
02-25 10:59:31.689 W/BindingManager(10976): Cannot call determinedVisibility() - never saw a connection for the pid: 10976
02-25 10:59:32.389 W/BindingManager(10976): Cannot call determinedVisibility() - never saw a connection for the pid: 10976
02-25 10:59:33.019 W/BindingManager(10976): Cannot call determinedVisibility() - never saw a connection for the pid: 10976
02-25 10:59:33.719 W/BindingManager(10976): Cannot call determinedVisibility() - never saw a connection for the pid: 10976
02-25 10:59:34.389 W/BindingManager(10976): Cannot call determinedVisibility() - never saw a connection for the pid: 10976
02-25 10:59:35.109 W/BindingManager(10976): Cannot call determinedVisibility() - never saw a connection for the pid: 10976
02-25 10:59:35.769 W/BindingManager(10976): Cannot call determinedVisibility() - never saw a connection for the pid: 10976
02-25 10:59:36.489 W/BindingManager(10976): Cannot call determinedVisibility() - never saw a connection for the pid: 10976
02-25 10:59:37.199 W/BindingManager(10976): Cannot call determinedVisibility() - never saw a connection for the pid: 10976
02-25 10:59:37.869 W/BindingManager(10976): Cannot call determinedVisibility() - never saw a connection for the pid: 10976
02-25 10:59:38.539 W/BindingManager(10976): Cannot call determinedVisibility() - never saw a connection for the pid: 10976
02-25 10:59:39.179 W/BindingManager(10976): Cannot call determinedVisibility() - never saw a connection for the pid: 10976
02-25 10:59:39.839 W/BindingManager(10976): Cannot call determinedVisibility() - never saw a connection for the pid: 10976
02-25 10:59:40.509 W/BindingManager(10976): Cannot call determinedVisibility() - never saw a connection for the pid: 10976
02-25 10:59:40.539 D/EVENT_THREAD(  186): void CEventThread::run() POLLIN event on Fd (1)
02-25 10:59:40.539 D/EVENT_THREAD(  186): void CEventThread::run() Do poll with timeout: -1
02-25 10:59:40.539 D/EVENT_THREAD(  186): void CEventThread::run() POLLIN event on Fd (1)
02-25 10:59:40.539 D/EVENT_THREAD(  186): void CEventThread::run() Do poll with timeout: -1
02-25 10:59:40.539 I/upi_ug31xx(  166): (508) update_capacity
02-25 10:59:40.539 I/[UPI]   (  166): <UG31/E>[UpiReadCapacity]: V=4237(4235), T=313(317-373), I=-297, C=-4(-4-0)
02-25 10:59:40.539 I/[UPI]   (  166): <UG31/E>[UpiReadCapacity]: (0x0080095a) 3907 (3866) / 3926 (4026) = 100
02-25 10:59:40.539 I/[UPI]   (  166): <UG31/E>[UpiReadCapacity]: (0x0080095a) 3907 (3866) / 3926 (4026) = 100
02-25 10:59:40.539 I/[UPI]   (  166): <UG31/E>[UpiReadCapacity]: (0x0080095a) 3903 (3903) / 3926 (4026) = 99
02-25 10:59:40.539 I/[UPI]   (  166): <UG31/E>[RsocFilterCountTime]: (0x0080095a) Step=0(30330), Full=36(4324214), Lock=30330(1800000)
02-25 10:59:40.539 I/[UPI]   (  166): <UG31/E>[UpiReadCapacity]: (0x0080095a) 3907 (3903) / 3926 (4026) = 100 (-297--297)
02-25 10:59:40.539 I/[UPI]   (  166): <UG31/E><BATT> M:normal, P:100(100-99)%, V:4235mV, C:-292mA, T:31.7C(373), S:0x0080095a(100), R:3907mAh, F:3926mAh, Q:-122mAh, CC:3, P:30.330(120-0)s, BO:7, 97:615:0-44af-9m:B001-20140514-144301 (1)
02-25 10:59:40.539 I/upi_ug31xx(  166): (509) backup_data 
02-25 10:59:40.539 V/upi_ug31xx(  166): state->check_backup_count = 11
02-25 10:59:41.209 W/BindingManager(10976): Cannot call determinedVisibility() - never saw a connection for the pid: 10976
02-25 10:59:41.889 W/BindingManager(10976): Cannot call determinedVisibility() - never saw a connection for the pid: 10976
02-25 10:59:42.599 W/BindingManager(10976): Cannot call determinedVisibility() - never saw a connection for the pid: 10976
02-25 10:59:43.339 W/BindingManager(10976): Cannot call determinedVisibility() - never saw a connection for the pid: 10976
02-25 10:59:43.999 W/BindingManager(10976): Cannot call determinedVisibility() - never saw a connection for the pid: 10976
02-25 10:59:44.669 W/BindingManager(10976): Cannot call determinedVisibility() - never saw a connection for the pid: 10976
02-25 10:59:45.449 W/BindingManager(10976): Cannot call determinedVisibility() - never saw a connection for the pid: 10976
02-25 10:59:46.169 W/BindingManager(10976): Cannot call determinedVisibility() - never saw a connection for the pid: 10976
02-25 10:59:46.829 W/BindingManager(10976): Cannot call determinedVisibility() - never saw a connection for the pid: 10976
02-25 10:59:47.479 W/BindingManager(10976): Cannot call determinedVisibility() - never saw a connection for the pid: 10976
02-25 10:59:48.129 W/BindingManager(10976): Cannot call determinedVisibility() - never saw a connection for the pid: 10976
02-25 10:59:48.829 W/BindingManager(10976): Cannot call determinedVisibility() - never saw a connection for the pid: 10976
02-25 10:59:49.539 W/BindingManager(10976): Cannot call determinedVisibility() - never saw a connection for the pid: 10976
02-25 10:59:50.229 W/BindingManager(10976): Cannot call determinedVisibility() - never saw a connection for the pid: 10976
02-25 10:59:50.899 W/BindingManager(10976): Cannot call determinedVisibility() - never saw a connection for the pid: 10976
02-25 10:59:51.259 D/wpa_supplicant(  694): wlan0: Starting AP scan for wildcard SSID
02-25 10:59:51.259 D/wpa_supplicant(  694): WPS: Building WPS IE for Probe Request
02-25 10:59:51.259 D/wpa_supplicant(  694): WPS:  * Version (hardcoded 0x10)
02-25 10:59:51.259 D/wpa_supplicant(  694): WPS:  * Request Type
02-25 10:59:51.259 D/wpa_supplicant(  694): WPS:  * Config Methods (4288)
02-25 10:59:51.259 D/wpa_supplicant(  694): WPS:  * UUID-E
02-25 10:59:51.259 D/wpa_supplicant(  694): WPS:  * Primary Device Type
02-25 10:59:51.259 D/wpa_supplicant(  694): WPS:  * RF Bands (1)
02-25 10:59:51.259 D/wpa_supplicant(  694): WPS:  * Association State
02-25 10:59:51.259 D/wpa_supplicant(  694): WPS:  * Configuration Error (0)
02-25 10:59:51.259 D/wpa_supplicant(  694): WPS:  * Device Password ID (0)
02-25 10:59:51.259 D/wpa_supplicant(  694): WPS:  * Manufacturer
02-25 10:59:51.259 D/wpa_supplicant(  694): WPS:  * Model Name
02-25 10:59:51.259 D/wpa_supplicant(  694): WPS:  * Model Number
02-25 10:59:51.259 D/wpa_supplicant(  694): WPS:  * Device Name
02-25 10:59:51.259 D/wpa_supplicant(  694): WPS:  * Version2 (0x20)
02-25 10:59:51.259 D/wpa_supplicant(  694): P2P: * P2P IE header
02-25 10:59:51.259 D/wpa_supplicant(  694): P2P: * Capability dev=25 group=00
02-25 10:59:51.259 D/wpa_supplicant(  694): P2P: * Listen Channel: Regulatory Class 81 Channel 6
02-25 10:59:51.259 D/wpa_supplicant(  694): wlan0: nl80211: scan request
02-25 10:59:51.359 D/wpa_supplicant(  694): Scan requested (ret=0) - scan timeout 30 seconds
02-25 10:59:51.359 D/wpa_supplicant(  694): nl80211: Drv Event 33 (NL80211_CMD_TRIGGER_SCAN) received for wlan0
02-25 10:59:51.359 D/wpa_supplicant(  694): wlan0: nl80211: Scan trigger
02-25 10:59:51.589 W/BindingManager(10976): Cannot call determinedVisibility() - never saw a connection for the pid: 10976
02-25 10:59:52.299 W/BindingManager(10976): Cannot call determinedVisibility() - never saw a connection for the pid: 10976
02-25 10:59:52.479 D/wpa_supplicant(  694): nl80211: Drv Event 34 (NL80211_CMD_NEW_SCAN_RESULTS) received for wlan0
02-25 10:59:52.479 D/wpa_supplicant(  694): wlan0: nl80211: New scan results available
02-25 10:59:52.479 D/wpa_supplicant(  694): wlan0: Event SCAN_RESULTS (3) received
02-25 10:59:52.479 D/wpa_supplicant(  694): nl80211: Received scan results (17 BSSes)
02-25 10:59:52.479 D/wpa_supplicant(  694): nl80211: Survey data missing
02-25 10:59:52.479 D/wpa_supplicant(  694): wlan0: BSS: Start scan result update 107
02-25 10:59:52.479 D/wpa_supplicant(  694): wlan0: BSS: Remove id 141 BSSID cc:b2:55:e2:84:70 SSID 'DLINK_APK' due to no match in scan
02-25 10:59:52.479 D/wpa_supplicant(  694): CTRL_IFACE monitor send - hexdump(len=39): 2f 64 61 74 61 2f 6d 69 73 63 2f 77 69 66 69 2f 73 6f 63 6b 65 74 73 2f 77 70 61 5f 63 74 72 6c ...
02-25 10:59:52.479 D/wpa_supplicant(  694): wlan0: BSS: Remove id 139 BSSID 00:0f:e2:0f:9f:c1 SSID '321_WAN' due to no match in scan
02-25 10:59:52.479 D/wpa_supplicant(  694): CTRL_IFACE monitor send - hexdump(len=39): 2f 64 61 74 61 2f 6d 69 73 63 2f 77 69 66 69 2f 73 6f 63 6b 65 74 73 2f 77 70 61 5f 63 74 72 6c ...
02-25 10:59:52.479 D/wpa_supplicant(  694): BSS: last_scan_res_used=17/32 last_scan_full=0
02-25 10:59:52.479 D/wpa_supplicant(  694): wlan0: New scan results available
02-25 10:59:52.479 D/wpa_supplicant(  694): CTRL_IFACE monitor send - hexdump(len=39): 2f 64 61 74 61 2f 6d 69 73 63 2f 77 69 66 69 2f 73 6f 63 6b 65 74 73 2f 77 70 61 5f 63 74 72 6c ...
02-25 10:59:52.479 D/wpa_supplicant(  694): CTRL_IFACE monitor send - hexdump(len=39): 2f 64 61 74 61 2f 6d 69 73 63 2f 77 69 66 69 2f 73 6f 63 6b 65 74 73 2f 77 70 61 5f 63 74 72 6c ...
02-25 10:59:52.479 D/wpa_supplicant(  694): Authorize channel 1
02-25 10:59:52.479 D/wpa_supplicant(  694): Authorize channel 2
02-25 10:59:52.479 D/wpa_supplicant(  694): Authorize channel 3
02-25 10:59:52.479 D/wpa_supplicant(  694): Authorize channel 4
02-25 10:59:52.479 D/wpa_supplicant(  694): Authorize channel 5
02-25 10:59:52.479 D/wpa_supplicant(  694): Authorize channel 6
02-25 10:59:52.479 D/wpa_supplicant(  694): Authorize channel 7
02-25 10:59:52.479 D/wpa_supplicant(  694): Authorize channel 8
02-25 10:59:52.479 D/wpa_supplicant(  694): Authorize channel 9
02-25 10:59:52.479 D/wpa_supplicant(  694): Authorize channel 10
02-25 10:59:52.479 D/wpa_supplicant(  694): Authorize channel 11
02-25 10:59:52.479 D/wpa_supplicant(  694): Authorize channel 12
02-25 10:59:52.479 D/wpa_supplicant(  694): Authorize channel 13
02-25 10:59:52.479 D/wpa_supplicant(  694): Authorize channel 1
02-25 10:59:52.479 D/wpa_supplicant(  694): Authorize channel 2
02-25 10:59:52.479 D/wpa_supplicant(  694): Authorize channel 3
02-25 10:59:52.479 D/wpa_supplicant(  694): Authorize channel 4
02-25 10:59:52.479 D/wpa_supplicant(  694): Authorize channel 5
02-25 10:59:52.479 D/wpa_supplicant(  694): Authorize channel 6
02-25 10:59:52.479 D/wpa_supplicant(  694): Authorize channel 7
02-25 10:59:52.479 D/wpa_supplicant(  694): Authorize channel 8
02-25 10:59:52.479 D/wpa_supplicant(  694): Authorize channel 9
02-25 10:59:52.479 D/wpa_supplicant(  694): Authorize channel 10
02-25 10:59:52.479 D/wpa_supplicant(  694): Authorize channel 11
02-25 10:59:52.479 D/wpa_supplicant(  694): Authorize channel 12
02-25 10:59:52.479 D/wpa_supplicant(  694): Authorize channel 13
02-25 10:59:52.479 D/wpa_supplicant(  694): Add access point on channel 6
02-25 10:59:52.479 D/wpa_supplicant(  694): Add access point on channel 6
02-25 10:59:52.479 D/wpa_supplicant(  694): Add access point on channel 1
02-25 10:59:52.479 D/wpa_supplicant(  694): Add access point on channel 11
02-25 10:59:52.479 D/wpa_supplicant(  694): Add access point on channel 3
02-25 10:59:52.479 D/wpa_supplicant(  694): Add access point on channel 1
02-25 10:59:52.479 D/wpa_supplicant(  694): Add access point on channel 1
02-25 10:59:52.479 D/wpa_supplicant(  694): Add access point on channel 9
02-25 10:59:52.479 D/wpa_supplicant(  694): Add access point on channel 6
02-25 10:59:52.479 D/wpa_supplicant(  694): Add access point on channel 6
02-25 10:59:52.479 D/wpa_supplicant(  694): Add access point on channel 11
02-25 10:59:52.479 D/wpa_supplicant(  694): Add access point on channel 11
02-25 10:59:52.479 D/wpa_supplicant(  694): Add access point on channel 6
02-25 10:59:52.479 D/wpa_supplicant(  694): Add access point on channel 6
02-25 10:59:52.479 D/wpa_supplicant(  694): Add access point on channel 2
02-25 10:59:52.479 D/wpa_supplicant(  694): Add access point on channel 6
02-25 10:59:52.479 D/wpa_supplicant(  694): Add access point on channel 1
02-25 10:59:52.479 D/wpa_supplicant(  694): Add access point on channel 6
02-25 10:59:52.479 I/WifiHW  (  506): EVENT: IFNAME=wlan0 CTRL-EVENT-BSS-REMOVED 141 cc:b2:55:e2:84:70
02-25 10:59:52.479 D/wpa_supplicant(  694): Best Operating channel is = 11
02-25 10:59:52.479 D/wpa_supplicant(  694): WPS: AP[0] f8:d1:11:e7:99:e8 type=0 tries=0 last_attempt=-1 sec ago blacklist=0
02-25 10:59:52.479 D/wpa_supplicant(  694): WPS: AP[1] cc:34:29:2c:fb:ec type=0 tries=0 last_attempt=-1 sec ago blacklist=0
02-25 10:59:52.479 D/wpa_supplicant(  694): WPS: AP[2] cc:34:29:2b:26:4c type=0 tries=0 last_attempt=-1 sec ago blacklist=0
02-25 10:59:52.479 D/wpa_supplicant(  694): WPS: AP[3] b0:48:7a:51:ff:cc type=0 tries=0 last_attempt=-1 sec ago blacklist=0
02-25 10:59:52.479 D/wpa_supplicant(  694): WPS: AP[4] c0:a0:bb:20:3b:84 type=0 tries=0 last_attempt=-1 sec ago blacklist=0
02-25 10:59:52.479 D/wpa_supplicant(  694): WPS: AP[5] 2c:b0:5d:7f:f4:24 type=0 tries=0 last_attempt=-1 sec ago blacklist=0
